# corner: ff_125c_3.63v
# process=ff temp=125C supply=3.63V
# ngspice exit: 0
# wall clock: 95.2s (--timeout was 1800s)
# result: FAIL

# ==== deck (exact input given to ngspice) ====
| * current-limit corner deck -- generated by sim/bin/corner-run.py, do not edit
| * corner: ff_125c_3.63v
| .param vsup=3.63
| .option wnflag=1
| .temp 125
| .lib "/home/ubuntu/.volare/sky130A/libs.tech/combined/sky130.lib.spice" ff
| ** sch_path: sim/current-limit/testbench/tb_current_limit.sch
| **.subckt tb_current_limit
| VVIN VIN 0 'vsup'
| .save i(vvin)
| VEN EN 0 'vsup'
| .save i(ven)
| VVREF VREF 0 1.2
| .save i(vvref)
| xldo VOUT VREF EN VIN ldo_3v3in_1v8out
| COUT VOUT VESR 1u m=1
| RESR VESR 0 10m m=1
| RLOAD VOUT 0 36 m=1
| RFORCE VOUT VF 1e12 m=1
| VFORCE VF 0 dc 1.8 pwl(0 1.8 0.5m 1.8 0.501m 0 10 0)
| .save i(vforce)
| **.ends
| 
| * expanding   symbol:  design/ldo_3v3in_1v8out.sym # of pins=4
| ** sym_path: design/ldo_3v3in_1v8out.sym
| ** sch_path: design/ldo_3v3in_1v8out.sch
| .subckt ldo_3v3in_1v8out VOUT VREF EN VIN
| *.ipin VIN
| *.ipin EN
| *.ipin VREF
| *.opin VOUT
| XR_BIAS VIN NB 0 sky130_fd_pr__res_high_po W=0.42 L=1500 mult=1 m=1
| XM_BIASN1 NB NB BIAS_ENN 0 sky130_fd_pr__nfet_g5v0d10v5 L=1 W=4 nf=1 ad=1.16 as=1.16 pd=8.58 ps=8.58 nrd=0.0725 nrs=0.0725 sa=0
| + sb=0 sd=0 mult=1 m=1
| XM_ENN BIAS_ENN EN 0 0 sky130_fd_pr__nfet_g5v0d10v5 L=0.5 W=10 nf=1 ad=2.9 as=2.9 pd=20.58 ps=20.58 nrd=0.029 nrs=0.029 sa=0 sb=0
| + sd=0 mult=1 m=1
| XM_BIASN2 BIASP NB BIAS_ENN 0 sky130_fd_pr__nfet_g5v0d10v5 L=1 W=4 nf=1 ad=1.16 as=1.16 pd=8.58 ps=8.58 nrd=0.0725 nrs=0.0725 sa=0
| + sb=0 sd=0 mult=1 m=1
| XM_BIASP1 BIASP BIASP VIN VIN sky130_fd_pr__pfet_g5v0d10v5 L=1 W=10 nf=2 ad=1.45 as=2.9 pd=10.58 ps=21.16 nrd=0.029 nrs=0.029 sa=0
| + sb=0 sd=0 mult=1 m=1
| XM_ENP2 BIASP EN VIN VIN sky130_fd_pr__pfet_g5v0d10v5 L=0.5 W=10 nf=1 ad=2.9 as=2.9 pd=20.58 ps=20.58 nrd=0.029 nrs=0.029 sa=0
| + sb=0 sd=0 mult=1 m=1
| XM_TAIL EA_TAIL BIASP VIN VIN sky130_fd_pr__pfet_g5v0d10v5 L=2 W=40 nf=8 ad=5.8 as=7.25 pd=42.32 ps=52.9 nrd=0.00725 nrs=0.00725
| + sa=0 sb=0 sd=0 mult=1 m=1
| XM_IN1 EA_D1 FB EA_TAIL VIN sky130_fd_pr__pfet_g5v0d10v5 L=2 W=10 nf=2 ad=1.45 as=2.9 pd=10.58 ps=21.16 nrd=0.029 nrs=0.029 sa=0
| + sb=0 sd=0 mult=1 m=1
| XM_IN2 EA_D2 VREF EA_TAIL VIN sky130_fd_pr__pfet_g5v0d10v5 L=2 W=10 nf=2 ad=1.45 as=2.9 pd=10.58 ps=21.16 nrd=0.029 nrs=0.029 sa=0
| + sb=0 sd=0 mult=1 m=1
| XM_MIR1 EA_D1 EA_D1 AMP_ENN 0 sky130_fd_pr__nfet_g5v0d10v5 L=4 W=10 nf=2 ad=1.45 as=2.9 pd=10.58 ps=21.16 nrd=0.029 nrs=0.029 sa=0
| + sb=0 sd=0 mult=1 m=1
| XM_MIR2 EA_OUT EA_D1 AMP_ENN 0 sky130_fd_pr__nfet_g5v0d10v5 L=4 W=10 nf=2 ad=1.45 as=2.9 pd=10.58 ps=21.16 nrd=0.029 nrs=0.029
| + sa=0 sb=0 sd=0 mult=1 m=1
| XM_ENN2 AMP_ENN EN 0 0 sky130_fd_pr__nfet_g5v0d10v5 L=0.5 W=10 nf=1 ad=2.9 as=2.9 pd=20.58 ps=20.58 nrd=0.029 nrs=0.029 sa=0 sb=0
| + sd=0 mult=1 m=1
| XM_ENP EA_OUT EN VIN VIN sky130_fd_pr__pfet_g5v0d10v5 L=0.5 W=10 nf=1 ad=2.9 as=2.9 pd=20.58 ps=20.58 nrd=0.029 nrs=0.029 sa=0
| + sb=0 sd=0 mult=1 m=1
| XM_MIR3 EA_D2 EA_D2 AMP_ENN 0 sky130_fd_pr__nfet_g5v0d10v5 L=4 W=10 nf=2 ad=1.45 as=2.9 pd=10.58 ps=21.16 nrd=0.029 nrs=0.029 sa=0
| + sb=0 sd=0 mult=1 m=1
| XM_MIR4 PB EA_D2 AMP_ENN 0 sky130_fd_pr__nfet_g5v0d10v5 L=4 W=10 nf=2 ad=1.45 as=2.9 pd=10.58 ps=21.16 nrd=0.029 nrs=0.029 sa=0
| + sb=0 sd=0 mult=1 m=1
| XM_MIRP1 PB PB VIN VIN sky130_fd_pr__pfet_g5v0d10v5 L=4 W=20 nf=4 ad=2.9 as=4.35 pd=21.16 ps=31.74 nrd=0.0145 nrs=0.0145 sa=0 sb=0
| + sd=0 mult=1 m=1
| XM_MIRP2 EA_OUT PB VIN VIN sky130_fd_pr__pfet_g5v0d10v5 L=4 W=20 nf=4 ad=2.9 as=4.35 pd=21.16 ps=31.74 nrd=0.0145 nrs=0.0145 sa=0
| + sb=0 sd=0 mult=1 m=1
| XM_ENP5 PB EN VIN VIN sky130_fd_pr__pfet_g5v0d10v5 L=0.5 W=2 nf=1 ad=0.58 as=0.58 pd=4.58 ps=4.58 nrd=0.145 nrs=0.145 sa=0 sb=0
| + sd=0 mult=1 m=1
| XM_PASS VOUT EA_OUT VIN VIN sky130_fd_pr__pfet_g5v0d10v5 L=0.5 W=100 nf=25 ad=15.08 as=15.08 pd=111.54 ps=111.54 nrd=0.0029
| + nrs=0.0029 sa=0 sb=0 sd=0 mult=25 m=25
| C_COMP VOUT EA_CZ 150p m=1
| XR_CZ EA_CZ EA_OUT 0 sky130_fd_pr__res_xhigh_po W=0.42 L=52 mult=1 m=1
| XR_FB_A VOUT FB 0 sky130_fd_pr__res_xhigh_po W=0.42 L=180 mult=1 m=1
| XR_FB_B FB N_FBB 0 sky130_fd_pr__res_xhigh_po W=0.42 L=180 mult=1 m=1
| XR_FB_C N_FBB 0 0 sky130_fd_pr__res_xhigh_po W=0.42 L=180 mult=1 m=1
| XM_SENSE CL_SNS EA_OUT VIN VIN sky130_fd_pr__pfet_g5v0d10v5 L=0.5 W=0.42 nf=1 ad=0.1218 as=0.1218 pd=1.42 ps=1.42
| + nrd=0.69047619047619 nrs=0.69047619047619 sa=0 sb=0 sd=0 mult=1 m=1
| XM_CLN1 CL_SNS CL_SNS AMP_ENN 0 sky130_fd_pr__nfet_g5v0d10v5 L=1 W=20 nf=1 ad=5.8 as=5.8 pd=40.58 ps=40.58 nrd=0.0145 nrs=0.0145
| + sa=0 sb=0 sd=0 mult=1 m=1
| XM_CLN2 CL_CMP CL_SNS AMP_ENN 0 sky130_fd_pr__nfet_g5v0d10v5 L=1 W=1.6 nf=1 ad=0.464 as=0.464 pd=3.78 ps=3.78 nrd=0.18125
| + nrs=0.18125 sa=0 sb=0 sd=0 mult=1 m=1
| XM_CLP CL_CMP BIASP VIN VIN sky130_fd_pr__pfet_g5v0d10v5 L=1 W=10 nf=2 ad=1.45 as=2.9 pd=10.58 ps=21.16 nrd=0.029 nrs=0.029 sa=0
| + sb=0 sd=0 mult=1 m=1
| XM_CLIM EA_OUT CL_CMP VIN VIN sky130_fd_pr__pfet_g5v0d10v5 L=0.5 W=20 nf=4 ad=2.9 as=4.35 pd=21.16 ps=31.74 nrd=0.0145 nrs=0.0145
| + sa=0 sb=0 sd=0 mult=1 m=1
| XM_ENP3 CL_CMP EN VIN VIN sky130_fd_pr__pfet_g5v0d10v5 L=0.5 W=2 nf=1 ad=0.58 as=0.58 pd=4.58 ps=4.58 nrd=0.145 nrs=0.145 sa=0
| + sb=0 sd=0 mult=1 m=1
| C_CL VIN CL_CMP 1p m=1
| XM_INVP ENB EN VIN VIN sky130_fd_pr__pfet_g5v0d10v5 L=0.5 W=2 nf=1 ad=0.58 as=0.58 pd=4.58 ps=4.58 nrd=0.145 nrs=0.145 sa=0 sb=0
| + sd=0 mult=1 m=1
| XM_INVN ENB EN 0 0 sky130_fd_pr__nfet_g5v0d10v5 L=0.5 W=1 nf=1 ad=0.29 as=0.29 pd=2.58 ps=2.58 nrd=0.29 nrs=0.29 sa=0 sb=0 sd=0
| + mult=1 m=1
| XM_SSDIS SS ENB 0 0 sky130_fd_pr__nfet_g5v0d10v5 L=0.5 W=2 nf=1 ad=0.58 as=0.58 pd=4.58 ps=4.58 nrd=0.145 nrs=0.145 sa=0 sb=0 sd=0
| + mult=1 m=1
| XM_SSCHG SS BIASP VIN VIN sky130_fd_pr__pfet_g5v0d10v5 L=8 W=1 nf=1 ad=0.29 as=0.29 pd=2.58 ps=2.58 nrd=0.29 nrs=0.29 sa=0 sb=0
| + sd=0 mult=1 m=1
| C_SS SS 0 10p m=1
| XM_IN2S EA_D2 SS EA_TAIL VIN sky130_fd_pr__pfet_g5v0d10v5 L=2 W=10 nf=2 ad=1.45 as=2.9 pd=10.58 ps=21.16 nrd=0.029 nrs=0.029 sa=0
| + sb=0 sd=0 mult=1 m=1
| XM_TSPS TS_SNS BIASP VIN VIN sky130_fd_pr__pfet_g5v0d10v5 L=1 W=2.5 nf=1 ad=0.725 as=0.725 pd=5.58 ps=5.58 nrd=0.116 nrs=0.116
| + sa=0 sb=0 sd=0 mult=1 m=1
| XM_TSD1 TS_SNS TS_SNS TS_MID 0 sky130_fd_pr__nfet_g5v0d10v5 L=1 W=80 nf=16 ad=11.6 as=13.05 pd=84.64 ps=95.22 nrd=0.003625
| + nrs=0.003625 sa=0 sb=0 sd=0 mult=1 m=1
| XM_TSD2 TS_MID TS_MID AMP_ENN 0 sky130_fd_pr__nfet_g5v0d10v5 L=1 W=80 nf=16 ad=11.6 as=13.05 pd=84.64 ps=95.22 nrd=0.003625
| + nrs=0.003625 sa=0 sb=0 sd=0 mult=1 m=1
| XM_TSPR TS_REF BIASP VIN VIN sky130_fd_pr__pfet_g5v0d10v5 L=1 W=2.5 nf=1 ad=0.725 as=0.725 pd=5.58 ps=5.58 nrd=0.116 nrs=0.116
| + sa=0 sb=0 sd=0 mult=1 m=1
| XM_TSR1 TS_REF TS_REF AMP_ENN 0 sky130_fd_pr__nfet_g5v0d10v5 L=10 W=2 nf=1 ad=0.58 as=0.58 pd=4.58 ps=4.58 nrd=0.145 nrs=0.145
| + sa=0 sb=0 sd=0 mult=1 m=1
| XM_TCTAIL TC_TAIL NB AMP_ENN 0 sky130_fd_pr__nfet_g5v0d10v5 L=1 W=1 nf=1 ad=0.29 as=0.29 pd=2.58 ps=2.58 nrd=0.29 nrs=0.29 sa=0
| + sb=0 sd=0 mult=1 m=1
| XM_TCN1 TC_D1 TS_SNS TC_TAIL 0 sky130_fd_pr__nfet_g5v0d10v5 L=2 W=10 nf=2 ad=1.45 as=2.9 pd=10.58 ps=21.16 nrd=0.029 nrs=0.029
| + sa=0 sb=0 sd=0 mult=1 m=1
| XM_TCN2 TS_CMP TS_REF TC_TAIL 0 sky130_fd_pr__nfet_g5v0d10v5 L=2 W=10 nf=2 ad=1.45 as=2.9 pd=10.58 ps=21.16 nrd=0.029 nrs=0.029
| + sa=0 sb=0 sd=0 mult=1 m=1
| XM_TCP1 TC_D1 TC_D1 VIN VIN sky130_fd_pr__pfet_g5v0d10v5 L=2 W=10 nf=2 ad=1.45 as=2.9 pd=10.58 ps=21.16 nrd=0.029 nrs=0.029 sa=0
| + sb=0 sd=0 mult=1 m=1
| XM_TCP2 TS_CMP TC_D1 VIN VIN sky130_fd_pr__pfet_g5v0d10v5 L=2 W=10 nf=2 ad=1.45 as=2.9 pd=10.58 ps=21.16 nrd=0.029 nrs=0.029 sa=0
| + sb=0 sd=0 mult=1 m=1
| XM_TSHUT EA_OUT TS_CMP VIN VIN sky130_fd_pr__pfet_g5v0d10v5 L=0.5 W=20 nf=4 ad=2.9 as=4.35 pd=21.16 ps=31.74 nrd=0.0145 nrs=0.0145
| + sa=0 sb=0 sd=0 mult=1 m=1
| XM_TSHYSB TS_HYS BIASP VIN VIN sky130_fd_pr__pfet_g5v0d10v5 L=2 W=1.5 nf=1 ad=0.435 as=0.435 pd=3.58 ps=3.58 nrd=0.193333333333333
| + nrs=0.193333333333333 sa=0 sb=0 sd=0 mult=1 m=1
| XM_TSHYS TS_REF TS_CMP TS_HYS VIN sky130_fd_pr__pfet_g5v0d10v5 L=0.5 W=2 nf=1 ad=0.58 as=0.58 pd=4.58 ps=4.58 nrd=0.145 nrs=0.145
| + sa=0 sb=0 sd=0 mult=1 m=1
| XM_ENP4 TS_CMP EN VIN VIN sky130_fd_pr__pfet_g5v0d10v5 L=0.5 W=2 nf=1 ad=0.58 as=0.58 pd=4.58 ps=4.58 nrd=0.145 nrs=0.145 sa=0
| + sb=0 sd=0 mult=1 m=1
| C_TS VIN TS_CMP 1p m=1
| .ends
| 
| .control
| save all
| * --- leg 1: 50 mA operating point (RFORCE open) -- the clamp must be OFF ---
| op
| * --- leg 2: DC limit characteristic, VOUT forced from 0 V up to 1.75 V ---
| alter rload = 1e12
| alter rforce = 1m
| dc vforce 0 1.75 0.125
| meas dc ilim_short find i(vforce) at=0
| meas dc ilim_knee find i(vforce) at=1.75
| * --- leg 3: Vout=0 short applied at t=0.5ms and HELD to t=2.5ms ---
| alter rload = 36
| tran 500n 2.5m
| meas tran ipre avg i(vvin) from=0.4m to=0.5m
| meas tran ish_avg avg i(vvin) from=1.5m to=2.5m
| meas tran ish_max max i(vvin) from=0.6m to=2.5m
| meas tran ish_min min i(vvin) from=0.6m to=2.5m
| meas tran vsh_max max v(vout) from=0.6m to=2.5m
| let meas_vout_50ma_v = op1.v(vout)
| let meas_cl_margin_50ma_v = op1.v(vin) - op1.v(xldo.cl_cmp)
| let meas_ilim_short_ma = 1000*dc1.ilim_short
| let meas_ilim_knee_ma = 1000*dc1.ilim_knee
| let meas_ilim_droop_pct = 100*(dc1.ilim_knee - dc1.ilim_short)/dc1.ilim_knee
| let meas_ishort_sustained_ma = -1000*tran1.ish_avg
| let meas_ishort_ripple_pct = 100*(tran1.ish_max - tran1.ish_min)/(-tran1.ish_avg)
| let meas_vout_short_mv = 1000*tran1.vsh_max
| let meas_isup_pre_short_ma = -1000*tran1.ipre
| print meas_vout_50ma_v
| print meas_cl_margin_50ma_v
| print meas_ilim_short_ma
| print meas_ilim_knee_ma
| print meas_ilim_droop_pct
| print meas_ishort_sustained_ma
| print meas_ishort_ripple_pct
| print meas_vout_short_mv
| print meas_isup_pre_short_ma
| quit
| .endc
| .end

# ==== ngspice stdout ====

Note: Compatibility modes selected: hs a


Circuit: * current-limit corner deck -- generated by sim/bin/corner-run.py, do not edit

option SCALE: Scale is set to 1e-06 for instance and model parameters
option SCALE: Scale is set to 1e-06 for instance and model parameters
option SCALE: Scale is set to 1e-06 for instance and model parameters
option SCALE: Scale is set to 1e-06 for instance and model parameters
Doing analysis at TEMP = 125.000000 and TNOM = 27.000000

Using KLU as Direct Linear Solver
 Reference value :  0.00000e+00
No. of Data Rows : 1
Doing analysis at TEMP = 125.000000 and TNOM = 27.000000

Using KLU as Direct Linear Solver
 Reference value :  0.00000e+00
 Reference value :  1.25000e-01
 Reference value :  2.50000e-01
 Reference value :  3.75000e-01
 Reference value :  5.00000e-01
 Reference value :  6.25000e-01
 Reference value :  7.50000e-01
 Reference value :  8.75000e-01
 Reference value :  1.00000e+00
 Reference value :  1.12500e+00
 Reference value :  1.25000e+00
 Reference value :  1.37500e+00
 Reference value :  1.50000e+00
 Reference value :  1.62500e+00
 Reference value :  1.75000e+00
No. of Data Rows : 15
ilim_short          =  5.30939e-08
ilim_knee           =  -5.44839e-07
Doing analysis at TEMP = 125.000000 and TNOM = 27.000000

Using KLU as Direct Linear Solver
 Reference value :  0.00000e+00
 Reference value :  1.60000e-07
 Reference value :  2.14000e-06
 Reference value :  4.64000e-06
 Reference value :  7.14000e-06
 Reference value :  9.14000e-06
 Reference value :  1.16400e-05
 Reference value :  1.41400e-05
 Reference value :  1.61400e-05
 Reference value :  1.76400e-05
 Reference value :  1.96400e-05
 Reference value :  2.26400e-05
 Reference value :  2.56400e-05
 Reference value :  2.81400e-05
 Reference value :  3.06400e-05
 Reference value :  3.36400e-05
 Reference value :  3.61400e-05
 Reference value :  3.86400e-05
 Reference value :  4.11400e-05
 Reference value :  4.36400e-05
 Reference value :  4.61400e-05
 Reference value :  4.86400e-05
 Reference value :  5.06400e-05
 Reference value :  5.31400e-05
 Reference value :  5.61400e-05
 Reference value :  5.76400e-05
 Reference value :  6.01400e-05
 Reference value :  6.26400e-05
 Reference value :  6.51400e-05
 Reference value :  6.76400e-05
 Reference value :  7.01400e-05
 Reference value :  7.26400e-05
 Reference value :  7.46400e-05
 Reference value :  7.66400e-05
 Reference value :  7.86400e-05
 Reference value :  8.16400e-05
 Reference value :  8.36400e-05
 Reference value :  8.61400e-05
 Reference value :  8.86400e-05
 Reference value :  9.11400e-05
 Reference value :  9.36400e-05
 Reference value :  9.61400e-05
 Reference value :  9.76400e-05
 Reference value :  9.96400e-05
 Reference value :  1.01640e-04
 Reference value :  1.04140e-04
 Reference value :  1.06640e-04
 Reference value :  1.08140e-04
 Reference value :  1.10140e-04
 Reference value :  1.13140e-04
 Reference value :  1.15640e-04
 Reference value :  1.17640e-04
 Reference value :  1.20140e-04
 Reference value :  1.23140e-04
 Reference value :  1.26140e-04
 Reference value :  1.29640e-04
 Reference value :  1.32140e-04
 Reference value :  1.34640e-04
 Reference value :  1.37140e-04
 Reference value :  1.39140e-04
 Reference value :  1.41140e-04
 Reference value :  1.44140e-04
 Reference value :  1.47140e-04
 Reference value :  1.50140e-04
 Reference value :  1.53140e-04
 Reference value :  1.55640e-04
 Reference value :  1.58640e-04
 Reference value :  1.62140e-04
 Reference value :  1.65640e-04
 Reference value :  1.69140e-04
 Reference value :  1.71640e-04
 Reference value :  1.73640e-04
 Reference value :  1.75640e-04
 Reference value :  1.78140e-04
 Reference value :  1.81140e-04
 Reference value :  1.83640e-04
 Reference value :  1.86140e-04
 Reference value :  1.88640e-04
 Reference value :  1.91140e-04
 Reference value :  1.93140e-04
 Reference value :  1.95640e-04
 Reference value :  1.97640e-04
 Reference value :  2.00640e-04
 Reference value :  2.03140e-04
 Reference value :  2.05640e-04
 Reference value :  2.08640e-04
 Reference value :  2.11140e-04
 Reference value :  2.13140e-04
 Reference value :  2.15140e-04
 Reference value :  2.17640e-04
 Reference value :  2.20140e-04
 Reference value :  2.22140e-04
 Reference value :  2.25640e-04
 Reference value :  2.28140e-04
 Reference value :  2.29640e-04
 Reference value :  2.31140e-04
 Reference value :  2.32640e-04
 Reference value :  2.34640e-04
 Reference value :  2.36640e-04
 Reference value :  2.38140e-04
 Reference value :  2.39640e-04
 Reference value :  2.41640e-04
 Reference value :  2.43640e-04
 Reference value :  2.45640e-04
 Reference value :  2.47640e-04
 Reference value :  2.49640e-04
 Reference value :  2.51640e-04
 Reference value :  2.53640e-04
 Reference value :  2.55640e-04
 Reference value :  2.57140e-04
 Reference value :  2.58640e-04
 Reference value :  2.60640e-04
 Reference value :  2.62140e-04
 Reference value :  2.64140e-04
 Reference value :  2.66140e-04
 Reference value :  2.68640e-04
 Reference value :  2.71140e-04
 Reference value :  2.73640e-04
 Reference value :  2.75140e-04
 Reference value :  2.77140e-04
 Reference value :  2.79140e-04
 Reference value :  2.82140e-04
 Reference value :  2.84140e-04
 Reference value :  2.86140e-04
 Reference value :  2.88140e-04
 Reference value :  2.90640e-04
 Reference value :  2.93140e-04
 Reference value :  2.95640e-04
 Reference value :  2.99140e-04
 Reference value :  3.01640e-04
 Reference value :  3.03640e-04
 Reference value :  3.06140e-04
 Reference value :  3.08140e-04
 Reference value :  3.11140e-04
 Reference value :  3.14140e-04
 Reference value :  3.15640e-04
 Reference value :  3.17140e-04
 Reference value :  3.18640e-04
 Reference value :  3.21140e-04
 Reference value :  3.24140e-04
 Reference value :  3.26640e-04
 Reference value :  3.29640e-04
 Reference value :  3.32640e-04
 Reference value :  3.34640e-04
 Reference value :  3.37140e-04
 Reference value :  3.39140e-04
 Reference value :  3.41640e-04
 Reference value :  3.43640e-04
 Reference value :  3.45640e-04
 Reference value :  3.47640e-04
 Reference value :  3.49640e-04
 Reference value :  3.52140e-04
 Reference value :  3.54640e-04
 Reference value :  3.57140e-04
 Reference value :  3.60140e-04
 Reference value :  3.62640e-04
 Reference value :  3.64640e-04
 Reference value :  3.67640e-04
 Reference value :  3.70140e-04
 Reference value :  3.73140e-04
 Reference value :  3.76140e-04
 Reference value :  3.79140e-04
 Reference value :  3.82640e-04
 Reference value :  3.85640e-04
 Reference value :  3.88640e-04
 Reference value :  3.91640e-04
 Reference value :  3.95140e-04
 Reference value :  3.98140e-04
 Reference value :  4.01140e-04
 Reference value :  4.04140e-04
 Reference value :  4.07140e-04
 Reference value :  4.10140e-04
 Reference value :  4.12640e-04
 Reference value :  4.14640e-04
 Reference value :  4.17140e-04
 Reference value :  4.20140e-04
 Reference value :  4.22640e-04
 Reference value :  4.25140e-04
 Reference value :  4.28140e-04
 Reference value :  4.30640e-04
 Reference value :  4.33140e-04
 Reference value :  4.36140e-04
 Reference value :  4.38640e-04
 Reference value :  4.41140e-04
 Reference value :  4.43640e-04
 Reference value :  4.47140e-04
 Reference value :  4.50140e-04
 Reference value :  4.53140e-04
 Reference value :  4.56140e-04
 Reference value :  4.59140e-04
 Reference value :  4.61640e-04
 Reference value :  4.64140e-04
 Reference value :  4.66640e-04
 Reference value :  4.68640e-04
 Reference value :  4.71140e-04
 Reference value :  4.74140e-04
 Reference value :  4.75640e-04
 Reference value :  4.78640e-04
 Reference value :  4.80640e-04
 Reference value :  4.83640e-04
 Reference value :  4.86140e-04
 Reference value :  4.90140e-04
 Reference value :  4.95140e-04
 Reference value :  4.97640e-04
 Reference value :  4.99140e-04
 Reference value :  5.00036e-04
 Reference value :  5.00598e-04
 Reference value :  5.01029e-04
 Reference value :  5.01051e-04
 Reference value :  5.01087e-04
 Reference value :  5.01132e-04
 Reference value :  5.01172e-04
 Reference value :  5.01473e-04
 Reference value :  5.03755e-04
 Reference value :  5.05755e-04
 Reference value :  5.08255e-04
 Reference value :  5.12255e-04
 Reference value :  5.15255e-04
 Reference value :  5.17755e-04
 Reference value :  5.20255e-04
 Reference value :  5.22755e-04
 Reference value :  5.26255e-04
 Reference value :  5.28755e-04
 Reference value :  5.31255e-04
 Reference value :  5.33755e-04
 Reference value :  5.37255e-04
 Reference value :  5.39755e-04
 Reference value :  5.42755e-04
 Reference value :  5.45755e-04
 Reference value :  5.49255e-04
 Reference value :  5.51755e-04
 Reference value :  5.54755e-04
 Reference value :  5.56755e-04
 Reference value :  5.58255e-04
 Reference value :  5.60755e-04
 Reference value :  5.63755e-04
 Reference value :  5.66255e-04
 Reference value :  5.68755e-04
 Reference value :  5.71755e-04
 Reference value :  5.74255e-04
 Reference value :  5.76755e-04
 Reference value :  5.79255e-04
 Reference value :  5.82755e-04
 Reference value :  5.85755e-04
 Reference value :  5.88255e-04
 Reference value :  5.90255e-04
 Reference value :  5.92255e-04
 Reference value :  5.95755e-04
 Reference value :  5.98255e-04
 Reference value :  6.01755e-04
 Reference value :  6.05255e-04
 Reference value :  6.08255e-04
 Reference value :  6.11255e-04
 Reference value :  6.13755e-04
 Reference value :  6.16255e-04
 Reference value :  6.18255e-04
 Reference value :  6.20755e-04
 Reference value :  6.23255e-04
 Reference value :  6.26255e-04
 Reference value :  6.29255e-04
 Reference value :  6.31755e-04
 Reference value :  6.34255e-04
 Reference value :  6.36755e-04
 Reference value :  6.39755e-04
 Reference value :  6.42755e-04
 Reference value :  6.45255e-04
 Reference value :  6.47755e-04
 Reference value :  6.50255e-04
 Reference value :  6.52755e-04
 Reference value :  6.55255e-04
 Reference value :  6.57755e-04
 Reference value :  6.60755e-04
 Reference value :  6.64755e-04
 Reference value :  6.68755e-04
 Reference value :  6.71755e-04
 Reference value :  6.74255e-04
 Reference value :  6.76755e-04
 Reference value :  6.79755e-04
 Reference value :  6.82255e-04
 Reference value :  6.84755e-04
 Reference value :  6.87755e-04
 Reference value :  6.90255e-04
 Reference value :  6.92255e-04
 Reference value :  6.93755e-04
 Reference value :  6.95755e-04
 Reference value :  6.98255e-04
 Reference value :  7.01755e-04
 Reference value :  7.05255e-04
 Reference value :  7.07755e-04
 Reference value :  7.10755e-04
 Reference value :  7.13755e-04
 Reference value :  7.16255e-04
 Reference value :  7.18255e-04
 Reference value :  7.21255e-04
 Reference value :  7.23255e-04
 Reference value :  7.25755e-04
 Reference value :  7.28755e-04
 Reference value :  7.31755e-04
 Reference value :  7.35255e-04
 Reference value :  7.38755e-04
 Reference value :  7.41255e-04
 Reference value :  7.44255e-04
 Reference value :  7.47255e-04
 Reference value :  7.49755e-04
 Reference value :  7.52755e-04
 Reference value :  7.55755e-04
 Reference value :  7.58255e-04
 Reference value :  7.61255e-04
 Reference value :  7.63755e-04
 Reference value :  7.66255e-04
 Reference value :  7.69255e-04
 Reference value :  7.71755e-04
 Reference value :  7.74755e-04
 Reference value :  7.76755e-04
 Reference value :  7.79755e-04
 Reference value :  7.82255e-04
 Reference value :  7.84255e-04
 Reference value :  7.86255e-04
 Reference value :  7.88755e-04
 Reference value :  7.90755e-04
 Reference value :  7.93255e-04
 Reference value :  7.95255e-04
 Reference value :  8.75755e-04
 Reference value :  9.37255e-04
 Reference value :  9.82755e-04
 Reference value :  9.94755e-04
 Reference value :  9.96755e-04
 Reference value :  9.98755e-04
 Reference value :  1.00075e-03
 Reference value :  1.00275e-03
 Reference value :  1.00475e-03
 Reference value :  1.00725e-03
 Reference value :  1.00925e-03
 Reference value :  1.01225e-03
 Reference value :  1.01975e-03
 Reference value :  1.09575e-03
 Reference value :  1.15325e-03
 Reference value :  1.16825e-03
 Reference value :  1.19575e-03
 Reference value :  1.24775e-03
 Reference value :  1.33275e-03
 Reference value :  1.41725e-03
 Reference value :  1.43325e-03
 Reference value :  1.43825e-03
 Reference value :  1.44025e-03
 Reference value :  1.44225e-03
 Reference value :  1.44475e-03
 Reference value :  1.44725e-03
 Reference value :  1.44925e-03
 Reference value :  1.45175e-03
 Reference value :  1.45625e-03
 Reference value :  1.45875e-03
 Reference value :  1.46125e-03
 Reference value :  1.46425e-03
 Reference value :  1.46675e-03
 Reference value :  1.46975e-03
 Reference value :  1.47225e-03
 Reference value :  1.47525e-03
 Reference value :  1.47775e-03
 Reference value :  1.48025e-03
 Reference value :  1.48275e-03
 Reference value :  1.48525e-03
 Reference value :  1.48725e-03
 Reference value :  1.48925e-03
 Reference value :  1.49125e-03
 Reference value :  1.49375e-03
 Reference value :  1.49675e-03
 Reference value :  1.50025e-03
 Reference value :  1.50425e-03
 Reference value :  1.50775e-03
 Reference value :  1.51125e-03
 Reference value :  1.51475e-03
 Reference value :  1.51775e-03
 Reference value :  1.51975e-03
 Reference value :  1.52175e-03
 Reference value :  1.52475e-03
 Reference value :  1.52675e-03
 Reference value :  1.52925e-03
 Reference value :  1.53075e-03
 Reference value :  1.53375e-03
 Reference value :  1.53625e-03
 Reference value :  1.53925e-03
 Reference value :  1.54125e-03
 Reference value :  1.54325e-03
 Reference value :  1.54575e-03
 Reference value :  1.54875e-03
 Reference value :  1.55175e-03
 Reference value :  1.55425e-03
 Reference value :  1.55625e-03
 Reference value :  1.55875e-03
 Reference value :  1.56225e-03
 Reference value :  1.56575e-03
 Reference value :  1.56775e-03
 Reference value :  1.57125e-03
 Reference value :  1.57475e-03
 Reference value :  1.57775e-03
 Reference value :  1.57975e-03
 Reference value :  1.58125e-03
 Reference value :  1.58325e-03
 Reference value :  1.58525e-03
 Reference value :  1.58725e-03
 Reference value :  1.58975e-03
 Reference value :  1.59225e-03
 Reference value :  1.59575e-03
 Reference value :  1.59875e-03
 Reference value :  1.60075e-03
 Reference value :  1.60275e-03
 Reference value :  1.60525e-03
 Reference value :  1.60825e-03
 Reference value :  1.61175e-03
 Reference value :  1.61475e-03
 Reference value :  1.61725e-03
 Reference value :  1.62025e-03
 Reference value :  1.62425e-03
 Reference value :  1.62725e-03
 Reference value :  1.62925e-03
 Reference value :  1.63175e-03
 Reference value :  1.63375e-03
 Reference value :  1.63625e-03
 Reference value :  1.64075e-03
 Reference value :  1.64225e-03
 Reference value :  1.64425e-03
 Reference value :  1.64675e-03
 Reference value :  1.64925e-03
 Reference value :  1.65175e-03
 Reference value :  1.65475e-03
 Reference value :  1.65675e-03
 Reference value :  1.65875e-03
 Reference value :  1.66075e-03
 Reference value :  1.66325e-03
 Reference value :  1.66525e-03
 Reference value :  1.66775e-03
 Reference value :  1.67025e-03
 Reference value :  1.67275e-03
 Reference value :  1.67525e-03
 Reference value :  1.67775e-03
 Reference value :  1.68025e-03
 Reference value :  1.68175e-03
 Reference value :  1.68475e-03
 Reference value :  1.68675e-03
 Reference value :  1.68925e-03
 Reference value :  1.69225e-03
 Reference value :  1.69525e-03
 Reference value :  1.69825e-03
 Reference value :  1.70075e-03
 Reference value :  1.70325e-03
 Reference value :  1.70525e-03
 Reference value :  1.70825e-03
 Reference value :  1.71175e-03
 Reference value :  1.71625e-03
 Reference value :  1.71925e-03
 Reference value :  1.72275e-03
 Reference value :  1.72575e-03
 Reference value :  1.72875e-03
 Reference value :  1.73225e-03
 Reference value :  1.73575e-03
 Reference value :  1.73875e-03
 Reference value :  1.74125e-03
 Reference value :  1.74375e-03
 Reference value :  1.74575e-03
 Reference value :  1.74875e-03
 Reference value :  1.75075e-03
 Reference value :  1.75325e-03
 Reference value :  1.75525e-03
 Reference value :  1.75725e-03
 Reference value :  1.75975e-03
 Reference value :  1.76175e-03
 Reference value :  1.76425e-03
 Reference value :  1.76575e-03
 Reference value :  1.76825e-03
 Reference value :  1.77075e-03
 Reference value :  1.77325e-03
 Reference value :  1.77575e-03
 Reference value :  1.77775e-03
 Reference value :  1.77975e-03
 Reference value :  1.78225e-03
 Reference value :  1.78525e-03
 Reference value :  1.78775e-03
 Reference value :  1.78975e-03
 Reference value :  1.79175e-03
 Reference value :  1.79375e-03
 Reference value :  1.79575e-03
 Reference value :  1.79825e-03
 Reference value :  1.80025e-03
 Reference value :  1.80275e-03
 Reference value :  1.80525e-03
 Reference value :  1.80775e-03
 Reference value :  1.80975e-03
 Reference value :  1.81175e-03
 Reference value :  1.81375e-03
 Reference value :  1.81525e-03
 Reference value :  1.81775e-03
 Reference value :  1.82025e-03
 Reference value :  1.82175e-03
 Reference value :  1.82375e-03
 Reference value :  1.82625e-03
 Reference value :  1.82875e-03
 Reference value :  1.83125e-03
 Reference value :  1.83375e-03
 Reference value :  1.83625e-03
 Reference value :  1.83825e-03
 Reference value :  1.84075e-03
 Reference value :  1.84225e-03
 Reference value :  1.84375e-03
 Reference value :  1.84625e-03
 Reference value :  1.84875e-03
 Reference value :  1.85175e-03
 Reference value :  1.85375e-03
 Reference value :  1.85575e-03
 Reference value :  1.85775e-03
 Reference value :  1.85975e-03
 Reference value :  1.86175e-03
 Reference value :  1.86375e-03
 Reference value :  1.86575e-03
 Reference value :  1.86775e-03
 Reference value :  1.86975e-03
 Reference value :  1.87175e-03
 Reference value :  1.87375e-03
 Reference value :  1.87575e-03
 Reference value :  1.87875e-03
 Reference value :  1.88125e-03
 Reference value :  1.88325e-03
 Reference value :  1.88575e-03
 Reference value :  1.88875e-03
 Reference value :  1.89125e-03
 Reference value :  1.89375e-03
 Reference value :  1.89725e-03
 Reference value :  1.89975e-03
 Reference value :  1.90275e-03
 Reference value :  1.90625e-03
 Reference value :  1.90825e-03
 Reference value :  1.91075e-03
 Reference value :  1.91425e-03
 Reference value :  1.91675e-03
 Reference value :  1.91925e-03
 Reference value :  1.92125e-03
 Reference value :  1.92375e-03
 Reference value :  1.92725e-03
 Reference value :  1.93025e-03
 Reference value :  1.93225e-03
 Reference value :  1.93475e-03
 Reference value :  1.93675e-03
 Reference value :  1.93975e-03
 Reference value :  1.94225e-03
 Reference value :  1.94375e-03
 Reference value :  1.94575e-03
 Reference value :  1.94775e-03
 Reference value :  1.95075e-03
 Reference value :  1.95375e-03
 Reference value :  1.95575e-03
 Reference value :  1.95875e-03
 Reference value :  1.96125e-03
 Reference value :  1.96375e-03
 Reference value :  1.96675e-03
 Reference value :  1.96975e-03
 Reference value :  1.97225e-03
 Reference value :  1.97475e-03
 Reference value :  1.97725e-03
 Reference value :  1.97925e-03
 Reference value :  1.98225e-03
 Reference value :  1.98425e-03
 Reference value :  1.98625e-03
 Reference value :  1.98875e-03
 Reference value :  1.99125e-03
 Reference value :  1.99425e-03
 Reference value :  1.99675e-03
 Reference value :  1.99875e-03
 Reference value :  2.00125e-03
 Reference value :  2.00425e-03
 Reference value :  2.00625e-03
 Reference value :  2.00875e-03
 Reference value :  2.01125e-03
 Reference value :  2.01375e-03
 Reference value :  2.01675e-03
 Reference value :  2.01975e-03
 Reference value :  2.02275e-03
 Reference value :  2.02575e-03
 Reference value :  2.02825e-03
 Reference value :  2.03125e-03
 Reference value :  2.03375e-03
 Reference value :  2.03575e-03
 Reference value :  2.03825e-03
 Reference value :  2.04075e-03
 Reference value :  2.04275e-03
 Reference value :  2.04475e-03
 Reference value :  2.04725e-03
 Reference value :  2.04975e-03
 Reference value :  2.05225e-03
 Reference value :  2.05475e-03
 Reference value :  2.05675e-03
 Reference value :  2.05925e-03
 Reference value :  2.06225e-03
 Reference value :  2.06525e-03
 Reference value :  2.06775e-03
 Reference value :  2.07025e-03
 Reference value :  2.07275e-03
 Reference value :  2.07575e-03
 Reference value :  2.07825e-03
 Reference value :  2.08075e-03
 Reference value :  2.08375e-03
 Reference value :  2.08575e-03
 Reference value :  2.08825e-03
 Reference value :  2.09075e-03
 Reference value :  2.09325e-03
 Reference value :  2.09575e-03
 Reference value :  2.09875e-03
 Reference value :  2.10175e-03
 Reference value :  2.10425e-03
 Reference value :  2.10625e-03
 Reference value :  2.10825e-03
 Reference value :  2.11075e-03
 Reference value :  2.11275e-03
 Reference value :  2.11475e-03
 Reference value :  2.11825e-03
 Reference value :  2.12025e-03
 Reference value :  2.12225e-03
 Reference value :  2.12425e-03
 Reference value :  2.12625e-03
 Reference value :  2.12825e-03
 Reference value :  2.13025e-03
 Reference value :  2.13225e-03
 Reference value :  2.13475e-03
 Reference value :  2.13675e-03
 Reference value :  2.13875e-03
 Reference value :  2.14025e-03
 Reference value :  2.14225e-03
 Reference value :  2.14425e-03
 Reference value :  2.14625e-03
 Reference value :  2.14875e-03
 Reference value :  2.15025e-03
 Reference value :  2.15225e-03
 Reference value :  2.15575e-03
 Reference value :  2.15925e-03
 Reference value :  2.16225e-03
 Reference value :  2.16475e-03
 Reference value :  2.16775e-03
 Reference value :  2.17075e-03
 Reference value :  2.17375e-03
 Reference value :  2.17675e-03
 Reference value :  2.17975e-03
 Reference value :  2.18325e-03
 Reference value :  2.18625e-03
 Reference value :  2.18925e-03
 Reference value :  2.19225e-03
 Reference value :  2.19475e-03
 Reference value :  2.19725e-03
 Reference value :  2.19975e-03
 Reference value :  2.20225e-03
 Reference value :  2.20425e-03
 Reference value :  2.20625e-03
 Reference value :  2.20825e-03
 Reference value :  2.21025e-03
 Reference value :  2.21225e-03
 Reference value :  2.21425e-03
 Reference value :  2.21625e-03
 Reference value :  2.21825e-03
 Reference value :  2.22125e-03
 Reference value :  2.22325e-03
 Reference value :  2.22575e-03
 Reference value :  2.22825e-03
 Reference value :  2.23075e-03
 Reference value :  2.23325e-03
 Reference value :  2.23525e-03
 Reference value :  2.23775e-03
 Reference value :  2.23975e-03
 Reference value :  2.24275e-03
 Reference value :  2.24425e-03
 Reference value :  2.24575e-03
 Reference value :  2.24775e-03
 Reference value :  2.24975e-03
 Reference value :  2.25225e-03
 Reference value :  2.25425e-03
 Reference value :  2.25625e-03
 Reference value :  2.25825e-03
 Reference value :  2.25975e-03
 Reference value :  2.26175e-03
 Reference value :  2.26325e-03
 Reference value :  2.26475e-03
 Reference value :  2.26675e-03
 Reference value :  2.26875e-03
 Reference value :  2.27075e-03
 Reference value :  2.27375e-03
 Reference value :  2.27625e-03
 Reference value :  2.27925e-03
 Reference value :  2.28125e-03
 Reference value :  2.28325e-03
 Reference value :  2.28575e-03
 Reference value :  2.28775e-03
 Reference value :  2.28975e-03
 Reference value :  2.29175e-03
 Reference value :  2.29425e-03
 Reference value :  2.29625e-03
 Reference value :  2.29825e-03
 Reference value :  2.30025e-03
 Reference value :  2.30225e-03
 Reference value :  2.30475e-03
 Reference value :  2.30725e-03
 Reference value :  2.30975e-03
 Reference value :  2.31125e-03
 Reference value :  2.31325e-03
 Reference value :  2.31575e-03
 Reference value :  2.31725e-03
 Reference value :  2.31925e-03
 Reference value :  2.32125e-03
 Reference value :  2.32375e-03
 Reference value :  2.32625e-03
 Reference value :  2.32775e-03
 Reference value :  2.33025e-03
 Reference value :  2.33225e-03
 Reference value :  2.33425e-03
 Reference value :  2.33725e-03
 Reference value :  2.34025e-03
 Reference value :  2.34275e-03
 Reference value :  2.34475e-03
 Reference value :  2.34725e-03
 Reference value :  2.34975e-03
 Reference value :  2.35275e-03
 Reference value :  2.35525e-03
 Reference value :  2.35725e-03
 Reference value :  2.35925e-03
 Reference value :  2.36125e-03
 Reference value :  2.36275e-03
 Reference value :  2.36475e-03
 Reference value :  2.36675e-03
 Reference value :  2.36875e-03
 Reference value :  2.37025e-03
 Reference value :  2.37225e-03
 Reference value :  2.37425e-03
 Reference value :  2.37675e-03
 Reference value :  2.37925e-03
 Reference value :  2.38175e-03
 Reference value :  2.38375e-03
 Reference value :  2.38525e-03
 Reference value :  2.38825e-03
 Reference value :  2.39075e-03
 Reference value :  2.39275e-03
 Reference value :  2.39525e-03
 Reference value :  2.39775e-03
 Reference value :  2.39975e-03
 Reference value :  2.40225e-03
 Reference value :  2.40425e-03
 Reference value :  2.40625e-03
 Reference value :  2.40875e-03
 Reference value :  2.41175e-03
 Reference value :  2.41375e-03
 Reference value :  2.41625e-03
 Reference value :  2.41825e-03
 Reference value :  2.42025e-03
 Reference value :  2.42225e-03
 Reference value :  2.42375e-03
 Reference value :  2.42575e-03
 Reference value :  2.42775e-03
 Reference value :  2.43075e-03
 Reference value :  2.43325e-03
 Reference value :  2.43475e-03
 Reference value :  2.43675e-03
 Reference value :  2.43875e-03
 Reference value :  2.44175e-03
 Reference value :  2.44375e-03
 Reference value :  2.44675e-03
 Reference value :  2.44925e-03
 Reference value :  2.45175e-03
 Reference value :  2.45475e-03
 Reference value :  2.45725e-03
 Reference value :  2.45975e-03
 Reference value :  2.46225e-03
 Reference value :  2.46425e-03
 Reference value :  2.46675e-03
 Reference value :  2.46925e-03
 Reference value :  2.47175e-03
 Reference value :  2.47425e-03
 Reference value :  2.47675e-03
 Reference value :  2.47825e-03
 Reference value :  2.48025e-03
 Reference value :  2.48225e-03
 Reference value :  2.48475e-03
 Reference value :  2.48725e-03
 Reference value :  2.48975e-03
 Reference value :  2.49225e-03
 Reference value :  2.49475e-03
 Reference value :  2.49825e-03
No. of Data Rows : 5042
ipre                =  -1.42656e-05 from=  4.00000e-04 to=  5.00036e-04
ish_avg             =  -1.47168e-05 from=  1.50000e-03 to=  2.50000e-03
ish_max             =  -1.47167e-05 at=  1.35975e-03
ish_min             =  -1.53717e-05 at=  6.00255e-04
vsh_max             =  7.07933e-10 at=  6.00255e-04
meas_vout_50ma_v = 1.911420e-06
meas_cl_margin_50ma_v = 3.577318e-06
meas_ilim_short_ma = 5.309392e-05
meas_ilim_knee_ma = -5.44839e-04
meas_ilim_droop_pct = 1.097449e+02
meas_ishort_sustained_ma = 1.471684e-02
meas_ishort_ripple_pct = 4.451159e+00
meas_vout_short_mv = 7.079332e-07
meas_isup_pre_short_ma = 1.426559e-02
ngspice-46 done

# ==== ngspice stderr ====

