# corner: ss_-40c_2.97v
# process=ss temp=-40C supply=2.97V
# ngspice exit: 0
# wall clock: 161.7s (--timeout was 1800s)
# result: PASS

# ==== deck (exact input given to ngspice) ====
| * current-limit corner deck -- generated by sim/bin/corner-run.py, do not edit
| * corner: ss_-40c_2.97v
| .param vsup=2.97
| .option wnflag=1
| .temp -40
| .lib "/home/ubuntu/.volare/sky130A/libs.tech/combined/sky130.lib.spice" ss
| ** sch_path: sim/current-limit/testbench/tb_current_limit.sch
| **.subckt tb_current_limit
| VVIN VIN 0 'vsup'
| .save i(vvin)
| VEN EN 0 'vsup'
| .save i(ven)
| VVREF VREF 0 1.2
| .save i(vvref)
| xldo VOUT VREF EN VIN ldo_3v3in_1v8out
| COUT VOUT VESR 1u m=1
| RESR VESR 0 10m m=1
| RLOAD VOUT 0 36 m=1
| RFORCE VOUT VF 1e12 m=1
| VFORCE VF 0 dc 1.8 pwl(0 1.8 0.5m 1.8 0.501m 0 10 0)
| .save i(vforce)
| **.ends
| 
| * expanding   symbol:  design/ldo_3v3in_1v8out.sym # of pins=4
| ** sym_path: design/ldo_3v3in_1v8out.sym
| ** sch_path: design/ldo_3v3in_1v8out.sch
| .subckt ldo_3v3in_1v8out VOUT VREF EN VIN
| *.ipin VIN
| *.ipin EN
| *.ipin VREF
| *.opin VOUT
| XR_BIAS VIN NB 0 sky130_fd_pr__res_high_po W=0.42 L=1500 mult=1 m=1
| XM_BIASN1 NB NB BIAS_ENN 0 sky130_fd_pr__nfet_g5v0d10v5 L=1 W=4 nf=1 ad=1.16 as=1.16 pd=8.58 ps=8.58 nrd=0.0725 nrs=0.0725 sa=0
| + sb=0 sd=0 mult=1 m=1
| XM_ENN BIAS_ENN EN 0 0 sky130_fd_pr__nfet_g5v0d10v5 L=0.5 W=10 nf=1 ad=2.9 as=2.9 pd=20.58 ps=20.58 nrd=0.029 nrs=0.029 sa=0 sb=0
| + sd=0 mult=1 m=1
| XM_BIASN2 BIASP NB BIAS_ENN 0 sky130_fd_pr__nfet_g5v0d10v5 L=1 W=4 nf=1 ad=1.16 as=1.16 pd=8.58 ps=8.58 nrd=0.0725 nrs=0.0725 sa=0
| + sb=0 sd=0 mult=1 m=1
| XM_BIASP1 BIASP BIASP VIN VIN sky130_fd_pr__pfet_g5v0d10v5 L=1 W=10 nf=2 ad=1.45 as=2.9 pd=10.58 ps=21.16 nrd=0.029 nrs=0.029 sa=0
| + sb=0 sd=0 mult=1 m=1
| XM_ENP2 BIASP EN VIN VIN sky130_fd_pr__pfet_g5v0d10v5 L=0.5 W=10 nf=1 ad=2.9 as=2.9 pd=20.58 ps=20.58 nrd=0.029 nrs=0.029 sa=0
| + sb=0 sd=0 mult=1 m=1
| XM_TAIL EA_TAIL BIASP VIN VIN sky130_fd_pr__pfet_g5v0d10v5 L=2 W=40 nf=8 ad=5.8 as=7.25 pd=42.32 ps=52.9 nrd=0.00725 nrs=0.00725
| + sa=0 sb=0 sd=0 mult=1 m=1
| XM_IN1 EA_D1 FB EA_TAIL VIN sky130_fd_pr__pfet_g5v0d10v5 L=2 W=10 nf=2 ad=1.45 as=2.9 pd=10.58 ps=21.16 nrd=0.029 nrs=0.029 sa=0
| + sb=0 sd=0 mult=1 m=1
| XM_IN2 EA_D2 VREF EA_TAIL VIN sky130_fd_pr__pfet_g5v0d10v5 L=2 W=10 nf=2 ad=1.45 as=2.9 pd=10.58 ps=21.16 nrd=0.029 nrs=0.029 sa=0
| + sb=0 sd=0 mult=1 m=1
| XM_MIR1 EA_D1 EA_D1 AMP_ENN 0 sky130_fd_pr__nfet_g5v0d10v5 L=4 W=10 nf=2 ad=1.45 as=2.9 pd=10.58 ps=21.16 nrd=0.029 nrs=0.029 sa=0
| + sb=0 sd=0 mult=1 m=1
| XM_MIR2 EA_OUT EA_D1 AMP_ENN 0 sky130_fd_pr__nfet_g5v0d10v5 L=4 W=10 nf=2 ad=1.45 as=2.9 pd=10.58 ps=21.16 nrd=0.029 nrs=0.029
| + sa=0 sb=0 sd=0 mult=1 m=1
| XM_ENN2 AMP_ENN EN 0 0 sky130_fd_pr__nfet_g5v0d10v5 L=0.5 W=10 nf=1 ad=2.9 as=2.9 pd=20.58 ps=20.58 nrd=0.029 nrs=0.029 sa=0 sb=0
| + sd=0 mult=1 m=1
| XM_ENP EA_OUT EN VIN VIN sky130_fd_pr__pfet_g5v0d10v5 L=0.5 W=10 nf=1 ad=2.9 as=2.9 pd=20.58 ps=20.58 nrd=0.029 nrs=0.029 sa=0
| + sb=0 sd=0 mult=1 m=1
| XM_MIR3 EA_D2 EA_D2 AMP_ENN 0 sky130_fd_pr__nfet_g5v0d10v5 L=4 W=10 nf=2 ad=1.45 as=2.9 pd=10.58 ps=21.16 nrd=0.029 nrs=0.029 sa=0
| + sb=0 sd=0 mult=1 m=1
| XM_MIR4 PB EA_D2 AMP_ENN 0 sky130_fd_pr__nfet_g5v0d10v5 L=4 W=10 nf=2 ad=1.45 as=2.9 pd=10.58 ps=21.16 nrd=0.029 nrs=0.029 sa=0
| + sb=0 sd=0 mult=1 m=1
| XM_MIRP1 PB PB VIN VIN sky130_fd_pr__pfet_g5v0d10v5 L=4 W=20 nf=4 ad=2.9 as=4.35 pd=21.16 ps=31.74 nrd=0.0145 nrs=0.0145 sa=0 sb=0
| + sd=0 mult=1 m=1
| XM_MIRP2 EA_OUT PB VIN VIN sky130_fd_pr__pfet_g5v0d10v5 L=4 W=20 nf=4 ad=2.9 as=4.35 pd=21.16 ps=31.74 nrd=0.0145 nrs=0.0145 sa=0
| + sb=0 sd=0 mult=1 m=1
| XM_ENP5 PB EN VIN VIN sky130_fd_pr__pfet_g5v0d10v5 L=0.5 W=2 nf=1 ad=0.58 as=0.58 pd=4.58 ps=4.58 nrd=0.145 nrs=0.145 sa=0 sb=0
| + sd=0 mult=1 m=1
| XM_PASS VOUT EA_OUT VIN VIN sky130_fd_pr__pfet_g5v0d10v5 L=0.5 W=100 nf=25 ad=15.08 as=15.08 pd=111.54 ps=111.54 nrd=0.0029
| + nrs=0.0029 sa=0 sb=0 sd=0 mult=25 m=25
| C_COMP VOUT EA_CZ 150p m=1
| XR_CZ EA_CZ EA_OUT 0 sky130_fd_pr__res_xhigh_po W=0.42 L=52 mult=1 m=1
| XR_FB_A VOUT FB 0 sky130_fd_pr__res_xhigh_po W=0.42 L=180 mult=1 m=1
| XR_FB_B FB N_FBB 0 sky130_fd_pr__res_xhigh_po W=0.42 L=180 mult=1 m=1
| XR_FB_C N_FBB 0 0 sky130_fd_pr__res_xhigh_po W=0.42 L=180 mult=1 m=1
| XM_SENSE CL_SNS EA_OUT VIN VIN sky130_fd_pr__pfet_g5v0d10v5 L=0.5 W=0.42 nf=1 ad=0.1218 as=0.1218 pd=1.42 ps=1.42
| + nrd=0.69047619047619 nrs=0.69047619047619 sa=0 sb=0 sd=0 mult=1 m=1
| XM_CLN1 CL_SNS CL_SNS AMP_ENN 0 sky130_fd_pr__nfet_g5v0d10v5 L=1 W=20 nf=1 ad=5.8 as=5.8 pd=40.58 ps=40.58 nrd=0.0145 nrs=0.0145
| + sa=0 sb=0 sd=0 mult=1 m=1
| XM_CLN2 CL_CMP CL_SNS AMP_ENN 0 sky130_fd_pr__nfet_g5v0d10v5 L=1 W=1.6 nf=1 ad=0.464 as=0.464 pd=3.78 ps=3.78 nrd=0.18125
| + nrs=0.18125 sa=0 sb=0 sd=0 mult=1 m=1
| XM_CLP CL_CMP BIASP VIN VIN sky130_fd_pr__pfet_g5v0d10v5 L=1 W=10 nf=2 ad=1.45 as=2.9 pd=10.58 ps=21.16 nrd=0.029 nrs=0.029 sa=0
| + sb=0 sd=0 mult=1 m=1
| XM_CLIM EA_OUT CL_CMP VIN VIN sky130_fd_pr__pfet_g5v0d10v5 L=0.5 W=20 nf=4 ad=2.9 as=4.35 pd=21.16 ps=31.74 nrd=0.0145 nrs=0.0145
| + sa=0 sb=0 sd=0 mult=1 m=1
| XM_ENP3 CL_CMP EN VIN VIN sky130_fd_pr__pfet_g5v0d10v5 L=0.5 W=2 nf=1 ad=0.58 as=0.58 pd=4.58 ps=4.58 nrd=0.145 nrs=0.145 sa=0
| + sb=0 sd=0 mult=1 m=1
| C_CL VIN CL_CMP 1p m=1
| XM_INVP ENB EN VIN VIN sky130_fd_pr__pfet_g5v0d10v5 L=0.5 W=2 nf=1 ad=0.58 as=0.58 pd=4.58 ps=4.58 nrd=0.145 nrs=0.145 sa=0 sb=0
| + sd=0 mult=1 m=1
| XM_INVN ENB EN 0 0 sky130_fd_pr__nfet_g5v0d10v5 L=0.5 W=1 nf=1 ad=0.29 as=0.29 pd=2.58 ps=2.58 nrd=0.29 nrs=0.29 sa=0 sb=0 sd=0
| + mult=1 m=1
| XM_SSDIS SS ENB 0 0 sky130_fd_pr__nfet_g5v0d10v5 L=0.5 W=2 nf=1 ad=0.58 as=0.58 pd=4.58 ps=4.58 nrd=0.145 nrs=0.145 sa=0 sb=0 sd=0
| + mult=1 m=1
| XM_SSCHG SS BIASP VIN VIN sky130_fd_pr__pfet_g5v0d10v5 L=8 W=1 nf=1 ad=0.29 as=0.29 pd=2.58 ps=2.58 nrd=0.29 nrs=0.29 sa=0 sb=0
| + sd=0 mult=1 m=1
| C_SS SS 0 10p m=1
| XM_IN2S EA_D2 SS EA_TAIL VIN sky130_fd_pr__pfet_g5v0d10v5 L=2 W=10 nf=2 ad=1.45 as=2.9 pd=10.58 ps=21.16 nrd=0.029 nrs=0.029 sa=0
| + sb=0 sd=0 mult=1 m=1
| XM_TSPS TS_SNS BIASP VIN VIN sky130_fd_pr__pfet_g5v0d10v5 L=1 W=2.5 nf=1 ad=0.725 as=0.725 pd=5.58 ps=5.58 nrd=0.116 nrs=0.116
| + sa=0 sb=0 sd=0 mult=1 m=1
| XM_TSD1 TS_SNS TS_SNS TS_MID 0 sky130_fd_pr__nfet_g5v0d10v5 L=1 W=80 nf=16 ad=11.6 as=13.05 pd=84.64 ps=95.22 nrd=0.003625
| + nrs=0.003625 sa=0 sb=0 sd=0 mult=1 m=1
| XM_TSD2 TS_MID TS_MID AMP_ENN 0 sky130_fd_pr__nfet_g5v0d10v5 L=1 W=80 nf=16 ad=11.6 as=13.05 pd=84.64 ps=95.22 nrd=0.003625
| + nrs=0.003625 sa=0 sb=0 sd=0 mult=1 m=1
| XM_TSPR TS_REF BIASP VIN VIN sky130_fd_pr__pfet_g5v0d10v5 L=1 W=2.5 nf=1 ad=0.725 as=0.725 pd=5.58 ps=5.58 nrd=0.116 nrs=0.116
| + sa=0 sb=0 sd=0 mult=1 m=1
| XM_TSR1 TS_REF TS_REF AMP_ENN 0 sky130_fd_pr__nfet_g5v0d10v5 L=10 W=2 nf=1 ad=0.58 as=0.58 pd=4.58 ps=4.58 nrd=0.145 nrs=0.145
| + sa=0 sb=0 sd=0 mult=1 m=1
| XM_TCTAIL TC_TAIL NB AMP_ENN 0 sky130_fd_pr__nfet_g5v0d10v5 L=1 W=1 nf=1 ad=0.29 as=0.29 pd=2.58 ps=2.58 nrd=0.29 nrs=0.29 sa=0
| + sb=0 sd=0 mult=1 m=1
| XM_TCN1 TC_D1 TS_SNS TC_TAIL 0 sky130_fd_pr__nfet_g5v0d10v5 L=2 W=10 nf=2 ad=1.45 as=2.9 pd=10.58 ps=21.16 nrd=0.029 nrs=0.029
| + sa=0 sb=0 sd=0 mult=1 m=1
| XM_TCN2 TS_CMP TS_REF TC_TAIL 0 sky130_fd_pr__nfet_g5v0d10v5 L=2 W=10 nf=2 ad=1.45 as=2.9 pd=10.58 ps=21.16 nrd=0.029 nrs=0.029
| + sa=0 sb=0 sd=0 mult=1 m=1
| XM_TCP1 TC_D1 TC_D1 VIN VIN sky130_fd_pr__pfet_g5v0d10v5 L=2 W=10 nf=2 ad=1.45 as=2.9 pd=10.58 ps=21.16 nrd=0.029 nrs=0.029 sa=0
| + sb=0 sd=0 mult=1 m=1
| XM_TCP2 TS_CMP TC_D1 VIN VIN sky130_fd_pr__pfet_g5v0d10v5 L=2 W=10 nf=2 ad=1.45 as=2.9 pd=10.58 ps=21.16 nrd=0.029 nrs=0.029 sa=0
| + sb=0 sd=0 mult=1 m=1
| XM_TSHUT EA_OUT TS_CMP VIN VIN sky130_fd_pr__pfet_g5v0d10v5 L=0.5 W=20 nf=4 ad=2.9 as=4.35 pd=21.16 ps=31.74 nrd=0.0145 nrs=0.0145
| + sa=0 sb=0 sd=0 mult=1 m=1
| XM_TSHYSB TS_HYS BIASP VIN VIN sky130_fd_pr__pfet_g5v0d10v5 L=2 W=1.5 nf=1 ad=0.435 as=0.435 pd=3.58 ps=3.58 nrd=0.193333333333333
| + nrs=0.193333333333333 sa=0 sb=0 sd=0 mult=1 m=1
| XM_TSHYS TS_REF TS_CMP TS_HYS VIN sky130_fd_pr__pfet_g5v0d10v5 L=0.5 W=2 nf=1 ad=0.58 as=0.58 pd=4.58 ps=4.58 nrd=0.145 nrs=0.145
| + sa=0 sb=0 sd=0 mult=1 m=1
| XM_ENP4 TS_CMP EN VIN VIN sky130_fd_pr__pfet_g5v0d10v5 L=0.5 W=2 nf=1 ad=0.58 as=0.58 pd=4.58 ps=4.58 nrd=0.145 nrs=0.145 sa=0
| + sb=0 sd=0 mult=1 m=1
| C_TS VIN TS_CMP 1p m=1
| .ends
| 
| .control
| save all
| * --- leg 1: 50 mA operating point (RFORCE open) -- the clamp must be OFF ---
| op
| * --- leg 2: DC limit characteristic, VOUT forced from 0 V up to 1.75 V ---
| alter rload = 1e12
| alter rforce = 1m
| dc vforce 0 1.75 0.125
| meas dc ilim_short find i(vforce) at=0
| meas dc ilim_knee find i(vforce) at=1.75
| * --- leg 3: Vout=0 short applied at t=0.5ms and HELD to t=2.5ms ---
| alter rload = 36
| tran 500n 2.5m
| meas tran ipre avg i(vvin) from=0.4m to=0.5m
| meas tran ish_avg avg i(vvin) from=1.5m to=2.5m
| meas tran ish_max max i(vvin) from=0.6m to=2.5m
| meas tran ish_min min i(vvin) from=0.6m to=2.5m
| meas tran vsh_max max v(vout) from=0.6m to=2.5m
| let meas_vout_50ma_v = op1.v(vout)
| let meas_cl_margin_50ma_v = op1.v(vin) - op1.v(xldo.cl_cmp)
| let meas_ilim_short_ma = 1000*dc1.ilim_short
| let meas_ilim_knee_ma = 1000*dc1.ilim_knee
| let meas_ilim_droop_pct = 100*(dc1.ilim_knee - dc1.ilim_short)/dc1.ilim_knee
| let meas_ishort_sustained_ma = -1000*tran1.ish_avg
| let meas_ishort_ripple_pct = 100*(tran1.ish_max - tran1.ish_min)/(-tran1.ish_avg)
| let meas_vout_short_mv = 1000*tran1.vsh_max
| let meas_isup_pre_short_ma = -1000*tran1.ipre
| print meas_vout_50ma_v
| print meas_cl_margin_50ma_v
| print meas_ilim_short_ma
| print meas_ilim_knee_ma
| print meas_ilim_droop_pct
| print meas_ishort_sustained_ma
| print meas_ishort_ripple_pct
| print meas_vout_short_mv
| print meas_isup_pre_short_ma
| quit
| .endc
| .end

# ==== ngspice stdout ====

Note: Compatibility modes selected: hs a


Circuit: * current-limit corner deck -- generated by sim/bin/corner-run.py, do not edit

option SCALE: Scale is set to 1e-06 for instance and model parameters
option SCALE: Scale is set to 1e-06 for instance and model parameters
option SCALE: Scale is set to 1e-06 for instance and model parameters
option SCALE: Scale is set to 1e-06 for instance and model parameters
Doing analysis at TEMP = -40.000000 and TNOM = 27.000000

Using KLU as Direct Linear Solver
 Reference value :  0.00000e+00
No. of Data Rows : 1
Doing analysis at TEMP = -40.000000 and TNOM = 27.000000

Using KLU as Direct Linear Solver
 Reference value :  0.00000e+00
 Reference value :  1.25000e-01
 Reference value :  2.50000e-01
 Reference value :  3.75000e-01
 Reference value :  5.00000e-01
 Reference value :  6.25000e-01
 Reference value :  7.50000e-01
 Reference value :  8.75000e-01
 Reference value :  1.00000e+00
 Reference value :  1.12500e+00
 Reference value :  1.25000e+00
 Reference value :  1.37500e+00
 Reference value :  1.50000e+00
 Reference value :  1.62500e+00
 Reference value :  1.75000e+00
No. of Data Rows : 15
ilim_short          =  1.80314e-01
ilim_knee           =  1.48739e-01
Doing analysis at TEMP = -40.000000 and TNOM = 27.000000

Using KLU as Direct Linear Solver
 Reference value :  0.00000e+00
 Reference value :  4.00000e-08
 Reference value :  1.14000e-06
 Reference value :  3.14000e-06
 Reference value :  5.64000e-06
 Reference value :  7.64000e-06
 Reference value :  9.64000e-06
 Reference value :  1.21400e-05
 Reference value :  1.51400e-05
 Reference value :  1.81400e-05
 Reference value :  2.06400e-05
 Reference value :  2.31400e-05
 Reference value :  2.56400e-05
 Reference value :  2.81400e-05
 Reference value :  3.06400e-05
 Reference value :  3.36400e-05
 Reference value :  3.61400e-05
 Reference value :  3.86400e-05
 Reference value :  4.11400e-05
 Reference value :  4.36400e-05
 Reference value :  4.61400e-05
 Reference value :  4.91400e-05
 Reference value :  5.21400e-05
 Reference value :  5.41400e-05
 Reference value :  5.61400e-05
 Reference value :  5.86400e-05
 Reference value :  6.11400e-05
 Reference value :  6.36400e-05
 Reference value :  6.61400e-05
 Reference value :  6.81400e-05
 Reference value :  6.96400e-05
 Reference value :  7.16400e-05
 Reference value :  7.41400e-05
 Reference value :  7.66400e-05
 Reference value :  7.91400e-05
 Reference value :  8.16400e-05
 Reference value :  8.36400e-05
 Reference value :  8.61400e-05
 Reference value :  8.86400e-05
 Reference value :  9.11400e-05
 Reference value :  9.31400e-05
 Reference value :  9.51400e-05
 Reference value :  9.71400e-05
 Reference value :  9.91400e-05
 Reference value :  1.01140e-04
 Reference value :  1.03140e-04
 Reference value :  1.05640e-04
 Reference value :  1.07640e-04
 Reference value :  1.11140e-04
 Reference value :  1.13140e-04
 Reference value :  1.14640e-04
 Reference value :  1.16640e-04
 Reference value :  1.19140e-04
 Reference value :  1.22140e-04
 Reference value :  1.24640e-04
 Reference value :  1.27140e-04
 Reference value :  1.30640e-04
 Reference value :  1.34140e-04
 Reference value :  1.37640e-04
 Reference value :  1.41140e-04
 Reference value :  1.44640e-04
 Reference value :  1.48140e-04
 Reference value :  1.51640e-04
 Reference value :  1.54640e-04
 Reference value :  1.57140e-04
 Reference value :  1.60140e-04
 Reference value :  1.62640e-04
 Reference value :  1.65640e-04
 Reference value :  1.69140e-04
 Reference value :  1.72640e-04
 Reference value :  1.76640e-04
 Reference value :  1.79640e-04
 Reference value :  1.81640e-04
 Reference value :  1.84640e-04
 Reference value :  1.87640e-04
 Reference value :  1.90640e-04
 Reference value :  1.93640e-04
 Reference value :  1.96140e-04
 Reference value :  1.98640e-04
 Reference value :  2.01640e-04
 Reference value :  2.04140e-04
 Reference value :  2.06640e-04
 Reference value :  2.09140e-04
 Reference value :  2.11640e-04
 Reference value :  2.14140e-04
 Reference value :  2.16640e-04
 Reference value :  2.18640e-04
 Reference value :  2.21640e-04
 Reference value :  2.24640e-04
 Reference value :  2.27140e-04
 Reference value :  2.30640e-04
 Reference value :  2.33640e-04
 Reference value :  2.36640e-04
 Reference value :  2.39640e-04
 Reference value :  2.42140e-04
 Reference value :  2.44640e-04
 Reference value :  2.47640e-04
 Reference value :  2.50640e-04
 Reference value :  2.53140e-04
 Reference value :  2.55640e-04
 Reference value :  2.59140e-04
 Reference value :  2.62140e-04
 Reference value :  2.64640e-04
 Reference value :  2.67140e-04
 Reference value :  2.69640e-04
 Reference value :  2.71640e-04
 Reference value :  2.74140e-04
 Reference value :  2.77140e-04
 Reference value :  2.79640e-04
 Reference value :  2.82140e-04
 Reference value :  2.85140e-04
 Reference value :  2.87640e-04
 Reference value :  2.90140e-04
 Reference value :  2.92140e-04
 Reference value :  2.94640e-04
 Reference value :  2.96640e-04
 Reference value :  2.99140e-04
 Reference value :  3.02140e-04
 Reference value :  3.05140e-04
 Reference value :  3.08140e-04
 Reference value :  3.10640e-04
 Reference value :  3.13640e-04
 Reference value :  3.16640e-04
 Reference value :  3.19140e-04
 Reference value :  3.22140e-04
 Reference value :  3.24640e-04
 Reference value :  3.27140e-04
 Reference value :  3.29140e-04
 Reference value :  3.30640e-04
 Reference value :  3.32640e-04
 Reference value :  3.34640e-04
 Reference value :  3.36640e-04
 Reference value :  3.38640e-04
 Reference value :  3.41140e-04
 Reference value :  3.43140e-04
 Reference value :  3.45140e-04
 Reference value :  3.47140e-04
 Reference value :  3.49140e-04
 Reference value :  3.51140e-04
 Reference value :  3.53640e-04
 Reference value :  3.56140e-04
 Reference value :  3.58640e-04
 Reference value :  3.61640e-04
 Reference value :  3.64640e-04
 Reference value :  3.67140e-04
 Reference value :  3.69140e-04
 Reference value :  3.71640e-04
 Reference value :  3.73640e-04
 Reference value :  3.76140e-04
 Reference value :  3.78640e-04
 Reference value :  3.81140e-04
 Reference value :  3.83640e-04
 Reference value :  3.85640e-04
 Reference value :  3.87640e-04
 Reference value :  3.89640e-04
 Reference value :  3.92140e-04
 Reference value :  3.94640e-04
 Reference value :  3.97140e-04
 Reference value :  3.99140e-04
 Reference value :  4.01140e-04
 Reference value :  4.03140e-04
 Reference value :  4.05140e-04
 Reference value :  4.07140e-04
 Reference value :  4.09140e-04
 Reference value :  4.11140e-04
 Reference value :  4.13640e-04
 Reference value :  4.15640e-04
 Reference value :  4.18140e-04
 Reference value :  4.19640e-04
 Reference value :  4.21640e-04
 Reference value :  4.23640e-04
 Reference value :  4.25140e-04
 Reference value :  4.27140e-04
 Reference value :  4.29140e-04
 Reference value :  4.31140e-04
 Reference value :  4.34140e-04
 Reference value :  4.37140e-04
 Reference value :  4.39640e-04
 Reference value :  4.41140e-04
 Reference value :  4.43640e-04
 Reference value :  4.45640e-04
 Reference value :  4.47140e-04
 Reference value :  4.48640e-04
 Reference value :  4.51140e-04
 Reference value :  4.52640e-04
 Reference value :  4.54640e-04
 Reference value :  4.56640e-04
 Reference value :  4.59640e-04
 Reference value :  4.62140e-04
 Reference value :  4.64140e-04
 Reference value :  4.66140e-04
 Reference value :  4.68140e-04
 Reference value :  4.70140e-04
 Reference value :  4.72140e-04
 Reference value :  4.74140e-04
 Reference value :  4.76140e-04
 Reference value :  4.78140e-04
 Reference value :  4.80140e-04
 Reference value :  4.81640e-04
 Reference value :  4.83140e-04
 Reference value :  4.85140e-04
 Reference value :  4.87640e-04
 Reference value :  4.89640e-04
 Reference value :  4.92140e-04
 Reference value :  4.94640e-04
 Reference value :  4.96640e-04
 Reference value :  4.98140e-04
 Reference value :  5.00000e-04
 Reference value :  5.00150e-04
 Reference value :  5.01000e-04
 Reference value :  5.01031e-04
 Reference value :  5.01059e-04
 Reference value :  5.01123e-04
 Reference value :  5.01393e-04
 Reference value :  5.02011e-04
 Reference value :  5.02212e-04
 Reference value :  5.02626e-04
 Reference value :  5.03069e-04
 Reference value :  5.03291e-04
 Reference value :  5.03799e-04
 Reference value :  5.04410e-04
 Reference value :  5.05098e-04
 Reference value :  5.05900e-04
 Reference value :  5.07340e-04
 Reference value :  5.08840e-04
 Reference value :  5.10340e-04
 Reference value :  5.11840e-04
 Reference value :  5.13340e-04
 Reference value :  5.14840e-04
 Reference value :  5.16840e-04
 Reference value :  5.18840e-04
 Reference value :  5.21340e-04
 Reference value :  5.23840e-04
 Reference value :  5.25840e-04
 Reference value :  5.27840e-04
 Reference value :  5.29840e-04
 Reference value :  5.31340e-04
 Reference value :  5.33340e-04
 Reference value :  5.35340e-04
 Reference value :  5.37840e-04
 Reference value :  5.40340e-04
 Reference value :  5.42840e-04
 Reference value :  5.44340e-04
 Reference value :  5.46840e-04
 Reference value :  5.50340e-04
 Reference value :  5.53340e-04
 Reference value :  5.55340e-04
 Reference value :  5.56840e-04
 Reference value :  5.58840e-04
 Reference value :  5.60840e-04
 Reference value :  5.62840e-04
 Reference value :  5.64840e-04
 Reference value :  5.68340e-04
 Reference value :  5.70840e-04
 Reference value :  5.73340e-04
 Reference value :  5.74840e-04
 Reference value :  5.77340e-04
 Reference value :  5.79340e-04
 Reference value :  5.80840e-04
 Reference value :  5.83340e-04
 Reference value :  5.85340e-04
 Reference value :  5.86840e-04
 Reference value :  5.88340e-04
 Reference value :  5.89840e-04
 Reference value :  5.92340e-04
 Reference value :  5.94340e-04
 Reference value :  5.96840e-04
 Reference value :  5.98840e-04
 Reference value :  6.00840e-04
 Reference value :  6.03340e-04
 Reference value :  6.05340e-04
 Reference value :  6.07340e-04
 Reference value :  6.09340e-04
 Reference value :  6.11340e-04
 Reference value :  6.13340e-04
 Reference value :  6.16840e-04
 Reference value :  6.19840e-04
 Reference value :  6.22840e-04
 Reference value :  6.25340e-04
 Reference value :  6.28340e-04
 Reference value :  6.30840e-04
 Reference value :  6.33340e-04
 Reference value :  6.36340e-04
 Reference value :  6.39840e-04
 Reference value :  6.43340e-04
 Reference value :  6.46340e-04
 Reference value :  6.48840e-04
 Reference value :  6.51840e-04
 Reference value :  6.54340e-04
 Reference value :  6.56840e-04
 Reference value :  6.59340e-04
 Reference value :  6.61840e-04
 Reference value :  6.64840e-04
 Reference value :  6.66340e-04
 Reference value :  6.68840e-04
 Reference value :  6.70340e-04
 Reference value :  6.71840e-04
 Reference value :  6.73840e-04
 Reference value :  6.75840e-04
 Reference value :  6.77340e-04
 Reference value :  6.79840e-04
 Reference value :  6.81840e-04
 Reference value :  6.83840e-04
 Reference value :  6.85840e-04
 Reference value :  6.88340e-04
 Reference value :  6.90840e-04
 Reference value :  6.92840e-04
 Reference value :  6.95340e-04
 Reference value :  6.97840e-04
 Reference value :  7.00840e-04
 Reference value :  7.03340e-04
 Reference value :  7.05840e-04
 Reference value :  7.08340e-04
 Reference value :  7.10840e-04
 Reference value :  7.13340e-04
 Reference value :  7.15840e-04
 Reference value :  7.18340e-04
 Reference value :  7.20840e-04
 Reference value :  7.22840e-04
 Reference value :  7.24840e-04
 Reference value :  7.27340e-04
 Reference value :  7.29840e-04
 Reference value :  7.32840e-04
 Reference value :  7.34840e-04
 Reference value :  7.36840e-04
 Reference value :  7.38840e-04
 Reference value :  7.41340e-04
 Reference value :  7.43340e-04
 Reference value :  7.44840e-04
 Reference value :  7.47340e-04
 Reference value :  7.50340e-04
 Reference value :  7.53340e-04
 Reference value :  7.56840e-04
 Reference value :  7.59340e-04
 Reference value :  7.61840e-04
 Reference value :  7.64840e-04
 Reference value :  7.67840e-04
 Reference value :  7.70840e-04
 Reference value :  7.73340e-04
 Reference value :  7.75840e-04
 Reference value :  7.78340e-04
 Reference value :  7.80340e-04
 Reference value :  7.82340e-04
 Reference value :  7.84340e-04
 Reference value :  7.86340e-04
 Reference value :  7.88840e-04
 Reference value :  7.91340e-04
 Reference value :  7.93840e-04
 Reference value :  7.95840e-04
 Reference value :  7.97840e-04
 Reference value :  8.00340e-04
 Reference value :  8.02340e-04
 Reference value :  8.04840e-04
 Reference value :  8.07340e-04
 Reference value :  8.09840e-04
 Reference value :  8.12340e-04
 Reference value :  8.14840e-04
 Reference value :  8.17840e-04
 Reference value :  8.20340e-04
 Reference value :  8.22840e-04
 Reference value :  8.24840e-04
 Reference value :  8.26840e-04
 Reference value :  8.29340e-04
 Reference value :  8.32340e-04
 Reference value :  8.35840e-04
 Reference value :  8.39340e-04
 Reference value :  8.42840e-04
 Reference value :  8.45840e-04
 Reference value :  8.47840e-04
 Reference value :  8.49840e-04
 Reference value :  8.51840e-04
 Reference value :  8.53840e-04
 Reference value :  8.55840e-04
 Reference value :  8.58340e-04
 Reference value :  8.60340e-04
 Reference value :  8.61840e-04
 Reference value :  8.63840e-04
 Reference value :  8.65840e-04
 Reference value :  8.68340e-04
 Reference value :  8.70340e-04
 Reference value :  8.72840e-04
 Reference value :  8.74840e-04
 Reference value :  8.76840e-04
 Reference value :  8.78840e-04
 Reference value :  8.80840e-04
 Reference value :  8.82840e-04
 Reference value :  8.84340e-04
 Reference value :  8.85840e-04
 Reference value :  8.87340e-04
 Reference value :  8.89340e-04
 Reference value :  8.91340e-04
 Reference value :  8.93340e-04
 Reference value :  8.95340e-04
 Reference value :  8.97840e-04
 Reference value :  8.99840e-04
 Reference value :  9.01840e-04
 Reference value :  9.03840e-04
 Reference value :  9.06340e-04
 Reference value :  9.09340e-04
 Reference value :  9.11340e-04
 Reference value :  9.13840e-04
 Reference value :  9.15840e-04
 Reference value :  9.17840e-04
 Reference value :  9.20840e-04
 Reference value :  9.23840e-04
 Reference value :  9.25840e-04
 Reference value :  9.27840e-04
 Reference value :  9.29840e-04
 Reference value :  9.32340e-04
 Reference value :  9.35340e-04
 Reference value :  9.38340e-04
 Reference value :  9.40840e-04
 Reference value :  9.43340e-04
 Reference value :  9.45340e-04
 Reference value :  9.47340e-04
 Reference value :  9.49840e-04
 Reference value :  9.51840e-04
 Reference value :  9.53840e-04
 Reference value :  9.55840e-04
 Reference value :  9.58340e-04
 Reference value :  9.60840e-04
 Reference value :  9.62840e-04
 Reference value :  9.65840e-04
 Reference value :  9.68840e-04
 Reference value :  9.71840e-04
 Reference value :  9.73840e-04
 Reference value :  9.76840e-04
 Reference value :  9.79340e-04
 Reference value :  9.81840e-04
 Reference value :  9.84340e-04
 Reference value :  9.86840e-04
 Reference value :  9.89340e-04
 Reference value :  9.91840e-04
 Reference value :  9.94340e-04
 Reference value :  9.96840e-04
 Reference value :  9.98840e-04
 Reference value :  1.00084e-03
 Reference value :  1.00284e-03
 Reference value :  1.00534e-03
 Reference value :  1.00834e-03
 Reference value :  1.00984e-03
 Reference value :  1.01184e-03
 Reference value :  1.01384e-03
 Reference value :  1.01534e-03
 Reference value :  1.01734e-03
 Reference value :  1.01984e-03
 Reference value :  1.02234e-03
 Reference value :  1.02484e-03
 Reference value :  1.02734e-03
 Reference value :  1.02984e-03
 Reference value :  1.03234e-03
 Reference value :  1.03484e-03
 Reference value :  1.03734e-03
 Reference value :  1.04034e-03
 Reference value :  1.04284e-03
 Reference value :  1.04584e-03
 Reference value :  1.04834e-03
 Reference value :  1.05084e-03
 Reference value :  1.05284e-03
 Reference value :  1.05484e-03
 Reference value :  1.05684e-03
 Reference value :  1.05934e-03
 Reference value :  1.06134e-03
 Reference value :  1.06284e-03
 Reference value :  1.06384e-03
 Reference value :  1.06584e-03
 Reference value :  1.06784e-03
 Reference value :  1.06984e-03
 Reference value :  1.07184e-03
 Reference value :  1.07384e-03
 Reference value :  1.07584e-03
 Reference value :  1.07834e-03
 Reference value :  1.08034e-03
 Reference value :  1.08334e-03
 Reference value :  1.08634e-03
 Reference value :  1.08884e-03
 Reference value :  1.09134e-03
 Reference value :  1.09334e-03
 Reference value :  1.09534e-03
 Reference value :  1.09734e-03
 Reference value :  1.09934e-03
 Reference value :  1.10134e-03
 Reference value :  1.10334e-03
 Reference value :  1.10534e-03
 Reference value :  1.10734e-03
 Reference value :  1.11034e-03
 Reference value :  1.11334e-03
 Reference value :  1.11634e-03
 Reference value :  1.11934e-03
 Reference value :  1.12284e-03
 Reference value :  1.12584e-03
 Reference value :  1.12884e-03
 Reference value :  1.13084e-03
 Reference value :  1.13384e-03
 Reference value :  1.13734e-03
 Reference value :  1.14084e-03
 Reference value :  1.14384e-03
 Reference value :  1.14634e-03
 Reference value :  1.14984e-03
 Reference value :  1.15284e-03
 Reference value :  1.15534e-03
 Reference value :  1.15884e-03
 Reference value :  1.16134e-03
 Reference value :  1.16434e-03
 Reference value :  1.16734e-03
 Reference value :  1.17084e-03
 Reference value :  1.17334e-03
 Reference value :  1.17534e-03
 Reference value :  1.17734e-03
 Reference value :  1.17934e-03
 Reference value :  1.18134e-03
 Reference value :  1.18334e-03
 Reference value :  1.18584e-03
 Reference value :  1.18834e-03
 Reference value :  1.19034e-03
 Reference value :  1.19334e-03
 Reference value :  1.19584e-03
 Reference value :  1.19834e-03
 Reference value :  1.20084e-03
 Reference value :  1.20384e-03
 Reference value :  1.20684e-03
 Reference value :  1.20884e-03
 Reference value :  1.21084e-03
 Reference value :  1.21334e-03
 Reference value :  1.21684e-03
 Reference value :  1.22034e-03
 Reference value :  1.22334e-03
 Reference value :  1.22634e-03
 Reference value :  1.22834e-03
 Reference value :  1.23034e-03
 Reference value :  1.23234e-03
 Reference value :  1.23534e-03
 Reference value :  1.23734e-03
 Reference value :  1.23884e-03
 Reference value :  1.24084e-03
 Reference value :  1.24284e-03
 Reference value :  1.24484e-03
 Reference value :  1.24684e-03
 Reference value :  1.24884e-03
 Reference value :  1.25084e-03
 Reference value :  1.25334e-03
 Reference value :  1.25534e-03
 Reference value :  1.25784e-03
 Reference value :  1.26234e-03
 Reference value :  1.26534e-03
 Reference value :  1.26734e-03
 Reference value :  1.26984e-03
 Reference value :  1.27184e-03
 Reference value :  1.27384e-03
 Reference value :  1.27584e-03
 Reference value :  1.27834e-03
 Reference value :  1.28084e-03
 Reference value :  1.28334e-03
 Reference value :  1.28634e-03
 Reference value :  1.28884e-03
 Reference value :  1.29084e-03
 Reference value :  1.29334e-03
 Reference value :  1.29584e-03
 Reference value :  1.29834e-03
 Reference value :  1.30084e-03
 Reference value :  1.30334e-03
 Reference value :  1.30534e-03
 Reference value :  1.30784e-03
 Reference value :  1.30984e-03
 Reference value :  1.31184e-03
 Reference value :  1.31434e-03
 Reference value :  1.31684e-03
 Reference value :  1.31884e-03
 Reference value :  1.32084e-03
 Reference value :  1.32334e-03
 Reference value :  1.32534e-03
 Reference value :  1.32734e-03
 Reference value :  1.32934e-03
 Reference value :  1.33184e-03
 Reference value :  1.33434e-03
 Reference value :  1.33684e-03
 Reference value :  1.33884e-03
 Reference value :  1.34134e-03
 Reference value :  1.34384e-03
 Reference value :  1.34584e-03
 Reference value :  1.34984e-03
 Reference value :  1.35184e-03
 Reference value :  1.35384e-03
 Reference value :  1.35584e-03
 Reference value :  1.35734e-03
 Reference value :  1.35884e-03
 Reference value :  1.36084e-03
 Reference value :  1.36384e-03
 Reference value :  1.36634e-03
 Reference value :  1.36834e-03
 Reference value :  1.37034e-03
 Reference value :  1.37284e-03
 Reference value :  1.37484e-03
 Reference value :  1.37684e-03
 Reference value :  1.37934e-03
 Reference value :  1.38084e-03
 Reference value :  1.38284e-03
 Reference value :  1.38484e-03
 Reference value :  1.38634e-03
 Reference value :  1.38784e-03
 Reference value :  1.38934e-03
 Reference value :  1.39134e-03
 Reference value :  1.39334e-03
 Reference value :  1.39534e-03
 Reference value :  1.39784e-03
 Reference value :  1.40034e-03
 Reference value :  1.40184e-03
 Reference value :  1.40484e-03
 Reference value :  1.40784e-03
 Reference value :  1.40984e-03
 Reference value :  1.41184e-03
 Reference value :  1.41334e-03
 Reference value :  1.41584e-03
 Reference value :  1.41934e-03
 Reference value :  1.42234e-03
 Reference value :  1.42384e-03
 Reference value :  1.42634e-03
 Reference value :  1.42934e-03
 Reference value :  1.43184e-03
 Reference value :  1.43384e-03
 Reference value :  1.43634e-03
 Reference value :  1.43884e-03
 Reference value :  1.44184e-03
 Reference value :  1.44434e-03
 Reference value :  1.44634e-03
 Reference value :  1.44884e-03
 Reference value :  1.45184e-03
 Reference value :  1.45384e-03
 Reference value :  1.45584e-03
 Reference value :  1.45784e-03
 Reference value :  1.46034e-03
 Reference value :  1.46284e-03
 Reference value :  1.46534e-03
 Reference value :  1.46784e-03
 Reference value :  1.47034e-03
 Reference value :  1.47284e-03
 Reference value :  1.47484e-03
 Reference value :  1.47684e-03
 Reference value :  1.47884e-03
 Reference value :  1.48084e-03
 Reference value :  1.48334e-03
 Reference value :  1.48534e-03
 Reference value :  1.48784e-03
 Reference value :  1.48984e-03
 Reference value :  1.49134e-03
 Reference value :  1.49534e-03
 Reference value :  1.49834e-03
 Reference value :  1.50134e-03
 Reference value :  1.50384e-03
 Reference value :  1.50584e-03
 Reference value :  1.50784e-03
 Reference value :  1.50984e-03
 Reference value :  1.51184e-03
 Reference value :  1.51434e-03
 Reference value :  1.51634e-03
 Reference value :  1.51884e-03
 Reference value :  1.52134e-03
 Reference value :  1.52384e-03
 Reference value :  1.52584e-03
 Reference value :  1.52784e-03
 Reference value :  1.52984e-03
 Reference value :  1.53234e-03
 Reference value :  1.53534e-03
 Reference value :  1.53834e-03
 Reference value :  1.54084e-03
 Reference value :  1.54284e-03
 Reference value :  1.54534e-03
 Reference value :  1.54784e-03
 Reference value :  1.55034e-03
 Reference value :  1.55234e-03
 Reference value :  1.55434e-03
 Reference value :  1.55684e-03
 Reference value :  1.55934e-03
 Reference value :  1.56184e-03
 Reference value :  1.56434e-03
 Reference value :  1.56684e-03
 Reference value :  1.56934e-03
 Reference value :  1.57184e-03
 Reference value :  1.57434e-03
 Reference value :  1.57684e-03
 Reference value :  1.57934e-03
 Reference value :  1.58184e-03
 Reference value :  1.58384e-03
 Reference value :  1.58584e-03
 Reference value :  1.58784e-03
 Reference value :  1.58984e-03
 Reference value :  1.59134e-03
 Reference value :  1.59334e-03
 Reference value :  1.59534e-03
 Reference value :  1.59784e-03
 Reference value :  1.60034e-03
 Reference value :  1.60284e-03
 Reference value :  1.60534e-03
 Reference value :  1.60734e-03
 Reference value :  1.60934e-03
 Reference value :  1.61134e-03
 Reference value :  1.61334e-03
 Reference value :  1.61584e-03
 Reference value :  1.61884e-03
 Reference value :  1.62134e-03
 Reference value :  1.62334e-03
 Reference value :  1.62484e-03
 Reference value :  1.62684e-03
 Reference value :  1.62834e-03
 Reference value :  1.63034e-03
 Reference value :  1.63234e-03
 Reference value :  1.63484e-03
 Reference value :  1.63684e-03
 Reference value :  1.63934e-03
 Reference value :  1.64234e-03
 Reference value :  1.64484e-03
 Reference value :  1.64634e-03
 Reference value :  1.64834e-03
 Reference value :  1.65034e-03
 Reference value :  1.65184e-03
 Reference value :  1.65384e-03
 Reference value :  1.65534e-03
 Reference value :  1.65684e-03
 Reference value :  1.65884e-03
 Reference value :  1.66084e-03
 Reference value :  1.66284e-03
 Reference value :  1.66484e-03
 Reference value :  1.66684e-03
 Reference value :  1.66834e-03
 Reference value :  1.67034e-03
 Reference value :  1.67234e-03
 Reference value :  1.67434e-03
 Reference value :  1.67634e-03
 Reference value :  1.67784e-03
 Reference value :  1.68034e-03
 Reference value :  1.68234e-03
 Reference value :  1.68384e-03
 Reference value :  1.68584e-03
 Reference value :  1.68884e-03
 Reference value :  1.69084e-03
 Reference value :  1.69284e-03
 Reference value :  1.69484e-03
 Reference value :  1.69734e-03
 Reference value :  1.69934e-03
 Reference value :  1.70084e-03
 Reference value :  1.70234e-03
 Reference value :  1.70434e-03
 Reference value :  1.70634e-03
 Reference value :  1.70834e-03
 Reference value :  1.71084e-03
 Reference value :  1.71334e-03
 Reference value :  1.71534e-03
 Reference value :  1.71784e-03
 Reference value :  1.71984e-03
 Reference value :  1.72234e-03
 Reference value :  1.72434e-03
 Reference value :  1.72684e-03
 Reference value :  1.72984e-03
 Reference value :  1.73184e-03
 Reference value :  1.73434e-03
 Reference value :  1.73584e-03
 Reference value :  1.73784e-03
 Reference value :  1.73984e-03
 Reference value :  1.74184e-03
 Reference value :  1.74384e-03
 Reference value :  1.74584e-03
 Reference value :  1.74834e-03
 Reference value :  1.75084e-03
 Reference value :  1.75284e-03
 Reference value :  1.75484e-03
 Reference value :  1.75634e-03
 Reference value :  1.75784e-03
 Reference value :  1.75984e-03
 Reference value :  1.76184e-03
 Reference value :  1.76384e-03
 Reference value :  1.76584e-03
 Reference value :  1.76834e-03
 Reference value :  1.77034e-03
 Reference value :  1.77234e-03
 Reference value :  1.77434e-03
 Reference value :  1.77684e-03
 Reference value :  1.77884e-03
 Reference value :  1.78034e-03
 Reference value :  1.78184e-03
 Reference value :  1.78384e-03
 Reference value :  1.78634e-03
 Reference value :  1.78784e-03
 Reference value :  1.79034e-03
 Reference value :  1.79284e-03
 Reference value :  1.79584e-03
 Reference value :  1.79834e-03
 Reference value :  1.80084e-03
 Reference value :  1.80334e-03
 Reference value :  1.80534e-03
 Reference value :  1.80884e-03
 Reference value :  1.81084e-03
 Reference value :  1.81234e-03
 Reference value :  1.81434e-03
 Reference value :  1.81634e-03
 Reference value :  1.81834e-03
 Reference value :  1.82084e-03
 Reference value :  1.82284e-03
 Reference value :  1.82484e-03
 Reference value :  1.82684e-03
 Reference value :  1.82884e-03
 Reference value :  1.83134e-03
 Reference value :  1.83384e-03
 Reference value :  1.83634e-03
 Reference value :  1.83884e-03
 Reference value :  1.84084e-03
 Reference value :  1.84234e-03
 Reference value :  1.84434e-03
 Reference value :  1.84684e-03
 Reference value :  1.84884e-03
 Reference value :  1.85134e-03
 Reference value :  1.85334e-03
 Reference value :  1.85484e-03
 Reference value :  1.85684e-03
 Reference value :  1.85934e-03
 Reference value :  1.86134e-03
 Reference value :  1.86334e-03
 Reference value :  1.86534e-03
 Reference value :  1.86734e-03
 Reference value :  1.86934e-03
 Reference value :  1.87184e-03
 Reference value :  1.87384e-03
 Reference value :  1.87634e-03
 Reference value :  1.87884e-03
 Reference value :  1.88084e-03
 Reference value :  1.88284e-03
 Reference value :  1.88484e-03
 Reference value :  1.88734e-03
 Reference value :  1.88934e-03
 Reference value :  1.89134e-03
 Reference value :  1.89334e-03
 Reference value :  1.89584e-03
 Reference value :  1.89834e-03
 Reference value :  1.90084e-03
 Reference value :  1.90384e-03
 Reference value :  1.90684e-03
 Reference value :  1.90884e-03
 Reference value :  1.91184e-03
 Reference value :  1.91434e-03
 Reference value :  1.91684e-03
 Reference value :  1.91884e-03
 Reference value :  1.92134e-03
 Reference value :  1.92384e-03
 Reference value :  1.92684e-03
 Reference value :  1.92934e-03
 Reference value :  1.93234e-03
 Reference value :  1.93484e-03
 Reference value :  1.93784e-03
 Reference value :  1.94084e-03
 Reference value :  1.94334e-03
 Reference value :  1.94634e-03
 Reference value :  1.94934e-03
 Reference value :  1.95234e-03
 Reference value :  1.95584e-03
 Reference value :  1.95884e-03
 Reference value :  1.96184e-03
 Reference value :  1.96384e-03
 Reference value :  1.96634e-03
 Reference value :  1.96934e-03
 Reference value :  1.97134e-03
 Reference value :  1.97334e-03
 Reference value :  1.97634e-03
 Reference value :  1.97934e-03
 Reference value :  1.98234e-03
 Reference value :  1.98484e-03
 Reference value :  1.98734e-03
 Reference value :  1.98934e-03
 Reference value :  1.99134e-03
 Reference value :  1.99334e-03
 Reference value :  1.99584e-03
 Reference value :  1.99884e-03
 Reference value :  2.00134e-03
 Reference value :  2.00334e-03
 Reference value :  2.00534e-03
 Reference value :  2.00784e-03
 Reference value :  2.01084e-03
 Reference value :  2.01534e-03
 Reference value :  2.01784e-03
 Reference value :  2.01984e-03
 Reference value :  2.02184e-03
 Reference value :  2.02384e-03
 Reference value :  2.02584e-03
 Reference value :  2.02784e-03
 Reference value :  2.03034e-03
 Reference value :  2.03284e-03
 Reference value :  2.03534e-03
 Reference value :  2.03834e-03
 Reference value :  2.04134e-03
 Reference value :  2.04434e-03
 Reference value :  2.04734e-03
 Reference value :  2.04984e-03
 Reference value :  2.05184e-03
 Reference value :  2.05434e-03
 Reference value :  2.05634e-03
 Reference value :  2.05884e-03
 Reference value :  2.06134e-03
 Reference value :  2.06334e-03
 Reference value :  2.06584e-03
 Reference value :  2.06884e-03
 Reference value :  2.07234e-03
 Reference value :  2.07434e-03
 Reference value :  2.07634e-03
 Reference value :  2.07784e-03
 Reference value :  2.07984e-03
 Reference value :  2.08184e-03
 Reference value :  2.08434e-03
 Reference value :  2.08634e-03
 Reference value :  2.08834e-03
 Reference value :  2.09034e-03
 Reference value :  2.09184e-03
 Reference value :  2.09434e-03
 Reference value :  2.09734e-03
 Reference value :  2.10034e-03
 Reference value :  2.10284e-03
 Reference value :  2.10534e-03
 Reference value :  2.10734e-03
 Reference value :  2.10984e-03
 Reference value :  2.11284e-03
 Reference value :  2.11584e-03
 Reference value :  2.11784e-03
 Reference value :  2.12084e-03
 Reference value :  2.12384e-03
 Reference value :  2.12734e-03
 Reference value :  2.13084e-03
 Reference value :  2.13334e-03
 Reference value :  2.13534e-03
 Reference value :  2.13884e-03
 Reference value :  2.14184e-03
 Reference value :  2.14384e-03
 Reference value :  2.14584e-03
 Reference value :  2.14784e-03
 Reference value :  2.14984e-03
 Reference value :  2.15184e-03
 Reference value :  2.15384e-03
 Reference value :  2.15584e-03
 Reference value :  2.15784e-03
 Reference value :  2.16034e-03
 Reference value :  2.16284e-03
 Reference value :  2.16484e-03
 Reference value :  2.16684e-03
 Reference value :  2.16934e-03
 Reference value :  2.17184e-03
 Reference value :  2.17384e-03
 Reference value :  2.17584e-03
 Reference value :  2.17784e-03
 Reference value :  2.17984e-03
 Reference value :  2.18184e-03
 Reference value :  2.18384e-03
 Reference value :  2.18584e-03
 Reference value :  2.18784e-03
 Reference value :  2.18984e-03
 Reference value :  2.19184e-03
 Reference value :  2.19384e-03
 Reference value :  2.19584e-03
 Reference value :  2.19734e-03
 Reference value :  2.19934e-03
 Reference value :  2.20134e-03
 Reference value :  2.20434e-03
 Reference value :  2.20784e-03
 Reference value :  2.21134e-03
 Reference value :  2.21384e-03
 Reference value :  2.21634e-03
 Reference value :  2.21934e-03
 Reference value :  2.22234e-03
 Reference value :  2.22584e-03
 Reference value :  2.22884e-03
 Reference value :  2.23234e-03
 Reference value :  2.23484e-03
 Reference value :  2.23634e-03
 Reference value :  2.23784e-03
 Reference value :  2.24034e-03
 Reference value :  2.24384e-03
 Reference value :  2.24584e-03
 Reference value :  2.24834e-03
 Reference value :  2.25134e-03
 Reference value :  2.25484e-03
 Reference value :  2.25784e-03
 Reference value :  2.26084e-03
 Reference value :  2.26384e-03
 Reference value :  2.26684e-03
 Reference value :  2.27034e-03
 Reference value :  2.27384e-03
 Reference value :  2.27634e-03
 Reference value :  2.27934e-03
 Reference value :  2.28284e-03
 Reference value :  2.28534e-03
 Reference value :  2.28834e-03
 Reference value :  2.29084e-03
 Reference value :  2.29334e-03
 Reference value :  2.29534e-03
 Reference value :  2.29734e-03
 Reference value :  2.29984e-03
 Reference value :  2.30234e-03
 Reference value :  2.30434e-03
 Reference value :  2.30684e-03
 Reference value :  2.30934e-03
 Reference value :  2.31234e-03
 Reference value :  2.31534e-03
 Reference value :  2.31884e-03
 Reference value :  2.32234e-03
 Reference value :  2.32484e-03
 Reference value :  2.32634e-03
 Reference value :  2.32834e-03
 Reference value :  2.33084e-03
 Reference value :  2.33234e-03
 Reference value :  2.33434e-03
 Reference value :  2.33634e-03
 Reference value :  2.33884e-03
 Reference value :  2.34184e-03
 Reference value :  2.34484e-03
 Reference value :  2.34784e-03
 Reference value :  2.35084e-03
 Reference value :  2.35334e-03
 Reference value :  2.35584e-03
 Reference value :  2.35934e-03
 Reference value :  2.36134e-03
 Reference value :  2.36384e-03
 Reference value :  2.36634e-03
 Reference value :  2.36884e-03
 Reference value :  2.37134e-03
 Reference value :  2.37434e-03
 Reference value :  2.37684e-03
 Reference value :  2.37984e-03
 Reference value :  2.38234e-03
 Reference value :  2.38484e-03
 Reference value :  2.38684e-03
 Reference value :  2.38984e-03
 Reference value :  2.39284e-03
 Reference value :  2.39584e-03
 Reference value :  2.39934e-03
 Reference value :  2.40234e-03
 Reference value :  2.40534e-03
 Reference value :  2.40834e-03
 Reference value :  2.41134e-03
 Reference value :  2.41384e-03
 Reference value :  2.41684e-03
 Reference value :  2.41984e-03
 Reference value :  2.42284e-03
 Reference value :  2.42584e-03
 Reference value :  2.42834e-03
 Reference value :  2.43134e-03
 Reference value :  2.43384e-03
 Reference value :  2.43584e-03
 Reference value :  2.43934e-03
 Reference value :  2.44084e-03
 Reference value :  2.44284e-03
 Reference value :  2.44534e-03
 Reference value :  2.44834e-03
 Reference value :  2.45084e-03
 Reference value :  2.45334e-03
 Reference value :  2.45534e-03
 Reference value :  2.45734e-03
 Reference value :  2.45934e-03
 Reference value :  2.46134e-03
 Reference value :  2.46384e-03
 Reference value :  2.46734e-03
 Reference value :  2.46984e-03
 Reference value :  2.47284e-03
 Reference value :  2.47584e-03
 Reference value :  2.47884e-03
 Reference value :  2.48234e-03
 Reference value :  2.48534e-03
 Reference value :  2.48784e-03
 Reference value :  2.49034e-03
 Reference value :  2.49334e-03
 Reference value :  2.49584e-03
 Reference value :  2.49834e-03
No. of Data Rows : 5033
ipre                =  -2.41086e-03 from=  4.00000e-04 to=  5.00050e-04
ish_avg             =  -1.80354e-01 from=  1.50000e-03 to=  2.50000e-03
ish_max             =  -1.80354e-01 at=  1.13834e-03
ish_min             =  -1.80449e-01 at=  6.00340e-04
vsh_max             =  1.80403e-04 at=  6.00340e-04
meas_vout_50ma_v = 1.798072e+00
meas_cl_margin_50ma_v = 2.562651e-02
meas_ilim_short_ma = 1.803139e+02
meas_ilim_knee_ma = 1.487388e+02
meas_ilim_droop_pct = -2.12286e+01
meas_ishort_sustained_ma = 1.803545e+02
meas_ishort_ripple_pct = 5.223047e-02
meas_vout_short_mv = 1.804030e-01
meas_isup_pre_short_ma = 2.410863e+00
ngspice-46 done

# ==== ngspice stderr ====
Note: Starting dynamic gmin stepping
Note: Dynamic gmin stepping completed
Note: Starting dynamic gmin stepping
Note: Dynamic gmin stepping completed
Note: Starting dynamic gmin stepping
Note: Dynamic gmin stepping completed
Note: Starting dynamic gmin stepping
Note: Dynamic gmin stepping completed
Note: Starting dynamic gmin stepping
Note: Dynamic gmin stepping completed
