# corner: ff_-40c_3.30v
# process=ff temp=-40C supply=3.30V
# ngspice exit: 0
# wall clock: 131.2s (--timeout was 900s)
# result: FAIL

# ==== deck (exact input given to ngspice) ====
| * dropout-vs-load corner deck -- generated by sim/bin/corner-run.py, do not edit
| * corner: ff_-40c_3.30v
| .param vsup=3.3
| .option wnflag=1
| .temp -40
| .lib "/home/ubuntu/.volare/sky130A/libs.tech/combined/sky130.lib.spice" ff
| ** sch_path: sim/dropout-vs-load/testbench/tb_dropout_vs_load.sch
| **.subckt tb_dropout_vs_load
| VVIN VIN 0 PWL(0 0 100u 3.63 6m 3.63 14m 1.5)
| .save i(vvin)
| VEN EN 0 PULSE(0 'vsup' 100u 1u 1u 100 200)
| .save i(ven)
| VVREF VREF 0 1.2
| .save i(vvref)
| xldo VOUT VREF EN VIN ldo_3v3in_1v8out
| COUT VOUT VESR 1u m=1
| RESR VESR 0 10m m=1
| ILOAD VOUT 0 PWL(0 0 2.5m 0 2.6m 50m)
| **.ends
| 
| * expanding   symbol:  design/ldo_3v3in_1v8out.sym # of pins=4
| ** sym_path: design/ldo_3v3in_1v8out.sym
| ** sch_path: design/ldo_3v3in_1v8out.sch
| .subckt ldo_3v3in_1v8out VOUT VREF EN VIN
| *.ipin VIN
| *.ipin EN
| *.ipin VREF
| *.opin VOUT
| XR_BIAS VIN NB 0 sky130_fd_pr__res_high_po W=0.42 L=1500 mult=1 m=1
| XM_BIASN1 NB NB BIAS_ENN 0 sky130_fd_pr__nfet_g5v0d10v5 L=1 W=4 nf=1 ad=1.16 as=1.16 pd=8.58 ps=8.58 nrd=0.0725 nrs=0.0725 sa=0
| + sb=0 sd=0 mult=1 m=1
| XM_ENN BIAS_ENN EN 0 0 sky130_fd_pr__nfet_g5v0d10v5 L=0.5 W=10 nf=1 ad=2.9 as=2.9 pd=20.58 ps=20.58 nrd=0.029 nrs=0.029 sa=0 sb=0
| + sd=0 mult=1 m=1
| XM_BIASN2 BIASP NB BIAS_ENN 0 sky130_fd_pr__nfet_g5v0d10v5 L=1 W=4 nf=1 ad=1.16 as=1.16 pd=8.58 ps=8.58 nrd=0.0725 nrs=0.0725 sa=0
| + sb=0 sd=0 mult=1 m=1
| XM_BIASP1 BIASP BIASP VIN VIN sky130_fd_pr__pfet_g5v0d10v5 L=1 W=10 nf=2 ad=1.45 as=2.9 pd=10.58 ps=21.16 nrd=0.029 nrs=0.029 sa=0
| + sb=0 sd=0 mult=1 m=1
| XM_ENP2 BIASP EN VIN VIN sky130_fd_pr__pfet_g5v0d10v5 L=0.5 W=10 nf=1 ad=2.9 as=2.9 pd=20.58 ps=20.58 nrd=0.029 nrs=0.029 sa=0
| + sb=0 sd=0 mult=1 m=1
| XM_TAIL EA_TAIL BIASP VIN VIN sky130_fd_pr__pfet_g5v0d10v5 L=2 W=40 nf=8 ad=5.8 as=7.25 pd=42.32 ps=52.9 nrd=0.00725 nrs=0.00725
| + sa=0 sb=0 sd=0 mult=1 m=1
| XM_IN1 EA_D1 FB EA_TAIL VIN sky130_fd_pr__pfet_g5v0d10v5 L=2 W=10 nf=2 ad=1.45 as=2.9 pd=10.58 ps=21.16 nrd=0.029 nrs=0.029 sa=0
| + sb=0 sd=0 mult=1 m=1
| XM_IN2 EA_D2 VREF EA_TAIL VIN sky130_fd_pr__pfet_g5v0d10v5 L=2 W=10 nf=2 ad=1.45 as=2.9 pd=10.58 ps=21.16 nrd=0.029 nrs=0.029 sa=0
| + sb=0 sd=0 mult=1 m=1
| XM_MIR1 EA_D1 EA_D1 AMP_ENN 0 sky130_fd_pr__nfet_g5v0d10v5 L=4 W=10 nf=2 ad=1.45 as=2.9 pd=10.58 ps=21.16 nrd=0.029 nrs=0.029 sa=0
| + sb=0 sd=0 mult=1 m=1
| XM_MIR2 EA_OUT EA_D1 AMP_ENN 0 sky130_fd_pr__nfet_g5v0d10v5 L=4 W=10 nf=2 ad=1.45 as=2.9 pd=10.58 ps=21.16 nrd=0.029 nrs=0.029
| + sa=0 sb=0 sd=0 mult=1 m=1
| XM_ENN2 AMP_ENN EN 0 0 sky130_fd_pr__nfet_g5v0d10v5 L=0.5 W=10 nf=1 ad=2.9 as=2.9 pd=20.58 ps=20.58 nrd=0.029 nrs=0.029 sa=0 sb=0
| + sd=0 mult=1 m=1
| XM_ENP EA_OUT EN VIN VIN sky130_fd_pr__pfet_g5v0d10v5 L=0.5 W=10 nf=1 ad=2.9 as=2.9 pd=20.58 ps=20.58 nrd=0.029 nrs=0.029 sa=0
| + sb=0 sd=0 mult=1 m=1
| XM_MIR3 EA_D2 EA_D2 AMP_ENN 0 sky130_fd_pr__nfet_g5v0d10v5 L=4 W=10 nf=2 ad=1.45 as=2.9 pd=10.58 ps=21.16 nrd=0.029 nrs=0.029 sa=0
| + sb=0 sd=0 mult=1 m=1
| XM_MIR4 PB EA_D2 AMP_ENN 0 sky130_fd_pr__nfet_g5v0d10v5 L=4 W=10 nf=2 ad=1.45 as=2.9 pd=10.58 ps=21.16 nrd=0.029 nrs=0.029 sa=0
| + sb=0 sd=0 mult=1 m=1
| XM_MIRP1 PB PB VIN VIN sky130_fd_pr__pfet_g5v0d10v5 L=4 W=20 nf=4 ad=2.9 as=4.35 pd=21.16 ps=31.74 nrd=0.0145 nrs=0.0145 sa=0 sb=0
| + sd=0 mult=1 m=1
| XM_MIRP2 EA_OUT PB VIN VIN sky130_fd_pr__pfet_g5v0d10v5 L=4 W=20 nf=4 ad=2.9 as=4.35 pd=21.16 ps=31.74 nrd=0.0145 nrs=0.0145 sa=0
| + sb=0 sd=0 mult=1 m=1
| XM_ENP5 PB EN VIN VIN sky130_fd_pr__pfet_g5v0d10v5 L=0.5 W=2 nf=1 ad=0.58 as=0.58 pd=4.58 ps=4.58 nrd=0.145 nrs=0.145 sa=0 sb=0
| + sd=0 mult=1 m=1
| XM_PASS VOUT EA_OUT VIN VIN sky130_fd_pr__pfet_g5v0d10v5 L=0.5 W=100 nf=25 ad=15.08 as=15.08 pd=111.54 ps=111.54 nrd=0.0029
| + nrs=0.0029 sa=0 sb=0 sd=0 mult=50 m=50
| C_COMP VOUT EA_CZ 150p m=1
| XR_CZ EA_CZ EA_OUT 0 sky130_fd_pr__res_xhigh_po W=0.42 L=52 mult=1 m=1
| XR_FB_A VOUT FB 0 sky130_fd_pr__res_xhigh_po W=0.42 L=180 mult=1 m=1
| XR_FB_B FB N_FBB 0 sky130_fd_pr__res_xhigh_po W=0.42 L=180 mult=1 m=1
| XR_FB_C N_FBB 0 0 sky130_fd_pr__res_xhigh_po W=0.42 L=180 mult=1 m=1
| XM_SENSE CL_SNS EA_OUT VIN VIN sky130_fd_pr__pfet_g5v0d10v5 L=0.5 W=0.42 nf=1 ad=0.1218 as=0.1218 pd=1.42 ps=1.42
| + nrd=0.69047619047619 nrs=0.69047619047619 sa=0 sb=0 sd=0 mult=2 m=2
| XM_CLN1 CL_SNS CL_SNS AMP_ENN 0 sky130_fd_pr__nfet_g5v0d10v5 L=1 W=20 nf=1 ad=5.8 as=5.8 pd=40.58 ps=40.58 nrd=0.0145 nrs=0.0145
| + sa=0 sb=0 sd=0 mult=1 m=1
| XM_CLN2 CL_CMP CL_SNS AMP_ENN 0 sky130_fd_pr__nfet_g5v0d10v5 L=1 W=1.6 nf=1 ad=0.464 as=0.464 pd=3.78 ps=3.78 nrd=0.18125
| + nrs=0.18125 sa=0 sb=0 sd=0 mult=1 m=1
| XM_CLP CL_CMP BIASP VIN VIN sky130_fd_pr__pfet_g5v0d10v5 L=1 W=10 nf=2 ad=1.45 as=2.9 pd=10.58 ps=21.16 nrd=0.029 nrs=0.029 sa=0
| + sb=0 sd=0 mult=1 m=1
| XM_CLIM EA_OUT CL_CMP VIN VIN sky130_fd_pr__pfet_g5v0d10v5 L=0.5 W=20 nf=4 ad=2.9 as=4.35 pd=21.16 ps=31.74 nrd=0.0145 nrs=0.0145
| + sa=0 sb=0 sd=0 mult=1 m=1
| XM_ENP3 CL_CMP EN VIN VIN sky130_fd_pr__pfet_g5v0d10v5 L=0.5 W=2 nf=1 ad=0.58 as=0.58 pd=4.58 ps=4.58 nrd=0.145 nrs=0.145 sa=0
| + sb=0 sd=0 mult=1 m=1
| C_CL VIN CL_CMP 1p m=1
| XM_INVP ENB EN VIN VIN sky130_fd_pr__pfet_g5v0d10v5 L=0.5 W=2 nf=1 ad=0.58 as=0.58 pd=4.58 ps=4.58 nrd=0.145 nrs=0.145 sa=0 sb=0
| + sd=0 mult=1 m=1
| XM_INVN ENB EN 0 0 sky130_fd_pr__nfet_g5v0d10v5 L=0.5 W=1 nf=1 ad=0.29 as=0.29 pd=2.58 ps=2.58 nrd=0.29 nrs=0.29 sa=0 sb=0 sd=0
| + mult=1 m=1
| XM_SSDIS SS ENB 0 0 sky130_fd_pr__nfet_g5v0d10v5 L=0.5 W=2 nf=1 ad=0.58 as=0.58 pd=4.58 ps=4.58 nrd=0.145 nrs=0.145 sa=0 sb=0 sd=0
| + mult=1 m=1
| XM_SSCHG SS BIASP VIN VIN sky130_fd_pr__pfet_g5v0d10v5 L=8 W=1 nf=1 ad=0.29 as=0.29 pd=2.58 ps=2.58 nrd=0.29 nrs=0.29 sa=0 sb=0
| + sd=0 mult=1 m=1
| C_SS SS 0 10p m=1
| XM_IN2S EA_D2 SS EA_TAIL VIN sky130_fd_pr__pfet_g5v0d10v5 L=2 W=10 nf=2 ad=1.45 as=2.9 pd=10.58 ps=21.16 nrd=0.029 nrs=0.029 sa=0
| + sb=0 sd=0 mult=1 m=1
| XM_TSPS TS_SNS BIASP VIN VIN sky130_fd_pr__pfet_g5v0d10v5 L=1 W=1.25 nf=1 ad=0.3625 as=0.3625 pd=3.08 ps=3.08 nrd=0.232 nrs=0.232
| + sa=0 sb=0 sd=0 mult=1 m=1
| XM_TSD1 TS_SNS TS_SNS TS_MID 0 sky130_fd_pr__nfet_g5v0d10v5 L=4 W=80 nf=16 ad=11.6 as=13.05 pd=84.64 ps=95.22 nrd=0.003625
| + nrs=0.003625 sa=0 sb=0 sd=0 mult=1 m=1
| XM_TSD2 TS_MID TS_MID AMP_ENN 0 sky130_fd_pr__nfet_g5v0d10v5 L=4 W=80 nf=16 ad=11.6 as=13.05 pd=84.64 ps=95.22 nrd=0.003625
| + nrs=0.003625 sa=0 sb=0 sd=0 mult=1 m=1
| XM_TSPR TS_REF BIASP VIN VIN sky130_fd_pr__pfet_g5v0d10v5 L=1 W=7 nf=1 ad=2.03 as=2.03 pd=14.58 ps=14.58 nrd=0.0414285714285714
| + nrs=0.0414285714285714 sa=0 sb=0 sd=0 mult=1 m=1
| XM_TSR1 TS_REF TS_REF AMP_ENN 0 sky130_fd_pr__nfet_g5v0d10v5 L=2 W=0.42 nf=1 ad=0.1218 as=0.1218 pd=1.42 ps=1.42
| + nrd=0.69047619047619 nrs=0.69047619047619 sa=0 sb=0 sd=0 mult=1 m=1
| XM_TCTAIL TC_TAIL NB AMP_ENN 0 sky130_fd_pr__nfet_g5v0d10v5 L=1 W=1 nf=1 ad=0.29 as=0.29 pd=2.58 ps=2.58 nrd=0.29 nrs=0.29 sa=0
| + sb=0 sd=0 mult=1 m=1
| XM_TCN1 TC_D1 TS_SNS TC_TAIL 0 sky130_fd_pr__nfet_g5v0d10v5 L=2 W=10 nf=2 ad=1.45 as=2.9 pd=10.58 ps=21.16 nrd=0.029 nrs=0.029
| + sa=0 sb=0 sd=0 mult=1 m=1
| XM_TCN2 TS_CMP TS_REF TC_TAIL 0 sky130_fd_pr__nfet_g5v0d10v5 L=2 W=10 nf=2 ad=1.45 as=2.9 pd=10.58 ps=21.16 nrd=0.029 nrs=0.029
| + sa=0 sb=0 sd=0 mult=1 m=1
| XM_TCP1 TC_D1 TC_D1 VIN VIN sky130_fd_pr__pfet_g5v0d10v5 L=2 W=10 nf=2 ad=1.45 as=2.9 pd=10.58 ps=21.16 nrd=0.029 nrs=0.029 sa=0
| + sb=0 sd=0 mult=1 m=1
| XM_TCP2 TS_CMP TC_D1 VIN VIN sky130_fd_pr__pfet_g5v0d10v5 L=2 W=10 nf=2 ad=1.45 as=2.9 pd=10.58 ps=21.16 nrd=0.029 nrs=0.029 sa=0
| + sb=0 sd=0 mult=1 m=1
| XM_TSHUT EA_OUT TS_CMP VIN VIN sky130_fd_pr__pfet_g5v0d10v5 L=0.5 W=20 nf=4 ad=2.9 as=4.35 pd=21.16 ps=31.74 nrd=0.0145 nrs=0.0145
| + sa=0 sb=0 sd=0 mult=1 m=1
| XM_TSHYSB TS_HYS BIASP VIN VIN sky130_fd_pr__pfet_g5v0d10v5 L=2 W=4.5 nf=1 ad=1.305 as=1.305 pd=9.58 ps=9.58
| + nrd=0.0644444444444444 nrs=0.0644444444444444 sa=0 sb=0 sd=0 mult=1 m=1
| XM_TSHYS TS_REF TS_CMP TS_HYS VIN sky130_fd_pr__pfet_g5v0d10v5 L=0.5 W=2 nf=1 ad=0.58 as=0.58 pd=4.58 ps=4.58 nrd=0.145 nrs=0.145
| + sa=0 sb=0 sd=0 mult=1 m=1
| XM_ENP4 TS_CMP EN VIN VIN sky130_fd_pr__pfet_g5v0d10v5 L=0.5 W=2 nf=1 ad=0.58 as=0.58 pd=4.58 ps=4.58 nrd=0.145 nrs=0.145 sa=0
| + sb=0 sd=0 mult=1 m=1
| C_TS VIN TS_CMP 1p m=1
| .ends
| 
| .control
| save all
| * ONE cold-start transient, not a `dc VVIN` sweep (issue #178, the #171
| * initial-condition contract): `uic` starts every node at its natural cold
| * value with EN low, the testbench's VEN steps high at 100us, VIN rises to
| * the sweep's own 3.63V top by 100us, the ideal 50mA sink ramps on over
| * 2.5-2.6ms once the loop is up, and the block is settled by 5.5ms. VIN is
| * then ramped DOWN 3.63V -> 1.5V over 6ms-14ms (266.3 V/s, quasi-static:
| * see the testbench header for the ramp-rate measurement) and the dropout
| * crossing is read off that ramp. There is no operating-point solve in the
| * deck at all -- the contract's `uic` + EN-edge shape, the one PR #170
| * landed for sim/mc-output-accuracy and PR for #172 landed for
| * line-/load-regulation. `td=6m` keeps the `fall=1` search off the
| * start-up ramp's own rise, so the crossing found is the dropout event.
| tran 10u 14m uic
| meas tran dropout_vin_x find v(vin) when v(vout)=1.764 fall=1 td=6m
| meas tran vout_at_max_vin_v avg v(vout) from=5.5m to=6m
| let meas_dropout_v = dropout_vin_x - 1.764
| let meas_vout_at_max_vin_v = vout_at_max_vin_v
| print meas_dropout_v
| print meas_vout_at_max_vin_v
| quit
| .endc
| .end

# ==== ngspice stdout ====

Note: Compatibility modes selected: hs a


Circuit: * dropout-vs-load corner deck -- generated by sim/bin/corner-run.py, do not edit

option SCALE: Scale is set to 1e-06 for instance and model parameters
option SCALE: Scale is set to 1e-06 for instance and model parameters
option SCALE: Scale is set to 1e-06 for instance and model parameters
option SCALE: Scale is set to 1e-06 for instance and model parameters
Doing analysis at TEMP = -40.000000 and TNOM = 27.000000

Using KLU as Direct Linear Solver
Operating point simulation skipped by 'uic',
  now using transient initial conditions.
 Reference value :  1.00000e-07
 Reference value :  1.02796e-07
 Reference value :  1.86664e-07
 Reference value :  1.52856e-06
 Reference value :  1.00000e-05
 Reference value :  1.75447e-05
 Reference value :  2.18523e-05
 Reference value :  4.17669e-05
 Reference value :  8.91815e-05
 Reference value :  1.00300e-04
 Reference value :  1.00411e-04
 Reference value :  1.00597e-04
 Reference value :  1.00773e-04
 Reference value :  1.00874e-04
 Reference value :  1.00882e-04
 Reference value :  1.00915e-04
 Reference value :  1.00928e-04
 Reference value :  1.00959e-04
 Reference value :  1.01000e-04
 Reference value :  1.01026e-04
 Reference value :  1.01070e-04
 Reference value :  1.01201e-04
 Reference value :  1.01463e-04
 Reference value :  1.01597e-04
 Reference value :  1.01703e-04
 Reference value :  1.01982e-04
 Reference value :  1.02292e-04
 Reference value :  1.02462e-04
 Reference value :  1.02664e-04
 Reference value :  1.05777e-04
 Reference value :  1.08756e-04
 Reference value :  1.15025e-04
 Reference value :  1.33861e-04
 Reference value :  1.73414e-04
 Reference value :  2.13414e-04
 Reference value :  2.53414e-04
 Reference value :  2.93414e-04
 Reference value :  3.23414e-04
 Reference value :  3.53414e-04
 Reference value :  3.83414e-04
 Reference value :  4.23414e-04
 Reference value :  4.53414e-04
 Reference value :  4.83414e-04
 Reference value :  5.13414e-04
 Reference value :  5.33414e-04
 Reference value :  5.53414e-04
 Reference value :  5.63414e-04
 Reference value :  5.83414e-04
 Reference value :  5.93414e-04
 Reference value :  6.03414e-04
 Reference value :  6.13414e-04
 Reference value :  6.23414e-04
 Reference value :  6.33414e-04
 Reference value :  6.43414e-04
 Reference value :  6.53414e-04
 Reference value :  6.63414e-04
 Reference value :  6.83414e-04
 Reference value :  7.03414e-04
 Reference value :  7.23414e-04
 Reference value :  7.53414e-04
 Reference value :  8.03414e-04
 Reference value :  1.05341e-03
 Reference value :  1.09341e-03
 Reference value :  1.13341e-03
 Reference value :  1.17341e-03
 Reference value :  1.21341e-03
 Reference value :  1.25341e-03
 Reference value :  1.30341e-03
 Reference value :  1.34341e-03
 Reference value :  1.38341e-03
 Reference value :  1.42341e-03
 Reference value :  1.46341e-03
 Reference value :  1.51341e-03
 Reference value :  1.55341e-03
 Reference value :  1.59341e-03
 Reference value :  1.62341e-03
 Reference value :  1.66341e-03
 Reference value :  1.70341e-03
 Reference value :  1.74341e-03
 Reference value :  1.77341e-03
 Reference value :  1.81341e-03
 Reference value :  1.85341e-03
 Reference value :  1.89341e-03
 Reference value :  1.93341e-03
 Reference value :  1.98341e-03
 Reference value :  2.02341e-03
 Reference value :  2.06341e-03
 Reference value :  2.09341e-03
 Reference value :  2.13341e-03
 Reference value :  2.17341e-03
 Reference value :  2.20341e-03
 Reference value :  2.24341e-03
 Reference value :  2.28341e-03
 Reference value :  2.32341e-03
 Reference value :  2.36341e-03
 Reference value :  2.40341e-03
 Reference value :  2.44341e-03
 Reference value :  2.48341e-03
 Reference value :  2.50300e-03
 Reference value :  2.52103e-03
 Reference value :  2.53933e-03
 Reference value :  2.55540e-03
 Reference value :  2.59058e-03
 Reference value :  2.60700e-03
 Reference value :  2.64318e-03
 Reference value :  2.68318e-03
 Reference value :  2.79318e-03
 Reference value :  2.83318e-03
 Reference value :  2.87318e-03
 Reference value :  2.91318e-03
 Reference value :  2.94318e-03
 Reference value :  3.00318e-03
 Reference value :  3.04318e-03
 Reference value :  3.09318e-03
 Reference value :  3.13318e-03
 Reference value :  3.17318e-03
 Reference value :  3.21318e-03
 Reference value :  3.25318e-03
 Reference value :  3.29318e-03
 Reference value :  3.32318e-03
 Reference value :  3.36318e-03
 Reference value :  3.40318e-03
 Reference value :  3.44318e-03
 Reference value :  3.48318e-03
 Reference value :  3.52318e-03
 Reference value :  3.55318e-03
 Reference value :  3.59318e-03
 Reference value :  3.63318e-03
 Reference value :  3.67318e-03
 Reference value :  3.72318e-03
 Reference value :  3.77318e-03
 Reference value :  3.81318e-03
 Reference value :  3.85318e-03
 Reference value :  3.90318e-03
 Reference value :  3.94318e-03
 Reference value :  3.98318e-03
 Reference value :  4.02318e-03
 Reference value :  4.06318e-03
 Reference value :  4.10318e-03
 Reference value :  4.13318e-03
 Reference value :  4.17318e-03
 Reference value :  4.21318e-03
 Reference value :  4.26318e-03
 Reference value :  4.30318e-03
 Reference value :  4.34318e-03
 Reference value :  4.38318e-03
 Reference value :  4.42318e-03
 Reference value :  4.46318e-03
 Reference value :  4.50318e-03
 Reference value :  4.74318e-03
 Reference value :  4.78318e-03
 Reference value :  4.82318e-03
 Reference value :  4.85318e-03
 Reference value :  4.89318e-03
 Reference value :  4.93318e-03
 Reference value :  4.97318e-03
 Reference value :  5.02318e-03
 Reference value :  5.06318e-03
 Reference value :  5.09318e-03
 Reference value :  5.13318e-03
 Reference value :  5.17318e-03
 Reference value :  5.33318e-03
 Reference value :  5.37318e-03
 Reference value :  5.40318e-03
 Reference value :  5.44318e-03
 Reference value :  5.48318e-03
 Reference value :  5.52318e-03
 Reference value :  5.56318e-03
 Reference value :  5.60318e-03
 Reference value :  5.64318e-03
 Reference value :  5.68318e-03
 Reference value :  5.72318e-03
 Reference value :  5.76318e-03
 Reference value :  5.80318e-03
 Reference value :  5.84318e-03
 Reference value :  5.88318e-03
 Reference value :  5.91318e-03
 Reference value :  5.95318e-03
 Reference value :  5.99159e-03
 Reference value :  6.01500e-03
 Reference value :  6.05500e-03
 Reference value :  6.09500e-03
 Reference value :  6.13500e-03
 Reference value :  6.18500e-03
 Reference value :  6.21500e-03
 Reference value :  6.25500e-03
 Reference value :  6.29500e-03
 Reference value :  6.33500e-03
 Reference value :  6.37500e-03
 Reference value :  6.40500e-03
 Reference value :  6.44500e-03
 Reference value :  6.48500e-03
 Reference value :  6.52500e-03
 Reference value :  6.56500e-03
 Reference value :  6.60500e-03
 Reference value :  6.63500e-03
 Reference value :  6.67500e-03
 Reference value :  6.70500e-03
 Reference value :  6.74500e-03
 Reference value :  6.78500e-03
 Reference value :  6.82500e-03
 Reference value :  6.86500e-03
 Reference value :  6.90500e-03
 Reference value :  6.94500e-03
 Reference value :  6.99500e-03
 Reference value :  7.02500e-03
 Reference value :  7.06500e-03
 Reference value :  7.10500e-03
 Reference value :  7.14500e-03
 Reference value :  7.18500e-03
 Reference value :  7.23500e-03
 Reference value :  7.27500e-03
 Reference value :  7.31500e-03
 Reference value :  7.34500e-03
 Reference value :  7.38500e-03
 Reference value :  7.42500e-03
 Reference value :  7.46500e-03
 Reference value :  7.50500e-03
 Reference value :  7.53500e-03
 Reference value :  7.58500e-03
 Reference value :  7.62500e-03
 Reference value :  7.66500e-03
 Reference value :  7.70500e-03
 Reference value :  7.75500e-03
 Reference value :  7.79500e-03
 Reference value :  7.83500e-03
 Reference value :  7.87500e-03
 Reference value :  7.91500e-03
 Reference value :  7.95500e-03
 Reference value :  8.00500e-03
 Reference value :  8.03500e-03
 Reference value :  8.07500e-03
 Reference value :  8.11500e-03
 Reference value :  8.15500e-03
 Reference value :  8.19500e-03
 Reference value :  8.39500e-03
 Reference value :  8.42500e-03
 Reference value :  8.52500e-03
 Reference value :  8.56500e-03
 Reference value :  8.60500e-03
 Reference value :  8.63500e-03
 Reference value :  8.66500e-03
 Reference value :  8.70500e-03
 Reference value :  8.74500e-03
 Reference value :  8.78500e-03
 Reference value :  8.82500e-03
 Reference value :  8.85500e-03
 Reference value :  8.88500e-03
 Reference value :  8.92500e-03
 Reference value :  8.96500e-03
 Reference value :  9.00500e-03
 Reference value :  9.04500e-03
 Reference value :  9.08500e-03
 Reference value :  9.12500e-03
 Reference value :  9.16500e-03
 Reference value :  9.21500e-03
 Reference value :  9.25500e-03
 Reference value :  9.31500e-03
 Reference value :  9.35500e-03
 Reference value :  9.38500e-03
 Reference value :  9.48500e-03
 Reference value :  9.52500e-03
 Reference value :  9.62500e-03
 Reference value :  9.76500e-03
 Reference value :  9.80500e-03
 Reference value :  9.84500e-03
 Reference value :  9.88500e-03
 Reference value :  9.92500e-03
 Reference value :  9.96500e-03
 Reference value :  1.00050e-02
 Reference value :  1.00450e-02
 Reference value :  1.00850e-02
 Reference value :  1.01250e-02
 Reference value :  1.01650e-02
 Reference value :  1.02050e-02
 Reference value :  1.02450e-02
 Reference value :  1.02850e-02
 Reference value :  1.03250e-02
 Reference value :  1.03650e-02
 Reference value :  1.04050e-02
 Reference value :  1.04450e-02
 Reference value :  1.04850e-02
 Reference value :  1.05250e-02
 Reference value :  1.05750e-02
 Reference value :  1.07950e-02
 Reference value :  1.08350e-02
 Reference value :  1.08750e-02
 Reference value :  1.09150e-02
 Reference value :  1.09550e-02
 Reference value :  1.10050e-02
 Reference value :  1.10450e-02
 Reference value :  1.10750e-02
 Reference value :  1.11150e-02
 Reference value :  1.11550e-02
 Reference value :  1.11950e-02
 Reference value :  1.12350e-02
 Reference value :  1.12750e-02
 Reference value :  1.13150e-02
 Reference value :  1.13550e-02
 Reference value :  1.13950e-02
 Reference value :  1.14350e-02
 Reference value :  1.14750e-02
 Reference value :  1.15150e-02
 Reference value :  1.15550e-02
 Reference value :  1.15950e-02
 Reference value :  1.16350e-02
 Reference value :  1.16750e-02
 Reference value :  1.17150e-02
 Reference value :  1.17550e-02
 Reference value :  1.18050e-02
 Reference value :  1.18450e-02
 Reference value :  1.18850e-02
 Reference value :  1.19250e-02
 Reference value :  1.19650e-02
 Reference value :  1.20050e-02
 Reference value :  1.20450e-02
 Reference value :  1.20750e-02
 Reference value :  1.21150e-02
 Reference value :  1.21550e-02
 Reference value :  1.21950e-02
 Reference value :  1.22350e-02
 Reference value :  1.22850e-02
 Reference value :  1.23350e-02
 Reference value :  1.24250e-02
 Reference value :  1.24550e-02
 Reference value :  1.24950e-02
 Reference value :  1.25350e-02
 Reference value :  1.25750e-02
 Reference value :  1.26150e-02
 Reference value :  1.26550e-02
 Reference value :  1.26950e-02
 Reference value :  1.27350e-02
 Reference value :  1.29750e-02
 Reference value :  1.30150e-02
 Reference value :  1.30450e-02
 Reference value :  1.30850e-02
 Reference value :  1.31150e-02
 Reference value :  1.31550e-02
 Reference value :  1.31950e-02
 Reference value :  1.32450e-02
 Reference value :  1.32850e-02
 Reference value :  1.33150e-02
 Reference value :  1.33550e-02
 Reference value :  1.33950e-02
 Reference value :  1.34350e-02
 Reference value :  1.34650e-02
 Reference value :  1.35050e-02
 Reference value :  1.35450e-02
 Reference value :  1.35850e-02
 Reference value :  1.36250e-02
 Reference value :  1.36650e-02
 Reference value :  1.37050e-02
 Reference value :  1.37450e-02
 Reference value :  1.37850e-02
 Reference value :  1.38250e-02
 Reference value :  1.38650e-02
 Reference value :  1.39050e-02
 Reference value :  1.39450e-02
 Reference value :  1.39850e-02
No. of Data Rows : 1482
dropout_vin_x       =  2.42244e+00
vout_at_max_vin_v   =  1.79913e+00 from=  5.50000e-03 to=  6.00100e-03
meas_dropout_v = 6.584440e-01
meas_vout_at_max_vin_v = 1.799134e+00
ngspice-46 done

# ==== ngspice stderr ====

