# corner: ff_-40c_3.63v
# process=ff temp=-40C supply=3.63V
# ngspice exit: 0
# wall clock: 136.8s (--timeout was 900s)
# result: FAIL

# ==== deck (exact input given to ngspice) ====
| * dropout-vs-load corner deck -- generated by sim/bin/corner-run.py, do not edit
| * corner: ff_-40c_3.63v
| .param vsup=3.63
| .option wnflag=1
| .temp -40
| .lib "/home/ubuntu/.volare/sky130A/libs.tech/combined/sky130.lib.spice" ff
| ** sch_path: sim/dropout-vs-load/testbench/tb_dropout_vs_load.sch
| **.subckt tb_dropout_vs_load
| VVIN VIN 0 PWL(0 0 100u 3.63 6m 3.63 14m 1.5)
| .save i(vvin)
| VEN EN 0 PULSE(0 'vsup' 100u 1u 1u 100 200)
| .save i(ven)
| VVREF VREF 0 1.2
| .save i(vvref)
| xldo VOUT VREF EN VIN ldo_3v3in_1v8out
| COUT VOUT VESR 1u m=1
| RESR VESR 0 10m m=1
| ILOAD VOUT 0 PWL(0 0 2.5m 0 2.6m 50m)
| **.ends
| 
| * expanding   symbol:  design/ldo_3v3in_1v8out.sym # of pins=4
| ** sym_path: design/ldo_3v3in_1v8out.sym
| ** sch_path: design/ldo_3v3in_1v8out.sch
| .subckt ldo_3v3in_1v8out VOUT VREF EN VIN
| *.ipin VIN
| *.ipin EN
| *.ipin VREF
| *.opin VOUT
| XR_BIAS VIN NB 0 sky130_fd_pr__res_high_po W=0.42 L=1500 mult=1 m=1
| XM_BIASN1 NB NB BIAS_ENN 0 sky130_fd_pr__nfet_g5v0d10v5 L=1 W=4 nf=1 ad=1.16 as=1.16 pd=8.58 ps=8.58 nrd=0.0725 nrs=0.0725 sa=0
| + sb=0 sd=0 mult=1 m=1
| XM_ENN BIAS_ENN EN 0 0 sky130_fd_pr__nfet_g5v0d10v5 L=0.5 W=10 nf=1 ad=2.9 as=2.9 pd=20.58 ps=20.58 nrd=0.029 nrs=0.029 sa=0 sb=0
| + sd=0 mult=1 m=1
| XM_BIASN2 BIASP NB BIAS_ENN 0 sky130_fd_pr__nfet_g5v0d10v5 L=1 W=4 nf=1 ad=1.16 as=1.16 pd=8.58 ps=8.58 nrd=0.0725 nrs=0.0725 sa=0
| + sb=0 sd=0 mult=1 m=1
| XM_BIASP1 BIASP BIASP VIN VIN sky130_fd_pr__pfet_g5v0d10v5 L=1 W=10 nf=2 ad=1.45 as=2.9 pd=10.58 ps=21.16 nrd=0.029 nrs=0.029 sa=0
| + sb=0 sd=0 mult=1 m=1
| XM_ENP2 BIASP EN VIN VIN sky130_fd_pr__pfet_g5v0d10v5 L=0.5 W=10 nf=1 ad=2.9 as=2.9 pd=20.58 ps=20.58 nrd=0.029 nrs=0.029 sa=0
| + sb=0 sd=0 mult=1 m=1
| XM_TAIL EA_TAIL BIASP VIN VIN sky130_fd_pr__pfet_g5v0d10v5 L=2 W=40 nf=8 ad=5.8 as=7.25 pd=42.32 ps=52.9 nrd=0.00725 nrs=0.00725
| + sa=0 sb=0 sd=0 mult=1 m=1
| XM_IN1 EA_D1 FB EA_TAIL VIN sky130_fd_pr__pfet_g5v0d10v5 L=2 W=10 nf=2 ad=1.45 as=2.9 pd=10.58 ps=21.16 nrd=0.029 nrs=0.029 sa=0
| + sb=0 sd=0 mult=1 m=1
| XM_IN2 EA_D2 VREF EA_TAIL VIN sky130_fd_pr__pfet_g5v0d10v5 L=2 W=10 nf=2 ad=1.45 as=2.9 pd=10.58 ps=21.16 nrd=0.029 nrs=0.029 sa=0
| + sb=0 sd=0 mult=1 m=1
| XM_MIR1 EA_D1 EA_D1 AMP_ENN 0 sky130_fd_pr__nfet_g5v0d10v5 L=4 W=10 nf=2 ad=1.45 as=2.9 pd=10.58 ps=21.16 nrd=0.029 nrs=0.029 sa=0
| + sb=0 sd=0 mult=1 m=1
| XM_MIR2 EA_OUT EA_D1 AMP_ENN 0 sky130_fd_pr__nfet_g5v0d10v5 L=4 W=10 nf=2 ad=1.45 as=2.9 pd=10.58 ps=21.16 nrd=0.029 nrs=0.029
| + sa=0 sb=0 sd=0 mult=1 m=1
| XM_ENN2 AMP_ENN EN 0 0 sky130_fd_pr__nfet_g5v0d10v5 L=0.5 W=10 nf=1 ad=2.9 as=2.9 pd=20.58 ps=20.58 nrd=0.029 nrs=0.029 sa=0 sb=0
| + sd=0 mult=1 m=1
| XM_ENP EA_OUT EN VIN VIN sky130_fd_pr__pfet_g5v0d10v5 L=0.5 W=10 nf=1 ad=2.9 as=2.9 pd=20.58 ps=20.58 nrd=0.029 nrs=0.029 sa=0
| + sb=0 sd=0 mult=1 m=1
| XM_MIR3 EA_D2 EA_D2 AMP_ENN 0 sky130_fd_pr__nfet_g5v0d10v5 L=4 W=10 nf=2 ad=1.45 as=2.9 pd=10.58 ps=21.16 nrd=0.029 nrs=0.029 sa=0
| + sb=0 sd=0 mult=1 m=1
| XM_MIR4 PB EA_D2 AMP_ENN 0 sky130_fd_pr__nfet_g5v0d10v5 L=4 W=10 nf=2 ad=1.45 as=2.9 pd=10.58 ps=21.16 nrd=0.029 nrs=0.029 sa=0
| + sb=0 sd=0 mult=1 m=1
| XM_MIRP1 PB PB VIN VIN sky130_fd_pr__pfet_g5v0d10v5 L=4 W=20 nf=4 ad=2.9 as=4.35 pd=21.16 ps=31.74 nrd=0.0145 nrs=0.0145 sa=0 sb=0
| + sd=0 mult=1 m=1
| XM_MIRP2 EA_OUT PB VIN VIN sky130_fd_pr__pfet_g5v0d10v5 L=4 W=20 nf=4 ad=2.9 as=4.35 pd=21.16 ps=31.74 nrd=0.0145 nrs=0.0145 sa=0
| + sb=0 sd=0 mult=1 m=1
| XM_ENP5 PB EN VIN VIN sky130_fd_pr__pfet_g5v0d10v5 L=0.5 W=2 nf=1 ad=0.58 as=0.58 pd=4.58 ps=4.58 nrd=0.145 nrs=0.145 sa=0 sb=0
| + sd=0 mult=1 m=1
| XM_PASS VOUT EA_OUT VIN VIN sky130_fd_pr__pfet_g5v0d10v5 L=0.5 W=100 nf=25 ad=15.08 as=15.08 pd=111.54 ps=111.54 nrd=0.0029
| + nrs=0.0029 sa=0 sb=0 sd=0 mult=50 m=50
| C_COMP VOUT EA_CZ 150p m=1
| XR_CZ EA_CZ EA_OUT 0 sky130_fd_pr__res_xhigh_po W=0.42 L=52 mult=1 m=1
| XR_FB_A VOUT FB 0 sky130_fd_pr__res_xhigh_po W=0.42 L=180 mult=1 m=1
| XR_FB_B FB N_FBB 0 sky130_fd_pr__res_xhigh_po W=0.42 L=180 mult=1 m=1
| XR_FB_C N_FBB 0 0 sky130_fd_pr__res_xhigh_po W=0.42 L=180 mult=1 m=1
| XM_SENSE CL_SNS EA_OUT VIN VIN sky130_fd_pr__pfet_g5v0d10v5 L=0.5 W=0.42 nf=1 ad=0.1218 as=0.1218 pd=1.42 ps=1.42
| + nrd=0.69047619047619 nrs=0.69047619047619 sa=0 sb=0 sd=0 mult=2 m=2
| XM_CLN1 CL_SNS CL_SNS AMP_ENN 0 sky130_fd_pr__nfet_g5v0d10v5 L=1 W=20 nf=1 ad=5.8 as=5.8 pd=40.58 ps=40.58 nrd=0.0145 nrs=0.0145
| + sa=0 sb=0 sd=0 mult=1 m=1
| XM_CLN2 CL_CMP CL_SNS AMP_ENN 0 sky130_fd_pr__nfet_g5v0d10v5 L=1 W=1.6 nf=1 ad=0.464 as=0.464 pd=3.78 ps=3.78 nrd=0.18125
| + nrs=0.18125 sa=0 sb=0 sd=0 mult=1 m=1
| XM_CLP CL_CMP BIASP VIN VIN sky130_fd_pr__pfet_g5v0d10v5 L=1 W=10 nf=2 ad=1.45 as=2.9 pd=10.58 ps=21.16 nrd=0.029 nrs=0.029 sa=0
| + sb=0 sd=0 mult=1 m=1
| XM_CLIM EA_OUT CL_CMP VIN VIN sky130_fd_pr__pfet_g5v0d10v5 L=0.5 W=20 nf=4 ad=2.9 as=4.35 pd=21.16 ps=31.74 nrd=0.0145 nrs=0.0145
| + sa=0 sb=0 sd=0 mult=1 m=1
| XM_ENP3 CL_CMP EN VIN VIN sky130_fd_pr__pfet_g5v0d10v5 L=0.5 W=2 nf=1 ad=0.58 as=0.58 pd=4.58 ps=4.58 nrd=0.145 nrs=0.145 sa=0
| + sb=0 sd=0 mult=1 m=1
| C_CL VIN CL_CMP 1p m=1
| XM_INVP ENB EN VIN VIN sky130_fd_pr__pfet_g5v0d10v5 L=0.5 W=2 nf=1 ad=0.58 as=0.58 pd=4.58 ps=4.58 nrd=0.145 nrs=0.145 sa=0 sb=0
| + sd=0 mult=1 m=1
| XM_INVN ENB EN 0 0 sky130_fd_pr__nfet_g5v0d10v5 L=0.5 W=1 nf=1 ad=0.29 as=0.29 pd=2.58 ps=2.58 nrd=0.29 nrs=0.29 sa=0 sb=0 sd=0
| + mult=1 m=1
| XM_SSDIS SS ENB 0 0 sky130_fd_pr__nfet_g5v0d10v5 L=0.5 W=2 nf=1 ad=0.58 as=0.58 pd=4.58 ps=4.58 nrd=0.145 nrs=0.145 sa=0 sb=0 sd=0
| + mult=1 m=1
| XM_SSCHG SS BIASP VIN VIN sky130_fd_pr__pfet_g5v0d10v5 L=8 W=1 nf=1 ad=0.29 as=0.29 pd=2.58 ps=2.58 nrd=0.29 nrs=0.29 sa=0 sb=0
| + sd=0 mult=1 m=1
| C_SS SS 0 10p m=1
| XM_IN2S EA_D2 SS EA_TAIL VIN sky130_fd_pr__pfet_g5v0d10v5 L=2 W=10 nf=2 ad=1.45 as=2.9 pd=10.58 ps=21.16 nrd=0.029 nrs=0.029 sa=0
| + sb=0 sd=0 mult=1 m=1
| XM_TSPS TS_SNS BIASP VIN VIN sky130_fd_pr__pfet_g5v0d10v5 L=1 W=1.25 nf=1 ad=0.3625 as=0.3625 pd=3.08 ps=3.08 nrd=0.232 nrs=0.232
| + sa=0 sb=0 sd=0 mult=1 m=1
| XM_TSD1 TS_SNS TS_SNS TS_MID 0 sky130_fd_pr__nfet_g5v0d10v5 L=4 W=80 nf=16 ad=11.6 as=13.05 pd=84.64 ps=95.22 nrd=0.003625
| + nrs=0.003625 sa=0 sb=0 sd=0 mult=1 m=1
| XM_TSD2 TS_MID TS_MID AMP_ENN 0 sky130_fd_pr__nfet_g5v0d10v5 L=4 W=80 nf=16 ad=11.6 as=13.05 pd=84.64 ps=95.22 nrd=0.003625
| + nrs=0.003625 sa=0 sb=0 sd=0 mult=1 m=1
| XM_TSPR TS_REF BIASP VIN VIN sky130_fd_pr__pfet_g5v0d10v5 L=1 W=7 nf=1 ad=2.03 as=2.03 pd=14.58 ps=14.58 nrd=0.0414285714285714
| + nrs=0.0414285714285714 sa=0 sb=0 sd=0 mult=1 m=1
| XM_TSR1 TS_REF TS_REF AMP_ENN 0 sky130_fd_pr__nfet_g5v0d10v5 L=2 W=0.42 nf=1 ad=0.1218 as=0.1218 pd=1.42 ps=1.42
| + nrd=0.69047619047619 nrs=0.69047619047619 sa=0 sb=0 sd=0 mult=1 m=1
| XM_TCTAIL TC_TAIL NB AMP_ENN 0 sky130_fd_pr__nfet_g5v0d10v5 L=1 W=1 nf=1 ad=0.29 as=0.29 pd=2.58 ps=2.58 nrd=0.29 nrs=0.29 sa=0
| + sb=0 sd=0 mult=1 m=1
| XM_TCN1 TC_D1 TS_SNS TC_TAIL 0 sky130_fd_pr__nfet_g5v0d10v5 L=2 W=10 nf=2 ad=1.45 as=2.9 pd=10.58 ps=21.16 nrd=0.029 nrs=0.029
| + sa=0 sb=0 sd=0 mult=1 m=1
| XM_TCN2 TS_CMP TS_REF TC_TAIL 0 sky130_fd_pr__nfet_g5v0d10v5 L=2 W=10 nf=2 ad=1.45 as=2.9 pd=10.58 ps=21.16 nrd=0.029 nrs=0.029
| + sa=0 sb=0 sd=0 mult=1 m=1
| XM_TCP1 TC_D1 TC_D1 VIN VIN sky130_fd_pr__pfet_g5v0d10v5 L=2 W=10 nf=2 ad=1.45 as=2.9 pd=10.58 ps=21.16 nrd=0.029 nrs=0.029 sa=0
| + sb=0 sd=0 mult=1 m=1
| XM_TCP2 TS_CMP TC_D1 VIN VIN sky130_fd_pr__pfet_g5v0d10v5 L=2 W=10 nf=2 ad=1.45 as=2.9 pd=10.58 ps=21.16 nrd=0.029 nrs=0.029 sa=0
| + sb=0 sd=0 mult=1 m=1
| XM_TSHUT EA_OUT TS_CMP VIN VIN sky130_fd_pr__pfet_g5v0d10v5 L=0.5 W=20 nf=4 ad=2.9 as=4.35 pd=21.16 ps=31.74 nrd=0.0145 nrs=0.0145
| + sa=0 sb=0 sd=0 mult=1 m=1
| XM_TSHYSB TS_HYS BIASP VIN VIN sky130_fd_pr__pfet_g5v0d10v5 L=2 W=4.5 nf=1 ad=1.305 as=1.305 pd=9.58 ps=9.58
| + nrd=0.0644444444444444 nrs=0.0644444444444444 sa=0 sb=0 sd=0 mult=1 m=1
| XM_TSHYS TS_REF TS_CMP TS_HYS VIN sky130_fd_pr__pfet_g5v0d10v5 L=0.5 W=2 nf=1 ad=0.58 as=0.58 pd=4.58 ps=4.58 nrd=0.145 nrs=0.145
| + sa=0 sb=0 sd=0 mult=1 m=1
| XM_ENP4 TS_CMP EN VIN VIN sky130_fd_pr__pfet_g5v0d10v5 L=0.5 W=2 nf=1 ad=0.58 as=0.58 pd=4.58 ps=4.58 nrd=0.145 nrs=0.145 sa=0
| + sb=0 sd=0 mult=1 m=1
| C_TS VIN TS_CMP 1p m=1
| .ends
| 
| .control
| save all
| * ONE cold-start transient, not a `dc VVIN` sweep (issue #178, the #171
| * initial-condition contract): `uic` starts every node at its natural cold
| * value with EN low, the testbench's VEN steps high at 100us, VIN rises to
| * the sweep's own 3.63V top by 100us, the ideal 50mA sink ramps on over
| * 2.5-2.6ms once the loop is up, and the block is settled by 5.5ms. VIN is
| * then ramped DOWN 3.63V -> 1.5V over 6ms-14ms (266.3 V/s, quasi-static:
| * see the testbench header for the ramp-rate measurement) and the dropout
| * crossing is read off that ramp. There is no operating-point solve in the
| * deck at all -- the contract's `uic` + EN-edge shape, the one PR #170
| * landed for sim/mc-output-accuracy and PR for #172 landed for
| * line-/load-regulation. `td=6m` keeps the `fall=1` search off the
| * start-up ramp's own rise, so the crossing found is the dropout event.
| tran 10u 14m uic
| meas tran dropout_vin_x find v(vin) when v(vout)=1.764 fall=1 td=6m
| meas tran vout_at_max_vin_v avg v(vout) from=5.5m to=6m
| let meas_dropout_v = dropout_vin_x - 1.764
| let meas_vout_at_max_vin_v = vout_at_max_vin_v
| print meas_dropout_v
| print meas_vout_at_max_vin_v
| quit
| .endc
| .end

# ==== ngspice stdout ====

Note: Compatibility modes selected: hs a


Circuit: * dropout-vs-load corner deck -- generated by sim/bin/corner-run.py, do not edit

option SCALE: Scale is set to 1e-06 for instance and model parameters
option SCALE: Scale is set to 1e-06 for instance and model parameters
option SCALE: Scale is set to 1e-06 for instance and model parameters
option SCALE: Scale is set to 1e-06 for instance and model parameters
Doing analysis at TEMP = -40.000000 and TNOM = 27.000000

Using KLU as Direct Linear Solver
Operating point simulation skipped by 'uic',
  now using transient initial conditions.
 Reference value :  1.00000e-07
 Reference value :  1.08387e-07
 Reference value :  2.76124e-07
 Reference value :  2.70211e-06
 Reference value :  1.00000e-05
 Reference value :  1.75447e-05
 Reference value :  2.18523e-05
 Reference value :  2.85864e-05
 Reference value :  3.29251e-05
 Reference value :  4.17669e-05
 Reference value :  8.91815e-05
 Reference value :  1.00100e-04
 Reference value :  1.00300e-04
 Reference value :  1.00410e-04
 Reference value :  1.00583e-04
 Reference value :  1.00730e-04
 Reference value :  1.00804e-04
 Reference value :  1.00857e-04
 Reference value :  1.00898e-04
 Reference value :  1.00969e-04
 Reference value :  1.01011e-04
 Reference value :  1.01085e-04
 Reference value :  1.01400e-04
 Reference value :  1.01519e-04
 Reference value :  1.01624e-04
 Reference value :  1.01883e-04
 Reference value :  1.02085e-04
 Reference value :  1.02214e-04
 Reference value :  1.02425e-04
 Reference value :  1.03174e-04
 Reference value :  1.05320e-04
 Reference value :  1.06981e-04
 Reference value :  1.08262e-04
 Reference value :  1.13904e-04
 Reference value :  1.30804e-04
 Reference value :  1.59124e-04
 Reference value :  1.99124e-04
 Reference value :  2.39124e-04
 Reference value :  2.79124e-04
 Reference value :  3.09124e-04
 Reference value :  3.39124e-04
 Reference value :  3.69124e-04
 Reference value :  3.99124e-04
 Reference value :  4.29124e-04
 Reference value :  4.59124e-04
 Reference value :  4.99124e-04
 Reference value :  5.19124e-04
 Reference value :  5.39124e-04
 Reference value :  5.59124e-04
 Reference value :  5.69124e-04
 Reference value :  5.89124e-04
 Reference value :  5.99124e-04
 Reference value :  6.09124e-04
 Reference value :  6.19124e-04
 Reference value :  6.29124e-04
 Reference value :  6.39124e-04
 Reference value :  6.49124e-04
 Reference value :  6.59124e-04
 Reference value :  6.69124e-04
 Reference value :  6.89124e-04
 Reference value :  7.09124e-04
 Reference value :  7.29124e-04
 Reference value :  7.49124e-04
 Reference value :  7.89124e-04
 Reference value :  8.29124e-04
 Reference value :  8.69124e-04
 Reference value :  9.09124e-04
 Reference value :  9.49124e-04
 Reference value :  9.89124e-04
 Reference value :  1.01912e-03
 Reference value :  1.05912e-03
 Reference value :  1.09912e-03
 Reference value :  1.13912e-03
 Reference value :  1.17912e-03
 Reference value :  1.21912e-03
 Reference value :  1.25912e-03
 Reference value :  1.29912e-03
 Reference value :  1.33912e-03
 Reference value :  1.37912e-03
 Reference value :  1.41912e-03
 Reference value :  1.44912e-03
 Reference value :  1.48912e-03
 Reference value :  1.52912e-03
 Reference value :  1.56912e-03
 Reference value :  1.60912e-03
 Reference value :  1.64912e-03
 Reference value :  1.68912e-03
 Reference value :  1.72912e-03
 Reference value :  1.75912e-03
 Reference value :  1.80912e-03
 Reference value :  1.84912e-03
 Reference value :  1.88912e-03
 Reference value :  1.92912e-03
 Reference value :  1.96912e-03
 Reference value :  2.00912e-03
 Reference value :  2.04912e-03
 Reference value :  2.08912e-03
 Reference value :  2.12912e-03
 Reference value :  2.16912e-03
 Reference value :  2.19912e-03
 Reference value :  2.23912e-03
 Reference value :  2.26912e-03
 Reference value :  2.31912e-03
 Reference value :  2.35912e-03
 Reference value :  2.39912e-03
 Reference value :  2.43912e-03
 Reference value :  2.47912e-03
 Reference value :  2.50100e-03
 Reference value :  2.51234e-03
 Reference value :  2.52102e-03
 Reference value :  2.53932e-03
 Reference value :  2.55539e-03
 Reference value :  2.59056e-03
 Reference value :  2.60300e-03
 Reference value :  2.63317e-03
 Reference value :  2.67317e-03
 Reference value :  2.71317e-03
 Reference value :  2.75317e-03
 Reference value :  2.79317e-03
 Reference value :  2.82317e-03
 Reference value :  2.86317e-03
 Reference value :  2.90317e-03
 Reference value :  2.93317e-03
 Reference value :  2.97317e-03
 Reference value :  3.01317e-03
 Reference value :  3.05317e-03
 Reference value :  3.09317e-03
 Reference value :  3.13317e-03
 Reference value :  3.17317e-03
 Reference value :  3.21317e-03
 Reference value :  3.25317e-03
 Reference value :  3.29317e-03
 Reference value :  3.33317e-03
 Reference value :  3.37317e-03
 Reference value :  3.42317e-03
 Reference value :  3.46317e-03
 Reference value :  3.50317e-03
 Reference value :  3.54317e-03
 Reference value :  3.58317e-03
 Reference value :  3.61317e-03
 Reference value :  3.65317e-03
 Reference value :  3.69317e-03
 Reference value :  3.73317e-03
 Reference value :  3.77317e-03
 Reference value :  3.81317e-03
 Reference value :  3.85317e-03
 Reference value :  3.89317e-03
 Reference value :  3.93317e-03
 Reference value :  3.97317e-03
 Reference value :  4.01317e-03
 Reference value :  4.04317e-03
 Reference value :  4.08317e-03
 Reference value :  4.12317e-03
 Reference value :  4.16317e-03
 Reference value :  4.20317e-03
 Reference value :  4.24317e-03
 Reference value :  4.28317e-03
 Reference value :  4.31317e-03
 Reference value :  4.35317e-03
 Reference value :  4.39317e-03
 Reference value :  4.43317e-03
 Reference value :  4.47317e-03
 Reference value :  4.51317e-03
 Reference value :  4.56317e-03
 Reference value :  4.60317e-03
 Reference value :  4.64317e-03
 Reference value :  4.68317e-03
 Reference value :  4.72317e-03
 Reference value :  4.76317e-03
 Reference value :  4.81317e-03
 Reference value :  4.85317e-03
 Reference value :  4.89317e-03
 Reference value :  4.93317e-03
 Reference value :  4.96317e-03
 Reference value :  5.00317e-03
 Reference value :  5.03317e-03
 Reference value :  5.07317e-03
 Reference value :  5.11317e-03
 Reference value :  5.15317e-03
 Reference value :  5.20317e-03
 Reference value :  5.24317e-03
 Reference value :  5.28317e-03
 Reference value :  5.31317e-03
 Reference value :  5.35317e-03
 Reference value :  5.40317e-03
 Reference value :  5.43317e-03
 Reference value :  5.47317e-03
 Reference value :  5.51317e-03
 Reference value :  5.55317e-03
 Reference value :  5.59317e-03
 Reference value :  5.64317e-03
 Reference value :  5.68317e-03
 Reference value :  5.72317e-03
 Reference value :  5.75317e-03
 Reference value :  5.79317e-03
 Reference value :  5.83317e-03
 Reference value :  5.87317e-03
 Reference value :  5.90317e-03
 Reference value :  5.94317e-03
 Reference value :  5.98317e-03
 Reference value :  6.00300e-03
 Reference value :  6.03500e-03
 Reference value :  6.08500e-03
 Reference value :  6.12500e-03
 Reference value :  6.16500e-03
 Reference value :  6.20500e-03
 Reference value :  6.24500e-03
 Reference value :  6.28500e-03
 Reference value :  6.32500e-03
 Reference value :  6.36500e-03
 Reference value :  6.41500e-03
 Reference value :  6.46500e-03
 Reference value :  6.50500e-03
 Reference value :  6.54500e-03
 Reference value :  6.58500e-03
 Reference value :  6.63500e-03
 Reference value :  6.67500e-03
 Reference value :  6.71500e-03
 Reference value :  6.75500e-03
 Reference value :  6.80500e-03
 Reference value :  6.84500e-03
 Reference value :  6.88500e-03
 Reference value :  6.92500e-03
 Reference value :  6.96500e-03
 Reference value :  7.00500e-03
 Reference value :  7.04500e-03
 Reference value :  7.07500e-03
 Reference value :  7.11500e-03
 Reference value :  7.15500e-03
 Reference value :  7.19500e-03
 Reference value :  7.23500e-03
 Reference value :  7.27500e-03
 Reference value :  7.31500e-03
 Reference value :  7.35500e-03
 Reference value :  7.39500e-03
 Reference value :  7.43500e-03
 Reference value :  7.47500e-03
 Reference value :  7.51500e-03
 Reference value :  7.55500e-03
 Reference value :  7.59500e-03
 Reference value :  7.63500e-03
 Reference value :  7.67500e-03
 Reference value :  7.71500e-03
 Reference value :  7.75500e-03
 Reference value :  7.79500e-03
 Reference value :  7.83500e-03
 Reference value :  7.87500e-03
 Reference value :  7.91500e-03
 Reference value :  7.95500e-03
 Reference value :  7.99500e-03
 Reference value :  8.03500e-03
 Reference value :  8.07500e-03
 Reference value :  8.11500e-03
 Reference value :  8.15500e-03
 Reference value :  8.19500e-03
 Reference value :  8.24500e-03
 Reference value :  8.28500e-03
 Reference value :  8.31500e-03
 Reference value :  8.35500e-03
 Reference value :  8.39500e-03
 Reference value :  8.43500e-03
 Reference value :  8.48500e-03
 Reference value :  8.52500e-03
 Reference value :  8.56500e-03
 Reference value :  8.60500e-03
 Reference value :  8.64500e-03
 Reference value :  8.69500e-03
 Reference value :  8.73500e-03
 Reference value :  8.76500e-03
 Reference value :  8.80500e-03
 Reference value :  8.84500e-03
 Reference value :  8.88500e-03
 Reference value :  8.92500e-03
 Reference value :  8.96500e-03
 Reference value :  9.00500e-03
 Reference value :  9.04500e-03
 Reference value :  9.08500e-03
 Reference value :  9.12500e-03
 Reference value :  9.16500e-03
 Reference value :  9.20500e-03
 Reference value :  9.25500e-03
 Reference value :  9.29500e-03
 Reference value :  9.33500e-03
 Reference value :  9.37500e-03
 Reference value :  9.41500e-03
 Reference value :  9.45500e-03
 Reference value :  9.49500e-03
 Reference value :  9.53500e-03
 Reference value :  9.57500e-03
 Reference value :  9.61500e-03
 Reference value :  9.66500e-03
 Reference value :  9.70500e-03
 Reference value :  9.73500e-03
 Reference value :  9.77500e-03
 Reference value :  9.82500e-03
 Reference value :  9.86500e-03
 Reference value :  9.90500e-03
 Reference value :  9.94500e-03
 Reference value :  9.98500e-03
 Reference value :  1.00350e-02
 Reference value :  1.00750e-02
 Reference value :  1.01150e-02
 Reference value :  1.01550e-02
 Reference value :  1.01950e-02
 Reference value :  1.02350e-02
 Reference value :  1.02750e-02
 Reference value :  1.03150e-02
 Reference value :  1.03550e-02
 Reference value :  1.03950e-02
 Reference value :  1.04350e-02
 Reference value :  1.04750e-02
 Reference value :  1.05150e-02
 Reference value :  1.05650e-02
 Reference value :  1.06150e-02
 Reference value :  1.06550e-02
 Reference value :  1.06850e-02
 Reference value :  1.07250e-02
 Reference value :  1.07650e-02
 Reference value :  1.07950e-02
 Reference value :  1.08350e-02
 Reference value :  1.08650e-02
 Reference value :  1.09150e-02
 Reference value :  1.09550e-02
 Reference value :  1.09950e-02
 Reference value :  1.10350e-02
 Reference value :  1.10650e-02
 Reference value :  1.10950e-02
 Reference value :  1.11350e-02
 Reference value :  1.11750e-02
 Reference value :  1.12150e-02
 Reference value :  1.12550e-02
 Reference value :  1.12950e-02
 Reference value :  1.13350e-02
 Reference value :  1.13750e-02
 Reference value :  1.14150e-02
 Reference value :  1.14950e-02
 Reference value :  1.16850e-02
 Reference value :  1.17350e-02
 Reference value :  1.17750e-02
 Reference value :  1.18050e-02
 Reference value :  1.18450e-02
 Reference value :  1.18850e-02
 Reference value :  1.19250e-02
 Reference value :  1.19650e-02
 Reference value :  1.20050e-02
 Reference value :  1.20450e-02
 Reference value :  1.20850e-02
 Reference value :  1.21250e-02
 Reference value :  1.21650e-02
 Reference value :  1.22050e-02
 Reference value :  1.22450e-02
 Reference value :  1.22850e-02
 Reference value :  1.23250e-02
 Reference value :  1.23750e-02
 Reference value :  1.24150e-02
 Reference value :  1.24550e-02
 Reference value :  1.25050e-02
 Reference value :  1.25450e-02
 Reference value :  1.25850e-02
 Reference value :  1.26250e-02
 Reference value :  1.26750e-02
 Reference value :  1.27150e-02
 Reference value :  1.27550e-02
 Reference value :  1.27950e-02
 Reference value :  1.28450e-02
 Reference value :  1.28750e-02
 Reference value :  1.29250e-02
 Reference value :  1.29550e-02
 Reference value :  1.30050e-02
 Reference value :  1.30450e-02
 Reference value :  1.30850e-02
 Reference value :  1.31250e-02
 Reference value :  1.31650e-02
 Reference value :  1.32050e-02
 Reference value :  1.32450e-02
 Reference value :  1.32850e-02
 Reference value :  1.33250e-02
 Reference value :  1.33650e-02
 Reference value :  1.34050e-02
 Reference value :  1.34450e-02
 Reference value :  1.34850e-02
 Reference value :  1.35250e-02
 Reference value :  1.35650e-02
 Reference value :  1.36050e-02
 Reference value :  1.36450e-02
 Reference value :  1.36850e-02
 Reference value :  1.37250e-02
 Reference value :  1.37550e-02
 Reference value :  1.37950e-02
 Reference value :  1.38350e-02
 Reference value :  1.38750e-02
 Reference value :  1.39150e-02
 Reference value :  1.39450e-02
 Reference value :  1.39850e-02
No. of Data Rows : 1477
dropout_vin_x       =  2.42246e+00
vout_at_max_vin_v   =  1.79913e+00 from=  5.50000e-03 to=  6.00100e-03
meas_dropout_v = 6.584640e-01
meas_vout_at_max_vin_v = 1.799134e+00
ngspice-46 done

# ==== ngspice stderr ====

