# corner: ff_27c_3.63v
# process=ff temp=27C supply=3.63V
# ngspice exit: 0
# wall clock: 127.1s (--timeout was 900s)
# result: FAIL

# ==== deck (exact input given to ngspice) ====
| * dropout-vs-load corner deck -- generated by sim/bin/corner-run.py, do not edit
| * corner: ff_27c_3.63v
| .param vsup=3.63
| .option wnflag=1
| .temp 27
| .lib "/home/ubuntu/.volare/sky130A/libs.tech/combined/sky130.lib.spice" ff
| ** sch_path: sim/dropout-vs-load/testbench/tb_dropout_vs_load.sch
| **.subckt tb_dropout_vs_load
| VVIN VIN 0 PWL(0 0 100u 3.63 6m 3.63 14m 1.5)
| .save i(vvin)
| VEN EN 0 PULSE(0 'vsup' 100u 1u 1u 100 200)
| .save i(ven)
| VVREF VREF 0 1.2
| .save i(vvref)
| xldo VOUT VREF EN VIN ldo_3v3in_1v8out
| COUT VOUT VESR 1u m=1
| RESR VESR 0 10m m=1
| ILOAD VOUT 0 PWL(0 0 2.5m 0 2.6m 50m)
| **.ends
| 
| * expanding   symbol:  design/ldo_3v3in_1v8out.sym # of pins=4
| ** sym_path: design/ldo_3v3in_1v8out.sym
| ** sch_path: design/ldo_3v3in_1v8out.sch
| .subckt ldo_3v3in_1v8out VOUT VREF EN VIN
| *.ipin VIN
| *.ipin EN
| *.ipin VREF
| *.opin VOUT
| XR_BIAS VIN NB 0 sky130_fd_pr__res_high_po W=0.42 L=1500 mult=1 m=1
| XM_BIASN1 NB NB BIAS_ENN 0 sky130_fd_pr__nfet_g5v0d10v5 L=1 W=4 nf=1 ad=1.16 as=1.16 pd=8.58 ps=8.58 nrd=0.0725 nrs=0.0725 sa=0
| + sb=0 sd=0 mult=1 m=1
| XM_ENN BIAS_ENN EN 0 0 sky130_fd_pr__nfet_g5v0d10v5 L=0.5 W=10 nf=1 ad=2.9 as=2.9 pd=20.58 ps=20.58 nrd=0.029 nrs=0.029 sa=0 sb=0
| + sd=0 mult=1 m=1
| XM_BIASN2 BIASP NB BIAS_ENN 0 sky130_fd_pr__nfet_g5v0d10v5 L=1 W=4 nf=1 ad=1.16 as=1.16 pd=8.58 ps=8.58 nrd=0.0725 nrs=0.0725 sa=0
| + sb=0 sd=0 mult=1 m=1
| XM_BIASP1 BIASP BIASP VIN VIN sky130_fd_pr__pfet_g5v0d10v5 L=1 W=10 nf=2 ad=1.45 as=2.9 pd=10.58 ps=21.16 nrd=0.029 nrs=0.029 sa=0
| + sb=0 sd=0 mult=1 m=1
| XM_ENP2 BIASP EN VIN VIN sky130_fd_pr__pfet_g5v0d10v5 L=0.5 W=10 nf=1 ad=2.9 as=2.9 pd=20.58 ps=20.58 nrd=0.029 nrs=0.029 sa=0
| + sb=0 sd=0 mult=1 m=1
| XM_TAIL EA_TAIL BIASP VIN VIN sky130_fd_pr__pfet_g5v0d10v5 L=2 W=40 nf=8 ad=5.8 as=7.25 pd=42.32 ps=52.9 nrd=0.00725 nrs=0.00725
| + sa=0 sb=0 sd=0 mult=1 m=1
| XM_IN1 EA_D1 FB EA_TAIL VIN sky130_fd_pr__pfet_g5v0d10v5 L=2 W=10 nf=2 ad=1.45 as=2.9 pd=10.58 ps=21.16 nrd=0.029 nrs=0.029 sa=0
| + sb=0 sd=0 mult=1 m=1
| XM_IN2 EA_D2 VREF EA_TAIL VIN sky130_fd_pr__pfet_g5v0d10v5 L=2 W=10 nf=2 ad=1.45 as=2.9 pd=10.58 ps=21.16 nrd=0.029 nrs=0.029 sa=0
| + sb=0 sd=0 mult=1 m=1
| XM_MIR1 EA_D1 EA_D1 AMP_ENN 0 sky130_fd_pr__nfet_g5v0d10v5 L=4 W=10 nf=2 ad=1.45 as=2.9 pd=10.58 ps=21.16 nrd=0.029 nrs=0.029 sa=0
| + sb=0 sd=0 mult=1 m=1
| XM_MIR2 EA_OUT EA_D1 AMP_ENN 0 sky130_fd_pr__nfet_g5v0d10v5 L=4 W=10 nf=2 ad=1.45 as=2.9 pd=10.58 ps=21.16 nrd=0.029 nrs=0.029
| + sa=0 sb=0 sd=0 mult=1 m=1
| XM_ENN2 AMP_ENN EN 0 0 sky130_fd_pr__nfet_g5v0d10v5 L=0.5 W=10 nf=1 ad=2.9 as=2.9 pd=20.58 ps=20.58 nrd=0.029 nrs=0.029 sa=0 sb=0
| + sd=0 mult=1 m=1
| XM_ENP EA_OUT EN VIN VIN sky130_fd_pr__pfet_g5v0d10v5 L=0.5 W=10 nf=1 ad=2.9 as=2.9 pd=20.58 ps=20.58 nrd=0.029 nrs=0.029 sa=0
| + sb=0 sd=0 mult=1 m=1
| XM_MIR3 EA_D2 EA_D2 AMP_ENN 0 sky130_fd_pr__nfet_g5v0d10v5 L=4 W=10 nf=2 ad=1.45 as=2.9 pd=10.58 ps=21.16 nrd=0.029 nrs=0.029 sa=0
| + sb=0 sd=0 mult=1 m=1
| XM_MIR4 PB EA_D2 AMP_ENN 0 sky130_fd_pr__nfet_g5v0d10v5 L=4 W=10 nf=2 ad=1.45 as=2.9 pd=10.58 ps=21.16 nrd=0.029 nrs=0.029 sa=0
| + sb=0 sd=0 mult=1 m=1
| XM_MIRP1 PB PB VIN VIN sky130_fd_pr__pfet_g5v0d10v5 L=4 W=20 nf=4 ad=2.9 as=4.35 pd=21.16 ps=31.74 nrd=0.0145 nrs=0.0145 sa=0 sb=0
| + sd=0 mult=1 m=1
| XM_MIRP2 EA_OUT PB VIN VIN sky130_fd_pr__pfet_g5v0d10v5 L=4 W=20 nf=4 ad=2.9 as=4.35 pd=21.16 ps=31.74 nrd=0.0145 nrs=0.0145 sa=0
| + sb=0 sd=0 mult=1 m=1
| XM_ENP5 PB EN VIN VIN sky130_fd_pr__pfet_g5v0d10v5 L=0.5 W=2 nf=1 ad=0.58 as=0.58 pd=4.58 ps=4.58 nrd=0.145 nrs=0.145 sa=0 sb=0
| + sd=0 mult=1 m=1
| XM_PASS VOUT EA_OUT VIN VIN sky130_fd_pr__pfet_g5v0d10v5 L=0.5 W=100 nf=25 ad=15.08 as=15.08 pd=111.54 ps=111.54 nrd=0.0029
| + nrs=0.0029 sa=0 sb=0 sd=0 mult=50 m=50
| C_COMP VOUT EA_CZ 150p m=1
| XR_CZ EA_CZ EA_OUT 0 sky130_fd_pr__res_xhigh_po W=0.42 L=52 mult=1 m=1
| XR_FB_A VOUT FB 0 sky130_fd_pr__res_xhigh_po W=0.42 L=180 mult=1 m=1
| XR_FB_B FB N_FBB 0 sky130_fd_pr__res_xhigh_po W=0.42 L=180 mult=1 m=1
| XR_FB_C N_FBB 0 0 sky130_fd_pr__res_xhigh_po W=0.42 L=180 mult=1 m=1
| XM_SENSE CL_SNS EA_OUT VIN VIN sky130_fd_pr__pfet_g5v0d10v5 L=0.5 W=0.42 nf=1 ad=0.1218 as=0.1218 pd=1.42 ps=1.42
| + nrd=0.69047619047619 nrs=0.69047619047619 sa=0 sb=0 sd=0 mult=2 m=2
| XM_CLN1 CL_SNS CL_SNS AMP_ENN 0 sky130_fd_pr__nfet_g5v0d10v5 L=1 W=20 nf=1 ad=5.8 as=5.8 pd=40.58 ps=40.58 nrd=0.0145 nrs=0.0145
| + sa=0 sb=0 sd=0 mult=1 m=1
| XM_CLN2 CL_CMP CL_SNS AMP_ENN 0 sky130_fd_pr__nfet_g5v0d10v5 L=1 W=1.6 nf=1 ad=0.464 as=0.464 pd=3.78 ps=3.78 nrd=0.18125
| + nrs=0.18125 sa=0 sb=0 sd=0 mult=1 m=1
| XM_CLP CL_CMP BIASP VIN VIN sky130_fd_pr__pfet_g5v0d10v5 L=1 W=10 nf=2 ad=1.45 as=2.9 pd=10.58 ps=21.16 nrd=0.029 nrs=0.029 sa=0
| + sb=0 sd=0 mult=1 m=1
| XM_CLIM EA_OUT CL_CMP VIN VIN sky130_fd_pr__pfet_g5v0d10v5 L=0.5 W=20 nf=4 ad=2.9 as=4.35 pd=21.16 ps=31.74 nrd=0.0145 nrs=0.0145
| + sa=0 sb=0 sd=0 mult=1 m=1
| XM_ENP3 CL_CMP EN VIN VIN sky130_fd_pr__pfet_g5v0d10v5 L=0.5 W=2 nf=1 ad=0.58 as=0.58 pd=4.58 ps=4.58 nrd=0.145 nrs=0.145 sa=0
| + sb=0 sd=0 mult=1 m=1
| C_CL VIN CL_CMP 1p m=1
| XM_INVP ENB EN VIN VIN sky130_fd_pr__pfet_g5v0d10v5 L=0.5 W=2 nf=1 ad=0.58 as=0.58 pd=4.58 ps=4.58 nrd=0.145 nrs=0.145 sa=0 sb=0
| + sd=0 mult=1 m=1
| XM_INVN ENB EN 0 0 sky130_fd_pr__nfet_g5v0d10v5 L=0.5 W=1 nf=1 ad=0.29 as=0.29 pd=2.58 ps=2.58 nrd=0.29 nrs=0.29 sa=0 sb=0 sd=0
| + mult=1 m=1
| XM_SSDIS SS ENB 0 0 sky130_fd_pr__nfet_g5v0d10v5 L=0.5 W=2 nf=1 ad=0.58 as=0.58 pd=4.58 ps=4.58 nrd=0.145 nrs=0.145 sa=0 sb=0 sd=0
| + mult=1 m=1
| XM_SSCHG SS BIASP VIN VIN sky130_fd_pr__pfet_g5v0d10v5 L=8 W=1 nf=1 ad=0.29 as=0.29 pd=2.58 ps=2.58 nrd=0.29 nrs=0.29 sa=0 sb=0
| + sd=0 mult=1 m=1
| C_SS SS 0 10p m=1
| XM_IN2S EA_D2 SS EA_TAIL VIN sky130_fd_pr__pfet_g5v0d10v5 L=2 W=10 nf=2 ad=1.45 as=2.9 pd=10.58 ps=21.16 nrd=0.029 nrs=0.029 sa=0
| + sb=0 sd=0 mult=1 m=1
| XM_TSPS TS_SNS BIASP VIN VIN sky130_fd_pr__pfet_g5v0d10v5 L=1 W=1.25 nf=1 ad=0.3625 as=0.3625 pd=3.08 ps=3.08 nrd=0.232 nrs=0.232
| + sa=0 sb=0 sd=0 mult=1 m=1
| XM_TSD1 TS_SNS TS_SNS TS_MID 0 sky130_fd_pr__nfet_g5v0d10v5 L=4 W=80 nf=16 ad=11.6 as=13.05 pd=84.64 ps=95.22 nrd=0.003625
| + nrs=0.003625 sa=0 sb=0 sd=0 mult=1 m=1
| XM_TSD2 TS_MID TS_MID AMP_ENN 0 sky130_fd_pr__nfet_g5v0d10v5 L=4 W=80 nf=16 ad=11.6 as=13.05 pd=84.64 ps=95.22 nrd=0.003625
| + nrs=0.003625 sa=0 sb=0 sd=0 mult=1 m=1
| XM_TSPR TS_REF BIASP VIN VIN sky130_fd_pr__pfet_g5v0d10v5 L=1 W=7 nf=1 ad=2.03 as=2.03 pd=14.58 ps=14.58 nrd=0.0414285714285714
| + nrs=0.0414285714285714 sa=0 sb=0 sd=0 mult=1 m=1
| XM_TSR1 TS_REF TS_REF AMP_ENN 0 sky130_fd_pr__nfet_g5v0d10v5 L=2 W=0.42 nf=1 ad=0.1218 as=0.1218 pd=1.42 ps=1.42
| + nrd=0.69047619047619 nrs=0.69047619047619 sa=0 sb=0 sd=0 mult=1 m=1
| XM_TCTAIL TC_TAIL NB AMP_ENN 0 sky130_fd_pr__nfet_g5v0d10v5 L=1 W=1 nf=1 ad=0.29 as=0.29 pd=2.58 ps=2.58 nrd=0.29 nrs=0.29 sa=0
| + sb=0 sd=0 mult=1 m=1
| XM_TCN1 TC_D1 TS_SNS TC_TAIL 0 sky130_fd_pr__nfet_g5v0d10v5 L=2 W=10 nf=2 ad=1.45 as=2.9 pd=10.58 ps=21.16 nrd=0.029 nrs=0.029
| + sa=0 sb=0 sd=0 mult=1 m=1
| XM_TCN2 TS_CMP TS_REF TC_TAIL 0 sky130_fd_pr__nfet_g5v0d10v5 L=2 W=10 nf=2 ad=1.45 as=2.9 pd=10.58 ps=21.16 nrd=0.029 nrs=0.029
| + sa=0 sb=0 sd=0 mult=1 m=1
| XM_TCP1 TC_D1 TC_D1 VIN VIN sky130_fd_pr__pfet_g5v0d10v5 L=2 W=10 nf=2 ad=1.45 as=2.9 pd=10.58 ps=21.16 nrd=0.029 nrs=0.029 sa=0
| + sb=0 sd=0 mult=1 m=1
| XM_TCP2 TS_CMP TC_D1 VIN VIN sky130_fd_pr__pfet_g5v0d10v5 L=2 W=10 nf=2 ad=1.45 as=2.9 pd=10.58 ps=21.16 nrd=0.029 nrs=0.029 sa=0
| + sb=0 sd=0 mult=1 m=1
| XM_TSHUT EA_OUT TS_CMP VIN VIN sky130_fd_pr__pfet_g5v0d10v5 L=0.5 W=20 nf=4 ad=2.9 as=4.35 pd=21.16 ps=31.74 nrd=0.0145 nrs=0.0145
| + sa=0 sb=0 sd=0 mult=1 m=1
| XM_TSHYSB TS_HYS BIASP VIN VIN sky130_fd_pr__pfet_g5v0d10v5 L=2 W=4.5 nf=1 ad=1.305 as=1.305 pd=9.58 ps=9.58
| + nrd=0.0644444444444444 nrs=0.0644444444444444 sa=0 sb=0 sd=0 mult=1 m=1
| XM_TSHYS TS_REF TS_CMP TS_HYS VIN sky130_fd_pr__pfet_g5v0d10v5 L=0.5 W=2 nf=1 ad=0.58 as=0.58 pd=4.58 ps=4.58 nrd=0.145 nrs=0.145
| + sa=0 sb=0 sd=0 mult=1 m=1
| XM_ENP4 TS_CMP EN VIN VIN sky130_fd_pr__pfet_g5v0d10v5 L=0.5 W=2 nf=1 ad=0.58 as=0.58 pd=4.58 ps=4.58 nrd=0.145 nrs=0.145 sa=0
| + sb=0 sd=0 mult=1 m=1
| C_TS VIN TS_CMP 1p m=1
| .ends
| 
| .control
| save all
| * ONE cold-start transient, not a `dc VVIN` sweep (issue #178, the #171
| * initial-condition contract): `uic` starts every node at its natural cold
| * value with EN low, the testbench's VEN steps high at 100us, VIN rises to
| * the sweep's own 3.63V top by 100us, the ideal 50mA sink ramps on over
| * 2.5-2.6ms once the loop is up, and the block is settled by 5.5ms. VIN is
| * then ramped DOWN 3.63V -> 1.5V over 6ms-14ms (266.3 V/s, quasi-static:
| * see the testbench header for the ramp-rate measurement) and the dropout
| * crossing is read off that ramp. There is no operating-point solve in the
| * deck at all -- the contract's `uic` + EN-edge shape, the one PR #170
| * landed for sim/mc-output-accuracy and PR for #172 landed for
| * line-/load-regulation. `td=6m` keeps the `fall=1` search off the
| * start-up ramp's own rise, so the crossing found is the dropout event.
| tran 10u 14m uic
| meas tran dropout_vin_x find v(vin) when v(vout)=1.764 fall=1 td=6m
| meas tran vout_at_max_vin_v avg v(vout) from=5.5m to=6m
| let meas_dropout_v = dropout_vin_x - 1.764
| let meas_vout_at_max_vin_v = vout_at_max_vin_v
| print meas_dropout_v
| print meas_vout_at_max_vin_v
| quit
| .endc
| .end

# ==== ngspice stdout ====

Note: Compatibility modes selected: hs a


Circuit: * dropout-vs-load corner deck -- generated by sim/bin/corner-run.py, do not edit

option SCALE: Scale is set to 1e-06 for instance and model parameters
option SCALE: Scale is set to 1e-06 for instance and model parameters
option SCALE: Scale is set to 1e-06 for instance and model parameters
option SCALE: Scale is set to 1e-06 for instance and model parameters
Doing analysis at TEMP = 27.000000 and TNOM = 27.000000

Using KLU as Direct Linear Solver
Operating point simulation skipped by 'uic',
  now using transient initial conditions.
 Reference value :  1.00000e-07
 Reference value :  1.19567e-07
 Reference value :  4.55009e-07
 Reference value :  2.68324e-06
 Reference value :  1.00000e-05
 Reference value :  1.36129e-05
 Reference value :  1.61612e-05
 Reference value :  1.88657e-05
 Reference value :  2.38900e-05
 Reference value :  2.81362e-05
 Reference value :  3.14852e-05
 Reference value :  5.11919e-05
 Reference value :  9.05959e-05
 Reference value :  1.00300e-04
 Reference value :  1.00410e-04
 Reference value :  1.00584e-04
 Reference value :  1.00651e-04
 Reference value :  1.00827e-04
 Reference value :  1.00891e-04
 Reference value :  1.00939e-04
 Reference value :  1.00997e-04
 Reference value :  1.01002e-04
 Reference value :  1.01025e-04
 Reference value :  1.01185e-04
 Reference value :  1.01537e-04
 Reference value :  1.01851e-04
 Reference value :  1.02046e-04
 Reference value :  1.02358e-04
 Reference value :  1.02519e-04
 Reference value :  1.02709e-04
 Reference value :  1.03082e-04
 Reference value :  1.05085e-04
 Reference value :  1.06951e-04
 Reference value :  1.09094e-04
 Reference value :  1.15373e-04
 Reference value :  1.36365e-04
 Reference value :  1.66365e-04
 Reference value :  2.06365e-04
 Reference value :  2.36365e-04
 Reference value :  2.76365e-04
 Reference value :  3.16365e-04
 Reference value :  3.46365e-04
 Reference value :  3.76365e-04
 Reference value :  4.06365e-04
 Reference value :  4.26365e-04
 Reference value :  4.56365e-04
 Reference value :  4.86365e-04
 Reference value :  5.16365e-04
 Reference value :  5.46365e-04
 Reference value :  5.66365e-04
 Reference value :  5.86365e-04
 Reference value :  6.06365e-04
 Reference value :  6.26365e-04
 Reference value :  6.46365e-04
 Reference value :  6.96365e-04
 Reference value :  7.06365e-04
 Reference value :  7.16365e-04
 Reference value :  7.36365e-04
 Reference value :  7.56365e-04
 Reference value :  7.86365e-04
 Reference value :  8.36365e-04
 Reference value :  8.76365e-04
 Reference value :  9.16365e-04
 Reference value :  9.56365e-04
 Reference value :  1.00636e-03
 Reference value :  1.04636e-03
 Reference value :  1.08636e-03
 Reference value :  1.12636e-03
 Reference value :  1.15636e-03
 Reference value :  1.20636e-03
 Reference value :  1.24636e-03
 Reference value :  1.28636e-03
 Reference value :  1.32636e-03
 Reference value :  1.36636e-03
 Reference value :  1.40636e-03
 Reference value :  1.44636e-03
 Reference value :  1.48636e-03
 Reference value :  1.51636e-03
 Reference value :  1.56636e-03
 Reference value :  1.59636e-03
 Reference value :  1.63636e-03
 Reference value :  1.67636e-03
 Reference value :  1.72636e-03
 Reference value :  1.78636e-03
 Reference value :  1.82636e-03
 Reference value :  1.86636e-03
 Reference value :  1.89636e-03
 Reference value :  1.93636e-03
 Reference value :  1.98636e-03
 Reference value :  2.02636e-03
 Reference value :  2.06636e-03
 Reference value :  2.10636e-03
 Reference value :  2.14636e-03
 Reference value :  2.18636e-03
 Reference value :  2.22636e-03
 Reference value :  2.26636e-03
 Reference value :  2.30636e-03
 Reference value :  2.34636e-03
 Reference value :  2.38636e-03
 Reference value :  2.42636e-03
 Reference value :  2.46636e-03
 Reference value :  2.50000e-03
 Reference value :  2.51321e-03
 Reference value :  2.52117e-03
 Reference value :  2.53731e-03
 Reference value :  2.55092e-03
 Reference value :  2.58671e-03
 Reference value :  2.60300e-03
 Reference value :  2.63500e-03
 Reference value :  2.67500e-03
 Reference value :  2.72500e-03
 Reference value :  2.76500e-03
 Reference value :  2.80500e-03
 Reference value :  2.84500e-03
 Reference value :  2.87500e-03
 Reference value :  2.92500e-03
 Reference value :  2.96500e-03
 Reference value :  3.00500e-03
 Reference value :  3.04500e-03
 Reference value :  3.08500e-03
 Reference value :  3.12500e-03
 Reference value :  3.17500e-03
 Reference value :  3.21500e-03
 Reference value :  3.25500e-03
 Reference value :  3.29500e-03
 Reference value :  3.33500e-03
 Reference value :  3.37500e-03
 Reference value :  3.41500e-03
 Reference value :  3.45500e-03
 Reference value :  3.49500e-03
 Reference value :  3.53500e-03
 Reference value :  3.56500e-03
 Reference value :  3.60500e-03
 Reference value :  3.64500e-03
 Reference value :  3.68500e-03
 Reference value :  3.72500e-03
 Reference value :  3.76500e-03
 Reference value :  3.80500e-03
 Reference value :  3.84500e-03
 Reference value :  3.87500e-03
 Reference value :  3.91500e-03
 Reference value :  3.95500e-03
 Reference value :  3.99500e-03
 Reference value :  4.20500e-03
 Reference value :  4.24500e-03
 Reference value :  4.28500e-03
 Reference value :  4.32500e-03
 Reference value :  4.36500e-03
 Reference value :  4.40500e-03
 Reference value :  4.44500e-03
 Reference value :  4.48500e-03
 Reference value :  4.52500e-03
 Reference value :  4.56500e-03
 Reference value :  4.60500e-03
 Reference value :  4.65500e-03
 Reference value :  4.69500e-03
 Reference value :  4.72500e-03
 Reference value :  4.76500e-03
 Reference value :  4.80500e-03
 Reference value :  4.84500e-03
 Reference value :  4.88500e-03
 Reference value :  4.92500e-03
 Reference value :  4.96500e-03
 Reference value :  5.01500e-03
 Reference value :  5.05500e-03
 Reference value :  5.09500e-03
 Reference value :  5.12500e-03
 Reference value :  5.16500e-03
 Reference value :  5.19500e-03
 Reference value :  5.24500e-03
 Reference value :  5.28500e-03
 Reference value :  5.32500e-03
 Reference value :  5.36500e-03
 Reference value :  5.39500e-03
 Reference value :  5.42500e-03
 Reference value :  5.46500e-03
 Reference value :  5.50500e-03
 Reference value :  5.54500e-03
 Reference value :  5.58500e-03
 Reference value :  5.62500e-03
 Reference value :  5.66500e-03
 Reference value :  5.70500e-03
 Reference value :  5.74500e-03
 Reference value :  5.78500e-03
 Reference value :  5.82500e-03
 Reference value :  5.86500e-03
 Reference value :  5.90500e-03
 Reference value :  5.94500e-03
 Reference value :  5.98500e-03
 Reference value :  6.00300e-03
 Reference value :  6.03500e-03
 Reference value :  6.07500e-03
 Reference value :  6.11500e-03
 Reference value :  6.15500e-03
 Reference value :  6.19500e-03
 Reference value :  6.22500e-03
 Reference value :  6.25500e-03
 Reference value :  6.28500e-03
 Reference value :  6.32500e-03
 Reference value :  6.36500e-03
 Reference value :  6.40500e-03
 Reference value :  6.44500e-03
 Reference value :  6.48500e-03
 Reference value :  6.52500e-03
 Reference value :  6.56500e-03
 Reference value :  6.60500e-03
 Reference value :  6.64500e-03
 Reference value :  6.68500e-03
 Reference value :  6.72500e-03
 Reference value :  6.76500e-03
 Reference value :  6.79500e-03
 Reference value :  6.82500e-03
 Reference value :  7.01500e-03
 Reference value :  7.05500e-03
 Reference value :  7.08500e-03
 Reference value :  7.12500e-03
 Reference value :  7.15500e-03
 Reference value :  7.19500e-03
 Reference value :  7.23500e-03
 Reference value :  7.26500e-03
 Reference value :  7.30500e-03
 Reference value :  7.35500e-03
 Reference value :  7.39500e-03
 Reference value :  7.43500e-03
 Reference value :  7.47500e-03
 Reference value :  7.51500e-03
 Reference value :  7.55500e-03
 Reference value :  7.58500e-03
 Reference value :  7.62500e-03
 Reference value :  7.66500e-03
 Reference value :  7.69500e-03
 Reference value :  7.73500e-03
 Reference value :  7.77500e-03
 Reference value :  7.81500e-03
 Reference value :  7.86500e-03
 Reference value :  7.90500e-03
 Reference value :  7.94500e-03
 Reference value :  7.98500e-03
 Reference value :  8.02500e-03
 Reference value :  8.06500e-03
 Reference value :  8.10500e-03
 Reference value :  8.13500e-03
 Reference value :  8.17500e-03
 Reference value :  8.21500e-03
 Reference value :  8.24500e-03
 Reference value :  8.27500e-03
 Reference value :  8.31500e-03
 Reference value :  8.35500e-03
 Reference value :  8.38500e-03
 Reference value :  8.42500e-03
 Reference value :  8.46500e-03
 Reference value :  8.49500e-03
 Reference value :  8.53500e-03
 Reference value :  8.57500e-03
 Reference value :  8.61500e-03
 Reference value :  8.65500e-03
 Reference value :  8.69500e-03
 Reference value :  8.73500e-03
 Reference value :  8.76500e-03
 Reference value :  8.80500e-03
 Reference value :  8.84500e-03
 Reference value :  8.88500e-03
 Reference value :  8.92500e-03
 Reference value :  8.95500e-03
 Reference value :  8.99500e-03
 Reference value :  9.03500e-03
 Reference value :  9.07500e-03
 Reference value :  9.11500e-03
 Reference value :  9.15500e-03
 Reference value :  9.19500e-03
 Reference value :  9.23500e-03
 Reference value :  9.27500e-03
 Reference value :  9.31500e-03
 Reference value :  9.35500e-03
 Reference value :  9.39500e-03
 Reference value :  9.43500e-03
 Reference value :  9.47500e-03
 Reference value :  9.51500e-03
 Reference value :  9.55500e-03
 Reference value :  9.58500e-03
 Reference value :  9.63500e-03
 Reference value :  9.67500e-03
 Reference value :  9.71500e-03
 Reference value :  9.75500e-03
 Reference value :  9.79500e-03
 Reference value :  9.83500e-03
 Reference value :  9.87500e-03
 Reference value :  9.91500e-03
 Reference value :  9.95500e-03
 Reference value :  9.99500e-03
 Reference value :  1.00350e-02
 Reference value :  1.00750e-02
 Reference value :  1.01150e-02
 Reference value :  1.01550e-02
 Reference value :  1.01950e-02
 Reference value :  1.02350e-02
 Reference value :  1.02650e-02
 Reference value :  1.03050e-02
 Reference value :  1.03450e-02
 Reference value :  1.03850e-02
 Reference value :  1.04250e-02
 Reference value :  1.04650e-02
 Reference value :  1.05050e-02
 Reference value :  1.05450e-02
 Reference value :  1.05850e-02
 Reference value :  1.06250e-02
 Reference value :  1.06550e-02
 Reference value :  1.06950e-02
 Reference value :  1.07350e-02
 Reference value :  1.07750e-02
 Reference value :  1.08250e-02
 Reference value :  1.08650e-02
 Reference value :  1.08950e-02
 Reference value :  1.09350e-02
 Reference value :  1.09650e-02
 Reference value :  1.09950e-02
 Reference value :  1.10350e-02
 Reference value :  1.10750e-02
 Reference value :  1.11150e-02
 Reference value :  1.11650e-02
 Reference value :  1.12050e-02
 Reference value :  1.12350e-02
 Reference value :  1.12650e-02
 Reference value :  1.13050e-02
 Reference value :  1.13450e-02
 Reference value :  1.13850e-02
 Reference value :  1.14250e-02
 Reference value :  1.14750e-02
 Reference value :  1.15150e-02
 Reference value :  1.15550e-02
 Reference value :  1.15850e-02
 Reference value :  1.16250e-02
 Reference value :  1.16650e-02
 Reference value :  1.17050e-02
 Reference value :  1.17450e-02
 Reference value :  1.17750e-02
 Reference value :  1.18150e-02
 Reference value :  1.18550e-02
 Reference value :  1.18950e-02
 Reference value :  1.19350e-02
 Reference value :  1.23050e-02
 Reference value :  1.25650e-02
 Reference value :  1.27750e-02
 Reference value :  1.28950e-02
 Reference value :  1.33050e-02
 Reference value :  1.36750e-02
 Reference value :  1.37150e-02
 Reference value :  1.37450e-02
 Reference value :  1.37750e-02
 Reference value :  1.38150e-02
 Reference value :  1.38550e-02
 Reference value :  1.38950e-02
 Reference value :  1.39350e-02
 Reference value :  1.39750e-02
No. of Data Rows : 1478
dropout_vin_x       =  2.41349e+00
vout_at_max_vin_v   =  1.79899e+00 from=  5.50000e-03 to=  6.00100e-03
meas_dropout_v = 6.494940e-01
meas_vout_at_max_vin_v = 1.798992e+00
ngspice-46 done

# ==== ngspice stderr ====

