# corner: ff_27c_3.30v
# process=ff temp=27C supply=3.30V
# ngspice exit: 0
# wall clock: 137.4s (--timeout was 900s)
# result: FAIL

# ==== deck (exact input given to ngspice) ====
| * dropout-vs-load corner deck -- generated by sim/bin/corner-run.py, do not edit
| * corner: ff_27c_3.30v
| .param vsup=3.3
| .option wnflag=1
| .temp 27
| .lib "/home/ubuntu/.volare/sky130A/libs.tech/combined/sky130.lib.spice" ff
| ** sch_path: sim/dropout-vs-load/testbench/tb_dropout_vs_load.sch
| **.subckt tb_dropout_vs_load
| VVIN VIN 0 PWL(0 0 100u 3.63 6m 3.63 14m 1.5)
| .save i(vvin)
| VEN EN 0 PULSE(0 'vsup' 100u 1u 1u 100 200)
| .save i(ven)
| VVREF VREF 0 1.2
| .save i(vvref)
| xldo VOUT VREF EN VIN ldo_3v3in_1v8out
| COUT VOUT VESR 1u m=1
| RESR VESR 0 10m m=1
| ILOAD VOUT 0 PWL(0 0 2.5m 0 2.6m 50m)
| **.ends
| 
| * expanding   symbol:  design/ldo_3v3in_1v8out.sym # of pins=4
| ** sym_path: design/ldo_3v3in_1v8out.sym
| ** sch_path: design/ldo_3v3in_1v8out.sch
| .subckt ldo_3v3in_1v8out VOUT VREF EN VIN
| *.ipin VIN
| *.ipin EN
| *.ipin VREF
| *.opin VOUT
| XR_BIAS VIN NB 0 sky130_fd_pr__res_high_po W=0.42 L=1500 mult=1 m=1
| XM_BIASN1 NB NB BIAS_ENN 0 sky130_fd_pr__nfet_g5v0d10v5 L=1 W=4 nf=1 ad=1.16 as=1.16 pd=8.58 ps=8.58 nrd=0.0725 nrs=0.0725 sa=0
| + sb=0 sd=0 mult=1 m=1
| XM_ENN BIAS_ENN EN 0 0 sky130_fd_pr__nfet_g5v0d10v5 L=0.5 W=10 nf=1 ad=2.9 as=2.9 pd=20.58 ps=20.58 nrd=0.029 nrs=0.029 sa=0 sb=0
| + sd=0 mult=1 m=1
| XM_BIASN2 BIASP NB BIAS_ENN 0 sky130_fd_pr__nfet_g5v0d10v5 L=1 W=4 nf=1 ad=1.16 as=1.16 pd=8.58 ps=8.58 nrd=0.0725 nrs=0.0725 sa=0
| + sb=0 sd=0 mult=1 m=1
| XM_BIASP1 BIASP BIASP VIN VIN sky130_fd_pr__pfet_g5v0d10v5 L=1 W=10 nf=2 ad=1.45 as=2.9 pd=10.58 ps=21.16 nrd=0.029 nrs=0.029 sa=0
| + sb=0 sd=0 mult=1 m=1
| XM_ENP2 BIASP EN VIN VIN sky130_fd_pr__pfet_g5v0d10v5 L=0.5 W=10 nf=1 ad=2.9 as=2.9 pd=20.58 ps=20.58 nrd=0.029 nrs=0.029 sa=0
| + sb=0 sd=0 mult=1 m=1
| XM_TAIL EA_TAIL BIASP VIN VIN sky130_fd_pr__pfet_g5v0d10v5 L=2 W=40 nf=8 ad=5.8 as=7.25 pd=42.32 ps=52.9 nrd=0.00725 nrs=0.00725
| + sa=0 sb=0 sd=0 mult=1 m=1
| XM_IN1 EA_D1 FB EA_TAIL VIN sky130_fd_pr__pfet_g5v0d10v5 L=2 W=10 nf=2 ad=1.45 as=2.9 pd=10.58 ps=21.16 nrd=0.029 nrs=0.029 sa=0
| + sb=0 sd=0 mult=1 m=1
| XM_IN2 EA_D2 VREF EA_TAIL VIN sky130_fd_pr__pfet_g5v0d10v5 L=2 W=10 nf=2 ad=1.45 as=2.9 pd=10.58 ps=21.16 nrd=0.029 nrs=0.029 sa=0
| + sb=0 sd=0 mult=1 m=1
| XM_MIR1 EA_D1 EA_D1 AMP_ENN 0 sky130_fd_pr__nfet_g5v0d10v5 L=4 W=10 nf=2 ad=1.45 as=2.9 pd=10.58 ps=21.16 nrd=0.029 nrs=0.029 sa=0
| + sb=0 sd=0 mult=1 m=1
| XM_MIR2 EA_OUT EA_D1 AMP_ENN 0 sky130_fd_pr__nfet_g5v0d10v5 L=4 W=10 nf=2 ad=1.45 as=2.9 pd=10.58 ps=21.16 nrd=0.029 nrs=0.029
| + sa=0 sb=0 sd=0 mult=1 m=1
| XM_ENN2 AMP_ENN EN 0 0 sky130_fd_pr__nfet_g5v0d10v5 L=0.5 W=10 nf=1 ad=2.9 as=2.9 pd=20.58 ps=20.58 nrd=0.029 nrs=0.029 sa=0 sb=0
| + sd=0 mult=1 m=1
| XM_ENP EA_OUT EN VIN VIN sky130_fd_pr__pfet_g5v0d10v5 L=0.5 W=10 nf=1 ad=2.9 as=2.9 pd=20.58 ps=20.58 nrd=0.029 nrs=0.029 sa=0
| + sb=0 sd=0 mult=1 m=1
| XM_MIR3 EA_D2 EA_D2 AMP_ENN 0 sky130_fd_pr__nfet_g5v0d10v5 L=4 W=10 nf=2 ad=1.45 as=2.9 pd=10.58 ps=21.16 nrd=0.029 nrs=0.029 sa=0
| + sb=0 sd=0 mult=1 m=1
| XM_MIR4 PB EA_D2 AMP_ENN 0 sky130_fd_pr__nfet_g5v0d10v5 L=4 W=10 nf=2 ad=1.45 as=2.9 pd=10.58 ps=21.16 nrd=0.029 nrs=0.029 sa=0
| + sb=0 sd=0 mult=1 m=1
| XM_MIRP1 PB PB VIN VIN sky130_fd_pr__pfet_g5v0d10v5 L=4 W=20 nf=4 ad=2.9 as=4.35 pd=21.16 ps=31.74 nrd=0.0145 nrs=0.0145 sa=0 sb=0
| + sd=0 mult=1 m=1
| XM_MIRP2 EA_OUT PB VIN VIN sky130_fd_pr__pfet_g5v0d10v5 L=4 W=20 nf=4 ad=2.9 as=4.35 pd=21.16 ps=31.74 nrd=0.0145 nrs=0.0145 sa=0
| + sb=0 sd=0 mult=1 m=1
| XM_ENP5 PB EN VIN VIN sky130_fd_pr__pfet_g5v0d10v5 L=0.5 W=2 nf=1 ad=0.58 as=0.58 pd=4.58 ps=4.58 nrd=0.145 nrs=0.145 sa=0 sb=0
| + sd=0 mult=1 m=1
| XM_PASS VOUT EA_OUT VIN VIN sky130_fd_pr__pfet_g5v0d10v5 L=0.5 W=100 nf=25 ad=15.08 as=15.08 pd=111.54 ps=111.54 nrd=0.0029
| + nrs=0.0029 sa=0 sb=0 sd=0 mult=50 m=50
| C_COMP VOUT EA_CZ 150p m=1
| XR_CZ EA_CZ EA_OUT 0 sky130_fd_pr__res_xhigh_po W=0.42 L=52 mult=1 m=1
| XR_FB_A VOUT FB 0 sky130_fd_pr__res_xhigh_po W=0.42 L=180 mult=1 m=1
| XR_FB_B FB N_FBB 0 sky130_fd_pr__res_xhigh_po W=0.42 L=180 mult=1 m=1
| XR_FB_C N_FBB 0 0 sky130_fd_pr__res_xhigh_po W=0.42 L=180 mult=1 m=1
| XM_SENSE CL_SNS EA_OUT VIN VIN sky130_fd_pr__pfet_g5v0d10v5 L=0.5 W=0.42 nf=1 ad=0.1218 as=0.1218 pd=1.42 ps=1.42
| + nrd=0.69047619047619 nrs=0.69047619047619 sa=0 sb=0 sd=0 mult=2 m=2
| XM_CLN1 CL_SNS CL_SNS AMP_ENN 0 sky130_fd_pr__nfet_g5v0d10v5 L=1 W=20 nf=1 ad=5.8 as=5.8 pd=40.58 ps=40.58 nrd=0.0145 nrs=0.0145
| + sa=0 sb=0 sd=0 mult=1 m=1
| XM_CLN2 CL_CMP CL_SNS AMP_ENN 0 sky130_fd_pr__nfet_g5v0d10v5 L=1 W=1.6 nf=1 ad=0.464 as=0.464 pd=3.78 ps=3.78 nrd=0.18125
| + nrs=0.18125 sa=0 sb=0 sd=0 mult=1 m=1
| XM_CLP CL_CMP BIASP VIN VIN sky130_fd_pr__pfet_g5v0d10v5 L=1 W=10 nf=2 ad=1.45 as=2.9 pd=10.58 ps=21.16 nrd=0.029 nrs=0.029 sa=0
| + sb=0 sd=0 mult=1 m=1
| XM_CLIM EA_OUT CL_CMP VIN VIN sky130_fd_pr__pfet_g5v0d10v5 L=0.5 W=20 nf=4 ad=2.9 as=4.35 pd=21.16 ps=31.74 nrd=0.0145 nrs=0.0145
| + sa=0 sb=0 sd=0 mult=1 m=1
| XM_ENP3 CL_CMP EN VIN VIN sky130_fd_pr__pfet_g5v0d10v5 L=0.5 W=2 nf=1 ad=0.58 as=0.58 pd=4.58 ps=4.58 nrd=0.145 nrs=0.145 sa=0
| + sb=0 sd=0 mult=1 m=1
| C_CL VIN CL_CMP 1p m=1
| XM_INVP ENB EN VIN VIN sky130_fd_pr__pfet_g5v0d10v5 L=0.5 W=2 nf=1 ad=0.58 as=0.58 pd=4.58 ps=4.58 nrd=0.145 nrs=0.145 sa=0 sb=0
| + sd=0 mult=1 m=1
| XM_INVN ENB EN 0 0 sky130_fd_pr__nfet_g5v0d10v5 L=0.5 W=1 nf=1 ad=0.29 as=0.29 pd=2.58 ps=2.58 nrd=0.29 nrs=0.29 sa=0 sb=0 sd=0
| + mult=1 m=1
| XM_SSDIS SS ENB 0 0 sky130_fd_pr__nfet_g5v0d10v5 L=0.5 W=2 nf=1 ad=0.58 as=0.58 pd=4.58 ps=4.58 nrd=0.145 nrs=0.145 sa=0 sb=0 sd=0
| + mult=1 m=1
| XM_SSCHG SS BIASP VIN VIN sky130_fd_pr__pfet_g5v0d10v5 L=8 W=1 nf=1 ad=0.29 as=0.29 pd=2.58 ps=2.58 nrd=0.29 nrs=0.29 sa=0 sb=0
| + sd=0 mult=1 m=1
| C_SS SS 0 10p m=1
| XM_IN2S EA_D2 SS EA_TAIL VIN sky130_fd_pr__pfet_g5v0d10v5 L=2 W=10 nf=2 ad=1.45 as=2.9 pd=10.58 ps=21.16 nrd=0.029 nrs=0.029 sa=0
| + sb=0 sd=0 mult=1 m=1
| XM_TSPS TS_SNS BIASP VIN VIN sky130_fd_pr__pfet_g5v0d10v5 L=1 W=1.25 nf=1 ad=0.3625 as=0.3625 pd=3.08 ps=3.08 nrd=0.232 nrs=0.232
| + sa=0 sb=0 sd=0 mult=1 m=1
| XM_TSD1 TS_SNS TS_SNS TS_MID 0 sky130_fd_pr__nfet_g5v0d10v5 L=4 W=80 nf=16 ad=11.6 as=13.05 pd=84.64 ps=95.22 nrd=0.003625
| + nrs=0.003625 sa=0 sb=0 sd=0 mult=1 m=1
| XM_TSD2 TS_MID TS_MID AMP_ENN 0 sky130_fd_pr__nfet_g5v0d10v5 L=4 W=80 nf=16 ad=11.6 as=13.05 pd=84.64 ps=95.22 nrd=0.003625
| + nrs=0.003625 sa=0 sb=0 sd=0 mult=1 m=1
| XM_TSPR TS_REF BIASP VIN VIN sky130_fd_pr__pfet_g5v0d10v5 L=1 W=7 nf=1 ad=2.03 as=2.03 pd=14.58 ps=14.58 nrd=0.0414285714285714
| + nrs=0.0414285714285714 sa=0 sb=0 sd=0 mult=1 m=1
| XM_TSR1 TS_REF TS_REF AMP_ENN 0 sky130_fd_pr__nfet_g5v0d10v5 L=2 W=0.42 nf=1 ad=0.1218 as=0.1218 pd=1.42 ps=1.42
| + nrd=0.69047619047619 nrs=0.69047619047619 sa=0 sb=0 sd=0 mult=1 m=1
| XM_TCTAIL TC_TAIL NB AMP_ENN 0 sky130_fd_pr__nfet_g5v0d10v5 L=1 W=1 nf=1 ad=0.29 as=0.29 pd=2.58 ps=2.58 nrd=0.29 nrs=0.29 sa=0
| + sb=0 sd=0 mult=1 m=1
| XM_TCN1 TC_D1 TS_SNS TC_TAIL 0 sky130_fd_pr__nfet_g5v0d10v5 L=2 W=10 nf=2 ad=1.45 as=2.9 pd=10.58 ps=21.16 nrd=0.029 nrs=0.029
| + sa=0 sb=0 sd=0 mult=1 m=1
| XM_TCN2 TS_CMP TS_REF TC_TAIL 0 sky130_fd_pr__nfet_g5v0d10v5 L=2 W=10 nf=2 ad=1.45 as=2.9 pd=10.58 ps=21.16 nrd=0.029 nrs=0.029
| + sa=0 sb=0 sd=0 mult=1 m=1
| XM_TCP1 TC_D1 TC_D1 VIN VIN sky130_fd_pr__pfet_g5v0d10v5 L=2 W=10 nf=2 ad=1.45 as=2.9 pd=10.58 ps=21.16 nrd=0.029 nrs=0.029 sa=0
| + sb=0 sd=0 mult=1 m=1
| XM_TCP2 TS_CMP TC_D1 VIN VIN sky130_fd_pr__pfet_g5v0d10v5 L=2 W=10 nf=2 ad=1.45 as=2.9 pd=10.58 ps=21.16 nrd=0.029 nrs=0.029 sa=0
| + sb=0 sd=0 mult=1 m=1
| XM_TSHUT EA_OUT TS_CMP VIN VIN sky130_fd_pr__pfet_g5v0d10v5 L=0.5 W=20 nf=4 ad=2.9 as=4.35 pd=21.16 ps=31.74 nrd=0.0145 nrs=0.0145
| + sa=0 sb=0 sd=0 mult=1 m=1
| XM_TSHYSB TS_HYS BIASP VIN VIN sky130_fd_pr__pfet_g5v0d10v5 L=2 W=4.5 nf=1 ad=1.305 as=1.305 pd=9.58 ps=9.58
| + nrd=0.0644444444444444 nrs=0.0644444444444444 sa=0 sb=0 sd=0 mult=1 m=1
| XM_TSHYS TS_REF TS_CMP TS_HYS VIN sky130_fd_pr__pfet_g5v0d10v5 L=0.5 W=2 nf=1 ad=0.58 as=0.58 pd=4.58 ps=4.58 nrd=0.145 nrs=0.145
| + sa=0 sb=0 sd=0 mult=1 m=1
| XM_ENP4 TS_CMP EN VIN VIN sky130_fd_pr__pfet_g5v0d10v5 L=0.5 W=2 nf=1 ad=0.58 as=0.58 pd=4.58 ps=4.58 nrd=0.145 nrs=0.145 sa=0
| + sb=0 sd=0 mult=1 m=1
| C_TS VIN TS_CMP 1p m=1
| .ends
| 
| .control
| save all
| * ONE cold-start transient, not a `dc VVIN` sweep (issue #178, the #171
| * initial-condition contract): `uic` starts every node at its natural cold
| * value with EN low, the testbench's VEN steps high at 100us, VIN rises to
| * the sweep's own 3.63V top by 100us, the ideal 50mA sink ramps on over
| * 2.5-2.6ms once the loop is up, and the block is settled by 5.5ms. VIN is
| * then ramped DOWN 3.63V -> 1.5V over 6ms-14ms (266.3 V/s, quasi-static:
| * see the testbench header for the ramp-rate measurement) and the dropout
| * crossing is read off that ramp. There is no operating-point solve in the
| * deck at all -- the contract's `uic` + EN-edge shape, the one PR #170
| * landed for sim/mc-output-accuracy and PR for #172 landed for
| * line-/load-regulation. `td=6m` keeps the `fall=1` search off the
| * start-up ramp's own rise, so the crossing found is the dropout event.
| tran 10u 14m uic
| meas tran dropout_vin_x find v(vin) when v(vout)=1.764 fall=1 td=6m
| meas tran vout_at_max_vin_v avg v(vout) from=5.5m to=6m
| let meas_dropout_v = dropout_vin_x - 1.764
| let meas_vout_at_max_vin_v = vout_at_max_vin_v
| print meas_dropout_v
| print meas_vout_at_max_vin_v
| quit
| .endc
| .end

# ==== ngspice stdout ====

Note: Compatibility modes selected: hs a


Circuit: * dropout-vs-load corner deck -- generated by sim/bin/corner-run.py, do not edit

option SCALE: Scale is set to 1e-06 for instance and model parameters
option SCALE: Scale is set to 1e-06 for instance and model parameters
option SCALE: Scale is set to 1e-06 for instance and model parameters
option SCALE: Scale is set to 1e-06 for instance and model parameters
Doing analysis at TEMP = 27.000000 and TNOM = 27.000000

Using KLU as Direct Linear Solver
Operating point simulation skipped by 'uic',
  now using transient initial conditions.
 Reference value :  1.00000e-07
 Reference value :  1.08386e-07
 Reference value :  2.76107e-07
 Reference value :  1.52842e-06
 Reference value :  7.31988e-06
 Reference value :  1.36129e-05
 Reference value :  1.61612e-05
 Reference value :  1.88657e-05
 Reference value :  2.16828e-05
 Reference value :  2.38900e-05
 Reference value :  2.81362e-05
 Reference value :  3.14852e-05
 Reference value :  5.11919e-05
 Reference value :  8.11919e-05
 Reference value :  1.00100e-04
 Reference value :  1.00300e-04
 Reference value :  1.00411e-04
 Reference value :  1.00602e-04
 Reference value :  1.00791e-04
 Reference value :  1.00896e-04
 Reference value :  1.00994e-04
 Reference value :  1.01002e-04
 Reference value :  1.01029e-04
 Reference value :  1.01086e-04
 Reference value :  1.01261e-04
 Reference value :  1.01966e-04
 Reference value :  1.02421e-04
 Reference value :  1.02518e-04
 Reference value :  1.02666e-04
 Reference value :  1.02901e-04
 Reference value :  1.03928e-04
 Reference value :  1.05581e-04
 Reference value :  1.07424e-04
 Reference value :  1.08656e-04
 Reference value :  1.14454e-04
 Reference value :  1.33640e-04
 Reference value :  1.73640e-04
 Reference value :  2.13640e-04
 Reference value :  2.43640e-04
 Reference value :  2.83640e-04
 Reference value :  3.23640e-04
 Reference value :  3.63640e-04
 Reference value :  3.93640e-04
 Reference value :  4.23640e-04
 Reference value :  4.53640e-04
 Reference value :  4.83640e-04
 Reference value :  5.13640e-04
 Reference value :  5.33640e-04
 Reference value :  5.53640e-04
 Reference value :  5.73640e-04
 Reference value :  5.93640e-04
 Reference value :  6.03640e-04
 Reference value :  6.13640e-04
 Reference value :  6.23640e-04
 Reference value :  6.33640e-04
 Reference value :  6.43640e-04
 Reference value :  6.53640e-04
 Reference value :  6.63640e-04
 Reference value :  6.73640e-04
 Reference value :  6.83640e-04
 Reference value :  6.93640e-04
 Reference value :  7.03640e-04
 Reference value :  7.13640e-04
 Reference value :  7.33640e-04
 Reference value :  7.53640e-04
 Reference value :  7.83640e-04
 Reference value :  8.23640e-04
 Reference value :  8.73640e-04
 Reference value :  9.13640e-04
 Reference value :  9.53640e-04
 Reference value :  9.93640e-04
 Reference value :  1.03364e-03
 Reference value :  1.07364e-03
 Reference value :  1.11364e-03
 Reference value :  1.14364e-03
 Reference value :  1.18364e-03
 Reference value :  1.30364e-03
 Reference value :  1.34364e-03
 Reference value :  1.38364e-03
 Reference value :  1.42364e-03
 Reference value :  1.46364e-03
 Reference value :  1.50364e-03
 Reference value :  1.54364e-03
 Reference value :  1.72364e-03
 Reference value :  1.76364e-03
 Reference value :  1.80364e-03
 Reference value :  1.83364e-03
 Reference value :  1.87364e-03
 Reference value :  1.91364e-03
 Reference value :  1.95364e-03
 Reference value :  1.99364e-03
 Reference value :  2.03364e-03
 Reference value :  2.07364e-03
 Reference value :  2.11364e-03
 Reference value :  2.15364e-03
 Reference value :  2.18364e-03
 Reference value :  2.23364e-03
 Reference value :  2.26364e-03
 Reference value :  2.30364e-03
 Reference value :  2.33364e-03
 Reference value :  2.37364e-03
 Reference value :  2.40364e-03
 Reference value :  2.45364e-03
 Reference value :  2.49182e-03
 Reference value :  2.50700e-03
 Reference value :  2.52120e-03
 Reference value :  2.53733e-03
 Reference value :  2.55104e-03
 Reference value :  2.58684e-03
 Reference value :  2.60700e-03
 Reference value :  2.64500e-03
 Reference value :  2.68500e-03
 Reference value :  2.73500e-03
 Reference value :  2.77500e-03
 Reference value :  2.80500e-03
 Reference value :  2.84500e-03
 Reference value :  2.87500e-03
 Reference value :  2.91500e-03
 Reference value :  2.94500e-03
 Reference value :  2.98500e-03
 Reference value :  3.02500e-03
 Reference value :  3.06500e-03
 Reference value :  3.10500e-03
 Reference value :  3.14500e-03
 Reference value :  3.18500e-03
 Reference value :  3.22500e-03
 Reference value :  3.26500e-03
 Reference value :  3.30500e-03
 Reference value :  3.34500e-03
 Reference value :  3.38500e-03
 Reference value :  3.42500e-03
 Reference value :  3.46500e-03
 Reference value :  3.50500e-03
 Reference value :  3.54500e-03
 Reference value :  3.58500e-03
 Reference value :  3.62500e-03
 Reference value :  3.66500e-03
 Reference value :  3.71500e-03
 Reference value :  3.75500e-03
 Reference value :  3.79500e-03
 Reference value :  3.83500e-03
 Reference value :  3.87500e-03
 Reference value :  3.91500e-03
 Reference value :  3.95500e-03
 Reference value :  3.99500e-03
 Reference value :  4.03500e-03
 Reference value :  4.07500e-03
 Reference value :  4.11500e-03
 Reference value :  4.15500e-03
 Reference value :  4.19500e-03
 Reference value :  4.24500e-03
 Reference value :  4.29500e-03
 Reference value :  4.33500e-03
 Reference value :  4.37500e-03
 Reference value :  4.41500e-03
 Reference value :  4.45500e-03
 Reference value :  4.49500e-03
 Reference value :  4.53500e-03
 Reference value :  4.57500e-03
 Reference value :  4.61500e-03
 Reference value :  4.64500e-03
 Reference value :  4.68500e-03
 Reference value :  4.72500e-03
 Reference value :  4.76500e-03
 Reference value :  4.80500e-03
 Reference value :  4.84500e-03
 Reference value :  4.88500e-03
 Reference value :  4.92500e-03
 Reference value :  4.96500e-03
 Reference value :  5.01500e-03
 Reference value :  5.05500e-03
 Reference value :  5.09500e-03
 Reference value :  5.13500e-03
 Reference value :  5.17500e-03
 Reference value :  5.21500e-03
 Reference value :  5.24500e-03
 Reference value :  5.28500e-03
 Reference value :  5.32500e-03
 Reference value :  5.36500e-03
 Reference value :  5.41500e-03
 Reference value :  5.45500e-03
 Reference value :  5.49500e-03
 Reference value :  5.53500e-03
 Reference value :  5.57500e-03
 Reference value :  5.61500e-03
 Reference value :  5.64500e-03
 Reference value :  5.68500e-03
 Reference value :  5.72500e-03
 Reference value :  5.76500e-03
 Reference value :  5.79500e-03
 Reference value :  5.83500e-03
 Reference value :  5.87500e-03
 Reference value :  5.91500e-03
 Reference value :  5.95500e-03
 Reference value :  6.00000e-03
 Reference value :  6.01500e-03
 Reference value :  6.05500e-03
 Reference value :  6.09500e-03
 Reference value :  6.13500e-03
 Reference value :  6.18500e-03
 Reference value :  6.22500e-03
 Reference value :  6.25500e-03
 Reference value :  6.29500e-03
 Reference value :  6.33500e-03
 Reference value :  6.37500e-03
 Reference value :  6.40500e-03
 Reference value :  6.44500e-03
 Reference value :  6.48500e-03
 Reference value :  6.53500e-03
 Reference value :  6.57500e-03
 Reference value :  6.61500e-03
 Reference value :  6.64500e-03
 Reference value :  6.68500e-03
 Reference value :  6.71500e-03
 Reference value :  6.75500e-03
 Reference value :  6.79500e-03
 Reference value :  6.82500e-03
 Reference value :  6.86500e-03
 Reference value :  6.90500e-03
 Reference value :  6.93500e-03
 Reference value :  6.97500e-03
 Reference value :  7.01500e-03
 Reference value :  7.04500e-03
 Reference value :  7.08500e-03
 Reference value :  7.11500e-03
 Reference value :  7.15500e-03
 Reference value :  7.18500e-03
 Reference value :  7.22500e-03
 Reference value :  7.26500e-03
 Reference value :  7.30500e-03
 Reference value :  7.34500e-03
 Reference value :  7.37500e-03
 Reference value :  7.41500e-03
 Reference value :  7.45500e-03
 Reference value :  7.49500e-03
 Reference value :  7.53500e-03
 Reference value :  7.57500e-03
 Reference value :  7.62500e-03
 Reference value :  7.66500e-03
 Reference value :  7.70500e-03
 Reference value :  7.74500e-03
 Reference value :  7.78500e-03
 Reference value :  7.82500e-03
 Reference value :  7.86500e-03
 Reference value :  7.90500e-03
 Reference value :  7.94500e-03
 Reference value :  7.97500e-03
 Reference value :  8.01500e-03
 Reference value :  8.06500e-03
 Reference value :  8.10500e-03
 Reference value :  8.15500e-03
 Reference value :  8.19500e-03
 Reference value :  8.23500e-03
 Reference value :  8.27500e-03
 Reference value :  8.31500e-03
 Reference value :  8.35500e-03
 Reference value :  8.39500e-03
 Reference value :  8.43500e-03
 Reference value :  8.47500e-03
 Reference value :  8.51500e-03
 Reference value :  8.55500e-03
 Reference value :  8.59500e-03
 Reference value :  8.63500e-03
 Reference value :  8.67500e-03
 Reference value :  8.71500e-03
 Reference value :  8.75500e-03
 Reference value :  8.79500e-03
 Reference value :  8.83500e-03
 Reference value :  8.87500e-03
 Reference value :  8.91500e-03
 Reference value :  8.95500e-03
 Reference value :  8.99500e-03
 Reference value :  9.03500e-03
 Reference value :  9.07500e-03
 Reference value :  9.12500e-03
 Reference value :  9.15500e-03
 Reference value :  9.19500e-03
 Reference value :  9.23500e-03
 Reference value :  9.27500e-03
 Reference value :  9.31500e-03
 Reference value :  9.35500e-03
 Reference value :  9.39500e-03
 Reference value :  9.43500e-03
 Reference value :  9.47500e-03
 Reference value :  9.51500e-03
 Reference value :  9.55500e-03
 Reference value :  9.59500e-03
 Reference value :  9.63500e-03
 Reference value :  9.67500e-03
 Reference value :  9.71500e-03
 Reference value :  9.75500e-03
 Reference value :  9.85500e-03
 Reference value :  9.96500e-03
 Reference value :  1.00050e-02
 Reference value :  1.00450e-02
 Reference value :  1.00950e-02
 Reference value :  1.01350e-02
 Reference value :  1.01750e-02
 Reference value :  1.02150e-02
 Reference value :  1.02550e-02
 Reference value :  1.03350e-02
 Reference value :  1.03750e-02
 Reference value :  1.04150e-02
 Reference value :  1.04650e-02
 Reference value :  1.05050e-02
 Reference value :  1.05450e-02
 Reference value :  1.05850e-02
 Reference value :  1.06250e-02
 Reference value :  1.06650e-02
 Reference value :  1.07050e-02
 Reference value :  1.07450e-02
 Reference value :  1.07850e-02
 Reference value :  1.08250e-02
 Reference value :  1.08650e-02
 Reference value :  1.09050e-02
 Reference value :  1.09550e-02
 Reference value :  1.09950e-02
 Reference value :  1.10350e-02
 Reference value :  1.10750e-02
 Reference value :  1.11150e-02
 Reference value :  1.11450e-02
 Reference value :  1.11750e-02
 Reference value :  1.12150e-02
 Reference value :  1.12550e-02
 Reference value :  1.12950e-02
 Reference value :  1.13350e-02
 Reference value :  1.13750e-02
 Reference value :  1.14150e-02
 Reference value :  1.14650e-02
 Reference value :  1.15050e-02
 Reference value :  1.15450e-02
 Reference value :  1.15850e-02
 Reference value :  1.16250e-02
 Reference value :  1.16650e-02
 Reference value :  1.16950e-02
 Reference value :  1.17250e-02
 Reference value :  1.17750e-02
 Reference value :  1.18150e-02
 Reference value :  1.18550e-02
 Reference value :  1.18950e-02
 Reference value :  1.19750e-02
 Reference value :  1.20150e-02
 Reference value :  1.20550e-02
 Reference value :  1.20950e-02
 Reference value :  1.21350e-02
 Reference value :  1.21750e-02
 Reference value :  1.22150e-02
 Reference value :  1.22550e-02
 Reference value :  1.22950e-02
 Reference value :  1.23350e-02
 Reference value :  1.23750e-02
 Reference value :  1.24150e-02
 Reference value :  1.24550e-02
 Reference value :  1.24850e-02
 Reference value :  1.25250e-02
 Reference value :  1.25550e-02
 Reference value :  1.25950e-02
 Reference value :  1.26250e-02
 Reference value :  1.26650e-02
 Reference value :  1.26950e-02
 Reference value :  1.27350e-02
 Reference value :  1.27750e-02
 Reference value :  1.28250e-02
 Reference value :  1.28650e-02
 Reference value :  1.29050e-02
 Reference value :  1.29450e-02
 Reference value :  1.29750e-02
 Reference value :  1.30150e-02
 Reference value :  1.30550e-02
 Reference value :  1.30950e-02
 Reference value :  1.31350e-02
 Reference value :  1.31750e-02
 Reference value :  1.32050e-02
 Reference value :  1.32450e-02
 Reference value :  1.32850e-02
 Reference value :  1.33250e-02
 Reference value :  1.33650e-02
 Reference value :  1.33950e-02
 Reference value :  1.34350e-02
 Reference value :  1.34750e-02
 Reference value :  1.35150e-02
 Reference value :  1.35550e-02
 Reference value :  1.36050e-02
 Reference value :  1.36450e-02
 Reference value :  1.36850e-02
 Reference value :  1.37150e-02
 Reference value :  1.37550e-02
 Reference value :  1.37950e-02
 Reference value :  1.38350e-02
 Reference value :  1.38750e-02
 Reference value :  1.39150e-02
 Reference value :  1.39550e-02
 Reference value :  1.39925e-02
No. of Data Rows : 1477
dropout_vin_x       =  2.41347e+00
vout_at_max_vin_v   =  1.79899e+00 from=  5.50000e-03 to=  6.00100e-03
meas_dropout_v = 6.494650e-01
meas_vout_at_max_vin_v = 1.798991e+00
ngspice-46 done

# ==== ngspice stderr ====

