# corner: fs_125c_2.97v
# process=fs temp=125C supply=2.97V
# ngspice exit: 0
# wall clock: 87.7s (--timeout was 900s)
# result: FAIL

# ==== deck (exact input given to ngspice) ====
| * dropout-vs-load corner deck -- generated by sim/bin/corner-run.py, do not edit
| * corner: fs_125c_2.97v
| .param vsup=2.97
| .option wnflag=1
| .temp 125
| .lib "/home/ubuntu/.volare/sky130A/libs.tech/combined/sky130.lib.spice" fs
| ** sch_path: sim/dropout-vs-load/testbench/tb_dropout_vs_load.sch
| **.subckt tb_dropout_vs_load
| VVIN VIN 0 PWL(0 0 100u 3.63 6m 3.63 14m 1.5)
| .save i(vvin)
| VEN EN 0 PULSE(0 'vsup' 100u 1u 1u 100 200)
| .save i(ven)
| VVREF VREF 0 1.2
| .save i(vvref)
| xldo VOUT VREF EN VIN ldo_3v3in_1v8out
| COUT VOUT VESR 1u m=1
| RESR VESR 0 10m m=1
| ILOAD VOUT 0 PWL(0 0 2.5m 0 2.6m 50m)
| **.ends
| 
| * expanding   symbol:  design/ldo_3v3in_1v8out.sym # of pins=4
| ** sym_path: design/ldo_3v3in_1v8out.sym
| ** sch_path: design/ldo_3v3in_1v8out.sch
| .subckt ldo_3v3in_1v8out VOUT VREF EN VIN
| *.ipin VIN
| *.ipin EN
| *.ipin VREF
| *.opin VOUT
| XR_BIAS VIN NB 0 sky130_fd_pr__res_high_po W=0.42 L=1500 mult=1 m=1
| XM_BIASN1 NB NB BIAS_ENN 0 sky130_fd_pr__nfet_g5v0d10v5 L=1 W=4 nf=1 ad=1.16 as=1.16 pd=8.58 ps=8.58 nrd=0.0725 nrs=0.0725 sa=0
| + sb=0 sd=0 mult=1 m=1
| XM_ENN BIAS_ENN EN 0 0 sky130_fd_pr__nfet_g5v0d10v5 L=0.5 W=10 nf=1 ad=2.9 as=2.9 pd=20.58 ps=20.58 nrd=0.029 nrs=0.029 sa=0 sb=0
| + sd=0 mult=1 m=1
| XM_BIASN2 BIASP NB BIAS_ENN 0 sky130_fd_pr__nfet_g5v0d10v5 L=1 W=4 nf=1 ad=1.16 as=1.16 pd=8.58 ps=8.58 nrd=0.0725 nrs=0.0725 sa=0
| + sb=0 sd=0 mult=1 m=1
| XM_BIASP1 BIASP BIASP VIN VIN sky130_fd_pr__pfet_g5v0d10v5 L=1 W=10 nf=2 ad=1.45 as=2.9 pd=10.58 ps=21.16 nrd=0.029 nrs=0.029 sa=0
| + sb=0 sd=0 mult=1 m=1
| XM_ENP2 BIASP EN VIN VIN sky130_fd_pr__pfet_g5v0d10v5 L=0.5 W=10 nf=1 ad=2.9 as=2.9 pd=20.58 ps=20.58 nrd=0.029 nrs=0.029 sa=0
| + sb=0 sd=0 mult=1 m=1
| XM_TAIL EA_TAIL BIASP VIN VIN sky130_fd_pr__pfet_g5v0d10v5 L=2 W=40 nf=8 ad=5.8 as=7.25 pd=42.32 ps=52.9 nrd=0.00725 nrs=0.00725
| + sa=0 sb=0 sd=0 mult=1 m=1
| XM_IN1 EA_D1 FB EA_TAIL VIN sky130_fd_pr__pfet_g5v0d10v5 L=2 W=10 nf=2 ad=1.45 as=2.9 pd=10.58 ps=21.16 nrd=0.029 nrs=0.029 sa=0
| + sb=0 sd=0 mult=1 m=1
| XM_IN2 EA_D2 VREF EA_TAIL VIN sky130_fd_pr__pfet_g5v0d10v5 L=2 W=10 nf=2 ad=1.45 as=2.9 pd=10.58 ps=21.16 nrd=0.029 nrs=0.029 sa=0
| + sb=0 sd=0 mult=1 m=1
| XM_MIR1 EA_D1 EA_D1 AMP_ENN 0 sky130_fd_pr__nfet_g5v0d10v5 L=4 W=10 nf=2 ad=1.45 as=2.9 pd=10.58 ps=21.16 nrd=0.029 nrs=0.029 sa=0
| + sb=0 sd=0 mult=1 m=1
| XM_MIR2 EA_OUT EA_D1 AMP_ENN 0 sky130_fd_pr__nfet_g5v0d10v5 L=4 W=10 nf=2 ad=1.45 as=2.9 pd=10.58 ps=21.16 nrd=0.029 nrs=0.029
| + sa=0 sb=0 sd=0 mult=1 m=1
| XM_ENN2 AMP_ENN EN 0 0 sky130_fd_pr__nfet_g5v0d10v5 L=0.5 W=10 nf=1 ad=2.9 as=2.9 pd=20.58 ps=20.58 nrd=0.029 nrs=0.029 sa=0 sb=0
| + sd=0 mult=1 m=1
| XM_ENP EA_OUT EN VIN VIN sky130_fd_pr__pfet_g5v0d10v5 L=0.5 W=10 nf=1 ad=2.9 as=2.9 pd=20.58 ps=20.58 nrd=0.029 nrs=0.029 sa=0
| + sb=0 sd=0 mult=1 m=1
| XM_MIR3 EA_D2 EA_D2 AMP_ENN 0 sky130_fd_pr__nfet_g5v0d10v5 L=4 W=10 nf=2 ad=1.45 as=2.9 pd=10.58 ps=21.16 nrd=0.029 nrs=0.029 sa=0
| + sb=0 sd=0 mult=1 m=1
| XM_MIR4 PB EA_D2 AMP_ENN 0 sky130_fd_pr__nfet_g5v0d10v5 L=4 W=10 nf=2 ad=1.45 as=2.9 pd=10.58 ps=21.16 nrd=0.029 nrs=0.029 sa=0
| + sb=0 sd=0 mult=1 m=1
| XM_MIRP1 PB PB VIN VIN sky130_fd_pr__pfet_g5v0d10v5 L=4 W=20 nf=4 ad=2.9 as=4.35 pd=21.16 ps=31.74 nrd=0.0145 nrs=0.0145 sa=0 sb=0
| + sd=0 mult=1 m=1
| XM_MIRP2 EA_OUT PB VIN VIN sky130_fd_pr__pfet_g5v0d10v5 L=4 W=20 nf=4 ad=2.9 as=4.35 pd=21.16 ps=31.74 nrd=0.0145 nrs=0.0145 sa=0
| + sb=0 sd=0 mult=1 m=1
| XM_ENP5 PB EN VIN VIN sky130_fd_pr__pfet_g5v0d10v5 L=0.5 W=2 nf=1 ad=0.58 as=0.58 pd=4.58 ps=4.58 nrd=0.145 nrs=0.145 sa=0 sb=0
| + sd=0 mult=1 m=1
| XM_PASS VOUT EA_OUT VIN VIN sky130_fd_pr__pfet_g5v0d10v5 L=0.5 W=100 nf=25 ad=15.08 as=15.08 pd=111.54 ps=111.54 nrd=0.0029
| + nrs=0.0029 sa=0 sb=0 sd=0 mult=50 m=50
| C_COMP VOUT EA_CZ 150p m=1
| XR_CZ EA_CZ EA_OUT 0 sky130_fd_pr__res_xhigh_po W=0.42 L=52 mult=1 m=1
| XR_FB_A VOUT FB 0 sky130_fd_pr__res_xhigh_po W=0.42 L=180 mult=1 m=1
| XR_FB_B FB N_FBB 0 sky130_fd_pr__res_xhigh_po W=0.42 L=180 mult=1 m=1
| XR_FB_C N_FBB 0 0 sky130_fd_pr__res_xhigh_po W=0.42 L=180 mult=1 m=1
| XM_SENSE CL_SNS EA_OUT VIN VIN sky130_fd_pr__pfet_g5v0d10v5 L=0.5 W=0.42 nf=1 ad=0.1218 as=0.1218 pd=1.42 ps=1.42
| + nrd=0.69047619047619 nrs=0.69047619047619 sa=0 sb=0 sd=0 mult=2 m=2
| XM_CLN1 CL_SNS CL_SNS AMP_ENN 0 sky130_fd_pr__nfet_g5v0d10v5 L=1 W=20 nf=1 ad=5.8 as=5.8 pd=40.58 ps=40.58 nrd=0.0145 nrs=0.0145
| + sa=0 sb=0 sd=0 mult=1 m=1
| XM_CLN2 CL_CMP CL_SNS AMP_ENN 0 sky130_fd_pr__nfet_g5v0d10v5 L=1 W=1.6 nf=1 ad=0.464 as=0.464 pd=3.78 ps=3.78 nrd=0.18125
| + nrs=0.18125 sa=0 sb=0 sd=0 mult=1 m=1
| XM_CLP CL_CMP BIASP VIN VIN sky130_fd_pr__pfet_g5v0d10v5 L=1 W=10 nf=2 ad=1.45 as=2.9 pd=10.58 ps=21.16 nrd=0.029 nrs=0.029 sa=0
| + sb=0 sd=0 mult=1 m=1
| XM_CLIM EA_OUT CL_CMP VIN VIN sky130_fd_pr__pfet_g5v0d10v5 L=0.5 W=20 nf=4 ad=2.9 as=4.35 pd=21.16 ps=31.74 nrd=0.0145 nrs=0.0145
| + sa=0 sb=0 sd=0 mult=1 m=1
| XM_ENP3 CL_CMP EN VIN VIN sky130_fd_pr__pfet_g5v0d10v5 L=0.5 W=2 nf=1 ad=0.58 as=0.58 pd=4.58 ps=4.58 nrd=0.145 nrs=0.145 sa=0
| + sb=0 sd=0 mult=1 m=1
| C_CL VIN CL_CMP 1p m=1
| XM_INVP ENB EN VIN VIN sky130_fd_pr__pfet_g5v0d10v5 L=0.5 W=2 nf=1 ad=0.58 as=0.58 pd=4.58 ps=4.58 nrd=0.145 nrs=0.145 sa=0 sb=0
| + sd=0 mult=1 m=1
| XM_INVN ENB EN 0 0 sky130_fd_pr__nfet_g5v0d10v5 L=0.5 W=1 nf=1 ad=0.29 as=0.29 pd=2.58 ps=2.58 nrd=0.29 nrs=0.29 sa=0 sb=0 sd=0
| + mult=1 m=1
| XM_SSDIS SS ENB 0 0 sky130_fd_pr__nfet_g5v0d10v5 L=0.5 W=2 nf=1 ad=0.58 as=0.58 pd=4.58 ps=4.58 nrd=0.145 nrs=0.145 sa=0 sb=0 sd=0
| + mult=1 m=1
| XM_SSCHG SS BIASP VIN VIN sky130_fd_pr__pfet_g5v0d10v5 L=8 W=1 nf=1 ad=0.29 as=0.29 pd=2.58 ps=2.58 nrd=0.29 nrs=0.29 sa=0 sb=0
| + sd=0 mult=1 m=1
| C_SS SS 0 10p m=1
| XM_IN2S EA_D2 SS EA_TAIL VIN sky130_fd_pr__pfet_g5v0d10v5 L=2 W=10 nf=2 ad=1.45 as=2.9 pd=10.58 ps=21.16 nrd=0.029 nrs=0.029 sa=0
| + sb=0 sd=0 mult=1 m=1
| XM_TSPS TS_SNS BIASP VIN VIN sky130_fd_pr__pfet_g5v0d10v5 L=1 W=1.25 nf=1 ad=0.3625 as=0.3625 pd=3.08 ps=3.08 nrd=0.232 nrs=0.232
| + sa=0 sb=0 sd=0 mult=1 m=1
| XM_TSD1 TS_SNS TS_SNS TS_MID 0 sky130_fd_pr__nfet_g5v0d10v5 L=4 W=80 nf=16 ad=11.6 as=13.05 pd=84.64 ps=95.22 nrd=0.003625
| + nrs=0.003625 sa=0 sb=0 sd=0 mult=1 m=1
| XM_TSD2 TS_MID TS_MID AMP_ENN 0 sky130_fd_pr__nfet_g5v0d10v5 L=4 W=80 nf=16 ad=11.6 as=13.05 pd=84.64 ps=95.22 nrd=0.003625
| + nrs=0.003625 sa=0 sb=0 sd=0 mult=1 m=1
| XM_TSPR TS_REF BIASP VIN VIN sky130_fd_pr__pfet_g5v0d10v5 L=1 W=7 nf=1 ad=2.03 as=2.03 pd=14.58 ps=14.58 nrd=0.0414285714285714
| + nrs=0.0414285714285714 sa=0 sb=0 sd=0 mult=1 m=1
| XM_TSR1 TS_REF TS_REF AMP_ENN 0 sky130_fd_pr__nfet_g5v0d10v5 L=2 W=0.42 nf=1 ad=0.1218 as=0.1218 pd=1.42 ps=1.42
| + nrd=0.69047619047619 nrs=0.69047619047619 sa=0 sb=0 sd=0 mult=1 m=1
| XM_TCTAIL TC_TAIL NB AMP_ENN 0 sky130_fd_pr__nfet_g5v0d10v5 L=1 W=1 nf=1 ad=0.29 as=0.29 pd=2.58 ps=2.58 nrd=0.29 nrs=0.29 sa=0
| + sb=0 sd=0 mult=1 m=1
| XM_TCN1 TC_D1 TS_SNS TC_TAIL 0 sky130_fd_pr__nfet_g5v0d10v5 L=2 W=10 nf=2 ad=1.45 as=2.9 pd=10.58 ps=21.16 nrd=0.029 nrs=0.029
| + sa=0 sb=0 sd=0 mult=1 m=1
| XM_TCN2 TS_CMP TS_REF TC_TAIL 0 sky130_fd_pr__nfet_g5v0d10v5 L=2 W=10 nf=2 ad=1.45 as=2.9 pd=10.58 ps=21.16 nrd=0.029 nrs=0.029
| + sa=0 sb=0 sd=0 mult=1 m=1
| XM_TCP1 TC_D1 TC_D1 VIN VIN sky130_fd_pr__pfet_g5v0d10v5 L=2 W=10 nf=2 ad=1.45 as=2.9 pd=10.58 ps=21.16 nrd=0.029 nrs=0.029 sa=0
| + sb=0 sd=0 mult=1 m=1
| XM_TCP2 TS_CMP TC_D1 VIN VIN sky130_fd_pr__pfet_g5v0d10v5 L=2 W=10 nf=2 ad=1.45 as=2.9 pd=10.58 ps=21.16 nrd=0.029 nrs=0.029 sa=0
| + sb=0 sd=0 mult=1 m=1
| XM_TSHUT EA_OUT TS_CMP VIN VIN sky130_fd_pr__pfet_g5v0d10v5 L=0.5 W=20 nf=4 ad=2.9 as=4.35 pd=21.16 ps=31.74 nrd=0.0145 nrs=0.0145
| + sa=0 sb=0 sd=0 mult=1 m=1
| XM_TSHYSB TS_HYS BIASP VIN VIN sky130_fd_pr__pfet_g5v0d10v5 L=2 W=4.5 nf=1 ad=1.305 as=1.305 pd=9.58 ps=9.58
| + nrd=0.0644444444444444 nrs=0.0644444444444444 sa=0 sb=0 sd=0 mult=1 m=1
| XM_TSHYS TS_REF TS_CMP TS_HYS VIN sky130_fd_pr__pfet_g5v0d10v5 L=0.5 W=2 nf=1 ad=0.58 as=0.58 pd=4.58 ps=4.58 nrd=0.145 nrs=0.145
| + sa=0 sb=0 sd=0 mult=1 m=1
| XM_ENP4 TS_CMP EN VIN VIN sky130_fd_pr__pfet_g5v0d10v5 L=0.5 W=2 nf=1 ad=0.58 as=0.58 pd=4.58 ps=4.58 nrd=0.145 nrs=0.145 sa=0
| + sb=0 sd=0 mult=1 m=1
| C_TS VIN TS_CMP 1p m=1
| .ends
| 
| .control
| save all
| * ONE cold-start transient, not a `dc VVIN` sweep (issue #178, the #171
| * initial-condition contract): `uic` starts every node at its natural cold
| * value with EN low, the testbench's VEN steps high at 100us, VIN rises to
| * the sweep's own 3.63V top by 100us, the ideal 50mA sink ramps on over
| * 2.5-2.6ms once the loop is up, and the block is settled by 5.5ms. VIN is
| * then ramped DOWN 3.63V -> 1.5V over 6ms-14ms (266.3 V/s, quasi-static:
| * see the testbench header for the ramp-rate measurement) and the dropout
| * crossing is read off that ramp. There is no operating-point solve in the
| * deck at all -- the contract's `uic` + EN-edge shape, the one PR #170
| * landed for sim/mc-output-accuracy and PR for #172 landed for
| * line-/load-regulation. `td=6m` keeps the `fall=1` search off the
| * start-up ramp's own rise, so the crossing found is the dropout event.
| tran 10u 14m uic
| meas tran dropout_vin_x find v(vin) when v(vout)=1.764 fall=1 td=6m
| meas tran vout_at_max_vin_v avg v(vout) from=5.5m to=6m
| let meas_dropout_v = dropout_vin_x - 1.764
| let meas_vout_at_max_vin_v = vout_at_max_vin_v
| print meas_dropout_v
| print meas_vout_at_max_vin_v
| quit
| .endc
| .end

# ==== ngspice stdout ====

Note: Compatibility modes selected: hs a


Circuit: * dropout-vs-load corner deck -- generated by sim/bin/corner-run.py, do not edit

option SCALE: Scale is set to 1e-06 for instance and model parameters
option SCALE: Scale is set to 1e-06 for instance and model parameters
option SCALE: Scale is set to 1e-06 for instance and model parameters
option SCALE: Scale is set to 1e-06 for instance and model parameters
Doing analysis at TEMP = 125.000000 and TNOM = 27.000000

Using KLU as Direct Linear Solver
Operating point simulation skipped by 'uic',
  now using transient initial conditions.
 Reference value :  1.00000e-07
 Reference value :  1.08384e-07
 Reference value :  2.76063e-07
 Reference value :  1.52807e-06
 Reference value :  7.25689e-06
 Reference value :  1.02743e-05
 Reference value :  1.37728e-05
 Reference value :  2.20998e-05
 Reference value :  2.67717e-05
 Reference value :  5.15625e-05
 Reference value :  8.15625e-05
 Reference value :  1.00100e-04
 Reference value :  1.00300e-04
 Reference value :  1.00411e-04
 Reference value :  1.00641e-04
 Reference value :  1.00734e-04
 Reference value :  1.01879e-04
 Reference value :  1.02575e-04
 Reference value :  1.03657e-04
 Reference value :  1.04015e-04
 Reference value :  1.04784e-04
 Reference value :  1.76955e-04
 Reference value :  1.85406e-04
 Reference value :  1.92638e-04
 Reference value :  1.98657e-04
 Reference value :  2.11065e-04
 Reference value :  2.28910e-04
 Reference value :  2.58910e-04
 Reference value :  2.88910e-04
 Reference value :  3.28910e-04
 Reference value :  5.08910e-04
 Reference value :  5.28910e-04
 Reference value :  7.38910e-04
 Reference value :  7.78910e-04
 Reference value :  8.08910e-04
 Reference value :  1.03891e-03
 Reference value :  1.07891e-03
 Reference value :  1.12891e-03
 Reference value :  1.16891e-03
 Reference value :  1.20891e-03
 Reference value :  1.34891e-03
 Reference value :  1.56891e-03
 Reference value :  1.60891e-03
 Reference value :  1.64891e-03
 Reference value :  1.73891e-03
 Reference value :  1.77891e-03
 Reference value :  1.81891e-03
 Reference value :  1.85891e-03
 Reference value :  1.89891e-03
 Reference value :  2.05891e-03
 Reference value :  2.09891e-03
 Reference value :  2.12891e-03
 Reference value :  2.15891e-03
 Reference value :  2.18891e-03
 Reference value :  2.22891e-03
 Reference value :  2.25891e-03
 Reference value :  2.29891e-03
 Reference value :  2.33891e-03
 Reference value :  2.37891e-03
 Reference value :  2.41891e-03
 Reference value :  2.57500e-03
 Reference value :  2.60000e-03
 Reference value :  2.71500e-03
 Reference value :  2.75500e-03
 Reference value :  2.80500e-03
 Reference value :  2.89500e-03
 Reference value :  3.05500e-03
 Reference value :  3.15500e-03
 Reference value :  3.19500e-03
 Reference value :  3.28500e-03
 Reference value :  3.32500e-03
 Reference value :  3.55500e-03
 Reference value :  3.79500e-03
 Reference value :  3.83500e-03
 Reference value :  3.87500e-03
 Reference value :  3.91500e-03
 Reference value :  4.10500e-03
 Reference value :  4.14500e-03
 Reference value :  4.18500e-03
 Reference value :  4.22500e-03
 Reference value :  4.26500e-03
 Reference value :  4.30500e-03
 Reference value :  4.34500e-03
 Reference value :  4.38500e-03
 Reference value :  4.42500e-03
 Reference value :  4.45500e-03
 Reference value :  4.77500e-03
 Reference value :  4.81500e-03
 Reference value :  4.86500e-03
 Reference value :  4.89500e-03
 Reference value :  4.92500e-03
 Reference value :  4.96500e-03
 Reference value :  5.00500e-03
 Reference value :  5.04500e-03
 Reference value :  5.08500e-03
 Reference value :  5.12500e-03
 Reference value :  5.31500e-03
 Reference value :  5.35500e-03
 Reference value :  5.57500e-03
 Reference value :  5.61500e-03
 Reference value :  5.65500e-03
 Reference value :  5.69500e-03
 Reference value :  5.72500e-03
 Reference value :  5.75500e-03
 Reference value :  5.79500e-03
 Reference value :  5.83500e-03
 Reference value :  5.87500e-03
 Reference value :  5.91500e-03
 Reference value :  5.95500e-03
 Reference value :  5.99250e-03
 Reference value :  6.00700e-03
 Reference value :  6.04500e-03
 Reference value :  6.08500e-03
 Reference value :  6.29500e-03
 Reference value :  6.33500e-03
 Reference value :  6.36500e-03
 Reference value :  6.40500e-03
 Reference value :  6.64500e-03
 Reference value :  6.65500e-03
 Reference value :  6.66500e-03
 Reference value :  6.75184e-03
 Reference value :  6.79184e-03
 Reference value :  7.00184e-03
 Reference value :  7.04184e-03
 Reference value :  7.08184e-03
 Reference value :  7.32184e-03
 Reference value :  7.55184e-03
 Reference value :  7.59184e-03
 Reference value :  7.64184e-03
 Reference value :  7.90184e-03
 Reference value :  7.94184e-03
 Reference value :  7.98184e-03
 Reference value :  8.24184e-03
 Reference value :  8.50184e-03
 Reference value :  8.54184e-03
 Reference value :  8.58184e-03
 Reference value :  8.62184e-03
 Reference value :  8.66184e-03
 Reference value :  8.70184e-03
 Reference value :  8.92184e-03
 Reference value :  8.96184e-03
 Reference value :  8.99184e-03
 Reference value :  9.25184e-03
 Reference value :  9.45184e-03
 Reference value :  9.66184e-03
 Reference value :  9.70184e-03
 Reference value :  9.77184e-03
 Reference value :  9.98184e-03
 Reference value :  1.00218e-02
 Reference value :  1.00518e-02
 Reference value :  1.02718e-02
 Reference value :  1.03618e-02
 Reference value :  1.04018e-02
 Reference value :  1.04518e-02
 Reference value :  1.04818e-02
 Reference value :  1.05218e-02
 Reference value :  1.05618e-02
 Reference value :  1.06018e-02
 Reference value :  1.06918e-02
 Reference value :  1.07218e-02
 Reference value :  1.07618e-02
 Reference value :  1.07918e-02
 Reference value :  1.08318e-02
 Reference value :  1.08718e-02
 Reference value :  1.09118e-02
 Reference value :  1.09518e-02
 Reference value :  1.09818e-02
 Reference value :  1.10218e-02
 Reference value :  1.10618e-02
 Reference value :  1.11118e-02
 Reference value :  1.11518e-02
 Reference value :  1.14018e-02
 Reference value :  1.14318e-02
 Reference value :  1.16518e-02
 Reference value :  1.17018e-02
 Reference value :  1.17418e-02
 Reference value :  1.17818e-02
 Reference value :  1.18218e-02
 Reference value :  1.18618e-02
 Reference value :  1.18918e-02
 Reference value :  1.19318e-02
 Reference value :  1.19818e-02
 Reference value :  1.20318e-02
 Reference value :  1.20618e-02
 Reference value :  1.21018e-02
 Reference value :  1.21618e-02
 Reference value :  1.22018e-02
 Reference value :  1.22318e-02
 Reference value :  1.22718e-02
 Reference value :  1.23118e-02
 Reference value :  1.23518e-02
 Reference value :  1.23918e-02
 Reference value :  1.24318e-02
 Reference value :  1.24618e-02
 Reference value :  1.25018e-02
 Reference value :  1.25418e-02
 Reference value :  1.25818e-02
 Reference value :  1.26218e-02
 Reference value :  1.27918e-02
 Reference value :  1.28318e-02
 Reference value :  1.28718e-02
 Reference value :  1.29218e-02
 Reference value :  1.29618e-02
 Reference value :  1.30018e-02
 Reference value :  1.30418e-02
 Reference value :  1.30818e-02
 Reference value :  1.31218e-02
 Reference value :  1.31618e-02
 Reference value :  1.32018e-02
 Reference value :  1.32418e-02
 Reference value :  1.32718e-02
 Reference value :  1.33118e-02
 Reference value :  1.33518e-02
 Reference value :  1.33918e-02
 Reference value :  1.34318e-02
 Reference value :  1.34618e-02
 Reference value :  1.35018e-02
 Reference value :  1.35418e-02
 Reference value :  1.35818e-02
 Reference value :  1.36218e-02
 Reference value :  1.36718e-02
 Reference value :  1.37118e-02
 Reference value :  1.37518e-02
 Reference value :  1.37918e-02
 Reference value :  1.38318e-02
 Reference value :  1.38718e-02
 Reference value :  1.39118e-02
 Reference value :  1.39518e-02
 Reference value :  1.39909e-02
No. of Data Rows : 1470
dropout_vin_x       =  2.19615e+00
vout_at_max_vin_v   =  -7.45210e+00 from=  5.50000e-03 to=  6.00100e-03
meas_dropout_v = 4.321530e-01
meas_vout_at_max_vin_v = -7.45210e+00
ngspice-46 done

# ==== ngspice stderr ====

