# corner: ss_125c_3.63v
# process=ss temp=125C supply=3.63V
# ngspice exit: 0
# wall clock: 108.3s (--timeout was 900s)
# result: FAIL

# ==== deck (exact input given to ngspice) ====
| * dropout-vs-load corner deck -- generated by sim/bin/corner-run.py, do not edit
| * corner: ss_125c_3.63v
| .param vsup=3.63
| .option wnflag=1
| .temp 125
| .lib "/home/ubuntu/.volare/sky130A/libs.tech/combined/sky130.lib.spice" ss
| ** sch_path: sim/dropout-vs-load/testbench/tb_dropout_vs_load.sch
| **.subckt tb_dropout_vs_load
| VVIN VIN 0 PWL(0 0 100u 3.63 6m 3.63 14m 1.5)
| .save i(vvin)
| VEN EN 0 PULSE(0 'vsup' 100u 1u 1u 100 200)
| .save i(ven)
| VVREF VREF 0 1.2
| .save i(vvref)
| xldo VOUT VREF EN VIN ldo_3v3in_1v8out
| COUT VOUT VESR 1u m=1
| RESR VESR 0 10m m=1
| ILOAD VOUT 0 PWL(0 0 2.5m 0 2.6m 50m)
| **.ends
| 
| * expanding   symbol:  design/ldo_3v3in_1v8out.sym # of pins=4
| ** sym_path: design/ldo_3v3in_1v8out.sym
| ** sch_path: design/ldo_3v3in_1v8out.sch
| .subckt ldo_3v3in_1v8out VOUT VREF EN VIN
| *.ipin VIN
| *.ipin EN
| *.ipin VREF
| *.opin VOUT
| XR_BIAS VIN NB 0 sky130_fd_pr__res_high_po W=0.42 L=1500 mult=1 m=1
| XM_BIASN1 NB NB BIAS_ENN 0 sky130_fd_pr__nfet_g5v0d10v5 L=1 W=4 nf=1 ad=1.16 as=1.16 pd=8.58 ps=8.58 nrd=0.0725 nrs=0.0725 sa=0
| + sb=0 sd=0 mult=1 m=1
| XM_ENN BIAS_ENN EN 0 0 sky130_fd_pr__nfet_g5v0d10v5 L=0.5 W=10 nf=1 ad=2.9 as=2.9 pd=20.58 ps=20.58 nrd=0.029 nrs=0.029 sa=0 sb=0
| + sd=0 mult=1 m=1
| XM_BIASN2 BIASP NB BIAS_ENN 0 sky130_fd_pr__nfet_g5v0d10v5 L=1 W=4 nf=1 ad=1.16 as=1.16 pd=8.58 ps=8.58 nrd=0.0725 nrs=0.0725 sa=0
| + sb=0 sd=0 mult=1 m=1
| XM_BIASP1 BIASP BIASP VIN VIN sky130_fd_pr__pfet_g5v0d10v5 L=1 W=10 nf=2 ad=1.45 as=2.9 pd=10.58 ps=21.16 nrd=0.029 nrs=0.029 sa=0
| + sb=0 sd=0 mult=1 m=1
| XM_ENP2 BIASP EN VIN VIN sky130_fd_pr__pfet_g5v0d10v5 L=0.5 W=10 nf=1 ad=2.9 as=2.9 pd=20.58 ps=20.58 nrd=0.029 nrs=0.029 sa=0
| + sb=0 sd=0 mult=1 m=1
| XM_TAIL EA_TAIL BIASP VIN VIN sky130_fd_pr__pfet_g5v0d10v5 L=2 W=40 nf=8 ad=5.8 as=7.25 pd=42.32 ps=52.9 nrd=0.00725 nrs=0.00725
| + sa=0 sb=0 sd=0 mult=1 m=1
| XM_IN1 EA_D1 FB EA_TAIL VIN sky130_fd_pr__pfet_g5v0d10v5 L=2 W=10 nf=2 ad=1.45 as=2.9 pd=10.58 ps=21.16 nrd=0.029 nrs=0.029 sa=0
| + sb=0 sd=0 mult=1 m=1
| XM_IN2 EA_D2 VREF EA_TAIL VIN sky130_fd_pr__pfet_g5v0d10v5 L=2 W=10 nf=2 ad=1.45 as=2.9 pd=10.58 ps=21.16 nrd=0.029 nrs=0.029 sa=0
| + sb=0 sd=0 mult=1 m=1
| XM_MIR1 EA_D1 EA_D1 AMP_ENN 0 sky130_fd_pr__nfet_g5v0d10v5 L=4 W=10 nf=2 ad=1.45 as=2.9 pd=10.58 ps=21.16 nrd=0.029 nrs=0.029 sa=0
| + sb=0 sd=0 mult=1 m=1
| XM_MIR2 EA_OUT EA_D1 AMP_ENN 0 sky130_fd_pr__nfet_g5v0d10v5 L=4 W=10 nf=2 ad=1.45 as=2.9 pd=10.58 ps=21.16 nrd=0.029 nrs=0.029
| + sa=0 sb=0 sd=0 mult=1 m=1
| XM_ENN2 AMP_ENN EN 0 0 sky130_fd_pr__nfet_g5v0d10v5 L=0.5 W=10 nf=1 ad=2.9 as=2.9 pd=20.58 ps=20.58 nrd=0.029 nrs=0.029 sa=0 sb=0
| + sd=0 mult=1 m=1
| XM_ENP EA_OUT EN VIN VIN sky130_fd_pr__pfet_g5v0d10v5 L=0.5 W=10 nf=1 ad=2.9 as=2.9 pd=20.58 ps=20.58 nrd=0.029 nrs=0.029 sa=0
| + sb=0 sd=0 mult=1 m=1
| XM_MIR3 EA_D2 EA_D2 AMP_ENN 0 sky130_fd_pr__nfet_g5v0d10v5 L=4 W=10 nf=2 ad=1.45 as=2.9 pd=10.58 ps=21.16 nrd=0.029 nrs=0.029 sa=0
| + sb=0 sd=0 mult=1 m=1
| XM_MIR4 PB EA_D2 AMP_ENN 0 sky130_fd_pr__nfet_g5v0d10v5 L=4 W=10 nf=2 ad=1.45 as=2.9 pd=10.58 ps=21.16 nrd=0.029 nrs=0.029 sa=0
| + sb=0 sd=0 mult=1 m=1
| XM_MIRP1 PB PB VIN VIN sky130_fd_pr__pfet_g5v0d10v5 L=4 W=20 nf=4 ad=2.9 as=4.35 pd=21.16 ps=31.74 nrd=0.0145 nrs=0.0145 sa=0 sb=0
| + sd=0 mult=1 m=1
| XM_MIRP2 EA_OUT PB VIN VIN sky130_fd_pr__pfet_g5v0d10v5 L=4 W=20 nf=4 ad=2.9 as=4.35 pd=21.16 ps=31.74 nrd=0.0145 nrs=0.0145 sa=0
| + sb=0 sd=0 mult=1 m=1
| XM_ENP5 PB EN VIN VIN sky130_fd_pr__pfet_g5v0d10v5 L=0.5 W=2 nf=1 ad=0.58 as=0.58 pd=4.58 ps=4.58 nrd=0.145 nrs=0.145 sa=0 sb=0
| + sd=0 mult=1 m=1
| XM_PASS VOUT EA_OUT VIN VIN sky130_fd_pr__pfet_g5v0d10v5 L=0.5 W=100 nf=25 ad=15.08 as=15.08 pd=111.54 ps=111.54 nrd=0.0029
| + nrs=0.0029 sa=0 sb=0 sd=0 mult=50 m=50
| C_COMP VOUT EA_CZ 150p m=1
| XR_CZ EA_CZ EA_OUT 0 sky130_fd_pr__res_xhigh_po W=0.42 L=52 mult=1 m=1
| XR_FB_A VOUT FB 0 sky130_fd_pr__res_xhigh_po W=0.42 L=180 mult=1 m=1
| XR_FB_B FB N_FBB 0 sky130_fd_pr__res_xhigh_po W=0.42 L=180 mult=1 m=1
| XR_FB_C N_FBB 0 0 sky130_fd_pr__res_xhigh_po W=0.42 L=180 mult=1 m=1
| XM_SENSE CL_SNS EA_OUT VIN VIN sky130_fd_pr__pfet_g5v0d10v5 L=0.5 W=0.42 nf=1 ad=0.1218 as=0.1218 pd=1.42 ps=1.42
| + nrd=0.69047619047619 nrs=0.69047619047619 sa=0 sb=0 sd=0 mult=2 m=2
| XM_CLN1 CL_SNS CL_SNS AMP_ENN 0 sky130_fd_pr__nfet_g5v0d10v5 L=1 W=20 nf=1 ad=5.8 as=5.8 pd=40.58 ps=40.58 nrd=0.0145 nrs=0.0145
| + sa=0 sb=0 sd=0 mult=1 m=1
| XM_CLN2 CL_CMP CL_SNS AMP_ENN 0 sky130_fd_pr__nfet_g5v0d10v5 L=1 W=1.6 nf=1 ad=0.464 as=0.464 pd=3.78 ps=3.78 nrd=0.18125
| + nrs=0.18125 sa=0 sb=0 sd=0 mult=1 m=1
| XM_CLP CL_CMP BIASP VIN VIN sky130_fd_pr__pfet_g5v0d10v5 L=1 W=10 nf=2 ad=1.45 as=2.9 pd=10.58 ps=21.16 nrd=0.029 nrs=0.029 sa=0
| + sb=0 sd=0 mult=1 m=1
| XM_CLIM EA_OUT CL_CMP VIN VIN sky130_fd_pr__pfet_g5v0d10v5 L=0.5 W=20 nf=4 ad=2.9 as=4.35 pd=21.16 ps=31.74 nrd=0.0145 nrs=0.0145
| + sa=0 sb=0 sd=0 mult=1 m=1
| XM_ENP3 CL_CMP EN VIN VIN sky130_fd_pr__pfet_g5v0d10v5 L=0.5 W=2 nf=1 ad=0.58 as=0.58 pd=4.58 ps=4.58 nrd=0.145 nrs=0.145 sa=0
| + sb=0 sd=0 mult=1 m=1
| C_CL VIN CL_CMP 1p m=1
| XM_INVP ENB EN VIN VIN sky130_fd_pr__pfet_g5v0d10v5 L=0.5 W=2 nf=1 ad=0.58 as=0.58 pd=4.58 ps=4.58 nrd=0.145 nrs=0.145 sa=0 sb=0
| + sd=0 mult=1 m=1
| XM_INVN ENB EN 0 0 sky130_fd_pr__nfet_g5v0d10v5 L=0.5 W=1 nf=1 ad=0.29 as=0.29 pd=2.58 ps=2.58 nrd=0.29 nrs=0.29 sa=0 sb=0 sd=0
| + mult=1 m=1
| XM_SSDIS SS ENB 0 0 sky130_fd_pr__nfet_g5v0d10v5 L=0.5 W=2 nf=1 ad=0.58 as=0.58 pd=4.58 ps=4.58 nrd=0.145 nrs=0.145 sa=0 sb=0 sd=0
| + mult=1 m=1
| XM_SSCHG SS BIASP VIN VIN sky130_fd_pr__pfet_g5v0d10v5 L=8 W=1 nf=1 ad=0.29 as=0.29 pd=2.58 ps=2.58 nrd=0.29 nrs=0.29 sa=0 sb=0
| + sd=0 mult=1 m=1
| C_SS SS 0 10p m=1
| XM_IN2S EA_D2 SS EA_TAIL VIN sky130_fd_pr__pfet_g5v0d10v5 L=2 W=10 nf=2 ad=1.45 as=2.9 pd=10.58 ps=21.16 nrd=0.029 nrs=0.029 sa=0
| + sb=0 sd=0 mult=1 m=1
| XM_TSPS TS_SNS BIASP VIN VIN sky130_fd_pr__pfet_g5v0d10v5 L=1 W=1.25 nf=1 ad=0.3625 as=0.3625 pd=3.08 ps=3.08 nrd=0.232 nrs=0.232
| + sa=0 sb=0 sd=0 mult=1 m=1
| XM_TSD1 TS_SNS TS_SNS TS_MID 0 sky130_fd_pr__nfet_g5v0d10v5 L=4 W=80 nf=16 ad=11.6 as=13.05 pd=84.64 ps=95.22 nrd=0.003625
| + nrs=0.003625 sa=0 sb=0 sd=0 mult=1 m=1
| XM_TSD2 TS_MID TS_MID AMP_ENN 0 sky130_fd_pr__nfet_g5v0d10v5 L=4 W=80 nf=16 ad=11.6 as=13.05 pd=84.64 ps=95.22 nrd=0.003625
| + nrs=0.003625 sa=0 sb=0 sd=0 mult=1 m=1
| XM_TSPR TS_REF BIASP VIN VIN sky130_fd_pr__pfet_g5v0d10v5 L=1 W=7 nf=1 ad=2.03 as=2.03 pd=14.58 ps=14.58 nrd=0.0414285714285714
| + nrs=0.0414285714285714 sa=0 sb=0 sd=0 mult=1 m=1
| XM_TSR1 TS_REF TS_REF AMP_ENN 0 sky130_fd_pr__nfet_g5v0d10v5 L=2 W=0.42 nf=1 ad=0.1218 as=0.1218 pd=1.42 ps=1.42
| + nrd=0.69047619047619 nrs=0.69047619047619 sa=0 sb=0 sd=0 mult=1 m=1
| XM_TCTAIL TC_TAIL NB AMP_ENN 0 sky130_fd_pr__nfet_g5v0d10v5 L=1 W=1 nf=1 ad=0.29 as=0.29 pd=2.58 ps=2.58 nrd=0.29 nrs=0.29 sa=0
| + sb=0 sd=0 mult=1 m=1
| XM_TCN1 TC_D1 TS_SNS TC_TAIL 0 sky130_fd_pr__nfet_g5v0d10v5 L=2 W=10 nf=2 ad=1.45 as=2.9 pd=10.58 ps=21.16 nrd=0.029 nrs=0.029
| + sa=0 sb=0 sd=0 mult=1 m=1
| XM_TCN2 TS_CMP TS_REF TC_TAIL 0 sky130_fd_pr__nfet_g5v0d10v5 L=2 W=10 nf=2 ad=1.45 as=2.9 pd=10.58 ps=21.16 nrd=0.029 nrs=0.029
| + sa=0 sb=0 sd=0 mult=1 m=1
| XM_TCP1 TC_D1 TC_D1 VIN VIN sky130_fd_pr__pfet_g5v0d10v5 L=2 W=10 nf=2 ad=1.45 as=2.9 pd=10.58 ps=21.16 nrd=0.029 nrs=0.029 sa=0
| + sb=0 sd=0 mult=1 m=1
| XM_TCP2 TS_CMP TC_D1 VIN VIN sky130_fd_pr__pfet_g5v0d10v5 L=2 W=10 nf=2 ad=1.45 as=2.9 pd=10.58 ps=21.16 nrd=0.029 nrs=0.029 sa=0
| + sb=0 sd=0 mult=1 m=1
| XM_TSHUT EA_OUT TS_CMP VIN VIN sky130_fd_pr__pfet_g5v0d10v5 L=0.5 W=20 nf=4 ad=2.9 as=4.35 pd=21.16 ps=31.74 nrd=0.0145 nrs=0.0145
| + sa=0 sb=0 sd=0 mult=1 m=1
| XM_TSHYSB TS_HYS BIASP VIN VIN sky130_fd_pr__pfet_g5v0d10v5 L=2 W=4.5 nf=1 ad=1.305 as=1.305 pd=9.58 ps=9.58
| + nrd=0.0644444444444444 nrs=0.0644444444444444 sa=0 sb=0 sd=0 mult=1 m=1
| XM_TSHYS TS_REF TS_CMP TS_HYS VIN sky130_fd_pr__pfet_g5v0d10v5 L=0.5 W=2 nf=1 ad=0.58 as=0.58 pd=4.58 ps=4.58 nrd=0.145 nrs=0.145
| + sa=0 sb=0 sd=0 mult=1 m=1
| XM_ENP4 TS_CMP EN VIN VIN sky130_fd_pr__pfet_g5v0d10v5 L=0.5 W=2 nf=1 ad=0.58 as=0.58 pd=4.58 ps=4.58 nrd=0.145 nrs=0.145 sa=0
| + sb=0 sd=0 mult=1 m=1
| C_TS VIN TS_CMP 1p m=1
| .ends
| 
| .control
| save all
| * ONE cold-start transient, not a `dc VVIN` sweep (issue #178, the #171
| * initial-condition contract): `uic` starts every node at its natural cold
| * value with EN low, the testbench's VEN steps high at 100us, VIN rises to
| * the sweep's own 3.63V top by 100us, the ideal 50mA sink ramps on over
| * 2.5-2.6ms once the loop is up, and the block is settled by 5.5ms. VIN is
| * then ramped DOWN 3.63V -> 1.5V over 6ms-14ms (266.3 V/s, quasi-static:
| * see the testbench header for the ramp-rate measurement) and the dropout
| * crossing is read off that ramp. There is no operating-point solve in the
| * deck at all -- the contract's `uic` + EN-edge shape, the one PR #170
| * landed for sim/mc-output-accuracy and PR for #172 landed for
| * line-/load-regulation. `td=6m` keeps the `fall=1` search off the
| * start-up ramp's own rise, so the crossing found is the dropout event.
| tran 10u 14m uic
| meas tran dropout_vin_x find v(vin) when v(vout)=1.764 fall=1 td=6m
| meas tran vout_at_max_vin_v avg v(vout) from=5.5m to=6m
| let meas_dropout_v = dropout_vin_x - 1.764
| let meas_vout_at_max_vin_v = vout_at_max_vin_v
| print meas_dropout_v
| print meas_vout_at_max_vin_v
| quit
| .endc
| .end

# ==== ngspice stdout ====

Note: Compatibility modes selected: hs a


Circuit: * dropout-vs-load corner deck -- generated by sim/bin/corner-run.py, do not edit

option SCALE: Scale is set to 1e-06 for instance and model parameters
option SCALE: Scale is set to 1e-06 for instance and model parameters
option SCALE: Scale is set to 1e-06 for instance and model parameters
option SCALE: Scale is set to 1e-06 for instance and model parameters
Doing analysis at TEMP = 125.000000 and TNOM = 27.000000

Using KLU as Direct Linear Solver
Operating point simulation skipped by 'uic',
  now using transient initial conditions.
 Reference value :  1.00000e-07
 Reference value :  1.08385e-07
 Reference value :  2.76089e-07
 Reference value :  1.52828e-06
 Reference value :  4.46419e-06
 Reference value :  1.05224e-05
 Reference value :  1.36569e-05
 Reference value :  1.83610e-05
 Reference value :  2.11718e-05
 Reference value :  2.65192e-05
 Reference value :  3.24291e-05
 Reference value :  6.18025e-05
 Reference value :  1.00411e-04
 Reference value :  1.00587e-04
 Reference value :  1.00923e-04
 Reference value :  1.01000e-04
 Reference value :  1.01037e-04
 Reference value :  1.01167e-04
 Reference value :  1.01557e-04
 Reference value :  1.12829e-04
 Reference value :  1.26885e-04
 Reference value :  1.56885e-04
 Reference value :  1.96885e-04
 Reference value :  2.26885e-04
 Reference value :  2.56885e-04
 Reference value :  2.86885e-04
 Reference value :  3.16885e-04
 Reference value :  3.46885e-04
 Reference value :  7.36885e-04
 Reference value :  1.96688e-03
 Reference value :  2.16688e-03
 Reference value :  2.20688e-03
 Reference value :  2.37688e-03
 Reference value :  2.42688e-03
 Reference value :  2.46688e-03
 Reference value :  2.50000e-03
 Reference value :  2.50700e-03
 Reference value :  2.52356e-03
 Reference value :  2.54286e-03
 Reference value :  2.57153e-03
 Reference value :  2.60100e-03
 Reference value :  2.61500e-03
 Reference value :  2.65500e-03
 Reference value :  2.69500e-03
 Reference value :  2.73500e-03
 Reference value :  2.77500e-03
 Reference value :  2.81500e-03
 Reference value :  2.85500e-03
 Reference value :  2.89500e-03
 Reference value :  2.93500e-03
 Reference value :  2.98500e-03
 Reference value :  3.02500e-03
 Reference value :  3.06500e-03
 Reference value :  3.10500e-03
 Reference value :  3.14500e-03
 Reference value :  3.18500e-03
 Reference value :  3.22500e-03
 Reference value :  3.26500e-03
 Reference value :  3.30500e-03
 Reference value :  3.35500e-03
 Reference value :  3.39500e-03
 Reference value :  3.42500e-03
 Reference value :  3.47500e-03
 Reference value :  3.51500e-03
 Reference value :  3.54500e-03
 Reference value :  3.58500e-03
 Reference value :  3.61500e-03
 Reference value :  3.65500e-03
 Reference value :  3.69500e-03
 Reference value :  3.73500e-03
 Reference value :  3.77500e-03
 Reference value :  3.81500e-03
 Reference value :  3.86500e-03
 Reference value :  3.91500e-03
 Reference value :  3.95500e-03
 Reference value :  3.99500e-03
 Reference value :  4.03500e-03
 Reference value :  4.07500e-03
 Reference value :  4.11500e-03
 Reference value :  4.15500e-03
 Reference value :  4.19500e-03
 Reference value :  4.23500e-03
 Reference value :  4.28500e-03
 Reference value :  4.31500e-03
 Reference value :  4.35500e-03
 Reference value :  4.39500e-03
 Reference value :  4.43500e-03
 Reference value :  4.47500e-03
 Reference value :  4.51500e-03
 Reference value :  4.55500e-03
 Reference value :  4.59500e-03
 Reference value :  4.63500e-03
 Reference value :  4.82500e-03
 Reference value :  4.86500e-03
 Reference value :  4.91500e-03
 Reference value :  4.95500e-03
 Reference value :  4.99500e-03
 Reference value :  5.03500e-03
 Reference value :  5.07500e-03
 Reference value :  5.11500e-03
 Reference value :  5.15500e-03
 Reference value :  5.19500e-03
 Reference value :  5.23500e-03
 Reference value :  5.27500e-03
 Reference value :  5.31500e-03
 Reference value :  5.35500e-03
 Reference value :  5.39500e-03
 Reference value :  5.42500e-03
 Reference value :  5.46500e-03
 Reference value :  5.50500e-03
 Reference value :  5.54500e-03
 Reference value :  5.58500e-03
 Reference value :  5.62500e-03
 Reference value :  5.66500e-03
 Reference value :  5.70500e-03
 Reference value :  5.74500e-03
 Reference value :  5.77500e-03
 Reference value :  5.81500e-03
 Reference value :  5.85500e-03
 Reference value :  5.88500e-03
 Reference value :  5.92500e-03
 Reference value :  5.96500e-03
 Reference value :  6.00000e-03
 Reference value :  6.01500e-03
 Reference value :  6.21500e-03
 Reference value :  6.25500e-03
 Reference value :  6.29500e-03
 Reference value :  6.33500e-03
 Reference value :  6.37500e-03
 Reference value :  6.41500e-03
 Reference value :  6.45500e-03
 Reference value :  6.49500e-03
 Reference value :  6.53500e-03
 Reference value :  6.56500e-03
 Reference value :  6.60500e-03
 Reference value :  6.64500e-03
 Reference value :  6.67500e-03
 Reference value :  6.71500e-03
 Reference value :  6.75500e-03
 Reference value :  6.79500e-03
 Reference value :  6.83500e-03
 Reference value :  6.87500e-03
 Reference value :  6.92500e-03
 Reference value :  6.96500e-03
 Reference value :  7.00500e-03
 Reference value :  7.04500e-03
 Reference value :  7.08500e-03
 Reference value :  7.12500e-03
 Reference value :  7.17500e-03
 Reference value :  7.21500e-03
 Reference value :  7.25500e-03
 Reference value :  7.29500e-03
 Reference value :  7.33500e-03
 Reference value :  7.37500e-03
 Reference value :  7.41500e-03
 Reference value :  7.45500e-03
 Reference value :  7.49500e-03
 Reference value :  7.53500e-03
 Reference value :  7.57500e-03
 Reference value :  7.61500e-03
 Reference value :  7.65500e-03
 Reference value :  7.69500e-03
 Reference value :  7.73500e-03
 Reference value :  7.77500e-03
 Reference value :  7.80500e-03
 Reference value :  7.84500e-03
 Reference value :  7.88500e-03
 Reference value :  7.92500e-03
 Reference value :  7.97500e-03
 Reference value :  8.01500e-03
 Reference value :  8.24500e-03
 Reference value :  8.28500e-03
 Reference value :  8.32500e-03
 Reference value :  8.36500e-03
 Reference value :  8.40500e-03
 Reference value :  8.44500e-03
 Reference value :  8.48500e-03
 Reference value :  8.52500e-03
 Reference value :  8.56500e-03
 Reference value :  8.60500e-03
 Reference value :  8.63500e-03
 Reference value :  8.68500e-03
 Reference value :  8.72500e-03
 Reference value :  8.76500e-03
 Reference value :  8.80500e-03
 Reference value :  8.84500e-03
 Reference value :  8.88500e-03
 Reference value :  8.92500e-03
 Reference value :  8.95500e-03
 Reference value :  8.99500e-03
 Reference value :  9.03500e-03
 Reference value :  9.07500e-03
 Reference value :  9.14500e-03
 Reference value :  9.18500e-03
 Reference value :  9.22500e-03
 Reference value :  9.26500e-03
 Reference value :  9.30500e-03
 Reference value :  9.34500e-03
 Reference value :  9.37500e-03
 Reference value :  9.40500e-03
 Reference value :  9.44500e-03
 Reference value :  9.48500e-03
 Reference value :  9.52500e-03
 Reference value :  9.55500e-03
 Reference value :  9.58500e-03
 Reference value :  9.62500e-03
 Reference value :  9.67500e-03
 Reference value :  9.71500e-03
 Reference value :  9.75500e-03
 Reference value :  9.79500e-03
 Reference value :  9.83500e-03
 Reference value :  9.87500e-03
 Reference value :  9.91500e-03
 Reference value :  9.95500e-03
 Reference value :  1.01150e-02
 Reference value :  1.01550e-02
 Reference value :  1.01950e-02
 Reference value :  1.02250e-02
 Reference value :  1.02650e-02
 Reference value :  1.03050e-02
 Reference value :  1.04450e-02
 Reference value :  1.04850e-02
 Reference value :  1.05250e-02
 Reference value :  1.05650e-02
 Reference value :  1.06050e-02
 Reference value :  1.06450e-02
 Reference value :  1.06850e-02
 Reference value :  1.07250e-02
 Reference value :  1.07550e-02
 Reference value :  1.07850e-02
 Reference value :  1.08350e-02
 Reference value :  1.08750e-02
 Reference value :  1.09050e-02
 Reference value :  1.09450e-02
 Reference value :  1.09850e-02
 Reference value :  1.10250e-02
 Reference value :  1.10650e-02
 Reference value :  1.11050e-02
 Reference value :  1.11450e-02
 Reference value :  1.11850e-02
 Reference value :  1.12350e-02
 Reference value :  1.12750e-02
 Reference value :  1.13150e-02
 Reference value :  1.13550e-02
 Reference value :  1.13950e-02
 Reference value :  1.14350e-02
 Reference value :  1.14650e-02
 Reference value :  1.15050e-02
 Reference value :  1.15450e-02
 Reference value :  1.15750e-02
 Reference value :  1.16150e-02
 Reference value :  1.16650e-02
 Reference value :  1.17050e-02
 Reference value :  1.17450e-02
 Reference value :  1.17750e-02
 Reference value :  1.18150e-02
 Reference value :  1.18450e-02
 Reference value :  1.18850e-02
 Reference value :  1.19250e-02
 Reference value :  1.19650e-02
 Reference value :  1.20050e-02
 Reference value :  1.20450e-02
 Reference value :  1.20850e-02
 Reference value :  1.21250e-02
 Reference value :  1.21650e-02
 Reference value :  1.21950e-02
 Reference value :  1.22350e-02
 Reference value :  1.22650e-02
 Reference value :  1.23150e-02
 Reference value :  1.23550e-02
 Reference value :  1.23850e-02
 Reference value :  1.24250e-02
 Reference value :  1.24650e-02
 Reference value :  1.25050e-02
 Reference value :  1.25450e-02
 Reference value :  1.25950e-02
 Reference value :  1.26350e-02
 Reference value :  1.26850e-02
 Reference value :  1.27150e-02
 Reference value :  1.27550e-02
 Reference value :  1.27950e-02
 Reference value :  1.28350e-02
 Reference value :  1.28850e-02
 Reference value :  1.29250e-02
 Reference value :  1.29650e-02
 Reference value :  1.29950e-02
 Reference value :  1.30350e-02
 Reference value :  1.30650e-02
 Reference value :  1.31050e-02
 Reference value :  1.31550e-02
 Reference value :  1.31850e-02
 Reference value :  1.32150e-02
 Reference value :  1.32550e-02
 Reference value :  1.34150e-02
 Reference value :  1.34550e-02
 Reference value :  1.34950e-02
 Reference value :  1.35350e-02
 Reference value :  1.35850e-02
 Reference value :  1.36150e-02
 Reference value :  1.36550e-02
 Reference value :  1.36950e-02
 Reference value :  1.37350e-02
 Reference value :  1.37750e-02
 Reference value :  1.38150e-02
 Reference value :  1.38550e-02
 Reference value :  1.38950e-02
 Reference value :  1.39350e-02
 Reference value :  1.39750e-02
No. of Data Rows : 1469
dropout_vin_x       =  2.09400e+00
vout_at_max_vin_v   =  1.79858e+00 from=  5.50000e-03 to=  6.00100e-03
meas_dropout_v = 3.300050e-01
meas_vout_at_max_vin_v = 1.798577e+00
ngspice-46 done

# ==== ngspice stderr ====

