# corner: ss_27c_3.63v
# process=ss temp=27C supply=3.63V
# ngspice exit: 0
# wall clock: 116.2s (--timeout was 900s)
# result: FAIL

# ==== deck (exact input given to ngspice) ====
| * dropout-vs-load corner deck -- generated by sim/bin/corner-run.py, do not edit
| * corner: ss_27c_3.63v
| .param vsup=3.63
| .option wnflag=1
| .temp 27
| .lib "/home/ubuntu/.volare/sky130A/libs.tech/combined/sky130.lib.spice" ss
| ** sch_path: sim/dropout-vs-load/testbench/tb_dropout_vs_load.sch
| **.subckt tb_dropout_vs_load
| VVIN VIN 0 PWL(0 0 100u 3.63 6m 3.63 14m 1.5)
| .save i(vvin)
| VEN EN 0 PULSE(0 'vsup' 100u 1u 1u 100 200)
| .save i(ven)
| VVREF VREF 0 1.2
| .save i(vvref)
| xldo VOUT VREF EN VIN ldo_3v3in_1v8out
| COUT VOUT VESR 1u m=1
| RESR VESR 0 10m m=1
| ILOAD VOUT 0 PWL(0 0 2.5m 0 2.6m 50m)
| **.ends
| 
| * expanding   symbol:  design/ldo_3v3in_1v8out.sym # of pins=4
| ** sym_path: design/ldo_3v3in_1v8out.sym
| ** sch_path: design/ldo_3v3in_1v8out.sch
| .subckt ldo_3v3in_1v8out VOUT VREF EN VIN
| *.ipin VIN
| *.ipin EN
| *.ipin VREF
| *.opin VOUT
| XR_BIAS VIN NB 0 sky130_fd_pr__res_high_po W=0.42 L=1500 mult=1 m=1
| XM_BIASN1 NB NB BIAS_ENN 0 sky130_fd_pr__nfet_g5v0d10v5 L=1 W=4 nf=1 ad=1.16 as=1.16 pd=8.58 ps=8.58 nrd=0.0725 nrs=0.0725 sa=0
| + sb=0 sd=0 mult=1 m=1
| XM_ENN BIAS_ENN EN 0 0 sky130_fd_pr__nfet_g5v0d10v5 L=0.5 W=10 nf=1 ad=2.9 as=2.9 pd=20.58 ps=20.58 nrd=0.029 nrs=0.029 sa=0 sb=0
| + sd=0 mult=1 m=1
| XM_BIASN2 BIASP NB BIAS_ENN 0 sky130_fd_pr__nfet_g5v0d10v5 L=1 W=4 nf=1 ad=1.16 as=1.16 pd=8.58 ps=8.58 nrd=0.0725 nrs=0.0725 sa=0
| + sb=0 sd=0 mult=1 m=1
| XM_BIASP1 BIASP BIASP VIN VIN sky130_fd_pr__pfet_g5v0d10v5 L=1 W=10 nf=2 ad=1.45 as=2.9 pd=10.58 ps=21.16 nrd=0.029 nrs=0.029 sa=0
| + sb=0 sd=0 mult=1 m=1
| XM_ENP2 BIASP EN VIN VIN sky130_fd_pr__pfet_g5v0d10v5 L=0.5 W=10 nf=1 ad=2.9 as=2.9 pd=20.58 ps=20.58 nrd=0.029 nrs=0.029 sa=0
| + sb=0 sd=0 mult=1 m=1
| XM_TAIL EA_TAIL BIASP VIN VIN sky130_fd_pr__pfet_g5v0d10v5 L=2 W=40 nf=8 ad=5.8 as=7.25 pd=42.32 ps=52.9 nrd=0.00725 nrs=0.00725
| + sa=0 sb=0 sd=0 mult=1 m=1
| XM_IN1 EA_D1 FB EA_TAIL VIN sky130_fd_pr__pfet_g5v0d10v5 L=2 W=10 nf=2 ad=1.45 as=2.9 pd=10.58 ps=21.16 nrd=0.029 nrs=0.029 sa=0
| + sb=0 sd=0 mult=1 m=1
| XM_IN2 EA_D2 VREF EA_TAIL VIN sky130_fd_pr__pfet_g5v0d10v5 L=2 W=10 nf=2 ad=1.45 as=2.9 pd=10.58 ps=21.16 nrd=0.029 nrs=0.029 sa=0
| + sb=0 sd=0 mult=1 m=1
| XM_MIR1 EA_D1 EA_D1 AMP_ENN 0 sky130_fd_pr__nfet_g5v0d10v5 L=4 W=10 nf=2 ad=1.45 as=2.9 pd=10.58 ps=21.16 nrd=0.029 nrs=0.029 sa=0
| + sb=0 sd=0 mult=1 m=1
| XM_MIR2 EA_OUT EA_D1 AMP_ENN 0 sky130_fd_pr__nfet_g5v0d10v5 L=4 W=10 nf=2 ad=1.45 as=2.9 pd=10.58 ps=21.16 nrd=0.029 nrs=0.029
| + sa=0 sb=0 sd=0 mult=1 m=1
| XM_ENN2 AMP_ENN EN 0 0 sky130_fd_pr__nfet_g5v0d10v5 L=0.5 W=10 nf=1 ad=2.9 as=2.9 pd=20.58 ps=20.58 nrd=0.029 nrs=0.029 sa=0 sb=0
| + sd=0 mult=1 m=1
| XM_ENP EA_OUT EN VIN VIN sky130_fd_pr__pfet_g5v0d10v5 L=0.5 W=10 nf=1 ad=2.9 as=2.9 pd=20.58 ps=20.58 nrd=0.029 nrs=0.029 sa=0
| + sb=0 sd=0 mult=1 m=1
| XM_MIR3 EA_D2 EA_D2 AMP_ENN 0 sky130_fd_pr__nfet_g5v0d10v5 L=4 W=10 nf=2 ad=1.45 as=2.9 pd=10.58 ps=21.16 nrd=0.029 nrs=0.029 sa=0
| + sb=0 sd=0 mult=1 m=1
| XM_MIR4 PB EA_D2 AMP_ENN 0 sky130_fd_pr__nfet_g5v0d10v5 L=4 W=10 nf=2 ad=1.45 as=2.9 pd=10.58 ps=21.16 nrd=0.029 nrs=0.029 sa=0
| + sb=0 sd=0 mult=1 m=1
| XM_MIRP1 PB PB VIN VIN sky130_fd_pr__pfet_g5v0d10v5 L=4 W=20 nf=4 ad=2.9 as=4.35 pd=21.16 ps=31.74 nrd=0.0145 nrs=0.0145 sa=0 sb=0
| + sd=0 mult=1 m=1
| XM_MIRP2 EA_OUT PB VIN VIN sky130_fd_pr__pfet_g5v0d10v5 L=4 W=20 nf=4 ad=2.9 as=4.35 pd=21.16 ps=31.74 nrd=0.0145 nrs=0.0145 sa=0
| + sb=0 sd=0 mult=1 m=1
| XM_ENP5 PB EN VIN VIN sky130_fd_pr__pfet_g5v0d10v5 L=0.5 W=2 nf=1 ad=0.58 as=0.58 pd=4.58 ps=4.58 nrd=0.145 nrs=0.145 sa=0 sb=0
| + sd=0 mult=1 m=1
| XM_PASS VOUT EA_OUT VIN VIN sky130_fd_pr__pfet_g5v0d10v5 L=0.5 W=100 nf=25 ad=15.08 as=15.08 pd=111.54 ps=111.54 nrd=0.0029
| + nrs=0.0029 sa=0 sb=0 sd=0 mult=50 m=50
| C_COMP VOUT EA_CZ 150p m=1
| XR_CZ EA_CZ EA_OUT 0 sky130_fd_pr__res_xhigh_po W=0.42 L=52 mult=1 m=1
| XR_FB_A VOUT FB 0 sky130_fd_pr__res_xhigh_po W=0.42 L=180 mult=1 m=1
| XR_FB_B FB N_FBB 0 sky130_fd_pr__res_xhigh_po W=0.42 L=180 mult=1 m=1
| XR_FB_C N_FBB 0 0 sky130_fd_pr__res_xhigh_po W=0.42 L=180 mult=1 m=1
| XM_SENSE CL_SNS EA_OUT VIN VIN sky130_fd_pr__pfet_g5v0d10v5 L=0.5 W=0.42 nf=1 ad=0.1218 as=0.1218 pd=1.42 ps=1.42
| + nrd=0.69047619047619 nrs=0.69047619047619 sa=0 sb=0 sd=0 mult=2 m=2
| XM_CLN1 CL_SNS CL_SNS AMP_ENN 0 sky130_fd_pr__nfet_g5v0d10v5 L=1 W=20 nf=1 ad=5.8 as=5.8 pd=40.58 ps=40.58 nrd=0.0145 nrs=0.0145
| + sa=0 sb=0 sd=0 mult=1 m=1
| XM_CLN2 CL_CMP CL_SNS AMP_ENN 0 sky130_fd_pr__nfet_g5v0d10v5 L=1 W=1.6 nf=1 ad=0.464 as=0.464 pd=3.78 ps=3.78 nrd=0.18125
| + nrs=0.18125 sa=0 sb=0 sd=0 mult=1 m=1
| XM_CLP CL_CMP BIASP VIN VIN sky130_fd_pr__pfet_g5v0d10v5 L=1 W=10 nf=2 ad=1.45 as=2.9 pd=10.58 ps=21.16 nrd=0.029 nrs=0.029 sa=0
| + sb=0 sd=0 mult=1 m=1
| XM_CLIM EA_OUT CL_CMP VIN VIN sky130_fd_pr__pfet_g5v0d10v5 L=0.5 W=20 nf=4 ad=2.9 as=4.35 pd=21.16 ps=31.74 nrd=0.0145 nrs=0.0145
| + sa=0 sb=0 sd=0 mult=1 m=1
| XM_ENP3 CL_CMP EN VIN VIN sky130_fd_pr__pfet_g5v0d10v5 L=0.5 W=2 nf=1 ad=0.58 as=0.58 pd=4.58 ps=4.58 nrd=0.145 nrs=0.145 sa=0
| + sb=0 sd=0 mult=1 m=1
| C_CL VIN CL_CMP 1p m=1
| XM_INVP ENB EN VIN VIN sky130_fd_pr__pfet_g5v0d10v5 L=0.5 W=2 nf=1 ad=0.58 as=0.58 pd=4.58 ps=4.58 nrd=0.145 nrs=0.145 sa=0 sb=0
| + sd=0 mult=1 m=1
| XM_INVN ENB EN 0 0 sky130_fd_pr__nfet_g5v0d10v5 L=0.5 W=1 nf=1 ad=0.29 as=0.29 pd=2.58 ps=2.58 nrd=0.29 nrs=0.29 sa=0 sb=0 sd=0
| + mult=1 m=1
| XM_SSDIS SS ENB 0 0 sky130_fd_pr__nfet_g5v0d10v5 L=0.5 W=2 nf=1 ad=0.58 as=0.58 pd=4.58 ps=4.58 nrd=0.145 nrs=0.145 sa=0 sb=0 sd=0
| + mult=1 m=1
| XM_SSCHG SS BIASP VIN VIN sky130_fd_pr__pfet_g5v0d10v5 L=8 W=1 nf=1 ad=0.29 as=0.29 pd=2.58 ps=2.58 nrd=0.29 nrs=0.29 sa=0 sb=0
| + sd=0 mult=1 m=1
| C_SS SS 0 10p m=1
| XM_IN2S EA_D2 SS EA_TAIL VIN sky130_fd_pr__pfet_g5v0d10v5 L=2 W=10 nf=2 ad=1.45 as=2.9 pd=10.58 ps=21.16 nrd=0.029 nrs=0.029 sa=0
| + sb=0 sd=0 mult=1 m=1
| XM_TSPS TS_SNS BIASP VIN VIN sky130_fd_pr__pfet_g5v0d10v5 L=1 W=1.25 nf=1 ad=0.3625 as=0.3625 pd=3.08 ps=3.08 nrd=0.232 nrs=0.232
| + sa=0 sb=0 sd=0 mult=1 m=1
| XM_TSD1 TS_SNS TS_SNS TS_MID 0 sky130_fd_pr__nfet_g5v0d10v5 L=4 W=80 nf=16 ad=11.6 as=13.05 pd=84.64 ps=95.22 nrd=0.003625
| + nrs=0.003625 sa=0 sb=0 sd=0 mult=1 m=1
| XM_TSD2 TS_MID TS_MID AMP_ENN 0 sky130_fd_pr__nfet_g5v0d10v5 L=4 W=80 nf=16 ad=11.6 as=13.05 pd=84.64 ps=95.22 nrd=0.003625
| + nrs=0.003625 sa=0 sb=0 sd=0 mult=1 m=1
| XM_TSPR TS_REF BIASP VIN VIN sky130_fd_pr__pfet_g5v0d10v5 L=1 W=7 nf=1 ad=2.03 as=2.03 pd=14.58 ps=14.58 nrd=0.0414285714285714
| + nrs=0.0414285714285714 sa=0 sb=0 sd=0 mult=1 m=1
| XM_TSR1 TS_REF TS_REF AMP_ENN 0 sky130_fd_pr__nfet_g5v0d10v5 L=2 W=0.42 nf=1 ad=0.1218 as=0.1218 pd=1.42 ps=1.42
| + nrd=0.69047619047619 nrs=0.69047619047619 sa=0 sb=0 sd=0 mult=1 m=1
| XM_TCTAIL TC_TAIL NB AMP_ENN 0 sky130_fd_pr__nfet_g5v0d10v5 L=1 W=1 nf=1 ad=0.29 as=0.29 pd=2.58 ps=2.58 nrd=0.29 nrs=0.29 sa=0
| + sb=0 sd=0 mult=1 m=1
| XM_TCN1 TC_D1 TS_SNS TC_TAIL 0 sky130_fd_pr__nfet_g5v0d10v5 L=2 W=10 nf=2 ad=1.45 as=2.9 pd=10.58 ps=21.16 nrd=0.029 nrs=0.029
| + sa=0 sb=0 sd=0 mult=1 m=1
| XM_TCN2 TS_CMP TS_REF TC_TAIL 0 sky130_fd_pr__nfet_g5v0d10v5 L=2 W=10 nf=2 ad=1.45 as=2.9 pd=10.58 ps=21.16 nrd=0.029 nrs=0.029
| + sa=0 sb=0 sd=0 mult=1 m=1
| XM_TCP1 TC_D1 TC_D1 VIN VIN sky130_fd_pr__pfet_g5v0d10v5 L=2 W=10 nf=2 ad=1.45 as=2.9 pd=10.58 ps=21.16 nrd=0.029 nrs=0.029 sa=0
| + sb=0 sd=0 mult=1 m=1
| XM_TCP2 TS_CMP TC_D1 VIN VIN sky130_fd_pr__pfet_g5v0d10v5 L=2 W=10 nf=2 ad=1.45 as=2.9 pd=10.58 ps=21.16 nrd=0.029 nrs=0.029 sa=0
| + sb=0 sd=0 mult=1 m=1
| XM_TSHUT EA_OUT TS_CMP VIN VIN sky130_fd_pr__pfet_g5v0d10v5 L=0.5 W=20 nf=4 ad=2.9 as=4.35 pd=21.16 ps=31.74 nrd=0.0145 nrs=0.0145
| + sa=0 sb=0 sd=0 mult=1 m=1
| XM_TSHYSB TS_HYS BIASP VIN VIN sky130_fd_pr__pfet_g5v0d10v5 L=2 W=4.5 nf=1 ad=1.305 as=1.305 pd=9.58 ps=9.58
| + nrd=0.0644444444444444 nrs=0.0644444444444444 sa=0 sb=0 sd=0 mult=1 m=1
| XM_TSHYS TS_REF TS_CMP TS_HYS VIN sky130_fd_pr__pfet_g5v0d10v5 L=0.5 W=2 nf=1 ad=0.58 as=0.58 pd=4.58 ps=4.58 nrd=0.145 nrs=0.145
| + sa=0 sb=0 sd=0 mult=1 m=1
| XM_ENP4 TS_CMP EN VIN VIN sky130_fd_pr__pfet_g5v0d10v5 L=0.5 W=2 nf=1 ad=0.58 as=0.58 pd=4.58 ps=4.58 nrd=0.145 nrs=0.145 sa=0
| + sb=0 sd=0 mult=1 m=1
| C_TS VIN TS_CMP 1p m=1
| .ends
| 
| .control
| save all
| * ONE cold-start transient, not a `dc VVIN` sweep (issue #178, the #171
| * initial-condition contract): `uic` starts every node at its natural cold
| * value with EN low, the testbench's VEN steps high at 100us, VIN rises to
| * the sweep's own 3.63V top by 100us, the ideal 50mA sink ramps on over
| * 2.5-2.6ms once the loop is up, and the block is settled by 5.5ms. VIN is
| * then ramped DOWN 3.63V -> 1.5V over 6ms-14ms (266.3 V/s, quasi-static:
| * see the testbench header for the ramp-rate measurement) and the dropout
| * crossing is read off that ramp. There is no operating-point solve in the
| * deck at all -- the contract's `uic` + EN-edge shape, the one PR #170
| * landed for sim/mc-output-accuracy and PR for #172 landed for
| * line-/load-regulation. `td=6m` keeps the `fall=1` search off the
| * start-up ramp's own rise, so the crossing found is the dropout event.
| tran 10u 14m uic
| meas tran dropout_vin_x find v(vin) when v(vout)=1.764 fall=1 td=6m
| meas tran vout_at_max_vin_v avg v(vout) from=5.5m to=6m
| let meas_dropout_v = dropout_vin_x - 1.764
| let meas_vout_at_max_vin_v = vout_at_max_vin_v
| print meas_dropout_v
| print meas_vout_at_max_vin_v
| quit
| .endc
| .end

# ==== ngspice stdout ====

Note: Compatibility modes selected: hs a


Circuit: * dropout-vs-load corner deck -- generated by sim/bin/corner-run.py, do not edit

option SCALE: Scale is set to 1e-06 for instance and model parameters
option SCALE: Scale is set to 1e-06 for instance and model parameters
option SCALE: Scale is set to 1e-06 for instance and model parameters
option SCALE: Scale is set to 1e-06 for instance and model parameters
Doing analysis at TEMP = 27.000000 and TNOM = 27.000000

Using KLU as Direct Linear Solver
Operating point simulation skipped by 'uic',
  now using transient initial conditions.
 Reference value :  1.00000e-07
 Reference value :  1.08387e-07
 Reference value :  1.86661e-07
 Reference value :  1.52851e-06
 Reference value :  7.29397e-06
 Reference value :  1.35655e-05
 Reference value :  2.17321e-05
 Reference value :  2.56136e-05
 Reference value :  2.83347e-05
 Reference value :  3.24348e-05
 Reference value :  4.04520e-05
 Reference value :  7.60772e-05
 Reference value :  1.00100e-04
 Reference value :  1.00300e-04
 Reference value :  1.00410e-04
 Reference value :  1.00583e-04
 Reference value :  1.00733e-04
 Reference value :  1.00809e-04
 Reference value :  1.00865e-04
 Reference value :  1.00906e-04
 Reference value :  1.00973e-04
 Reference value :  1.01003e-04
 Reference value :  1.01046e-04
 Reference value :  1.01307e-04
 Reference value :  1.01729e-04
 Reference value :  1.01892e-04
 Reference value :  1.02307e-04
 Reference value :  1.02703e-04
 Reference value :  1.02831e-04
 Reference value :  1.03050e-04
 Reference value :  1.03637e-04
 Reference value :  1.05781e-04
 Reference value :  1.09730e-04
 Reference value :  2.03924e-04
 Reference value :  9.53924e-04
 Reference value :  1.79392e-03
 Reference value :  1.83392e-03
 Reference value :  1.86392e-03
 Reference value :  1.90392e-03
 Reference value :  1.93392e-03
 Reference value :  1.97392e-03
 Reference value :  2.01392e-03
 Reference value :  2.04392e-03
 Reference value :  2.09392e-03
 Reference value :  2.15392e-03
 Reference value :  2.18392e-03
 Reference value :  2.22392e-03
 Reference value :  2.26392e-03
 Reference value :  2.30392e-03
 Reference value :  2.34392e-03
 Reference value :  2.38392e-03
 Reference value :  2.43392e-03
 Reference value :  2.48392e-03
 Reference value :  2.50300e-03
 Reference value :  2.52127e-03
 Reference value :  2.53921e-03
 Reference value :  2.54704e-03
 Reference value :  2.57049e-03
 Reference value :  2.60100e-03
 Reference value :  2.61500e-03
 Reference value :  2.65498e-03
 Reference value :  2.69498e-03
 Reference value :  2.72498e-03
 Reference value :  2.76498e-03
 Reference value :  2.81498e-03
 Reference value :  3.04498e-03
 Reference value :  3.08498e-03
 Reference value :  3.12498e-03
 Reference value :  3.16498e-03
 Reference value :  3.20498e-03
 Reference value :  3.23498e-03
 Reference value :  3.27498e-03
 Reference value :  3.32498e-03
 Reference value :  3.37498e-03
 Reference value :  3.42498e-03
 Reference value :  3.46498e-03
 Reference value :  3.68498e-03
 Reference value :  3.72498e-03
 Reference value :  3.76498e-03
 Reference value :  3.79498e-03
 Reference value :  3.83498e-03
 Reference value :  3.87498e-03
 Reference value :  4.01498e-03
 Reference value :  4.05498e-03
 Reference value :  4.09498e-03
 Reference value :  4.13498e-03
 Reference value :  4.17498e-03
 Reference value :  4.22498e-03
 Reference value :  4.26498e-03
 Reference value :  4.30498e-03
 Reference value :  4.34498e-03
 Reference value :  4.38498e-03
 Reference value :  4.42498e-03
 Reference value :  4.46498e-03
 Reference value :  4.50498e-03
 Reference value :  4.54498e-03
 Reference value :  4.58498e-03
 Reference value :  4.62498e-03
 Reference value :  4.66498e-03
 Reference value :  4.70498e-03
 Reference value :  5.00498e-03
 Reference value :  5.04498e-03
 Reference value :  5.08498e-03
 Reference value :  5.12498e-03
 Reference value :  5.16498e-03
 Reference value :  5.20498e-03
 Reference value :  5.24498e-03
 Reference value :  5.28498e-03
 Reference value :  5.32498e-03
 Reference value :  5.36498e-03
 Reference value :  5.40498e-03
 Reference value :  5.44498e-03
 Reference value :  5.47498e-03
 Reference value :  5.52498e-03
 Reference value :  5.61498e-03
 Reference value :  5.65498e-03
 Reference value :  5.70498e-03
 Reference value :  5.74498e-03
 Reference value :  5.78498e-03
 Reference value :  5.82498e-03
 Reference value :  5.87498e-03
 Reference value :  5.90498e-03
 Reference value :  5.93498e-03
 Reference value :  5.97498e-03
 Reference value :  6.00100e-03
 Reference value :  6.02500e-03
 Reference value :  6.06500e-03
 Reference value :  6.10500e-03
 Reference value :  6.14500e-03
 Reference value :  6.18500e-03
 Reference value :  6.21500e-03
 Reference value :  6.25500e-03
 Reference value :  6.29500e-03
 Reference value :  6.33500e-03
 Reference value :  6.37500e-03
 Reference value :  6.50500e-03
 Reference value :  6.54500e-03
 Reference value :  6.58500e-03
 Reference value :  6.62500e-03
 Reference value :  6.67500e-03
 Reference value :  6.71500e-03
 Reference value :  6.75500e-03
 Reference value :  6.79500e-03
 Reference value :  6.83500e-03
 Reference value :  6.87500e-03
 Reference value :  6.91500e-03
 Reference value :  6.95500e-03
 Reference value :  6.99500e-03
 Reference value :  7.03500e-03
 Reference value :  7.07500e-03
 Reference value :  7.11500e-03
 Reference value :  7.15500e-03
 Reference value :  7.19500e-03
 Reference value :  7.23500e-03
 Reference value :  7.27500e-03
 Reference value :  7.30500e-03
 Reference value :  7.34500e-03
 Reference value :  7.38500e-03
 Reference value :  7.41500e-03
 Reference value :  7.46500e-03
 Reference value :  7.50500e-03
 Reference value :  7.54500e-03
 Reference value :  7.58500e-03
 Reference value :  7.62500e-03
 Reference value :  7.66500e-03
 Reference value :  7.70500e-03
 Reference value :  7.74500e-03
 Reference value :  7.77500e-03
 Reference value :  7.80500e-03
 Reference value :  7.84500e-03
 Reference value :  7.87500e-03
 Reference value :  7.91500e-03
 Reference value :  7.95500e-03
 Reference value :  7.99500e-03
 Reference value :  8.03500e-03
 Reference value :  8.07500e-03
 Reference value :  8.11500e-03
 Reference value :  8.15500e-03
 Reference value :  8.18500e-03
 Reference value :  8.22500e-03
 Reference value :  8.26500e-03
 Reference value :  8.29500e-03
 Reference value :  8.33500e-03
 Reference value :  8.37500e-03
 Reference value :  8.42500e-03
 Reference value :  8.46500e-03
 Reference value :  8.50500e-03
 Reference value :  8.55500e-03
 Reference value :  8.58500e-03
 Reference value :  8.63500e-03
 Reference value :  8.67500e-03
 Reference value :  8.71500e-03
 Reference value :  8.75500e-03
 Reference value :  8.79500e-03
 Reference value :  8.83500e-03
 Reference value :  8.86500e-03
 Reference value :  8.89500e-03
 Reference value :  8.92500e-03
 Reference value :  8.96500e-03
 Reference value :  9.00500e-03
 Reference value :  9.04500e-03
 Reference value :  9.08500e-03
 Reference value :  9.12500e-03
 Reference value :  9.16500e-03
 Reference value :  9.20500e-03
 Reference value :  9.24500e-03
 Reference value :  9.28500e-03
 Reference value :  9.32500e-03
 Reference value :  9.36500e-03
 Reference value :  9.40500e-03
 Reference value :  9.43500e-03
 Reference value :  9.47500e-03
 Reference value :  9.50500e-03
 Reference value :  9.55500e-03
 Reference value :  9.59500e-03
 Reference value :  9.63500e-03
 Reference value :  9.67500e-03
 Reference value :  9.71500e-03
 Reference value :  9.74500e-03
 Reference value :  9.79500e-03
 Reference value :  9.83500e-03
 Reference value :  9.87500e-03
 Reference value :  9.90500e-03
 Reference value :  9.93500e-03
 Reference value :  9.97500e-03
 Reference value :  1.00150e-02
 Reference value :  1.00450e-02
 Reference value :  1.00850e-02
 Reference value :  1.01250e-02
 Reference value :  1.01650e-02
 Reference value :  1.01950e-02
 Reference value :  1.02350e-02
 Reference value :  1.02750e-02
 Reference value :  1.03150e-02
 Reference value :  1.03450e-02
 Reference value :  1.03850e-02
 Reference value :  1.04350e-02
 Reference value :  1.04650e-02
 Reference value :  1.05150e-02
 Reference value :  1.05550e-02
 Reference value :  1.05850e-02
 Reference value :  1.06250e-02
 Reference value :  1.06650e-02
 Reference value :  1.07050e-02
 Reference value :  1.07450e-02
 Reference value :  1.07750e-02
 Reference value :  1.08150e-02
 Reference value :  1.08550e-02
 Reference value :  1.08850e-02
 Reference value :  1.09250e-02
 Reference value :  1.09650e-02
 Reference value :  1.10050e-02
 Reference value :  1.10450e-02
 Reference value :  1.10850e-02
 Reference value :  1.11250e-02
 Reference value :  1.11550e-02
 Reference value :  1.11950e-02
 Reference value :  1.12250e-02
 Reference value :  1.12650e-02
 Reference value :  1.12950e-02
 Reference value :  1.13350e-02
 Reference value :  1.13750e-02
 Reference value :  1.14150e-02
 Reference value :  1.14550e-02
 Reference value :  1.14950e-02
 Reference value :  1.15250e-02
 Reference value :  1.15650e-02
 Reference value :  1.16050e-02
 Reference value :  1.16450e-02
 Reference value :  1.16850e-02
 Reference value :  1.17250e-02
 Reference value :  1.17950e-02
 Reference value :  1.18350e-02
 Reference value :  1.18750e-02
 Reference value :  1.19150e-02
 Reference value :  1.19550e-02
 Reference value :  1.19950e-02
 Reference value :  1.20350e-02
 Reference value :  1.20650e-02
 Reference value :  1.21050e-02
 Reference value :  1.21450e-02
 Reference value :  1.21950e-02
 Reference value :  1.22350e-02
 Reference value :  1.22650e-02
 Reference value :  1.23050e-02
 Reference value :  1.23350e-02
 Reference value :  1.23650e-02
 Reference value :  1.24050e-02
 Reference value :  1.24350e-02
 Reference value :  1.24750e-02
 Reference value :  1.25050e-02
 Reference value :  1.25350e-02
 Reference value :  1.25750e-02
 Reference value :  1.26050e-02
 Reference value :  1.26350e-02
 Reference value :  1.26850e-02
 Reference value :  1.27250e-02
 Reference value :  1.27650e-02
 Reference value :  1.28050e-02
 Reference value :  1.28450e-02
 Reference value :  1.28950e-02
 Reference value :  1.29250e-02
 Reference value :  1.29650e-02
 Reference value :  1.30050e-02
 Reference value :  1.30450e-02
 Reference value :  1.30850e-02
 Reference value :  1.31250e-02
 Reference value :  1.31650e-02
 Reference value :  1.32050e-02
 Reference value :  1.34050e-02
 Reference value :  1.34450e-02
 Reference value :  1.34850e-02
 Reference value :  1.35250e-02
 Reference value :  1.35650e-02
 Reference value :  1.36050e-02
 Reference value :  1.36450e-02
 Reference value :  1.36850e-02
 Reference value :  1.37250e-02
 Reference value :  1.37650e-02
 Reference value :  1.39450e-02
 Reference value :  1.39850e-02
No. of Data Rows : 1475
dropout_vin_x       =  2.16427e+00
vout_at_max_vin_v   =  1.79885e+00 from=  5.50000e-03 to=  6.00100e-03
meas_dropout_v = 4.002650e-01
meas_vout_at_max_vin_v = 1.798851e+00
ngspice-46 done

# ==== ngspice stderr ====

