# corner: sf_-40c_3.30v
# process=sf temp=-40C supply=3.30V
# ngspice exit: 0
# wall clock: 86.2s (--timeout was 900s)
# result: FAIL

# ==== deck (exact input given to ngspice) ====
| * load-transient corner deck -- generated by sim/bin/corner-run.py, do not edit
| * corner: sf_-40c_3.30v
| .param vsup=3.3
| .option wnflag=1
| .temp -40
| .lib "/Users/rwalters/.volare/sky130A/libs.tech/combined/sky130.lib.spice" sf
| ** sch_path: sim/load-transient/testbench/tb_load_transient.sch
| **.subckt tb_load_transient
| VVIN VIN 0 'vsup'
| .save i(vvin)
| VEN EN 0 'vsup'
| .save i(ven)
| VVREF VREF 0 1.2
| .save i(vvref)
| xldo VOUT VREF EN VIN ldo_3v3in_1v8out
| COUT VOUT VESR 4.7u m=1
| RESR VESR 0 10m m=1
| ILOAD VOUT 0 PULSE(1m 50m 1m 1u 1u 1m 4m)
| **** begin user architecture code
| 
| .ic v(VOUT)=1.8 v(xldo.FB)=1.2 v(xldo.N_FBB)=0.6 v(xldo.EA_OUT)={vsup-0.909} v(xldo.EA_CZ)={vsup-0.909} v(xldo.SS)={vsup-0.027} v(xldo.BIASP)={vsup-1.064} v(xldo.NB)=0.864 v(xldo.EA_TAIL)={vsup-0.768} v(xldo.EA_D1)=0.887 v(xldo.EA_D2)=0.888
| 
| **** end user architecture code
| **.ends
| 
| * expanding   symbol:  design/ldo_3v3in_1v8out.sym # of pins=4
| ** sym_path: design/ldo_3v3in_1v8out.sym
| ** sch_path: design/ldo_3v3in_1v8out.sch
| .subckt ldo_3v3in_1v8out VOUT VREF EN VIN
| *.ipin VIN
| *.ipin EN
| *.ipin VREF
| *.opin VOUT
| XR_BIAS VIN NB 0 sky130_fd_pr__res_high_po W=0.42 L=1500 mult=1 m=1
| XM_BIASN1 NB NB BIAS_ENN 0 sky130_fd_pr__nfet_g5v0d10v5 L=1 W=4 nf=1 ad=1.16 as=1.16 pd=8.58 ps=8.58 nrd=0.0725 nrs=0.0725 sa=0
| + sb=0 sd=0 mult=1 m=1
| XM_ENN BIAS_ENN EN 0 0 sky130_fd_pr__nfet_g5v0d10v5 L=0.5 W=10 nf=1 ad=2.9 as=2.9 pd=20.58 ps=20.58 nrd=0.029 nrs=0.029 sa=0 sb=0
| + sd=0 mult=1 m=1
| XM_BIASN2 BIASP NB BIAS_ENN 0 sky130_fd_pr__nfet_g5v0d10v5 L=1 W=4 nf=1 ad=1.16 as=1.16 pd=8.58 ps=8.58 nrd=0.0725 nrs=0.0725 sa=0
| + sb=0 sd=0 mult=1 m=1
| XM_BIASP1 BIASP BIASP VIN VIN sky130_fd_pr__pfet_g5v0d10v5 L=1 W=10 nf=2 ad=1.45 as=2.9 pd=10.58 ps=21.16 nrd=0.029 nrs=0.029 sa=0
| + sb=0 sd=0 mult=1 m=1
| XM_ENP2 BIASP EN VIN VIN sky130_fd_pr__pfet_g5v0d10v5 L=0.5 W=10 nf=1 ad=2.9 as=2.9 pd=20.58 ps=20.58 nrd=0.029 nrs=0.029 sa=0
| + sb=0 sd=0 mult=1 m=1
| XM_TAIL EA_TAIL BIASP VIN VIN sky130_fd_pr__pfet_g5v0d10v5 L=2 W=40 nf=8 ad=5.8 as=7.25 pd=42.32 ps=52.9 nrd=0.00725 nrs=0.00725
| + sa=0 sb=0 sd=0 mult=1 m=1
| XM_IN1 EA_D1 FB EA_TAIL VIN sky130_fd_pr__pfet_g5v0d10v5 L=2 W=10 nf=2 ad=1.45 as=2.9 pd=10.58 ps=21.16 nrd=0.029 nrs=0.029 sa=0
| + sb=0 sd=0 mult=1 m=1
| XM_IN2 EA_D2 VREF EA_TAIL VIN sky130_fd_pr__pfet_g5v0d10v5 L=2 W=10 nf=2 ad=1.45 as=2.9 pd=10.58 ps=21.16 nrd=0.029 nrs=0.029 sa=0
| + sb=0 sd=0 mult=1 m=1
| XM_MIR1 EA_D1 EA_D1 AMP_ENN 0 sky130_fd_pr__nfet_g5v0d10v5 L=4 W=10 nf=2 ad=1.45 as=2.9 pd=10.58 ps=21.16 nrd=0.029 nrs=0.029 sa=0
| + sb=0 sd=0 mult=1 m=1
| XM_MIR2 EA_OUT EA_D1 AMP_ENN 0 sky130_fd_pr__nfet_g5v0d10v5 L=4 W=10 nf=2 ad=1.45 as=2.9 pd=10.58 ps=21.16 nrd=0.029 nrs=0.029
| + sa=0 sb=0 sd=0 mult=1 m=1
| XM_ENN2 AMP_ENN EN 0 0 sky130_fd_pr__nfet_g5v0d10v5 L=0.5 W=10 nf=1 ad=2.9 as=2.9 pd=20.58 ps=20.58 nrd=0.029 nrs=0.029 sa=0 sb=0
| + sd=0 mult=1 m=1
| XM_ENP EA_OUT EN VIN VIN sky130_fd_pr__pfet_g5v0d10v5 L=0.5 W=10 nf=1 ad=2.9 as=2.9 pd=20.58 ps=20.58 nrd=0.029 nrs=0.029 sa=0
| + sb=0 sd=0 mult=1 m=1
| XM_MIR3 EA_D2 EA_D2 AMP_ENN 0 sky130_fd_pr__nfet_g5v0d10v5 L=4 W=10 nf=2 ad=1.45 as=2.9 pd=10.58 ps=21.16 nrd=0.029 nrs=0.029 sa=0
| + sb=0 sd=0 mult=1 m=1
| XM_MIR4 PB EA_D2 AMP_ENN 0 sky130_fd_pr__nfet_g5v0d10v5 L=4 W=10 nf=2 ad=1.45 as=2.9 pd=10.58 ps=21.16 nrd=0.029 nrs=0.029 sa=0
| + sb=0 sd=0 mult=1 m=1
| XM_MIRP1 PB PB VIN VIN sky130_fd_pr__pfet_g5v0d10v5 L=4 W=20 nf=4 ad=2.9 as=4.35 pd=21.16 ps=31.74 nrd=0.0145 nrs=0.0145 sa=0 sb=0
| + sd=0 mult=1 m=1
| XM_MIRP2 EA_OUT PB VIN VIN sky130_fd_pr__pfet_g5v0d10v5 L=4 W=20 nf=4 ad=2.9 as=4.35 pd=21.16 ps=31.74 nrd=0.0145 nrs=0.0145 sa=0
| + sb=0 sd=0 mult=1 m=1
| XM_ENP5 PB EN VIN VIN sky130_fd_pr__pfet_g5v0d10v5 L=0.5 W=2 nf=1 ad=0.58 as=0.58 pd=4.58 ps=4.58 nrd=0.145 nrs=0.145 sa=0 sb=0
| + sd=0 mult=1 m=1
| XM_PASS VOUT EA_OUT VIN VIN sky130_fd_pr__pfet_g5v0d10v5 L=0.5 W=100 nf=25 ad=15.08 as=15.08 pd=111.54 ps=111.54 nrd=0.0029
| + nrs=0.0029 sa=0 sb=0 sd=0 mult=50 m=50
| C_COMP VOUT EA_CZ 150p m=1
| XR_CZ EA_CZ EA_OUT 0 sky130_fd_pr__res_xhigh_po W=0.42 L=52 mult=1 m=1
| XR_FB_A VOUT FB 0 sky130_fd_pr__res_xhigh_po W=0.42 L=180 mult=1 m=1
| XR_FB_B FB N_FBB 0 sky130_fd_pr__res_xhigh_po W=0.42 L=180 mult=1 m=1
| XR_FB_C N_FBB 0 0 sky130_fd_pr__res_xhigh_po W=0.42 L=180 mult=1 m=1
| XM_SENSE CL_SNS EA_OUT VIN VIN sky130_fd_pr__pfet_g5v0d10v5 L=0.5 W=0.42 nf=1 ad=0.1218 as=0.1218 pd=1.42 ps=1.42
| + nrd=0.69047619047619 nrs=0.69047619047619 sa=0 sb=0 sd=0 mult=2 m=2
| XM_CLN1 CL_SNS CL_SNS AMP_ENN 0 sky130_fd_pr__nfet_g5v0d10v5 L=1 W=20 nf=1 ad=5.8 as=5.8 pd=40.58 ps=40.58 nrd=0.0145 nrs=0.0145
| + sa=0 sb=0 sd=0 mult=1 m=1
| XM_CLN2 CL_CMP CL_SNS AMP_ENN 0 sky130_fd_pr__nfet_g5v0d10v5 L=1 W=1.6 nf=1 ad=0.464 as=0.464 pd=3.78 ps=3.78 nrd=0.18125
| + nrs=0.18125 sa=0 sb=0 sd=0 mult=1 m=1
| XM_CLP CL_CMP BIASP VIN VIN sky130_fd_pr__pfet_g5v0d10v5 L=1 W=10 nf=2 ad=1.45 as=2.9 pd=10.58 ps=21.16 nrd=0.029 nrs=0.029 sa=0
| + sb=0 sd=0 mult=1 m=1
| XM_CLIM EA_OUT CL_CMP VIN VIN sky130_fd_pr__pfet_g5v0d10v5 L=0.5 W=20 nf=4 ad=2.9 as=4.35 pd=21.16 ps=31.74 nrd=0.0145 nrs=0.0145
| + sa=0 sb=0 sd=0 mult=1 m=1
| XM_ENP3 CL_CMP EN VIN VIN sky130_fd_pr__pfet_g5v0d10v5 L=0.5 W=2 nf=1 ad=0.58 as=0.58 pd=4.58 ps=4.58 nrd=0.145 nrs=0.145 sa=0
| + sb=0 sd=0 mult=1 m=1
| C_CL VIN CL_CMP 1p m=1
| XM_INVP ENB EN VIN VIN sky130_fd_pr__pfet_g5v0d10v5 L=0.5 W=2 nf=1 ad=0.58 as=0.58 pd=4.58 ps=4.58 nrd=0.145 nrs=0.145 sa=0 sb=0
| + sd=0 mult=1 m=1
| XM_INVN ENB EN 0 0 sky130_fd_pr__nfet_g5v0d10v5 L=0.5 W=1 nf=1 ad=0.29 as=0.29 pd=2.58 ps=2.58 nrd=0.29 nrs=0.29 sa=0 sb=0 sd=0
| + mult=1 m=1
| XM_SSDIS SS ENB 0 0 sky130_fd_pr__nfet_g5v0d10v5 L=0.5 W=2 nf=1 ad=0.58 as=0.58 pd=4.58 ps=4.58 nrd=0.145 nrs=0.145 sa=0 sb=0 sd=0
| + mult=1 m=1
| XM_SSCHG SS BIASP VIN VIN sky130_fd_pr__pfet_g5v0d10v5 L=8 W=1 nf=1 ad=0.29 as=0.29 pd=2.58 ps=2.58 nrd=0.29 nrs=0.29 sa=0 sb=0
| + sd=0 mult=1 m=1
| C_SS SS 0 10p m=1
| XM_IN2S EA_D2 SS EA_TAIL VIN sky130_fd_pr__pfet_g5v0d10v5 L=2 W=10 nf=2 ad=1.45 as=2.9 pd=10.58 ps=21.16 nrd=0.029 nrs=0.029 sa=0
| + sb=0 sd=0 mult=1 m=1
| XM_TSPS TS_SNS BIASP VIN VIN sky130_fd_pr__pfet_g5v0d10v5 L=1 W=1.25 nf=1 ad=0.3625 as=0.3625 pd=3.08 ps=3.08 nrd=0.232 nrs=0.232
| + sa=0 sb=0 sd=0 mult=1 m=1
| XM_TSD1 TS_SNS TS_SNS TS_MID 0 sky130_fd_pr__nfet_g5v0d10v5 L=4 W=80 nf=16 ad=11.6 as=13.05 pd=84.64 ps=95.22 nrd=0.003625
| + nrs=0.003625 sa=0 sb=0 sd=0 mult=1 m=1
| XM_TSD2 TS_MID TS_MID AMP_ENN 0 sky130_fd_pr__nfet_g5v0d10v5 L=4 W=80 nf=16 ad=11.6 as=13.05 pd=84.64 ps=95.22 nrd=0.003625
| + nrs=0.003625 sa=0 sb=0 sd=0 mult=1 m=1
| XM_TSPR TS_REF BIASP VIN VIN sky130_fd_pr__pfet_g5v0d10v5 L=1 W=7 nf=1 ad=2.03 as=2.03 pd=14.58 ps=14.58 nrd=0.0414285714285714
| + nrs=0.0414285714285714 sa=0 sb=0 sd=0 mult=1 m=1
| XM_TSR1 TS_REF TS_REF AMP_ENN 0 sky130_fd_pr__nfet_g5v0d10v5 L=2 W=0.42 nf=1 ad=0.1218 as=0.1218 pd=1.42 ps=1.42
| + nrd=0.69047619047619 nrs=0.69047619047619 sa=0 sb=0 sd=0 mult=1 m=1
| XM_TCTAIL TC_TAIL NB AMP_ENN 0 sky130_fd_pr__nfet_g5v0d10v5 L=1 W=1 nf=1 ad=0.29 as=0.29 pd=2.58 ps=2.58 nrd=0.29 nrs=0.29 sa=0
| + sb=0 sd=0 mult=1 m=1
| XM_TCN1 TC_D1 TS_SNS TC_TAIL 0 sky130_fd_pr__nfet_g5v0d10v5 L=2 W=10 nf=2 ad=1.45 as=2.9 pd=10.58 ps=21.16 nrd=0.029 nrs=0.029
| + sa=0 sb=0 sd=0 mult=1 m=1
| XM_TCN2 TS_CMP TS_REF TC_TAIL 0 sky130_fd_pr__nfet_g5v0d10v5 L=2 W=10 nf=2 ad=1.45 as=2.9 pd=10.58 ps=21.16 nrd=0.029 nrs=0.029
| + sa=0 sb=0 sd=0 mult=1 m=1
| XM_TCP1 TC_D1 TC_D1 VIN VIN sky130_fd_pr__pfet_g5v0d10v5 L=2 W=10 nf=2 ad=1.45 as=2.9 pd=10.58 ps=21.16 nrd=0.029 nrs=0.029 sa=0
| + sb=0 sd=0 mult=1 m=1
| XM_TCP2 TS_CMP TC_D1 VIN VIN sky130_fd_pr__pfet_g5v0d10v5 L=2 W=10 nf=2 ad=1.45 as=2.9 pd=10.58 ps=21.16 nrd=0.029 nrs=0.029 sa=0
| + sb=0 sd=0 mult=1 m=1
| XM_TSHUT EA_OUT TS_CMP VIN VIN sky130_fd_pr__pfet_g5v0d10v5 L=0.5 W=20 nf=4 ad=2.9 as=4.35 pd=21.16 ps=31.74 nrd=0.0145 nrs=0.0145
| + sa=0 sb=0 sd=0 mult=1 m=1
| XM_TSHYSB TS_HYS BIASP VIN VIN sky130_fd_pr__pfet_g5v0d10v5 L=2 W=4.5 nf=1 ad=1.305 as=1.305 pd=9.58 ps=9.58
| + nrd=0.0644444444444444 nrs=0.0644444444444444 sa=0 sb=0 sd=0 mult=1 m=1
| XM_TSHYS TS_REF TS_CMP TS_HYS VIN sky130_fd_pr__pfet_g5v0d10v5 L=0.5 W=2 nf=1 ad=0.58 as=0.58 pd=4.58 ps=4.58 nrd=0.145 nrs=0.145
| + sa=0 sb=0 sd=0 mult=1 m=1
| XM_ENP4 TS_CMP EN VIN VIN sky130_fd_pr__pfet_g5v0d10v5 L=0.5 W=2 nf=1 ad=0.58 as=0.58 pd=4.58 ps=4.58 nrd=0.145 nrs=0.145 sa=0
| + sb=0 sd=0 mult=1 m=1
| C_TS VIN TS_CMP 1p m=1
| .ends
| 
| .control
| save all
| * --- initial-condition contract (issue #171), applied by issue #180 ---
| * This `tran` deliberately carries NO `uic`: the transient is released from
| * an operating-point solve that testbench/tb_load_transient.sch's IC_SEED
| * `.ic` card constrains to the loop's intended regulating branch at the
| * pre-step 1 mA load. That is #164's variant-B shape (PR #170), the second of
| * the two shapes sim/README.md's "Initial-condition contract (issue #171)"
| * accepts, and the shape sim/ic-screen-125c-b uses. It was chosen over `uic`
| * + an EN-edge preamble because this bench steps the LOAD at an already-
| * regulating condition: an EN preamble would shift every timestamp below AND
| * make C_OUT's pre-step charge state depend on the soft-start ramp, which
| * #119's charge-limited peak-excursion finding (see this manifest's claim)
| * requires be held fixed. The step edges (1.000ms / 2.001ms) and the 3ms span
| * are therefore unchanged from the superseded 20260825-081255-4cb27f8 record.
| tran 200n 3m
| * --- reference levels ---
| * The pre-step steady state is sampled as an average over the last 200us
| * BEFORE the rising load edge rather than as v(vout)[0]. Under the `.ic` seed
| * t=0 is the seed itself (VOUT clamped to 1.8 exactly), not this corner's own
| * settled 1mA operating point, so v(vout)[0] is no longer the right reference;
| * 0.800m-0.999m is long after the seed has relaxed and entirely before the step.
| * v_post_min / v_post_max are likewise windowed to the stepped region (from
| * the rising edge on) so the seed's own relaxation transient cannot be read as
| * a load-step excursion. Both windows end at 2.999m, matching w_fall below.
| meas tran v_pre AVG v(vout) FROM=0.800m TO=0.999m
| meas tran v_post_min MIN v(vout) FROM=1.000m TO=2.999m
| meas tran v_post_max MAX v(vout) FROM=1.000m TO=2.999m
| meas tran v_50ma FIND v(vout) AT=2.000m
| * --- helper vectors for the row's SECOND clause: recover to +-1% in <=20us ---
| * The load step is PULSE(1m 50m 1m 1u 1u 1m 4m): the rising edge starts at
| * TD = 1.000ms and the falling edge at TD+TR+PW = 2.001ms. Recovery time is
| * the last instant, inside the window that follows an edge, at which |vout -
| * pre-step vout| still exceeds 1% of the pre-step value -- i.e. the time at
| * which the output has re-entered the +-1% band and stays there.
| * 'outband' / 'w_*' are 0/1 indicator vectors built arithmetically
| * (0.5*(1+x/|x|)) rather than with the comparison operators: ngspice's
| * .control parser reads a bare '<' or '>' as an I/O redirection, so
| * '(time > 1.0m)' does not survive into the deck.
| let vpre = v_pre
| let dev = abs(v(vout) - vpre)
| let band = 0.01 * vpre
| let outband = 0.5*(1 + (dev-band)/(abs(dev-band)+1e-18))
| let w_rise = 0.5*(1 + (time-1.0m)/(abs(time-1.0m)+1e-18)) * 0.5*(1 + (2.0m-time)/(abs(2.0m-time)+1e-18))
| let w_fall = 0.5*(1 + (time-2.001m)/(abs(time-2.001m)+1e-18)) * 0.5*(1 + (2.999m-time)/(abs(2.999m-time)+1e-18))
| let meas_undershoot_v = v_pre - v_post_min
| let meas_overshoot_v = v_post_max - v_pre
| let meas_recovery_rise_us = vecmax(outband*w_rise*(time-1.0m))*1e6
| let meas_recovery_fall_us = vecmax(outband*w_fall*(time-2.001m))*1e6
| let meas_settle_err_50ma_pct = 100*(v_50ma - v_pre)/v_pre
| print meas_undershoot_v
| print meas_overshoot_v
| print meas_recovery_rise_us
| print meas_recovery_fall_us
| print meas_settle_err_50ma_pct
| quit
| .endc
| .end

# ==== ngspice stdout ====

Note: Compatibility modes selected: hs a


Circuit: * load-transient corner deck -- generated by sim/bin/corner-run.py, do not edit

option SCALE: Scale is set to 1e-06 for instance and model parameters
option SCALE: Scale is set to 1e-06 for instance and model parameters
option SCALE: Scale is set to 1e-06 for instance and model parameters
option SCALE: Scale is set to 1e-06 for instance and model parameters
Doing analysis at TEMP = -40.000000 and TNOM = 27.000000

Using KLU as Direct Linear Solver
 Reference value :  0.00000e+00
 Reference value :  1.59915e-04
 Reference value :  3.33515e-04
 Reference value :  5.06715e-04
 Reference value :  6.63915e-04
 Reference value :  8.34515e-04
 Reference value :  9.94515e-04
 Reference value :  1.16830e-03
 Reference value :  1.34210e-03
 Reference value :  1.51370e-03
 Reference value :  1.67550e-03
 Reference value :  1.85850e-03
 Reference value :  2.04150e-03
 Reference value :  2.23210e-03
 Reference value :  2.39450e-03
 Reference value :  2.55630e-03
 Reference value :  2.72950e-03
 Reference value :  2.90810e-03
No. of Data Rows : 15025
v_pre               =  1.80038e+00 from=  8.00000e-04 to=  9.99115e-04
v_post_min          =  1.73220e+00 at=  1.01170e-03
v_post_max          =  1.85326e+00 at=  2.02590e-03
v_50ma              =  1.79895e+00
meas_undershoot_v = 6.817900e-02
meas_overshoot_v = 5.288400e-02
meas_recovery_rise_us = 8.130000e+01
meas_recovery_fall_us = 4.735000e+02
meas_settle_err_50ma_pct = -7.94278e-02
ngspice-46 done

# ==== ngspice stderr ====

