# corner: ff_-40c_3.63v
# process=ff temp=-40C supply=3.63V
# ngspice exit: 0
# wall clock: 98.5s (--timeout was 300s)
# result: PASS

# ==== deck (exact input given to ngspice) ====
| * startup corner deck -- generated by sim/bin/corner-run.py, do not edit
| * corner: ff_-40c_3.63v
| .param vsup=3.63
| .option wnflag=1
| .temp -40
| .lib "/home/ubuntu/.volare/sky130A/libs.tech/combined/sky130.lib.spice" ff
| ** sch_path: sim/startup/testbench/tb_startup.sch
| **.subckt tb_startup
| VVIN VIN 0 'vsup'
| .save i(vvin)
| VEN EN 0 PULSE(0 'vsup' 100u 1u 1u 100 200)
| .save i(ven)
| VVREF VREF 0 1.2
| .save i(vvref)
| xldo VOUT VREF EN VIN ldo_3v3in_1v8out
| COUT VOUT VESR 0.33u m=1
| RESR VESR 0 10m m=1
| RLOAD VOUT 0 1e12 m=1
| **.ends
| 
| * expanding   symbol:  design/ldo_3v3in_1v8out.sym # of pins=4
| ** sym_path: design/ldo_3v3in_1v8out.sym
| ** sch_path: design/ldo_3v3in_1v8out.sch
| .subckt ldo_3v3in_1v8out VOUT VREF EN VIN
| *.ipin VIN
| *.ipin EN
| *.ipin VREF
| *.opin VOUT
| XR_BIAS VIN NB 0 sky130_fd_pr__res_high_po W=0.42 L=1500 mult=1 m=1
| XM_BIASN1 NB NB BIAS_ENN 0 sky130_fd_pr__nfet_g5v0d10v5 L=1 W=4 nf=1 ad=1.16 as=1.16 pd=8.58 ps=8.58 nrd=0.0725 nrs=0.0725 sa=0
| + sb=0 sd=0 mult=1 m=1
| XM_ENN BIAS_ENN EN 0 0 sky130_fd_pr__nfet_g5v0d10v5 L=0.5 W=10 nf=1 ad=2.9 as=2.9 pd=20.58 ps=20.58 nrd=0.029 nrs=0.029 sa=0 sb=0
| + sd=0 mult=1 m=1
| XM_BIASN2 BIASP NB BIAS_ENN 0 sky130_fd_pr__nfet_g5v0d10v5 L=1 W=4 nf=1 ad=1.16 as=1.16 pd=8.58 ps=8.58 nrd=0.0725 nrs=0.0725 sa=0
| + sb=0 sd=0 mult=1 m=1
| XM_BIASP1 BIASP BIASP VIN VIN sky130_fd_pr__pfet_g5v0d10v5 L=1 W=10 nf=2 ad=1.45 as=2.9 pd=10.58 ps=21.16 nrd=0.029 nrs=0.029 sa=0
| + sb=0 sd=0 mult=1 m=1
| XM_ENP2 BIASP EN VIN VIN sky130_fd_pr__pfet_g5v0d10v5 L=0.5 W=10 nf=1 ad=2.9 as=2.9 pd=20.58 ps=20.58 nrd=0.029 nrs=0.029 sa=0
| + sb=0 sd=0 mult=1 m=1
| XM_TAIL EA_TAIL BIASP VIN VIN sky130_fd_pr__pfet_g5v0d10v5 L=2 W=40 nf=8 ad=5.8 as=7.25 pd=42.32 ps=52.9 nrd=0.00725 nrs=0.00725
| + sa=0 sb=0 sd=0 mult=1 m=1
| XM_IN1 EA_D1 FB EA_TAIL VIN sky130_fd_pr__pfet_g5v0d10v5 L=2 W=10 nf=2 ad=1.45 as=2.9 pd=10.58 ps=21.16 nrd=0.029 nrs=0.029 sa=0
| + sb=0 sd=0 mult=1 m=1
| XM_IN2 EA_D2 VREF EA_TAIL VIN sky130_fd_pr__pfet_g5v0d10v5 L=2 W=10 nf=2 ad=1.45 as=2.9 pd=10.58 ps=21.16 nrd=0.029 nrs=0.029 sa=0
| + sb=0 sd=0 mult=1 m=1
| XM_MIR1 EA_D1 EA_D1 AMP_ENN 0 sky130_fd_pr__nfet_g5v0d10v5 L=4 W=10 nf=2 ad=1.45 as=2.9 pd=10.58 ps=21.16 nrd=0.029 nrs=0.029 sa=0
| + sb=0 sd=0 mult=1 m=1
| XM_MIR2 EA_OUT EA_D1 AMP_ENN 0 sky130_fd_pr__nfet_g5v0d10v5 L=4 W=10 nf=2 ad=1.45 as=2.9 pd=10.58 ps=21.16 nrd=0.029 nrs=0.029
| + sa=0 sb=0 sd=0 mult=1 m=1
| XM_ENN2 AMP_ENN EN 0 0 sky130_fd_pr__nfet_g5v0d10v5 L=0.5 W=10 nf=1 ad=2.9 as=2.9 pd=20.58 ps=20.58 nrd=0.029 nrs=0.029 sa=0 sb=0
| + sd=0 mult=1 m=1
| XM_ENP EA_OUT EN VIN VIN sky130_fd_pr__pfet_g5v0d10v5 L=0.5 W=10 nf=1 ad=2.9 as=2.9 pd=20.58 ps=20.58 nrd=0.029 nrs=0.029 sa=0
| + sb=0 sd=0 mult=1 m=1
| XM_MIR3 EA_D2 EA_D2 AMP_ENN 0 sky130_fd_pr__nfet_g5v0d10v5 L=4 W=10 nf=2 ad=1.45 as=2.9 pd=10.58 ps=21.16 nrd=0.029 nrs=0.029 sa=0
| + sb=0 sd=0 mult=1 m=1
| XM_MIR4 PB EA_D2 AMP_ENN 0 sky130_fd_pr__nfet_g5v0d10v5 L=4 W=10 nf=2 ad=1.45 as=2.9 pd=10.58 ps=21.16 nrd=0.029 nrs=0.029 sa=0
| + sb=0 sd=0 mult=1 m=1
| XM_MIRP1 PB PB VIN VIN sky130_fd_pr__pfet_g5v0d10v5 L=4 W=20 nf=4 ad=2.9 as=4.35 pd=21.16 ps=31.74 nrd=0.0145 nrs=0.0145 sa=0 sb=0
| + sd=0 mult=1 m=1
| XM_MIRP2 EA_OUT PB VIN VIN sky130_fd_pr__pfet_g5v0d10v5 L=4 W=20 nf=4 ad=2.9 as=4.35 pd=21.16 ps=31.74 nrd=0.0145 nrs=0.0145 sa=0
| + sb=0 sd=0 mult=1 m=1
| XM_ENP5 PB EN VIN VIN sky130_fd_pr__pfet_g5v0d10v5 L=0.5 W=2 nf=1 ad=0.58 as=0.58 pd=4.58 ps=4.58 nrd=0.145 nrs=0.145 sa=0 sb=0
| + sd=0 mult=1 m=1
| XM_PASS VOUT EA_OUT VIN VIN sky130_fd_pr__pfet_g5v0d10v5 L=0.5 W=100 nf=25 ad=15.08 as=15.08 pd=111.54 ps=111.54 nrd=0.0029
| + nrs=0.0029 sa=0 sb=0 sd=0 mult=25 m=25
| C_COMP VOUT EA_CZ 150p m=1
| XR_CZ EA_CZ EA_OUT 0 sky130_fd_pr__res_xhigh_po W=0.42 L=52 mult=1 m=1
| XR_FB_A VOUT FB 0 sky130_fd_pr__res_xhigh_po W=0.42 L=180 mult=1 m=1
| XR_FB_B FB N_FBB 0 sky130_fd_pr__res_xhigh_po W=0.42 L=180 mult=1 m=1
| XR_FB_C N_FBB 0 0 sky130_fd_pr__res_xhigh_po W=0.42 L=180 mult=1 m=1
| XM_SENSE CL_SNS EA_OUT VIN VIN sky130_fd_pr__pfet_g5v0d10v5 L=0.5 W=0.42 nf=1 ad=0.1218 as=0.1218 pd=1.42 ps=1.42
| + nrd=0.69047619047619 nrs=0.69047619047619 sa=0 sb=0 sd=0 mult=1 m=1
| XM_CLN1 CL_SNS CL_SNS AMP_ENN 0 sky130_fd_pr__nfet_g5v0d10v5 L=1 W=20 nf=1 ad=5.8 as=5.8 pd=40.58 ps=40.58 nrd=0.0145 nrs=0.0145
| + sa=0 sb=0 sd=0 mult=1 m=1
| XM_CLN2 CL_CMP CL_SNS AMP_ENN 0 sky130_fd_pr__nfet_g5v0d10v5 L=1 W=1.6 nf=1 ad=0.464 as=0.464 pd=3.78 ps=3.78 nrd=0.18125
| + nrs=0.18125 sa=0 sb=0 sd=0 mult=1 m=1
| XM_CLP CL_CMP BIASP VIN VIN sky130_fd_pr__pfet_g5v0d10v5 L=1 W=10 nf=2 ad=1.45 as=2.9 pd=10.58 ps=21.16 nrd=0.029 nrs=0.029 sa=0
| + sb=0 sd=0 mult=1 m=1
| XM_CLIM EA_OUT CL_CMP VIN VIN sky130_fd_pr__pfet_g5v0d10v5 L=0.5 W=20 nf=4 ad=2.9 as=4.35 pd=21.16 ps=31.74 nrd=0.0145 nrs=0.0145
| + sa=0 sb=0 sd=0 mult=1 m=1
| XM_ENP3 CL_CMP EN VIN VIN sky130_fd_pr__pfet_g5v0d10v5 L=0.5 W=2 nf=1 ad=0.58 as=0.58 pd=4.58 ps=4.58 nrd=0.145 nrs=0.145 sa=0
| + sb=0 sd=0 mult=1 m=1
| C_CL VIN CL_CMP 1p m=1
| XM_INVP ENB EN VIN VIN sky130_fd_pr__pfet_g5v0d10v5 L=0.5 W=2 nf=1 ad=0.58 as=0.58 pd=4.58 ps=4.58 nrd=0.145 nrs=0.145 sa=0 sb=0
| + sd=0 mult=1 m=1
| XM_INVN ENB EN 0 0 sky130_fd_pr__nfet_g5v0d10v5 L=0.5 W=1 nf=1 ad=0.29 as=0.29 pd=2.58 ps=2.58 nrd=0.29 nrs=0.29 sa=0 sb=0 sd=0
| + mult=1 m=1
| XM_SSDIS SS ENB 0 0 sky130_fd_pr__nfet_g5v0d10v5 L=0.5 W=2 nf=1 ad=0.58 as=0.58 pd=4.58 ps=4.58 nrd=0.145 nrs=0.145 sa=0 sb=0 sd=0
| + mult=1 m=1
| XM_SSCHG SS BIASP VIN VIN sky130_fd_pr__pfet_g5v0d10v5 L=8 W=1 nf=1 ad=0.29 as=0.29 pd=2.58 ps=2.58 nrd=0.29 nrs=0.29 sa=0 sb=0
| + sd=0 mult=1 m=1
| C_SS SS 0 10p m=1
| XM_IN2S EA_D2 SS EA_TAIL VIN sky130_fd_pr__pfet_g5v0d10v5 L=2 W=10 nf=2 ad=1.45 as=2.9 pd=10.58 ps=21.16 nrd=0.029 nrs=0.029 sa=0
| + sb=0 sd=0 mult=1 m=1
| XM_TSPS TS_SNS BIASP VIN VIN sky130_fd_pr__pfet_g5v0d10v5 L=1 W=2.5 nf=1 ad=0.725 as=0.725 pd=5.58 ps=5.58 nrd=0.116 nrs=0.116
| + sa=0 sb=0 sd=0 mult=1 m=1
| XM_TSD1 TS_SNS TS_SNS TS_MID 0 sky130_fd_pr__nfet_g5v0d10v5 L=1 W=80 nf=16 ad=11.6 as=13.05 pd=84.64 ps=95.22 nrd=0.003625
| + nrs=0.003625 sa=0 sb=0 sd=0 mult=1 m=1
| XM_TSD2 TS_MID TS_MID AMP_ENN 0 sky130_fd_pr__nfet_g5v0d10v5 L=1 W=80 nf=16 ad=11.6 as=13.05 pd=84.64 ps=95.22 nrd=0.003625
| + nrs=0.003625 sa=0 sb=0 sd=0 mult=1 m=1
| XM_TSPR TS_REF BIASP VIN VIN sky130_fd_pr__pfet_g5v0d10v5 L=1 W=2.5 nf=1 ad=0.725 as=0.725 pd=5.58 ps=5.58 nrd=0.116 nrs=0.116
| + sa=0 sb=0 sd=0 mult=1 m=1
| XM_TSR1 TS_REF TS_REF AMP_ENN 0 sky130_fd_pr__nfet_g5v0d10v5 L=10 W=2 nf=1 ad=0.58 as=0.58 pd=4.58 ps=4.58 nrd=0.145 nrs=0.145
| + sa=0 sb=0 sd=0 mult=1 m=1
| XM_TCTAIL TC_TAIL NB AMP_ENN 0 sky130_fd_pr__nfet_g5v0d10v5 L=1 W=1 nf=1 ad=0.29 as=0.29 pd=2.58 ps=2.58 nrd=0.29 nrs=0.29 sa=0
| + sb=0 sd=0 mult=1 m=1
| XM_TCN1 TC_D1 TS_SNS TC_TAIL 0 sky130_fd_pr__nfet_g5v0d10v5 L=2 W=10 nf=2 ad=1.45 as=2.9 pd=10.58 ps=21.16 nrd=0.029 nrs=0.029
| + sa=0 sb=0 sd=0 mult=1 m=1
| XM_TCN2 TS_CMP TS_REF TC_TAIL 0 sky130_fd_pr__nfet_g5v0d10v5 L=2 W=10 nf=2 ad=1.45 as=2.9 pd=10.58 ps=21.16 nrd=0.029 nrs=0.029
| + sa=0 sb=0 sd=0 mult=1 m=1
| XM_TCP1 TC_D1 TC_D1 VIN VIN sky130_fd_pr__pfet_g5v0d10v5 L=2 W=10 nf=2 ad=1.45 as=2.9 pd=10.58 ps=21.16 nrd=0.029 nrs=0.029 sa=0
| + sb=0 sd=0 mult=1 m=1
| XM_TCP2 TS_CMP TC_D1 VIN VIN sky130_fd_pr__pfet_g5v0d10v5 L=2 W=10 nf=2 ad=1.45 as=2.9 pd=10.58 ps=21.16 nrd=0.029 nrs=0.029 sa=0
| + sb=0 sd=0 mult=1 m=1
| XM_TSHUT EA_OUT TS_CMP VIN VIN sky130_fd_pr__pfet_g5v0d10v5 L=0.5 W=20 nf=4 ad=2.9 as=4.35 pd=21.16 ps=31.74 nrd=0.0145 nrs=0.0145
| + sa=0 sb=0 sd=0 mult=1 m=1
| XM_TSHYSB TS_HYS BIASP VIN VIN sky130_fd_pr__pfet_g5v0d10v5 L=2 W=1.5 nf=1 ad=0.435 as=0.435 pd=3.58 ps=3.58 nrd=0.193333333333333
| + nrs=0.193333333333333 sa=0 sb=0 sd=0 mult=1 m=1
| XM_TSHYS TS_REF TS_CMP TS_HYS VIN sky130_fd_pr__pfet_g5v0d10v5 L=0.5 W=2 nf=1 ad=0.58 as=0.58 pd=4.58 ps=4.58 nrd=0.145 nrs=0.145
| + sa=0 sb=0 sd=0 mult=1 m=1
| XM_ENP4 TS_CMP EN VIN VIN sky130_fd_pr__pfet_g5v0d10v5 L=0.5 W=2 nf=1 ad=0.58 as=0.58 pd=4.58 ps=4.58 nrd=0.145 nrs=0.145 sa=0
| + sb=0 sd=0 mult=1 m=1
| C_TS VIN TS_CMP 1p m=1
| .ends
| 
| .control
| save all
| * --- leg 1: C_out 0.33uF, 0 mA (feedback divider is the only preload) ---
| tran 10u 4m
| meas tran vpk max v(vout) from=100u to=4m
| meas tran vfloor min v(vout) from=3.1m to=4m
| meas tran tset when v(vout)=1.764 rise=1
| * --- leg 2: C_out 0.33uF, 50 mA ---
| alter rload = 36
| tran 10u 4m
| meas tran vpk max v(vout) from=100u to=4m
| meas tran vfloor min v(vout) from=3.1m to=4m
| meas tran tset when v(vout)=1.764 rise=1
| * --- leg 3: C_out 4.7uF, 0 mA ---
| alter cout = 4.7u
| alter rload = 1e12
| tran 10u 4m
| meas tran vpk max v(vout) from=100u to=4m
| meas tran vfloor min v(vout) from=3.1m to=4m
| meas tran tset when v(vout)=1.764 rise=1
| * --- leg 4: C_out 4.7uF, 50 mA ---
| alter rload = 36
| tran 10u 4m
| meas tran vpk max v(vout) from=100u to=4m
| meas tran vfloor min v(vout) from=3.1m to=4m
| meas tran tset when v(vout)=1.764 rise=1
| let meas_vpk_c033_0ma_v = tran1.vpk
| let meas_vfloor_c033_0ma_v = tran1.vfloor
| let meas_tramp_c033_0ma_ms = 1000*(tran1.tset - 100u)
| let meas_vpk_c033_50ma_v = tran2.vpk
| let meas_vfloor_c033_50ma_v = tran2.vfloor
| let meas_tramp_c033_50ma_ms = 1000*(tran2.tset - 100u)
| let meas_vpk_c47_0ma_v = tran3.vpk
| let meas_vfloor_c47_0ma_v = tran3.vfloor
| let meas_tramp_c47_0ma_ms = 1000*(tran3.tset - 100u)
| let meas_vpk_c47_50ma_v = tran4.vpk
| let meas_vfloor_c47_50ma_v = tran4.vfloor
| let meas_tramp_c47_50ma_ms = 1000*(tran4.tset - 100u)
| print meas_vpk_c033_0ma_v
| print meas_vfloor_c033_0ma_v
| print meas_tramp_c033_0ma_ms
| print meas_vpk_c033_50ma_v
| print meas_vfloor_c033_50ma_v
| print meas_tramp_c033_50ma_ms
| print meas_vpk_c47_0ma_v
| print meas_vfloor_c47_0ma_v
| print meas_tramp_c47_0ma_ms
| print meas_vpk_c47_50ma_v
| print meas_vfloor_c47_50ma_v
| print meas_tramp_c47_50ma_ms
| quit
| .endc
| .end

# ==== ngspice stdout ====

Note: Compatibility modes selected: hs a


Circuit: * startup corner deck -- generated by sim/bin/corner-run.py, do not edit

option SCALE: Scale is set to 1e-06 for instance and model parameters
option SCALE: Scale is set to 1e-06 for instance and model parameters
option SCALE: Scale is set to 1e-06 for instance and model parameters
option SCALE: Scale is set to 1e-06 for instance and model parameters
Doing analysis at TEMP = -40.000000 and TNOM = 27.000000

Using KLU as Direct Linear Solver
 Reference value :  0.00000e+00
 Reference value :  8.00000e-07
 Reference value :  1.28000e-05
 Reference value :  6.28000e-05
 Reference value :  1.00000e-04
 Reference value :  1.00300e-04
 Reference value :  1.00410e-04
 Reference value :  1.00492e-04
 Reference value :  1.00554e-04
 Reference value :  1.00683e-04
 Reference value :  1.00757e-04
 Reference value :  1.00813e-04
 Reference value :  1.00816e-04
 Reference value :  1.00832e-04
 Reference value :  1.00857e-04
 Reference value :  1.00924e-04
 Reference value :  1.00975e-04
 Reference value :  1.01028e-04
 Reference value :  1.02011e-04
 Reference value :  1.07853e-04
 Reference value :  1.18635e-04
 Reference value :  1.28956e-04
 Reference value :  1.44055e-04
 Reference value :  1.72503e-04
 Reference value :  2.12503e-04
 Reference value :  2.52503e-04
 Reference value :  2.92503e-04
 Reference value :  3.22503e-04
 Reference value :  3.52503e-04
 Reference value :  3.82503e-04
 Reference value :  4.12503e-04
 Reference value :  4.52503e-04
 Reference value :  4.92503e-04
 Reference value :  5.22503e-04
 Reference value :  5.52503e-04
 Reference value :  5.82503e-04
 Reference value :  6.02503e-04
 Reference value :  6.32503e-04
 Reference value :  6.62503e-04
 Reference value :  6.92503e-04
 Reference value :  7.32503e-04
 Reference value :  7.72503e-04
 Reference value :  8.12503e-04
 Reference value :  8.52503e-04
 Reference value :  8.92503e-04
 Reference value :  9.22503e-04
 Reference value :  9.52503e-04
 Reference value :  9.92503e-04
 Reference value :  1.03250e-03
 Reference value :  1.06250e-03
 Reference value :  1.10250e-03
 Reference value :  1.14250e-03
 Reference value :  1.19250e-03
 Reference value :  1.24250e-03
 Reference value :  1.28250e-03
 Reference value :  1.31250e-03
 Reference value :  1.34250e-03
 Reference value :  1.38250e-03
 Reference value :  1.41250e-03
 Reference value :  1.45250e-03
 Reference value :  1.48250e-03
 Reference value :  1.51250e-03
 Reference value :  1.55250e-03
 Reference value :  1.59250e-03
 Reference value :  1.63250e-03
 Reference value :  1.67250e-03
 Reference value :  1.71250e-03
 Reference value :  1.74250e-03
 Reference value :  1.78250e-03
 Reference value :  1.81250e-03
 Reference value :  1.85250e-03
 Reference value :  1.88250e-03
 Reference value :  1.91250e-03
 Reference value :  1.94250e-03
 Reference value :  1.97250e-03
 Reference value :  2.00250e-03
 Reference value :  2.03250e-03
 Reference value :  2.07250e-03
 Reference value :  2.11250e-03
 Reference value :  2.14250e-03
 Reference value :  2.18250e-03
 Reference value :  2.22250e-03
 Reference value :  2.26250e-03
 Reference value :  2.29250e-03
 Reference value :  2.33250e-03
 Reference value :  2.36250e-03
 Reference value :  2.40250e-03
 Reference value :  2.44250e-03
 Reference value :  2.47250e-03
 Reference value :  2.50250e-03
 Reference value :  2.53250e-03
 Reference value :  2.57250e-03
 Reference value :  2.60250e-03
 Reference value :  2.64250e-03
 Reference value :  2.67250e-03
 Reference value :  2.70250e-03
 Reference value :  2.73250e-03
 Reference value :  2.77250e-03
 Reference value :  2.81250e-03
 Reference value :  2.85250e-03
 Reference value :  2.88250e-03
 Reference value :  2.92250e-03
 Reference value :  2.96250e-03
 Reference value :  2.99250e-03
 Reference value :  3.03250e-03
 Reference value :  3.06250e-03
 Reference value :  3.10250e-03
 Reference value :  3.14250e-03
 Reference value :  3.19250e-03
 Reference value :  3.23250e-03
 Reference value :  3.27250e-03
 Reference value :  3.32250e-03
 Reference value :  3.36250e-03
 Reference value :  3.39250e-03
 Reference value :  3.43250e-03
 Reference value :  3.47250e-03
 Reference value :  3.50250e-03
 Reference value :  3.54250e-03
 Reference value :  3.58250e-03
 Reference value :  3.62250e-03
 Reference value :  3.66250e-03
 Reference value :  3.70250e-03
 Reference value :  3.73250e-03
 Reference value :  3.77250e-03
 Reference value :  3.81250e-03
 Reference value :  3.85250e-03
 Reference value :  3.88250e-03
 Reference value :  3.91250e-03
 Reference value :  3.95250e-03
 Reference value :  3.98250e-03
No. of Data Rows : 441
vpk                 =  1.80816e+00 at=  6.72503e-04
vfloor              =  1.80258e+00 at=  4.00000e-03
tset                =  3.58346e-04
Doing analysis at TEMP = -40.000000 and TNOM = 27.000000

Using KLU as Direct Linear Solver
 Reference value :  0.00000e+00
 Reference value :  8.00000e-07
 Reference value :  1.28000e-05
 Reference value :  5.28000e-05
 Reference value :  9.14000e-05
 Reference value :  1.00300e-04
 Reference value :  1.00410e-04
 Reference value :  1.00492e-04
 Reference value :  1.00554e-04
 Reference value :  1.00683e-04
 Reference value :  1.00757e-04
 Reference value :  1.00813e-04
 Reference value :  1.00816e-04
 Reference value :  1.00832e-04
 Reference value :  1.00857e-04
 Reference value :  1.00897e-04
 Reference value :  1.00950e-04
 Reference value :  1.01004e-04
 Reference value :  1.01060e-04
 Reference value :  1.01504e-04
 Reference value :  1.04518e-04
 Reference value :  1.13167e-04
 Reference value :  1.18588e-04
 Reference value :  1.28925e-04
 Reference value :  1.63915e-04
 Reference value :  2.23915e-04
 Reference value :  2.73915e-04
 Reference value :  3.23915e-04
 Reference value :  3.63915e-04
 Reference value :  4.13915e-04
 Reference value :  4.53915e-04
 Reference value :  4.93915e-04
 Reference value :  5.23915e-04
 Reference value :  5.63915e-04
 Reference value :  5.93915e-04
 Reference value :  6.33915e-04
 Reference value :  6.73915e-04
 Reference value :  7.13915e-04
 Reference value :  7.53915e-04
 Reference value :  7.93915e-04
 Reference value :  8.23915e-04
 Reference value :  8.63915e-04
 Reference value :  8.93915e-04
 Reference value :  9.33915e-04
 Reference value :  9.73915e-04
 Reference value :  1.01391e-03
 Reference value :  1.05391e-03
 Reference value :  1.08391e-03
 Reference value :  1.12391e-03
 Reference value :  1.16391e-03
 Reference value :  1.19391e-03
 Reference value :  1.22391e-03
 Reference value :  1.26391e-03
 Reference value :  1.31391e-03
 Reference value :  1.35391e-03
 Reference value :  1.40391e-03
 Reference value :  1.44391e-03
 Reference value :  1.48391e-03
 Reference value :  1.52391e-03
 Reference value :  1.56391e-03
 Reference value :  1.59391e-03
 Reference value :  1.63391e-03
 Reference value :  1.67391e-03
 Reference value :  1.71391e-03
 Reference value :  1.76391e-03
 Reference value :  1.82391e-03
 Reference value :  1.88391e-03
 Reference value :  1.94391e-03
 Reference value :  1.99391e-03
 Reference value :  2.05391e-03
 Reference value :  2.10391e-03
 Reference value :  2.15391e-03
 Reference value :  2.20391e-03
 Reference value :  2.24391e-03
 Reference value :  2.29391e-03
 Reference value :  2.35391e-03
 Reference value :  2.41391e-03
 Reference value :  2.46391e-03
 Reference value :  2.52391e-03
 Reference value :  2.57391e-03
 Reference value :  2.63391e-03
 Reference value :  2.68391e-03
 Reference value :  2.71391e-03
 Reference value :  2.75391e-03
 Reference value :  2.79391e-03
 Reference value :  2.83391e-03
 Reference value :  2.87391e-03
 Reference value :  2.91391e-03
 Reference value :  2.95391e-03
 Reference value :  2.98391e-03
 Reference value :  3.02391e-03
 Reference value :  3.05391e-03
 Reference value :  3.08391e-03
 Reference value :  3.11391e-03
 Reference value :  3.14391e-03
 Reference value :  3.17391e-03
 Reference value :  3.20391e-03
 Reference value :  3.23391e-03
 Reference value :  3.26391e-03
 Reference value :  3.30391e-03
 Reference value :  3.34391e-03
 Reference value :  3.38391e-03
 Reference value :  3.43391e-03
 Reference value :  3.48391e-03
 Reference value :  3.52391e-03
 Reference value :  3.56391e-03
 Reference value :  3.60391e-03
 Reference value :  3.65391e-03
 Reference value :  3.70391e-03
 Reference value :  3.74391e-03
 Reference value :  3.80391e-03
 Reference value :  3.85391e-03
 Reference value :  3.90391e-03
 Reference value :  3.94391e-03
 Reference value :  3.99196e-03
No. of Data Rows : 441
vpk                 =  1.79848e+00 at=  1.03391e-03
vfloor              =  1.79848e+00 at=  3.99196e-03
tset                =  3.82745e-04
Doing analysis at TEMP = -40.000000 and TNOM = 27.000000

Using KLU as Direct Linear Solver
 Reference value :  0.00000e+00
 Reference value :  8.00000e-07
 Reference value :  3.28000e-05
 Reference value :  8.28000e-05
 Reference value :  1.00300e-04
 Reference value :  1.00410e-04
 Reference value :  1.00492e-04
 Reference value :  1.00554e-04
 Reference value :  1.00683e-04
 Reference value :  1.00757e-04
 Reference value :  1.00813e-04
 Reference value :  1.00816e-04
 Reference value :  1.00832e-04
 Reference value :  1.00857e-04
 Reference value :  1.00924e-04
 Reference value :  1.00950e-04
 Reference value :  1.01004e-04
 Reference value :  1.01060e-04
 Reference value :  1.02011e-04
 Reference value :  1.13219e-04
 Reference value :  1.18635e-04
 Reference value :  1.25128e-04
 Reference value :  1.38366e-04
 Reference value :  1.65813e-04
 Reference value :  1.95813e-04
 Reference value :  2.35813e-04
 Reference value :  2.65813e-04
 Reference value :  3.05813e-04
 Reference value :  3.35813e-04
 Reference value :  3.65813e-04
 Reference value :  3.95813e-04
 Reference value :  4.25813e-04
 Reference value :  4.65813e-04
 Reference value :  5.05813e-04
 Reference value :  5.35813e-04
 Reference value :  5.65813e-04
 Reference value :  5.85813e-04
 Reference value :  6.05813e-04
 Reference value :  6.35813e-04
 Reference value :  6.75813e-04
 Reference value :  7.15813e-04
 Reference value :  7.55813e-04
 Reference value :  7.95813e-04
 Reference value :  8.35813e-04
 Reference value :  8.75813e-04
 Reference value :  9.15813e-04
 Reference value :  9.65813e-04
 Reference value :  1.00581e-03
 Reference value :  1.04581e-03
 Reference value :  1.08581e-03
 Reference value :  1.12581e-03
 Reference value :  1.16581e-03
 Reference value :  1.20581e-03
 Reference value :  1.24581e-03
 Reference value :  1.28581e-03
 Reference value :  1.32581e-03
 Reference value :  1.36581e-03
 Reference value :  1.40581e-03
 Reference value :  1.44581e-03
 Reference value :  1.48581e-03
 Reference value :  1.52581e-03
 Reference value :  1.56581e-03
 Reference value :  1.60581e-03
 Reference value :  1.64581e-03
 Reference value :  1.68581e-03
 Reference value :  1.72581e-03
 Reference value :  1.76581e-03
 Reference value :  1.80581e-03
 Reference value :  1.84581e-03
 Reference value :  1.88581e-03
 Reference value :  1.92581e-03
 Reference value :  1.96581e-03
 Reference value :  2.00581e-03
 Reference value :  2.04581e-03
 Reference value :  2.08581e-03
 Reference value :  2.12581e-03
 Reference value :  2.16581e-03
 Reference value :  2.20581e-03
 Reference value :  2.24581e-03
 Reference value :  2.28581e-03
 Reference value :  2.32581e-03
 Reference value :  2.36581e-03
 Reference value :  2.40581e-03
 Reference value :  2.44581e-03
 Reference value :  2.48581e-03
 Reference value :  2.52581e-03
 Reference value :  2.74581e-03
 Reference value :  3.35581e-03
 Reference value :  3.76581e-03
 Reference value :  3.80581e-03
 Reference value :  3.84581e-03
 Reference value :  3.88581e-03
 Reference value :  3.92581e-03
 Reference value :  3.96581e-03
 Reference value :  4.00000e-03
No. of Data Rows : 441
vpk                 =  1.81587e+00 at=  5.95813e-04
vfloor              =  1.81547e+00 at=  4.00000e-03
tset                =  3.48889e-04
Doing analysis at TEMP = -40.000000 and TNOM = 27.000000

Using KLU as Direct Linear Solver
 Reference value :  0.00000e+00
 Reference value :  1.00410e-04
 Reference value :  1.00492e-04
 Reference value :  1.00554e-04
 Reference value :  1.00901e-04
 Reference value :  4.47852e-04
 Reference value :  8.97852e-04
 Reference value :  9.27852e-04
 Reference value :  9.57852e-04
 Reference value :  9.87852e-04
 Reference value :  1.01785e-03
 Reference value :  1.04785e-03
 Reference value :  1.07785e-03
 Reference value :  1.10785e-03
 Reference value :  1.13785e-03
 Reference value :  1.16785e-03
 Reference value :  1.19785e-03
 Reference value :  1.22785e-03
 Reference value :  1.25785e-03
 Reference value :  1.28785e-03
 Reference value :  1.31785e-03
 Reference value :  1.34785e-03
 Reference value :  1.36785e-03
 Reference value :  1.39785e-03
 Reference value :  1.42785e-03
 Reference value :  1.46785e-03
 Reference value :  1.49785e-03
 Reference value :  1.52785e-03
 Reference value :  1.55785e-03
 Reference value :  1.58785e-03
 Reference value :  1.61785e-03
 Reference value :  1.64785e-03
 Reference value :  1.68785e-03
 Reference value :  1.72785e-03
 Reference value :  1.76785e-03
 Reference value :  1.80785e-03
 Reference value :  1.83785e-03
 Reference value :  1.85785e-03
 Reference value :  1.88785e-03
 Reference value :  1.90785e-03
 Reference value :  1.92785e-03
 Reference value :  1.94785e-03
 Reference value :  1.97785e-03
 Reference value :  2.00785e-03
 Reference value :  2.04785e-03
 Reference value :  2.08785e-03
 Reference value :  2.12785e-03
 Reference value :  2.16785e-03
 Reference value :  2.20785e-03
 Reference value :  2.24785e-03
 Reference value :  2.28785e-03
 Reference value :  2.32785e-03
 Reference value :  2.36785e-03
 Reference value :  2.40785e-03
 Reference value :  2.44785e-03
 Reference value :  2.47785e-03
 Reference value :  2.50785e-03
 Reference value :  2.52785e-03
 Reference value :  2.55785e-03
 Reference value :  2.58785e-03
 Reference value :  2.61785e-03
 Reference value :  2.64785e-03
 Reference value :  2.67785e-03
 Reference value :  2.70785e-03
 Reference value :  2.73785e-03
 Reference value :  2.76785e-03
 Reference value :  2.78785e-03
 Reference value :  2.80785e-03
 Reference value :  2.83785e-03
 Reference value :  2.86785e-03
 Reference value :  2.89785e-03
 Reference value :  2.92785e-03
 Reference value :  2.95785e-03
 Reference value :  2.97785e-03
 Reference value :  2.99785e-03
 Reference value :  3.02785e-03
 Reference value :  3.04785e-03
 Reference value :  3.06785e-03
 Reference value :  3.09785e-03
 Reference value :  3.11785e-03
 Reference value :  3.14785e-03
 Reference value :  3.16785e-03
 Reference value :  3.18785e-03
 Reference value :  3.21785e-03
 Reference value :  3.24785e-03
 Reference value :  3.27785e-03
 Reference value :  3.30785e-03
 Reference value :  3.34785e-03
 Reference value :  3.38785e-03
 Reference value :  3.42785e-03
 Reference value :  3.45785e-03
 Reference value :  3.48785e-03
 Reference value :  3.51785e-03
 Reference value :  3.54785e-03
 Reference value :  3.57785e-03
 Reference value :  3.60785e-03
 Reference value :  3.62785e-03
 Reference value :  3.65785e-03
 Reference value :  3.68785e-03
 Reference value :  3.70785e-03
 Reference value :  3.73785e-03
 Reference value :  3.76785e-03
 Reference value :  3.78785e-03
 Reference value :  3.81785e-03
 Reference value :  3.83785e-03
 Reference value :  3.86785e-03
 Reference value :  3.89785e-03
 Reference value :  3.91785e-03
 Reference value :  3.94785e-03
 Reference value :  3.97785e-03
No. of Data Rows : 438
vpk                 =  1.79852e+00 at=  4.00000e-03
vfloor              =  1.79847e+00 at=  3.10785e-03
tset                =  3.61429e-04
meas_vpk_c033_0ma_v = 1.808158e+00
meas_vfloor_c033_0ma_v = 1.802581e+00
meas_tramp_c033_0ma_ms = 2.583464e-01
meas_vpk_c033_50ma_v = 1.798481e+00
meas_vfloor_c033_50ma_v = 1.798480e+00
meas_tramp_c033_50ma_ms = 2.827449e-01
meas_vpk_c47_0ma_v = 1.815873e+00
meas_vfloor_c47_0ma_v = 1.815475e+00
meas_tramp_c47_0ma_ms = 2.488890e-01
meas_vpk_c47_50ma_v = 1.798522e+00
meas_vfloor_c47_50ma_v = 1.798468e+00
meas_tramp_c47_50ma_ms = 2.614288e-01
ngspice-46 done

# ==== ngspice stderr ====
Note: Starting dynamic gmin stepping
Note: Dynamic gmin stepping completed
Note: Starting dynamic gmin stepping
Note: Dynamic gmin stepping completed
Note: Starting dynamic gmin stepping
Note: Dynamic gmin stepping completed
Note: Starting dynamic gmin stepping
Note: Dynamic gmin stepping completed
