# corner: ff_-40c_3.30v
# process=ff temp=-40C supply=3.30V
# ngspice exit: 0
# wall clock: 133.2s (--timeout was 300s)
# result: PASS

# ==== deck (exact input given to ngspice) ====
| * startup corner deck -- generated by sim/bin/corner-run.py, do not edit
| * corner: ff_-40c_3.30v
| .param vsup=3.3
| .option wnflag=1
| .temp -40
| .lib "/home/ubuntu/.volare/sky130A/libs.tech/combined/sky130.lib.spice" ff
| ** sch_path: sim/startup/testbench/tb_startup.sch
| **.subckt tb_startup
| VVIN VIN 0 'vsup'
| .save i(vvin)
| VEN EN 0 PULSE(0 'vsup' 100u 1u 1u 100 200)
| .save i(ven)
| VVREF VREF 0 1.2
| .save i(vvref)
| xldo VOUT VREF EN VIN ldo_3v3in_1v8out
| COUT VOUT VESR 0.33u m=1
| RESR VESR 0 10m m=1
| RLOAD VOUT 0 1e12 m=1
| **.ends
| 
| * expanding   symbol:  design/ldo_3v3in_1v8out.sym # of pins=4
| ** sym_path: design/ldo_3v3in_1v8out.sym
| ** sch_path: design/ldo_3v3in_1v8out.sch
| .subckt ldo_3v3in_1v8out VOUT VREF EN VIN
| *.ipin VIN
| *.ipin EN
| *.ipin VREF
| *.opin VOUT
| XR_BIAS VIN NB 0 sky130_fd_pr__res_high_po W=0.42 L=1500 mult=1 m=1
| XM_BIASN1 NB NB BIAS_ENN 0 sky130_fd_pr__nfet_g5v0d10v5 L=1 W=4 nf=1 ad=1.16 as=1.16 pd=8.58 ps=8.58 nrd=0.0725 nrs=0.0725 sa=0
| + sb=0 sd=0 mult=1 m=1
| XM_ENN BIAS_ENN EN 0 0 sky130_fd_pr__nfet_g5v0d10v5 L=0.5 W=10 nf=1 ad=2.9 as=2.9 pd=20.58 ps=20.58 nrd=0.029 nrs=0.029 sa=0 sb=0
| + sd=0 mult=1 m=1
| XM_BIASN2 BIASP NB BIAS_ENN 0 sky130_fd_pr__nfet_g5v0d10v5 L=1 W=4 nf=1 ad=1.16 as=1.16 pd=8.58 ps=8.58 nrd=0.0725 nrs=0.0725 sa=0
| + sb=0 sd=0 mult=1 m=1
| XM_BIASP1 BIASP BIASP VIN VIN sky130_fd_pr__pfet_g5v0d10v5 L=1 W=10 nf=2 ad=1.45 as=2.9 pd=10.58 ps=21.16 nrd=0.029 nrs=0.029 sa=0
| + sb=0 sd=0 mult=1 m=1
| XM_ENP2 BIASP EN VIN VIN sky130_fd_pr__pfet_g5v0d10v5 L=0.5 W=10 nf=1 ad=2.9 as=2.9 pd=20.58 ps=20.58 nrd=0.029 nrs=0.029 sa=0
| + sb=0 sd=0 mult=1 m=1
| XM_TAIL EA_TAIL BIASP VIN VIN sky130_fd_pr__pfet_g5v0d10v5 L=2 W=40 nf=8 ad=5.8 as=7.25 pd=42.32 ps=52.9 nrd=0.00725 nrs=0.00725
| + sa=0 sb=0 sd=0 mult=1 m=1
| XM_IN1 EA_D1 FB EA_TAIL VIN sky130_fd_pr__pfet_g5v0d10v5 L=2 W=10 nf=2 ad=1.45 as=2.9 pd=10.58 ps=21.16 nrd=0.029 nrs=0.029 sa=0
| + sb=0 sd=0 mult=1 m=1
| XM_IN2 EA_D2 VREF EA_TAIL VIN sky130_fd_pr__pfet_g5v0d10v5 L=2 W=10 nf=2 ad=1.45 as=2.9 pd=10.58 ps=21.16 nrd=0.029 nrs=0.029 sa=0
| + sb=0 sd=0 mult=1 m=1
| XM_MIR1 EA_D1 EA_D1 AMP_ENN 0 sky130_fd_pr__nfet_g5v0d10v5 L=4 W=10 nf=2 ad=1.45 as=2.9 pd=10.58 ps=21.16 nrd=0.029 nrs=0.029 sa=0
| + sb=0 sd=0 mult=1 m=1
| XM_MIR2 EA_OUT EA_D1 AMP_ENN 0 sky130_fd_pr__nfet_g5v0d10v5 L=4 W=10 nf=2 ad=1.45 as=2.9 pd=10.58 ps=21.16 nrd=0.029 nrs=0.029
| + sa=0 sb=0 sd=0 mult=1 m=1
| XM_ENN2 AMP_ENN EN 0 0 sky130_fd_pr__nfet_g5v0d10v5 L=0.5 W=10 nf=1 ad=2.9 as=2.9 pd=20.58 ps=20.58 nrd=0.029 nrs=0.029 sa=0 sb=0
| + sd=0 mult=1 m=1
| XM_ENP EA_OUT EN VIN VIN sky130_fd_pr__pfet_g5v0d10v5 L=0.5 W=10 nf=1 ad=2.9 as=2.9 pd=20.58 ps=20.58 nrd=0.029 nrs=0.029 sa=0
| + sb=0 sd=0 mult=1 m=1
| XM_MIR3 EA_D2 EA_D2 AMP_ENN 0 sky130_fd_pr__nfet_g5v0d10v5 L=4 W=10 nf=2 ad=1.45 as=2.9 pd=10.58 ps=21.16 nrd=0.029 nrs=0.029 sa=0
| + sb=0 sd=0 mult=1 m=1
| XM_MIR4 PB EA_D2 AMP_ENN 0 sky130_fd_pr__nfet_g5v0d10v5 L=4 W=10 nf=2 ad=1.45 as=2.9 pd=10.58 ps=21.16 nrd=0.029 nrs=0.029 sa=0
| + sb=0 sd=0 mult=1 m=1
| XM_MIRP1 PB PB VIN VIN sky130_fd_pr__pfet_g5v0d10v5 L=4 W=20 nf=4 ad=2.9 as=4.35 pd=21.16 ps=31.74 nrd=0.0145 nrs=0.0145 sa=0 sb=0
| + sd=0 mult=1 m=1
| XM_MIRP2 EA_OUT PB VIN VIN sky130_fd_pr__pfet_g5v0d10v5 L=4 W=20 nf=4 ad=2.9 as=4.35 pd=21.16 ps=31.74 nrd=0.0145 nrs=0.0145 sa=0
| + sb=0 sd=0 mult=1 m=1
| XM_ENP5 PB EN VIN VIN sky130_fd_pr__pfet_g5v0d10v5 L=0.5 W=2 nf=1 ad=0.58 as=0.58 pd=4.58 ps=4.58 nrd=0.145 nrs=0.145 sa=0 sb=0
| + sd=0 mult=1 m=1
| XM_PASS VOUT EA_OUT VIN VIN sky130_fd_pr__pfet_g5v0d10v5 L=0.5 W=100 nf=25 ad=15.08 as=15.08 pd=111.54 ps=111.54 nrd=0.0029
| + nrs=0.0029 sa=0 sb=0 sd=0 mult=25 m=25
| C_COMP VOUT EA_CZ 150p m=1
| XR_CZ EA_CZ EA_OUT 0 sky130_fd_pr__res_xhigh_po W=0.42 L=52 mult=1 m=1
| XR_FB_A VOUT FB 0 sky130_fd_pr__res_xhigh_po W=0.42 L=180 mult=1 m=1
| XR_FB_B FB N_FBB 0 sky130_fd_pr__res_xhigh_po W=0.42 L=180 mult=1 m=1
| XR_FB_C N_FBB 0 0 sky130_fd_pr__res_xhigh_po W=0.42 L=180 mult=1 m=1
| XM_SENSE CL_SNS EA_OUT VIN VIN sky130_fd_pr__pfet_g5v0d10v5 L=0.5 W=0.42 nf=1 ad=0.1218 as=0.1218 pd=1.42 ps=1.42
| + nrd=0.69047619047619 nrs=0.69047619047619 sa=0 sb=0 sd=0 mult=1 m=1
| XM_CLN1 CL_SNS CL_SNS AMP_ENN 0 sky130_fd_pr__nfet_g5v0d10v5 L=1 W=20 nf=1 ad=5.8 as=5.8 pd=40.58 ps=40.58 nrd=0.0145 nrs=0.0145
| + sa=0 sb=0 sd=0 mult=1 m=1
| XM_CLN2 CL_CMP CL_SNS AMP_ENN 0 sky130_fd_pr__nfet_g5v0d10v5 L=1 W=1.6 nf=1 ad=0.464 as=0.464 pd=3.78 ps=3.78 nrd=0.18125
| + nrs=0.18125 sa=0 sb=0 sd=0 mult=1 m=1
| XM_CLP CL_CMP BIASP VIN VIN sky130_fd_pr__pfet_g5v0d10v5 L=1 W=10 nf=2 ad=1.45 as=2.9 pd=10.58 ps=21.16 nrd=0.029 nrs=0.029 sa=0
| + sb=0 sd=0 mult=1 m=1
| XM_CLIM EA_OUT CL_CMP VIN VIN sky130_fd_pr__pfet_g5v0d10v5 L=0.5 W=20 nf=4 ad=2.9 as=4.35 pd=21.16 ps=31.74 nrd=0.0145 nrs=0.0145
| + sa=0 sb=0 sd=0 mult=1 m=1
| XM_ENP3 CL_CMP EN VIN VIN sky130_fd_pr__pfet_g5v0d10v5 L=0.5 W=2 nf=1 ad=0.58 as=0.58 pd=4.58 ps=4.58 nrd=0.145 nrs=0.145 sa=0
| + sb=0 sd=0 mult=1 m=1
| C_CL VIN CL_CMP 1p m=1
| XM_INVP ENB EN VIN VIN sky130_fd_pr__pfet_g5v0d10v5 L=0.5 W=2 nf=1 ad=0.58 as=0.58 pd=4.58 ps=4.58 nrd=0.145 nrs=0.145 sa=0 sb=0
| + sd=0 mult=1 m=1
| XM_INVN ENB EN 0 0 sky130_fd_pr__nfet_g5v0d10v5 L=0.5 W=1 nf=1 ad=0.29 as=0.29 pd=2.58 ps=2.58 nrd=0.29 nrs=0.29 sa=0 sb=0 sd=0
| + mult=1 m=1
| XM_SSDIS SS ENB 0 0 sky130_fd_pr__nfet_g5v0d10v5 L=0.5 W=2 nf=1 ad=0.58 as=0.58 pd=4.58 ps=4.58 nrd=0.145 nrs=0.145 sa=0 sb=0 sd=0
| + mult=1 m=1
| XM_SSCHG SS BIASP VIN VIN sky130_fd_pr__pfet_g5v0d10v5 L=8 W=1 nf=1 ad=0.29 as=0.29 pd=2.58 ps=2.58 nrd=0.29 nrs=0.29 sa=0 sb=0
| + sd=0 mult=1 m=1
| C_SS SS 0 10p m=1
| XM_IN2S EA_D2 SS EA_TAIL VIN sky130_fd_pr__pfet_g5v0d10v5 L=2 W=10 nf=2 ad=1.45 as=2.9 pd=10.58 ps=21.16 nrd=0.029 nrs=0.029 sa=0
| + sb=0 sd=0 mult=1 m=1
| XM_TSPS TS_SNS BIASP VIN VIN sky130_fd_pr__pfet_g5v0d10v5 L=1 W=2.5 nf=1 ad=0.725 as=0.725 pd=5.58 ps=5.58 nrd=0.116 nrs=0.116
| + sa=0 sb=0 sd=0 mult=1 m=1
| XM_TSD1 TS_SNS TS_SNS TS_MID 0 sky130_fd_pr__nfet_g5v0d10v5 L=1 W=80 nf=16 ad=11.6 as=13.05 pd=84.64 ps=95.22 nrd=0.003625
| + nrs=0.003625 sa=0 sb=0 sd=0 mult=1 m=1
| XM_TSD2 TS_MID TS_MID AMP_ENN 0 sky130_fd_pr__nfet_g5v0d10v5 L=1 W=80 nf=16 ad=11.6 as=13.05 pd=84.64 ps=95.22 nrd=0.003625
| + nrs=0.003625 sa=0 sb=0 sd=0 mult=1 m=1
| XM_TSPR TS_REF BIASP VIN VIN sky130_fd_pr__pfet_g5v0d10v5 L=1 W=2.5 nf=1 ad=0.725 as=0.725 pd=5.58 ps=5.58 nrd=0.116 nrs=0.116
| + sa=0 sb=0 sd=0 mult=1 m=1
| XM_TSR1 TS_REF TS_REF AMP_ENN 0 sky130_fd_pr__nfet_g5v0d10v5 L=10 W=2 nf=1 ad=0.58 as=0.58 pd=4.58 ps=4.58 nrd=0.145 nrs=0.145
| + sa=0 sb=0 sd=0 mult=1 m=1
| XM_TCTAIL TC_TAIL NB AMP_ENN 0 sky130_fd_pr__nfet_g5v0d10v5 L=1 W=1 nf=1 ad=0.29 as=0.29 pd=2.58 ps=2.58 nrd=0.29 nrs=0.29 sa=0
| + sb=0 sd=0 mult=1 m=1
| XM_TCN1 TC_D1 TS_SNS TC_TAIL 0 sky130_fd_pr__nfet_g5v0d10v5 L=2 W=10 nf=2 ad=1.45 as=2.9 pd=10.58 ps=21.16 nrd=0.029 nrs=0.029
| + sa=0 sb=0 sd=0 mult=1 m=1
| XM_TCN2 TS_CMP TS_REF TC_TAIL 0 sky130_fd_pr__nfet_g5v0d10v5 L=2 W=10 nf=2 ad=1.45 as=2.9 pd=10.58 ps=21.16 nrd=0.029 nrs=0.029
| + sa=0 sb=0 sd=0 mult=1 m=1
| XM_TCP1 TC_D1 TC_D1 VIN VIN sky130_fd_pr__pfet_g5v0d10v5 L=2 W=10 nf=2 ad=1.45 as=2.9 pd=10.58 ps=21.16 nrd=0.029 nrs=0.029 sa=0
| + sb=0 sd=0 mult=1 m=1
| XM_TCP2 TS_CMP TC_D1 VIN VIN sky130_fd_pr__pfet_g5v0d10v5 L=2 W=10 nf=2 ad=1.45 as=2.9 pd=10.58 ps=21.16 nrd=0.029 nrs=0.029 sa=0
| + sb=0 sd=0 mult=1 m=1
| XM_TSHUT EA_OUT TS_CMP VIN VIN sky130_fd_pr__pfet_g5v0d10v5 L=0.5 W=20 nf=4 ad=2.9 as=4.35 pd=21.16 ps=31.74 nrd=0.0145 nrs=0.0145
| + sa=0 sb=0 sd=0 mult=1 m=1
| XM_TSHYSB TS_HYS BIASP VIN VIN sky130_fd_pr__pfet_g5v0d10v5 L=2 W=1.5 nf=1 ad=0.435 as=0.435 pd=3.58 ps=3.58 nrd=0.193333333333333
| + nrs=0.193333333333333 sa=0 sb=0 sd=0 mult=1 m=1
| XM_TSHYS TS_REF TS_CMP TS_HYS VIN sky130_fd_pr__pfet_g5v0d10v5 L=0.5 W=2 nf=1 ad=0.58 as=0.58 pd=4.58 ps=4.58 nrd=0.145 nrs=0.145
| + sa=0 sb=0 sd=0 mult=1 m=1
| XM_ENP4 TS_CMP EN VIN VIN sky130_fd_pr__pfet_g5v0d10v5 L=0.5 W=2 nf=1 ad=0.58 as=0.58 pd=4.58 ps=4.58 nrd=0.145 nrs=0.145 sa=0
| + sb=0 sd=0 mult=1 m=1
| C_TS VIN TS_CMP 1p m=1
| .ends
| 
| .control
| save all
| * --- leg 1: C_out 0.33uF, 0 mA (feedback divider is the only preload) ---
| tran 10u 4m
| meas tran vpk max v(vout) from=100u to=4m
| meas tran vfloor min v(vout) from=3.1m to=4m
| meas tran tset when v(vout)=1.764 rise=1
| * --- leg 2: C_out 0.33uF, 50 mA ---
| alter rload = 36
| tran 10u 4m
| meas tran vpk max v(vout) from=100u to=4m
| meas tran vfloor min v(vout) from=3.1m to=4m
| meas tran tset when v(vout)=1.764 rise=1
| * --- leg 3: C_out 4.7uF, 0 mA ---
| alter cout = 4.7u
| alter rload = 1e12
| tran 10u 4m
| meas tran vpk max v(vout) from=100u to=4m
| meas tran vfloor min v(vout) from=3.1m to=4m
| meas tran tset when v(vout)=1.764 rise=1
| * --- leg 4: C_out 4.7uF, 50 mA ---
| alter rload = 36
| tran 10u 4m
| meas tran vpk max v(vout) from=100u to=4m
| meas tran vfloor min v(vout) from=3.1m to=4m
| meas tran tset when v(vout)=1.764 rise=1
| let meas_vpk_c033_0ma_v = tran1.vpk
| let meas_vfloor_c033_0ma_v = tran1.vfloor
| let meas_tramp_c033_0ma_ms = 1000*(tran1.tset - 100u)
| let meas_vpk_c033_50ma_v = tran2.vpk
| let meas_vfloor_c033_50ma_v = tran2.vfloor
| let meas_tramp_c033_50ma_ms = 1000*(tran2.tset - 100u)
| let meas_vpk_c47_0ma_v = tran3.vpk
| let meas_vfloor_c47_0ma_v = tran3.vfloor
| let meas_tramp_c47_0ma_ms = 1000*(tran3.tset - 100u)
| let meas_vpk_c47_50ma_v = tran4.vpk
| let meas_vfloor_c47_50ma_v = tran4.vfloor
| let meas_tramp_c47_50ma_ms = 1000*(tran4.tset - 100u)
| print meas_vpk_c033_0ma_v
| print meas_vfloor_c033_0ma_v
| print meas_tramp_c033_0ma_ms
| print meas_vpk_c033_50ma_v
| print meas_vfloor_c033_50ma_v
| print meas_tramp_c033_50ma_ms
| print meas_vpk_c47_0ma_v
| print meas_vfloor_c47_0ma_v
| print meas_tramp_c47_0ma_ms
| print meas_vpk_c47_50ma_v
| print meas_vfloor_c47_50ma_v
| print meas_tramp_c47_50ma_ms
| quit
| .endc
| .end

# ==== ngspice stdout ====

Note: Compatibility modes selected: hs a


Circuit: * startup corner deck -- generated by sim/bin/corner-run.py, do not edit

option SCALE: Scale is set to 1e-06 for instance and model parameters
option SCALE: Scale is set to 1e-06 for instance and model parameters
option SCALE: Scale is set to 1e-06 for instance and model parameters
option SCALE: Scale is set to 1e-06 for instance and model parameters
Doing analysis at TEMP = -40.000000 and TNOM = 27.000000

Using KLU as Direct Linear Solver
 Reference value :  0.00000e+00
 Reference value :  8.00000e-07
 Reference value :  6.40000e-06
 Reference value :  3.28000e-05
 Reference value :  7.28000e-05
 Reference value :  1.00000e-04
 Reference value :  1.00300e-04
 Reference value :  1.00411e-04
 Reference value :  1.00492e-04
 Reference value :  1.00555e-04
 Reference value :  1.00614e-04
 Reference value :  1.00769e-04
 Reference value :  1.00830e-04
 Reference value :  1.00869e-04
 Reference value :  1.00948e-04
 Reference value :  1.01000e-04
 Reference value :  1.01011e-04
 Reference value :  1.01041e-04
 Reference value :  1.01119e-04
 Reference value :  1.01376e-04
 Reference value :  1.02956e-04
 Reference value :  1.13162e-04
 Reference value :  1.24491e-04
 Reference value :  1.30069e-04
 Reference value :  1.44277e-04
 Reference value :  1.72877e-04
 Reference value :  2.02877e-04
 Reference value :  2.22877e-04
 Reference value :  2.52877e-04
 Reference value :  2.72877e-04
 Reference value :  3.02877e-04
 Reference value :  3.22877e-04
 Reference value :  3.42877e-04
 Reference value :  3.62877e-04
 Reference value :  3.92877e-04
 Reference value :  4.12877e-04
 Reference value :  4.32877e-04
 Reference value :  4.52877e-04
 Reference value :  4.72877e-04
 Reference value :  4.92877e-04
 Reference value :  5.12877e-04
 Reference value :  5.32877e-04
 Reference value :  5.52877e-04
 Reference value :  5.82877e-04
 Reference value :  6.12877e-04
 Reference value :  6.32877e-04
 Reference value :  6.52877e-04
 Reference value :  6.72877e-04
 Reference value :  7.02877e-04
 Reference value :  7.32877e-04
 Reference value :  7.62877e-04
 Reference value :  7.92877e-04
 Reference value :  8.42877e-04
 Reference value :  8.92877e-04
 Reference value :  9.32877e-04
 Reference value :  9.62877e-04
 Reference value :  1.00288e-03
 Reference value :  1.04288e-03
 Reference value :  1.08288e-03
 Reference value :  1.11288e-03
 Reference value :  1.15288e-03
 Reference value :  1.19288e-03
 Reference value :  1.22288e-03
 Reference value :  1.26288e-03
 Reference value :  1.30288e-03
 Reference value :  1.34288e-03
 Reference value :  1.38288e-03
 Reference value :  1.42288e-03
 Reference value :  1.46288e-03
 Reference value :  1.50288e-03
 Reference value :  1.54288e-03
 Reference value :  1.57288e-03
 Reference value :  1.61288e-03
 Reference value :  1.65288e-03
 Reference value :  1.69288e-03
 Reference value :  1.72288e-03
 Reference value :  1.76288e-03
 Reference value :  1.80288e-03
 Reference value :  1.83288e-03
 Reference value :  1.87288e-03
 Reference value :  1.91288e-03
 Reference value :  1.95288e-03
 Reference value :  1.99288e-03
 Reference value :  2.02288e-03
 Reference value :  2.05288e-03
 Reference value :  2.09288e-03
 Reference value :  2.13288e-03
 Reference value :  2.17288e-03
 Reference value :  2.21288e-03
 Reference value :  2.25288e-03
 Reference value :  2.29288e-03
 Reference value :  2.33288e-03
 Reference value :  2.36288e-03
 Reference value :  2.40288e-03
 Reference value :  2.44288e-03
 Reference value :  2.48288e-03
 Reference value :  2.52288e-03
 Reference value :  2.56288e-03
 Reference value :  2.60288e-03
 Reference value :  2.64288e-03
 Reference value :  2.68288e-03
 Reference value :  2.72288e-03
 Reference value :  2.76288e-03
 Reference value :  2.80288e-03
 Reference value :  2.84288e-03
 Reference value :  2.88288e-03
 Reference value :  2.92288e-03
 Reference value :  2.96288e-03
 Reference value :  3.00288e-03
 Reference value :  3.04288e-03
 Reference value :  3.08288e-03
 Reference value :  3.12288e-03
 Reference value :  3.15288e-03
 Reference value :  3.19288e-03
 Reference value :  3.22288e-03
 Reference value :  3.25288e-03
 Reference value :  3.29288e-03
 Reference value :  3.33288e-03
 Reference value :  3.36288e-03
 Reference value :  3.40288e-03
 Reference value :  3.44288e-03
 Reference value :  3.48288e-03
 Reference value :  3.52288e-03
 Reference value :  3.56288e-03
 Reference value :  3.60288e-03
 Reference value :  3.63288e-03
 Reference value :  3.67288e-03
 Reference value :  3.71288e-03
 Reference value :  3.74288e-03
 Reference value :  3.77288e-03
 Reference value :  3.80288e-03
 Reference value :  3.83288e-03
 Reference value :  3.87288e-03
 Reference value :  3.92288e-03
 Reference value :  3.96288e-03
 Reference value :  4.00000e-03
No. of Data Rows : 437
vpk                 =  1.80884e+00 at=  7.02877e-04
vfloor              =  1.80335e+00 at=  4.00000e-03
tset                =  3.85477e-04
Doing analysis at TEMP = -40.000000 and TNOM = 27.000000

Using KLU as Direct Linear Solver
 Reference value :  0.00000e+00
 Reference value :  8.00000e-07
 Reference value :  1.28000e-05
 Reference value :  5.28000e-05
 Reference value :  8.28000e-05
 Reference value :  1.00100e-04
 Reference value :  1.00300e-04
 Reference value :  1.00411e-04
 Reference value :  1.00492e-04
 Reference value :  1.00555e-04
 Reference value :  1.00684e-04
 Reference value :  1.00769e-04
 Reference value :  1.00830e-04
 Reference value :  1.00869e-04
 Reference value :  1.00948e-04
 Reference value :  1.01000e-04
 Reference value :  1.01011e-04
 Reference value :  1.01041e-04
 Reference value :  1.01119e-04
 Reference value :  1.01668e-04
 Reference value :  1.02956e-04
 Reference value :  1.13134e-04
 Reference value :  1.24047e-04
 Reference value :  1.35175e-04
 Reference value :  1.53967e-04
 Reference value :  1.83967e-04
 Reference value :  2.13967e-04
 Reference value :  2.53967e-04
 Reference value :  2.93967e-04
 Reference value :  3.33967e-04
 Reference value :  3.63967e-04
 Reference value :  3.93967e-04
 Reference value :  4.23967e-04
 Reference value :  4.53967e-04
 Reference value :  4.93967e-04
 Reference value :  5.33967e-04
 Reference value :  5.73967e-04
 Reference value :  6.13967e-04
 Reference value :  6.43967e-04
 Reference value :  6.93967e-04
 Reference value :  7.33967e-04
 Reference value :  7.63967e-04
 Reference value :  8.03967e-04
 Reference value :  8.43967e-04
 Reference value :  8.73967e-04
 Reference value :  9.13967e-04
 Reference value :  9.53967e-04
 Reference value :  9.93967e-04
 Reference value :  1.03397e-03
 Reference value :  1.07397e-03
 Reference value :  1.11397e-03
 Reference value :  1.15397e-03
 Reference value :  1.19397e-03
 Reference value :  1.23397e-03
 Reference value :  1.26397e-03
 Reference value :  1.30397e-03
 Reference value :  1.34397e-03
 Reference value :  1.38397e-03
 Reference value :  1.41397e-03
 Reference value :  1.44397e-03
 Reference value :  1.48397e-03
 Reference value :  1.52397e-03
 Reference value :  1.56397e-03
 Reference value :  1.60397e-03
 Reference value :  1.64397e-03
 Reference value :  1.68397e-03
 Reference value :  1.72397e-03
 Reference value :  1.76397e-03
 Reference value :  1.81397e-03
 Reference value :  1.86397e-03
 Reference value :  1.89397e-03
 Reference value :  1.92397e-03
 Reference value :  1.96397e-03
 Reference value :  1.99397e-03
 Reference value :  2.02397e-03
 Reference value :  2.06397e-03
 Reference value :  2.10397e-03
 Reference value :  2.14397e-03
 Reference value :  2.18397e-03
 Reference value :  2.22397e-03
 Reference value :  2.26397e-03
 Reference value :  2.29397e-03
 Reference value :  2.32397e-03
 Reference value :  2.36397e-03
 Reference value :  2.40397e-03
 Reference value :  2.44397e-03
 Reference value :  2.48397e-03
 Reference value :  2.52397e-03
 Reference value :  2.55397e-03
 Reference value :  2.59397e-03
 Reference value :  2.64397e-03
 Reference value :  2.67397e-03
 Reference value :  2.70397e-03
 Reference value :  2.73397e-03
 Reference value :  2.76397e-03
 Reference value :  2.79397e-03
 Reference value :  2.82397e-03
 Reference value :  2.86397e-03
 Reference value :  2.90397e-03
 Reference value :  2.93397e-03
 Reference value :  2.97397e-03
 Reference value :  3.00397e-03
 Reference value :  3.04397e-03
 Reference value :  3.08397e-03
 Reference value :  3.12397e-03
 Reference value :  3.15397e-03
 Reference value :  3.19397e-03
 Reference value :  3.22397e-03
 Reference value :  3.26397e-03
 Reference value :  3.29397e-03
 Reference value :  3.33397e-03
 Reference value :  3.37397e-03
 Reference value :  3.40397e-03
 Reference value :  3.44397e-03
 Reference value :  3.48397e-03
 Reference value :  3.52397e-03
 Reference value :  3.56397e-03
 Reference value :  3.59397e-03
 Reference value :  3.62397e-03
 Reference value :  3.65397e-03
 Reference value :  3.69397e-03
 Reference value :  3.73397e-03
 Reference value :  3.77397e-03
 Reference value :  3.80397e-03
 Reference value :  3.83397e-03
 Reference value :  3.87397e-03
 Reference value :  3.92397e-03
 Reference value :  3.95397e-03
 Reference value :  3.99198e-03
No. of Data Rows : 437
vpk                 =  1.79857e+00 at=  1.00397e-03
vfloor              =  1.79850e+00 at=  3.99198e-03
tset                =  4.10934e-04
Doing analysis at TEMP = -40.000000 and TNOM = 27.000000

Using KLU as Direct Linear Solver
 Reference value :  0.00000e+00
 Reference value :  8.00000e-07
 Reference value :  6.40000e-06
 Reference value :  4.28000e-05
 Reference value :  8.28000e-05
 Reference value :  1.00100e-04
 Reference value :  1.00300e-04
 Reference value :  1.00411e-04
 Reference value :  1.00492e-04
 Reference value :  1.00555e-04
 Reference value :  1.00684e-04
 Reference value :  1.00769e-04
 Reference value :  1.00830e-04
 Reference value :  1.00869e-04
 Reference value :  1.00948e-04
 Reference value :  1.01000e-04
 Reference value :  1.01026e-04
 Reference value :  1.01119e-04
 Reference value :  1.01376e-04
 Reference value :  1.02956e-04
 Reference value :  1.13161e-04
 Reference value :  1.24495e-04
 Reference value :  1.36997e-04
 Reference value :  1.54806e-04
 Reference value :  1.74806e-04
 Reference value :  2.04806e-04
 Reference value :  2.34806e-04
 Reference value :  2.64806e-04
 Reference value :  2.84806e-04
 Reference value :  3.14806e-04
 Reference value :  3.44806e-04
 Reference value :  3.74806e-04
 Reference value :  4.04806e-04
 Reference value :  4.34806e-04
 Reference value :  4.54806e-04
 Reference value :  4.84806e-04
 Reference value :  5.14806e-04
 Reference value :  5.44806e-04
 Reference value :  5.64806e-04
 Reference value :  5.84806e-04
 Reference value :  6.04806e-04
 Reference value :  6.24806e-04
 Reference value :  6.44806e-04
 Reference value :  6.74806e-04
 Reference value :  7.04806e-04
 Reference value :  7.34806e-04
 Reference value :  7.74806e-04
 Reference value :  8.04806e-04
 Reference value :  8.44806e-04
 Reference value :  8.84806e-04
 Reference value :  9.24806e-04
 Reference value :  9.74806e-04
 Reference value :  1.02481e-03
 Reference value :  1.07481e-03
 Reference value :  1.11481e-03
 Reference value :  1.16481e-03
 Reference value :  1.21481e-03
 Reference value :  1.25481e-03
 Reference value :  1.28481e-03
 Reference value :  1.32481e-03
 Reference value :  1.36481e-03
 Reference value :  1.39481e-03
 Reference value :  1.43481e-03
 Reference value :  1.46481e-03
 Reference value :  1.50481e-03
 Reference value :  1.54481e-03
 Reference value :  1.58481e-03
 Reference value :  1.61481e-03
 Reference value :  1.64481e-03
 Reference value :  1.68481e-03
 Reference value :  1.71481e-03
 Reference value :  1.74481e-03
 Reference value :  1.78481e-03
 Reference value :  1.82481e-03
 Reference value :  1.86481e-03
 Reference value :  1.89481e-03
 Reference value :  1.93481e-03
 Reference value :  1.96481e-03
 Reference value :  2.00481e-03
 Reference value :  2.03481e-03
 Reference value :  2.07481e-03
 Reference value :  2.10481e-03
 Reference value :  2.14481e-03
 Reference value :  2.18481e-03
 Reference value :  2.22481e-03
 Reference value :  2.26481e-03
 Reference value :  2.30481e-03
 Reference value :  2.34481e-03
 Reference value :  2.38481e-03
 Reference value :  2.41481e-03
 Reference value :  2.44481e-03
 Reference value :  2.48481e-03
 Reference value :  2.52481e-03
 Reference value :  2.56481e-03
 Reference value :  2.59481e-03
 Reference value :  2.62481e-03
 Reference value :  2.65481e-03
 Reference value :  2.68481e-03
 Reference value :  2.72481e-03
 Reference value :  2.76481e-03
 Reference value :  2.80481e-03
 Reference value :  2.83481e-03
 Reference value :  2.86481e-03
 Reference value :  2.89481e-03
 Reference value :  2.92481e-03
 Reference value :  2.96481e-03
 Reference value :  2.99481e-03
 Reference value :  3.02481e-03
 Reference value :  3.06481e-03
 Reference value :  3.10481e-03
 Reference value :  3.14481e-03
 Reference value :  3.18481e-03
 Reference value :  3.22481e-03
 Reference value :  3.26481e-03
 Reference value :  3.30481e-03
 Reference value :  3.33481e-03
 Reference value :  3.37481e-03
 Reference value :  3.41481e-03
 Reference value :  3.45481e-03
 Reference value :  3.48481e-03
 Reference value :  3.51481e-03
 Reference value :  3.55481e-03
 Reference value :  3.58481e-03
 Reference value :  3.61481e-03
 Reference value :  3.65481e-03
 Reference value :  3.69481e-03
 Reference value :  3.73481e-03
 Reference value :  3.77481e-03
 Reference value :  3.81481e-03
 Reference value :  3.85481e-03
 Reference value :  3.89481e-03
 Reference value :  3.93481e-03
 Reference value :  3.97481e-03
No. of Data Rows : 437
vpk                 =  1.81753e+00 at=  6.34806e-04
vfloor              =  1.81714e+00 at=  4.00000e-03
tset                =  3.75629e-04
Doing analysis at TEMP = -40.000000 and TNOM = 27.000000

Using KLU as Direct Linear Solver
 Reference value :  0.00000e+00
 Reference value :  8.00000e-07
 Reference value :  1.28000e-05
 Reference value :  5.28000e-05
 Reference value :  9.14000e-05
 Reference value :  1.00300e-04
 Reference value :  1.00411e-04
 Reference value :  1.00492e-04
 Reference value :  1.00555e-04
 Reference value :  1.00684e-04
 Reference value :  1.00763e-04
 Reference value :  1.00822e-04
 Reference value :  1.00861e-04
 Reference value :  1.00938e-04
 Reference value :  1.01000e-04
 Reference value :  1.01025e-04
 Reference value :  1.01118e-04
 Reference value :  1.01665e-04
 Reference value :  1.02939e-04
 Reference value :  1.12952e-04
 Reference value :  1.24460e-04
 Reference value :  1.30092e-04
 Reference value :  1.43225e-04
 Reference value :  1.63225e-04
 Reference value :  1.93225e-04
 Reference value :  2.23225e-04
 Reference value :  2.53225e-04
 Reference value :  2.83225e-04
 Reference value :  3.13225e-04
 Reference value :  3.43225e-04
 Reference value :  3.73225e-04
 Reference value :  4.03225e-04
 Reference value :  4.23225e-04
 Reference value :  4.43225e-04
 Reference value :  4.63225e-04
 Reference value :  4.83225e-04
 Reference value :  5.13225e-04
 Reference value :  5.43225e-04
 Reference value :  5.73225e-04
 Reference value :  6.03225e-04
 Reference value :  6.33225e-04
 Reference value :  6.63225e-04
 Reference value :  6.83225e-04
 Reference value :  7.03225e-04
 Reference value :  7.43225e-04
 Reference value :  7.73225e-04
 Reference value :  8.03225e-04
 Reference value :  8.33225e-04
 Reference value :  8.53225e-04
 Reference value :  8.73225e-04
 Reference value :  9.03225e-04
 Reference value :  9.33225e-04
 Reference value :  9.63225e-04
 Reference value :  9.83225e-04
 Reference value :  1.00322e-03
 Reference value :  1.03322e-03
 Reference value :  1.05322e-03
 Reference value :  1.07322e-03
 Reference value :  1.09322e-03
 Reference value :  1.12322e-03
 Reference value :  1.14322e-03
 Reference value :  1.17322e-03
 Reference value :  1.19322e-03
 Reference value :  1.22322e-03
 Reference value :  1.24322e-03
 Reference value :  1.26322e-03
 Reference value :  1.29322e-03
 Reference value :  1.32322e-03
 Reference value :  1.35322e-03
 Reference value :  1.38322e-03
 Reference value :  1.40322e-03
 Reference value :  1.43322e-03
 Reference value :  1.46322e-03
 Reference value :  1.48322e-03
 Reference value :  1.51322e-03
 Reference value :  1.53322e-03
 Reference value :  1.56322e-03
 Reference value :  1.59322e-03
 Reference value :  1.62322e-03
 Reference value :  1.65322e-03
 Reference value :  1.68322e-03
 Reference value :  1.71322e-03
 Reference value :  1.73322e-03
 Reference value :  1.76322e-03
 Reference value :  1.79322e-03
 Reference value :  1.82322e-03
 Reference value :  1.85322e-03
 Reference value :  1.88322e-03
 Reference value :  1.91322e-03
 Reference value :  1.93322e-03
 Reference value :  1.95322e-03
 Reference value :  1.97322e-03
 Reference value :  2.00322e-03
 Reference value :  2.02322e-03
 Reference value :  2.04322e-03
 Reference value :  2.06322e-03
 Reference value :  2.09322e-03
 Reference value :  2.12322e-03
 Reference value :  2.15322e-03
 Reference value :  2.18322e-03
 Reference value :  2.21322e-03
 Reference value :  2.23322e-03
 Reference value :  2.25322e-03
 Reference value :  2.27322e-03
 Reference value :  2.29322e-03
 Reference value :  2.32322e-03
 Reference value :  2.35322e-03
 Reference value :  2.38322e-03
 Reference value :  2.41322e-03
 Reference value :  2.44322e-03
 Reference value :  2.46322e-03
 Reference value :  2.49322e-03
 Reference value :  2.52322e-03
 Reference value :  2.55322e-03
 Reference value :  2.58322e-03
 Reference value :  2.61322e-03
 Reference value :  2.63322e-03
 Reference value :  2.65322e-03
 Reference value :  2.67322e-03
 Reference value :  2.70322e-03
 Reference value :  2.73322e-03
 Reference value :  2.76322e-03
 Reference value :  2.79322e-03
 Reference value :  2.82322e-03
 Reference value :  2.85322e-03
 Reference value :  2.88322e-03
 Reference value :  2.90322e-03
 Reference value :  2.93322e-03
 Reference value :  2.96322e-03
 Reference value :  2.99322e-03
 Reference value :  3.02322e-03
 Reference value :  3.04322e-03
 Reference value :  3.06322e-03
 Reference value :  3.08322e-03
 Reference value :  3.11322e-03
 Reference value :  3.14322e-03
 Reference value :  3.17322e-03
 Reference value :  3.20322e-03
 Reference value :  3.22322e-03
 Reference value :  3.25322e-03
 Reference value :  3.29322e-03
 Reference value :  3.33322e-03
 Reference value :  3.37322e-03
 Reference value :  3.40322e-03
 Reference value :  3.42322e-03
 Reference value :  3.45322e-03
 Reference value :  3.48322e-03
 Reference value :  3.50322e-03
 Reference value :  3.53322e-03
 Reference value :  3.56322e-03
 Reference value :  3.58322e-03
 Reference value :  3.61322e-03
 Reference value :  3.65322e-03
 Reference value :  3.69322e-03
 Reference value :  3.73322e-03
 Reference value :  3.76322e-03
 Reference value :  3.80322e-03
 Reference value :  3.84322e-03
 Reference value :  3.88322e-03
 Reference value :  3.93322e-03
 Reference value :  3.98322e-03
No. of Data Rows : 437
vpk                 =  1.79852e+00 at=  3.78322e-03
vfloor              =  1.79837e+00 at=  3.10322e-03
tset                =  3.89620e-04
meas_vpk_c033_0ma_v = 1.808840e+00
meas_vfloor_c033_0ma_v = 1.803346e+00
meas_tramp_c033_0ma_ms = 2.854767e-01
meas_vpk_c033_50ma_v = 1.798573e+00
meas_vfloor_c033_50ma_v = 1.798504e+00
meas_tramp_c033_50ma_ms = 3.109342e-01
meas_vpk_c47_0ma_v = 1.817531e+00
meas_vfloor_c47_0ma_v = 1.817136e+00
meas_tramp_c47_0ma_ms = 2.756288e-01
meas_vpk_c47_50ma_v = 1.798516e+00
meas_vfloor_c47_50ma_v = 1.798374e+00
meas_tramp_c47_50ma_ms = 2.896201e-01
ngspice-46 done

# ==== ngspice stderr ====
Note: Starting dynamic gmin stepping
Note: Dynamic gmin stepping completed
Note: Starting dynamic gmin stepping
Note: Dynamic gmin stepping completed
Note: Starting dynamic gmin stepping
Note: Dynamic gmin stepping completed
Note: Starting dynamic gmin stepping
Note: Dynamic gmin stepping completed
