# corner: ff_-40c_2.97v
# process=ff temp=-40C supply=2.97V
# ngspice exit: 0
# wall clock: 108.5s (--timeout was 300s)
# result: PASS

# ==== deck (exact input given to ngspice) ====
| * startup corner deck -- generated by sim/bin/corner-run.py, do not edit
| * corner: ff_-40c_2.97v
| .param vsup=2.97
| .option wnflag=1
| .temp -40
| .lib "/home/ubuntu/.volare/sky130A/libs.tech/combined/sky130.lib.spice" ff
| ** sch_path: sim/startup/testbench/tb_startup.sch
| **.subckt tb_startup
| VVIN VIN 0 'vsup'
| .save i(vvin)
| VEN EN 0 PULSE(0 'vsup' 100u 1u 1u 100 200)
| .save i(ven)
| VVREF VREF 0 1.2
| .save i(vvref)
| xldo VOUT VREF EN VIN ldo_3v3in_1v8out
| COUT VOUT VESR 0.33u m=1
| RESR VESR 0 10m m=1
| RLOAD VOUT 0 1e12 m=1
| **.ends
| 
| * expanding   symbol:  design/ldo_3v3in_1v8out.sym # of pins=4
| ** sym_path: design/ldo_3v3in_1v8out.sym
| ** sch_path: design/ldo_3v3in_1v8out.sch
| .subckt ldo_3v3in_1v8out VOUT VREF EN VIN
| *.ipin VIN
| *.ipin EN
| *.ipin VREF
| *.opin VOUT
| XR_BIAS VIN NB 0 sky130_fd_pr__res_high_po W=0.42 L=1500 mult=1 m=1
| XM_BIASN1 NB NB BIAS_ENN 0 sky130_fd_pr__nfet_g5v0d10v5 L=1 W=4 nf=1 ad=1.16 as=1.16 pd=8.58 ps=8.58 nrd=0.0725 nrs=0.0725 sa=0
| + sb=0 sd=0 mult=1 m=1
| XM_ENN BIAS_ENN EN 0 0 sky130_fd_pr__nfet_g5v0d10v5 L=0.5 W=10 nf=1 ad=2.9 as=2.9 pd=20.58 ps=20.58 nrd=0.029 nrs=0.029 sa=0 sb=0
| + sd=0 mult=1 m=1
| XM_BIASN2 BIASP NB BIAS_ENN 0 sky130_fd_pr__nfet_g5v0d10v5 L=1 W=4 nf=1 ad=1.16 as=1.16 pd=8.58 ps=8.58 nrd=0.0725 nrs=0.0725 sa=0
| + sb=0 sd=0 mult=1 m=1
| XM_BIASP1 BIASP BIASP VIN VIN sky130_fd_pr__pfet_g5v0d10v5 L=1 W=10 nf=2 ad=1.45 as=2.9 pd=10.58 ps=21.16 nrd=0.029 nrs=0.029 sa=0
| + sb=0 sd=0 mult=1 m=1
| XM_ENP2 BIASP EN VIN VIN sky130_fd_pr__pfet_g5v0d10v5 L=0.5 W=10 nf=1 ad=2.9 as=2.9 pd=20.58 ps=20.58 nrd=0.029 nrs=0.029 sa=0
| + sb=0 sd=0 mult=1 m=1
| XM_TAIL EA_TAIL BIASP VIN VIN sky130_fd_pr__pfet_g5v0d10v5 L=2 W=40 nf=8 ad=5.8 as=7.25 pd=42.32 ps=52.9 nrd=0.00725 nrs=0.00725
| + sa=0 sb=0 sd=0 mult=1 m=1
| XM_IN1 EA_D1 FB EA_TAIL VIN sky130_fd_pr__pfet_g5v0d10v5 L=2 W=10 nf=2 ad=1.45 as=2.9 pd=10.58 ps=21.16 nrd=0.029 nrs=0.029 sa=0
| + sb=0 sd=0 mult=1 m=1
| XM_IN2 EA_D2 VREF EA_TAIL VIN sky130_fd_pr__pfet_g5v0d10v5 L=2 W=10 nf=2 ad=1.45 as=2.9 pd=10.58 ps=21.16 nrd=0.029 nrs=0.029 sa=0
| + sb=0 sd=0 mult=1 m=1
| XM_MIR1 EA_D1 EA_D1 AMP_ENN 0 sky130_fd_pr__nfet_g5v0d10v5 L=4 W=10 nf=2 ad=1.45 as=2.9 pd=10.58 ps=21.16 nrd=0.029 nrs=0.029 sa=0
| + sb=0 sd=0 mult=1 m=1
| XM_MIR2 EA_OUT EA_D1 AMP_ENN 0 sky130_fd_pr__nfet_g5v0d10v5 L=4 W=10 nf=2 ad=1.45 as=2.9 pd=10.58 ps=21.16 nrd=0.029 nrs=0.029
| + sa=0 sb=0 sd=0 mult=1 m=1
| XM_ENN2 AMP_ENN EN 0 0 sky130_fd_pr__nfet_g5v0d10v5 L=0.5 W=10 nf=1 ad=2.9 as=2.9 pd=20.58 ps=20.58 nrd=0.029 nrs=0.029 sa=0 sb=0
| + sd=0 mult=1 m=1
| XM_ENP EA_OUT EN VIN VIN sky130_fd_pr__pfet_g5v0d10v5 L=0.5 W=10 nf=1 ad=2.9 as=2.9 pd=20.58 ps=20.58 nrd=0.029 nrs=0.029 sa=0
| + sb=0 sd=0 mult=1 m=1
| XM_MIR3 EA_D2 EA_D2 AMP_ENN 0 sky130_fd_pr__nfet_g5v0d10v5 L=4 W=10 nf=2 ad=1.45 as=2.9 pd=10.58 ps=21.16 nrd=0.029 nrs=0.029 sa=0
| + sb=0 sd=0 mult=1 m=1
| XM_MIR4 PB EA_D2 AMP_ENN 0 sky130_fd_pr__nfet_g5v0d10v5 L=4 W=10 nf=2 ad=1.45 as=2.9 pd=10.58 ps=21.16 nrd=0.029 nrs=0.029 sa=0
| + sb=0 sd=0 mult=1 m=1
| XM_MIRP1 PB PB VIN VIN sky130_fd_pr__pfet_g5v0d10v5 L=4 W=20 nf=4 ad=2.9 as=4.35 pd=21.16 ps=31.74 nrd=0.0145 nrs=0.0145 sa=0 sb=0
| + sd=0 mult=1 m=1
| XM_MIRP2 EA_OUT PB VIN VIN sky130_fd_pr__pfet_g5v0d10v5 L=4 W=20 nf=4 ad=2.9 as=4.35 pd=21.16 ps=31.74 nrd=0.0145 nrs=0.0145 sa=0
| + sb=0 sd=0 mult=1 m=1
| XM_ENP5 PB EN VIN VIN sky130_fd_pr__pfet_g5v0d10v5 L=0.5 W=2 nf=1 ad=0.58 as=0.58 pd=4.58 ps=4.58 nrd=0.145 nrs=0.145 sa=0 sb=0
| + sd=0 mult=1 m=1
| XM_PASS VOUT EA_OUT VIN VIN sky130_fd_pr__pfet_g5v0d10v5 L=0.5 W=100 nf=25 ad=15.08 as=15.08 pd=111.54 ps=111.54 nrd=0.0029
| + nrs=0.0029 sa=0 sb=0 sd=0 mult=25 m=25
| C_COMP VOUT EA_CZ 150p m=1
| XR_CZ EA_CZ EA_OUT 0 sky130_fd_pr__res_xhigh_po W=0.42 L=52 mult=1 m=1
| XR_FB_A VOUT FB 0 sky130_fd_pr__res_xhigh_po W=0.42 L=180 mult=1 m=1
| XR_FB_B FB N_FBB 0 sky130_fd_pr__res_xhigh_po W=0.42 L=180 mult=1 m=1
| XR_FB_C N_FBB 0 0 sky130_fd_pr__res_xhigh_po W=0.42 L=180 mult=1 m=1
| XM_SENSE CL_SNS EA_OUT VIN VIN sky130_fd_pr__pfet_g5v0d10v5 L=0.5 W=0.42 nf=1 ad=0.1218 as=0.1218 pd=1.42 ps=1.42
| + nrd=0.69047619047619 nrs=0.69047619047619 sa=0 sb=0 sd=0 mult=1 m=1
| XM_CLN1 CL_SNS CL_SNS AMP_ENN 0 sky130_fd_pr__nfet_g5v0d10v5 L=1 W=20 nf=1 ad=5.8 as=5.8 pd=40.58 ps=40.58 nrd=0.0145 nrs=0.0145
| + sa=0 sb=0 sd=0 mult=1 m=1
| XM_CLN2 CL_CMP CL_SNS AMP_ENN 0 sky130_fd_pr__nfet_g5v0d10v5 L=1 W=1.6 nf=1 ad=0.464 as=0.464 pd=3.78 ps=3.78 nrd=0.18125
| + nrs=0.18125 sa=0 sb=0 sd=0 mult=1 m=1
| XM_CLP CL_CMP BIASP VIN VIN sky130_fd_pr__pfet_g5v0d10v5 L=1 W=10 nf=2 ad=1.45 as=2.9 pd=10.58 ps=21.16 nrd=0.029 nrs=0.029 sa=0
| + sb=0 sd=0 mult=1 m=1
| XM_CLIM EA_OUT CL_CMP VIN VIN sky130_fd_pr__pfet_g5v0d10v5 L=0.5 W=20 nf=4 ad=2.9 as=4.35 pd=21.16 ps=31.74 nrd=0.0145 nrs=0.0145
| + sa=0 sb=0 sd=0 mult=1 m=1
| XM_ENP3 CL_CMP EN VIN VIN sky130_fd_pr__pfet_g5v0d10v5 L=0.5 W=2 nf=1 ad=0.58 as=0.58 pd=4.58 ps=4.58 nrd=0.145 nrs=0.145 sa=0
| + sb=0 sd=0 mult=1 m=1
| C_CL VIN CL_CMP 1p m=1
| XM_INVP ENB EN VIN VIN sky130_fd_pr__pfet_g5v0d10v5 L=0.5 W=2 nf=1 ad=0.58 as=0.58 pd=4.58 ps=4.58 nrd=0.145 nrs=0.145 sa=0 sb=0
| + sd=0 mult=1 m=1
| XM_INVN ENB EN 0 0 sky130_fd_pr__nfet_g5v0d10v5 L=0.5 W=1 nf=1 ad=0.29 as=0.29 pd=2.58 ps=2.58 nrd=0.29 nrs=0.29 sa=0 sb=0 sd=0
| + mult=1 m=1
| XM_SSDIS SS ENB 0 0 sky130_fd_pr__nfet_g5v0d10v5 L=0.5 W=2 nf=1 ad=0.58 as=0.58 pd=4.58 ps=4.58 nrd=0.145 nrs=0.145 sa=0 sb=0 sd=0
| + mult=1 m=1
| XM_SSCHG SS BIASP VIN VIN sky130_fd_pr__pfet_g5v0d10v5 L=8 W=1 nf=1 ad=0.29 as=0.29 pd=2.58 ps=2.58 nrd=0.29 nrs=0.29 sa=0 sb=0
| + sd=0 mult=1 m=1
| C_SS SS 0 10p m=1
| XM_IN2S EA_D2 SS EA_TAIL VIN sky130_fd_pr__pfet_g5v0d10v5 L=2 W=10 nf=2 ad=1.45 as=2.9 pd=10.58 ps=21.16 nrd=0.029 nrs=0.029 sa=0
| + sb=0 sd=0 mult=1 m=1
| XM_TSPS TS_SNS BIASP VIN VIN sky130_fd_pr__pfet_g5v0d10v5 L=1 W=2.5 nf=1 ad=0.725 as=0.725 pd=5.58 ps=5.58 nrd=0.116 nrs=0.116
| + sa=0 sb=0 sd=0 mult=1 m=1
| XM_TSD1 TS_SNS TS_SNS TS_MID 0 sky130_fd_pr__nfet_g5v0d10v5 L=1 W=80 nf=16 ad=11.6 as=13.05 pd=84.64 ps=95.22 nrd=0.003625
| + nrs=0.003625 sa=0 sb=0 sd=0 mult=1 m=1
| XM_TSD2 TS_MID TS_MID AMP_ENN 0 sky130_fd_pr__nfet_g5v0d10v5 L=1 W=80 nf=16 ad=11.6 as=13.05 pd=84.64 ps=95.22 nrd=0.003625
| + nrs=0.003625 sa=0 sb=0 sd=0 mult=1 m=1
| XM_TSPR TS_REF BIASP VIN VIN sky130_fd_pr__pfet_g5v0d10v5 L=1 W=2.5 nf=1 ad=0.725 as=0.725 pd=5.58 ps=5.58 nrd=0.116 nrs=0.116
| + sa=0 sb=0 sd=0 mult=1 m=1
| XM_TSR1 TS_REF TS_REF AMP_ENN 0 sky130_fd_pr__nfet_g5v0d10v5 L=10 W=2 nf=1 ad=0.58 as=0.58 pd=4.58 ps=4.58 nrd=0.145 nrs=0.145
| + sa=0 sb=0 sd=0 mult=1 m=1
| XM_TCTAIL TC_TAIL NB AMP_ENN 0 sky130_fd_pr__nfet_g5v0d10v5 L=1 W=1 nf=1 ad=0.29 as=0.29 pd=2.58 ps=2.58 nrd=0.29 nrs=0.29 sa=0
| + sb=0 sd=0 mult=1 m=1
| XM_TCN1 TC_D1 TS_SNS TC_TAIL 0 sky130_fd_pr__nfet_g5v0d10v5 L=2 W=10 nf=2 ad=1.45 as=2.9 pd=10.58 ps=21.16 nrd=0.029 nrs=0.029
| + sa=0 sb=0 sd=0 mult=1 m=1
| XM_TCN2 TS_CMP TS_REF TC_TAIL 0 sky130_fd_pr__nfet_g5v0d10v5 L=2 W=10 nf=2 ad=1.45 as=2.9 pd=10.58 ps=21.16 nrd=0.029 nrs=0.029
| + sa=0 sb=0 sd=0 mult=1 m=1
| XM_TCP1 TC_D1 TC_D1 VIN VIN sky130_fd_pr__pfet_g5v0d10v5 L=2 W=10 nf=2 ad=1.45 as=2.9 pd=10.58 ps=21.16 nrd=0.029 nrs=0.029 sa=0
| + sb=0 sd=0 mult=1 m=1
| XM_TCP2 TS_CMP TC_D1 VIN VIN sky130_fd_pr__pfet_g5v0d10v5 L=2 W=10 nf=2 ad=1.45 as=2.9 pd=10.58 ps=21.16 nrd=0.029 nrs=0.029 sa=0
| + sb=0 sd=0 mult=1 m=1
| XM_TSHUT EA_OUT TS_CMP VIN VIN sky130_fd_pr__pfet_g5v0d10v5 L=0.5 W=20 nf=4 ad=2.9 as=4.35 pd=21.16 ps=31.74 nrd=0.0145 nrs=0.0145
| + sa=0 sb=0 sd=0 mult=1 m=1
| XM_TSHYSB TS_HYS BIASP VIN VIN sky130_fd_pr__pfet_g5v0d10v5 L=2 W=1.5 nf=1 ad=0.435 as=0.435 pd=3.58 ps=3.58 nrd=0.193333333333333
| + nrs=0.193333333333333 sa=0 sb=0 sd=0 mult=1 m=1
| XM_TSHYS TS_REF TS_CMP TS_HYS VIN sky130_fd_pr__pfet_g5v0d10v5 L=0.5 W=2 nf=1 ad=0.58 as=0.58 pd=4.58 ps=4.58 nrd=0.145 nrs=0.145
| + sa=0 sb=0 sd=0 mult=1 m=1
| XM_ENP4 TS_CMP EN VIN VIN sky130_fd_pr__pfet_g5v0d10v5 L=0.5 W=2 nf=1 ad=0.58 as=0.58 pd=4.58 ps=4.58 nrd=0.145 nrs=0.145 sa=0
| + sb=0 sd=0 mult=1 m=1
| C_TS VIN TS_CMP 1p m=1
| .ends
| 
| .control
| save all
| * --- leg 1: C_out 0.33uF, 0 mA (feedback divider is the only preload) ---
| tran 10u 4m
| meas tran vpk max v(vout) from=100u to=4m
| meas tran vfloor min v(vout) from=3.1m to=4m
| meas tran tset when v(vout)=1.764 rise=1
| * --- leg 2: C_out 0.33uF, 50 mA ---
| alter rload = 36
| tran 10u 4m
| meas tran vpk max v(vout) from=100u to=4m
| meas tran vfloor min v(vout) from=3.1m to=4m
| meas tran tset when v(vout)=1.764 rise=1
| * --- leg 3: C_out 4.7uF, 0 mA ---
| alter cout = 4.7u
| alter rload = 1e12
| tran 10u 4m
| meas tran vpk max v(vout) from=100u to=4m
| meas tran vfloor min v(vout) from=3.1m to=4m
| meas tran tset when v(vout)=1.764 rise=1
| * --- leg 4: C_out 4.7uF, 50 mA ---
| alter rload = 36
| tran 10u 4m
| meas tran vpk max v(vout) from=100u to=4m
| meas tran vfloor min v(vout) from=3.1m to=4m
| meas tran tset when v(vout)=1.764 rise=1
| let meas_vpk_c033_0ma_v = tran1.vpk
| let meas_vfloor_c033_0ma_v = tran1.vfloor
| let meas_tramp_c033_0ma_ms = 1000*(tran1.tset - 100u)
| let meas_vpk_c033_50ma_v = tran2.vpk
| let meas_vfloor_c033_50ma_v = tran2.vfloor
| let meas_tramp_c033_50ma_ms = 1000*(tran2.tset - 100u)
| let meas_vpk_c47_0ma_v = tran3.vpk
| let meas_vfloor_c47_0ma_v = tran3.vfloor
| let meas_tramp_c47_0ma_ms = 1000*(tran3.tset - 100u)
| let meas_vpk_c47_50ma_v = tran4.vpk
| let meas_vfloor_c47_50ma_v = tran4.vfloor
| let meas_tramp_c47_50ma_ms = 1000*(tran4.tset - 100u)
| print meas_vpk_c033_0ma_v
| print meas_vfloor_c033_0ma_v
| print meas_tramp_c033_0ma_ms
| print meas_vpk_c033_50ma_v
| print meas_vfloor_c033_50ma_v
| print meas_tramp_c033_50ma_ms
| print meas_vpk_c47_0ma_v
| print meas_vfloor_c47_0ma_v
| print meas_tramp_c47_0ma_ms
| print meas_vpk_c47_50ma_v
| print meas_vfloor_c47_50ma_v
| print meas_tramp_c47_50ma_ms
| quit
| .endc
| .end

# ==== ngspice stdout ====

Note: Compatibility modes selected: hs a


Circuit: * startup corner deck -- generated by sim/bin/corner-run.py, do not edit

option SCALE: Scale is set to 1e-06 for instance and model parameters
option SCALE: Scale is set to 1e-06 for instance and model parameters
option SCALE: Scale is set to 1e-06 for instance and model parameters
option SCALE: Scale is set to 1e-06 for instance and model parameters
Doing analysis at TEMP = -40.000000 and TNOM = 27.000000

Using KLU as Direct Linear Solver
 Reference value :  0.00000e+00
 Reference value :  4.00000e-07
 Reference value :  6.40000e-06
 Reference value :  4.28000e-05
 Reference value :  8.28000e-05
 Reference value :  1.00100e-04
 Reference value :  1.00300e-04
 Reference value :  1.00411e-04
 Reference value :  1.00589e-04
 Reference value :  1.00738e-04
 Reference value :  1.00805e-04
 Reference value :  1.00857e-04
 Reference value :  1.00954e-04
 Reference value :  1.01000e-04
 Reference value :  1.01032e-04
 Reference value :  1.01185e-04
 Reference value :  1.01521e-04
 Reference value :  1.02902e-04
 Reference value :  1.13254e-04
 Reference value :  1.26296e-04
 Reference value :  1.39863e-04
 Reference value :  1.67660e-04
 Reference value :  1.97660e-04
 Reference value :  2.37660e-04
 Reference value :  2.67660e-04
 Reference value :  2.87660e-04
 Reference value :  3.07660e-04
 Reference value :  3.27660e-04
 Reference value :  3.47660e-04
 Reference value :  3.77660e-04
 Reference value :  3.97660e-04
 Reference value :  4.27660e-04
 Reference value :  4.57660e-04
 Reference value :  4.87660e-04
 Reference value :  5.17660e-04
 Reference value :  5.47660e-04
 Reference value :  5.77660e-04
 Reference value :  6.07660e-04
 Reference value :  6.37660e-04
 Reference value :  6.67660e-04
 Reference value :  6.97660e-04
 Reference value :  7.27660e-04
 Reference value :  7.57660e-04
 Reference value :  7.97660e-04
 Reference value :  8.27660e-04
 Reference value :  8.57660e-04
 Reference value :  8.87660e-04
 Reference value :  9.27660e-04
 Reference value :  9.67660e-04
 Reference value :  1.00766e-03
 Reference value :  1.03766e-03
 Reference value :  1.06766e-03
 Reference value :  1.09766e-03
 Reference value :  1.13766e-03
 Reference value :  1.16766e-03
 Reference value :  1.20766e-03
 Reference value :  1.24766e-03
 Reference value :  1.27766e-03
 Reference value :  1.31766e-03
 Reference value :  1.35766e-03
 Reference value :  1.39766e-03
 Reference value :  1.43766e-03
 Reference value :  1.46766e-03
 Reference value :  1.50766e-03
 Reference value :  1.53766e-03
 Reference value :  1.57766e-03
 Reference value :  1.60766e-03
 Reference value :  1.64766e-03
 Reference value :  1.67766e-03
 Reference value :  1.71766e-03
 Reference value :  1.74766e-03
 Reference value :  1.78766e-03
 Reference value :  1.81766e-03
 Reference value :  1.86766e-03
 Reference value :  1.89766e-03
 Reference value :  1.93766e-03
 Reference value :  1.97766e-03
 Reference value :  2.01766e-03
 Reference value :  2.05766e-03
 Reference value :  2.09766e-03
 Reference value :  2.13766e-03
 Reference value :  2.17766e-03
 Reference value :  2.20766e-03
 Reference value :  2.24766e-03
 Reference value :  2.28766e-03
 Reference value :  2.32766e-03
 Reference value :  2.36766e-03
 Reference value :  2.40766e-03
 Reference value :  2.44766e-03
 Reference value :  2.48766e-03
 Reference value :  2.51766e-03
 Reference value :  2.54766e-03
 Reference value :  2.58766e-03
 Reference value :  2.61766e-03
 Reference value :  2.64766e-03
 Reference value :  2.67766e-03
 Reference value :  2.70766e-03
 Reference value :  2.74766e-03
 Reference value :  2.77766e-03
 Reference value :  2.81766e-03
 Reference value :  2.85766e-03
 Reference value :  2.89766e-03
 Reference value :  2.93766e-03
 Reference value :  2.97766e-03
 Reference value :  3.01766e-03
 Reference value :  3.05766e-03
 Reference value :  3.09766e-03
 Reference value :  3.13766e-03
 Reference value :  3.17766e-03
 Reference value :  3.21766e-03
 Reference value :  3.25766e-03
 Reference value :  3.29766e-03
 Reference value :  3.33766e-03
 Reference value :  3.36766e-03
 Reference value :  3.39766e-03
 Reference value :  3.42766e-03
 Reference value :  3.45766e-03
 Reference value :  3.48766e-03
 Reference value :  3.51766e-03
 Reference value :  3.55766e-03
 Reference value :  3.58766e-03
 Reference value :  3.62766e-03
 Reference value :  3.66766e-03
 Reference value :  3.70766e-03
 Reference value :  3.73766e-03
 Reference value :  3.76766e-03
 Reference value :  3.79766e-03
 Reference value :  3.83766e-03
 Reference value :  3.87766e-03
 Reference value :  3.91766e-03
 Reference value :  3.95766e-03
 Reference value :  3.98766e-03
No. of Data Rows : 436
vpk                 =  1.80982e+00 at=  7.37660e-04
vfloor              =  1.80442e+00 at=  4.00000e-03
tset                =  4.20696e-04
Doing analysis at TEMP = -40.000000 and TNOM = 27.000000

Using KLU as Direct Linear Solver
 Reference value :  0.00000e+00
 Reference value :  8.00000e-07
 Reference value :  6.40000e-06
 Reference value :  3.28000e-05
 Reference value :  6.28000e-05
 Reference value :  1.00000e-04
 Reference value :  1.00300e-04
 Reference value :  1.00411e-04
 Reference value :  1.00516e-04
 Reference value :  1.00589e-04
 Reference value :  1.00738e-04
 Reference value :  1.00807e-04
 Reference value :  1.00859e-04
 Reference value :  1.00955e-04
 Reference value :  1.01005e-04
 Reference value :  1.01033e-04
 Reference value :  1.01146e-04
 Reference value :  1.01637e-04
 Reference value :  1.03575e-04
 Reference value :  1.10008e-04
 Reference value :  1.16804e-04
 Reference value :  1.29976e-04
 Reference value :  1.43532e-04
 Reference value :  1.73532e-04
 Reference value :  2.03532e-04
 Reference value :  2.23532e-04
 Reference value :  2.53532e-04
 Reference value :  2.83532e-04
 Reference value :  3.13532e-04
 Reference value :  3.43532e-04
 Reference value :  3.73532e-04
 Reference value :  4.03532e-04
 Reference value :  4.33532e-04
 Reference value :  4.73532e-04
 Reference value :  5.13532e-04
 Reference value :  5.53532e-04
 Reference value :  5.93532e-04
 Reference value :  6.33532e-04
 Reference value :  6.73532e-04
 Reference value :  7.13532e-04
 Reference value :  7.53532e-04
 Reference value :  8.03532e-04
 Reference value :  8.43532e-04
 Reference value :  8.83532e-04
 Reference value :  9.23532e-04
 Reference value :  9.63532e-04
 Reference value :  1.00353e-03
 Reference value :  1.04353e-03
 Reference value :  1.08353e-03
 Reference value :  1.12353e-03
 Reference value :  1.16353e-03
 Reference value :  1.21353e-03
 Reference value :  1.25353e-03
 Reference value :  1.29353e-03
 Reference value :  1.33353e-03
 Reference value :  1.37353e-03
 Reference value :  1.41353e-03
 Reference value :  1.45353e-03
 Reference value :  1.49353e-03
 Reference value :  1.53353e-03
 Reference value :  1.57353e-03
 Reference value :  1.61353e-03
 Reference value :  1.65353e-03
 Reference value :  1.69353e-03
 Reference value :  1.73353e-03
 Reference value :  1.76353e-03
 Reference value :  1.80353e-03
 Reference value :  1.84353e-03
 Reference value :  1.88353e-03
 Reference value :  1.92353e-03
 Reference value :  1.96353e-03
 Reference value :  1.99353e-03
 Reference value :  2.02353e-03
 Reference value :  2.06353e-03
 Reference value :  2.10353e-03
 Reference value :  2.14353e-03
 Reference value :  2.18353e-03
 Reference value :  2.21353e-03
 Reference value :  2.24353e-03
 Reference value :  2.27353e-03
 Reference value :  2.30353e-03
 Reference value :  2.34353e-03
 Reference value :  2.37353e-03
 Reference value :  2.41353e-03
 Reference value :  2.45353e-03
 Reference value :  2.48353e-03
 Reference value :  2.51353e-03
 Reference value :  2.54353e-03
 Reference value :  2.57353e-03
 Reference value :  2.60353e-03
 Reference value :  2.66353e-03
 Reference value :  2.71353e-03
 Reference value :  2.76353e-03
 Reference value :  2.82353e-03
 Reference value :  2.87353e-03
 Reference value :  2.93353e-03
 Reference value :  2.98353e-03
 Reference value :  3.02353e-03
 Reference value :  3.08353e-03
 Reference value :  3.13353e-03
 Reference value :  3.18353e-03
 Reference value :  3.23353e-03
 Reference value :  3.28353e-03
 Reference value :  3.33353e-03
 Reference value :  3.39353e-03
 Reference value :  3.44353e-03
 Reference value :  3.49353e-03
 Reference value :  3.54353e-03
 Reference value :  3.59353e-03
 Reference value :  3.64353e-03
 Reference value :  3.68353e-03
 Reference value :  3.73353e-03
 Reference value :  3.78353e-03
 Reference value :  3.82353e-03
 Reference value :  3.87353e-03
 Reference value :  3.90353e-03
 Reference value :  3.93353e-03
 Reference value :  3.96353e-03
 Reference value :  4.00000e-03
No. of Data Rows : 435
vpk                 =  1.79846e+00 at=  1.01353e-03
vfloor              =  1.79837e+00 at=  3.99177e-03
tset                =  4.47636e-04
Doing analysis at TEMP = -40.000000 and TNOM = 27.000000

Using KLU as Direct Linear Solver
 Reference value :  0.00000e+00
 Reference value :  8.00000e-07
 Reference value :  1.28000e-05
 Reference value :  5.28000e-05
 Reference value :  9.14000e-05
 Reference value :  1.00300e-04
 Reference value :  1.00411e-04
 Reference value :  1.00589e-04
 Reference value :  1.00738e-04
 Reference value :  1.00805e-04
 Reference value :  1.00857e-04
 Reference value :  1.00954e-04
 Reference value :  1.01000e-04
 Reference value :  1.01014e-04
 Reference value :  1.01101e-04
 Reference value :  1.01521e-04
 Reference value :  1.02163e-04
 Reference value :  1.04381e-04
 Reference value :  1.28906e-04
 Reference value :  1.48262e-04
 Reference value :  1.78262e-04
 Reference value :  2.08262e-04
 Reference value :  2.38262e-04
 Reference value :  2.68262e-04
 Reference value :  2.98262e-04
 Reference value :  3.28262e-04
 Reference value :  3.48262e-04
 Reference value :  3.88262e-04
 Reference value :  4.28262e-04
 Reference value :  4.48262e-04
 Reference value :  4.78262e-04
 Reference value :  5.08262e-04
 Reference value :  5.38262e-04
 Reference value :  5.68262e-04
 Reference value :  5.98262e-04
 Reference value :  6.28262e-04
 Reference value :  6.58262e-04
 Reference value :  6.78262e-04
 Reference value :  6.98262e-04
 Reference value :  7.28262e-04
 Reference value :  7.58262e-04
 Reference value :  7.88262e-04
 Reference value :  8.28262e-04
 Reference value :  8.68262e-04
 Reference value :  9.18262e-04
 Reference value :  9.58262e-04
 Reference value :  9.88262e-04
 Reference value :  1.01826e-03
 Reference value :  1.05826e-03
 Reference value :  1.09826e-03
 Reference value :  1.13826e-03
 Reference value :  1.17826e-03
 Reference value :  1.22826e-03
 Reference value :  1.25826e-03
 Reference value :  1.29826e-03
 Reference value :  1.34826e-03
 Reference value :  1.37826e-03
 Reference value :  1.40826e-03
 Reference value :  1.44826e-03
 Reference value :  1.48826e-03
 Reference value :  1.51826e-03
 Reference value :  1.55826e-03
 Reference value :  1.58826e-03
 Reference value :  1.62826e-03
 Reference value :  1.65826e-03
 Reference value :  1.68826e-03
 Reference value :  1.71826e-03
 Reference value :  1.75826e-03
 Reference value :  1.78826e-03
 Reference value :  1.81826e-03
 Reference value :  1.85826e-03
 Reference value :  1.88826e-03
 Reference value :  1.91826e-03
 Reference value :  1.94826e-03
 Reference value :  1.98826e-03
 Reference value :  2.01826e-03
 Reference value :  2.05826e-03
 Reference value :  2.09826e-03
 Reference value :  2.12826e-03
 Reference value :  2.15826e-03
 Reference value :  2.19826e-03
 Reference value :  2.23826e-03
 Reference value :  2.27826e-03
 Reference value :  2.31826e-03
 Reference value :  2.35826e-03
 Reference value :  2.38826e-03
 Reference value :  2.42826e-03
 Reference value :  2.46826e-03
 Reference value :  2.50826e-03
 Reference value :  2.54826e-03
 Reference value :  2.58826e-03
 Reference value :  2.61826e-03
 Reference value :  2.65826e-03
 Reference value :  2.68826e-03
 Reference value :  2.71826e-03
 Reference value :  2.74826e-03
 Reference value :  2.77826e-03
 Reference value :  2.81826e-03
 Reference value :  2.85826e-03
 Reference value :  2.89826e-03
 Reference value :  2.93826e-03
 Reference value :  2.96826e-03
 Reference value :  2.99826e-03
 Reference value :  3.02826e-03
 Reference value :  3.06826e-03
 Reference value :  3.10826e-03
 Reference value :  3.14826e-03
 Reference value :  3.17826e-03
 Reference value :  3.20826e-03
 Reference value :  3.24826e-03
 Reference value :  3.28826e-03
 Reference value :  3.32826e-03
 Reference value :  3.36826e-03
 Reference value :  3.39826e-03
 Reference value :  3.42826e-03
 Reference value :  3.46826e-03
 Reference value :  3.50826e-03
 Reference value :  3.53826e-03
 Reference value :  3.56826e-03
 Reference value :  3.60826e-03
 Reference value :  3.64826e-03
 Reference value :  3.68826e-03
 Reference value :  3.72826e-03
 Reference value :  3.76826e-03
 Reference value :  3.80826e-03
 Reference value :  3.84826e-03
 Reference value :  3.88826e-03
 Reference value :  3.92826e-03
 Reference value :  3.96826e-03
 Reference value :  4.00000e-03
No. of Data Rows : 435
vpk                 =  1.81942e+00 at=  6.68262e-04
vfloor              =  1.81903e+00 at=  4.00000e-03
tset                =  4.10576e-04
Doing analysis at TEMP = -40.000000 and TNOM = 27.000000

Using KLU as Direct Linear Solver
 Reference value :  0.00000e+00
 Reference value :  4.00000e-07
 Reference value :  6.40000e-06
 Reference value :  4.28000e-05
 Reference value :  7.28000e-05
 Reference value :  1.00000e-04
 Reference value :  1.00300e-04
 Reference value :  1.00411e-04
 Reference value :  1.00589e-04
 Reference value :  1.00738e-04
 Reference value :  1.00811e-04
 Reference value :  1.00865e-04
 Reference value :  1.00959e-04
 Reference value :  1.01005e-04
 Reference value :  1.01054e-04
 Reference value :  1.01267e-04
 Reference value :  1.02009e-04
 Reference value :  1.06210e-04
 Reference value :  1.26147e-04
 Reference value :  1.47098e-04
 Reference value :  1.66705e-04
 Reference value :  1.96705e-04
 Reference value :  2.36705e-04
 Reference value :  2.76705e-04
 Reference value :  3.16705e-04
 Reference value :  3.56705e-04
 Reference value :  4.06705e-04
 Reference value :  4.56705e-04
 Reference value :  4.96705e-04
 Reference value :  5.36705e-04
 Reference value :  5.76705e-04
 Reference value :  6.16705e-04
 Reference value :  6.56705e-04
 Reference value :  6.96705e-04
 Reference value :  7.36705e-04
 Reference value :  7.76705e-04
 Reference value :  8.06705e-04
 Reference value :  8.26705e-04
 Reference value :  8.56705e-04
 Reference value :  8.86705e-04
 Reference value :  9.16705e-04
 Reference value :  9.46705e-04
 Reference value :  9.76705e-04
 Reference value :  1.00670e-03
 Reference value :  1.03670e-03
 Reference value :  1.06670e-03
 Reference value :  1.08670e-03
 Reference value :  1.10670e-03
 Reference value :  1.13670e-03
 Reference value :  1.15670e-03
 Reference value :  1.17670e-03
 Reference value :  1.19670e-03
 Reference value :  1.21670e-03
 Reference value :  1.23670e-03
 Reference value :  1.25670e-03
 Reference value :  1.27670e-03
 Reference value :  1.29670e-03
 Reference value :  1.32670e-03
 Reference value :  1.35670e-03
 Reference value :  1.38670e-03
 Reference value :  1.42670e-03
 Reference value :  1.46670e-03
 Reference value :  1.50670e-03
 Reference value :  1.54670e-03
 Reference value :  1.58670e-03
 Reference value :  1.62670e-03
 Reference value :  1.66670e-03
 Reference value :  1.70670e-03
 Reference value :  1.73670e-03
 Reference value :  1.76670e-03
 Reference value :  1.80670e-03
 Reference value :  1.83670e-03
 Reference value :  1.86670e-03
 Reference value :  1.89670e-03
 Reference value :  1.91670e-03
 Reference value :  1.94670e-03
 Reference value :  1.97670e-03
 Reference value :  2.00670e-03
 Reference value :  2.03670e-03
 Reference value :  2.06670e-03
 Reference value :  2.09670e-03
 Reference value :  2.12670e-03
 Reference value :  2.15670e-03
 Reference value :  2.18670e-03
 Reference value :  2.21670e-03
 Reference value :  2.24670e-03
 Reference value :  2.27670e-03
 Reference value :  2.29670e-03
 Reference value :  2.32670e-03
 Reference value :  2.35670e-03
 Reference value :  2.37670e-03
 Reference value :  2.40670e-03
 Reference value :  2.42670e-03
 Reference value :  2.45670e-03
 Reference value :  2.48670e-03
 Reference value :  2.51670e-03
 Reference value :  2.54670e-03
 Reference value :  2.57670e-03
 Reference value :  2.60670e-03
 Reference value :  2.63670e-03
 Reference value :  2.66670e-03
 Reference value :  2.69670e-03
 Reference value :  2.72670e-03
 Reference value :  2.74670e-03
 Reference value :  2.76670e-03
 Reference value :  2.79670e-03
 Reference value :  2.82670e-03
 Reference value :  2.84670e-03
 Reference value :  2.87670e-03
 Reference value :  2.90670e-03
 Reference value :  2.93670e-03
 Reference value :  2.96670e-03
 Reference value :  2.99670e-03
 Reference value :  3.02670e-03
 Reference value :  3.04670e-03
 Reference value :  3.07670e-03
 Reference value :  3.10670e-03
 Reference value :  3.13670e-03
 Reference value :  3.15670e-03
 Reference value :  3.17670e-03
 Reference value :  3.20670e-03
 Reference value :  3.23670e-03
 Reference value :  3.26670e-03
 Reference value :  3.29670e-03
 Reference value :  3.32670e-03
 Reference value :  3.35670e-03
 Reference value :  3.39670e-03
 Reference value :  3.43670e-03
 Reference value :  3.46670e-03
 Reference value :  3.49670e-03
 Reference value :  3.52670e-03
 Reference value :  3.55670e-03
 Reference value :  3.58670e-03
 Reference value :  3.62670e-03
 Reference value :  3.66670e-03
 Reference value :  3.70670e-03
 Reference value :  3.74670e-03
 Reference value :  3.79670e-03
 Reference value :  3.83670e-03
 Reference value :  3.87670e-03
 Reference value :  3.91670e-03
 Reference value :  3.95670e-03
 Reference value :  3.98670e-03
No. of Data Rows : 435
vpk                 =  1.79839e+00 at=  3.79670e-03
vfloor              =  1.79824e+00 at=  3.10670e-03
tset                =  4.25887e-04
meas_vpk_c033_0ma_v = 1.809817e+00
meas_vfloor_c033_0ma_v = 1.804419e+00
meas_tramp_c033_0ma_ms = 3.206957e-01
meas_vpk_c033_50ma_v = 1.798465e+00
meas_vfloor_c033_50ma_v = 1.798367e+00
meas_tramp_c033_50ma_ms = 3.476358e-01
meas_vpk_c47_0ma_v = 1.819423e+00
meas_vfloor_c47_0ma_v = 1.819034e+00
meas_tramp_c47_0ma_ms = 3.105759e-01
meas_vpk_c47_50ma_v = 1.798393e+00
meas_vfloor_c47_50ma_v = 1.798235e+00
meas_tramp_c47_50ma_ms = 3.258866e-01
ngspice-46 done

# ==== ngspice stderr ====
Note: Starting dynamic gmin stepping
Note: Dynamic gmin stepping completed
Note: Starting dynamic gmin stepping
Note: Dynamic gmin stepping completed
Note: Starting dynamic gmin stepping
Note: Dynamic gmin stepping completed
Note: Starting dynamic gmin stepping
Note: Dynamic gmin stepping completed
