# corner: ff_125c_3.30v
# process=ff temp=125C supply=3.30V
# ngspice exit: 0
# wall clock: 103.2s (--timeout was 300s)
# result: PASS

# ==== deck (exact input given to ngspice) ====
| * startup corner deck -- generated by sim/bin/corner-run.py, do not edit
| * corner: ff_125c_3.30v
| .param vsup=3.3
| .option wnflag=1
| .temp 125
| .lib "/home/ubuntu/.volare/sky130A/libs.tech/combined/sky130.lib.spice" ff
| ** sch_path: sim/startup/testbench/tb_startup.sch
| **.subckt tb_startup
| VVIN VIN 0 'vsup'
| .save i(vvin)
| VEN EN 0 PULSE(0 'vsup' 100u 1u 1u 100 200)
| .save i(ven)
| VVREF VREF 0 1.2
| .save i(vvref)
| xldo VOUT VREF EN VIN ldo_3v3in_1v8out
| COUT VOUT VESR 0.33u m=1
| RESR VESR 0 10m m=1
| RLOAD VOUT 0 1e12 m=1
| **.ends
| 
| * expanding   symbol:  design/ldo_3v3in_1v8out.sym # of pins=4
| ** sym_path: design/ldo_3v3in_1v8out.sym
| ** sch_path: design/ldo_3v3in_1v8out.sch
| .subckt ldo_3v3in_1v8out VOUT VREF EN VIN
| *.ipin VIN
| *.ipin EN
| *.ipin VREF
| *.opin VOUT
| XR_BIAS VIN NB 0 sky130_fd_pr__res_high_po W=0.42 L=1500 mult=1 m=1
| XM_BIASN1 NB NB BIAS_ENN 0 sky130_fd_pr__nfet_g5v0d10v5 L=1 W=4 nf=1 ad=1.16 as=1.16 pd=8.58 ps=8.58 nrd=0.0725 nrs=0.0725 sa=0
| + sb=0 sd=0 mult=1 m=1
| XM_ENN BIAS_ENN EN 0 0 sky130_fd_pr__nfet_g5v0d10v5 L=0.5 W=10 nf=1 ad=2.9 as=2.9 pd=20.58 ps=20.58 nrd=0.029 nrs=0.029 sa=0 sb=0
| + sd=0 mult=1 m=1
| XM_BIASN2 BIASP NB BIAS_ENN 0 sky130_fd_pr__nfet_g5v0d10v5 L=1 W=4 nf=1 ad=1.16 as=1.16 pd=8.58 ps=8.58 nrd=0.0725 nrs=0.0725 sa=0
| + sb=0 sd=0 mult=1 m=1
| XM_BIASP1 BIASP BIASP VIN VIN sky130_fd_pr__pfet_g5v0d10v5 L=1 W=10 nf=2 ad=1.45 as=2.9 pd=10.58 ps=21.16 nrd=0.029 nrs=0.029 sa=0
| + sb=0 sd=0 mult=1 m=1
| XM_ENP2 BIASP EN VIN VIN sky130_fd_pr__pfet_g5v0d10v5 L=0.5 W=10 nf=1 ad=2.9 as=2.9 pd=20.58 ps=20.58 nrd=0.029 nrs=0.029 sa=0
| + sb=0 sd=0 mult=1 m=1
| XM_TAIL EA_TAIL BIASP VIN VIN sky130_fd_pr__pfet_g5v0d10v5 L=2 W=40 nf=8 ad=5.8 as=7.25 pd=42.32 ps=52.9 nrd=0.00725 nrs=0.00725
| + sa=0 sb=0 sd=0 mult=1 m=1
| XM_IN1 EA_D1 FB EA_TAIL VIN sky130_fd_pr__pfet_g5v0d10v5 L=2 W=10 nf=2 ad=1.45 as=2.9 pd=10.58 ps=21.16 nrd=0.029 nrs=0.029 sa=0
| + sb=0 sd=0 mult=1 m=1
| XM_IN2 EA_D2 VREF EA_TAIL VIN sky130_fd_pr__pfet_g5v0d10v5 L=2 W=10 nf=2 ad=1.45 as=2.9 pd=10.58 ps=21.16 nrd=0.029 nrs=0.029 sa=0
| + sb=0 sd=0 mult=1 m=1
| XM_MIR1 EA_D1 EA_D1 AMP_ENN 0 sky130_fd_pr__nfet_g5v0d10v5 L=4 W=10 nf=2 ad=1.45 as=2.9 pd=10.58 ps=21.16 nrd=0.029 nrs=0.029 sa=0
| + sb=0 sd=0 mult=1 m=1
| XM_MIR2 EA_OUT EA_D1 AMP_ENN 0 sky130_fd_pr__nfet_g5v0d10v5 L=4 W=10 nf=2 ad=1.45 as=2.9 pd=10.58 ps=21.16 nrd=0.029 nrs=0.029
| + sa=0 sb=0 sd=0 mult=1 m=1
| XM_ENN2 AMP_ENN EN 0 0 sky130_fd_pr__nfet_g5v0d10v5 L=0.5 W=10 nf=1 ad=2.9 as=2.9 pd=20.58 ps=20.58 nrd=0.029 nrs=0.029 sa=0 sb=0
| + sd=0 mult=1 m=1
| XM_ENP EA_OUT EN VIN VIN sky130_fd_pr__pfet_g5v0d10v5 L=0.5 W=10 nf=1 ad=2.9 as=2.9 pd=20.58 ps=20.58 nrd=0.029 nrs=0.029 sa=0
| + sb=0 sd=0 mult=1 m=1
| XM_MIR3 EA_D2 EA_D2 AMP_ENN 0 sky130_fd_pr__nfet_g5v0d10v5 L=4 W=10 nf=2 ad=1.45 as=2.9 pd=10.58 ps=21.16 nrd=0.029 nrs=0.029 sa=0
| + sb=0 sd=0 mult=1 m=1
| XM_MIR4 PB EA_D2 AMP_ENN 0 sky130_fd_pr__nfet_g5v0d10v5 L=4 W=10 nf=2 ad=1.45 as=2.9 pd=10.58 ps=21.16 nrd=0.029 nrs=0.029 sa=0
| + sb=0 sd=0 mult=1 m=1
| XM_MIRP1 PB PB VIN VIN sky130_fd_pr__pfet_g5v0d10v5 L=4 W=20 nf=4 ad=2.9 as=4.35 pd=21.16 ps=31.74 nrd=0.0145 nrs=0.0145 sa=0 sb=0
| + sd=0 mult=1 m=1
| XM_MIRP2 EA_OUT PB VIN VIN sky130_fd_pr__pfet_g5v0d10v5 L=4 W=20 nf=4 ad=2.9 as=4.35 pd=21.16 ps=31.74 nrd=0.0145 nrs=0.0145 sa=0
| + sb=0 sd=0 mult=1 m=1
| XM_ENP5 PB EN VIN VIN sky130_fd_pr__pfet_g5v0d10v5 L=0.5 W=2 nf=1 ad=0.58 as=0.58 pd=4.58 ps=4.58 nrd=0.145 nrs=0.145 sa=0 sb=0
| + sd=0 mult=1 m=1
| XM_PASS VOUT EA_OUT VIN VIN sky130_fd_pr__pfet_g5v0d10v5 L=0.5 W=100 nf=25 ad=15.08 as=15.08 pd=111.54 ps=111.54 nrd=0.0029
| + nrs=0.0029 sa=0 sb=0 sd=0 mult=25 m=25
| C_COMP VOUT EA_CZ 150p m=1
| XR_CZ EA_CZ EA_OUT 0 sky130_fd_pr__res_xhigh_po W=0.42 L=52 mult=1 m=1
| XR_FB_A VOUT FB 0 sky130_fd_pr__res_xhigh_po W=0.42 L=180 mult=1 m=1
| XR_FB_B FB N_FBB 0 sky130_fd_pr__res_xhigh_po W=0.42 L=180 mult=1 m=1
| XR_FB_C N_FBB 0 0 sky130_fd_pr__res_xhigh_po W=0.42 L=180 mult=1 m=1
| XM_SENSE CL_SNS EA_OUT VIN VIN sky130_fd_pr__pfet_g5v0d10v5 L=0.5 W=0.42 nf=1 ad=0.1218 as=0.1218 pd=1.42 ps=1.42
| + nrd=0.69047619047619 nrs=0.69047619047619 sa=0 sb=0 sd=0 mult=1 m=1
| XM_CLN1 CL_SNS CL_SNS AMP_ENN 0 sky130_fd_pr__nfet_g5v0d10v5 L=1 W=20 nf=1 ad=5.8 as=5.8 pd=40.58 ps=40.58 nrd=0.0145 nrs=0.0145
| + sa=0 sb=0 sd=0 mult=1 m=1
| XM_CLN2 CL_CMP CL_SNS AMP_ENN 0 sky130_fd_pr__nfet_g5v0d10v5 L=1 W=1.6 nf=1 ad=0.464 as=0.464 pd=3.78 ps=3.78 nrd=0.18125
| + nrs=0.18125 sa=0 sb=0 sd=0 mult=1 m=1
| XM_CLP CL_CMP BIASP VIN VIN sky130_fd_pr__pfet_g5v0d10v5 L=1 W=10 nf=2 ad=1.45 as=2.9 pd=10.58 ps=21.16 nrd=0.029 nrs=0.029 sa=0
| + sb=0 sd=0 mult=1 m=1
| XM_CLIM EA_OUT CL_CMP VIN VIN sky130_fd_pr__pfet_g5v0d10v5 L=0.5 W=20 nf=4 ad=2.9 as=4.35 pd=21.16 ps=31.74 nrd=0.0145 nrs=0.0145
| + sa=0 sb=0 sd=0 mult=1 m=1
| XM_ENP3 CL_CMP EN VIN VIN sky130_fd_pr__pfet_g5v0d10v5 L=0.5 W=2 nf=1 ad=0.58 as=0.58 pd=4.58 ps=4.58 nrd=0.145 nrs=0.145 sa=0
| + sb=0 sd=0 mult=1 m=1
| C_CL VIN CL_CMP 1p m=1
| XM_INVP ENB EN VIN VIN sky130_fd_pr__pfet_g5v0d10v5 L=0.5 W=2 nf=1 ad=0.58 as=0.58 pd=4.58 ps=4.58 nrd=0.145 nrs=0.145 sa=0 sb=0
| + sd=0 mult=1 m=1
| XM_INVN ENB EN 0 0 sky130_fd_pr__nfet_g5v0d10v5 L=0.5 W=1 nf=1 ad=0.29 as=0.29 pd=2.58 ps=2.58 nrd=0.29 nrs=0.29 sa=0 sb=0 sd=0
| + mult=1 m=1
| XM_SSDIS SS ENB 0 0 sky130_fd_pr__nfet_g5v0d10v5 L=0.5 W=2 nf=1 ad=0.58 as=0.58 pd=4.58 ps=4.58 nrd=0.145 nrs=0.145 sa=0 sb=0 sd=0
| + mult=1 m=1
| XM_SSCHG SS BIASP VIN VIN sky130_fd_pr__pfet_g5v0d10v5 L=8 W=1 nf=1 ad=0.29 as=0.29 pd=2.58 ps=2.58 nrd=0.29 nrs=0.29 sa=0 sb=0
| + sd=0 mult=1 m=1
| C_SS SS 0 10p m=1
| XM_IN2S EA_D2 SS EA_TAIL VIN sky130_fd_pr__pfet_g5v0d10v5 L=2 W=10 nf=2 ad=1.45 as=2.9 pd=10.58 ps=21.16 nrd=0.029 nrs=0.029 sa=0
| + sb=0 sd=0 mult=1 m=1
| XM_TSPS TS_SNS BIASP VIN VIN sky130_fd_pr__pfet_g5v0d10v5 L=1 W=2.5 nf=1 ad=0.725 as=0.725 pd=5.58 ps=5.58 nrd=0.116 nrs=0.116
| + sa=0 sb=0 sd=0 mult=1 m=1
| XM_TSD1 TS_SNS TS_SNS TS_MID 0 sky130_fd_pr__nfet_g5v0d10v5 L=1 W=80 nf=16 ad=11.6 as=13.05 pd=84.64 ps=95.22 nrd=0.003625
| + nrs=0.003625 sa=0 sb=0 sd=0 mult=1 m=1
| XM_TSD2 TS_MID TS_MID AMP_ENN 0 sky130_fd_pr__nfet_g5v0d10v5 L=1 W=80 nf=16 ad=11.6 as=13.05 pd=84.64 ps=95.22 nrd=0.003625
| + nrs=0.003625 sa=0 sb=0 sd=0 mult=1 m=1
| XM_TSPR TS_REF BIASP VIN VIN sky130_fd_pr__pfet_g5v0d10v5 L=1 W=2.5 nf=1 ad=0.725 as=0.725 pd=5.58 ps=5.58 nrd=0.116 nrs=0.116
| + sa=0 sb=0 sd=0 mult=1 m=1
| XM_TSR1 TS_REF TS_REF AMP_ENN 0 sky130_fd_pr__nfet_g5v0d10v5 L=10 W=2 nf=1 ad=0.58 as=0.58 pd=4.58 ps=4.58 nrd=0.145 nrs=0.145
| + sa=0 sb=0 sd=0 mult=1 m=1
| XM_TCTAIL TC_TAIL NB AMP_ENN 0 sky130_fd_pr__nfet_g5v0d10v5 L=1 W=1 nf=1 ad=0.29 as=0.29 pd=2.58 ps=2.58 nrd=0.29 nrs=0.29 sa=0
| + sb=0 sd=0 mult=1 m=1
| XM_TCN1 TC_D1 TS_SNS TC_TAIL 0 sky130_fd_pr__nfet_g5v0d10v5 L=2 W=10 nf=2 ad=1.45 as=2.9 pd=10.58 ps=21.16 nrd=0.029 nrs=0.029
| + sa=0 sb=0 sd=0 mult=1 m=1
| XM_TCN2 TS_CMP TS_REF TC_TAIL 0 sky130_fd_pr__nfet_g5v0d10v5 L=2 W=10 nf=2 ad=1.45 as=2.9 pd=10.58 ps=21.16 nrd=0.029 nrs=0.029
| + sa=0 sb=0 sd=0 mult=1 m=1
| XM_TCP1 TC_D1 TC_D1 VIN VIN sky130_fd_pr__pfet_g5v0d10v5 L=2 W=10 nf=2 ad=1.45 as=2.9 pd=10.58 ps=21.16 nrd=0.029 nrs=0.029 sa=0
| + sb=0 sd=0 mult=1 m=1
| XM_TCP2 TS_CMP TC_D1 VIN VIN sky130_fd_pr__pfet_g5v0d10v5 L=2 W=10 nf=2 ad=1.45 as=2.9 pd=10.58 ps=21.16 nrd=0.029 nrs=0.029 sa=0
| + sb=0 sd=0 mult=1 m=1
| XM_TSHUT EA_OUT TS_CMP VIN VIN sky130_fd_pr__pfet_g5v0d10v5 L=0.5 W=20 nf=4 ad=2.9 as=4.35 pd=21.16 ps=31.74 nrd=0.0145 nrs=0.0145
| + sa=0 sb=0 sd=0 mult=1 m=1
| XM_TSHYSB TS_HYS BIASP VIN VIN sky130_fd_pr__pfet_g5v0d10v5 L=2 W=1.5 nf=1 ad=0.435 as=0.435 pd=3.58 ps=3.58 nrd=0.193333333333333
| + nrs=0.193333333333333 sa=0 sb=0 sd=0 mult=1 m=1
| XM_TSHYS TS_REF TS_CMP TS_HYS VIN sky130_fd_pr__pfet_g5v0d10v5 L=0.5 W=2 nf=1 ad=0.58 as=0.58 pd=4.58 ps=4.58 nrd=0.145 nrs=0.145
| + sa=0 sb=0 sd=0 mult=1 m=1
| XM_ENP4 TS_CMP EN VIN VIN sky130_fd_pr__pfet_g5v0d10v5 L=0.5 W=2 nf=1 ad=0.58 as=0.58 pd=4.58 ps=4.58 nrd=0.145 nrs=0.145 sa=0
| + sb=0 sd=0 mult=1 m=1
| C_TS VIN TS_CMP 1p m=1
| .ends
| 
| .control
| save all
| * --- leg 1: C_out 0.33uF, 0 mA (feedback divider is the only preload) ---
| tran 10u 4m
| meas tran vpk max v(vout) from=100u to=4m
| meas tran vfloor min v(vout) from=3.1m to=4m
| meas tran tset when v(vout)=1.764 rise=1
| * --- leg 2: C_out 0.33uF, 50 mA ---
| alter rload = 36
| tran 10u 4m
| meas tran vpk max v(vout) from=100u to=4m
| meas tran vfloor min v(vout) from=3.1m to=4m
| meas tran tset when v(vout)=1.764 rise=1
| * --- leg 3: C_out 4.7uF, 0 mA ---
| alter cout = 4.7u
| alter rload = 1e12
| tran 10u 4m
| meas tran vpk max v(vout) from=100u to=4m
| meas tran vfloor min v(vout) from=3.1m to=4m
| meas tran tset when v(vout)=1.764 rise=1
| * --- leg 4: C_out 4.7uF, 50 mA ---
| alter rload = 36
| tran 10u 4m
| meas tran vpk max v(vout) from=100u to=4m
| meas tran vfloor min v(vout) from=3.1m to=4m
| meas tran tset when v(vout)=1.764 rise=1
| let meas_vpk_c033_0ma_v = tran1.vpk
| let meas_vfloor_c033_0ma_v = tran1.vfloor
| let meas_tramp_c033_0ma_ms = 1000*(tran1.tset - 100u)
| let meas_vpk_c033_50ma_v = tran2.vpk
| let meas_vfloor_c033_50ma_v = tran2.vfloor
| let meas_tramp_c033_50ma_ms = 1000*(tran2.tset - 100u)
| let meas_vpk_c47_0ma_v = tran3.vpk
| let meas_vfloor_c47_0ma_v = tran3.vfloor
| let meas_tramp_c47_0ma_ms = 1000*(tran3.tset - 100u)
| let meas_vpk_c47_50ma_v = tran4.vpk
| let meas_vfloor_c47_50ma_v = tran4.vfloor
| let meas_tramp_c47_50ma_ms = 1000*(tran4.tset - 100u)
| print meas_vpk_c033_0ma_v
| print meas_vfloor_c033_0ma_v
| print meas_tramp_c033_0ma_ms
| print meas_vpk_c033_50ma_v
| print meas_vfloor_c033_50ma_v
| print meas_tramp_c033_50ma_ms
| print meas_vpk_c47_0ma_v
| print meas_vfloor_c47_0ma_v
| print meas_tramp_c47_0ma_ms
| print meas_vpk_c47_50ma_v
| print meas_vfloor_c47_50ma_v
| print meas_tramp_c47_50ma_ms
| quit
| .endc
| .end

# ==== ngspice stdout ====

Note: Compatibility modes selected: hs a


Circuit: * startup corner deck -- generated by sim/bin/corner-run.py, do not edit

option SCALE: Scale is set to 1e-06 for instance and model parameters
option SCALE: Scale is set to 1e-06 for instance and model parameters
option SCALE: Scale is set to 1e-06 for instance and model parameters
option SCALE: Scale is set to 1e-06 for instance and model parameters
Doing analysis at TEMP = 125.000000 and TNOM = 27.000000

Using KLU as Direct Linear Solver
 Reference value :  0.00000e+00
 Reference value :  8.00000e-07
 Reference value :  6.40000e-06
 Reference value :  3.28000e-05
 Reference value :  7.28000e-05
 Reference value :  1.00100e-04
 Reference value :  1.00300e-04
 Reference value :  1.00411e-04
 Reference value :  1.00516e-04
 Reference value :  1.00588e-04
 Reference value :  1.00756e-04
 Reference value :  1.00856e-04
 Reference value :  1.00928e-04
 Reference value :  1.00989e-04
 Reference value :  1.01002e-04
 Reference value :  1.01015e-04
 Reference value :  1.01101e-04
 Reference value :  1.01239e-04
 Reference value :  1.01456e-04
 Reference value :  1.03498e-04
 Reference value :  1.21372e-04
 Reference value :  1.41372e-04
 Reference value :  1.61372e-04
 Reference value :  1.81372e-04
 Reference value :  2.21372e-04
 Reference value :  2.61372e-04
 Reference value :  3.01372e-04
 Reference value :  3.31372e-04
 Reference value :  3.71372e-04
 Reference value :  4.11372e-04
 Reference value :  4.41372e-04
 Reference value :  4.71372e-04
 Reference value :  5.11372e-04
 Reference value :  5.51372e-04
 Reference value :  5.91372e-04
 Reference value :  6.31372e-04
 Reference value :  6.71372e-04
 Reference value :  7.11372e-04
 Reference value :  7.51372e-04
 Reference value :  7.81372e-04
 Reference value :  8.11372e-04
 Reference value :  8.51372e-04
 Reference value :  9.01372e-04
 Reference value :  9.51372e-04
 Reference value :  9.91372e-04
 Reference value :  1.03137e-03
 Reference value :  1.07137e-03
 Reference value :  1.10137e-03
 Reference value :  1.13137e-03
 Reference value :  1.17137e-03
 Reference value :  1.21137e-03
 Reference value :  1.25137e-03
 Reference value :  1.29137e-03
 Reference value :  1.32137e-03
 Reference value :  1.37137e-03
 Reference value :  1.41137e-03
 Reference value :  1.44137e-03
 Reference value :  1.48137e-03
 Reference value :  1.52137e-03
 Reference value :  1.56137e-03
 Reference value :  1.60137e-03
 Reference value :  1.63137e-03
 Reference value :  1.67137e-03
 Reference value :  1.71137e-03
 Reference value :  1.75137e-03
 Reference value :  1.79137e-03
 Reference value :  1.82137e-03
 Reference value :  1.85137e-03
 Reference value :  1.90137e-03
 Reference value :  1.93137e-03
 Reference value :  1.96137e-03
 Reference value :  2.00137e-03
 Reference value :  2.04137e-03
 Reference value :  2.08137e-03
 Reference value :  2.12137e-03
 Reference value :  2.16137e-03
 Reference value :  2.20137e-03
 Reference value :  2.24137e-03
 Reference value :  2.27137e-03
 Reference value :  2.30137e-03
 Reference value :  2.34137e-03
 Reference value :  2.38137e-03
 Reference value :  2.41137e-03
 Reference value :  2.45137e-03
 Reference value :  2.49137e-03
 Reference value :  2.53137e-03
 Reference value :  2.57137e-03
 Reference value :  2.62137e-03
 Reference value :  2.65137e-03
 Reference value :  2.69137e-03
 Reference value :  2.73137e-03
 Reference value :  2.77137e-03
 Reference value :  2.82137e-03
 Reference value :  2.86137e-03
 Reference value :  2.89137e-03
 Reference value :  2.92137e-03
 Reference value :  2.96137e-03
 Reference value :  3.00137e-03
 Reference value :  3.04137e-03
 Reference value :  3.08137e-03
 Reference value :  3.12137e-03
 Reference value :  3.16137e-03
 Reference value :  3.20137e-03
 Reference value :  3.24137e-03
 Reference value :  3.28137e-03
 Reference value :  3.32137e-03
 Reference value :  3.35137e-03
 Reference value :  3.38137e-03
 Reference value :  3.41137e-03
 Reference value :  3.45137e-03
 Reference value :  3.49137e-03
 Reference value :  3.53137e-03
 Reference value :  3.56137e-03
 Reference value :  3.59137e-03
 Reference value :  3.64137e-03
 Reference value :  3.68137e-03
 Reference value :  3.72137e-03
 Reference value :  3.76137e-03
 Reference value :  3.80137e-03
 Reference value :  3.84137e-03
 Reference value :  3.88137e-03
 Reference value :  3.92137e-03
 Reference value :  3.95137e-03
 Reference value :  3.98137e-03
No. of Data Rows : 435
vpk                 =  1.81994e+00 at=  9.31372e-04
vfloor              =  1.81576e+00 at=  4.00000e-03
tset                =  5.80382e-04
Doing analysis at TEMP = 125.000000 and TNOM = 27.000000

Using KLU as Direct Linear Solver
 Reference value :  0.00000e+00
 Reference value :  8.00000e-07
 Reference value :  1.28000e-05
 Reference value :  4.28000e-05
 Reference value :  7.28000e-05
 Reference value :  1.00000e-04
 Reference value :  1.00100e-04
 Reference value :  1.00300e-04
 Reference value :  1.00411e-04
 Reference value :  1.00516e-04
 Reference value :  1.00588e-04
 Reference value :  1.00756e-04
 Reference value :  1.00856e-04
 Reference value :  1.00928e-04
 Reference value :  1.00991e-04
 Reference value :  1.01002e-04
 Reference value :  1.01032e-04
 Reference value :  1.01099e-04
 Reference value :  1.01309e-04
 Reference value :  1.01792e-04
 Reference value :  1.06068e-04
 Reference value :  1.14690e-04
 Reference value :  1.22857e-04
 Reference value :  1.39080e-04
 Reference value :  1.66644e-04
 Reference value :  2.06644e-04
 Reference value :  2.46644e-04
 Reference value :  2.86644e-04
 Reference value :  3.26644e-04
 Reference value :  3.66644e-04
 Reference value :  4.06644e-04
 Reference value :  4.46644e-04
 Reference value :  4.86644e-04
 Reference value :  5.26644e-04
 Reference value :  5.76644e-04
 Reference value :  6.16644e-04
 Reference value :  6.56644e-04
 Reference value :  6.96644e-04
 Reference value :  7.36644e-04
 Reference value :  7.86644e-04
 Reference value :  8.36644e-04
 Reference value :  8.86644e-04
 Reference value :  9.26644e-04
 Reference value :  9.66644e-04
 Reference value :  1.00664e-03
 Reference value :  1.04664e-03
 Reference value :  1.08664e-03
 Reference value :  1.12664e-03
 Reference value :  1.15664e-03
 Reference value :  1.19664e-03
 Reference value :  1.22664e-03
 Reference value :  1.26664e-03
 Reference value :  1.30664e-03
 Reference value :  1.34664e-03
 Reference value :  1.38664e-03
 Reference value :  1.41664e-03
 Reference value :  1.45664e-03
 Reference value :  1.49664e-03
 Reference value :  1.53664e-03
 Reference value :  1.58664e-03
 Reference value :  1.62664e-03
 Reference value :  1.66664e-03
 Reference value :  1.70664e-03
 Reference value :  1.74664e-03
 Reference value :  1.78664e-03
 Reference value :  1.82664e-03
 Reference value :  1.86664e-03
 Reference value :  1.89664e-03
 Reference value :  1.92664e-03
 Reference value :  1.95664e-03
 Reference value :  1.98664e-03
 Reference value :  2.01664e-03
 Reference value :  2.05664e-03
 Reference value :  2.09664e-03
 Reference value :  2.12664e-03
 Reference value :  2.16664e-03
 Reference value :  2.20664e-03
 Reference value :  2.24664e-03
 Reference value :  2.28664e-03
 Reference value :  2.32664e-03
 Reference value :  2.36664e-03
 Reference value :  2.40664e-03
 Reference value :  2.44664e-03
 Reference value :  2.48664e-03
 Reference value :  2.52664e-03
 Reference value :  2.56664e-03
 Reference value :  2.60664e-03
 Reference value :  2.64664e-03
 Reference value :  2.69664e-03
 Reference value :  2.73664e-03
 Reference value :  2.77664e-03
 Reference value :  2.81664e-03
 Reference value :  2.84664e-03
 Reference value :  2.89664e-03
 Reference value :  2.93664e-03
 Reference value :  2.97664e-03
 Reference value :  3.01664e-03
 Reference value :  3.05664e-03
 Reference value :  3.09664e-03
 Reference value :  3.12664e-03
 Reference value :  3.15664e-03
 Reference value :  3.19664e-03
 Reference value :  3.23664e-03
 Reference value :  3.27664e-03
 Reference value :  3.31664e-03
 Reference value :  3.35664e-03
 Reference value :  3.39664e-03
 Reference value :  3.43664e-03
 Reference value :  3.47664e-03
 Reference value :  3.51664e-03
 Reference value :  3.55664e-03
 Reference value :  3.60664e-03
 Reference value :  3.65664e-03
 Reference value :  3.70664e-03
 Reference value :  3.75664e-03
 Reference value :  3.80664e-03
 Reference value :  3.85664e-03
 Reference value :  3.90664e-03
 Reference value :  3.95664e-03
No. of Data Rows : 440
vpk                 =  1.79756e+00 at=  1.48664e-03
vfloor              =  1.79756e+00 at=  3.99332e-03
tset                =  6.06381e-04
Doing analysis at TEMP = 125.000000 and TNOM = 27.000000

Using KLU as Direct Linear Solver
 Reference value :  0.00000e+00
 Reference value :  3.20000e-06
 Reference value :  4.28000e-05
 Reference value :  1.00000e-04
 Reference value :  1.00100e-04
 Reference value :  1.00411e-04
 Reference value :  1.00588e-04
 Reference value :  1.00756e-04
 Reference value :  1.00928e-04
 Reference value :  1.00989e-04
 Reference value :  1.01002e-04
 Reference value :  1.01055e-04
 Reference value :  1.01239e-04
 Reference value :  1.01456e-04
 Reference value :  1.03498e-04
 Reference value :  1.21372e-04
 Reference value :  1.41372e-04
 Reference value :  1.61372e-04
 Reference value :  1.81372e-04
 Reference value :  2.31372e-04
 Reference value :  2.71372e-04
 Reference value :  3.11372e-04
 Reference value :  3.51372e-04
 Reference value :  3.91372e-04
 Reference value :  4.21372e-04
 Reference value :  4.51372e-04
 Reference value :  4.91372e-04
 Reference value :  5.31372e-04
 Reference value :  5.61372e-04
 Reference value :  5.91372e-04
 Reference value :  6.21372e-04
 Reference value :  6.51372e-04
 Reference value :  6.91372e-04
 Reference value :  7.21372e-04
 Reference value :  7.61372e-04
 Reference value :  7.91372e-04
 Reference value :  8.21372e-04
 Reference value :  8.51372e-04
 Reference value :  8.81372e-04
 Reference value :  9.11372e-04
 Reference value :  9.51372e-04
 Reference value :  9.91372e-04
 Reference value :  1.03137e-03
 Reference value :  1.07137e-03
 Reference value :  1.11137e-03
 Reference value :  1.14137e-03
 Reference value :  1.18137e-03
 Reference value :  1.22137e-03
 Reference value :  1.26137e-03
 Reference value :  1.30137e-03
 Reference value :  1.34137e-03
 Reference value :  1.38137e-03
 Reference value :  1.42137e-03
 Reference value :  1.46137e-03
 Reference value :  1.50137e-03
 Reference value :  1.54137e-03
 Reference value :  1.58137e-03
 Reference value :  1.62137e-03
 Reference value :  1.67137e-03
 Reference value :  1.71137e-03
 Reference value :  1.75137e-03
 Reference value :  1.79137e-03
 Reference value :  1.83137e-03
 Reference value :  1.87137e-03
 Reference value :  1.91137e-03
 Reference value :  1.96137e-03
 Reference value :  2.00137e-03
 Reference value :  2.04137e-03
 Reference value :  2.08137e-03
 Reference value :  2.12137e-03
 Reference value :  2.16137e-03
 Reference value :  2.20137e-03
 Reference value :  2.24137e-03
 Reference value :  2.29137e-03
 Reference value :  2.33137e-03
 Reference value :  2.37137e-03
 Reference value :  2.42137e-03
 Reference value :  2.46137e-03
 Reference value :  2.50137e-03
 Reference value :  2.53137e-03
 Reference value :  2.57137e-03
 Reference value :  2.60137e-03
 Reference value :  2.64137e-03
 Reference value :  2.68137e-03
 Reference value :  2.72137e-03
 Reference value :  2.76137e-03
 Reference value :  2.80137e-03
 Reference value :  2.83137e-03
 Reference value :  2.87137e-03
 Reference value :  2.92137e-03
 Reference value :  2.97137e-03
 Reference value :  3.01137e-03
 Reference value :  3.07137e-03
 Reference value :  3.11137e-03
 Reference value :  3.16137e-03
 Reference value :  3.20137e-03
 Reference value :  3.24137e-03
 Reference value :  3.29137e-03
 Reference value :  3.33137e-03
 Reference value :  3.37137e-03
 Reference value :  3.40137e-03
 Reference value :  3.44137e-03
 Reference value :  3.48137e-03
 Reference value :  3.52137e-03
 Reference value :  3.57137e-03
 Reference value :  3.62137e-03
 Reference value :  3.67137e-03
 Reference value :  3.71137e-03
 Reference value :  3.77137e-03
 Reference value :  3.81137e-03
 Reference value :  3.85137e-03
 Reference value :  3.89137e-03
 Reference value :  3.92137e-03
 Reference value :  3.97137e-03
No. of Data Rows : 435
vpk                 =  1.82650e+00 at=  9.61372e-04
vfloor              =  1.82618e+00 at=  4.00000e-03
tset                =  5.71993e-04
Doing analysis at TEMP = 125.000000 and TNOM = 27.000000

Using KLU as Direct Linear Solver
 Reference value :  0.00000e+00
 Reference value :  1.60000e-06
 Reference value :  3.28000e-05
 Reference value :  8.28000e-05
 Reference value :  1.00100e-04
 Reference value :  1.00411e-04
 Reference value :  1.00516e-04
 Reference value :  1.00588e-04
 Reference value :  1.00659e-04
 Reference value :  1.00856e-04
 Reference value :  1.00928e-04
 Reference value :  1.00991e-04
 Reference value :  1.01002e-04
 Reference value :  1.01032e-04
 Reference value :  1.01099e-04
 Reference value :  1.01309e-04
 Reference value :  1.01792e-04
 Reference value :  1.06068e-04
 Reference value :  1.18283e-04
 Reference value :  1.35004e-04
 Reference value :  1.58331e-04
 Reference value :  1.88331e-04
 Reference value :  2.28331e-04
 Reference value :  2.58331e-04
 Reference value :  2.98331e-04
 Reference value :  3.28331e-04
 Reference value :  3.68331e-04
 Reference value :  3.98331e-04
 Reference value :  4.28331e-04
 Reference value :  4.68331e-04
 Reference value :  5.18331e-04
 Reference value :  5.48331e-04
 Reference value :  5.78331e-04
 Reference value :  6.08331e-04
 Reference value :  6.48331e-04
 Reference value :  6.88331e-04
 Reference value :  7.28331e-04
 Reference value :  7.68331e-04
 Reference value :  8.08331e-04
 Reference value :  8.48331e-04
 Reference value :  8.98331e-04
 Reference value :  9.38331e-04
 Reference value :  9.78331e-04
 Reference value :  1.02833e-03
 Reference value :  1.08833e-03
 Reference value :  1.12833e-03
 Reference value :  1.17833e-03
 Reference value :  1.22833e-03
 Reference value :  1.27833e-03
 Reference value :  1.32833e-03
 Reference value :  1.37833e-03
 Reference value :  1.42833e-03
 Reference value :  1.47833e-03
 Reference value :  1.53833e-03
 Reference value :  1.59833e-03
 Reference value :  1.65833e-03
 Reference value :  1.71833e-03
 Reference value :  1.76833e-03
 Reference value :  1.82833e-03
 Reference value :  1.87833e-03
 Reference value :  1.92833e-03
 Reference value :  1.97833e-03
 Reference value :  2.02833e-03
 Reference value :  2.07833e-03
 Reference value :  2.11833e-03
 Reference value :  2.15833e-03
 Reference value :  2.19833e-03
 Reference value :  2.23833e-03
 Reference value :  2.27833e-03
 Reference value :  2.31833e-03
 Reference value :  2.34833e-03
 Reference value :  2.37833e-03
 Reference value :  2.40833e-03
 Reference value :  2.43833e-03
 Reference value :  2.46833e-03
 Reference value :  2.50833e-03
 Reference value :  2.54833e-03
 Reference value :  2.58833e-03
 Reference value :  2.62833e-03
 Reference value :  2.66833e-03
 Reference value :  2.70833e-03
 Reference value :  2.74833e-03
 Reference value :  2.78833e-03
 Reference value :  2.82833e-03
 Reference value :  2.87833e-03
 Reference value :  2.93833e-03
 Reference value :  2.97833e-03
 Reference value :  3.03833e-03
 Reference value :  3.09833e-03
 Reference value :  3.14833e-03
 Reference value :  3.19833e-03
 Reference value :  3.25833e-03
 Reference value :  3.31833e-03
 Reference value :  3.36833e-03
 Reference value :  3.40833e-03
 Reference value :  3.45833e-03
 Reference value :  3.50833e-03
 Reference value :  3.55833e-03
 Reference value :  3.60833e-03
 Reference value :  3.64833e-03
 Reference value :  3.68833e-03
 Reference value :  3.72833e-03
 Reference value :  3.76833e-03
 Reference value :  3.80833e-03
 Reference value :  3.84833e-03
 Reference value :  3.88833e-03
 Reference value :  3.92833e-03
 Reference value :  3.96833e-03
No. of Data Rows : 439
vpk                 =  1.79756e+00 at=  1.44833e-03
vfloor              =  1.79756e+00 at=  4.00000e-03
tset                =  5.91351e-04
meas_vpk_c033_0ma_v = 1.819944e+00
meas_vfloor_c033_0ma_v = 1.815763e+00
meas_tramp_c033_0ma_ms = 4.803821e-01
meas_vpk_c033_50ma_v = 1.797557e+00
meas_vfloor_c033_50ma_v = 1.797556e+00
meas_tramp_c033_50ma_ms = 5.063805e-01
meas_vpk_c47_0ma_v = 1.826498e+00
meas_vfloor_c47_0ma_v = 1.826184e+00
meas_tramp_c47_0ma_ms = 4.719931e-01
meas_vpk_c47_50ma_v = 1.797557e+00
meas_vfloor_c47_50ma_v = 1.797556e+00
meas_tramp_c47_50ma_ms = 4.913506e-01
ngspice-46 done

# ==== ngspice stderr ====

