# corner: ff_125c_2.97v
# process=ff temp=125C supply=2.97V
# ngspice exit: 0
# wall clock: 101.5s (--timeout was 300s)
# result: PASS

# ==== deck (exact input given to ngspice) ====
| * startup corner deck -- generated by sim/bin/corner-run.py, do not edit
| * corner: ff_125c_2.97v
| .param vsup=2.97
| .option wnflag=1
| .temp 125
| .lib "/home/ubuntu/.volare/sky130A/libs.tech/combined/sky130.lib.spice" ff
| ** sch_path: sim/startup/testbench/tb_startup.sch
| **.subckt tb_startup
| VVIN VIN 0 'vsup'
| .save i(vvin)
| VEN EN 0 PULSE(0 'vsup' 100u 1u 1u 100 200)
| .save i(ven)
| VVREF VREF 0 1.2
| .save i(vvref)
| xldo VOUT VREF EN VIN ldo_3v3in_1v8out
| COUT VOUT VESR 0.33u m=1
| RESR VESR 0 10m m=1
| RLOAD VOUT 0 1e12 m=1
| **.ends
| 
| * expanding   symbol:  design/ldo_3v3in_1v8out.sym # of pins=4
| ** sym_path: design/ldo_3v3in_1v8out.sym
| ** sch_path: design/ldo_3v3in_1v8out.sch
| .subckt ldo_3v3in_1v8out VOUT VREF EN VIN
| *.ipin VIN
| *.ipin EN
| *.ipin VREF
| *.opin VOUT
| XR_BIAS VIN NB 0 sky130_fd_pr__res_high_po W=0.42 L=1500 mult=1 m=1
| XM_BIASN1 NB NB BIAS_ENN 0 sky130_fd_pr__nfet_g5v0d10v5 L=1 W=4 nf=1 ad=1.16 as=1.16 pd=8.58 ps=8.58 nrd=0.0725 nrs=0.0725 sa=0
| + sb=0 sd=0 mult=1 m=1
| XM_ENN BIAS_ENN EN 0 0 sky130_fd_pr__nfet_g5v0d10v5 L=0.5 W=10 nf=1 ad=2.9 as=2.9 pd=20.58 ps=20.58 nrd=0.029 nrs=0.029 sa=0 sb=0
| + sd=0 mult=1 m=1
| XM_BIASN2 BIASP NB BIAS_ENN 0 sky130_fd_pr__nfet_g5v0d10v5 L=1 W=4 nf=1 ad=1.16 as=1.16 pd=8.58 ps=8.58 nrd=0.0725 nrs=0.0725 sa=0
| + sb=0 sd=0 mult=1 m=1
| XM_BIASP1 BIASP BIASP VIN VIN sky130_fd_pr__pfet_g5v0d10v5 L=1 W=10 nf=2 ad=1.45 as=2.9 pd=10.58 ps=21.16 nrd=0.029 nrs=0.029 sa=0
| + sb=0 sd=0 mult=1 m=1
| XM_ENP2 BIASP EN VIN VIN sky130_fd_pr__pfet_g5v0d10v5 L=0.5 W=10 nf=1 ad=2.9 as=2.9 pd=20.58 ps=20.58 nrd=0.029 nrs=0.029 sa=0
| + sb=0 sd=0 mult=1 m=1
| XM_TAIL EA_TAIL BIASP VIN VIN sky130_fd_pr__pfet_g5v0d10v5 L=2 W=40 nf=8 ad=5.8 as=7.25 pd=42.32 ps=52.9 nrd=0.00725 nrs=0.00725
| + sa=0 sb=0 sd=0 mult=1 m=1
| XM_IN1 EA_D1 FB EA_TAIL VIN sky130_fd_pr__pfet_g5v0d10v5 L=2 W=10 nf=2 ad=1.45 as=2.9 pd=10.58 ps=21.16 nrd=0.029 nrs=0.029 sa=0
| + sb=0 sd=0 mult=1 m=1
| XM_IN2 EA_D2 VREF EA_TAIL VIN sky130_fd_pr__pfet_g5v0d10v5 L=2 W=10 nf=2 ad=1.45 as=2.9 pd=10.58 ps=21.16 nrd=0.029 nrs=0.029 sa=0
| + sb=0 sd=0 mult=1 m=1
| XM_MIR1 EA_D1 EA_D1 AMP_ENN 0 sky130_fd_pr__nfet_g5v0d10v5 L=4 W=10 nf=2 ad=1.45 as=2.9 pd=10.58 ps=21.16 nrd=0.029 nrs=0.029 sa=0
| + sb=0 sd=0 mult=1 m=1
| XM_MIR2 EA_OUT EA_D1 AMP_ENN 0 sky130_fd_pr__nfet_g5v0d10v5 L=4 W=10 nf=2 ad=1.45 as=2.9 pd=10.58 ps=21.16 nrd=0.029 nrs=0.029
| + sa=0 sb=0 sd=0 mult=1 m=1
| XM_ENN2 AMP_ENN EN 0 0 sky130_fd_pr__nfet_g5v0d10v5 L=0.5 W=10 nf=1 ad=2.9 as=2.9 pd=20.58 ps=20.58 nrd=0.029 nrs=0.029 sa=0 sb=0
| + sd=0 mult=1 m=1
| XM_ENP EA_OUT EN VIN VIN sky130_fd_pr__pfet_g5v0d10v5 L=0.5 W=10 nf=1 ad=2.9 as=2.9 pd=20.58 ps=20.58 nrd=0.029 nrs=0.029 sa=0
| + sb=0 sd=0 mult=1 m=1
| XM_MIR3 EA_D2 EA_D2 AMP_ENN 0 sky130_fd_pr__nfet_g5v0d10v5 L=4 W=10 nf=2 ad=1.45 as=2.9 pd=10.58 ps=21.16 nrd=0.029 nrs=0.029 sa=0
| + sb=0 sd=0 mult=1 m=1
| XM_MIR4 PB EA_D2 AMP_ENN 0 sky130_fd_pr__nfet_g5v0d10v5 L=4 W=10 nf=2 ad=1.45 as=2.9 pd=10.58 ps=21.16 nrd=0.029 nrs=0.029 sa=0
| + sb=0 sd=0 mult=1 m=1
| XM_MIRP1 PB PB VIN VIN sky130_fd_pr__pfet_g5v0d10v5 L=4 W=20 nf=4 ad=2.9 as=4.35 pd=21.16 ps=31.74 nrd=0.0145 nrs=0.0145 sa=0 sb=0
| + sd=0 mult=1 m=1
| XM_MIRP2 EA_OUT PB VIN VIN sky130_fd_pr__pfet_g5v0d10v5 L=4 W=20 nf=4 ad=2.9 as=4.35 pd=21.16 ps=31.74 nrd=0.0145 nrs=0.0145 sa=0
| + sb=0 sd=0 mult=1 m=1
| XM_ENP5 PB EN VIN VIN sky130_fd_pr__pfet_g5v0d10v5 L=0.5 W=2 nf=1 ad=0.58 as=0.58 pd=4.58 ps=4.58 nrd=0.145 nrs=0.145 sa=0 sb=0
| + sd=0 mult=1 m=1
| XM_PASS VOUT EA_OUT VIN VIN sky130_fd_pr__pfet_g5v0d10v5 L=0.5 W=100 nf=25 ad=15.08 as=15.08 pd=111.54 ps=111.54 nrd=0.0029
| + nrs=0.0029 sa=0 sb=0 sd=0 mult=25 m=25
| C_COMP VOUT EA_CZ 150p m=1
| XR_CZ EA_CZ EA_OUT 0 sky130_fd_pr__res_xhigh_po W=0.42 L=52 mult=1 m=1
| XR_FB_A VOUT FB 0 sky130_fd_pr__res_xhigh_po W=0.42 L=180 mult=1 m=1
| XR_FB_B FB N_FBB 0 sky130_fd_pr__res_xhigh_po W=0.42 L=180 mult=1 m=1
| XR_FB_C N_FBB 0 0 sky130_fd_pr__res_xhigh_po W=0.42 L=180 mult=1 m=1
| XM_SENSE CL_SNS EA_OUT VIN VIN sky130_fd_pr__pfet_g5v0d10v5 L=0.5 W=0.42 nf=1 ad=0.1218 as=0.1218 pd=1.42 ps=1.42
| + nrd=0.69047619047619 nrs=0.69047619047619 sa=0 sb=0 sd=0 mult=1 m=1
| XM_CLN1 CL_SNS CL_SNS AMP_ENN 0 sky130_fd_pr__nfet_g5v0d10v5 L=1 W=20 nf=1 ad=5.8 as=5.8 pd=40.58 ps=40.58 nrd=0.0145 nrs=0.0145
| + sa=0 sb=0 sd=0 mult=1 m=1
| XM_CLN2 CL_CMP CL_SNS AMP_ENN 0 sky130_fd_pr__nfet_g5v0d10v5 L=1 W=1.6 nf=1 ad=0.464 as=0.464 pd=3.78 ps=3.78 nrd=0.18125
| + nrs=0.18125 sa=0 sb=0 sd=0 mult=1 m=1
| XM_CLP CL_CMP BIASP VIN VIN sky130_fd_pr__pfet_g5v0d10v5 L=1 W=10 nf=2 ad=1.45 as=2.9 pd=10.58 ps=21.16 nrd=0.029 nrs=0.029 sa=0
| + sb=0 sd=0 mult=1 m=1
| XM_CLIM EA_OUT CL_CMP VIN VIN sky130_fd_pr__pfet_g5v0d10v5 L=0.5 W=20 nf=4 ad=2.9 as=4.35 pd=21.16 ps=31.74 nrd=0.0145 nrs=0.0145
| + sa=0 sb=0 sd=0 mult=1 m=1
| XM_ENP3 CL_CMP EN VIN VIN sky130_fd_pr__pfet_g5v0d10v5 L=0.5 W=2 nf=1 ad=0.58 as=0.58 pd=4.58 ps=4.58 nrd=0.145 nrs=0.145 sa=0
| + sb=0 sd=0 mult=1 m=1
| C_CL VIN CL_CMP 1p m=1
| XM_INVP ENB EN VIN VIN sky130_fd_pr__pfet_g5v0d10v5 L=0.5 W=2 nf=1 ad=0.58 as=0.58 pd=4.58 ps=4.58 nrd=0.145 nrs=0.145 sa=0 sb=0
| + sd=0 mult=1 m=1
| XM_INVN ENB EN 0 0 sky130_fd_pr__nfet_g5v0d10v5 L=0.5 W=1 nf=1 ad=0.29 as=0.29 pd=2.58 ps=2.58 nrd=0.29 nrs=0.29 sa=0 sb=0 sd=0
| + mult=1 m=1
| XM_SSDIS SS ENB 0 0 sky130_fd_pr__nfet_g5v0d10v5 L=0.5 W=2 nf=1 ad=0.58 as=0.58 pd=4.58 ps=4.58 nrd=0.145 nrs=0.145 sa=0 sb=0 sd=0
| + mult=1 m=1
| XM_SSCHG SS BIASP VIN VIN sky130_fd_pr__pfet_g5v0d10v5 L=8 W=1 nf=1 ad=0.29 as=0.29 pd=2.58 ps=2.58 nrd=0.29 nrs=0.29 sa=0 sb=0
| + sd=0 mult=1 m=1
| C_SS SS 0 10p m=1
| XM_IN2S EA_D2 SS EA_TAIL VIN sky130_fd_pr__pfet_g5v0d10v5 L=2 W=10 nf=2 ad=1.45 as=2.9 pd=10.58 ps=21.16 nrd=0.029 nrs=0.029 sa=0
| + sb=0 sd=0 mult=1 m=1
| XM_TSPS TS_SNS BIASP VIN VIN sky130_fd_pr__pfet_g5v0d10v5 L=1 W=2.5 nf=1 ad=0.725 as=0.725 pd=5.58 ps=5.58 nrd=0.116 nrs=0.116
| + sa=0 sb=0 sd=0 mult=1 m=1
| XM_TSD1 TS_SNS TS_SNS TS_MID 0 sky130_fd_pr__nfet_g5v0d10v5 L=1 W=80 nf=16 ad=11.6 as=13.05 pd=84.64 ps=95.22 nrd=0.003625
| + nrs=0.003625 sa=0 sb=0 sd=0 mult=1 m=1
| XM_TSD2 TS_MID TS_MID AMP_ENN 0 sky130_fd_pr__nfet_g5v0d10v5 L=1 W=80 nf=16 ad=11.6 as=13.05 pd=84.64 ps=95.22 nrd=0.003625
| + nrs=0.003625 sa=0 sb=0 sd=0 mult=1 m=1
| XM_TSPR TS_REF BIASP VIN VIN sky130_fd_pr__pfet_g5v0d10v5 L=1 W=2.5 nf=1 ad=0.725 as=0.725 pd=5.58 ps=5.58 nrd=0.116 nrs=0.116
| + sa=0 sb=0 sd=0 mult=1 m=1
| XM_TSR1 TS_REF TS_REF AMP_ENN 0 sky130_fd_pr__nfet_g5v0d10v5 L=10 W=2 nf=1 ad=0.58 as=0.58 pd=4.58 ps=4.58 nrd=0.145 nrs=0.145
| + sa=0 sb=0 sd=0 mult=1 m=1
| XM_TCTAIL TC_TAIL NB AMP_ENN 0 sky130_fd_pr__nfet_g5v0d10v5 L=1 W=1 nf=1 ad=0.29 as=0.29 pd=2.58 ps=2.58 nrd=0.29 nrs=0.29 sa=0
| + sb=0 sd=0 mult=1 m=1
| XM_TCN1 TC_D1 TS_SNS TC_TAIL 0 sky130_fd_pr__nfet_g5v0d10v5 L=2 W=10 nf=2 ad=1.45 as=2.9 pd=10.58 ps=21.16 nrd=0.029 nrs=0.029
| + sa=0 sb=0 sd=0 mult=1 m=1
| XM_TCN2 TS_CMP TS_REF TC_TAIL 0 sky130_fd_pr__nfet_g5v0d10v5 L=2 W=10 nf=2 ad=1.45 as=2.9 pd=10.58 ps=21.16 nrd=0.029 nrs=0.029
| + sa=0 sb=0 sd=0 mult=1 m=1
| XM_TCP1 TC_D1 TC_D1 VIN VIN sky130_fd_pr__pfet_g5v0d10v5 L=2 W=10 nf=2 ad=1.45 as=2.9 pd=10.58 ps=21.16 nrd=0.029 nrs=0.029 sa=0
| + sb=0 sd=0 mult=1 m=1
| XM_TCP2 TS_CMP TC_D1 VIN VIN sky130_fd_pr__pfet_g5v0d10v5 L=2 W=10 nf=2 ad=1.45 as=2.9 pd=10.58 ps=21.16 nrd=0.029 nrs=0.029 sa=0
| + sb=0 sd=0 mult=1 m=1
| XM_TSHUT EA_OUT TS_CMP VIN VIN sky130_fd_pr__pfet_g5v0d10v5 L=0.5 W=20 nf=4 ad=2.9 as=4.35 pd=21.16 ps=31.74 nrd=0.0145 nrs=0.0145
| + sa=0 sb=0 sd=0 mult=1 m=1
| XM_TSHYSB TS_HYS BIASP VIN VIN sky130_fd_pr__pfet_g5v0d10v5 L=2 W=1.5 nf=1 ad=0.435 as=0.435 pd=3.58 ps=3.58 nrd=0.193333333333333
| + nrs=0.193333333333333 sa=0 sb=0 sd=0 mult=1 m=1
| XM_TSHYS TS_REF TS_CMP TS_HYS VIN sky130_fd_pr__pfet_g5v0d10v5 L=0.5 W=2 nf=1 ad=0.58 as=0.58 pd=4.58 ps=4.58 nrd=0.145 nrs=0.145
| + sa=0 sb=0 sd=0 mult=1 m=1
| XM_ENP4 TS_CMP EN VIN VIN sky130_fd_pr__pfet_g5v0d10v5 L=0.5 W=2 nf=1 ad=0.58 as=0.58 pd=4.58 ps=4.58 nrd=0.145 nrs=0.145 sa=0
| + sb=0 sd=0 mult=1 m=1
| C_TS VIN TS_CMP 1p m=1
| .ends
| 
| .control
| save all
| * --- leg 1: C_out 0.33uF, 0 mA (feedback divider is the only preload) ---
| tran 10u 4m
| meas tran vpk max v(vout) from=100u to=4m
| meas tran vfloor min v(vout) from=3.1m to=4m
| meas tran tset when v(vout)=1.764 rise=1
| * --- leg 2: C_out 0.33uF, 50 mA ---
| alter rload = 36
| tran 10u 4m
| meas tran vpk max v(vout) from=100u to=4m
| meas tran vfloor min v(vout) from=3.1m to=4m
| meas tran tset when v(vout)=1.764 rise=1
| * --- leg 3: C_out 4.7uF, 0 mA ---
| alter cout = 4.7u
| alter rload = 1e12
| tran 10u 4m
| meas tran vpk max v(vout) from=100u to=4m
| meas tran vfloor min v(vout) from=3.1m to=4m
| meas tran tset when v(vout)=1.764 rise=1
| * --- leg 4: C_out 4.7uF, 50 mA ---
| alter rload = 36
| tran 10u 4m
| meas tran vpk max v(vout) from=100u to=4m
| meas tran vfloor min v(vout) from=3.1m to=4m
| meas tran tset when v(vout)=1.764 rise=1
| let meas_vpk_c033_0ma_v = tran1.vpk
| let meas_vfloor_c033_0ma_v = tran1.vfloor
| let meas_tramp_c033_0ma_ms = 1000*(tran1.tset - 100u)
| let meas_vpk_c033_50ma_v = tran2.vpk
| let meas_vfloor_c033_50ma_v = tran2.vfloor
| let meas_tramp_c033_50ma_ms = 1000*(tran2.tset - 100u)
| let meas_vpk_c47_0ma_v = tran3.vpk
| let meas_vfloor_c47_0ma_v = tran3.vfloor
| let meas_tramp_c47_0ma_ms = 1000*(tran3.tset - 100u)
| let meas_vpk_c47_50ma_v = tran4.vpk
| let meas_vfloor_c47_50ma_v = tran4.vfloor
| let meas_tramp_c47_50ma_ms = 1000*(tran4.tset - 100u)
| print meas_vpk_c033_0ma_v
| print meas_vfloor_c033_0ma_v
| print meas_tramp_c033_0ma_ms
| print meas_vpk_c033_50ma_v
| print meas_vfloor_c033_50ma_v
| print meas_tramp_c033_50ma_ms
| print meas_vpk_c47_0ma_v
| print meas_vfloor_c47_0ma_v
| print meas_tramp_c47_0ma_ms
| print meas_vpk_c47_50ma_v
| print meas_vfloor_c47_50ma_v
| print meas_tramp_c47_50ma_ms
| quit
| .endc
| .end

# ==== ngspice stdout ====

Note: Compatibility modes selected: hs a


Circuit: * startup corner deck -- generated by sim/bin/corner-run.py, do not edit

option SCALE: Scale is set to 1e-06 for instance and model parameters
option SCALE: Scale is set to 1e-06 for instance and model parameters
option SCALE: Scale is set to 1e-06 for instance and model parameters
option SCALE: Scale is set to 1e-06 for instance and model parameters
Doing analysis at TEMP = 125.000000 and TNOM = 27.000000

Using KLU as Direct Linear Solver
 Reference value :  0.00000e+00
 Reference value :  8.00000e-07
 Reference value :  1.28000e-05
 Reference value :  5.28000e-05
 Reference value :  9.14000e-05
 Reference value :  1.00100e-04
 Reference value :  1.00411e-04
 Reference value :  1.00516e-04
 Reference value :  1.00588e-04
 Reference value :  1.00759e-04
 Reference value :  1.00866e-04
 Reference value :  1.00933e-04
 Reference value :  1.01007e-04
 Reference value :  1.01050e-04
 Reference value :  1.01114e-04
 Reference value :  1.01240e-04
 Reference value :  1.01473e-04
 Reference value :  1.01870e-04
 Reference value :  1.03894e-04
 Reference value :  1.12252e-04
 Reference value :  1.36830e-04
 Reference value :  1.56830e-04
 Reference value :  1.76830e-04
 Reference value :  2.16830e-04
 Reference value :  2.46830e-04
 Reference value :  2.86830e-04
 Reference value :  3.26830e-04
 Reference value :  3.66830e-04
 Reference value :  4.06830e-04
 Reference value :  4.46830e-04
 Reference value :  4.86830e-04
 Reference value :  5.16830e-04
 Reference value :  5.46830e-04
 Reference value :  5.76830e-04
 Reference value :  6.06830e-04
 Reference value :  6.36830e-04
 Reference value :  6.66830e-04
 Reference value :  6.96830e-04
 Reference value :  7.26830e-04
 Reference value :  7.56830e-04
 Reference value :  7.96830e-04
 Reference value :  8.26830e-04
 Reference value :  8.56830e-04
 Reference value :  8.96830e-04
 Reference value :  9.36830e-04
 Reference value :  9.76830e-04
 Reference value :  1.01683e-03
 Reference value :  1.05683e-03
 Reference value :  1.09683e-03
 Reference value :  1.13683e-03
 Reference value :  1.17683e-03
 Reference value :  1.21683e-03
 Reference value :  1.25683e-03
 Reference value :  1.29683e-03
 Reference value :  1.33683e-03
 Reference value :  1.37683e-03
 Reference value :  1.41683e-03
 Reference value :  1.45683e-03
 Reference value :  1.48683e-03
 Reference value :  1.51683e-03
 Reference value :  1.55683e-03
 Reference value :  1.58683e-03
 Reference value :  1.61683e-03
 Reference value :  1.64683e-03
 Reference value :  1.68683e-03
 Reference value :  1.72683e-03
 Reference value :  1.76683e-03
 Reference value :  1.80683e-03
 Reference value :  1.84683e-03
 Reference value :  1.88683e-03
 Reference value :  1.92683e-03
 Reference value :  1.96683e-03
 Reference value :  2.00683e-03
 Reference value :  2.03683e-03
 Reference value :  2.07683e-03
 Reference value :  2.11683e-03
 Reference value :  2.14683e-03
 Reference value :  2.18683e-03
 Reference value :  2.21683e-03
 Reference value :  2.24683e-03
 Reference value :  2.28683e-03
 Reference value :  2.32683e-03
 Reference value :  2.36683e-03
 Reference value :  2.40683e-03
 Reference value :  2.44683e-03
 Reference value :  2.47683e-03
 Reference value :  2.51683e-03
 Reference value :  2.55683e-03
 Reference value :  2.58683e-03
 Reference value :  2.62683e-03
 Reference value :  2.65683e-03
 Reference value :  2.69683e-03
 Reference value :  2.72683e-03
 Reference value :  2.76683e-03
 Reference value :  2.80683e-03
 Reference value :  2.84683e-03
 Reference value :  2.88683e-03
 Reference value :  2.92683e-03
 Reference value :  2.96683e-03
 Reference value :  3.00683e-03
 Reference value :  3.04683e-03
 Reference value :  3.07683e-03
 Reference value :  3.11683e-03
 Reference value :  3.14683e-03
 Reference value :  3.17683e-03
 Reference value :  3.20683e-03
 Reference value :  3.24683e-03
 Reference value :  3.28683e-03
 Reference value :  3.32683e-03
 Reference value :  3.36683e-03
 Reference value :  3.40683e-03
 Reference value :  3.44683e-03
 Reference value :  3.47683e-03
 Reference value :  3.51683e-03
 Reference value :  3.56683e-03
 Reference value :  3.60683e-03
 Reference value :  3.65683e-03
 Reference value :  3.70683e-03
 Reference value :  3.75683e-03
 Reference value :  3.79683e-03
 Reference value :  3.82683e-03
 Reference value :  3.85683e-03
 Reference value :  3.89683e-03
 Reference value :  3.93683e-03
 Reference value :  3.97683e-03
No. of Data Rows : 435
vpk                 =  1.82063e+00 at=  1.01683e-03
vfloor              =  1.81627e+00 at=  4.00000e-03
tset                =  6.47148e-04
Doing analysis at TEMP = 125.000000 and TNOM = 27.000000

Using KLU as Direct Linear Solver
 Reference value :  0.00000e+00
 Reference value :  8.00000e-07
 Reference value :  6.40000e-06
 Reference value :  3.28000e-05
 Reference value :  6.28000e-05
 Reference value :  1.00000e-04
 Reference value :  1.00100e-04
 Reference value :  1.00411e-04
 Reference value :  1.00516e-04
 Reference value :  1.00588e-04
 Reference value :  1.00759e-04
 Reference value :  1.00866e-04
 Reference value :  1.00933e-04
 Reference value :  1.01000e-04
 Reference value :  1.01024e-04
 Reference value :  1.01087e-04
 Reference value :  1.01174e-04
 Reference value :  1.01339e-04
 Reference value :  1.01613e-04
 Reference value :  1.02171e-04
 Reference value :  1.05820e-04
 Reference value :  1.16719e-04
 Reference value :  1.27019e-04
 Reference value :  1.46958e-04
 Reference value :  1.65714e-04
 Reference value :  2.05714e-04
 Reference value :  2.35714e-04
 Reference value :  2.65714e-04
 Reference value :  2.95714e-04
 Reference value :  3.35714e-04
 Reference value :  3.75714e-04
 Reference value :  4.15714e-04
 Reference value :  4.55714e-04
 Reference value :  4.95714e-04
 Reference value :  5.35714e-04
 Reference value :  5.75714e-04
 Reference value :  6.15714e-04
 Reference value :  6.55714e-04
 Reference value :  6.95714e-04
 Reference value :  7.35714e-04
 Reference value :  7.75714e-04
 Reference value :  8.15714e-04
 Reference value :  8.55714e-04
 Reference value :  8.95714e-04
 Reference value :  9.25714e-04
 Reference value :  9.55714e-04
 Reference value :  9.85714e-04
 Reference value :  1.02571e-03
 Reference value :  1.06571e-03
 Reference value :  1.10571e-03
 Reference value :  1.14571e-03
 Reference value :  1.18571e-03
 Reference value :  1.22571e-03
 Reference value :  1.26571e-03
 Reference value :  1.30571e-03
 Reference value :  1.35571e-03
 Reference value :  1.39571e-03
 Reference value :  1.43571e-03
 Reference value :  1.47571e-03
 Reference value :  1.51571e-03
 Reference value :  1.55571e-03
 Reference value :  1.59571e-03
 Reference value :  1.63571e-03
 Reference value :  1.67571e-03
 Reference value :  1.71571e-03
 Reference value :  1.75571e-03
 Reference value :  1.78571e-03
 Reference value :  1.82571e-03
 Reference value :  1.86571e-03
 Reference value :  1.89571e-03
 Reference value :  1.93571e-03
 Reference value :  1.97571e-03
 Reference value :  2.01571e-03
 Reference value :  2.04571e-03
 Reference value :  2.07571e-03
 Reference value :  2.11571e-03
 Reference value :  2.14571e-03
 Reference value :  2.17571e-03
 Reference value :  2.21571e-03
 Reference value :  2.25571e-03
 Reference value :  2.29571e-03
 Reference value :  2.33571e-03
 Reference value :  2.36571e-03
 Reference value :  2.39571e-03
 Reference value :  2.42571e-03
 Reference value :  2.46571e-03
 Reference value :  2.50571e-03
 Reference value :  2.54571e-03
 Reference value :  2.58571e-03
 Reference value :  2.62571e-03
 Reference value :  2.66571e-03
 Reference value :  2.70571e-03
 Reference value :  2.74571e-03
 Reference value :  2.78571e-03
 Reference value :  2.82571e-03
 Reference value :  2.86571e-03
 Reference value :  2.90571e-03
 Reference value :  2.95571e-03
 Reference value :  3.00571e-03
 Reference value :  3.05571e-03
 Reference value :  3.09571e-03
 Reference value :  3.13571e-03
 Reference value :  3.17571e-03
 Reference value :  3.21571e-03
 Reference value :  3.25571e-03
 Reference value :  3.29571e-03
 Reference value :  3.33571e-03
 Reference value :  3.36571e-03
 Reference value :  3.39571e-03
 Reference value :  3.43571e-03
 Reference value :  3.46571e-03
 Reference value :  3.50571e-03
 Reference value :  3.54571e-03
 Reference value :  3.58571e-03
 Reference value :  3.62571e-03
 Reference value :  3.65571e-03
 Reference value :  3.69571e-03
 Reference value :  3.73571e-03
 Reference value :  3.76571e-03
 Reference value :  3.80571e-03
 Reference value :  3.84571e-03
 Reference value :  3.88571e-03
 Reference value :  3.92571e-03
 Reference value :  3.95571e-03
 Reference value :  3.98571e-03
No. of Data Rows : 437
vpk                 =  1.79741e+00 at=  1.47571e-03
vfloor              =  1.79740e+00 at=  3.99286e-03
tset                =  6.76239e-04
Doing analysis at TEMP = 125.000000 and TNOM = 27.000000

Using KLU as Direct Linear Solver
 Reference value :  0.00000e+00
 Reference value :  8.00000e-07
 Reference value :  6.40000e-06
 Reference value :  4.28000e-05
 Reference value :  8.28000e-05
 Reference value :  1.00100e-04
 Reference value :  1.00411e-04
 Reference value :  1.00516e-04
 Reference value :  1.00588e-04
 Reference value :  1.00759e-04
 Reference value :  1.00866e-04
 Reference value :  1.01000e-04
 Reference value :  1.01021e-04
 Reference value :  1.01077e-04
 Reference value :  1.01240e-04
 Reference value :  1.01473e-04
 Reference value :  1.02256e-04
 Reference value :  1.05752e-04
 Reference value :  1.26830e-04
 Reference value :  1.46830e-04
 Reference value :  1.76830e-04
 Reference value :  2.06830e-04
 Reference value :  2.46830e-04
 Reference value :  2.86830e-04
 Reference value :  3.26830e-04
 Reference value :  3.66830e-04
 Reference value :  4.06830e-04
 Reference value :  4.46830e-04
 Reference value :  4.96830e-04
 Reference value :  5.56830e-04
 Reference value :  6.06830e-04
 Reference value :  6.56830e-04
 Reference value :  6.96830e-04
 Reference value :  7.36830e-04
 Reference value :  7.76830e-04
 Reference value :  8.16830e-04
 Reference value :  8.56830e-04
 Reference value :  8.86830e-04
 Reference value :  9.26830e-04
 Reference value :  9.66830e-04
 Reference value :  1.00683e-03
 Reference value :  1.05683e-03
 Reference value :  1.11683e-03
 Reference value :  1.16683e-03
 Reference value :  1.22683e-03
 Reference value :  1.27683e-03
 Reference value :  1.33683e-03
 Reference value :  1.39683e-03
 Reference value :  1.45683e-03
 Reference value :  1.50683e-03
 Reference value :  1.56683e-03
 Reference value :  1.61683e-03
 Reference value :  1.66683e-03
 Reference value :  1.72683e-03
 Reference value :  1.77683e-03
 Reference value :  1.82683e-03
 Reference value :  1.88683e-03
 Reference value :  1.94683e-03
 Reference value :  2.00683e-03
 Reference value :  2.06683e-03
 Reference value :  2.12683e-03
 Reference value :  2.17683e-03
 Reference value :  2.22683e-03
 Reference value :  2.27683e-03
 Reference value :  2.32683e-03
 Reference value :  2.37683e-03
 Reference value :  2.43683e-03
 Reference value :  2.48683e-03
 Reference value :  2.54683e-03
 Reference value :  2.60683e-03
 Reference value :  2.65683e-03
 Reference value :  2.70683e-03
 Reference value :  2.76683e-03
 Reference value :  2.82683e-03
 Reference value :  2.87683e-03
 Reference value :  2.92683e-03
 Reference value :  2.98683e-03
 Reference value :  3.03683e-03
 Reference value :  3.08683e-03
 Reference value :  3.12683e-03
 Reference value :  3.17683e-03
 Reference value :  3.22683e-03
 Reference value :  3.27683e-03
 Reference value :  3.33683e-03
 Reference value :  3.39683e-03
 Reference value :  3.45683e-03
 Reference value :  3.51683e-03
 Reference value :  3.56683e-03
 Reference value :  3.62683e-03
 Reference value :  3.68683e-03
 Reference value :  3.74683e-03
 Reference value :  3.80683e-03
 Reference value :  3.86683e-03
 Reference value :  3.91683e-03
 Reference value :  3.96683e-03
No. of Data Rows : 435
vpk                 =  1.82693e+00 at=  1.05683e-03
vfloor              =  1.82661e+00 at=  4.00000e-03
tset                =  6.38511e-04
Doing analysis at TEMP = 125.000000 and TNOM = 27.000000

Using KLU as Direct Linear Solver
 Reference value :  0.00000e+00
 Reference value :  1.60000e-06
 Reference value :  4.28000e-05
 Reference value :  9.14000e-05
 Reference value :  1.00100e-04
 Reference value :  1.00411e-04
 Reference value :  1.00516e-04
 Reference value :  1.00588e-04
 Reference value :  1.00759e-04
 Reference value :  1.00866e-04
 Reference value :  1.00933e-04
 Reference value :  1.01008e-04
 Reference value :  1.01056e-04
 Reference value :  1.01127e-04
 Reference value :  1.01174e-04
 Reference value :  1.01339e-04
 Reference value :  1.01613e-04
 Reference value :  1.02171e-04
 Reference value :  1.07850e-04
 Reference value :  1.21706e-04
 Reference value :  1.39803e-04
 Reference value :  1.64181e-04
 Reference value :  1.94181e-04
 Reference value :  2.34181e-04
 Reference value :  2.74181e-04
 Reference value :  3.14181e-04
 Reference value :  3.54181e-04
 Reference value :  3.94181e-04
 Reference value :  4.34181e-04
 Reference value :  4.74181e-04
 Reference value :  5.24181e-04
 Reference value :  5.84181e-04
 Reference value :  6.24181e-04
 Reference value :  6.64181e-04
 Reference value :  7.04181e-04
 Reference value :  7.44181e-04
 Reference value :  7.84181e-04
 Reference value :  8.34181e-04
 Reference value :  8.84181e-04
 Reference value :  9.34181e-04
 Reference value :  9.84181e-04
 Reference value :  1.02418e-03
 Reference value :  1.06418e-03
 Reference value :  1.10418e-03
 Reference value :  1.14418e-03
 Reference value :  1.18418e-03
 Reference value :  1.21418e-03
 Reference value :  1.25418e-03
 Reference value :  1.29418e-03
 Reference value :  1.33418e-03
 Reference value :  1.37418e-03
 Reference value :  1.40418e-03
 Reference value :  1.44418e-03
 Reference value :  1.47418e-03
 Reference value :  1.50418e-03
 Reference value :  1.53418e-03
 Reference value :  1.57418e-03
 Reference value :  1.62418e-03
 Reference value :  1.66418e-03
 Reference value :  1.70418e-03
 Reference value :  1.74418e-03
 Reference value :  1.77418e-03
 Reference value :  1.80418e-03
 Reference value :  1.84418e-03
 Reference value :  1.88418e-03
 Reference value :  1.92418e-03
 Reference value :  1.95418e-03
 Reference value :  1.99418e-03
 Reference value :  2.04418e-03
 Reference value :  2.07418e-03
 Reference value :  2.11418e-03
 Reference value :  2.14418e-03
 Reference value :  2.18418e-03
 Reference value :  2.22418e-03
 Reference value :  2.26418e-03
 Reference value :  2.32418e-03
 Reference value :  2.36418e-03
 Reference value :  2.40418e-03
 Reference value :  2.44418e-03
 Reference value :  2.49418e-03
 Reference value :  2.54418e-03
 Reference value :  2.58418e-03
 Reference value :  2.62418e-03
 Reference value :  2.66418e-03
 Reference value :  2.70418e-03
 Reference value :  2.74418e-03
 Reference value :  2.78418e-03
 Reference value :  2.82418e-03
 Reference value :  2.86418e-03
 Reference value :  2.90418e-03
 Reference value :  2.93418e-03
 Reference value :  2.97418e-03
 Reference value :  3.01418e-03
 Reference value :  3.05418e-03
 Reference value :  3.08418e-03
 Reference value :  3.11418e-03
 Reference value :  3.15418e-03
 Reference value :  3.19418e-03
 Reference value :  3.23418e-03
 Reference value :  3.27418e-03
 Reference value :  3.31418e-03
 Reference value :  3.35418e-03
 Reference value :  3.39418e-03
 Reference value :  3.42418e-03
 Reference value :  3.46418e-03
 Reference value :  3.50418e-03
 Reference value :  3.54418e-03
 Reference value :  3.59418e-03
 Reference value :  3.62418e-03
 Reference value :  3.66418e-03
 Reference value :  3.70418e-03
 Reference value :  3.74418e-03
 Reference value :  3.77418e-03
 Reference value :  3.81418e-03
 Reference value :  3.86418e-03
 Reference value :  3.90418e-03
 Reference value :  3.94418e-03
 Reference value :  3.98418e-03
No. of Data Rows : 437
vpk                 =  1.79741e+00 at=  1.44418e-03
vfloor              =  1.79740e+00 at=  4.00000e-03
tset                =  6.60909e-04
meas_vpk_c033_0ma_v = 1.820634e+00
meas_vfloor_c033_0ma_v = 1.816268e+00
meas_tramp_c033_0ma_ms = 5.471476e-01
meas_vpk_c033_50ma_v = 1.797406e+00
meas_vfloor_c033_50ma_v = 1.797398e+00
meas_tramp_c033_50ma_ms = 5.762386e-01
meas_vpk_c47_0ma_v = 1.826931e+00
meas_vfloor_c47_0ma_v = 1.826613e+00
meas_tramp_c47_0ma_ms = 5.385111e-01
meas_vpk_c47_50ma_v = 1.797406e+00
meas_vfloor_c47_50ma_v = 1.797400e+00
meas_tramp_c47_50ma_ms = 5.609086e-01
ngspice-46 done

# ==== ngspice stderr ====
Note: Starting dynamic gmin stepping
Note: Dynamic gmin stepping completed
Note: Starting dynamic gmin stepping
Note: Dynamic gmin stepping completed
