# corner: ff_27c_2.97v
# process=ff temp=27C supply=2.97V
# ngspice exit: 0
# wall clock: 115.7s (--timeout was 300s)
# result: PASS

# ==== deck (exact input given to ngspice) ====
| * startup corner deck -- generated by sim/bin/corner-run.py, do not edit
| * corner: ff_27c_2.97v
| .param vsup=2.97
| .option wnflag=1
| .temp 27
| .lib "/home/ubuntu/.volare/sky130A/libs.tech/combined/sky130.lib.spice" ff
| ** sch_path: sim/startup/testbench/tb_startup.sch
| **.subckt tb_startup
| VVIN VIN 0 'vsup'
| .save i(vvin)
| VEN EN 0 PULSE(0 'vsup' 100u 1u 1u 100 200)
| .save i(ven)
| VVREF VREF 0 1.2
| .save i(vvref)
| xldo VOUT VREF EN VIN ldo_3v3in_1v8out
| COUT VOUT VESR 0.33u m=1
| RESR VESR 0 10m m=1
| RLOAD VOUT 0 1e12 m=1
| **.ends
| 
| * expanding   symbol:  design/ldo_3v3in_1v8out.sym # of pins=4
| ** sym_path: design/ldo_3v3in_1v8out.sym
| ** sch_path: design/ldo_3v3in_1v8out.sch
| .subckt ldo_3v3in_1v8out VOUT VREF EN VIN
| *.ipin VIN
| *.ipin EN
| *.ipin VREF
| *.opin VOUT
| XR_BIAS VIN NB 0 sky130_fd_pr__res_high_po W=0.42 L=1500 mult=1 m=1
| XM_BIASN1 NB NB BIAS_ENN 0 sky130_fd_pr__nfet_g5v0d10v5 L=1 W=4 nf=1 ad=1.16 as=1.16 pd=8.58 ps=8.58 nrd=0.0725 nrs=0.0725 sa=0
| + sb=0 sd=0 mult=1 m=1
| XM_ENN BIAS_ENN EN 0 0 sky130_fd_pr__nfet_g5v0d10v5 L=0.5 W=10 nf=1 ad=2.9 as=2.9 pd=20.58 ps=20.58 nrd=0.029 nrs=0.029 sa=0 sb=0
| + sd=0 mult=1 m=1
| XM_BIASN2 BIASP NB BIAS_ENN 0 sky130_fd_pr__nfet_g5v0d10v5 L=1 W=4 nf=1 ad=1.16 as=1.16 pd=8.58 ps=8.58 nrd=0.0725 nrs=0.0725 sa=0
| + sb=0 sd=0 mult=1 m=1
| XM_BIASP1 BIASP BIASP VIN VIN sky130_fd_pr__pfet_g5v0d10v5 L=1 W=10 nf=2 ad=1.45 as=2.9 pd=10.58 ps=21.16 nrd=0.029 nrs=0.029 sa=0
| + sb=0 sd=0 mult=1 m=1
| XM_ENP2 BIASP EN VIN VIN sky130_fd_pr__pfet_g5v0d10v5 L=0.5 W=10 nf=1 ad=2.9 as=2.9 pd=20.58 ps=20.58 nrd=0.029 nrs=0.029 sa=0
| + sb=0 sd=0 mult=1 m=1
| XM_TAIL EA_TAIL BIASP VIN VIN sky130_fd_pr__pfet_g5v0d10v5 L=2 W=40 nf=8 ad=5.8 as=7.25 pd=42.32 ps=52.9 nrd=0.00725 nrs=0.00725
| + sa=0 sb=0 sd=0 mult=1 m=1
| XM_IN1 EA_D1 FB EA_TAIL VIN sky130_fd_pr__pfet_g5v0d10v5 L=2 W=10 nf=2 ad=1.45 as=2.9 pd=10.58 ps=21.16 nrd=0.029 nrs=0.029 sa=0
| + sb=0 sd=0 mult=1 m=1
| XM_IN2 EA_D2 VREF EA_TAIL VIN sky130_fd_pr__pfet_g5v0d10v5 L=2 W=10 nf=2 ad=1.45 as=2.9 pd=10.58 ps=21.16 nrd=0.029 nrs=0.029 sa=0
| + sb=0 sd=0 mult=1 m=1
| XM_MIR1 EA_D1 EA_D1 AMP_ENN 0 sky130_fd_pr__nfet_g5v0d10v5 L=4 W=10 nf=2 ad=1.45 as=2.9 pd=10.58 ps=21.16 nrd=0.029 nrs=0.029 sa=0
| + sb=0 sd=0 mult=1 m=1
| XM_MIR2 EA_OUT EA_D1 AMP_ENN 0 sky130_fd_pr__nfet_g5v0d10v5 L=4 W=10 nf=2 ad=1.45 as=2.9 pd=10.58 ps=21.16 nrd=0.029 nrs=0.029
| + sa=0 sb=0 sd=0 mult=1 m=1
| XM_ENN2 AMP_ENN EN 0 0 sky130_fd_pr__nfet_g5v0d10v5 L=0.5 W=10 nf=1 ad=2.9 as=2.9 pd=20.58 ps=20.58 nrd=0.029 nrs=0.029 sa=0 sb=0
| + sd=0 mult=1 m=1
| XM_ENP EA_OUT EN VIN VIN sky130_fd_pr__pfet_g5v0d10v5 L=0.5 W=10 nf=1 ad=2.9 as=2.9 pd=20.58 ps=20.58 nrd=0.029 nrs=0.029 sa=0
| + sb=0 sd=0 mult=1 m=1
| XM_MIR3 EA_D2 EA_D2 AMP_ENN 0 sky130_fd_pr__nfet_g5v0d10v5 L=4 W=10 nf=2 ad=1.45 as=2.9 pd=10.58 ps=21.16 nrd=0.029 nrs=0.029 sa=0
| + sb=0 sd=0 mult=1 m=1
| XM_MIR4 PB EA_D2 AMP_ENN 0 sky130_fd_pr__nfet_g5v0d10v5 L=4 W=10 nf=2 ad=1.45 as=2.9 pd=10.58 ps=21.16 nrd=0.029 nrs=0.029 sa=0
| + sb=0 sd=0 mult=1 m=1
| XM_MIRP1 PB PB VIN VIN sky130_fd_pr__pfet_g5v0d10v5 L=4 W=20 nf=4 ad=2.9 as=4.35 pd=21.16 ps=31.74 nrd=0.0145 nrs=0.0145 sa=0 sb=0
| + sd=0 mult=1 m=1
| XM_MIRP2 EA_OUT PB VIN VIN sky130_fd_pr__pfet_g5v0d10v5 L=4 W=20 nf=4 ad=2.9 as=4.35 pd=21.16 ps=31.74 nrd=0.0145 nrs=0.0145 sa=0
| + sb=0 sd=0 mult=1 m=1
| XM_ENP5 PB EN VIN VIN sky130_fd_pr__pfet_g5v0d10v5 L=0.5 W=2 nf=1 ad=0.58 as=0.58 pd=4.58 ps=4.58 nrd=0.145 nrs=0.145 sa=0 sb=0
| + sd=0 mult=1 m=1
| XM_PASS VOUT EA_OUT VIN VIN sky130_fd_pr__pfet_g5v0d10v5 L=0.5 W=100 nf=25 ad=15.08 as=15.08 pd=111.54 ps=111.54 nrd=0.0029
| + nrs=0.0029 sa=0 sb=0 sd=0 mult=25 m=25
| C_COMP VOUT EA_CZ 150p m=1
| XR_CZ EA_CZ EA_OUT 0 sky130_fd_pr__res_xhigh_po W=0.42 L=52 mult=1 m=1
| XR_FB_A VOUT FB 0 sky130_fd_pr__res_xhigh_po W=0.42 L=180 mult=1 m=1
| XR_FB_B FB N_FBB 0 sky130_fd_pr__res_xhigh_po W=0.42 L=180 mult=1 m=1
| XR_FB_C N_FBB 0 0 sky130_fd_pr__res_xhigh_po W=0.42 L=180 mult=1 m=1
| XM_SENSE CL_SNS EA_OUT VIN VIN sky130_fd_pr__pfet_g5v0d10v5 L=0.5 W=0.42 nf=1 ad=0.1218 as=0.1218 pd=1.42 ps=1.42
| + nrd=0.69047619047619 nrs=0.69047619047619 sa=0 sb=0 sd=0 mult=1 m=1
| XM_CLN1 CL_SNS CL_SNS AMP_ENN 0 sky130_fd_pr__nfet_g5v0d10v5 L=1 W=20 nf=1 ad=5.8 as=5.8 pd=40.58 ps=40.58 nrd=0.0145 nrs=0.0145
| + sa=0 sb=0 sd=0 mult=1 m=1
| XM_CLN2 CL_CMP CL_SNS AMP_ENN 0 sky130_fd_pr__nfet_g5v0d10v5 L=1 W=1.6 nf=1 ad=0.464 as=0.464 pd=3.78 ps=3.78 nrd=0.18125
| + nrs=0.18125 sa=0 sb=0 sd=0 mult=1 m=1
| XM_CLP CL_CMP BIASP VIN VIN sky130_fd_pr__pfet_g5v0d10v5 L=1 W=10 nf=2 ad=1.45 as=2.9 pd=10.58 ps=21.16 nrd=0.029 nrs=0.029 sa=0
| + sb=0 sd=0 mult=1 m=1
| XM_CLIM EA_OUT CL_CMP VIN VIN sky130_fd_pr__pfet_g5v0d10v5 L=0.5 W=20 nf=4 ad=2.9 as=4.35 pd=21.16 ps=31.74 nrd=0.0145 nrs=0.0145
| + sa=0 sb=0 sd=0 mult=1 m=1
| XM_ENP3 CL_CMP EN VIN VIN sky130_fd_pr__pfet_g5v0d10v5 L=0.5 W=2 nf=1 ad=0.58 as=0.58 pd=4.58 ps=4.58 nrd=0.145 nrs=0.145 sa=0
| + sb=0 sd=0 mult=1 m=1
| C_CL VIN CL_CMP 1p m=1
| XM_INVP ENB EN VIN VIN sky130_fd_pr__pfet_g5v0d10v5 L=0.5 W=2 nf=1 ad=0.58 as=0.58 pd=4.58 ps=4.58 nrd=0.145 nrs=0.145 sa=0 sb=0
| + sd=0 mult=1 m=1
| XM_INVN ENB EN 0 0 sky130_fd_pr__nfet_g5v0d10v5 L=0.5 W=1 nf=1 ad=0.29 as=0.29 pd=2.58 ps=2.58 nrd=0.29 nrs=0.29 sa=0 sb=0 sd=0
| + mult=1 m=1
| XM_SSDIS SS ENB 0 0 sky130_fd_pr__nfet_g5v0d10v5 L=0.5 W=2 nf=1 ad=0.58 as=0.58 pd=4.58 ps=4.58 nrd=0.145 nrs=0.145 sa=0 sb=0 sd=0
| + mult=1 m=1
| XM_SSCHG SS BIASP VIN VIN sky130_fd_pr__pfet_g5v0d10v5 L=8 W=1 nf=1 ad=0.29 as=0.29 pd=2.58 ps=2.58 nrd=0.29 nrs=0.29 sa=0 sb=0
| + sd=0 mult=1 m=1
| C_SS SS 0 10p m=1
| XM_IN2S EA_D2 SS EA_TAIL VIN sky130_fd_pr__pfet_g5v0d10v5 L=2 W=10 nf=2 ad=1.45 as=2.9 pd=10.58 ps=21.16 nrd=0.029 nrs=0.029 sa=0
| + sb=0 sd=0 mult=1 m=1
| XM_TSPS TS_SNS BIASP VIN VIN sky130_fd_pr__pfet_g5v0d10v5 L=1 W=2.5 nf=1 ad=0.725 as=0.725 pd=5.58 ps=5.58 nrd=0.116 nrs=0.116
| + sa=0 sb=0 sd=0 mult=1 m=1
| XM_TSD1 TS_SNS TS_SNS TS_MID 0 sky130_fd_pr__nfet_g5v0d10v5 L=1 W=80 nf=16 ad=11.6 as=13.05 pd=84.64 ps=95.22 nrd=0.003625
| + nrs=0.003625 sa=0 sb=0 sd=0 mult=1 m=1
| XM_TSD2 TS_MID TS_MID AMP_ENN 0 sky130_fd_pr__nfet_g5v0d10v5 L=1 W=80 nf=16 ad=11.6 as=13.05 pd=84.64 ps=95.22 nrd=0.003625
| + nrs=0.003625 sa=0 sb=0 sd=0 mult=1 m=1
| XM_TSPR TS_REF BIASP VIN VIN sky130_fd_pr__pfet_g5v0d10v5 L=1 W=2.5 nf=1 ad=0.725 as=0.725 pd=5.58 ps=5.58 nrd=0.116 nrs=0.116
| + sa=0 sb=0 sd=0 mult=1 m=1
| XM_TSR1 TS_REF TS_REF AMP_ENN 0 sky130_fd_pr__nfet_g5v0d10v5 L=10 W=2 nf=1 ad=0.58 as=0.58 pd=4.58 ps=4.58 nrd=0.145 nrs=0.145
| + sa=0 sb=0 sd=0 mult=1 m=1
| XM_TCTAIL TC_TAIL NB AMP_ENN 0 sky130_fd_pr__nfet_g5v0d10v5 L=1 W=1 nf=1 ad=0.29 as=0.29 pd=2.58 ps=2.58 nrd=0.29 nrs=0.29 sa=0
| + sb=0 sd=0 mult=1 m=1
| XM_TCN1 TC_D1 TS_SNS TC_TAIL 0 sky130_fd_pr__nfet_g5v0d10v5 L=2 W=10 nf=2 ad=1.45 as=2.9 pd=10.58 ps=21.16 nrd=0.029 nrs=0.029
| + sa=0 sb=0 sd=0 mult=1 m=1
| XM_TCN2 TS_CMP TS_REF TC_TAIL 0 sky130_fd_pr__nfet_g5v0d10v5 L=2 W=10 nf=2 ad=1.45 as=2.9 pd=10.58 ps=21.16 nrd=0.029 nrs=0.029
| + sa=0 sb=0 sd=0 mult=1 m=1
| XM_TCP1 TC_D1 TC_D1 VIN VIN sky130_fd_pr__pfet_g5v0d10v5 L=2 W=10 nf=2 ad=1.45 as=2.9 pd=10.58 ps=21.16 nrd=0.029 nrs=0.029 sa=0
| + sb=0 sd=0 mult=1 m=1
| XM_TCP2 TS_CMP TC_D1 VIN VIN sky130_fd_pr__pfet_g5v0d10v5 L=2 W=10 nf=2 ad=1.45 as=2.9 pd=10.58 ps=21.16 nrd=0.029 nrs=0.029 sa=0
| + sb=0 sd=0 mult=1 m=1
| XM_TSHUT EA_OUT TS_CMP VIN VIN sky130_fd_pr__pfet_g5v0d10v5 L=0.5 W=20 nf=4 ad=2.9 as=4.35 pd=21.16 ps=31.74 nrd=0.0145 nrs=0.0145
| + sa=0 sb=0 sd=0 mult=1 m=1
| XM_TSHYSB TS_HYS BIASP VIN VIN sky130_fd_pr__pfet_g5v0d10v5 L=2 W=1.5 nf=1 ad=0.435 as=0.435 pd=3.58 ps=3.58 nrd=0.193333333333333
| + nrs=0.193333333333333 sa=0 sb=0 sd=0 mult=1 m=1
| XM_TSHYS TS_REF TS_CMP TS_HYS VIN sky130_fd_pr__pfet_g5v0d10v5 L=0.5 W=2 nf=1 ad=0.58 as=0.58 pd=4.58 ps=4.58 nrd=0.145 nrs=0.145
| + sa=0 sb=0 sd=0 mult=1 m=1
| XM_ENP4 TS_CMP EN VIN VIN sky130_fd_pr__pfet_g5v0d10v5 L=0.5 W=2 nf=1 ad=0.58 as=0.58 pd=4.58 ps=4.58 nrd=0.145 nrs=0.145 sa=0
| + sb=0 sd=0 mult=1 m=1
| C_TS VIN TS_CMP 1p m=1
| .ends
| 
| .control
| save all
| * --- leg 1: C_out 0.33uF, 0 mA (feedback divider is the only preload) ---
| tran 10u 4m
| meas tran vpk max v(vout) from=100u to=4m
| meas tran vfloor min v(vout) from=3.1m to=4m
| meas tran tset when v(vout)=1.764 rise=1
| * --- leg 2: C_out 0.33uF, 50 mA ---
| alter rload = 36
| tran 10u 4m
| meas tran vpk max v(vout) from=100u to=4m
| meas tran vfloor min v(vout) from=3.1m to=4m
| meas tran tset when v(vout)=1.764 rise=1
| * --- leg 3: C_out 4.7uF, 0 mA ---
| alter cout = 4.7u
| alter rload = 1e12
| tran 10u 4m
| meas tran vpk max v(vout) from=100u to=4m
| meas tran vfloor min v(vout) from=3.1m to=4m
| meas tran tset when v(vout)=1.764 rise=1
| * --- leg 4: C_out 4.7uF, 50 mA ---
| alter rload = 36
| tran 10u 4m
| meas tran vpk max v(vout) from=100u to=4m
| meas tran vfloor min v(vout) from=3.1m to=4m
| meas tran tset when v(vout)=1.764 rise=1
| let meas_vpk_c033_0ma_v = tran1.vpk
| let meas_vfloor_c033_0ma_v = tran1.vfloor
| let meas_tramp_c033_0ma_ms = 1000*(tran1.tset - 100u)
| let meas_vpk_c033_50ma_v = tran2.vpk
| let meas_vfloor_c033_50ma_v = tran2.vfloor
| let meas_tramp_c033_50ma_ms = 1000*(tran2.tset - 100u)
| let meas_vpk_c47_0ma_v = tran3.vpk
| let meas_vfloor_c47_0ma_v = tran3.vfloor
| let meas_tramp_c47_0ma_ms = 1000*(tran3.tset - 100u)
| let meas_vpk_c47_50ma_v = tran4.vpk
| let meas_vfloor_c47_50ma_v = tran4.vfloor
| let meas_tramp_c47_50ma_ms = 1000*(tran4.tset - 100u)
| print meas_vpk_c033_0ma_v
| print meas_vfloor_c033_0ma_v
| print meas_tramp_c033_0ma_ms
| print meas_vpk_c033_50ma_v
| print meas_vfloor_c033_50ma_v
| print meas_tramp_c033_50ma_ms
| print meas_vpk_c47_0ma_v
| print meas_vfloor_c47_0ma_v
| print meas_tramp_c47_0ma_ms
| print meas_vpk_c47_50ma_v
| print meas_vfloor_c47_50ma_v
| print meas_tramp_c47_50ma_ms
| quit
| .endc
| .end

# ==== ngspice stdout ====

Note: Compatibility modes selected: hs a


Circuit: * startup corner deck -- generated by sim/bin/corner-run.py, do not edit

option SCALE: Scale is set to 1e-06 for instance and model parameters
option SCALE: Scale is set to 1e-06 for instance and model parameters
option SCALE: Scale is set to 1e-06 for instance and model parameters
option SCALE: Scale is set to 1e-06 for instance and model parameters
Doing analysis at TEMP = 27.000000 and TNOM = 27.000000

Using KLU as Direct Linear Solver
 Reference value :  0.00000e+00
 Reference value :  8.00000e-07
 Reference value :  1.28000e-05
 Reference value :  5.28000e-05
 Reference value :  8.28000e-05
 Reference value :  1.00100e-04
 Reference value :  1.00300e-04
 Reference value :  1.00411e-04
 Reference value :  1.00515e-04
 Reference value :  1.00590e-04
 Reference value :  1.00736e-04
 Reference value :  1.00810e-04
 Reference value :  1.00872e-04
 Reference value :  1.00911e-04
 Reference value :  1.00955e-04
 Reference value :  1.00995e-04
 Reference value :  1.01004e-04
 Reference value :  1.01029e-04
 Reference value :  1.01255e-04
 Reference value :  1.01748e-04
 Reference value :  1.06068e-04
 Reference value :  1.27701e-04
 Reference value :  1.44788e-04
 Reference value :  1.64507e-04
 Reference value :  1.94507e-04
 Reference value :  2.34507e-04
 Reference value :  2.74507e-04
 Reference value :  3.14507e-04
 Reference value :  3.44507e-04
 Reference value :  3.74507e-04
 Reference value :  4.14507e-04
 Reference value :  4.44507e-04
 Reference value :  4.64507e-04
 Reference value :  4.94507e-04
 Reference value :  5.24507e-04
 Reference value :  5.64507e-04
 Reference value :  5.94507e-04
 Reference value :  6.24507e-04
 Reference value :  6.54507e-04
 Reference value :  6.84507e-04
 Reference value :  7.04507e-04
 Reference value :  7.34507e-04
 Reference value :  7.64507e-04
 Reference value :  7.84507e-04
 Reference value :  8.14507e-04
 Reference value :  8.54507e-04
 Reference value :  8.94507e-04
 Reference value :  9.34507e-04
 Reference value :  9.74507e-04
 Reference value :  1.01451e-03
 Reference value :  1.04451e-03
 Reference value :  1.07451e-03
 Reference value :  1.10451e-03
 Reference value :  1.13451e-03
 Reference value :  1.16451e-03
 Reference value :  1.19451e-03
 Reference value :  1.22451e-03
 Reference value :  1.25451e-03
 Reference value :  1.29451e-03
 Reference value :  1.32451e-03
 Reference value :  1.36451e-03
 Reference value :  1.39451e-03
 Reference value :  1.42451e-03
 Reference value :  1.45451e-03
 Reference value :  1.49451e-03
 Reference value :  1.53451e-03
 Reference value :  1.57451e-03
 Reference value :  1.61451e-03
 Reference value :  1.65451e-03
 Reference value :  1.68451e-03
 Reference value :  1.72451e-03
 Reference value :  1.75451e-03
 Reference value :  1.78451e-03
 Reference value :  1.81451e-03
 Reference value :  1.85451e-03
 Reference value :  1.88451e-03
 Reference value :  1.92451e-03
 Reference value :  1.95451e-03
 Reference value :  1.98451e-03
 Reference value :  2.02451e-03
 Reference value :  2.06451e-03
 Reference value :  2.10451e-03
 Reference value :  2.14451e-03
 Reference value :  2.18451e-03
 Reference value :  2.21451e-03
 Reference value :  2.24451e-03
 Reference value :  2.28451e-03
 Reference value :  2.32451e-03
 Reference value :  2.36451e-03
 Reference value :  2.39451e-03
 Reference value :  2.43451e-03
 Reference value :  2.46451e-03
 Reference value :  2.50451e-03
 Reference value :  2.54451e-03
 Reference value :  2.58451e-03
 Reference value :  2.62451e-03
 Reference value :  2.66451e-03
 Reference value :  2.70451e-03
 Reference value :  2.74451e-03
 Reference value :  2.78451e-03
 Reference value :  2.82451e-03
 Reference value :  2.86451e-03
 Reference value :  2.90451e-03
 Reference value :  2.94451e-03
 Reference value :  2.98451e-03
 Reference value :  3.02451e-03
 Reference value :  3.06451e-03
 Reference value :  3.10451e-03
 Reference value :  3.14451e-03
 Reference value :  3.18451e-03
 Reference value :  3.22451e-03
 Reference value :  3.26451e-03
 Reference value :  3.30451e-03
 Reference value :  3.33451e-03
 Reference value :  3.37451e-03
 Reference value :  3.41451e-03
 Reference value :  3.45451e-03
 Reference value :  3.49451e-03
 Reference value :  3.53451e-03
 Reference value :  3.57451e-03
 Reference value :  3.61451e-03
 Reference value :  3.65451e-03
 Reference value :  3.69451e-03
 Reference value :  3.72451e-03
 Reference value :  3.76451e-03
 Reference value :  3.80451e-03
 Reference value :  3.84451e-03
 Reference value :  3.88451e-03
 Reference value :  3.92451e-03
 Reference value :  3.96451e-03
 Reference value :  4.00000e-03
No. of Data Rows : 435
vpk                 =  1.81428e+00 at=  8.14507e-04
vfloor              =  1.80894e+00 at=  4.00000e-03
tset                =  4.99372e-04
Doing analysis at TEMP = 27.000000 and TNOM = 27.000000

Using KLU as Direct Linear Solver
 Reference value :  0.00000e+00
 Reference value :  8.00000e-07
 Reference value :  6.40000e-06
 Reference value :  4.28000e-05
 Reference value :  7.28000e-05
 Reference value :  1.00000e-04
 Reference value :  1.00300e-04
 Reference value :  1.00411e-04
 Reference value :  1.00590e-04
 Reference value :  1.00736e-04
 Reference value :  1.00810e-04
 Reference value :  1.00872e-04
 Reference value :  1.00911e-04
 Reference value :  1.00955e-04
 Reference value :  1.01005e-04
 Reference value :  1.01065e-04
 Reference value :  1.01184e-04
 Reference value :  1.01653e-04
 Reference value :  1.05018e-04
 Reference value :  1.15656e-04
 Reference value :  1.22269e-04
 Reference value :  1.29410e-04
 Reference value :  1.43564e-04
 Reference value :  1.61878e-04
 Reference value :  2.01878e-04
 Reference value :  2.41878e-04
 Reference value :  2.81878e-04
 Reference value :  3.21878e-04
 Reference value :  3.61878e-04
 Reference value :  4.01878e-04
 Reference value :  4.41878e-04
 Reference value :  4.81878e-04
 Reference value :  5.21878e-04
 Reference value :  5.61878e-04
 Reference value :  6.01878e-04
 Reference value :  6.41878e-04
 Reference value :  6.81878e-04
 Reference value :  7.21878e-04
 Reference value :  7.61878e-04
 Reference value :  8.01878e-04
 Reference value :  8.41878e-04
 Reference value :  8.81878e-04
 Reference value :  9.21878e-04
 Reference value :  9.51878e-04
 Reference value :  9.91878e-04
 Reference value :  1.03188e-03
 Reference value :  1.07188e-03
 Reference value :  1.11188e-03
 Reference value :  1.15188e-03
 Reference value :  1.19188e-03
 Reference value :  1.23188e-03
 Reference value :  1.27188e-03
 Reference value :  1.30188e-03
 Reference value :  1.34188e-03
 Reference value :  1.37188e-03
 Reference value :  1.40188e-03
 Reference value :  1.43188e-03
 Reference value :  1.46188e-03
 Reference value :  1.50188e-03
 Reference value :  1.53188e-03
 Reference value :  1.57188e-03
 Reference value :  1.61188e-03
 Reference value :  1.65188e-03
 Reference value :  1.69188e-03
 Reference value :  1.73188e-03
 Reference value :  1.77188e-03
 Reference value :  1.81188e-03
 Reference value :  1.86188e-03
 Reference value :  1.90188e-03
 Reference value :  1.94188e-03
 Reference value :  1.98188e-03
 Reference value :  2.03188e-03
 Reference value :  2.08188e-03
 Reference value :  2.11188e-03
 Reference value :  2.15188e-03
 Reference value :  2.19188e-03
 Reference value :  2.23188e-03
 Reference value :  2.27188e-03
 Reference value :  2.31188e-03
 Reference value :  2.35188e-03
 Reference value :  2.39188e-03
 Reference value :  2.42188e-03
 Reference value :  2.46188e-03
 Reference value :  2.51188e-03
 Reference value :  2.56188e-03
 Reference value :  2.61188e-03
 Reference value :  2.66188e-03
 Reference value :  2.71188e-03
 Reference value :  2.76188e-03
 Reference value :  2.81188e-03
 Reference value :  2.86188e-03
 Reference value :  2.91188e-03
 Reference value :  2.96188e-03
 Reference value :  3.02188e-03
 Reference value :  3.07188e-03
 Reference value :  3.11188e-03
 Reference value :  3.15188e-03
 Reference value :  3.18188e-03
 Reference value :  3.21188e-03
 Reference value :  3.25188e-03
 Reference value :  3.29188e-03
 Reference value :  3.32188e-03
 Reference value :  3.36188e-03
 Reference value :  3.40188e-03
 Reference value :  3.44188e-03
 Reference value :  3.48188e-03
 Reference value :  3.52188e-03
 Reference value :  3.56188e-03
 Reference value :  3.60188e-03
 Reference value :  3.64188e-03
 Reference value :  3.68188e-03
 Reference value :  3.72188e-03
 Reference value :  3.76188e-03
 Reference value :  3.80188e-03
 Reference value :  3.84188e-03
 Reference value :  3.88188e-03
 Reference value :  3.92188e-03
 Reference value :  3.97188e-03
No. of Data Rows : 435
vpk                 =  1.79795e+00 at=  1.30188e-03
vfloor              =  1.79795e+00 at=  3.99094e-03
tset                =  5.25021e-04
Doing analysis at TEMP = 27.000000 and TNOM = 27.000000

Using KLU as Direct Linear Solver
 Reference value :  0.00000e+00
 Reference value :  8.00000e-07
 Reference value :  1.28000e-05
 Reference value :  5.28000e-05
 Reference value :  9.14000e-05
 Reference value :  1.00300e-04
 Reference value :  1.00411e-04
 Reference value :  1.00515e-04
 Reference value :  1.00590e-04
 Reference value :  1.00736e-04
 Reference value :  1.00810e-04
 Reference value :  1.00872e-04
 Reference value :  1.00911e-04
 Reference value :  1.00995e-04
 Reference value :  1.01013e-04
 Reference value :  1.01126e-04
 Reference value :  1.01748e-04
 Reference value :  1.06068e-04
 Reference value :  1.28634e-04
 Reference value :  1.48151e-04
 Reference value :  1.88151e-04
 Reference value :  2.28151e-04
 Reference value :  2.68151e-04
 Reference value :  3.08151e-04
 Reference value :  3.58151e-04
 Reference value :  3.98151e-04
 Reference value :  4.28151e-04
 Reference value :  4.58151e-04
 Reference value :  4.88151e-04
 Reference value :  5.18151e-04
 Reference value :  5.58151e-04
 Reference value :  5.88151e-04
 Reference value :  6.18151e-04
 Reference value :  6.58151e-04
 Reference value :  6.98151e-04
 Reference value :  7.18151e-04
 Reference value :  7.48151e-04
 Reference value :  7.68151e-04
 Reference value :  7.98151e-04
 Reference value :  8.28151e-04
 Reference value :  8.58151e-04
 Reference value :  8.98151e-04
 Reference value :  9.38151e-04
 Reference value :  9.78151e-04
 Reference value :  1.02815e-03
 Reference value :  1.06815e-03
 Reference value :  1.10815e-03
 Reference value :  1.14815e-03
 Reference value :  1.19815e-03
 Reference value :  1.25815e-03
 Reference value :  1.29815e-03
 Reference value :  1.32815e-03
 Reference value :  1.35815e-03
 Reference value :  1.40815e-03
 Reference value :  1.45815e-03
 Reference value :  1.50815e-03
 Reference value :  1.55815e-03
 Reference value :  1.60815e-03
 Reference value :  1.65815e-03
 Reference value :  1.70815e-03
 Reference value :  1.75815e-03
 Reference value :  1.80815e-03
 Reference value :  1.85815e-03
 Reference value :  1.89815e-03
 Reference value :  1.93815e-03
 Reference value :  1.97815e-03
 Reference value :  2.01815e-03
 Reference value :  2.05815e-03
 Reference value :  2.09815e-03
 Reference value :  2.13815e-03
 Reference value :  2.17815e-03
 Reference value :  2.21815e-03
 Reference value :  2.25815e-03
 Reference value :  2.29815e-03
 Reference value :  2.33815e-03
 Reference value :  2.37815e-03
 Reference value :  2.41815e-03
 Reference value :  2.45815e-03
 Reference value :  2.49815e-03
 Reference value :  2.52815e-03
 Reference value :  2.57815e-03
 Reference value :  2.61815e-03
 Reference value :  2.65815e-03
 Reference value :  2.69815e-03
 Reference value :  2.73815e-03
 Reference value :  2.77815e-03
 Reference value :  2.81815e-03
 Reference value :  2.85815e-03
 Reference value :  2.89815e-03
 Reference value :  2.93815e-03
 Reference value :  2.96815e-03
 Reference value :  2.99815e-03
 Reference value :  3.02815e-03
 Reference value :  3.05815e-03
 Reference value :  3.08815e-03
 Reference value :  3.12815e-03
 Reference value :  3.15815e-03
 Reference value :  3.19815e-03
 Reference value :  3.23815e-03
 Reference value :  3.27815e-03
 Reference value :  3.30815e-03
 Reference value :  3.33815e-03
 Reference value :  3.37815e-03
 Reference value :  3.40815e-03
 Reference value :  3.44815e-03
 Reference value :  3.48815e-03
 Reference value :  3.52815e-03
 Reference value :  3.55815e-03
 Reference value :  3.59815e-03
 Reference value :  3.63815e-03
 Reference value :  3.67815e-03
 Reference value :  3.71815e-03
 Reference value :  3.75815e-03
 Reference value :  3.79815e-03
 Reference value :  3.83815e-03
 Reference value :  3.87815e-03
 Reference value :  3.91815e-03
 Reference value :  3.97815e-03
No. of Data Rows : 435
vpk                 =  1.82413e+00 at=  7.88151e-04
vfloor              =  1.82375e+00 at=  4.00000e-03
tset                =  4.89901e-04
Doing analysis at TEMP = 27.000000 and TNOM = 27.000000

Using KLU as Direct Linear Solver
 Reference value :  0.00000e+00
 Reference value :  3.20000e-06
 Reference value :  2.28000e-05
 Reference value :  5.28000e-05
 Reference value :  9.14000e-05
 Reference value :  1.00300e-04
 Reference value :  1.00411e-04
 Reference value :  1.00588e-04
 Reference value :  1.00734e-04
 Reference value :  1.00807e-04
 Reference value :  1.00869e-04
 Reference value :  1.00908e-04
 Reference value :  1.00976e-04
 Reference value :  1.01004e-04
 Reference value :  1.01063e-04
 Reference value :  1.01373e-04
 Reference value :  1.02058e-04
 Reference value :  1.10270e-04
 Reference value :  1.26800e-04
 Reference value :  1.41680e-04
 Reference value :  1.58917e-04
 Reference value :  1.88917e-04
 Reference value :  2.18917e-04
 Reference value :  2.58917e-04
 Reference value :  2.88917e-04
 Reference value :  3.28917e-04
 Reference value :  3.68917e-04
 Reference value :  4.08917e-04
 Reference value :  4.38917e-04
 Reference value :  4.78917e-04
 Reference value :  5.18917e-04
 Reference value :  5.48917e-04
 Reference value :  5.88917e-04
 Reference value :  6.28917e-04
 Reference value :  6.68917e-04
 Reference value :  7.08917e-04
 Reference value :  7.48917e-04
 Reference value :  7.78917e-04
 Reference value :  8.08917e-04
 Reference value :  8.48917e-04
 Reference value :  8.78917e-04
 Reference value :  9.18917e-04
 Reference value :  9.58917e-04
 Reference value :  9.88917e-04
 Reference value :  1.02892e-03
 Reference value :  1.06892e-03
 Reference value :  1.10892e-03
 Reference value :  1.15892e-03
 Reference value :  1.19892e-03
 Reference value :  1.23892e-03
 Reference value :  1.27892e-03
 Reference value :  1.31892e-03
 Reference value :  1.35892e-03
 Reference value :  1.39892e-03
 Reference value :  1.43892e-03
 Reference value :  1.47892e-03
 Reference value :  1.51892e-03
 Reference value :  1.55892e-03
 Reference value :  1.58892e-03
 Reference value :  1.61892e-03
 Reference value :  1.65892e-03
 Reference value :  1.68892e-03
 Reference value :  1.72892e-03
 Reference value :  1.76892e-03
 Reference value :  1.80892e-03
 Reference value :  1.84892e-03
 Reference value :  1.87892e-03
 Reference value :  1.91892e-03
 Reference value :  1.95892e-03
 Reference value :  1.98892e-03
 Reference value :  2.01892e-03
 Reference value :  2.05892e-03
 Reference value :  2.08892e-03
 Reference value :  2.11892e-03
 Reference value :  2.15892e-03
 Reference value :  2.18892e-03
 Reference value :  2.22892e-03
 Reference value :  2.25892e-03
 Reference value :  2.28892e-03
 Reference value :  2.32892e-03
 Reference value :  2.35892e-03
 Reference value :  2.39892e-03
 Reference value :  2.43892e-03
 Reference value :  2.46892e-03
 Reference value :  2.49892e-03
 Reference value :  2.52892e-03
 Reference value :  2.56892e-03
 Reference value :  2.60892e-03
 Reference value :  2.64892e-03
 Reference value :  2.67892e-03
 Reference value :  2.70892e-03
 Reference value :  2.73892e-03
 Reference value :  2.76892e-03
 Reference value :  2.79892e-03
 Reference value :  2.83892e-03
 Reference value :  2.87892e-03
 Reference value :  2.91892e-03
 Reference value :  2.95892e-03
 Reference value :  2.98892e-03
 Reference value :  3.01892e-03
 Reference value :  3.04892e-03
 Reference value :  3.08892e-03
 Reference value :  3.12892e-03
 Reference value :  3.16892e-03
 Reference value :  3.19892e-03
 Reference value :  3.22892e-03
 Reference value :  3.25892e-03
 Reference value :  3.28892e-03
 Reference value :  3.31892e-03
 Reference value :  3.35892e-03
 Reference value :  3.39892e-03
 Reference value :  3.42892e-03
 Reference value :  3.46892e-03
 Reference value :  3.49892e-03
 Reference value :  3.52892e-03
 Reference value :  3.55892e-03
 Reference value :  3.58892e-03
 Reference value :  3.61892e-03
 Reference value :  3.65892e-03
 Reference value :  3.68892e-03
 Reference value :  3.72892e-03
 Reference value :  3.76892e-03
 Reference value :  3.79892e-03
 Reference value :  3.82892e-03
 Reference value :  3.85892e-03
 Reference value :  3.88892e-03
 Reference value :  3.92892e-03
 Reference value :  3.96892e-03
 Reference value :  3.99446e-03
No. of Data Rows : 436
vpk                 =  1.79794e+00 at=  3.98892e-03
vfloor              =  1.79794e+00 at=  3.11892e-03
tset                =  5.06720e-04
meas_vpk_c033_0ma_v = 1.814285e+00
meas_vfloor_c033_0ma_v = 1.808941e+00
meas_tramp_c033_0ma_ms = 3.993717e-01
meas_vpk_c033_50ma_v = 1.797950e+00
meas_vfloor_c033_50ma_v = 1.797947e+00
meas_tramp_c033_50ma_ms = 4.250210e-01
meas_vpk_c47_0ma_v = 1.824132e+00
meas_vfloor_c47_0ma_v = 1.823750e+00
meas_tramp_c47_0ma_ms = 3.899012e-01
meas_vpk_c47_50ma_v = 1.797945e+00
meas_vfloor_c47_50ma_v = 1.797945e+00
meas_tramp_c47_50ma_ms = 4.067202e-01
ngspice-46 done

# ==== ngspice stderr ====
Note: Starting dynamic gmin stepping
Note: Dynamic gmin stepping completed
Note: Starting dynamic gmin stepping
Note: Dynamic gmin stepping completed
Note: Starting dynamic gmin stepping
Note: Dynamic gmin stepping completed
Note: Starting dynamic gmin stepping
Note: Dynamic gmin stepping completed
