# corner: ff_27c_3.30v
# process=ff temp=27C supply=3.30V
# ngspice exit: 0
# wall clock: 123.7s (--timeout was 300s)
# result: PASS

# ==== deck (exact input given to ngspice) ====
| * startup corner deck -- generated by sim/bin/corner-run.py, do not edit
| * corner: ff_27c_3.30v
| .param vsup=3.3
| .option wnflag=1
| .temp 27
| .lib "/home/ubuntu/.volare/sky130A/libs.tech/combined/sky130.lib.spice" ff
| ** sch_path: sim/startup/testbench/tb_startup.sch
| **.subckt tb_startup
| VVIN VIN 0 'vsup'
| .save i(vvin)
| VEN EN 0 PULSE(0 'vsup' 100u 1u 1u 100 200)
| .save i(ven)
| VVREF VREF 0 1.2
| .save i(vvref)
| xldo VOUT VREF EN VIN ldo_3v3in_1v8out
| COUT VOUT VESR 0.33u m=1
| RESR VESR 0 10m m=1
| RLOAD VOUT 0 1e12 m=1
| **.ends
| 
| * expanding   symbol:  design/ldo_3v3in_1v8out.sym # of pins=4
| ** sym_path: design/ldo_3v3in_1v8out.sym
| ** sch_path: design/ldo_3v3in_1v8out.sch
| .subckt ldo_3v3in_1v8out VOUT VREF EN VIN
| *.ipin VIN
| *.ipin EN
| *.ipin VREF
| *.opin VOUT
| XR_BIAS VIN NB 0 sky130_fd_pr__res_high_po W=0.42 L=1500 mult=1 m=1
| XM_BIASN1 NB NB BIAS_ENN 0 sky130_fd_pr__nfet_g5v0d10v5 L=1 W=4 nf=1 ad=1.16 as=1.16 pd=8.58 ps=8.58 nrd=0.0725 nrs=0.0725 sa=0
| + sb=0 sd=0 mult=1 m=1
| XM_ENN BIAS_ENN EN 0 0 sky130_fd_pr__nfet_g5v0d10v5 L=0.5 W=10 nf=1 ad=2.9 as=2.9 pd=20.58 ps=20.58 nrd=0.029 nrs=0.029 sa=0 sb=0
| + sd=0 mult=1 m=1
| XM_BIASN2 BIASP NB BIAS_ENN 0 sky130_fd_pr__nfet_g5v0d10v5 L=1 W=4 nf=1 ad=1.16 as=1.16 pd=8.58 ps=8.58 nrd=0.0725 nrs=0.0725 sa=0
| + sb=0 sd=0 mult=1 m=1
| XM_BIASP1 BIASP BIASP VIN VIN sky130_fd_pr__pfet_g5v0d10v5 L=1 W=10 nf=2 ad=1.45 as=2.9 pd=10.58 ps=21.16 nrd=0.029 nrs=0.029 sa=0
| + sb=0 sd=0 mult=1 m=1
| XM_ENP2 BIASP EN VIN VIN sky130_fd_pr__pfet_g5v0d10v5 L=0.5 W=10 nf=1 ad=2.9 as=2.9 pd=20.58 ps=20.58 nrd=0.029 nrs=0.029 sa=0
| + sb=0 sd=0 mult=1 m=1
| XM_TAIL EA_TAIL BIASP VIN VIN sky130_fd_pr__pfet_g5v0d10v5 L=2 W=40 nf=8 ad=5.8 as=7.25 pd=42.32 ps=52.9 nrd=0.00725 nrs=0.00725
| + sa=0 sb=0 sd=0 mult=1 m=1
| XM_IN1 EA_D1 FB EA_TAIL VIN sky130_fd_pr__pfet_g5v0d10v5 L=2 W=10 nf=2 ad=1.45 as=2.9 pd=10.58 ps=21.16 nrd=0.029 nrs=0.029 sa=0
| + sb=0 sd=0 mult=1 m=1
| XM_IN2 EA_D2 VREF EA_TAIL VIN sky130_fd_pr__pfet_g5v0d10v5 L=2 W=10 nf=2 ad=1.45 as=2.9 pd=10.58 ps=21.16 nrd=0.029 nrs=0.029 sa=0
| + sb=0 sd=0 mult=1 m=1
| XM_MIR1 EA_D1 EA_D1 AMP_ENN 0 sky130_fd_pr__nfet_g5v0d10v5 L=4 W=10 nf=2 ad=1.45 as=2.9 pd=10.58 ps=21.16 nrd=0.029 nrs=0.029 sa=0
| + sb=0 sd=0 mult=1 m=1
| XM_MIR2 EA_OUT EA_D1 AMP_ENN 0 sky130_fd_pr__nfet_g5v0d10v5 L=4 W=10 nf=2 ad=1.45 as=2.9 pd=10.58 ps=21.16 nrd=0.029 nrs=0.029
| + sa=0 sb=0 sd=0 mult=1 m=1
| XM_ENN2 AMP_ENN EN 0 0 sky130_fd_pr__nfet_g5v0d10v5 L=0.5 W=10 nf=1 ad=2.9 as=2.9 pd=20.58 ps=20.58 nrd=0.029 nrs=0.029 sa=0 sb=0
| + sd=0 mult=1 m=1
| XM_ENP EA_OUT EN VIN VIN sky130_fd_pr__pfet_g5v0d10v5 L=0.5 W=10 nf=1 ad=2.9 as=2.9 pd=20.58 ps=20.58 nrd=0.029 nrs=0.029 sa=0
| + sb=0 sd=0 mult=1 m=1
| XM_MIR3 EA_D2 EA_D2 AMP_ENN 0 sky130_fd_pr__nfet_g5v0d10v5 L=4 W=10 nf=2 ad=1.45 as=2.9 pd=10.58 ps=21.16 nrd=0.029 nrs=0.029 sa=0
| + sb=0 sd=0 mult=1 m=1
| XM_MIR4 PB EA_D2 AMP_ENN 0 sky130_fd_pr__nfet_g5v0d10v5 L=4 W=10 nf=2 ad=1.45 as=2.9 pd=10.58 ps=21.16 nrd=0.029 nrs=0.029 sa=0
| + sb=0 sd=0 mult=1 m=1
| XM_MIRP1 PB PB VIN VIN sky130_fd_pr__pfet_g5v0d10v5 L=4 W=20 nf=4 ad=2.9 as=4.35 pd=21.16 ps=31.74 nrd=0.0145 nrs=0.0145 sa=0 sb=0
| + sd=0 mult=1 m=1
| XM_MIRP2 EA_OUT PB VIN VIN sky130_fd_pr__pfet_g5v0d10v5 L=4 W=20 nf=4 ad=2.9 as=4.35 pd=21.16 ps=31.74 nrd=0.0145 nrs=0.0145 sa=0
| + sb=0 sd=0 mult=1 m=1
| XM_ENP5 PB EN VIN VIN sky130_fd_pr__pfet_g5v0d10v5 L=0.5 W=2 nf=1 ad=0.58 as=0.58 pd=4.58 ps=4.58 nrd=0.145 nrs=0.145 sa=0 sb=0
| + sd=0 mult=1 m=1
| XM_PASS VOUT EA_OUT VIN VIN sky130_fd_pr__pfet_g5v0d10v5 L=0.5 W=100 nf=25 ad=15.08 as=15.08 pd=111.54 ps=111.54 nrd=0.0029
| + nrs=0.0029 sa=0 sb=0 sd=0 mult=25 m=25
| C_COMP VOUT EA_CZ 150p m=1
| XR_CZ EA_CZ EA_OUT 0 sky130_fd_pr__res_xhigh_po W=0.42 L=52 mult=1 m=1
| XR_FB_A VOUT FB 0 sky130_fd_pr__res_xhigh_po W=0.42 L=180 mult=1 m=1
| XR_FB_B FB N_FBB 0 sky130_fd_pr__res_xhigh_po W=0.42 L=180 mult=1 m=1
| XR_FB_C N_FBB 0 0 sky130_fd_pr__res_xhigh_po W=0.42 L=180 mult=1 m=1
| XM_SENSE CL_SNS EA_OUT VIN VIN sky130_fd_pr__pfet_g5v0d10v5 L=0.5 W=0.42 nf=1 ad=0.1218 as=0.1218 pd=1.42 ps=1.42
| + nrd=0.69047619047619 nrs=0.69047619047619 sa=0 sb=0 sd=0 mult=1 m=1
| XM_CLN1 CL_SNS CL_SNS AMP_ENN 0 sky130_fd_pr__nfet_g5v0d10v5 L=1 W=20 nf=1 ad=5.8 as=5.8 pd=40.58 ps=40.58 nrd=0.0145 nrs=0.0145
| + sa=0 sb=0 sd=0 mult=1 m=1
| XM_CLN2 CL_CMP CL_SNS AMP_ENN 0 sky130_fd_pr__nfet_g5v0d10v5 L=1 W=1.6 nf=1 ad=0.464 as=0.464 pd=3.78 ps=3.78 nrd=0.18125
| + nrs=0.18125 sa=0 sb=0 sd=0 mult=1 m=1
| XM_CLP CL_CMP BIASP VIN VIN sky130_fd_pr__pfet_g5v0d10v5 L=1 W=10 nf=2 ad=1.45 as=2.9 pd=10.58 ps=21.16 nrd=0.029 nrs=0.029 sa=0
| + sb=0 sd=0 mult=1 m=1
| XM_CLIM EA_OUT CL_CMP VIN VIN sky130_fd_pr__pfet_g5v0d10v5 L=0.5 W=20 nf=4 ad=2.9 as=4.35 pd=21.16 ps=31.74 nrd=0.0145 nrs=0.0145
| + sa=0 sb=0 sd=0 mult=1 m=1
| XM_ENP3 CL_CMP EN VIN VIN sky130_fd_pr__pfet_g5v0d10v5 L=0.5 W=2 nf=1 ad=0.58 as=0.58 pd=4.58 ps=4.58 nrd=0.145 nrs=0.145 sa=0
| + sb=0 sd=0 mult=1 m=1
| C_CL VIN CL_CMP 1p m=1
| XM_INVP ENB EN VIN VIN sky130_fd_pr__pfet_g5v0d10v5 L=0.5 W=2 nf=1 ad=0.58 as=0.58 pd=4.58 ps=4.58 nrd=0.145 nrs=0.145 sa=0 sb=0
| + sd=0 mult=1 m=1
| XM_INVN ENB EN 0 0 sky130_fd_pr__nfet_g5v0d10v5 L=0.5 W=1 nf=1 ad=0.29 as=0.29 pd=2.58 ps=2.58 nrd=0.29 nrs=0.29 sa=0 sb=0 sd=0
| + mult=1 m=1
| XM_SSDIS SS ENB 0 0 sky130_fd_pr__nfet_g5v0d10v5 L=0.5 W=2 nf=1 ad=0.58 as=0.58 pd=4.58 ps=4.58 nrd=0.145 nrs=0.145 sa=0 sb=0 sd=0
| + mult=1 m=1
| XM_SSCHG SS BIASP VIN VIN sky130_fd_pr__pfet_g5v0d10v5 L=8 W=1 nf=1 ad=0.29 as=0.29 pd=2.58 ps=2.58 nrd=0.29 nrs=0.29 sa=0 sb=0
| + sd=0 mult=1 m=1
| C_SS SS 0 10p m=1
| XM_IN2S EA_D2 SS EA_TAIL VIN sky130_fd_pr__pfet_g5v0d10v5 L=2 W=10 nf=2 ad=1.45 as=2.9 pd=10.58 ps=21.16 nrd=0.029 nrs=0.029 sa=0
| + sb=0 sd=0 mult=1 m=1
| XM_TSPS TS_SNS BIASP VIN VIN sky130_fd_pr__pfet_g5v0d10v5 L=1 W=2.5 nf=1 ad=0.725 as=0.725 pd=5.58 ps=5.58 nrd=0.116 nrs=0.116
| + sa=0 sb=0 sd=0 mult=1 m=1
| XM_TSD1 TS_SNS TS_SNS TS_MID 0 sky130_fd_pr__nfet_g5v0d10v5 L=1 W=80 nf=16 ad=11.6 as=13.05 pd=84.64 ps=95.22 nrd=0.003625
| + nrs=0.003625 sa=0 sb=0 sd=0 mult=1 m=1
| XM_TSD2 TS_MID TS_MID AMP_ENN 0 sky130_fd_pr__nfet_g5v0d10v5 L=1 W=80 nf=16 ad=11.6 as=13.05 pd=84.64 ps=95.22 nrd=0.003625
| + nrs=0.003625 sa=0 sb=0 sd=0 mult=1 m=1
| XM_TSPR TS_REF BIASP VIN VIN sky130_fd_pr__pfet_g5v0d10v5 L=1 W=2.5 nf=1 ad=0.725 as=0.725 pd=5.58 ps=5.58 nrd=0.116 nrs=0.116
| + sa=0 sb=0 sd=0 mult=1 m=1
| XM_TSR1 TS_REF TS_REF AMP_ENN 0 sky130_fd_pr__nfet_g5v0d10v5 L=10 W=2 nf=1 ad=0.58 as=0.58 pd=4.58 ps=4.58 nrd=0.145 nrs=0.145
| + sa=0 sb=0 sd=0 mult=1 m=1
| XM_TCTAIL TC_TAIL NB AMP_ENN 0 sky130_fd_pr__nfet_g5v0d10v5 L=1 W=1 nf=1 ad=0.29 as=0.29 pd=2.58 ps=2.58 nrd=0.29 nrs=0.29 sa=0
| + sb=0 sd=0 mult=1 m=1
| XM_TCN1 TC_D1 TS_SNS TC_TAIL 0 sky130_fd_pr__nfet_g5v0d10v5 L=2 W=10 nf=2 ad=1.45 as=2.9 pd=10.58 ps=21.16 nrd=0.029 nrs=0.029
| + sa=0 sb=0 sd=0 mult=1 m=1
| XM_TCN2 TS_CMP TS_REF TC_TAIL 0 sky130_fd_pr__nfet_g5v0d10v5 L=2 W=10 nf=2 ad=1.45 as=2.9 pd=10.58 ps=21.16 nrd=0.029 nrs=0.029
| + sa=0 sb=0 sd=0 mult=1 m=1
| XM_TCP1 TC_D1 TC_D1 VIN VIN sky130_fd_pr__pfet_g5v0d10v5 L=2 W=10 nf=2 ad=1.45 as=2.9 pd=10.58 ps=21.16 nrd=0.029 nrs=0.029 sa=0
| + sb=0 sd=0 mult=1 m=1
| XM_TCP2 TS_CMP TC_D1 VIN VIN sky130_fd_pr__pfet_g5v0d10v5 L=2 W=10 nf=2 ad=1.45 as=2.9 pd=10.58 ps=21.16 nrd=0.029 nrs=0.029 sa=0
| + sb=0 sd=0 mult=1 m=1
| XM_TSHUT EA_OUT TS_CMP VIN VIN sky130_fd_pr__pfet_g5v0d10v5 L=0.5 W=20 nf=4 ad=2.9 as=4.35 pd=21.16 ps=31.74 nrd=0.0145 nrs=0.0145
| + sa=0 sb=0 sd=0 mult=1 m=1
| XM_TSHYSB TS_HYS BIASP VIN VIN sky130_fd_pr__pfet_g5v0d10v5 L=2 W=1.5 nf=1 ad=0.435 as=0.435 pd=3.58 ps=3.58 nrd=0.193333333333333
| + nrs=0.193333333333333 sa=0 sb=0 sd=0 mult=1 m=1
| XM_TSHYS TS_REF TS_CMP TS_HYS VIN sky130_fd_pr__pfet_g5v0d10v5 L=0.5 W=2 nf=1 ad=0.58 as=0.58 pd=4.58 ps=4.58 nrd=0.145 nrs=0.145
| + sa=0 sb=0 sd=0 mult=1 m=1
| XM_ENP4 TS_CMP EN VIN VIN sky130_fd_pr__pfet_g5v0d10v5 L=0.5 W=2 nf=1 ad=0.58 as=0.58 pd=4.58 ps=4.58 nrd=0.145 nrs=0.145 sa=0
| + sb=0 sd=0 mult=1 m=1
| C_TS VIN TS_CMP 1p m=1
| .ends
| 
| .control
| save all
| * --- leg 1: C_out 0.33uF, 0 mA (feedback divider is the only preload) ---
| tran 10u 4m
| meas tran vpk max v(vout) from=100u to=4m
| meas tran vfloor min v(vout) from=3.1m to=4m
| meas tran tset when v(vout)=1.764 rise=1
| * --- leg 2: C_out 0.33uF, 50 mA ---
| alter rload = 36
| tran 10u 4m
| meas tran vpk max v(vout) from=100u to=4m
| meas tran vfloor min v(vout) from=3.1m to=4m
| meas tran tset when v(vout)=1.764 rise=1
| * --- leg 3: C_out 4.7uF, 0 mA ---
| alter cout = 4.7u
| alter rload = 1e12
| tran 10u 4m
| meas tran vpk max v(vout) from=100u to=4m
| meas tran vfloor min v(vout) from=3.1m to=4m
| meas tran tset when v(vout)=1.764 rise=1
| * --- leg 4: C_out 4.7uF, 50 mA ---
| alter rload = 36
| tran 10u 4m
| meas tran vpk max v(vout) from=100u to=4m
| meas tran vfloor min v(vout) from=3.1m to=4m
| meas tran tset when v(vout)=1.764 rise=1
| let meas_vpk_c033_0ma_v = tran1.vpk
| let meas_vfloor_c033_0ma_v = tran1.vfloor
| let meas_tramp_c033_0ma_ms = 1000*(tran1.tset - 100u)
| let meas_vpk_c033_50ma_v = tran2.vpk
| let meas_vfloor_c033_50ma_v = tran2.vfloor
| let meas_tramp_c033_50ma_ms = 1000*(tran2.tset - 100u)
| let meas_vpk_c47_0ma_v = tran3.vpk
| let meas_vfloor_c47_0ma_v = tran3.vfloor
| let meas_tramp_c47_0ma_ms = 1000*(tran3.tset - 100u)
| let meas_vpk_c47_50ma_v = tran4.vpk
| let meas_vfloor_c47_50ma_v = tran4.vfloor
| let meas_tramp_c47_50ma_ms = 1000*(tran4.tset - 100u)
| print meas_vpk_c033_0ma_v
| print meas_vfloor_c033_0ma_v
| print meas_tramp_c033_0ma_ms
| print meas_vpk_c033_50ma_v
| print meas_vfloor_c033_50ma_v
| print meas_tramp_c033_50ma_ms
| print meas_vpk_c47_0ma_v
| print meas_vfloor_c47_0ma_v
| print meas_tramp_c47_0ma_ms
| print meas_vpk_c47_50ma_v
| print meas_vfloor_c47_50ma_v
| print meas_tramp_c47_50ma_ms
| quit
| .endc
| .end

# ==== ngspice stdout ====

Note: Compatibility modes selected: hs a


Circuit: * startup corner deck -- generated by sim/bin/corner-run.py, do not edit

option SCALE: Scale is set to 1e-06 for instance and model parameters
option SCALE: Scale is set to 1e-06 for instance and model parameters
option SCALE: Scale is set to 1e-06 for instance and model parameters
option SCALE: Scale is set to 1e-06 for instance and model parameters
Doing analysis at TEMP = 27.000000 and TNOM = 27.000000

Using KLU as Direct Linear Solver
 Reference value :  0.00000e+00
 Reference value :  8.00000e-07
 Reference value :  1.28000e-05
 Reference value :  6.28000e-05
 Reference value :  9.14000e-05
 Reference value :  1.00300e-04
 Reference value :  1.00410e-04
 Reference value :  1.00501e-04
 Reference value :  1.00569e-04
 Reference value :  1.00711e-04
 Reference value :  1.00800e-04
 Reference value :  1.00867e-04
 Reference value :  1.00907e-04
 Reference value :  1.00973e-04
 Reference value :  1.01003e-04
 Reference value :  1.01024e-04
 Reference value :  1.01102e-04
 Reference value :  1.01478e-04
 Reference value :  1.02733e-04
 Reference value :  1.12115e-04
 Reference value :  1.19987e-04
 Reference value :  1.28361e-04
 Reference value :  1.36071e-04
 Reference value :  1.54746e-04
 Reference value :  1.84653e-04
 Reference value :  2.14653e-04
 Reference value :  2.34653e-04
 Reference value :  2.64653e-04
 Reference value :  2.94653e-04
 Reference value :  3.24653e-04
 Reference value :  3.54653e-04
 Reference value :  3.84653e-04
 Reference value :  4.04653e-04
 Reference value :  4.34653e-04
 Reference value :  4.64653e-04
 Reference value :  4.84653e-04
 Reference value :  5.04653e-04
 Reference value :  5.34653e-04
 Reference value :  5.64653e-04
 Reference value :  5.84653e-04
 Reference value :  6.04653e-04
 Reference value :  6.34653e-04
 Reference value :  6.54653e-04
 Reference value :  6.74653e-04
 Reference value :  7.04653e-04
 Reference value :  7.34653e-04
 Reference value :  7.64653e-04
 Reference value :  7.94653e-04
 Reference value :  8.24653e-04
 Reference value :  8.44653e-04
 Reference value :  8.74653e-04
 Reference value :  9.14653e-04
 Reference value :  9.44653e-04
 Reference value :  9.84653e-04
 Reference value :  1.02465e-03
 Reference value :  1.05465e-03
 Reference value :  1.08465e-03
 Reference value :  1.12465e-03
 Reference value :  1.15465e-03
 Reference value :  1.18465e-03
 Reference value :  1.22465e-03
 Reference value :  1.25465e-03
 Reference value :  1.29465e-03
 Reference value :  1.32465e-03
 Reference value :  1.36465e-03
 Reference value :  1.39465e-03
 Reference value :  1.42465e-03
 Reference value :  1.45465e-03
 Reference value :  1.48465e-03
 Reference value :  1.52465e-03
 Reference value :  1.56465e-03
 Reference value :  1.60465e-03
 Reference value :  1.64465e-03
 Reference value :  1.68465e-03
 Reference value :  1.72465e-03
 Reference value :  1.76465e-03
 Reference value :  1.79465e-03
 Reference value :  1.82465e-03
 Reference value :  1.86465e-03
 Reference value :  1.90465e-03
 Reference value :  1.93465e-03
 Reference value :  1.97465e-03
 Reference value :  2.00465e-03
 Reference value :  2.03465e-03
 Reference value :  2.06465e-03
 Reference value :  2.09465e-03
 Reference value :  2.12465e-03
 Reference value :  2.15465e-03
 Reference value :  2.19465e-03
 Reference value :  2.23465e-03
 Reference value :  2.27465e-03
 Reference value :  2.31465e-03
 Reference value :  2.35465e-03
 Reference value :  2.38465e-03
 Reference value :  2.41465e-03
 Reference value :  2.45465e-03
 Reference value :  2.48465e-03
 Reference value :  2.52465e-03
 Reference value :  2.55465e-03
 Reference value :  2.59465e-03
 Reference value :  2.63465e-03
 Reference value :  2.67465e-03
 Reference value :  2.70465e-03
 Reference value :  2.74465e-03
 Reference value :  2.78465e-03
 Reference value :  2.82465e-03
 Reference value :  2.86465e-03
 Reference value :  2.90465e-03
 Reference value :  2.94465e-03
 Reference value :  2.98465e-03
 Reference value :  3.01465e-03
 Reference value :  3.04465e-03
 Reference value :  3.07465e-03
 Reference value :  3.11465e-03
 Reference value :  3.15465e-03
 Reference value :  3.19465e-03
 Reference value :  3.23465e-03
 Reference value :  3.27465e-03
 Reference value :  3.31465e-03
 Reference value :  3.35465e-03
 Reference value :  3.39465e-03
 Reference value :  3.43465e-03
 Reference value :  3.47465e-03
 Reference value :  3.51465e-03
 Reference value :  3.55465e-03
 Reference value :  3.59465e-03
 Reference value :  3.62465e-03
 Reference value :  3.66465e-03
 Reference value :  3.70465e-03
 Reference value :  3.74465e-03
 Reference value :  3.78465e-03
 Reference value :  3.82465e-03
 Reference value :  3.86465e-03
 Reference value :  3.90465e-03
 Reference value :  3.94465e-03
 Reference value :  3.98465e-03
No. of Data Rows : 436
vpk                 =  1.81319e+00 at=  7.64653e-04
vfloor              =  1.80774e+00 at=  4.00000e-03
tset                =  4.53451e-04
Doing analysis at TEMP = 27.000000 and TNOM = 27.000000

Using KLU as Direct Linear Solver
 Reference value :  0.00000e+00
 Reference value :  1.60000e-06
 Reference value :  2.28000e-05
 Reference value :  6.28000e-05
 Reference value :  1.00000e-04
 Reference value :  1.00300e-04
 Reference value :  1.00410e-04
 Reference value :  1.00501e-04
 Reference value :  1.00569e-04
 Reference value :  1.00711e-04
 Reference value :  1.00800e-04
 Reference value :  1.00867e-04
 Reference value :  1.00907e-04
 Reference value :  1.00973e-04
 Reference value :  1.01003e-04
 Reference value :  1.01024e-04
 Reference value :  1.01102e-04
 Reference value :  1.01478e-04
 Reference value :  1.02063e-04
 Reference value :  1.06748e-04
 Reference value :  1.15922e-04
 Reference value :  1.20055e-04
 Reference value :  1.27980e-04
 Reference value :  1.37080e-04
 Reference value :  1.45611e-04
 Reference value :  1.64233e-04
 Reference value :  1.94233e-04
 Reference value :  2.24233e-04
 Reference value :  2.74233e-04
 Reference value :  3.14233e-04
 Reference value :  3.54233e-04
 Reference value :  3.94233e-04
 Reference value :  4.24233e-04
 Reference value :  4.54233e-04
 Reference value :  4.94233e-04
 Reference value :  5.24233e-04
 Reference value :  5.64233e-04
 Reference value :  6.04233e-04
 Reference value :  6.44233e-04
 Reference value :  6.84233e-04
 Reference value :  7.24233e-04
 Reference value :  7.64233e-04
 Reference value :  8.14233e-04
 Reference value :  8.54233e-04
 Reference value :  8.84233e-04
 Reference value :  9.24233e-04
 Reference value :  9.64233e-04
 Reference value :  1.00423e-03
 Reference value :  1.04423e-03
 Reference value :  1.08423e-03
 Reference value :  1.12423e-03
 Reference value :  1.16423e-03
 Reference value :  1.19423e-03
 Reference value :  1.23423e-03
 Reference value :  1.27423e-03
 Reference value :  1.31423e-03
 Reference value :  1.35423e-03
 Reference value :  1.39423e-03
 Reference value :  1.43423e-03
 Reference value :  1.47423e-03
 Reference value :  1.52423e-03
 Reference value :  1.57423e-03
 Reference value :  1.61423e-03
 Reference value :  1.65423e-03
 Reference value :  1.69423e-03
 Reference value :  1.73423e-03
 Reference value :  1.77423e-03
 Reference value :  1.81423e-03
 Reference value :  1.85423e-03
 Reference value :  1.90423e-03
 Reference value :  1.94423e-03
 Reference value :  1.98423e-03
 Reference value :  2.02423e-03
 Reference value :  2.05423e-03
 Reference value :  2.09423e-03
 Reference value :  2.14423e-03
 Reference value :  2.18423e-03
 Reference value :  2.22423e-03
 Reference value :  2.26423e-03
 Reference value :  2.30423e-03
 Reference value :  2.33423e-03
 Reference value :  2.36423e-03
 Reference value :  2.40423e-03
 Reference value :  2.44423e-03
 Reference value :  2.48423e-03
 Reference value :  2.52423e-03
 Reference value :  2.56423e-03
 Reference value :  2.60423e-03
 Reference value :  2.65423e-03
 Reference value :  2.69423e-03
 Reference value :  2.73423e-03
 Reference value :  2.77423e-03
 Reference value :  2.80423e-03
 Reference value :  2.84423e-03
 Reference value :  2.88423e-03
 Reference value :  2.92423e-03
 Reference value :  2.96423e-03
 Reference value :  2.99423e-03
 Reference value :  3.02423e-03
 Reference value :  3.05423e-03
 Reference value :  3.09423e-03
 Reference value :  3.13423e-03
 Reference value :  3.17423e-03
 Reference value :  3.22423e-03
 Reference value :  3.33423e-03
 Reference value :  3.37423e-03
 Reference value :  3.41423e-03
 Reference value :  3.46423e-03
 Reference value :  3.74423e-03
 Reference value :  3.77423e-03
 Reference value :  3.80423e-03
 Reference value :  3.84423e-03
 Reference value :  3.88423e-03
 Reference value :  3.93423e-03
 Reference value :  3.98423e-03
No. of Data Rows : 439
vpk                 =  1.79826e+00 at=  1.07423e-03
vfloor              =  1.79820e+00 at=  3.99212e-03
tset                =  4.77113e-04
Doing analysis at TEMP = 27.000000 and TNOM = 27.000000

Using KLU as Direct Linear Solver
 Reference value :  0.00000e+00
 Reference value :  1.60000e-06
 Reference value :  2.28000e-05
 Reference value :  6.28000e-05
 Reference value :  1.00000e-04
 Reference value :  1.00300e-04
 Reference value :  1.00410e-04
 Reference value :  1.00501e-04
 Reference value :  1.00569e-04
 Reference value :  1.00711e-04
 Reference value :  1.00800e-04
 Reference value :  1.00867e-04
 Reference value :  1.00907e-04
 Reference value :  1.00973e-04
 Reference value :  1.01003e-04
 Reference value :  1.01024e-04
 Reference value :  1.01102e-04
 Reference value :  1.01706e-04
 Reference value :  1.06754e-04
 Reference value :  1.21730e-04
 Reference value :  1.40832e-04
 Reference value :  1.70832e-04
 Reference value :  2.10832e-04
 Reference value :  2.50832e-04
 Reference value :  2.90832e-04
 Reference value :  3.30832e-04
 Reference value :  3.70832e-04
 Reference value :  4.10832e-04
 Reference value :  4.60832e-04
 Reference value :  5.00832e-04
 Reference value :  5.40832e-04
 Reference value :  5.80832e-04
 Reference value :  6.20832e-04
 Reference value :  6.60832e-04
 Reference value :  7.00832e-04
 Reference value :  7.40832e-04
 Reference value :  7.80832e-04
 Reference value :  8.20832e-04
 Reference value :  8.50832e-04
 Reference value :  8.80832e-04
 Reference value :  9.20832e-04
 Reference value :  9.70832e-04
 Reference value :  1.01083e-03
 Reference value :  1.04083e-03
 Reference value :  1.08083e-03
 Reference value :  1.13083e-03
 Reference value :  1.17083e-03
 Reference value :  1.21083e-03
 Reference value :  1.27083e-03
 Reference value :  1.32083e-03
 Reference value :  1.47083e-03
 Reference value :  1.76083e-03
 Reference value :  2.12083e-03
 Reference value :  2.16083e-03
 Reference value :  2.20083e-03
 Reference value :  2.24083e-03
 Reference value :  2.28083e-03
 Reference value :  2.31083e-03
 Reference value :  2.34083e-03
 Reference value :  2.38083e-03
 Reference value :  2.42083e-03
 Reference value :  2.46083e-03
 Reference value :  2.51083e-03
 Reference value :  2.55083e-03
 Reference value :  2.58083e-03
 Reference value :  2.61083e-03
 Reference value :  2.64083e-03
 Reference value :  2.67083e-03
 Reference value :  2.70083e-03
 Reference value :  2.73083e-03
 Reference value :  2.76083e-03
 Reference value :  2.79083e-03
 Reference value :  2.83083e-03
 Reference value :  2.86083e-03
 Reference value :  2.89083e-03
 Reference value :  2.93083e-03
 Reference value :  2.97083e-03
 Reference value :  3.00083e-03
 Reference value :  3.04083e-03
 Reference value :  3.08083e-03
 Reference value :  3.12083e-03
 Reference value :  3.15083e-03
 Reference value :  3.18083e-03
 Reference value :  3.21083e-03
 Reference value :  3.24083e-03
 Reference value :  3.27083e-03
 Reference value :  3.30083e-03
 Reference value :  3.34083e-03
 Reference value :  3.37083e-03
 Reference value :  3.41083e-03
 Reference value :  3.44083e-03
 Reference value :  3.48083e-03
 Reference value :  3.52083e-03
 Reference value :  3.56083e-03
 Reference value :  3.60083e-03
 Reference value :  3.64083e-03
 Reference value :  3.68083e-03
 Reference value :  3.72083e-03
 Reference value :  3.76083e-03
 Reference value :  3.80083e-03
 Reference value :  3.84083e-03
 Reference value :  3.87083e-03
 Reference value :  3.91083e-03
 Reference value :  3.95083e-03
 Reference value :  3.99083e-03
No. of Data Rows : 435
vpk                 =  1.82286e+00 at=  7.30832e-04
vfloor              =  1.82247e+00 at=  4.00000e-03
tset                =  4.44652e-04
Doing analysis at TEMP = 27.000000 and TNOM = 27.000000

Using KLU as Direct Linear Solver
 Reference value :  0.00000e+00
 Reference value :  8.00000e-07
 Reference value :  1.28000e-05
 Reference value :  5.28000e-05
 Reference value :  8.28000e-05
 Reference value :  1.00100e-04
 Reference value :  1.00300e-04
 Reference value :  1.00410e-04
 Reference value :  1.00501e-04
 Reference value :  1.00569e-04
 Reference value :  1.00711e-04
 Reference value :  1.00803e-04
 Reference value :  1.00840e-04
 Reference value :  1.00853e-04
 Reference value :  1.00880e-04
 Reference value :  1.00896e-04
 Reference value :  1.00942e-04
 Reference value :  1.01000e-04
 Reference value :  1.01032e-04
 Reference value :  1.01433e-04
 Reference value :  1.03520e-04
 Reference value :  1.15309e-04
 Reference value :  1.19225e-04
 Reference value :  1.24002e-04
 Reference value :  1.33344e-04
 Reference value :  1.44750e-04
 Reference value :  1.63630e-04
 Reference value :  1.93630e-04
 Reference value :  2.23630e-04
 Reference value :  2.63630e-04
 Reference value :  2.93630e-04
 Reference value :  3.33630e-04
 Reference value :  3.63630e-04
 Reference value :  4.03630e-04
 Reference value :  4.33630e-04
 Reference value :  4.73630e-04
 Reference value :  5.03630e-04
 Reference value :  5.33630e-04
 Reference value :  5.63630e-04
 Reference value :  6.03630e-04
 Reference value :  6.43630e-04
 Reference value :  6.83630e-04
 Reference value :  7.23630e-04
 Reference value :  7.73630e-04
 Reference value :  8.03630e-04
 Reference value :  8.33630e-04
 Reference value :  8.73630e-04
 Reference value :  9.13630e-04
 Reference value :  9.53630e-04
 Reference value :  9.93630e-04
 Reference value :  1.03363e-03
 Reference value :  1.07363e-03
 Reference value :  1.11363e-03
 Reference value :  1.15363e-03
 Reference value :  1.18363e-03
 Reference value :  1.22363e-03
 Reference value :  1.25363e-03
 Reference value :  1.29363e-03
 Reference value :  1.34363e-03
 Reference value :  1.38363e-03
 Reference value :  1.42363e-03
 Reference value :  1.46363e-03
 Reference value :  1.50363e-03
 Reference value :  1.54363e-03
 Reference value :  1.58363e-03
 Reference value :  1.62363e-03
 Reference value :  1.66363e-03
 Reference value :  1.70363e-03
 Reference value :  1.74363e-03
 Reference value :  1.78363e-03
 Reference value :  1.82363e-03
 Reference value :  1.86363e-03
 Reference value :  1.90363e-03
 Reference value :  1.94363e-03
 Reference value :  1.98363e-03
 Reference value :  2.02363e-03
 Reference value :  2.06363e-03
 Reference value :  2.10363e-03
 Reference value :  2.14363e-03
 Reference value :  2.18363e-03
 Reference value :  2.22363e-03
 Reference value :  2.26363e-03
 Reference value :  2.30363e-03
 Reference value :  2.34363e-03
 Reference value :  2.37363e-03
 Reference value :  2.40363e-03
 Reference value :  2.44363e-03
 Reference value :  2.48363e-03
 Reference value :  2.52363e-03
 Reference value :  2.56363e-03
 Reference value :  2.60363e-03
 Reference value :  2.64363e-03
 Reference value :  2.68363e-03
 Reference value :  2.71363e-03
 Reference value :  2.75363e-03
 Reference value :  2.78363e-03
 Reference value :  2.81363e-03
 Reference value :  2.85363e-03
 Reference value :  2.89363e-03
 Reference value :  2.93363e-03
 Reference value :  2.97363e-03
 Reference value :  3.01363e-03
 Reference value :  3.05363e-03
 Reference value :  3.08363e-03
 Reference value :  3.12363e-03
 Reference value :  3.15363e-03
 Reference value :  3.19363e-03
 Reference value :  3.23363e-03
 Reference value :  3.26363e-03
 Reference value :  3.30363e-03
 Reference value :  3.34363e-03
 Reference value :  3.37363e-03
 Reference value :  3.41363e-03
 Reference value :  3.45363e-03
 Reference value :  3.48363e-03
 Reference value :  3.52363e-03
 Reference value :  3.56363e-03
 Reference value :  3.59363e-03
 Reference value :  3.63363e-03
 Reference value :  3.67363e-03
 Reference value :  3.71363e-03
 Reference value :  3.74363e-03
 Reference value :  3.77363e-03
 Reference value :  3.80363e-03
 Reference value :  3.84363e-03
 Reference value :  3.87363e-03
 Reference value :  3.91363e-03
 Reference value :  3.95363e-03
 Reference value :  3.99182e-03
No. of Data Rows : 443
vpk                 =  1.79809e+00 at=  1.30363e-03
vfloor              =  1.79809e+00 at=  4.00000e-03
tset                =  4.59346e-04
meas_vpk_c033_0ma_v = 1.813185e+00
meas_vfloor_c033_0ma_v = 1.807739e+00
meas_tramp_c033_0ma_ms = 3.534512e-01
meas_vpk_c033_50ma_v = 1.798259e+00
meas_vfloor_c033_50ma_v = 1.798195e+00
meas_tramp_c033_50ma_ms = 3.771134e-01
meas_vpk_c47_0ma_v = 1.822861e+00
meas_vfloor_c47_0ma_v = 1.822470e+00
meas_tramp_c47_0ma_ms = 3.446516e-01
meas_vpk_c47_50ma_v = 1.798092e+00
meas_vfloor_c47_50ma_v = 1.798092e+00
meas_tramp_c47_50ma_ms = 3.593463e-01
ngspice-46 done

# ==== ngspice stderr ====
Note: Starting dynamic gmin stepping
Warning: Dynamic gmin stepping failed
Note: Starting true gmin stepping
Note: True gmin stepping completed
Note: Starting dynamic gmin stepping
Warning: Dynamic gmin stepping failed
Note: Starting true gmin stepping
Note: True gmin stepping completed
