# corner: ff_27c_3.63v
# process=ff temp=27C supply=3.63V
# ngspice exit: 0
# wall clock: 86.7s (--timeout was 300s)
# result: PASS

# ==== deck (exact input given to ngspice) ====
| * startup corner deck -- generated by sim/bin/corner-run.py, do not edit
| * corner: ff_27c_3.63v
| .param vsup=3.63
| .option wnflag=1
| .temp 27
| .lib "/home/ubuntu/.volare/sky130A/libs.tech/combined/sky130.lib.spice" ff
| ** sch_path: sim/startup/testbench/tb_startup.sch
| **.subckt tb_startup
| VVIN VIN 0 'vsup'
| .save i(vvin)
| VEN EN 0 PULSE(0 'vsup' 100u 1u 1u 100 200)
| .save i(ven)
| VVREF VREF 0 1.2
| .save i(vvref)
| xldo VOUT VREF EN VIN ldo_3v3in_1v8out
| COUT VOUT VESR 0.33u m=1
| RESR VESR 0 10m m=1
| RLOAD VOUT 0 1e12 m=1
| **.ends
| 
| * expanding   symbol:  design/ldo_3v3in_1v8out.sym # of pins=4
| ** sym_path: design/ldo_3v3in_1v8out.sym
| ** sch_path: design/ldo_3v3in_1v8out.sch
| .subckt ldo_3v3in_1v8out VOUT VREF EN VIN
| *.ipin VIN
| *.ipin EN
| *.ipin VREF
| *.opin VOUT
| XR_BIAS VIN NB 0 sky130_fd_pr__res_high_po W=0.42 L=1500 mult=1 m=1
| XM_BIASN1 NB NB BIAS_ENN 0 sky130_fd_pr__nfet_g5v0d10v5 L=1 W=4 nf=1 ad=1.16 as=1.16 pd=8.58 ps=8.58 nrd=0.0725 nrs=0.0725 sa=0
| + sb=0 sd=0 mult=1 m=1
| XM_ENN BIAS_ENN EN 0 0 sky130_fd_pr__nfet_g5v0d10v5 L=0.5 W=10 nf=1 ad=2.9 as=2.9 pd=20.58 ps=20.58 nrd=0.029 nrs=0.029 sa=0 sb=0
| + sd=0 mult=1 m=1
| XM_BIASN2 BIASP NB BIAS_ENN 0 sky130_fd_pr__nfet_g5v0d10v5 L=1 W=4 nf=1 ad=1.16 as=1.16 pd=8.58 ps=8.58 nrd=0.0725 nrs=0.0725 sa=0
| + sb=0 sd=0 mult=1 m=1
| XM_BIASP1 BIASP BIASP VIN VIN sky130_fd_pr__pfet_g5v0d10v5 L=1 W=10 nf=2 ad=1.45 as=2.9 pd=10.58 ps=21.16 nrd=0.029 nrs=0.029 sa=0
| + sb=0 sd=0 mult=1 m=1
| XM_ENP2 BIASP EN VIN VIN sky130_fd_pr__pfet_g5v0d10v5 L=0.5 W=10 nf=1 ad=2.9 as=2.9 pd=20.58 ps=20.58 nrd=0.029 nrs=0.029 sa=0
| + sb=0 sd=0 mult=1 m=1
| XM_TAIL EA_TAIL BIASP VIN VIN sky130_fd_pr__pfet_g5v0d10v5 L=2 W=40 nf=8 ad=5.8 as=7.25 pd=42.32 ps=52.9 nrd=0.00725 nrs=0.00725
| + sa=0 sb=0 sd=0 mult=1 m=1
| XM_IN1 EA_D1 FB EA_TAIL VIN sky130_fd_pr__pfet_g5v0d10v5 L=2 W=10 nf=2 ad=1.45 as=2.9 pd=10.58 ps=21.16 nrd=0.029 nrs=0.029 sa=0
| + sb=0 sd=0 mult=1 m=1
| XM_IN2 EA_D2 VREF EA_TAIL VIN sky130_fd_pr__pfet_g5v0d10v5 L=2 W=10 nf=2 ad=1.45 as=2.9 pd=10.58 ps=21.16 nrd=0.029 nrs=0.029 sa=0
| + sb=0 sd=0 mult=1 m=1
| XM_MIR1 EA_D1 EA_D1 AMP_ENN 0 sky130_fd_pr__nfet_g5v0d10v5 L=4 W=10 nf=2 ad=1.45 as=2.9 pd=10.58 ps=21.16 nrd=0.029 nrs=0.029 sa=0
| + sb=0 sd=0 mult=1 m=1
| XM_MIR2 EA_OUT EA_D1 AMP_ENN 0 sky130_fd_pr__nfet_g5v0d10v5 L=4 W=10 nf=2 ad=1.45 as=2.9 pd=10.58 ps=21.16 nrd=0.029 nrs=0.029
| + sa=0 sb=0 sd=0 mult=1 m=1
| XM_ENN2 AMP_ENN EN 0 0 sky130_fd_pr__nfet_g5v0d10v5 L=0.5 W=10 nf=1 ad=2.9 as=2.9 pd=20.58 ps=20.58 nrd=0.029 nrs=0.029 sa=0 sb=0
| + sd=0 mult=1 m=1
| XM_ENP EA_OUT EN VIN VIN sky130_fd_pr__pfet_g5v0d10v5 L=0.5 W=10 nf=1 ad=2.9 as=2.9 pd=20.58 ps=20.58 nrd=0.029 nrs=0.029 sa=0
| + sb=0 sd=0 mult=1 m=1
| XM_MIR3 EA_D2 EA_D2 AMP_ENN 0 sky130_fd_pr__nfet_g5v0d10v5 L=4 W=10 nf=2 ad=1.45 as=2.9 pd=10.58 ps=21.16 nrd=0.029 nrs=0.029 sa=0
| + sb=0 sd=0 mult=1 m=1
| XM_MIR4 PB EA_D2 AMP_ENN 0 sky130_fd_pr__nfet_g5v0d10v5 L=4 W=10 nf=2 ad=1.45 as=2.9 pd=10.58 ps=21.16 nrd=0.029 nrs=0.029 sa=0
| + sb=0 sd=0 mult=1 m=1
| XM_MIRP1 PB PB VIN VIN sky130_fd_pr__pfet_g5v0d10v5 L=4 W=20 nf=4 ad=2.9 as=4.35 pd=21.16 ps=31.74 nrd=0.0145 nrs=0.0145 sa=0 sb=0
| + sd=0 mult=1 m=1
| XM_MIRP2 EA_OUT PB VIN VIN sky130_fd_pr__pfet_g5v0d10v5 L=4 W=20 nf=4 ad=2.9 as=4.35 pd=21.16 ps=31.74 nrd=0.0145 nrs=0.0145 sa=0
| + sb=0 sd=0 mult=1 m=1
| XM_ENP5 PB EN VIN VIN sky130_fd_pr__pfet_g5v0d10v5 L=0.5 W=2 nf=1 ad=0.58 as=0.58 pd=4.58 ps=4.58 nrd=0.145 nrs=0.145 sa=0 sb=0
| + sd=0 mult=1 m=1
| XM_PASS VOUT EA_OUT VIN VIN sky130_fd_pr__pfet_g5v0d10v5 L=0.5 W=100 nf=25 ad=15.08 as=15.08 pd=111.54 ps=111.54 nrd=0.0029
| + nrs=0.0029 sa=0 sb=0 sd=0 mult=25 m=25
| C_COMP VOUT EA_CZ 150p m=1
| XR_CZ EA_CZ EA_OUT 0 sky130_fd_pr__res_xhigh_po W=0.42 L=52 mult=1 m=1
| XR_FB_A VOUT FB 0 sky130_fd_pr__res_xhigh_po W=0.42 L=180 mult=1 m=1
| XR_FB_B FB N_FBB 0 sky130_fd_pr__res_xhigh_po W=0.42 L=180 mult=1 m=1
| XR_FB_C N_FBB 0 0 sky130_fd_pr__res_xhigh_po W=0.42 L=180 mult=1 m=1
| XM_SENSE CL_SNS EA_OUT VIN VIN sky130_fd_pr__pfet_g5v0d10v5 L=0.5 W=0.42 nf=1 ad=0.1218 as=0.1218 pd=1.42 ps=1.42
| + nrd=0.69047619047619 nrs=0.69047619047619 sa=0 sb=0 sd=0 mult=1 m=1
| XM_CLN1 CL_SNS CL_SNS AMP_ENN 0 sky130_fd_pr__nfet_g5v0d10v5 L=1 W=20 nf=1 ad=5.8 as=5.8 pd=40.58 ps=40.58 nrd=0.0145 nrs=0.0145
| + sa=0 sb=0 sd=0 mult=1 m=1
| XM_CLN2 CL_CMP CL_SNS AMP_ENN 0 sky130_fd_pr__nfet_g5v0d10v5 L=1 W=1.6 nf=1 ad=0.464 as=0.464 pd=3.78 ps=3.78 nrd=0.18125
| + nrs=0.18125 sa=0 sb=0 sd=0 mult=1 m=1
| XM_CLP CL_CMP BIASP VIN VIN sky130_fd_pr__pfet_g5v0d10v5 L=1 W=10 nf=2 ad=1.45 as=2.9 pd=10.58 ps=21.16 nrd=0.029 nrs=0.029 sa=0
| + sb=0 sd=0 mult=1 m=1
| XM_CLIM EA_OUT CL_CMP VIN VIN sky130_fd_pr__pfet_g5v0d10v5 L=0.5 W=20 nf=4 ad=2.9 as=4.35 pd=21.16 ps=31.74 nrd=0.0145 nrs=0.0145
| + sa=0 sb=0 sd=0 mult=1 m=1
| XM_ENP3 CL_CMP EN VIN VIN sky130_fd_pr__pfet_g5v0d10v5 L=0.5 W=2 nf=1 ad=0.58 as=0.58 pd=4.58 ps=4.58 nrd=0.145 nrs=0.145 sa=0
| + sb=0 sd=0 mult=1 m=1
| C_CL VIN CL_CMP 1p m=1
| XM_INVP ENB EN VIN VIN sky130_fd_pr__pfet_g5v0d10v5 L=0.5 W=2 nf=1 ad=0.58 as=0.58 pd=4.58 ps=4.58 nrd=0.145 nrs=0.145 sa=0 sb=0
| + sd=0 mult=1 m=1
| XM_INVN ENB EN 0 0 sky130_fd_pr__nfet_g5v0d10v5 L=0.5 W=1 nf=1 ad=0.29 as=0.29 pd=2.58 ps=2.58 nrd=0.29 nrs=0.29 sa=0 sb=0 sd=0
| + mult=1 m=1
| XM_SSDIS SS ENB 0 0 sky130_fd_pr__nfet_g5v0d10v5 L=0.5 W=2 nf=1 ad=0.58 as=0.58 pd=4.58 ps=4.58 nrd=0.145 nrs=0.145 sa=0 sb=0 sd=0
| + mult=1 m=1
| XM_SSCHG SS BIASP VIN VIN sky130_fd_pr__pfet_g5v0d10v5 L=8 W=1 nf=1 ad=0.29 as=0.29 pd=2.58 ps=2.58 nrd=0.29 nrs=0.29 sa=0 sb=0
| + sd=0 mult=1 m=1
| C_SS SS 0 10p m=1
| XM_IN2S EA_D2 SS EA_TAIL VIN sky130_fd_pr__pfet_g5v0d10v5 L=2 W=10 nf=2 ad=1.45 as=2.9 pd=10.58 ps=21.16 nrd=0.029 nrs=0.029 sa=0
| + sb=0 sd=0 mult=1 m=1
| XM_TSPS TS_SNS BIASP VIN VIN sky130_fd_pr__pfet_g5v0d10v5 L=1 W=2.5 nf=1 ad=0.725 as=0.725 pd=5.58 ps=5.58 nrd=0.116 nrs=0.116
| + sa=0 sb=0 sd=0 mult=1 m=1
| XM_TSD1 TS_SNS TS_SNS TS_MID 0 sky130_fd_pr__nfet_g5v0d10v5 L=1 W=80 nf=16 ad=11.6 as=13.05 pd=84.64 ps=95.22 nrd=0.003625
| + nrs=0.003625 sa=0 sb=0 sd=0 mult=1 m=1
| XM_TSD2 TS_MID TS_MID AMP_ENN 0 sky130_fd_pr__nfet_g5v0d10v5 L=1 W=80 nf=16 ad=11.6 as=13.05 pd=84.64 ps=95.22 nrd=0.003625
| + nrs=0.003625 sa=0 sb=0 sd=0 mult=1 m=1
| XM_TSPR TS_REF BIASP VIN VIN sky130_fd_pr__pfet_g5v0d10v5 L=1 W=2.5 nf=1 ad=0.725 as=0.725 pd=5.58 ps=5.58 nrd=0.116 nrs=0.116
| + sa=0 sb=0 sd=0 mult=1 m=1
| XM_TSR1 TS_REF TS_REF AMP_ENN 0 sky130_fd_pr__nfet_g5v0d10v5 L=10 W=2 nf=1 ad=0.58 as=0.58 pd=4.58 ps=4.58 nrd=0.145 nrs=0.145
| + sa=0 sb=0 sd=0 mult=1 m=1
| XM_TCTAIL TC_TAIL NB AMP_ENN 0 sky130_fd_pr__nfet_g5v0d10v5 L=1 W=1 nf=1 ad=0.29 as=0.29 pd=2.58 ps=2.58 nrd=0.29 nrs=0.29 sa=0
| + sb=0 sd=0 mult=1 m=1
| XM_TCN1 TC_D1 TS_SNS TC_TAIL 0 sky130_fd_pr__nfet_g5v0d10v5 L=2 W=10 nf=2 ad=1.45 as=2.9 pd=10.58 ps=21.16 nrd=0.029 nrs=0.029
| + sa=0 sb=0 sd=0 mult=1 m=1
| XM_TCN2 TS_CMP TS_REF TC_TAIL 0 sky130_fd_pr__nfet_g5v0d10v5 L=2 W=10 nf=2 ad=1.45 as=2.9 pd=10.58 ps=21.16 nrd=0.029 nrs=0.029
| + sa=0 sb=0 sd=0 mult=1 m=1
| XM_TCP1 TC_D1 TC_D1 VIN VIN sky130_fd_pr__pfet_g5v0d10v5 L=2 W=10 nf=2 ad=1.45 as=2.9 pd=10.58 ps=21.16 nrd=0.029 nrs=0.029 sa=0
| + sb=0 sd=0 mult=1 m=1
| XM_TCP2 TS_CMP TC_D1 VIN VIN sky130_fd_pr__pfet_g5v0d10v5 L=2 W=10 nf=2 ad=1.45 as=2.9 pd=10.58 ps=21.16 nrd=0.029 nrs=0.029 sa=0
| + sb=0 sd=0 mult=1 m=1
| XM_TSHUT EA_OUT TS_CMP VIN VIN sky130_fd_pr__pfet_g5v0d10v5 L=0.5 W=20 nf=4 ad=2.9 as=4.35 pd=21.16 ps=31.74 nrd=0.0145 nrs=0.0145
| + sa=0 sb=0 sd=0 mult=1 m=1
| XM_TSHYSB TS_HYS BIASP VIN VIN sky130_fd_pr__pfet_g5v0d10v5 L=2 W=1.5 nf=1 ad=0.435 as=0.435 pd=3.58 ps=3.58 nrd=0.193333333333333
| + nrs=0.193333333333333 sa=0 sb=0 sd=0 mult=1 m=1
| XM_TSHYS TS_REF TS_CMP TS_HYS VIN sky130_fd_pr__pfet_g5v0d10v5 L=0.5 W=2 nf=1 ad=0.58 as=0.58 pd=4.58 ps=4.58 nrd=0.145 nrs=0.145
| + sa=0 sb=0 sd=0 mult=1 m=1
| XM_ENP4 TS_CMP EN VIN VIN sky130_fd_pr__pfet_g5v0d10v5 L=0.5 W=2 nf=1 ad=0.58 as=0.58 pd=4.58 ps=4.58 nrd=0.145 nrs=0.145 sa=0
| + sb=0 sd=0 mult=1 m=1
| C_TS VIN TS_CMP 1p m=1
| .ends
| 
| .control
| save all
| * --- leg 1: C_out 0.33uF, 0 mA (feedback divider is the only preload) ---
| tran 10u 4m
| meas tran vpk max v(vout) from=100u to=4m
| meas tran vfloor min v(vout) from=3.1m to=4m
| meas tran tset when v(vout)=1.764 rise=1
| * --- leg 2: C_out 0.33uF, 50 mA ---
| alter rload = 36
| tran 10u 4m
| meas tran vpk max v(vout) from=100u to=4m
| meas tran vfloor min v(vout) from=3.1m to=4m
| meas tran tset when v(vout)=1.764 rise=1
| * --- leg 3: C_out 4.7uF, 0 mA ---
| alter cout = 4.7u
| alter rload = 1e12
| tran 10u 4m
| meas tran vpk max v(vout) from=100u to=4m
| meas tran vfloor min v(vout) from=3.1m to=4m
| meas tran tset when v(vout)=1.764 rise=1
| * --- leg 4: C_out 4.7uF, 50 mA ---
| alter rload = 36
| tran 10u 4m
| meas tran vpk max v(vout) from=100u to=4m
| meas tran vfloor min v(vout) from=3.1m to=4m
| meas tran tset when v(vout)=1.764 rise=1
| let meas_vpk_c033_0ma_v = tran1.vpk
| let meas_vfloor_c033_0ma_v = tran1.vfloor
| let meas_tramp_c033_0ma_ms = 1000*(tran1.tset - 100u)
| let meas_vpk_c033_50ma_v = tran2.vpk
| let meas_vfloor_c033_50ma_v = tran2.vfloor
| let meas_tramp_c033_50ma_ms = 1000*(tran2.tset - 100u)
| let meas_vpk_c47_0ma_v = tran3.vpk
| let meas_vfloor_c47_0ma_v = tran3.vfloor
| let meas_tramp_c47_0ma_ms = 1000*(tran3.tset - 100u)
| let meas_vpk_c47_50ma_v = tran4.vpk
| let meas_vfloor_c47_50ma_v = tran4.vfloor
| let meas_tramp_c47_50ma_ms = 1000*(tran4.tset - 100u)
| print meas_vpk_c033_0ma_v
| print meas_vfloor_c033_0ma_v
| print meas_tramp_c033_0ma_ms
| print meas_vpk_c033_50ma_v
| print meas_vfloor_c033_50ma_v
| print meas_tramp_c033_50ma_ms
| print meas_vpk_c47_0ma_v
| print meas_vfloor_c47_0ma_v
| print meas_tramp_c47_0ma_ms
| print meas_vpk_c47_50ma_v
| print meas_vfloor_c47_50ma_v
| print meas_tramp_c47_50ma_ms
| quit
| .endc
| .end

# ==== ngspice stdout ====

Note: Compatibility modes selected: hs a


Circuit: * startup corner deck -- generated by sim/bin/corner-run.py, do not edit

option SCALE: Scale is set to 1e-06 for instance and model parameters
option SCALE: Scale is set to 1e-06 for instance and model parameters
option SCALE: Scale is set to 1e-06 for instance and model parameters
option SCALE: Scale is set to 1e-06 for instance and model parameters
Doing analysis at TEMP = 27.000000 and TNOM = 27.000000

Using KLU as Direct Linear Solver
 Reference value :  0.00000e+00
 Reference value :  8.00000e-07
 Reference value :  1.28000e-05
 Reference value :  5.28000e-05
 Reference value :  9.14000e-05
 Reference value :  1.00300e-04
 Reference value :  1.00410e-04
 Reference value :  1.00492e-04
 Reference value :  1.00555e-04
 Reference value :  1.00688e-04
 Reference value :  1.00769e-04
 Reference value :  1.00844e-04
 Reference value :  1.00890e-04
 Reference value :  1.00966e-04
 Reference value :  1.01004e-04
 Reference value :  1.01028e-04
 Reference value :  1.01126e-04
 Reference value :  1.01674e-04
 Reference value :  1.04392e-04
 Reference value :  1.19478e-04
 Reference value :  1.31296e-04
 Reference value :  1.46165e-04
 Reference value :  1.74467e-04
 Reference value :  2.04467e-04
 Reference value :  2.34467e-04
 Reference value :  2.64467e-04
 Reference value :  2.94467e-04
 Reference value :  3.24467e-04
 Reference value :  3.54467e-04
 Reference value :  3.84467e-04
 Reference value :  4.14467e-04
 Reference value :  5.94467e-04
 Reference value :  6.44467e-04
 Reference value :  6.74467e-04
 Reference value :  7.24467e-04
 Reference value :  7.54467e-04
 Reference value :  7.84467e-04
 Reference value :  8.14467e-04
 Reference value :  8.44467e-04
 Reference value :  8.84467e-04
 Reference value :  9.24467e-04
 Reference value :  9.64467e-04
 Reference value :  1.00447e-03
 Reference value :  1.04447e-03
 Reference value :  1.08447e-03
 Reference value :  1.12447e-03
 Reference value :  1.16447e-03
 Reference value :  1.20447e-03
 Reference value :  1.24447e-03
 Reference value :  1.27447e-03
 Reference value :  1.31447e-03
 Reference value :  1.35447e-03
 Reference value :  1.39447e-03
 Reference value :  1.43447e-03
 Reference value :  1.47447e-03
 Reference value :  1.51447e-03
 Reference value :  1.55447e-03
 Reference value :  1.59447e-03
 Reference value :  1.63447e-03
 Reference value :  1.67447e-03
 Reference value :  1.71447e-03
 Reference value :  1.75447e-03
 Reference value :  1.91447e-03
 Reference value :  2.75447e-03
 Reference value :  3.56447e-03
 Reference value :  3.60447e-03
 Reference value :  3.99223e-03
No. of Data Rows : 436
vpk                 =  1.81232e+00 at=  7.24467e-04
vfloor              =  1.80680e+00 at=  4.00000e-03
tset                =  4.18047e-04
Doing analysis at TEMP = 27.000000 and TNOM = 27.000000

Using KLU as Direct Linear Solver
 Reference value :  0.00000e+00
 Reference value :  1.00966e-04
 Reference value :  4.78157e-04
 Reference value :  9.88157e-04
 Reference value :  1.09816e-03
 Reference value :  1.27816e-03
 Reference value :  1.86816e-03
 Reference value :  2.65816e-03
 Reference value :  3.29816e-03
 Reference value :  3.99408e-03
No. of Data Rows : 436
vpk                 =  1.79838e+00 at=  1.04816e-03
vfloor              =  1.79830e+00 at=  3.99408e-03
tset                =  4.40363e-04
Doing analysis at TEMP = 27.000000 and TNOM = 27.000000

Using KLU as Direct Linear Solver
 Reference value :  0.00000e+00
 Reference value :  1.60000e-06
 Reference value :  3.28000e-05
 Reference value :  6.28000e-05
 Reference value :  1.00000e-04
 Reference value :  1.00300e-04
 Reference value :  1.00410e-04
 Reference value :  1.00492e-04
 Reference value :  1.00555e-04
 Reference value :  1.00688e-04
 Reference value :  1.00769e-04
 Reference value :  1.00844e-04
 Reference value :  1.00890e-04
 Reference value :  1.00966e-04
 Reference value :  1.01004e-04
 Reference value :  1.01028e-04
 Reference value :  1.01126e-04
 Reference value :  1.01378e-04
 Reference value :  1.02062e-04
 Reference value :  1.04391e-04
 Reference value :  1.21974e-04
 Reference value :  1.38599e-04
 Reference value :  1.68599e-04
 Reference value :  1.88599e-04
 Reference value :  2.08599e-04
 Reference value :  2.28599e-04
 Reference value :  2.58599e-04
 Reference value :  2.88599e-04
 Reference value :  3.08599e-04
 Reference value :  3.28599e-04
 Reference value :  3.58599e-04
 Reference value :  3.98599e-04
 Reference value :  4.38599e-04
 Reference value :  4.58599e-04
 Reference value :  4.88599e-04
 Reference value :  5.18599e-04
 Reference value :  5.38599e-04
 Reference value :  5.58599e-04
 Reference value :  5.78599e-04
 Reference value :  5.98599e-04
 Reference value :  6.28599e-04
 Reference value :  6.48599e-04
 Reference value :  6.68599e-04
 Reference value :  6.98599e-04
 Reference value :  7.28599e-04
 Reference value :  7.68599e-04
 Reference value :  7.98599e-04
 Reference value :  8.38599e-04
 Reference value :  8.68599e-04
 Reference value :  8.98599e-04
 Reference value :  9.28599e-04
 Reference value :  9.68599e-04
 Reference value :  9.98599e-04
 Reference value :  1.02860e-03
 Reference value :  1.05860e-03
 Reference value :  1.08860e-03
 Reference value :  1.11860e-03
 Reference value :  1.15860e-03
 Reference value :  1.18860e-03
 Reference value :  1.22860e-03
 Reference value :  1.25860e-03
 Reference value :  1.29860e-03
 Reference value :  1.33860e-03
 Reference value :  1.36860e-03
 Reference value :  1.39860e-03
 Reference value :  1.43860e-03
 Reference value :  1.46860e-03
 Reference value :  1.49860e-03
 Reference value :  1.53860e-03
 Reference value :  1.57860e-03
 Reference value :  1.61860e-03
 Reference value :  1.65860e-03
 Reference value :  1.69860e-03
 Reference value :  1.73860e-03
 Reference value :  1.77860e-03
 Reference value :  1.80860e-03
 Reference value :  1.83860e-03
 Reference value :  1.87860e-03
 Reference value :  1.91860e-03
 Reference value :  1.94860e-03
 Reference value :  1.97860e-03
 Reference value :  2.01860e-03
 Reference value :  2.06860e-03
 Reference value :  2.10860e-03
 Reference value :  2.14860e-03
 Reference value :  2.17860e-03
 Reference value :  2.20860e-03
 Reference value :  2.24860e-03
 Reference value :  2.28860e-03
 Reference value :  2.32860e-03
 Reference value :  2.36860e-03
 Reference value :  2.39860e-03
 Reference value :  2.42860e-03
 Reference value :  2.45860e-03
 Reference value :  2.49860e-03
 Reference value :  2.52860e-03
 Reference value :  2.55860e-03
 Reference value :  2.58860e-03
 Reference value :  2.61860e-03
 Reference value :  2.65860e-03
 Reference value :  2.69860e-03
 Reference value :  2.72860e-03
 Reference value :  2.75860e-03
 Reference value :  2.79860e-03
 Reference value :  2.83860e-03
 Reference value :  2.87860e-03
 Reference value :  2.91860e-03
 Reference value :  2.94860e-03
 Reference value :  2.98860e-03
 Reference value :  3.02860e-03
 Reference value :  3.07860e-03
 Reference value :  3.11860e-03
 Reference value :  3.16860e-03
 Reference value :  3.20860e-03
 Reference value :  3.24860e-03
 Reference value :  3.28860e-03
 Reference value :  3.32860e-03
 Reference value :  3.36860e-03
 Reference value :  3.40860e-03
 Reference value :  3.44860e-03
 Reference value :  3.48860e-03
 Reference value :  3.51860e-03
 Reference value :  3.55860e-03
 Reference value :  3.59860e-03
 Reference value :  3.63860e-03
 Reference value :  3.67860e-03
 Reference value :  3.70860e-03
 Reference value :  3.74860e-03
 Reference value :  3.78860e-03
 Reference value :  3.82860e-03
 Reference value :  3.85860e-03
 Reference value :  3.88860e-03
 Reference value :  3.92860e-03
 Reference value :  3.96860e-03
 Reference value :  4.00000e-03
No. of Data Rows : 435
vpk                 =  1.82173e+00 at=  6.78599e-04
vfloor              =  1.82133e+00 at=  4.00000e-03
tset                =  4.09125e-04
Doing analysis at TEMP = 27.000000 and TNOM = 27.000000

Using KLU as Direct Linear Solver
 Reference value :  0.00000e+00
 Reference value :  8.00000e-07
 Reference value :  1.28000e-05
 Reference value :  5.28000e-05
 Reference value :  9.14000e-05
 Reference value :  1.00300e-04
 Reference value :  1.00410e-04
 Reference value :  1.00492e-04
 Reference value :  1.00555e-04
 Reference value :  1.00688e-04
 Reference value :  1.00766e-04
 Reference value :  1.00840e-04
 Reference value :  1.00844e-04
 Reference value :  1.00865e-04
 Reference value :  1.00895e-04
 Reference value :  1.00938e-04
 Reference value :  1.00984e-04
 Reference value :  1.01003e-04
 Reference value :  1.01102e-04
 Reference value :  1.01654e-04
 Reference value :  1.07098e-04
 Reference value :  1.18255e-04
 Reference value :  1.28560e-04
 Reference value :  1.40747e-04
 Reference value :  1.68482e-04
 Reference value :  2.08482e-04
 Reference value :  2.48482e-04
 Reference value :  2.88482e-04
 Reference value :  3.28482e-04
 Reference value :  3.68482e-04
 Reference value :  3.98482e-04
 Reference value :  4.38482e-04
 Reference value :  4.78482e-04
 Reference value :  5.18482e-04
 Reference value :  5.58482e-04
 Reference value :  5.98482e-04
 Reference value :  6.38482e-04
 Reference value :  6.78482e-04
 Reference value :  7.08482e-04
 Reference value :  7.48482e-04
 Reference value :  7.88482e-04
 Reference value :  8.28482e-04
 Reference value :  8.68482e-04
 Reference value :  8.98482e-04
 Reference value :  9.28482e-04
 Reference value :  9.58482e-04
 Reference value :  9.88482e-04
 Reference value :  1.02848e-03
 Reference value :  1.06848e-03
 Reference value :  1.10848e-03
 Reference value :  1.14848e-03
 Reference value :  1.18848e-03
 Reference value :  1.22848e-03
 Reference value :  1.25848e-03
 Reference value :  1.29848e-03
 Reference value :  1.33848e-03
 Reference value :  1.37848e-03
 Reference value :  1.41848e-03
 Reference value :  1.45848e-03
 Reference value :  1.48848e-03
 Reference value :  1.51848e-03
 Reference value :  1.54848e-03
 Reference value :  1.58848e-03
 Reference value :  1.62848e-03
 Reference value :  1.66848e-03
 Reference value :  1.70848e-03
 Reference value :  1.74848e-03
 Reference value :  1.78848e-03
 Reference value :  1.82848e-03
 Reference value :  1.87848e-03
 Reference value :  1.91848e-03
 Reference value :  1.94848e-03
 Reference value :  1.98848e-03
 Reference value :  2.01848e-03
 Reference value :  2.05848e-03
 Reference value :  2.08848e-03
 Reference value :  2.11848e-03
 Reference value :  2.16848e-03
 Reference value :  2.19848e-03
 Reference value :  2.22848e-03
 Reference value :  2.26848e-03
 Reference value :  2.29848e-03
 Reference value :  2.33848e-03
 Reference value :  2.37848e-03
 Reference value :  2.41848e-03
 Reference value :  2.44848e-03
 Reference value :  2.47848e-03
 Reference value :  2.50848e-03
 Reference value :  2.54848e-03
 Reference value :  2.58848e-03
 Reference value :  2.61848e-03
 Reference value :  2.64848e-03
 Reference value :  2.67848e-03
 Reference value :  2.70848e-03
 Reference value :  2.74848e-03
 Reference value :  2.78848e-03
 Reference value :  2.82848e-03
 Reference value :  2.85848e-03
 Reference value :  2.88848e-03
 Reference value :  2.92848e-03
 Reference value :  2.96848e-03
 Reference value :  3.00848e-03
 Reference value :  3.04848e-03
 Reference value :  3.08848e-03
 Reference value :  3.11848e-03
 Reference value :  3.14848e-03
 Reference value :  3.18848e-03
 Reference value :  3.22848e-03
 Reference value :  3.26848e-03
 Reference value :  3.30848e-03
 Reference value :  3.35848e-03
 Reference value :  3.38848e-03
 Reference value :  3.42848e-03
 Reference value :  3.46848e-03
 Reference value :  3.51848e-03
 Reference value :  3.55848e-03
 Reference value :  3.59848e-03
 Reference value :  3.63848e-03
 Reference value :  3.67848e-03
 Reference value :  3.70848e-03
 Reference value :  3.74848e-03
 Reference value :  3.78848e-03
 Reference value :  3.83848e-03
 Reference value :  3.87848e-03
 Reference value :  3.90848e-03
 Reference value :  3.94848e-03
 Reference value :  3.97848e-03
No. of Data Rows : 442
vpk                 =  1.79819e+00 at=  1.22848e-03
vfloor              =  1.79819e+00 at=  4.00000e-03
tset                =  4.22664e-04
meas_vpk_c033_0ma_v = 1.812325e+00
meas_vfloor_c033_0ma_v = 1.806801e+00
meas_tramp_c033_0ma_ms = 3.180469e-01
meas_vpk_c033_50ma_v = 1.798382e+00
meas_vfloor_c033_50ma_v = 1.798300e+00
meas_tramp_c033_50ma_ms = 3.403628e-01
meas_vpk_c47_0ma_v = 1.821730e+00
meas_vfloor_c47_0ma_v = 1.821333e+00
meas_tramp_c47_0ma_ms = 3.091245e-01
meas_vpk_c47_50ma_v = 1.798191e+00
meas_vfloor_c47_50ma_v = 1.798191e+00
meas_tramp_c47_50ma_ms = 3.226637e-01
ngspice-46 done

# ==== ngspice stderr ====
Note: Starting dynamic gmin stepping
Warning: Dynamic gmin stepping failed
Note: Starting true gmin stepping
Note: True gmin stepping completed
Note: Starting dynamic gmin stepping
Warning: Dynamic gmin stepping failed
Note: Starting true gmin stepping
Note: True gmin stepping completed
Note: Starting dynamic gmin stepping
Warning: Dynamic gmin stepping failed
Note: Starting true gmin stepping
Note: True gmin stepping completed
Note: Starting dynamic gmin stepping
Warning: Dynamic gmin stepping failed
Note: Starting true gmin stepping
Note: True gmin stepping completed
