# corner: fs_-40c_3.63v
# process=fs temp=-40C supply=3.63V
# ngspice exit: 0
# wall clock: 75.5s (--timeout was 300s)
# result: PASS

# ==== deck (exact input given to ngspice) ====
| * startup corner deck -- generated by sim/bin/corner-run.py, do not edit
| * corner: fs_-40c_3.63v
| .param vsup=3.63
| .option wnflag=1
| .temp -40
| .lib "/home/ubuntu/.volare/sky130A/libs.tech/combined/sky130.lib.spice" fs
| ** sch_path: sim/startup/testbench/tb_startup.sch
| **.subckt tb_startup
| VVIN VIN 0 'vsup'
| .save i(vvin)
| VEN EN 0 PULSE(0 'vsup' 100u 1u 1u 100 200)
| .save i(ven)
| VVREF VREF 0 1.2
| .save i(vvref)
| xldo VOUT VREF EN VIN ldo_3v3in_1v8out
| COUT VOUT VESR 0.33u m=1
| RESR VESR 0 10m m=1
| RLOAD VOUT 0 1e12 m=1
| **.ends
| 
| * expanding   symbol:  design/ldo_3v3in_1v8out.sym # of pins=4
| ** sym_path: design/ldo_3v3in_1v8out.sym
| ** sch_path: design/ldo_3v3in_1v8out.sch
| .subckt ldo_3v3in_1v8out VOUT VREF EN VIN
| *.ipin VIN
| *.ipin EN
| *.ipin VREF
| *.opin VOUT
| XR_BIAS VIN NB 0 sky130_fd_pr__res_high_po W=0.42 L=1500 mult=1 m=1
| XM_BIASN1 NB NB BIAS_ENN 0 sky130_fd_pr__nfet_g5v0d10v5 L=1 W=4 nf=1 ad=1.16 as=1.16 pd=8.58 ps=8.58 nrd=0.0725 nrs=0.0725 sa=0
| + sb=0 sd=0 mult=1 m=1
| XM_ENN BIAS_ENN EN 0 0 sky130_fd_pr__nfet_g5v0d10v5 L=0.5 W=10 nf=1 ad=2.9 as=2.9 pd=20.58 ps=20.58 nrd=0.029 nrs=0.029 sa=0 sb=0
| + sd=0 mult=1 m=1
| XM_BIASN2 BIASP NB BIAS_ENN 0 sky130_fd_pr__nfet_g5v0d10v5 L=1 W=4 nf=1 ad=1.16 as=1.16 pd=8.58 ps=8.58 nrd=0.0725 nrs=0.0725 sa=0
| + sb=0 sd=0 mult=1 m=1
| XM_BIASP1 BIASP BIASP VIN VIN sky130_fd_pr__pfet_g5v0d10v5 L=1 W=10 nf=2 ad=1.45 as=2.9 pd=10.58 ps=21.16 nrd=0.029 nrs=0.029 sa=0
| + sb=0 sd=0 mult=1 m=1
| XM_ENP2 BIASP EN VIN VIN sky130_fd_pr__pfet_g5v0d10v5 L=0.5 W=10 nf=1 ad=2.9 as=2.9 pd=20.58 ps=20.58 nrd=0.029 nrs=0.029 sa=0
| + sb=0 sd=0 mult=1 m=1
| XM_TAIL EA_TAIL BIASP VIN VIN sky130_fd_pr__pfet_g5v0d10v5 L=2 W=40 nf=8 ad=5.8 as=7.25 pd=42.32 ps=52.9 nrd=0.00725 nrs=0.00725
| + sa=0 sb=0 sd=0 mult=1 m=1
| XM_IN1 EA_D1 FB EA_TAIL VIN sky130_fd_pr__pfet_g5v0d10v5 L=2 W=10 nf=2 ad=1.45 as=2.9 pd=10.58 ps=21.16 nrd=0.029 nrs=0.029 sa=0
| + sb=0 sd=0 mult=1 m=1
| XM_IN2 EA_D2 VREF EA_TAIL VIN sky130_fd_pr__pfet_g5v0d10v5 L=2 W=10 nf=2 ad=1.45 as=2.9 pd=10.58 ps=21.16 nrd=0.029 nrs=0.029 sa=0
| + sb=0 sd=0 mult=1 m=1
| XM_MIR1 EA_D1 EA_D1 AMP_ENN 0 sky130_fd_pr__nfet_g5v0d10v5 L=4 W=10 nf=2 ad=1.45 as=2.9 pd=10.58 ps=21.16 nrd=0.029 nrs=0.029 sa=0
| + sb=0 sd=0 mult=1 m=1
| XM_MIR2 EA_OUT EA_D1 AMP_ENN 0 sky130_fd_pr__nfet_g5v0d10v5 L=4 W=10 nf=2 ad=1.45 as=2.9 pd=10.58 ps=21.16 nrd=0.029 nrs=0.029
| + sa=0 sb=0 sd=0 mult=1 m=1
| XM_ENN2 AMP_ENN EN 0 0 sky130_fd_pr__nfet_g5v0d10v5 L=0.5 W=10 nf=1 ad=2.9 as=2.9 pd=20.58 ps=20.58 nrd=0.029 nrs=0.029 sa=0 sb=0
| + sd=0 mult=1 m=1
| XM_ENP EA_OUT EN VIN VIN sky130_fd_pr__pfet_g5v0d10v5 L=0.5 W=10 nf=1 ad=2.9 as=2.9 pd=20.58 ps=20.58 nrd=0.029 nrs=0.029 sa=0
| + sb=0 sd=0 mult=1 m=1
| XM_MIR3 EA_D2 EA_D2 AMP_ENN 0 sky130_fd_pr__nfet_g5v0d10v5 L=4 W=10 nf=2 ad=1.45 as=2.9 pd=10.58 ps=21.16 nrd=0.029 nrs=0.029 sa=0
| + sb=0 sd=0 mult=1 m=1
| XM_MIR4 PB EA_D2 AMP_ENN 0 sky130_fd_pr__nfet_g5v0d10v5 L=4 W=10 nf=2 ad=1.45 as=2.9 pd=10.58 ps=21.16 nrd=0.029 nrs=0.029 sa=0
| + sb=0 sd=0 mult=1 m=1
| XM_MIRP1 PB PB VIN VIN sky130_fd_pr__pfet_g5v0d10v5 L=4 W=20 nf=4 ad=2.9 as=4.35 pd=21.16 ps=31.74 nrd=0.0145 nrs=0.0145 sa=0 sb=0
| + sd=0 mult=1 m=1
| XM_MIRP2 EA_OUT PB VIN VIN sky130_fd_pr__pfet_g5v0d10v5 L=4 W=20 nf=4 ad=2.9 as=4.35 pd=21.16 ps=31.74 nrd=0.0145 nrs=0.0145 sa=0
| + sb=0 sd=0 mult=1 m=1
| XM_ENP5 PB EN VIN VIN sky130_fd_pr__pfet_g5v0d10v5 L=0.5 W=2 nf=1 ad=0.58 as=0.58 pd=4.58 ps=4.58 nrd=0.145 nrs=0.145 sa=0 sb=0
| + sd=0 mult=1 m=1
| XM_PASS VOUT EA_OUT VIN VIN sky130_fd_pr__pfet_g5v0d10v5 L=0.5 W=100 nf=25 ad=15.08 as=15.08 pd=111.54 ps=111.54 nrd=0.0029
| + nrs=0.0029 sa=0 sb=0 sd=0 mult=25 m=25
| C_COMP VOUT EA_CZ 150p m=1
| XR_CZ EA_CZ EA_OUT 0 sky130_fd_pr__res_xhigh_po W=0.42 L=52 mult=1 m=1
| XR_FB_A VOUT FB 0 sky130_fd_pr__res_xhigh_po W=0.42 L=180 mult=1 m=1
| XR_FB_B FB N_FBB 0 sky130_fd_pr__res_xhigh_po W=0.42 L=180 mult=1 m=1
| XR_FB_C N_FBB 0 0 sky130_fd_pr__res_xhigh_po W=0.42 L=180 mult=1 m=1
| XM_SENSE CL_SNS EA_OUT VIN VIN sky130_fd_pr__pfet_g5v0d10v5 L=0.5 W=0.42 nf=1 ad=0.1218 as=0.1218 pd=1.42 ps=1.42
| + nrd=0.69047619047619 nrs=0.69047619047619 sa=0 sb=0 sd=0 mult=1 m=1
| XM_CLN1 CL_SNS CL_SNS AMP_ENN 0 sky130_fd_pr__nfet_g5v0d10v5 L=1 W=20 nf=1 ad=5.8 as=5.8 pd=40.58 ps=40.58 nrd=0.0145 nrs=0.0145
| + sa=0 sb=0 sd=0 mult=1 m=1
| XM_CLN2 CL_CMP CL_SNS AMP_ENN 0 sky130_fd_pr__nfet_g5v0d10v5 L=1 W=1.6 nf=1 ad=0.464 as=0.464 pd=3.78 ps=3.78 nrd=0.18125
| + nrs=0.18125 sa=0 sb=0 sd=0 mult=1 m=1
| XM_CLP CL_CMP BIASP VIN VIN sky130_fd_pr__pfet_g5v0d10v5 L=1 W=10 nf=2 ad=1.45 as=2.9 pd=10.58 ps=21.16 nrd=0.029 nrs=0.029 sa=0
| + sb=0 sd=0 mult=1 m=1
| XM_CLIM EA_OUT CL_CMP VIN VIN sky130_fd_pr__pfet_g5v0d10v5 L=0.5 W=20 nf=4 ad=2.9 as=4.35 pd=21.16 ps=31.74 nrd=0.0145 nrs=0.0145
| + sa=0 sb=0 sd=0 mult=1 m=1
| XM_ENP3 CL_CMP EN VIN VIN sky130_fd_pr__pfet_g5v0d10v5 L=0.5 W=2 nf=1 ad=0.58 as=0.58 pd=4.58 ps=4.58 nrd=0.145 nrs=0.145 sa=0
| + sb=0 sd=0 mult=1 m=1
| C_CL VIN CL_CMP 1p m=1
| XM_INVP ENB EN VIN VIN sky130_fd_pr__pfet_g5v0d10v5 L=0.5 W=2 nf=1 ad=0.58 as=0.58 pd=4.58 ps=4.58 nrd=0.145 nrs=0.145 sa=0 sb=0
| + sd=0 mult=1 m=1
| XM_INVN ENB EN 0 0 sky130_fd_pr__nfet_g5v0d10v5 L=0.5 W=1 nf=1 ad=0.29 as=0.29 pd=2.58 ps=2.58 nrd=0.29 nrs=0.29 sa=0 sb=0 sd=0
| + mult=1 m=1
| XM_SSDIS SS ENB 0 0 sky130_fd_pr__nfet_g5v0d10v5 L=0.5 W=2 nf=1 ad=0.58 as=0.58 pd=4.58 ps=4.58 nrd=0.145 nrs=0.145 sa=0 sb=0 sd=0
| + mult=1 m=1
| XM_SSCHG SS BIASP VIN VIN sky130_fd_pr__pfet_g5v0d10v5 L=8 W=1 nf=1 ad=0.29 as=0.29 pd=2.58 ps=2.58 nrd=0.29 nrs=0.29 sa=0 sb=0
| + sd=0 mult=1 m=1
| C_SS SS 0 10p m=1
| XM_IN2S EA_D2 SS EA_TAIL VIN sky130_fd_pr__pfet_g5v0d10v5 L=2 W=10 nf=2 ad=1.45 as=2.9 pd=10.58 ps=21.16 nrd=0.029 nrs=0.029 sa=0
| + sb=0 sd=0 mult=1 m=1
| XM_TSPS TS_SNS BIASP VIN VIN sky130_fd_pr__pfet_g5v0d10v5 L=1 W=2.5 nf=1 ad=0.725 as=0.725 pd=5.58 ps=5.58 nrd=0.116 nrs=0.116
| + sa=0 sb=0 sd=0 mult=1 m=1
| XM_TSD1 TS_SNS TS_SNS TS_MID 0 sky130_fd_pr__nfet_g5v0d10v5 L=1 W=80 nf=16 ad=11.6 as=13.05 pd=84.64 ps=95.22 nrd=0.003625
| + nrs=0.003625 sa=0 sb=0 sd=0 mult=1 m=1
| XM_TSD2 TS_MID TS_MID AMP_ENN 0 sky130_fd_pr__nfet_g5v0d10v5 L=1 W=80 nf=16 ad=11.6 as=13.05 pd=84.64 ps=95.22 nrd=0.003625
| + nrs=0.003625 sa=0 sb=0 sd=0 mult=1 m=1
| XM_TSPR TS_REF BIASP VIN VIN sky130_fd_pr__pfet_g5v0d10v5 L=1 W=2.5 nf=1 ad=0.725 as=0.725 pd=5.58 ps=5.58 nrd=0.116 nrs=0.116
| + sa=0 sb=0 sd=0 mult=1 m=1
| XM_TSR1 TS_REF TS_REF AMP_ENN 0 sky130_fd_pr__nfet_g5v0d10v5 L=10 W=2 nf=1 ad=0.58 as=0.58 pd=4.58 ps=4.58 nrd=0.145 nrs=0.145
| + sa=0 sb=0 sd=0 mult=1 m=1
| XM_TCTAIL TC_TAIL NB AMP_ENN 0 sky130_fd_pr__nfet_g5v0d10v5 L=1 W=1 nf=1 ad=0.29 as=0.29 pd=2.58 ps=2.58 nrd=0.29 nrs=0.29 sa=0
| + sb=0 sd=0 mult=1 m=1
| XM_TCN1 TC_D1 TS_SNS TC_TAIL 0 sky130_fd_pr__nfet_g5v0d10v5 L=2 W=10 nf=2 ad=1.45 as=2.9 pd=10.58 ps=21.16 nrd=0.029 nrs=0.029
| + sa=0 sb=0 sd=0 mult=1 m=1
| XM_TCN2 TS_CMP TS_REF TC_TAIL 0 sky130_fd_pr__nfet_g5v0d10v5 L=2 W=10 nf=2 ad=1.45 as=2.9 pd=10.58 ps=21.16 nrd=0.029 nrs=0.029
| + sa=0 sb=0 sd=0 mult=1 m=1
| XM_TCP1 TC_D1 TC_D1 VIN VIN sky130_fd_pr__pfet_g5v0d10v5 L=2 W=10 nf=2 ad=1.45 as=2.9 pd=10.58 ps=21.16 nrd=0.029 nrs=0.029 sa=0
| + sb=0 sd=0 mult=1 m=1
| XM_TCP2 TS_CMP TC_D1 VIN VIN sky130_fd_pr__pfet_g5v0d10v5 L=2 W=10 nf=2 ad=1.45 as=2.9 pd=10.58 ps=21.16 nrd=0.029 nrs=0.029 sa=0
| + sb=0 sd=0 mult=1 m=1
| XM_TSHUT EA_OUT TS_CMP VIN VIN sky130_fd_pr__pfet_g5v0d10v5 L=0.5 W=20 nf=4 ad=2.9 as=4.35 pd=21.16 ps=31.74 nrd=0.0145 nrs=0.0145
| + sa=0 sb=0 sd=0 mult=1 m=1
| XM_TSHYSB TS_HYS BIASP VIN VIN sky130_fd_pr__pfet_g5v0d10v5 L=2 W=1.5 nf=1 ad=0.435 as=0.435 pd=3.58 ps=3.58 nrd=0.193333333333333
| + nrs=0.193333333333333 sa=0 sb=0 sd=0 mult=1 m=1
| XM_TSHYS TS_REF TS_CMP TS_HYS VIN sky130_fd_pr__pfet_g5v0d10v5 L=0.5 W=2 nf=1 ad=0.58 as=0.58 pd=4.58 ps=4.58 nrd=0.145 nrs=0.145
| + sa=0 sb=0 sd=0 mult=1 m=1
| XM_ENP4 TS_CMP EN VIN VIN sky130_fd_pr__pfet_g5v0d10v5 L=0.5 W=2 nf=1 ad=0.58 as=0.58 pd=4.58 ps=4.58 nrd=0.145 nrs=0.145 sa=0
| + sb=0 sd=0 mult=1 m=1
| C_TS VIN TS_CMP 1p m=1
| .ends
| 
| .control
| save all
| * --- leg 1: C_out 0.33uF, 0 mA (feedback divider is the only preload) ---
| tran 10u 4m
| meas tran vpk max v(vout) from=100u to=4m
| meas tran vfloor min v(vout) from=3.1m to=4m
| meas tran tset when v(vout)=1.764 rise=1
| * --- leg 2: C_out 0.33uF, 50 mA ---
| alter rload = 36
| tran 10u 4m
| meas tran vpk max v(vout) from=100u to=4m
| meas tran vfloor min v(vout) from=3.1m to=4m
| meas tran tset when v(vout)=1.764 rise=1
| * --- leg 3: C_out 4.7uF, 0 mA ---
| alter cout = 4.7u
| alter rload = 1e12
| tran 10u 4m
| meas tran vpk max v(vout) from=100u to=4m
| meas tran vfloor min v(vout) from=3.1m to=4m
| meas tran tset when v(vout)=1.764 rise=1
| * --- leg 4: C_out 4.7uF, 50 mA ---
| alter rload = 36
| tran 10u 4m
| meas tran vpk max v(vout) from=100u to=4m
| meas tran vfloor min v(vout) from=3.1m to=4m
| meas tran tset when v(vout)=1.764 rise=1
| let meas_vpk_c033_0ma_v = tran1.vpk
| let meas_vfloor_c033_0ma_v = tran1.vfloor
| let meas_tramp_c033_0ma_ms = 1000*(tran1.tset - 100u)
| let meas_vpk_c033_50ma_v = tran2.vpk
| let meas_vfloor_c033_50ma_v = tran2.vfloor
| let meas_tramp_c033_50ma_ms = 1000*(tran2.tset - 100u)
| let meas_vpk_c47_0ma_v = tran3.vpk
| let meas_vfloor_c47_0ma_v = tran3.vfloor
| let meas_tramp_c47_0ma_ms = 1000*(tran3.tset - 100u)
| let meas_vpk_c47_50ma_v = tran4.vpk
| let meas_vfloor_c47_50ma_v = tran4.vfloor
| let meas_tramp_c47_50ma_ms = 1000*(tran4.tset - 100u)
| print meas_vpk_c033_0ma_v
| print meas_vfloor_c033_0ma_v
| print meas_tramp_c033_0ma_ms
| print meas_vpk_c033_50ma_v
| print meas_vfloor_c033_50ma_v
| print meas_tramp_c033_50ma_ms
| print meas_vpk_c47_0ma_v
| print meas_vfloor_c47_0ma_v
| print meas_tramp_c47_0ma_ms
| print meas_vpk_c47_50ma_v
| print meas_vfloor_c47_50ma_v
| print meas_tramp_c47_50ma_ms
| quit
| .endc
| .end

# ==== ngspice stdout ====

Note: Compatibility modes selected: hs a


Circuit: * startup corner deck -- generated by sim/bin/corner-run.py, do not edit

option SCALE: Scale is set to 1e-06 for instance and model parameters
option SCALE: Scale is set to 1e-06 for instance and model parameters
option SCALE: Scale is set to 1e-06 for instance and model parameters
option SCALE: Scale is set to 1e-06 for instance and model parameters
Doing analysis at TEMP = -40.000000 and TNOM = 27.000000

Using KLU as Direct Linear Solver
 Reference value :  0.00000e+00
 Reference value :  8.00000e-07
 Reference value :  1.28000e-05
 Reference value :  6.28000e-05
 Reference value :  1.00100e-04
 Reference value :  1.00300e-04
 Reference value :  1.00411e-04
 Reference value :  1.00493e-04
 Reference value :  1.00726e-04
 Reference value :  1.00881e-04
 Reference value :  1.00915e-04
 Reference value :  1.00973e-04
 Reference value :  1.01009e-04
 Reference value :  1.01065e-04
 Reference value :  1.01469e-04
 Reference value :  1.06459e-04
 Reference value :  1.16618e-04
 Reference value :  1.22427e-04
 Reference value :  1.33978e-04
 Reference value :  1.46715e-04
 Reference value :  1.86715e-04
 Reference value :  2.16715e-04
 Reference value :  2.46715e-04
 Reference value :  2.76715e-04
 Reference value :  3.06715e-04
 Reference value :  3.36715e-04
 Reference value :  3.66715e-04
 Reference value :  4.06715e-04
 Reference value :  4.36715e-04
 Reference value :  4.66715e-04
 Reference value :  4.96715e-04
 Reference value :  5.26715e-04
 Reference value :  5.56715e-04
 Reference value :  5.86715e-04
 Reference value :  6.26715e-04
 Reference value :  6.66715e-04
 Reference value :  6.96715e-04
 Reference value :  7.26715e-04
 Reference value :  7.56715e-04
 Reference value :  7.86715e-04
 Reference value :  8.26715e-04
 Reference value :  8.76715e-04
 Reference value :  9.26715e-04
 Reference value :  9.66715e-04
 Reference value :  1.01671e-03
 Reference value :  1.05671e-03
 Reference value :  1.10671e-03
 Reference value :  1.14671e-03
 Reference value :  1.19671e-03
 Reference value :  1.24671e-03
 Reference value :  1.29671e-03
 Reference value :  1.33671e-03
 Reference value :  1.38671e-03
 Reference value :  1.43671e-03
 Reference value :  1.47671e-03
 Reference value :  1.52671e-03
 Reference value :  1.57671e-03
 Reference value :  1.62671e-03
 Reference value :  1.67671e-03
 Reference value :  1.73671e-03
 Reference value :  1.77671e-03
 Reference value :  1.82671e-03
 Reference value :  1.86671e-03
 Reference value :  1.90671e-03
 Reference value :  1.93671e-03
 Reference value :  1.97671e-03
 Reference value :  2.00671e-03
 Reference value :  2.03671e-03
 Reference value :  2.08671e-03
 Reference value :  2.13671e-03
 Reference value :  2.19671e-03
 Reference value :  2.24671e-03
 Reference value :  2.29671e-03
 Reference value :  2.35671e-03
 Reference value :  2.40671e-03
 Reference value :  2.46671e-03
 Reference value :  2.50671e-03
 Reference value :  2.75671e-03
 Reference value :  2.79671e-03
 Reference value :  2.84671e-03
 Reference value :  2.89671e-03
 Reference value :  2.94671e-03
 Reference value :  2.98671e-03
 Reference value :  3.03671e-03
 Reference value :  3.09671e-03
 Reference value :  3.15671e-03
 Reference value :  3.21671e-03
 Reference value :  3.27671e-03
 Reference value :  3.33671e-03
 Reference value :  3.39671e-03
 Reference value :  3.45671e-03
 Reference value :  3.48671e-03
 Reference value :  3.53671e-03
 Reference value :  3.58671e-03
 Reference value :  3.63671e-03
 Reference value :  3.68671e-03
 Reference value :  3.73671e-03
 Reference value :  3.78671e-03
 Reference value :  3.84671e-03
 Reference value :  3.89671e-03
 Reference value :  3.92671e-03
 Reference value :  3.96671e-03
 Reference value :  3.99336e-03
No. of Data Rows : 436
vpk                 =  1.80835e+00 at=  6.86715e-04
vfloor              =  1.80279e+00 at=  4.00000e-03
tset                =  3.74053e-04
Doing analysis at TEMP = -40.000000 and TNOM = 27.000000

Using KLU as Direct Linear Solver
 Reference value :  0.00000e+00
 Reference value :  4.00000e-07
 Reference value :  1.28000e-05
 Reference value :  6.28000e-05
 Reference value :  1.00100e-04
 Reference value :  1.00300e-04
 Reference value :  1.00411e-04
 Reference value :  1.00493e-04
 Reference value :  1.00644e-04
 Reference value :  1.00818e-04
 Reference value :  1.00881e-04
 Reference value :  1.00915e-04
 Reference value :  1.00946e-04
 Reference value :  1.01003e-04
 Reference value :  1.01035e-04
 Reference value :  1.01239e-04
 Reference value :  1.02573e-04
 Reference value :  1.11628e-04
 Reference value :  1.15558e-04
 Reference value :  1.20243e-04
 Reference value :  1.29370e-04
 Reference value :  1.63935e-04
 Reference value :  1.93935e-04
 Reference value :  2.23935e-04
 Reference value :  2.63935e-04
 Reference value :  3.03935e-04
 Reference value :  3.43935e-04
 Reference value :  3.83935e-04
 Reference value :  4.33935e-04
 Reference value :  4.83935e-04
 Reference value :  5.33935e-04
 Reference value :  5.63935e-04
 Reference value :  5.93935e-04
 Reference value :  6.23935e-04
 Reference value :  6.53935e-04
 Reference value :  6.93935e-04
 Reference value :  7.23935e-04
 Reference value :  7.63935e-04
 Reference value :  7.93935e-04
 Reference value :  8.23935e-04
 Reference value :  8.53935e-04
 Reference value :  8.83935e-04
 Reference value :  9.23935e-04
 Reference value :  9.53935e-04
 Reference value :  9.93935e-04
 Reference value :  1.03394e-03
 Reference value :  1.08394e-03
 Reference value :  1.13394e-03
 Reference value :  1.18394e-03
 Reference value :  1.22394e-03
 Reference value :  1.26394e-03
 Reference value :  1.30394e-03
 Reference value :  1.34394e-03
 Reference value :  1.39394e-03
 Reference value :  1.43394e-03
 Reference value :  1.47394e-03
 Reference value :  1.51394e-03
 Reference value :  1.55394e-03
 Reference value :  1.59394e-03
 Reference value :  1.65394e-03
 Reference value :  1.71394e-03
 Reference value :  1.76394e-03
 Reference value :  1.81394e-03
 Reference value :  1.86394e-03
 Reference value :  1.91394e-03
 Reference value :  1.96394e-03
 Reference value :  2.02394e-03
 Reference value :  2.07394e-03
 Reference value :  2.13394e-03
 Reference value :  2.19394e-03
 Reference value :  2.24394e-03
 Reference value :  2.30394e-03
 Reference value :  2.35394e-03
 Reference value :  2.40394e-03
 Reference value :  2.46394e-03
 Reference value :  2.52394e-03
 Reference value :  2.58394e-03
 Reference value :  2.63394e-03
 Reference value :  2.68394e-03
 Reference value :  2.73394e-03
 Reference value :  2.78394e-03
 Reference value :  2.83394e-03
 Reference value :  2.88394e-03
 Reference value :  2.93394e-03
 Reference value :  2.98394e-03
 Reference value :  3.03394e-03
 Reference value :  3.07394e-03
 Reference value :  3.12394e-03
 Reference value :  3.16394e-03
 Reference value :  3.20394e-03
 Reference value :  3.24394e-03
 Reference value :  3.28394e-03
 Reference value :  3.32394e-03
 Reference value :  3.36394e-03
 Reference value :  3.40394e-03
 Reference value :  3.44394e-03
 Reference value :  3.48394e-03
 Reference value :  3.52394e-03
 Reference value :  3.56394e-03
 Reference value :  3.60394e-03
 Reference value :  3.64394e-03
 Reference value :  3.68394e-03
 Reference value :  3.72394e-03
 Reference value :  3.76394e-03
 Reference value :  3.80394e-03
 Reference value :  3.85394e-03
 Reference value :  3.90394e-03
 Reference value :  3.95394e-03
 Reference value :  4.00000e-03
No. of Data Rows : 436
vpk                 =  1.79867e+00 at=  9.03935e-04
vfloor              =  1.79859e+00 at=  3.99197e-03
tset                =  3.96966e-04
Doing analysis at TEMP = -40.000000 and TNOM = 27.000000

Using KLU as Direct Linear Solver
 Reference value :  0.00000e+00
 Reference value :  3.20000e-06
 Reference value :  4.28000e-05
 Reference value :  8.28000e-05
 Reference value :  1.00300e-04
 Reference value :  1.00411e-04
 Reference value :  1.00493e-04
 Reference value :  1.00644e-04
 Reference value :  1.00818e-04
 Reference value :  1.00881e-04
 Reference value :  1.00915e-04
 Reference value :  1.00946e-04
 Reference value :  1.01003e-04
 Reference value :  1.01065e-04
 Reference value :  1.01928e-04
 Reference value :  1.06462e-04
 Reference value :  1.22510e-04
 Reference value :  1.33755e-04
 Reference value :  1.51622e-04
 Reference value :  1.81622e-04
 Reference value :  2.01622e-04
 Reference value :  2.41622e-04
 Reference value :  2.81622e-04
 Reference value :  3.21622e-04
 Reference value :  3.61622e-04
 Reference value :  4.01622e-04
 Reference value :  4.41622e-04
 Reference value :  4.71622e-04
 Reference value :  5.01622e-04
 Reference value :  5.41622e-04
 Reference value :  5.71622e-04
 Reference value :  6.01622e-04
 Reference value :  6.31622e-04
 Reference value :  6.61622e-04
 Reference value :  7.11622e-04
 Reference value :  7.51622e-04
 Reference value :  7.91622e-04
 Reference value :  8.31622e-04
 Reference value :  8.81622e-04
 Reference value :  9.21622e-04
 Reference value :  9.61622e-04
 Reference value :  1.02162e-03
 Reference value :  1.07162e-03
 Reference value :  1.13162e-03
 Reference value :  1.18162e-03
 Reference value :  1.23162e-03
 Reference value :  1.28162e-03
 Reference value :  1.33162e-03
 Reference value :  1.39162e-03
 Reference value :  1.44162e-03
 Reference value :  1.47162e-03
 Reference value :  1.50162e-03
 Reference value :  1.54162e-03
 Reference value :  1.58162e-03
 Reference value :  1.62162e-03
 Reference value :  1.66162e-03
 Reference value :  1.70162e-03
 Reference value :  1.74162e-03
 Reference value :  1.77162e-03
 Reference value :  1.80162e-03
 Reference value :  1.83162e-03
 Reference value :  1.86162e-03
 Reference value :  1.90162e-03
 Reference value :  1.93162e-03
 Reference value :  1.97162e-03
 Reference value :  2.01162e-03
 Reference value :  2.05162e-03
 Reference value :  2.09162e-03
 Reference value :  2.14162e-03
 Reference value :  2.19162e-03
 Reference value :  2.24162e-03
 Reference value :  2.29162e-03
 Reference value :  2.34162e-03
 Reference value :  2.39162e-03
 Reference value :  2.44162e-03
 Reference value :  2.48162e-03
 Reference value :  2.53162e-03
 Reference value :  2.57162e-03
 Reference value :  2.62162e-03
 Reference value :  2.66162e-03
 Reference value :  2.71162e-03
 Reference value :  2.76162e-03
 Reference value :  2.80162e-03
 Reference value :  2.84162e-03
 Reference value :  2.88162e-03
 Reference value :  2.93162e-03
 Reference value :  2.98162e-03
 Reference value :  3.03162e-03
 Reference value :  3.08162e-03
 Reference value :  3.13162e-03
 Reference value :  3.18162e-03
 Reference value :  3.23162e-03
 Reference value :  3.28162e-03
 Reference value :  3.34162e-03
 Reference value :  3.38162e-03
 Reference value :  3.42162e-03
 Reference value :  3.46162e-03
 Reference value :  3.50162e-03
 Reference value :  3.53162e-03
 Reference value :  3.57162e-03
 Reference value :  3.60162e-03
 Reference value :  3.63162e-03
 Reference value :  3.67162e-03
 Reference value :  3.71162e-03
 Reference value :  3.75162e-03
 Reference value :  3.78162e-03
 Reference value :  3.82162e-03
 Reference value :  3.86162e-03
 Reference value :  3.90162e-03
 Reference value :  3.95162e-03
 Reference value :  4.00000e-03
No. of Data Rows : 435
vpk                 =  1.81664e+00 at=  6.11622e-04
vfloor              =  1.81624e+00 at=  4.00000e-03
tset                =  3.65126e-04
Doing analysis at TEMP = -40.000000 and TNOM = 27.000000

Using KLU as Direct Linear Solver
 Reference value :  0.00000e+00
 Reference value :  8.00000e-07
 Reference value :  1.28000e-05
 Reference value :  7.28000e-05
 Reference value :  1.00300e-04
 Reference value :  1.00411e-04
 Reference value :  1.00493e-04
 Reference value :  1.00726e-04
 Reference value :  1.00881e-04
 Reference value :  1.00915e-04
 Reference value :  1.00946e-04
 Reference value :  1.01003e-04
 Reference value :  1.01035e-04
 Reference value :  1.01239e-04
 Reference value :  1.02574e-04
 Reference value :  1.11634e-04
 Reference value :  1.15265e-04
 Reference value :  1.19903e-04
 Reference value :  1.28639e-04
 Reference value :  1.41924e-04
 Reference value :  1.71924e-04
 Reference value :  1.91924e-04
 Reference value :  2.11924e-04
 Reference value :  2.31924e-04
 Reference value :  2.51924e-04
 Reference value :  2.71924e-04
 Reference value :  2.91924e-04
 Reference value :  3.11924e-04
 Reference value :  3.41924e-04
 Reference value :  3.71924e-04
 Reference value :  4.01924e-04
 Reference value :  4.21924e-04
 Reference value :  4.41924e-04
 Reference value :  4.71924e-04
 Reference value :  5.11924e-04
 Reference value :  5.31924e-04
 Reference value :  5.61924e-04
 Reference value :  5.91924e-04
 Reference value :  6.31924e-04
 Reference value :  6.51924e-04
 Reference value :  6.71924e-04
 Reference value :  7.01924e-04
 Reference value :  7.31924e-04
 Reference value :  7.71924e-04
 Reference value :  8.01924e-04
 Reference value :  8.41924e-04
 Reference value :  8.71924e-04
 Reference value :  9.01924e-04
 Reference value :  9.31924e-04
 Reference value :  9.61924e-04
 Reference value :  9.91924e-04
 Reference value :  1.02192e-03
 Reference value :  1.06192e-03
 Reference value :  1.09192e-03
 Reference value :  1.12192e-03
 Reference value :  1.15192e-03
 Reference value :  1.19192e-03
 Reference value :  1.23192e-03
 Reference value :  1.27192e-03
 Reference value :  1.31192e-03
 Reference value :  1.34192e-03
 Reference value :  1.37192e-03
 Reference value :  1.40192e-03
 Reference value :  1.43192e-03
 Reference value :  1.46192e-03
 Reference value :  1.49192e-03
 Reference value :  1.53192e-03
 Reference value :  1.56192e-03
 Reference value :  1.60192e-03
 Reference value :  1.63192e-03
 Reference value :  1.66192e-03
 Reference value :  1.69192e-03
 Reference value :  1.72192e-03
 Reference value :  1.75192e-03
 Reference value :  1.78192e-03
 Reference value :  1.82192e-03
 Reference value :  1.85192e-03
 Reference value :  1.89192e-03
 Reference value :  1.93192e-03
 Reference value :  1.96192e-03
 Reference value :  1.99192e-03
 Reference value :  2.02192e-03
 Reference value :  2.05192e-03
 Reference value :  2.09192e-03
 Reference value :  2.13192e-03
 Reference value :  2.17192e-03
 Reference value :  2.21192e-03
 Reference value :  2.24192e-03
 Reference value :  2.27192e-03
 Reference value :  2.30192e-03
 Reference value :  2.33192e-03
 Reference value :  2.36192e-03
 Reference value :  2.39192e-03
 Reference value :  2.42192e-03
 Reference value :  2.45192e-03
 Reference value :  2.48192e-03
 Reference value :  2.51192e-03
 Reference value :  2.54192e-03
 Reference value :  2.58192e-03
 Reference value :  2.61192e-03
 Reference value :  2.65192e-03
 Reference value :  2.68192e-03
 Reference value :  2.72192e-03
 Reference value :  2.75192e-03
 Reference value :  2.78192e-03
 Reference value :  2.81192e-03
 Reference value :  2.84192e-03
 Reference value :  2.86192e-03
 Reference value :  2.89192e-03
 Reference value :  2.91192e-03
 Reference value :  2.93192e-03
 Reference value :  2.97192e-03
 Reference value :  3.01192e-03
 Reference value :  3.04192e-03
 Reference value :  3.07192e-03
 Reference value :  3.09192e-03
 Reference value :  3.11192e-03
 Reference value :  3.13192e-03
 Reference value :  3.15192e-03
 Reference value :  3.18192e-03
 Reference value :  3.20192e-03
 Reference value :  3.23192e-03
 Reference value :  3.26192e-03
 Reference value :  3.29192e-03
 Reference value :  3.33192e-03
 Reference value :  3.36192e-03
 Reference value :  3.39192e-03
 Reference value :  3.42192e-03
 Reference value :  3.45192e-03
 Reference value :  3.48192e-03
 Reference value :  3.51192e-03
 Reference value :  3.55192e-03
 Reference value :  3.58192e-03
 Reference value :  3.62192e-03
 Reference value :  3.66192e-03
 Reference value :  3.70192e-03
 Reference value :  3.73192e-03
 Reference value :  3.76192e-03
 Reference value :  3.79192e-03
 Reference value :  3.83192e-03
 Reference value :  3.86192e-03
 Reference value :  3.90192e-03
 Reference value :  3.94192e-03
 Reference value :  3.98192e-03
No. of Data Rows : 436
vpk                 =  1.79842e+00 at=  3.99096e-03
vfloor              =  1.79842e+00 at=  3.10192e-03
tset                =  3.77242e-04
meas_vpk_c033_0ma_v = 1.808352e+00
meas_vfloor_c033_0ma_v = 1.802786e+00
meas_tramp_c033_0ma_ms = 2.740535e-01
meas_vpk_c033_50ma_v = 1.798673e+00
meas_vfloor_c033_50ma_v = 1.798586e+00
meas_tramp_c033_50ma_ms = 2.969655e-01
meas_vpk_c47_0ma_v = 1.816643e+00
meas_vfloor_c47_0ma_v = 1.816244e+00
meas_tramp_c47_0ma_ms = 2.651256e-01
meas_vpk_c47_50ma_v = 1.798417e+00
meas_vfloor_c47_50ma_v = 1.798416e+00
meas_tramp_c47_50ma_ms = 2.772419e-01
ngspice-46 done

# ==== ngspice stderr ====
Note: Starting dynamic gmin stepping
Note: Dynamic gmin stepping completed
Note: Starting dynamic gmin stepping
Note: Dynamic gmin stepping completed
Note: Starting dynamic gmin stepping
Note: Dynamic gmin stepping completed
Note: Starting dynamic gmin stepping
Note: Dynamic gmin stepping completed
