# corner: fs_-40c_2.97v
# process=fs temp=-40C supply=2.97V
# ngspice exit: 0
# wall clock: 70.1s (--timeout was 300s)
# result: PASS

# ==== deck (exact input given to ngspice) ====
| * startup corner deck -- generated by sim/bin/corner-run.py, do not edit
| * corner: fs_-40c_2.97v
| .param vsup=2.97
| .option wnflag=1
| .temp -40
| .lib "/home/ubuntu/.volare/sky130A/libs.tech/combined/sky130.lib.spice" fs
| ** sch_path: sim/startup/testbench/tb_startup.sch
| **.subckt tb_startup
| VVIN VIN 0 'vsup'
| .save i(vvin)
| VEN EN 0 PULSE(0 'vsup' 100u 1u 1u 100 200)
| .save i(ven)
| VVREF VREF 0 1.2
| .save i(vvref)
| xldo VOUT VREF EN VIN ldo_3v3in_1v8out
| COUT VOUT VESR 0.33u m=1
| RESR VESR 0 10m m=1
| RLOAD VOUT 0 1e12 m=1
| **.ends
| 
| * expanding   symbol:  design/ldo_3v3in_1v8out.sym # of pins=4
| ** sym_path: design/ldo_3v3in_1v8out.sym
| ** sch_path: design/ldo_3v3in_1v8out.sch
| .subckt ldo_3v3in_1v8out VOUT VREF EN VIN
| *.ipin VIN
| *.ipin EN
| *.ipin VREF
| *.opin VOUT
| XR_BIAS VIN NB 0 sky130_fd_pr__res_high_po W=0.42 L=1500 mult=1 m=1
| XM_BIASN1 NB NB BIAS_ENN 0 sky130_fd_pr__nfet_g5v0d10v5 L=1 W=4 nf=1 ad=1.16 as=1.16 pd=8.58 ps=8.58 nrd=0.0725 nrs=0.0725 sa=0
| + sb=0 sd=0 mult=1 m=1
| XM_ENN BIAS_ENN EN 0 0 sky130_fd_pr__nfet_g5v0d10v5 L=0.5 W=10 nf=1 ad=2.9 as=2.9 pd=20.58 ps=20.58 nrd=0.029 nrs=0.029 sa=0 sb=0
| + sd=0 mult=1 m=1
| XM_BIASN2 BIASP NB BIAS_ENN 0 sky130_fd_pr__nfet_g5v0d10v5 L=1 W=4 nf=1 ad=1.16 as=1.16 pd=8.58 ps=8.58 nrd=0.0725 nrs=0.0725 sa=0
| + sb=0 sd=0 mult=1 m=1
| XM_BIASP1 BIASP BIASP VIN VIN sky130_fd_pr__pfet_g5v0d10v5 L=1 W=10 nf=2 ad=1.45 as=2.9 pd=10.58 ps=21.16 nrd=0.029 nrs=0.029 sa=0
| + sb=0 sd=0 mult=1 m=1
| XM_ENP2 BIASP EN VIN VIN sky130_fd_pr__pfet_g5v0d10v5 L=0.5 W=10 nf=1 ad=2.9 as=2.9 pd=20.58 ps=20.58 nrd=0.029 nrs=0.029 sa=0
| + sb=0 sd=0 mult=1 m=1
| XM_TAIL EA_TAIL BIASP VIN VIN sky130_fd_pr__pfet_g5v0d10v5 L=2 W=40 nf=8 ad=5.8 as=7.25 pd=42.32 ps=52.9 nrd=0.00725 nrs=0.00725
| + sa=0 sb=0 sd=0 mult=1 m=1
| XM_IN1 EA_D1 FB EA_TAIL VIN sky130_fd_pr__pfet_g5v0d10v5 L=2 W=10 nf=2 ad=1.45 as=2.9 pd=10.58 ps=21.16 nrd=0.029 nrs=0.029 sa=0
| + sb=0 sd=0 mult=1 m=1
| XM_IN2 EA_D2 VREF EA_TAIL VIN sky130_fd_pr__pfet_g5v0d10v5 L=2 W=10 nf=2 ad=1.45 as=2.9 pd=10.58 ps=21.16 nrd=0.029 nrs=0.029 sa=0
| + sb=0 sd=0 mult=1 m=1
| XM_MIR1 EA_D1 EA_D1 AMP_ENN 0 sky130_fd_pr__nfet_g5v0d10v5 L=4 W=10 nf=2 ad=1.45 as=2.9 pd=10.58 ps=21.16 nrd=0.029 nrs=0.029 sa=0
| + sb=0 sd=0 mult=1 m=1
| XM_MIR2 EA_OUT EA_D1 AMP_ENN 0 sky130_fd_pr__nfet_g5v0d10v5 L=4 W=10 nf=2 ad=1.45 as=2.9 pd=10.58 ps=21.16 nrd=0.029 nrs=0.029
| + sa=0 sb=0 sd=0 mult=1 m=1
| XM_ENN2 AMP_ENN EN 0 0 sky130_fd_pr__nfet_g5v0d10v5 L=0.5 W=10 nf=1 ad=2.9 as=2.9 pd=20.58 ps=20.58 nrd=0.029 nrs=0.029 sa=0 sb=0
| + sd=0 mult=1 m=1
| XM_ENP EA_OUT EN VIN VIN sky130_fd_pr__pfet_g5v0d10v5 L=0.5 W=10 nf=1 ad=2.9 as=2.9 pd=20.58 ps=20.58 nrd=0.029 nrs=0.029 sa=0
| + sb=0 sd=0 mult=1 m=1
| XM_MIR3 EA_D2 EA_D2 AMP_ENN 0 sky130_fd_pr__nfet_g5v0d10v5 L=4 W=10 nf=2 ad=1.45 as=2.9 pd=10.58 ps=21.16 nrd=0.029 nrs=0.029 sa=0
| + sb=0 sd=0 mult=1 m=1
| XM_MIR4 PB EA_D2 AMP_ENN 0 sky130_fd_pr__nfet_g5v0d10v5 L=4 W=10 nf=2 ad=1.45 as=2.9 pd=10.58 ps=21.16 nrd=0.029 nrs=0.029 sa=0
| + sb=0 sd=0 mult=1 m=1
| XM_MIRP1 PB PB VIN VIN sky130_fd_pr__pfet_g5v0d10v5 L=4 W=20 nf=4 ad=2.9 as=4.35 pd=21.16 ps=31.74 nrd=0.0145 nrs=0.0145 sa=0 sb=0
| + sd=0 mult=1 m=1
| XM_MIRP2 EA_OUT PB VIN VIN sky130_fd_pr__pfet_g5v0d10v5 L=4 W=20 nf=4 ad=2.9 as=4.35 pd=21.16 ps=31.74 nrd=0.0145 nrs=0.0145 sa=0
| + sb=0 sd=0 mult=1 m=1
| XM_ENP5 PB EN VIN VIN sky130_fd_pr__pfet_g5v0d10v5 L=0.5 W=2 nf=1 ad=0.58 as=0.58 pd=4.58 ps=4.58 nrd=0.145 nrs=0.145 sa=0 sb=0
| + sd=0 mult=1 m=1
| XM_PASS VOUT EA_OUT VIN VIN sky130_fd_pr__pfet_g5v0d10v5 L=0.5 W=100 nf=25 ad=15.08 as=15.08 pd=111.54 ps=111.54 nrd=0.0029
| + nrs=0.0029 sa=0 sb=0 sd=0 mult=25 m=25
| C_COMP VOUT EA_CZ 150p m=1
| XR_CZ EA_CZ EA_OUT 0 sky130_fd_pr__res_xhigh_po W=0.42 L=52 mult=1 m=1
| XR_FB_A VOUT FB 0 sky130_fd_pr__res_xhigh_po W=0.42 L=180 mult=1 m=1
| XR_FB_B FB N_FBB 0 sky130_fd_pr__res_xhigh_po W=0.42 L=180 mult=1 m=1
| XR_FB_C N_FBB 0 0 sky130_fd_pr__res_xhigh_po W=0.42 L=180 mult=1 m=1
| XM_SENSE CL_SNS EA_OUT VIN VIN sky130_fd_pr__pfet_g5v0d10v5 L=0.5 W=0.42 nf=1 ad=0.1218 as=0.1218 pd=1.42 ps=1.42
| + nrd=0.69047619047619 nrs=0.69047619047619 sa=0 sb=0 sd=0 mult=1 m=1
| XM_CLN1 CL_SNS CL_SNS AMP_ENN 0 sky130_fd_pr__nfet_g5v0d10v5 L=1 W=20 nf=1 ad=5.8 as=5.8 pd=40.58 ps=40.58 nrd=0.0145 nrs=0.0145
| + sa=0 sb=0 sd=0 mult=1 m=1
| XM_CLN2 CL_CMP CL_SNS AMP_ENN 0 sky130_fd_pr__nfet_g5v0d10v5 L=1 W=1.6 nf=1 ad=0.464 as=0.464 pd=3.78 ps=3.78 nrd=0.18125
| + nrs=0.18125 sa=0 sb=0 sd=0 mult=1 m=1
| XM_CLP CL_CMP BIASP VIN VIN sky130_fd_pr__pfet_g5v0d10v5 L=1 W=10 nf=2 ad=1.45 as=2.9 pd=10.58 ps=21.16 nrd=0.029 nrs=0.029 sa=0
| + sb=0 sd=0 mult=1 m=1
| XM_CLIM EA_OUT CL_CMP VIN VIN sky130_fd_pr__pfet_g5v0d10v5 L=0.5 W=20 nf=4 ad=2.9 as=4.35 pd=21.16 ps=31.74 nrd=0.0145 nrs=0.0145
| + sa=0 sb=0 sd=0 mult=1 m=1
| XM_ENP3 CL_CMP EN VIN VIN sky130_fd_pr__pfet_g5v0d10v5 L=0.5 W=2 nf=1 ad=0.58 as=0.58 pd=4.58 ps=4.58 nrd=0.145 nrs=0.145 sa=0
| + sb=0 sd=0 mult=1 m=1
| C_CL VIN CL_CMP 1p m=1
| XM_INVP ENB EN VIN VIN sky130_fd_pr__pfet_g5v0d10v5 L=0.5 W=2 nf=1 ad=0.58 as=0.58 pd=4.58 ps=4.58 nrd=0.145 nrs=0.145 sa=0 sb=0
| + sd=0 mult=1 m=1
| XM_INVN ENB EN 0 0 sky130_fd_pr__nfet_g5v0d10v5 L=0.5 W=1 nf=1 ad=0.29 as=0.29 pd=2.58 ps=2.58 nrd=0.29 nrs=0.29 sa=0 sb=0 sd=0
| + mult=1 m=1
| XM_SSDIS SS ENB 0 0 sky130_fd_pr__nfet_g5v0d10v5 L=0.5 W=2 nf=1 ad=0.58 as=0.58 pd=4.58 ps=4.58 nrd=0.145 nrs=0.145 sa=0 sb=0 sd=0
| + mult=1 m=1
| XM_SSCHG SS BIASP VIN VIN sky130_fd_pr__pfet_g5v0d10v5 L=8 W=1 nf=1 ad=0.29 as=0.29 pd=2.58 ps=2.58 nrd=0.29 nrs=0.29 sa=0 sb=0
| + sd=0 mult=1 m=1
| C_SS SS 0 10p m=1
| XM_IN2S EA_D2 SS EA_TAIL VIN sky130_fd_pr__pfet_g5v0d10v5 L=2 W=10 nf=2 ad=1.45 as=2.9 pd=10.58 ps=21.16 nrd=0.029 nrs=0.029 sa=0
| + sb=0 sd=0 mult=1 m=1
| XM_TSPS TS_SNS BIASP VIN VIN sky130_fd_pr__pfet_g5v0d10v5 L=1 W=2.5 nf=1 ad=0.725 as=0.725 pd=5.58 ps=5.58 nrd=0.116 nrs=0.116
| + sa=0 sb=0 sd=0 mult=1 m=1
| XM_TSD1 TS_SNS TS_SNS TS_MID 0 sky130_fd_pr__nfet_g5v0d10v5 L=1 W=80 nf=16 ad=11.6 as=13.05 pd=84.64 ps=95.22 nrd=0.003625
| + nrs=0.003625 sa=0 sb=0 sd=0 mult=1 m=1
| XM_TSD2 TS_MID TS_MID AMP_ENN 0 sky130_fd_pr__nfet_g5v0d10v5 L=1 W=80 nf=16 ad=11.6 as=13.05 pd=84.64 ps=95.22 nrd=0.003625
| + nrs=0.003625 sa=0 sb=0 sd=0 mult=1 m=1
| XM_TSPR TS_REF BIASP VIN VIN sky130_fd_pr__pfet_g5v0d10v5 L=1 W=2.5 nf=1 ad=0.725 as=0.725 pd=5.58 ps=5.58 nrd=0.116 nrs=0.116
| + sa=0 sb=0 sd=0 mult=1 m=1
| XM_TSR1 TS_REF TS_REF AMP_ENN 0 sky130_fd_pr__nfet_g5v0d10v5 L=10 W=2 nf=1 ad=0.58 as=0.58 pd=4.58 ps=4.58 nrd=0.145 nrs=0.145
| + sa=0 sb=0 sd=0 mult=1 m=1
| XM_TCTAIL TC_TAIL NB AMP_ENN 0 sky130_fd_pr__nfet_g5v0d10v5 L=1 W=1 nf=1 ad=0.29 as=0.29 pd=2.58 ps=2.58 nrd=0.29 nrs=0.29 sa=0
| + sb=0 sd=0 mult=1 m=1
| XM_TCN1 TC_D1 TS_SNS TC_TAIL 0 sky130_fd_pr__nfet_g5v0d10v5 L=2 W=10 nf=2 ad=1.45 as=2.9 pd=10.58 ps=21.16 nrd=0.029 nrs=0.029
| + sa=0 sb=0 sd=0 mult=1 m=1
| XM_TCN2 TS_CMP TS_REF TC_TAIL 0 sky130_fd_pr__nfet_g5v0d10v5 L=2 W=10 nf=2 ad=1.45 as=2.9 pd=10.58 ps=21.16 nrd=0.029 nrs=0.029
| + sa=0 sb=0 sd=0 mult=1 m=1
| XM_TCP1 TC_D1 TC_D1 VIN VIN sky130_fd_pr__pfet_g5v0d10v5 L=2 W=10 nf=2 ad=1.45 as=2.9 pd=10.58 ps=21.16 nrd=0.029 nrs=0.029 sa=0
| + sb=0 sd=0 mult=1 m=1
| XM_TCP2 TS_CMP TC_D1 VIN VIN sky130_fd_pr__pfet_g5v0d10v5 L=2 W=10 nf=2 ad=1.45 as=2.9 pd=10.58 ps=21.16 nrd=0.029 nrs=0.029 sa=0
| + sb=0 sd=0 mult=1 m=1
| XM_TSHUT EA_OUT TS_CMP VIN VIN sky130_fd_pr__pfet_g5v0d10v5 L=0.5 W=20 nf=4 ad=2.9 as=4.35 pd=21.16 ps=31.74 nrd=0.0145 nrs=0.0145
| + sa=0 sb=0 sd=0 mult=1 m=1
| XM_TSHYSB TS_HYS BIASP VIN VIN sky130_fd_pr__pfet_g5v0d10v5 L=2 W=1.5 nf=1 ad=0.435 as=0.435 pd=3.58 ps=3.58 nrd=0.193333333333333
| + nrs=0.193333333333333 sa=0 sb=0 sd=0 mult=1 m=1
| XM_TSHYS TS_REF TS_CMP TS_HYS VIN sky130_fd_pr__pfet_g5v0d10v5 L=0.5 W=2 nf=1 ad=0.58 as=0.58 pd=4.58 ps=4.58 nrd=0.145 nrs=0.145
| + sa=0 sb=0 sd=0 mult=1 m=1
| XM_ENP4 TS_CMP EN VIN VIN sky130_fd_pr__pfet_g5v0d10v5 L=0.5 W=2 nf=1 ad=0.58 as=0.58 pd=4.58 ps=4.58 nrd=0.145 nrs=0.145 sa=0
| + sb=0 sd=0 mult=1 m=1
| C_TS VIN TS_CMP 1p m=1
| .ends
| 
| .control
| save all
| * --- leg 1: C_out 0.33uF, 0 mA (feedback divider is the only preload) ---
| tran 10u 4m
| meas tran vpk max v(vout) from=100u to=4m
| meas tran vfloor min v(vout) from=3.1m to=4m
| meas tran tset when v(vout)=1.764 rise=1
| * --- leg 2: C_out 0.33uF, 50 mA ---
| alter rload = 36
| tran 10u 4m
| meas tran vpk max v(vout) from=100u to=4m
| meas tran vfloor min v(vout) from=3.1m to=4m
| meas tran tset when v(vout)=1.764 rise=1
| * --- leg 3: C_out 4.7uF, 0 mA ---
| alter cout = 4.7u
| alter rload = 1e12
| tran 10u 4m
| meas tran vpk max v(vout) from=100u to=4m
| meas tran vfloor min v(vout) from=3.1m to=4m
| meas tran tset when v(vout)=1.764 rise=1
| * --- leg 4: C_out 4.7uF, 50 mA ---
| alter rload = 36
| tran 10u 4m
| meas tran vpk max v(vout) from=100u to=4m
| meas tran vfloor min v(vout) from=3.1m to=4m
| meas tran tset when v(vout)=1.764 rise=1
| let meas_vpk_c033_0ma_v = tran1.vpk
| let meas_vfloor_c033_0ma_v = tran1.vfloor
| let meas_tramp_c033_0ma_ms = 1000*(tran1.tset - 100u)
| let meas_vpk_c033_50ma_v = tran2.vpk
| let meas_vfloor_c033_50ma_v = tran2.vfloor
| let meas_tramp_c033_50ma_ms = 1000*(tran2.tset - 100u)
| let meas_vpk_c47_0ma_v = tran3.vpk
| let meas_vfloor_c47_0ma_v = tran3.vfloor
| let meas_tramp_c47_0ma_ms = 1000*(tran3.tset - 100u)
| let meas_vpk_c47_50ma_v = tran4.vpk
| let meas_vfloor_c47_50ma_v = tran4.vfloor
| let meas_tramp_c47_50ma_ms = 1000*(tran4.tset - 100u)
| print meas_vpk_c033_0ma_v
| print meas_vfloor_c033_0ma_v
| print meas_tramp_c033_0ma_ms
| print meas_vpk_c033_50ma_v
| print meas_vfloor_c033_50ma_v
| print meas_tramp_c033_50ma_ms
| print meas_vpk_c47_0ma_v
| print meas_vfloor_c47_0ma_v
| print meas_tramp_c47_0ma_ms
| print meas_vpk_c47_50ma_v
| print meas_vfloor_c47_50ma_v
| print meas_tramp_c47_50ma_ms
| quit
| .endc
| .end

# ==== ngspice stdout ====

Note: Compatibility modes selected: hs a


Circuit: * startup corner deck -- generated by sim/bin/corner-run.py, do not edit

option SCALE: Scale is set to 1e-06 for instance and model parameters
option SCALE: Scale is set to 1e-06 for instance and model parameters
option SCALE: Scale is set to 1e-06 for instance and model parameters
option SCALE: Scale is set to 1e-06 for instance and model parameters
Doing analysis at TEMP = -40.000000 and TNOM = 27.000000

Using KLU as Direct Linear Solver
 Reference value :  0.00000e+00
 Reference value :  1.60000e-06
 Reference value :  1.28000e-05
 Reference value :  5.28000e-05
 Reference value :  9.14000e-05
 Reference value :  1.00300e-04
 Reference value :  1.00467e-04
 Reference value :  1.00582e-04
 Reference value :  1.00669e-04
 Reference value :  1.00819e-04
 Reference value :  1.00872e-04
 Reference value :  1.00957e-04
 Reference value :  1.01004e-04
 Reference value :  1.01106e-04
 Reference value :  1.01464e-04
 Reference value :  1.02587e-04
 Reference value :  1.09757e-04
 Reference value :  1.25638e-04
 Reference value :  1.34471e-04
 Reference value :  1.52293e-04
 Reference value :  1.82293e-04
 Reference value :  2.12293e-04
 Reference value :  2.52293e-04
 Reference value :  2.92293e-04
 Reference value :  3.32293e-04
 Reference value :  3.62293e-04
 Reference value :  3.92293e-04
 Reference value :  4.22293e-04
 Reference value :  4.62293e-04
 Reference value :  5.02293e-04
 Reference value :  5.42293e-04
 Reference value :  5.82293e-04
 Reference value :  6.22293e-04
 Reference value :  6.52293e-04
 Reference value :  6.82293e-04
 Reference value :  7.22293e-04
 Reference value :  7.72293e-04
 Reference value :  8.22293e-04
 Reference value :  8.72293e-04
 Reference value :  9.32293e-04
 Reference value :  9.82293e-04
 Reference value :  1.03229e-03
 Reference value :  1.09229e-03
 Reference value :  1.15229e-03
 Reference value :  1.20229e-03
 Reference value :  1.24229e-03
 Reference value :  1.28229e-03
 Reference value :  1.32229e-03
 Reference value :  1.36229e-03
 Reference value :  1.41229e-03
 Reference value :  1.46229e-03
 Reference value :  1.50229e-03
 Reference value :  1.55229e-03
 Reference value :  1.61229e-03
 Reference value :  1.66229e-03
 Reference value :  1.70229e-03
 Reference value :  1.75229e-03
 Reference value :  1.79229e-03
 Reference value :  1.83229e-03
 Reference value :  1.87229e-03
 Reference value :  1.90229e-03
 Reference value :  1.94229e-03
 Reference value :  1.99229e-03
 Reference value :  2.03229e-03
 Reference value :  2.08229e-03
 Reference value :  2.13229e-03
 Reference value :  2.18229e-03
 Reference value :  2.22229e-03
 Reference value :  2.26229e-03
 Reference value :  2.30229e-03
 Reference value :  2.34229e-03
 Reference value :  2.38229e-03
 Reference value :  2.41229e-03
 Reference value :  2.47229e-03
 Reference value :  2.53229e-03
 Reference value :  2.59229e-03
 Reference value :  2.64229e-03
 Reference value :  2.70229e-03
 Reference value :  2.76229e-03
 Reference value :  2.79229e-03
 Reference value :  2.83229e-03
 Reference value :  2.86229e-03
 Reference value :  2.89229e-03
 Reference value :  2.92229e-03
 Reference value :  2.95229e-03
 Reference value :  2.98229e-03
 Reference value :  3.01229e-03
 Reference value :  3.04229e-03
 Reference value :  3.09229e-03
 Reference value :  3.15229e-03
 Reference value :  3.20229e-03
 Reference value :  3.24229e-03
 Reference value :  3.29229e-03
 Reference value :  3.34229e-03
 Reference value :  3.40229e-03
 Reference value :  3.45229e-03
 Reference value :  3.50229e-03
 Reference value :  3.55229e-03
 Reference value :  3.60229e-03
 Reference value :  3.66229e-03
 Reference value :  3.72229e-03
 Reference value :  3.78229e-03
 Reference value :  3.84229e-03
 Reference value :  3.89229e-03
 Reference value :  3.94229e-03
 Reference value :  3.99115e-03
No. of Data Rows : 434
vpk                 =  1.81017e+00 at=  7.62293e-04
vfloor              =  1.80480e+00 at=  4.00000e-03
tset                =  4.44860e-04
Doing analysis at TEMP = -40.000000 and TNOM = 27.000000

Using KLU as Direct Linear Solver
 Reference value :  0.00000e+00
 Reference value :  1.60000e-06
 Reference value :  4.28000e-05
 Reference value :  9.14000e-05
 Reference value :  1.00300e-04
 Reference value :  1.00467e-04
 Reference value :  1.00582e-04
 Reference value :  1.00669e-04
 Reference value :  1.00818e-04
 Reference value :  1.00871e-04
 Reference value :  1.00913e-04
 Reference value :  1.00979e-04
 Reference value :  1.01004e-04
 Reference value :  1.01057e-04
 Reference value :  1.01274e-04
 Reference value :  1.02067e-04
 Reference value :  1.05625e-04
 Reference value :  1.23397e-04
 Reference value :  1.30425e-04
 Reference value :  1.44007e-04
 Reference value :  1.62685e-04
 Reference value :  1.92685e-04
 Reference value :  2.32685e-04
 Reference value :  2.82685e-04
 Reference value :  3.32685e-04
 Reference value :  3.82685e-04
 Reference value :  4.22685e-04
 Reference value :  4.72685e-04
 Reference value :  5.22685e-04
 Reference value :  5.72685e-04
 Reference value :  6.22685e-04
 Reference value :  6.72685e-04
 Reference value :  7.22685e-04
 Reference value :  7.72685e-04
 Reference value :  8.22685e-04
 Reference value :  8.72685e-04
 Reference value :  9.12685e-04
 Reference value :  9.62685e-04
 Reference value :  1.02268e-03
 Reference value :  1.08268e-03
 Reference value :  1.13268e-03
 Reference value :  1.19268e-03
 Reference value :  1.24268e-03
 Reference value :  1.29268e-03
 Reference value :  1.34268e-03
 Reference value :  1.39268e-03
 Reference value :  1.44268e-03
 Reference value :  1.49268e-03
 Reference value :  1.54268e-03
 Reference value :  1.59268e-03
 Reference value :  1.64268e-03
 Reference value :  1.69268e-03
 Reference value :  1.74268e-03
 Reference value :  1.79268e-03
 Reference value :  1.84268e-03
 Reference value :  1.89268e-03
 Reference value :  1.94268e-03
 Reference value :  1.99268e-03
 Reference value :  2.04268e-03
 Reference value :  2.10268e-03
 Reference value :  2.16268e-03
 Reference value :  2.20268e-03
 Reference value :  2.26268e-03
 Reference value :  2.31268e-03
 Reference value :  2.37268e-03
 Reference value :  2.42268e-03
 Reference value :  2.47268e-03
 Reference value :  2.52268e-03
 Reference value :  2.56268e-03
 Reference value :  2.61268e-03
 Reference value :  2.65268e-03
 Reference value :  2.70268e-03
 Reference value :  2.75268e-03
 Reference value :  2.79268e-03
 Reference value :  2.84268e-03
 Reference value :  2.89268e-03
 Reference value :  2.94268e-03
 Reference value :  2.99268e-03
 Reference value :  3.04268e-03
 Reference value :  3.09268e-03
 Reference value :  3.13268e-03
 Reference value :  3.17268e-03
 Reference value :  3.21268e-03
 Reference value :  3.25268e-03
 Reference value :  3.30268e-03
 Reference value :  3.36268e-03
 Reference value :  3.42268e-03
 Reference value :  3.48268e-03
 Reference value :  3.54268e-03
 Reference value :  3.60268e-03
 Reference value :  3.66268e-03
 Reference value :  3.72268e-03
 Reference value :  3.77268e-03
 Reference value :  3.82268e-03
 Reference value :  3.88268e-03
 Reference value :  3.93268e-03
 Reference value :  3.99134e-03
No. of Data Rows : 435
vpk                 =  1.79826e+00 at=  1.11268e-03
vfloor              =  1.79823e+00 at=  3.99134e-03
tset                =  4.70869e-04
Doing analysis at TEMP = -40.000000 and TNOM = 27.000000

Using KLU as Direct Linear Solver
 Reference value :  0.00000e+00
 Reference value :  1.60000e-06
 Reference value :  3.28000e-05
 Reference value :  9.14000e-05
 Reference value :  1.00300e-04
 Reference value :  1.00467e-04
 Reference value :  1.00582e-04
 Reference value :  1.00669e-04
 Reference value :  1.00819e-04
 Reference value :  1.00872e-04
 Reference value :  1.00915e-04
 Reference value :  1.00979e-04
 Reference value :  1.01013e-04
 Reference value :  1.01183e-04
 Reference value :  1.02075e-04
 Reference value :  1.09757e-04
 Reference value :  1.25640e-04
 Reference value :  1.42815e-04
 Reference value :  1.61766e-04
 Reference value :  1.91766e-04
 Reference value :  2.21766e-04
 Reference value :  2.61766e-04
 Reference value :  3.01766e-04
 Reference value :  3.41766e-04
 Reference value :  3.81766e-04
 Reference value :  4.11766e-04
 Reference value :  4.41766e-04
 Reference value :  4.71766e-04
 Reference value :  5.01766e-04
 Reference value :  5.21766e-04
 Reference value :  5.51766e-04
 Reference value :  5.71766e-04
 Reference value :  5.91766e-04
 Reference value :  6.11766e-04
 Reference value :  6.31766e-04
 Reference value :  6.61766e-04
 Reference value :  6.91766e-04
 Reference value :  7.21766e-04
 Reference value :  7.51766e-04
 Reference value :  8.01766e-04
 Reference value :  8.41766e-04
 Reference value :  8.91766e-04
 Reference value :  9.31766e-04
 Reference value :  9.81766e-04
 Reference value :  1.03177e-03
 Reference value :  1.20177e-03
 Reference value :  1.26177e-03
 Reference value :  1.31177e-03
 Reference value :  1.36177e-03
 Reference value :  1.42177e-03
 Reference value :  1.46177e-03
 Reference value :  1.51177e-03
 Reference value :  1.56177e-03
 Reference value :  1.61177e-03
 Reference value :  1.66177e-03
 Reference value :  1.71177e-03
 Reference value :  1.76177e-03
 Reference value :  1.81177e-03
 Reference value :  1.86177e-03
 Reference value :  1.91177e-03
 Reference value :  1.96177e-03
 Reference value :  2.01177e-03
 Reference value :  2.06177e-03
 Reference value :  2.11177e-03
 Reference value :  2.16177e-03
 Reference value :  2.21177e-03
 Reference value :  2.25177e-03
 Reference value :  2.28177e-03
 Reference value :  2.31177e-03
 Reference value :  2.34177e-03
 Reference value :  2.37177e-03
 Reference value :  2.41177e-03
 Reference value :  2.46177e-03
 Reference value :  2.51177e-03
 Reference value :  2.56177e-03
 Reference value :  2.61177e-03
 Reference value :  2.66177e-03
 Reference value :  2.70177e-03
 Reference value :  2.73177e-03
 Reference value :  2.79177e-03
 Reference value :  2.85177e-03
 Reference value :  2.90177e-03
 Reference value :  2.95177e-03
 Reference value :  2.98177e-03
 Reference value :  3.01177e-03
 Reference value :  3.05177e-03
 Reference value :  3.10177e-03
 Reference value :  3.14177e-03
 Reference value :  3.18177e-03
 Reference value :  3.23177e-03
 Reference value :  3.28177e-03
 Reference value :  3.33177e-03
 Reference value :  3.39177e-03
 Reference value :  3.44177e-03
 Reference value :  3.50177e-03
 Reference value :  3.55177e-03
 Reference value :  3.60177e-03
 Reference value :  3.63177e-03
 Reference value :  3.66177e-03
 Reference value :  3.70177e-03
 Reference value :  3.74177e-03
 Reference value :  3.78177e-03
 Reference value :  3.82177e-03
 Reference value :  3.87177e-03
 Reference value :  3.92177e-03
 Reference value :  3.98177e-03
No. of Data Rows : 434
vpk                 =  1.82003e+00 at=  7.01766e-04
vfloor              =  1.81964e+00 at=  4.00000e-03
tset                =  4.35230e-04
Doing analysis at TEMP = -40.000000 and TNOM = 27.000000

Using KLU as Direct Linear Solver
 Reference value :  0.00000e+00
 Reference value :  1.60000e-06
 Reference value :  3.28000e-05
 Reference value :  7.28000e-05
 Reference value :  1.00300e-04
 Reference value :  1.00467e-04
 Reference value :  1.00582e-04
 Reference value :  1.00669e-04
 Reference value :  1.00738e-04
 Reference value :  1.00800e-04
 Reference value :  1.00850e-04
 Reference value :  1.00888e-04
 Reference value :  1.00964e-04
 Reference value :  1.01014e-04
 Reference value :  1.01190e-04
 Reference value :  1.01788e-04
 Reference value :  1.06072e-04
 Reference value :  1.23219e-04
 Reference value :  1.29924e-04
 Reference value :  1.42713e-04
 Reference value :  1.69730e-04
 Reference value :  1.89730e-04
 Reference value :  2.19730e-04
 Reference value :  2.49730e-04
 Reference value :  2.89730e-04
 Reference value :  3.29730e-04
 Reference value :  3.59730e-04
 Reference value :  3.99730e-04
 Reference value :  4.49730e-04
 Reference value :  4.89730e-04
 Reference value :  5.39730e-04
 Reference value :  5.79730e-04
 Reference value :  6.09730e-04
 Reference value :  6.39730e-04
 Reference value :  6.79730e-04
 Reference value :  7.19730e-04
 Reference value :  7.59730e-04
 Reference value :  7.99730e-04
 Reference value :  8.39730e-04
 Reference value :  8.69730e-04
 Reference value :  9.19730e-04
 Reference value :  9.69730e-04
 Reference value :  1.01973e-03
 Reference value :  1.05973e-03
 Reference value :  1.09973e-03
 Reference value :  1.13973e-03
 Reference value :  1.17973e-03
 Reference value :  1.22973e-03
 Reference value :  1.27973e-03
 Reference value :  1.32973e-03
 Reference value :  1.38973e-03
 Reference value :  1.43973e-03
 Reference value :  1.48973e-03
 Reference value :  1.53973e-03
 Reference value :  1.58973e-03
 Reference value :  1.63973e-03
 Reference value :  1.68973e-03
 Reference value :  1.74973e-03
 Reference value :  1.80973e-03
 Reference value :  1.86973e-03
 Reference value :  1.92973e-03
 Reference value :  1.97973e-03
 Reference value :  2.02973e-03
 Reference value :  2.07973e-03
 Reference value :  2.11973e-03
 Reference value :  2.17973e-03
 Reference value :  2.21973e-03
 Reference value :  2.24973e-03
 Reference value :  2.30973e-03
 Reference value :  2.35973e-03
 Reference value :  2.40973e-03
 Reference value :  2.44973e-03
 Reference value :  2.47973e-03
 Reference value :  2.52973e-03
 Reference value :  2.56973e-03
 Reference value :  2.61973e-03
 Reference value :  2.65973e-03
 Reference value :  2.71973e-03
 Reference value :  2.76973e-03
 Reference value :  2.82973e-03
 Reference value :  2.87973e-03
 Reference value :  2.91973e-03
 Reference value :  2.94973e-03
 Reference value :  2.97973e-03
 Reference value :  3.01973e-03
 Reference value :  3.05973e-03
 Reference value :  3.09973e-03
 Reference value :  3.13973e-03
 Reference value :  3.17973e-03
 Reference value :  3.21973e-03
 Reference value :  3.25973e-03
 Reference value :  3.29973e-03
 Reference value :  3.34973e-03
 Reference value :  3.39973e-03
 Reference value :  3.44973e-03
 Reference value :  3.48973e-03
 Reference value :  3.53973e-03
 Reference value :  3.58973e-03
 Reference value :  3.63973e-03
 Reference value :  3.67973e-03
 Reference value :  3.71973e-03
 Reference value :  3.76973e-03
 Reference value :  3.81973e-03
 Reference value :  3.85973e-03
 Reference value :  3.89973e-03
 Reference value :  3.94973e-03
 Reference value :  4.00000e-03
No. of Data Rows : 436
vpk                 =  1.79827e+00 at=  9.99730e-04
vfloor              =  1.79823e+00 at=  4.00000e-03
tset                =  4.50079e-04
meas_vpk_c033_0ma_v = 1.810173e+00
meas_vfloor_c033_0ma_v = 1.804803e+00
meas_tramp_c033_0ma_ms = 3.448598e-01
meas_vpk_c033_50ma_v = 1.798258e+00
meas_vfloor_c033_50ma_v = 1.798233e+00
meas_tramp_c033_50ma_ms = 3.708691e-01
meas_vpk_c47_0ma_v = 1.820032e+00
meas_vfloor_c47_0ma_v = 1.819645e+00
meas_tramp_c47_0ma_ms = 3.352303e-01
meas_vpk_c47_50ma_v = 1.798267e+00
meas_vfloor_c47_50ma_v = 1.798233e+00
meas_tramp_c47_50ma_ms = 3.500793e-01
ngspice-46 done

# ==== ngspice stderr ====
Note: Starting dynamic gmin stepping
Note: Dynamic gmin stepping completed
Note: Starting dynamic gmin stepping
Note: Dynamic gmin stepping completed
Note: Starting dynamic gmin stepping
Note: Dynamic gmin stepping completed
Note: Starting dynamic gmin stepping
Note: Dynamic gmin stepping completed
