# corner: fs_125c_3.63v
# process=fs temp=125C supply=3.63V
# ngspice exit: 0
# wall clock: 41.4s (--timeout was 300s)
# result: PASS

# ==== deck (exact input given to ngspice) ====
| * startup corner deck -- generated by sim/bin/corner-run.py, do not edit
| * corner: fs_125c_3.63v
| .param vsup=3.63
| .option wnflag=1
| .temp 125
| .lib "/home/ubuntu/.volare/sky130A/libs.tech/combined/sky130.lib.spice" fs
| ** sch_path: sim/startup/testbench/tb_startup.sch
| **.subckt tb_startup
| VVIN VIN 0 'vsup'
| .save i(vvin)
| VEN EN 0 PULSE(0 'vsup' 100u 1u 1u 100 200)
| .save i(ven)
| VVREF VREF 0 1.2
| .save i(vvref)
| xldo VOUT VREF EN VIN ldo_3v3in_1v8out
| COUT VOUT VESR 0.33u m=1
| RESR VESR 0 10m m=1
| RLOAD VOUT 0 1e12 m=1
| **.ends
| 
| * expanding   symbol:  design/ldo_3v3in_1v8out.sym # of pins=4
| ** sym_path: design/ldo_3v3in_1v8out.sym
| ** sch_path: design/ldo_3v3in_1v8out.sch
| .subckt ldo_3v3in_1v8out VOUT VREF EN VIN
| *.ipin VIN
| *.ipin EN
| *.ipin VREF
| *.opin VOUT
| XR_BIAS VIN NB 0 sky130_fd_pr__res_high_po W=0.42 L=1500 mult=1 m=1
| XM_BIASN1 NB NB BIAS_ENN 0 sky130_fd_pr__nfet_g5v0d10v5 L=1 W=4 nf=1 ad=1.16 as=1.16 pd=8.58 ps=8.58 nrd=0.0725 nrs=0.0725 sa=0
| + sb=0 sd=0 mult=1 m=1
| XM_ENN BIAS_ENN EN 0 0 sky130_fd_pr__nfet_g5v0d10v5 L=0.5 W=10 nf=1 ad=2.9 as=2.9 pd=20.58 ps=20.58 nrd=0.029 nrs=0.029 sa=0 sb=0
| + sd=0 mult=1 m=1
| XM_BIASN2 BIASP NB BIAS_ENN 0 sky130_fd_pr__nfet_g5v0d10v5 L=1 W=4 nf=1 ad=1.16 as=1.16 pd=8.58 ps=8.58 nrd=0.0725 nrs=0.0725 sa=0
| + sb=0 sd=0 mult=1 m=1
| XM_BIASP1 BIASP BIASP VIN VIN sky130_fd_pr__pfet_g5v0d10v5 L=1 W=10 nf=2 ad=1.45 as=2.9 pd=10.58 ps=21.16 nrd=0.029 nrs=0.029 sa=0
| + sb=0 sd=0 mult=1 m=1
| XM_ENP2 BIASP EN VIN VIN sky130_fd_pr__pfet_g5v0d10v5 L=0.5 W=10 nf=1 ad=2.9 as=2.9 pd=20.58 ps=20.58 nrd=0.029 nrs=0.029 sa=0
| + sb=0 sd=0 mult=1 m=1
| XM_TAIL EA_TAIL BIASP VIN VIN sky130_fd_pr__pfet_g5v0d10v5 L=2 W=40 nf=8 ad=5.8 as=7.25 pd=42.32 ps=52.9 nrd=0.00725 nrs=0.00725
| + sa=0 sb=0 sd=0 mult=1 m=1
| XM_IN1 EA_D1 FB EA_TAIL VIN sky130_fd_pr__pfet_g5v0d10v5 L=2 W=10 nf=2 ad=1.45 as=2.9 pd=10.58 ps=21.16 nrd=0.029 nrs=0.029 sa=0
| + sb=0 sd=0 mult=1 m=1
| XM_IN2 EA_D2 VREF EA_TAIL VIN sky130_fd_pr__pfet_g5v0d10v5 L=2 W=10 nf=2 ad=1.45 as=2.9 pd=10.58 ps=21.16 nrd=0.029 nrs=0.029 sa=0
| + sb=0 sd=0 mult=1 m=1
| XM_MIR1 EA_D1 EA_D1 AMP_ENN 0 sky130_fd_pr__nfet_g5v0d10v5 L=4 W=10 nf=2 ad=1.45 as=2.9 pd=10.58 ps=21.16 nrd=0.029 nrs=0.029 sa=0
| + sb=0 sd=0 mult=1 m=1
| XM_MIR2 EA_OUT EA_D1 AMP_ENN 0 sky130_fd_pr__nfet_g5v0d10v5 L=4 W=10 nf=2 ad=1.45 as=2.9 pd=10.58 ps=21.16 nrd=0.029 nrs=0.029
| + sa=0 sb=0 sd=0 mult=1 m=1
| XM_ENN2 AMP_ENN EN 0 0 sky130_fd_pr__nfet_g5v0d10v5 L=0.5 W=10 nf=1 ad=2.9 as=2.9 pd=20.58 ps=20.58 nrd=0.029 nrs=0.029 sa=0 sb=0
| + sd=0 mult=1 m=1
| XM_ENP EA_OUT EN VIN VIN sky130_fd_pr__pfet_g5v0d10v5 L=0.5 W=10 nf=1 ad=2.9 as=2.9 pd=20.58 ps=20.58 nrd=0.029 nrs=0.029 sa=0
| + sb=0 sd=0 mult=1 m=1
| XM_MIR3 EA_D2 EA_D2 AMP_ENN 0 sky130_fd_pr__nfet_g5v0d10v5 L=4 W=10 nf=2 ad=1.45 as=2.9 pd=10.58 ps=21.16 nrd=0.029 nrs=0.029 sa=0
| + sb=0 sd=0 mult=1 m=1
| XM_MIR4 PB EA_D2 AMP_ENN 0 sky130_fd_pr__nfet_g5v0d10v5 L=4 W=10 nf=2 ad=1.45 as=2.9 pd=10.58 ps=21.16 nrd=0.029 nrs=0.029 sa=0
| + sb=0 sd=0 mult=1 m=1
| XM_MIRP1 PB PB VIN VIN sky130_fd_pr__pfet_g5v0d10v5 L=4 W=20 nf=4 ad=2.9 as=4.35 pd=21.16 ps=31.74 nrd=0.0145 nrs=0.0145 sa=0 sb=0
| + sd=0 mult=1 m=1
| XM_MIRP2 EA_OUT PB VIN VIN sky130_fd_pr__pfet_g5v0d10v5 L=4 W=20 nf=4 ad=2.9 as=4.35 pd=21.16 ps=31.74 nrd=0.0145 nrs=0.0145 sa=0
| + sb=0 sd=0 mult=1 m=1
| XM_ENP5 PB EN VIN VIN sky130_fd_pr__pfet_g5v0d10v5 L=0.5 W=2 nf=1 ad=0.58 as=0.58 pd=4.58 ps=4.58 nrd=0.145 nrs=0.145 sa=0 sb=0
| + sd=0 mult=1 m=1
| XM_PASS VOUT EA_OUT VIN VIN sky130_fd_pr__pfet_g5v0d10v5 L=0.5 W=100 nf=25 ad=15.08 as=15.08 pd=111.54 ps=111.54 nrd=0.0029
| + nrs=0.0029 sa=0 sb=0 sd=0 mult=25 m=25
| C_COMP VOUT EA_CZ 150p m=1
| XR_CZ EA_CZ EA_OUT 0 sky130_fd_pr__res_xhigh_po W=0.42 L=52 mult=1 m=1
| XR_FB_A VOUT FB 0 sky130_fd_pr__res_xhigh_po W=0.42 L=180 mult=1 m=1
| XR_FB_B FB N_FBB 0 sky130_fd_pr__res_xhigh_po W=0.42 L=180 mult=1 m=1
| XR_FB_C N_FBB 0 0 sky130_fd_pr__res_xhigh_po W=0.42 L=180 mult=1 m=1
| XM_SENSE CL_SNS EA_OUT VIN VIN sky130_fd_pr__pfet_g5v0d10v5 L=0.5 W=0.42 nf=1 ad=0.1218 as=0.1218 pd=1.42 ps=1.42
| + nrd=0.69047619047619 nrs=0.69047619047619 sa=0 sb=0 sd=0 mult=1 m=1
| XM_CLN1 CL_SNS CL_SNS AMP_ENN 0 sky130_fd_pr__nfet_g5v0d10v5 L=1 W=20 nf=1 ad=5.8 as=5.8 pd=40.58 ps=40.58 nrd=0.0145 nrs=0.0145
| + sa=0 sb=0 sd=0 mult=1 m=1
| XM_CLN2 CL_CMP CL_SNS AMP_ENN 0 sky130_fd_pr__nfet_g5v0d10v5 L=1 W=1.6 nf=1 ad=0.464 as=0.464 pd=3.78 ps=3.78 nrd=0.18125
| + nrs=0.18125 sa=0 sb=0 sd=0 mult=1 m=1
| XM_CLP CL_CMP BIASP VIN VIN sky130_fd_pr__pfet_g5v0d10v5 L=1 W=10 nf=2 ad=1.45 as=2.9 pd=10.58 ps=21.16 nrd=0.029 nrs=0.029 sa=0
| + sb=0 sd=0 mult=1 m=1
| XM_CLIM EA_OUT CL_CMP VIN VIN sky130_fd_pr__pfet_g5v0d10v5 L=0.5 W=20 nf=4 ad=2.9 as=4.35 pd=21.16 ps=31.74 nrd=0.0145 nrs=0.0145
| + sa=0 sb=0 sd=0 mult=1 m=1
| XM_ENP3 CL_CMP EN VIN VIN sky130_fd_pr__pfet_g5v0d10v5 L=0.5 W=2 nf=1 ad=0.58 as=0.58 pd=4.58 ps=4.58 nrd=0.145 nrs=0.145 sa=0
| + sb=0 sd=0 mult=1 m=1
| C_CL VIN CL_CMP 1p m=1
| XM_INVP ENB EN VIN VIN sky130_fd_pr__pfet_g5v0d10v5 L=0.5 W=2 nf=1 ad=0.58 as=0.58 pd=4.58 ps=4.58 nrd=0.145 nrs=0.145 sa=0 sb=0
| + sd=0 mult=1 m=1
| XM_INVN ENB EN 0 0 sky130_fd_pr__nfet_g5v0d10v5 L=0.5 W=1 nf=1 ad=0.29 as=0.29 pd=2.58 ps=2.58 nrd=0.29 nrs=0.29 sa=0 sb=0 sd=0
| + mult=1 m=1
| XM_SSDIS SS ENB 0 0 sky130_fd_pr__nfet_g5v0d10v5 L=0.5 W=2 nf=1 ad=0.58 as=0.58 pd=4.58 ps=4.58 nrd=0.145 nrs=0.145 sa=0 sb=0 sd=0
| + mult=1 m=1
| XM_SSCHG SS BIASP VIN VIN sky130_fd_pr__pfet_g5v0d10v5 L=8 W=1 nf=1 ad=0.29 as=0.29 pd=2.58 ps=2.58 nrd=0.29 nrs=0.29 sa=0 sb=0
| + sd=0 mult=1 m=1
| C_SS SS 0 10p m=1
| XM_IN2S EA_D2 SS EA_TAIL VIN sky130_fd_pr__pfet_g5v0d10v5 L=2 W=10 nf=2 ad=1.45 as=2.9 pd=10.58 ps=21.16 nrd=0.029 nrs=0.029 sa=0
| + sb=0 sd=0 mult=1 m=1
| XM_TSPS TS_SNS BIASP VIN VIN sky130_fd_pr__pfet_g5v0d10v5 L=1 W=2.5 nf=1 ad=0.725 as=0.725 pd=5.58 ps=5.58 nrd=0.116 nrs=0.116
| + sa=0 sb=0 sd=0 mult=1 m=1
| XM_TSD1 TS_SNS TS_SNS TS_MID 0 sky130_fd_pr__nfet_g5v0d10v5 L=1 W=80 nf=16 ad=11.6 as=13.05 pd=84.64 ps=95.22 nrd=0.003625
| + nrs=0.003625 sa=0 sb=0 sd=0 mult=1 m=1
| XM_TSD2 TS_MID TS_MID AMP_ENN 0 sky130_fd_pr__nfet_g5v0d10v5 L=1 W=80 nf=16 ad=11.6 as=13.05 pd=84.64 ps=95.22 nrd=0.003625
| + nrs=0.003625 sa=0 sb=0 sd=0 mult=1 m=1
| XM_TSPR TS_REF BIASP VIN VIN sky130_fd_pr__pfet_g5v0d10v5 L=1 W=2.5 nf=1 ad=0.725 as=0.725 pd=5.58 ps=5.58 nrd=0.116 nrs=0.116
| + sa=0 sb=0 sd=0 mult=1 m=1
| XM_TSR1 TS_REF TS_REF AMP_ENN 0 sky130_fd_pr__nfet_g5v0d10v5 L=10 W=2 nf=1 ad=0.58 as=0.58 pd=4.58 ps=4.58 nrd=0.145 nrs=0.145
| + sa=0 sb=0 sd=0 mult=1 m=1
| XM_TCTAIL TC_TAIL NB AMP_ENN 0 sky130_fd_pr__nfet_g5v0d10v5 L=1 W=1 nf=1 ad=0.29 as=0.29 pd=2.58 ps=2.58 nrd=0.29 nrs=0.29 sa=0
| + sb=0 sd=0 mult=1 m=1
| XM_TCN1 TC_D1 TS_SNS TC_TAIL 0 sky130_fd_pr__nfet_g5v0d10v5 L=2 W=10 nf=2 ad=1.45 as=2.9 pd=10.58 ps=21.16 nrd=0.029 nrs=0.029
| + sa=0 sb=0 sd=0 mult=1 m=1
| XM_TCN2 TS_CMP TS_REF TC_TAIL 0 sky130_fd_pr__nfet_g5v0d10v5 L=2 W=10 nf=2 ad=1.45 as=2.9 pd=10.58 ps=21.16 nrd=0.029 nrs=0.029
| + sa=0 sb=0 sd=0 mult=1 m=1
| XM_TCP1 TC_D1 TC_D1 VIN VIN sky130_fd_pr__pfet_g5v0d10v5 L=2 W=10 nf=2 ad=1.45 as=2.9 pd=10.58 ps=21.16 nrd=0.029 nrs=0.029 sa=0
| + sb=0 sd=0 mult=1 m=1
| XM_TCP2 TS_CMP TC_D1 VIN VIN sky130_fd_pr__pfet_g5v0d10v5 L=2 W=10 nf=2 ad=1.45 as=2.9 pd=10.58 ps=21.16 nrd=0.029 nrs=0.029 sa=0
| + sb=0 sd=0 mult=1 m=1
| XM_TSHUT EA_OUT TS_CMP VIN VIN sky130_fd_pr__pfet_g5v0d10v5 L=0.5 W=20 nf=4 ad=2.9 as=4.35 pd=21.16 ps=31.74 nrd=0.0145 nrs=0.0145
| + sa=0 sb=0 sd=0 mult=1 m=1
| XM_TSHYSB TS_HYS BIASP VIN VIN sky130_fd_pr__pfet_g5v0d10v5 L=2 W=1.5 nf=1 ad=0.435 as=0.435 pd=3.58 ps=3.58 nrd=0.193333333333333
| + nrs=0.193333333333333 sa=0 sb=0 sd=0 mult=1 m=1
| XM_TSHYS TS_REF TS_CMP TS_HYS VIN sky130_fd_pr__pfet_g5v0d10v5 L=0.5 W=2 nf=1 ad=0.58 as=0.58 pd=4.58 ps=4.58 nrd=0.145 nrs=0.145
| + sa=0 sb=0 sd=0 mult=1 m=1
| XM_ENP4 TS_CMP EN VIN VIN sky130_fd_pr__pfet_g5v0d10v5 L=0.5 W=2 nf=1 ad=0.58 as=0.58 pd=4.58 ps=4.58 nrd=0.145 nrs=0.145 sa=0
| + sb=0 sd=0 mult=1 m=1
| C_TS VIN TS_CMP 1p m=1
| .ends
| 
| .control
| save all
| * --- leg 1: C_out 0.33uF, 0 mA (feedback divider is the only preload) ---
| tran 10u 4m
| meas tran vpk max v(vout) from=100u to=4m
| meas tran vfloor min v(vout) from=3.1m to=4m
| meas tran tset when v(vout)=1.764 rise=1
| * --- leg 2: C_out 0.33uF, 50 mA ---
| alter rload = 36
| tran 10u 4m
| meas tran vpk max v(vout) from=100u to=4m
| meas tran vfloor min v(vout) from=3.1m to=4m
| meas tran tset when v(vout)=1.764 rise=1
| * --- leg 3: C_out 4.7uF, 0 mA ---
| alter cout = 4.7u
| alter rload = 1e12
| tran 10u 4m
| meas tran vpk max v(vout) from=100u to=4m
| meas tran vfloor min v(vout) from=3.1m to=4m
| meas tran tset when v(vout)=1.764 rise=1
| * --- leg 4: C_out 4.7uF, 50 mA ---
| alter rload = 36
| tran 10u 4m
| meas tran vpk max v(vout) from=100u to=4m
| meas tran vfloor min v(vout) from=3.1m to=4m
| meas tran tset when v(vout)=1.764 rise=1
| let meas_vpk_c033_0ma_v = tran1.vpk
| let meas_vfloor_c033_0ma_v = tran1.vfloor
| let meas_tramp_c033_0ma_ms = 1000*(tran1.tset - 100u)
| let meas_vpk_c033_50ma_v = tran2.vpk
| let meas_vfloor_c033_50ma_v = tran2.vfloor
| let meas_tramp_c033_50ma_ms = 1000*(tran2.tset - 100u)
| let meas_vpk_c47_0ma_v = tran3.vpk
| let meas_vfloor_c47_0ma_v = tran3.vfloor
| let meas_tramp_c47_0ma_ms = 1000*(tran3.tset - 100u)
| let meas_vpk_c47_50ma_v = tran4.vpk
| let meas_vfloor_c47_50ma_v = tran4.vfloor
| let meas_tramp_c47_50ma_ms = 1000*(tran4.tset - 100u)
| print meas_vpk_c033_0ma_v
| print meas_vfloor_c033_0ma_v
| print meas_tramp_c033_0ma_ms
| print meas_vpk_c033_50ma_v
| print meas_vfloor_c033_50ma_v
| print meas_tramp_c033_50ma_ms
| print meas_vpk_c47_0ma_v
| print meas_vfloor_c47_0ma_v
| print meas_tramp_c47_0ma_ms
| print meas_vpk_c47_50ma_v
| print meas_vfloor_c47_50ma_v
| print meas_tramp_c47_50ma_ms
| quit
| .endc
| .end

# ==== ngspice stdout ====

Note: Compatibility modes selected: hs a


Circuit: * startup corner deck -- generated by sim/bin/corner-run.py, do not edit

option SCALE: Scale is set to 1e-06 for instance and model parameters
option SCALE: Scale is set to 1e-06 for instance and model parameters
option SCALE: Scale is set to 1e-06 for instance and model parameters
option SCALE: Scale is set to 1e-06 for instance and model parameters
Doing analysis at TEMP = 125.000000 and TNOM = 27.000000

Using KLU as Direct Linear Solver
 Reference value :  0.00000e+00
 Reference value :  8.00000e-07
 Reference value :  1.28000e-05
 Reference value :  6.28000e-05
 Reference value :  1.00100e-04
 Reference value :  1.00411e-04
 Reference value :  1.00607e-04
 Reference value :  1.00809e-04
 Reference value :  1.00905e-04
 Reference value :  1.00979e-04
 Reference value :  1.01004e-04
 Reference value :  1.01027e-04
 Reference value :  1.01073e-04
 Reference value :  1.01179e-04
 Reference value :  1.01318e-04
 Reference value :  1.01470e-04
 Reference value :  1.01895e-04
 Reference value :  1.07594e-04
 Reference value :  1.53145e-04
 Reference value :  1.83145e-04
 Reference value :  2.13145e-04
 Reference value :  2.63145e-04
 Reference value :  3.13145e-04
 Reference value :  3.63145e-04
 Reference value :  4.13145e-04
 Reference value :  4.53145e-04
 Reference value :  4.93145e-04
 Reference value :  5.33145e-04
 Reference value :  5.83145e-04
 Reference value :  6.23145e-04
 Reference value :  6.73145e-04
 Reference value :  7.23145e-04
 Reference value :  7.83145e-04
 Reference value :  8.43145e-04
 Reference value :  8.83145e-04
 Reference value :  9.43145e-04
 Reference value :  1.00315e-03
 Reference value :  1.05315e-03
 Reference value :  1.11315e-03
 Reference value :  1.16315e-03
 Reference value :  1.21315e-03
 Reference value :  1.26315e-03
 Reference value :  1.31315e-03
 Reference value :  1.37315e-03
 Reference value :  1.42315e-03
 Reference value :  1.47315e-03
 Reference value :  1.53315e-03
 Reference value :  1.58315e-03
 Reference value :  1.63315e-03
 Reference value :  1.69315e-03
 Reference value :  1.74315e-03
 Reference value :  1.77315e-03
 Reference value :  1.81315e-03
 Reference value :  1.85315e-03
 Reference value :  1.89315e-03
 Reference value :  1.92315e-03
 Reference value :  1.96315e-03
 Reference value :  1.99315e-03
 Reference value :  2.02315e-03
 Reference value :  2.05315e-03
 Reference value :  2.08315e-03
 Reference value :  2.12315e-03
 Reference value :  2.17315e-03
 Reference value :  2.21315e-03
 Reference value :  2.24315e-03
 Reference value :  2.28315e-03
 Reference value :  2.31315e-03
 Reference value :  2.35315e-03
 Reference value :  2.38315e-03
 Reference value :  2.41315e-03
 Reference value :  2.44315e-03
 Reference value :  2.48315e-03
 Reference value :  2.52315e-03
 Reference value :  2.56315e-03
 Reference value :  2.60315e-03
 Reference value :  2.63315e-03
 Reference value :  2.66315e-03
 Reference value :  2.70315e-03
 Reference value :  2.73315e-03
 Reference value :  2.76315e-03
 Reference value :  2.80315e-03
 Reference value :  2.83315e-03
 Reference value :  2.86315e-03
 Reference value :  2.90315e-03
 Reference value :  2.94315e-03
 Reference value :  2.97315e-03
 Reference value :  3.01315e-03
 Reference value :  3.05315e-03
 Reference value :  3.08315e-03
 Reference value :  3.12315e-03
 Reference value :  3.15315e-03
 Reference value :  3.19315e-03
 Reference value :  3.23315e-03
 Reference value :  3.26315e-03
 Reference value :  3.29315e-03
 Reference value :  3.32315e-03
 Reference value :  3.35315e-03
 Reference value :  3.38315e-03
 Reference value :  3.42315e-03
 Reference value :  3.46315e-03
 Reference value :  3.50315e-03
 Reference value :  3.53315e-03
 Reference value :  3.57315e-03
 Reference value :  3.60315e-03
 Reference value :  3.64315e-03
 Reference value :  3.68315e-03
 Reference value :  3.72315e-03
 Reference value :  3.75315e-03
 Reference value :  3.78315e-03
 Reference value :  3.81315e-03
 Reference value :  3.85315e-03
 Reference value :  3.89315e-03
 Reference value :  3.92315e-03
 Reference value :  3.95315e-03
 Reference value :  3.98315e-03
No. of Data Rows : 438
vpk                 =  1.81982e+00 at=  9.23145e-04
vfloor              =  1.81719e+00 at=  4.00000e-03
tset                =  5.51092e-04
Doing analysis at TEMP = 125.000000 and TNOM = 27.000000

Using KLU as Direct Linear Solver
 Reference value :  0.00000e+00
 Reference value :  8.00000e-07
 Reference value :  6.40000e-06
 Reference value :  4.28000e-05
 Reference value :  8.28000e-05
 Reference value :  1.00100e-04
 Reference value :  1.00300e-04
 Reference value :  1.00411e-04
 Reference value :  1.00515e-04
 Reference value :  1.00607e-04
 Reference value :  1.00809e-04
 Reference value :  1.00905e-04
 Reference value :  1.00979e-04
 Reference value :  1.01003e-04
 Reference value :  1.01021e-04
 Reference value :  1.01063e-04
 Reference value :  1.01136e-04
 Reference value :  1.01244e-04
 Reference value :  1.01382e-04
 Reference value :  1.01726e-04
 Reference value :  1.02085e-04
 Reference value :  1.04427e-04
 Reference value :  1.10530e-04
 Reference value :  1.23456e-04
 Reference value :  1.34530e-04
 Reference value :  1.52067e-04
 Reference value :  1.92067e-04
 Reference value :  2.22067e-04
 Reference value :  2.62067e-04
 Reference value :  2.92067e-04
 Reference value :  3.22067e-04
 Reference value :  3.52067e-04
 Reference value :  3.82067e-04
 Reference value :  4.22067e-04
 Reference value :  4.62067e-04
 Reference value :  5.02067e-04
 Reference value :  5.42067e-04
 Reference value :  5.82067e-04
 Reference value :  6.12067e-04
 Reference value :  6.42067e-04
 Reference value :  6.72067e-04
 Reference value :  7.12067e-04
 Reference value :  7.52067e-04
 Reference value :  7.82067e-04
 Reference value :  8.12067e-04
 Reference value :  8.52067e-04
 Reference value :  8.82067e-04
 Reference value :  9.12067e-04
 Reference value :  9.52067e-04
 Reference value :  9.82067e-04
 Reference value :  1.03207e-03
 Reference value :  1.06207e-03
 Reference value :  1.10207e-03
 Reference value :  1.13207e-03
 Reference value :  1.17207e-03
 Reference value :  1.21207e-03
 Reference value :  1.24207e-03
 Reference value :  1.28207e-03
 Reference value :  1.32207e-03
 Reference value :  1.36207e-03
 Reference value :  1.39207e-03
 Reference value :  1.42207e-03
 Reference value :  1.45207e-03
 Reference value :  1.49207e-03
 Reference value :  1.52207e-03
 Reference value :  1.56207e-03
 Reference value :  1.59207e-03
 Reference value :  1.63207e-03
 Reference value :  1.67207e-03
 Reference value :  1.71207e-03
 Reference value :  1.75207e-03
 Reference value :  1.78207e-03
 Reference value :  1.81207e-03
 Reference value :  1.85207e-03
 Reference value :  1.89207e-03
 Reference value :  1.92207e-03
 Reference value :  1.96207e-03
 Reference value :  1.99207e-03
 Reference value :  2.03207e-03
 Reference value :  2.07207e-03
 Reference value :  2.11207e-03
 Reference value :  2.15207e-03
 Reference value :  2.19207e-03
 Reference value :  2.23207e-03
 Reference value :  2.26207e-03
 Reference value :  2.30207e-03
 Reference value :  2.33207e-03
 Reference value :  2.37207e-03
 Reference value :  2.41207e-03
 Reference value :  2.44207e-03
 Reference value :  2.48207e-03
 Reference value :  2.51207e-03
 Reference value :  2.54207e-03
 Reference value :  2.58207e-03
 Reference value :  2.61207e-03
 Reference value :  2.65207e-03
 Reference value :  2.68207e-03
 Reference value :  2.71207e-03
 Reference value :  2.75207e-03
 Reference value :  2.79207e-03
 Reference value :  2.82207e-03
 Reference value :  2.86207e-03
 Reference value :  2.90207e-03
 Reference value :  2.93207e-03
 Reference value :  2.97207e-03
 Reference value :  3.00207e-03
 Reference value :  3.04207e-03
 Reference value :  3.07207e-03
 Reference value :  3.11207e-03
 Reference value :  3.14207e-03
 Reference value :  3.18207e-03
 Reference value :  3.21207e-03
 Reference value :  3.25207e-03
 Reference value :  3.29207e-03
 Reference value :  3.33207e-03
 Reference value :  3.36207e-03
 Reference value :  3.39207e-03
 Reference value :  3.43207e-03
 Reference value :  3.47207e-03
 Reference value :  3.50207e-03
 Reference value :  3.53207e-03
 Reference value :  3.57207e-03
 Reference value :  3.60207e-03
 Reference value :  3.63207e-03
 Reference value :  3.66207e-03
 Reference value :  3.70207e-03
 Reference value :  3.74207e-03
 Reference value :  3.77207e-03
 Reference value :  3.80207e-03
 Reference value :  3.84207e-03
 Reference value :  3.87207e-03
 Reference value :  3.90207e-03
 Reference value :  3.94207e-03
 Reference value :  3.97207e-03
 Reference value :  4.00000e-03
No. of Data Rows : 442
vpk                 =  1.79758e+00 at=  1.44207e-03
vfloor              =  1.79757e+00 at=  3.99103e-03
tset                =  5.75420e-04
Doing analysis at TEMP = 125.000000 and TNOM = 27.000000

Using KLU as Direct Linear Solver
 Reference value :  0.00000e+00
 Reference value :  8.00000e-07
 Reference value :  1.28000e-05
 Reference value :  5.28000e-05
 Reference value :  9.14000e-05
 Reference value :  1.00100e-04
 Reference value :  1.00300e-04
 Reference value :  1.00411e-04
 Reference value :  1.00515e-04
 Reference value :  1.00607e-04
 Reference value :  1.00809e-04
 Reference value :  1.00905e-04
 Reference value :  4.63145e-04
 Reference value :  1.32315e-03
 Reference value :  2.50315e-03
 Reference value :  3.69315e-03
No. of Data Rows : 438
vpk                 =  1.82618e+00 at=  9.33145e-04
vfloor              =  1.82595e+00 at=  4.00000e-03
tset                =  5.42992e-04
Doing analysis at TEMP = 125.000000 and TNOM = 27.000000

Using KLU as Direct Linear Solver
 Reference value :  1.01063e-04
 Reference value :  8.98588e-04
 Reference value :  1.43859e-03
 Reference value :  1.46859e-03
 Reference value :  1.49859e-03
 Reference value :  1.53859e-03
 Reference value :  1.57859e-03
 Reference value :  1.61859e-03
 Reference value :  1.65859e-03
 Reference value :  1.68859e-03
 Reference value :  1.72859e-03
 Reference value :  1.75859e-03
 Reference value :  1.79859e-03
 Reference value :  1.83859e-03
 Reference value :  1.87859e-03
 Reference value :  1.90859e-03
 Reference value :  1.93859e-03
 Reference value :  1.96859e-03
 Reference value :  1.99859e-03
 Reference value :  2.02859e-03
 Reference value :  2.05859e-03
 Reference value :  2.08859e-03
 Reference value :  2.12859e-03
 Reference value :  2.16859e-03
 Reference value :  2.20859e-03
 Reference value :  2.24859e-03
 Reference value :  2.27859e-03
 Reference value :  2.31859e-03
 Reference value :  2.34859e-03
 Reference value :  2.38859e-03
 Reference value :  2.42859e-03
 Reference value :  2.45859e-03
 Reference value :  2.49859e-03
 Reference value :  2.52859e-03
 Reference value :  2.56859e-03
 Reference value :  2.60859e-03
 Reference value :  2.64859e-03
 Reference value :  2.67859e-03
 Reference value :  2.70859e-03
 Reference value :  2.74859e-03
 Reference value :  2.78859e-03
 Reference value :  2.82859e-03
 Reference value :  2.85859e-03
 Reference value :  2.89859e-03
 Reference value :  2.92859e-03
 Reference value :  2.96859e-03
 Reference value :  3.00859e-03
 Reference value :  3.03859e-03
 Reference value :  3.06859e-03
 Reference value :  3.09859e-03
 Reference value :  3.13859e-03
 Reference value :  3.17859e-03
 Reference value :  3.21859e-03
 Reference value :  3.25859e-03
 Reference value :  3.28859e-03
 Reference value :  3.32859e-03
 Reference value :  3.36859e-03
 Reference value :  3.40859e-03
 Reference value :  3.43859e-03
 Reference value :  3.47859e-03
 Reference value :  3.50859e-03
 Reference value :  3.54859e-03
 Reference value :  3.57859e-03
 Reference value :  3.60859e-03
 Reference value :  3.63859e-03
 Reference value :  3.67859e-03
 Reference value :  3.71859e-03
 Reference value :  3.75859e-03
 Reference value :  3.79859e-03
 Reference value :  3.83859e-03
 Reference value :  3.86859e-03
 Reference value :  3.89859e-03
 Reference value :  3.92859e-03
 Reference value :  3.96859e-03
 Reference value :  4.00000e-03
No. of Data Rows : 442
vpk                 =  1.79758e+00 at=  1.15859e-03
vfloor              =  1.79757e+00 at=  4.00000e-03
tset                =  5.60557e-04
meas_vpk_c033_0ma_v = 1.819825e+00
meas_vfloor_c033_0ma_v = 1.817189e+00
meas_tramp_c033_0ma_ms = 4.510920e-01
meas_vpk_c033_50ma_v = 1.797578e+00
meas_vfloor_c033_50ma_v = 1.797573e+00
meas_tramp_c033_50ma_ms = 4.754199e-01
meas_vpk_c47_0ma_v = 1.826182e+00
meas_vfloor_c47_0ma_v = 1.825949e+00
meas_tramp_c47_0ma_ms = 4.429924e-01
meas_vpk_c47_50ma_v = 1.797578e+00
meas_vfloor_c47_50ma_v = 1.797572e+00
meas_tramp_c47_50ma_ms = 4.605574e-01
ngspice-46 done

# ==== ngspice stderr ====

