# corner: fs_125c_2.97v
# process=fs temp=125C supply=2.97V
# ngspice exit: 0
# wall clock: 58.1s (--timeout was 300s)
# result: PASS

# ==== deck (exact input given to ngspice) ====
| * startup corner deck -- generated by sim/bin/corner-run.py, do not edit
| * corner: fs_125c_2.97v
| .param vsup=2.97
| .option wnflag=1
| .temp 125
| .lib "/home/ubuntu/.volare/sky130A/libs.tech/combined/sky130.lib.spice" fs
| ** sch_path: sim/startup/testbench/tb_startup.sch
| **.subckt tb_startup
| VVIN VIN 0 'vsup'
| .save i(vvin)
| VEN EN 0 PULSE(0 'vsup' 100u 1u 1u 100 200)
| .save i(ven)
| VVREF VREF 0 1.2
| .save i(vvref)
| xldo VOUT VREF EN VIN ldo_3v3in_1v8out
| COUT VOUT VESR 0.33u m=1
| RESR VESR 0 10m m=1
| RLOAD VOUT 0 1e12 m=1
| **.ends
| 
| * expanding   symbol:  design/ldo_3v3in_1v8out.sym # of pins=4
| ** sym_path: design/ldo_3v3in_1v8out.sym
| ** sch_path: design/ldo_3v3in_1v8out.sch
| .subckt ldo_3v3in_1v8out VOUT VREF EN VIN
| *.ipin VIN
| *.ipin EN
| *.ipin VREF
| *.opin VOUT
| XR_BIAS VIN NB 0 sky130_fd_pr__res_high_po W=0.42 L=1500 mult=1 m=1
| XM_BIASN1 NB NB BIAS_ENN 0 sky130_fd_pr__nfet_g5v0d10v5 L=1 W=4 nf=1 ad=1.16 as=1.16 pd=8.58 ps=8.58 nrd=0.0725 nrs=0.0725 sa=0
| + sb=0 sd=0 mult=1 m=1
| XM_ENN BIAS_ENN EN 0 0 sky130_fd_pr__nfet_g5v0d10v5 L=0.5 W=10 nf=1 ad=2.9 as=2.9 pd=20.58 ps=20.58 nrd=0.029 nrs=0.029 sa=0 sb=0
| + sd=0 mult=1 m=1
| XM_BIASN2 BIASP NB BIAS_ENN 0 sky130_fd_pr__nfet_g5v0d10v5 L=1 W=4 nf=1 ad=1.16 as=1.16 pd=8.58 ps=8.58 nrd=0.0725 nrs=0.0725 sa=0
| + sb=0 sd=0 mult=1 m=1
| XM_BIASP1 BIASP BIASP VIN VIN sky130_fd_pr__pfet_g5v0d10v5 L=1 W=10 nf=2 ad=1.45 as=2.9 pd=10.58 ps=21.16 nrd=0.029 nrs=0.029 sa=0
| + sb=0 sd=0 mult=1 m=1
| XM_ENP2 BIASP EN VIN VIN sky130_fd_pr__pfet_g5v0d10v5 L=0.5 W=10 nf=1 ad=2.9 as=2.9 pd=20.58 ps=20.58 nrd=0.029 nrs=0.029 sa=0
| + sb=0 sd=0 mult=1 m=1
| XM_TAIL EA_TAIL BIASP VIN VIN sky130_fd_pr__pfet_g5v0d10v5 L=2 W=40 nf=8 ad=5.8 as=7.25 pd=42.32 ps=52.9 nrd=0.00725 nrs=0.00725
| + sa=0 sb=0 sd=0 mult=1 m=1
| XM_IN1 EA_D1 FB EA_TAIL VIN sky130_fd_pr__pfet_g5v0d10v5 L=2 W=10 nf=2 ad=1.45 as=2.9 pd=10.58 ps=21.16 nrd=0.029 nrs=0.029 sa=0
| + sb=0 sd=0 mult=1 m=1
| XM_IN2 EA_D2 VREF EA_TAIL VIN sky130_fd_pr__pfet_g5v0d10v5 L=2 W=10 nf=2 ad=1.45 as=2.9 pd=10.58 ps=21.16 nrd=0.029 nrs=0.029 sa=0
| + sb=0 sd=0 mult=1 m=1
| XM_MIR1 EA_D1 EA_D1 AMP_ENN 0 sky130_fd_pr__nfet_g5v0d10v5 L=4 W=10 nf=2 ad=1.45 as=2.9 pd=10.58 ps=21.16 nrd=0.029 nrs=0.029 sa=0
| + sb=0 sd=0 mult=1 m=1
| XM_MIR2 EA_OUT EA_D1 AMP_ENN 0 sky130_fd_pr__nfet_g5v0d10v5 L=4 W=10 nf=2 ad=1.45 as=2.9 pd=10.58 ps=21.16 nrd=0.029 nrs=0.029
| + sa=0 sb=0 sd=0 mult=1 m=1
| XM_ENN2 AMP_ENN EN 0 0 sky130_fd_pr__nfet_g5v0d10v5 L=0.5 W=10 nf=1 ad=2.9 as=2.9 pd=20.58 ps=20.58 nrd=0.029 nrs=0.029 sa=0 sb=0
| + sd=0 mult=1 m=1
| XM_ENP EA_OUT EN VIN VIN sky130_fd_pr__pfet_g5v0d10v5 L=0.5 W=10 nf=1 ad=2.9 as=2.9 pd=20.58 ps=20.58 nrd=0.029 nrs=0.029 sa=0
| + sb=0 sd=0 mult=1 m=1
| XM_MIR3 EA_D2 EA_D2 AMP_ENN 0 sky130_fd_pr__nfet_g5v0d10v5 L=4 W=10 nf=2 ad=1.45 as=2.9 pd=10.58 ps=21.16 nrd=0.029 nrs=0.029 sa=0
| + sb=0 sd=0 mult=1 m=1
| XM_MIR4 PB EA_D2 AMP_ENN 0 sky130_fd_pr__nfet_g5v0d10v5 L=4 W=10 nf=2 ad=1.45 as=2.9 pd=10.58 ps=21.16 nrd=0.029 nrs=0.029 sa=0
| + sb=0 sd=0 mult=1 m=1
| XM_MIRP1 PB PB VIN VIN sky130_fd_pr__pfet_g5v0d10v5 L=4 W=20 nf=4 ad=2.9 as=4.35 pd=21.16 ps=31.74 nrd=0.0145 nrs=0.0145 sa=0 sb=0
| + sd=0 mult=1 m=1
| XM_MIRP2 EA_OUT PB VIN VIN sky130_fd_pr__pfet_g5v0d10v5 L=4 W=20 nf=4 ad=2.9 as=4.35 pd=21.16 ps=31.74 nrd=0.0145 nrs=0.0145 sa=0
| + sb=0 sd=0 mult=1 m=1
| XM_ENP5 PB EN VIN VIN sky130_fd_pr__pfet_g5v0d10v5 L=0.5 W=2 nf=1 ad=0.58 as=0.58 pd=4.58 ps=4.58 nrd=0.145 nrs=0.145 sa=0 sb=0
| + sd=0 mult=1 m=1
| XM_PASS VOUT EA_OUT VIN VIN sky130_fd_pr__pfet_g5v0d10v5 L=0.5 W=100 nf=25 ad=15.08 as=15.08 pd=111.54 ps=111.54 nrd=0.0029
| + nrs=0.0029 sa=0 sb=0 sd=0 mult=25 m=25
| C_COMP VOUT EA_CZ 150p m=1
| XR_CZ EA_CZ EA_OUT 0 sky130_fd_pr__res_xhigh_po W=0.42 L=52 mult=1 m=1
| XR_FB_A VOUT FB 0 sky130_fd_pr__res_xhigh_po W=0.42 L=180 mult=1 m=1
| XR_FB_B FB N_FBB 0 sky130_fd_pr__res_xhigh_po W=0.42 L=180 mult=1 m=1
| XR_FB_C N_FBB 0 0 sky130_fd_pr__res_xhigh_po W=0.42 L=180 mult=1 m=1
| XM_SENSE CL_SNS EA_OUT VIN VIN sky130_fd_pr__pfet_g5v0d10v5 L=0.5 W=0.42 nf=1 ad=0.1218 as=0.1218 pd=1.42 ps=1.42
| + nrd=0.69047619047619 nrs=0.69047619047619 sa=0 sb=0 sd=0 mult=1 m=1
| XM_CLN1 CL_SNS CL_SNS AMP_ENN 0 sky130_fd_pr__nfet_g5v0d10v5 L=1 W=20 nf=1 ad=5.8 as=5.8 pd=40.58 ps=40.58 nrd=0.0145 nrs=0.0145
| + sa=0 sb=0 sd=0 mult=1 m=1
| XM_CLN2 CL_CMP CL_SNS AMP_ENN 0 sky130_fd_pr__nfet_g5v0d10v5 L=1 W=1.6 nf=1 ad=0.464 as=0.464 pd=3.78 ps=3.78 nrd=0.18125
| + nrs=0.18125 sa=0 sb=0 sd=0 mult=1 m=1
| XM_CLP CL_CMP BIASP VIN VIN sky130_fd_pr__pfet_g5v0d10v5 L=1 W=10 nf=2 ad=1.45 as=2.9 pd=10.58 ps=21.16 nrd=0.029 nrs=0.029 sa=0
| + sb=0 sd=0 mult=1 m=1
| XM_CLIM EA_OUT CL_CMP VIN VIN sky130_fd_pr__pfet_g5v0d10v5 L=0.5 W=20 nf=4 ad=2.9 as=4.35 pd=21.16 ps=31.74 nrd=0.0145 nrs=0.0145
| + sa=0 sb=0 sd=0 mult=1 m=1
| XM_ENP3 CL_CMP EN VIN VIN sky130_fd_pr__pfet_g5v0d10v5 L=0.5 W=2 nf=1 ad=0.58 as=0.58 pd=4.58 ps=4.58 nrd=0.145 nrs=0.145 sa=0
| + sb=0 sd=0 mult=1 m=1
| C_CL VIN CL_CMP 1p m=1
| XM_INVP ENB EN VIN VIN sky130_fd_pr__pfet_g5v0d10v5 L=0.5 W=2 nf=1 ad=0.58 as=0.58 pd=4.58 ps=4.58 nrd=0.145 nrs=0.145 sa=0 sb=0
| + sd=0 mult=1 m=1
| XM_INVN ENB EN 0 0 sky130_fd_pr__nfet_g5v0d10v5 L=0.5 W=1 nf=1 ad=0.29 as=0.29 pd=2.58 ps=2.58 nrd=0.29 nrs=0.29 sa=0 sb=0 sd=0
| + mult=1 m=1
| XM_SSDIS SS ENB 0 0 sky130_fd_pr__nfet_g5v0d10v5 L=0.5 W=2 nf=1 ad=0.58 as=0.58 pd=4.58 ps=4.58 nrd=0.145 nrs=0.145 sa=0 sb=0 sd=0
| + mult=1 m=1
| XM_SSCHG SS BIASP VIN VIN sky130_fd_pr__pfet_g5v0d10v5 L=8 W=1 nf=1 ad=0.29 as=0.29 pd=2.58 ps=2.58 nrd=0.29 nrs=0.29 sa=0 sb=0
| + sd=0 mult=1 m=1
| C_SS SS 0 10p m=1
| XM_IN2S EA_D2 SS EA_TAIL VIN sky130_fd_pr__pfet_g5v0d10v5 L=2 W=10 nf=2 ad=1.45 as=2.9 pd=10.58 ps=21.16 nrd=0.029 nrs=0.029 sa=0
| + sb=0 sd=0 mult=1 m=1
| XM_TSPS TS_SNS BIASP VIN VIN sky130_fd_pr__pfet_g5v0d10v5 L=1 W=2.5 nf=1 ad=0.725 as=0.725 pd=5.58 ps=5.58 nrd=0.116 nrs=0.116
| + sa=0 sb=0 sd=0 mult=1 m=1
| XM_TSD1 TS_SNS TS_SNS TS_MID 0 sky130_fd_pr__nfet_g5v0d10v5 L=1 W=80 nf=16 ad=11.6 as=13.05 pd=84.64 ps=95.22 nrd=0.003625
| + nrs=0.003625 sa=0 sb=0 sd=0 mult=1 m=1
| XM_TSD2 TS_MID TS_MID AMP_ENN 0 sky130_fd_pr__nfet_g5v0d10v5 L=1 W=80 nf=16 ad=11.6 as=13.05 pd=84.64 ps=95.22 nrd=0.003625
| + nrs=0.003625 sa=0 sb=0 sd=0 mult=1 m=1
| XM_TSPR TS_REF BIASP VIN VIN sky130_fd_pr__pfet_g5v0d10v5 L=1 W=2.5 nf=1 ad=0.725 as=0.725 pd=5.58 ps=5.58 nrd=0.116 nrs=0.116
| + sa=0 sb=0 sd=0 mult=1 m=1
| XM_TSR1 TS_REF TS_REF AMP_ENN 0 sky130_fd_pr__nfet_g5v0d10v5 L=10 W=2 nf=1 ad=0.58 as=0.58 pd=4.58 ps=4.58 nrd=0.145 nrs=0.145
| + sa=0 sb=0 sd=0 mult=1 m=1
| XM_TCTAIL TC_TAIL NB AMP_ENN 0 sky130_fd_pr__nfet_g5v0d10v5 L=1 W=1 nf=1 ad=0.29 as=0.29 pd=2.58 ps=2.58 nrd=0.29 nrs=0.29 sa=0
| + sb=0 sd=0 mult=1 m=1
| XM_TCN1 TC_D1 TS_SNS TC_TAIL 0 sky130_fd_pr__nfet_g5v0d10v5 L=2 W=10 nf=2 ad=1.45 as=2.9 pd=10.58 ps=21.16 nrd=0.029 nrs=0.029
| + sa=0 sb=0 sd=0 mult=1 m=1
| XM_TCN2 TS_CMP TS_REF TC_TAIL 0 sky130_fd_pr__nfet_g5v0d10v5 L=2 W=10 nf=2 ad=1.45 as=2.9 pd=10.58 ps=21.16 nrd=0.029 nrs=0.029
| + sa=0 sb=0 sd=0 mult=1 m=1
| XM_TCP1 TC_D1 TC_D1 VIN VIN sky130_fd_pr__pfet_g5v0d10v5 L=2 W=10 nf=2 ad=1.45 as=2.9 pd=10.58 ps=21.16 nrd=0.029 nrs=0.029 sa=0
| + sb=0 sd=0 mult=1 m=1
| XM_TCP2 TS_CMP TC_D1 VIN VIN sky130_fd_pr__pfet_g5v0d10v5 L=2 W=10 nf=2 ad=1.45 as=2.9 pd=10.58 ps=21.16 nrd=0.029 nrs=0.029 sa=0
| + sb=0 sd=0 mult=1 m=1
| XM_TSHUT EA_OUT TS_CMP VIN VIN sky130_fd_pr__pfet_g5v0d10v5 L=0.5 W=20 nf=4 ad=2.9 as=4.35 pd=21.16 ps=31.74 nrd=0.0145 nrs=0.0145
| + sa=0 sb=0 sd=0 mult=1 m=1
| XM_TSHYSB TS_HYS BIASP VIN VIN sky130_fd_pr__pfet_g5v0d10v5 L=2 W=1.5 nf=1 ad=0.435 as=0.435 pd=3.58 ps=3.58 nrd=0.193333333333333
| + nrs=0.193333333333333 sa=0 sb=0 sd=0 mult=1 m=1
| XM_TSHYS TS_REF TS_CMP TS_HYS VIN sky130_fd_pr__pfet_g5v0d10v5 L=0.5 W=2 nf=1 ad=0.58 as=0.58 pd=4.58 ps=4.58 nrd=0.145 nrs=0.145
| + sa=0 sb=0 sd=0 mult=1 m=1
| XM_ENP4 TS_CMP EN VIN VIN sky130_fd_pr__pfet_g5v0d10v5 L=0.5 W=2 nf=1 ad=0.58 as=0.58 pd=4.58 ps=4.58 nrd=0.145 nrs=0.145 sa=0
| + sb=0 sd=0 mult=1 m=1
| C_TS VIN TS_CMP 1p m=1
| .ends
| 
| .control
| save all
| * --- leg 1: C_out 0.33uF, 0 mA (feedback divider is the only preload) ---
| tran 10u 4m
| meas tran vpk max v(vout) from=100u to=4m
| meas tran vfloor min v(vout) from=3.1m to=4m
| meas tran tset when v(vout)=1.764 rise=1
| * --- leg 2: C_out 0.33uF, 50 mA ---
| alter rload = 36
| tran 10u 4m
| meas tran vpk max v(vout) from=100u to=4m
| meas tran vfloor min v(vout) from=3.1m to=4m
| meas tran tset when v(vout)=1.764 rise=1
| * --- leg 3: C_out 4.7uF, 0 mA ---
| alter cout = 4.7u
| alter rload = 1e12
| tran 10u 4m
| meas tran vpk max v(vout) from=100u to=4m
| meas tran vfloor min v(vout) from=3.1m to=4m
| meas tran tset when v(vout)=1.764 rise=1
| * --- leg 4: C_out 4.7uF, 50 mA ---
| alter rload = 36
| tran 10u 4m
| meas tran vpk max v(vout) from=100u to=4m
| meas tran vfloor min v(vout) from=3.1m to=4m
| meas tran tset when v(vout)=1.764 rise=1
| let meas_vpk_c033_0ma_v = tran1.vpk
| let meas_vfloor_c033_0ma_v = tran1.vfloor
| let meas_tramp_c033_0ma_ms = 1000*(tran1.tset - 100u)
| let meas_vpk_c033_50ma_v = tran2.vpk
| let meas_vfloor_c033_50ma_v = tran2.vfloor
| let meas_tramp_c033_50ma_ms = 1000*(tran2.tset - 100u)
| let meas_vpk_c47_0ma_v = tran3.vpk
| let meas_vfloor_c47_0ma_v = tran3.vfloor
| let meas_tramp_c47_0ma_ms = 1000*(tran3.tset - 100u)
| let meas_vpk_c47_50ma_v = tran4.vpk
| let meas_vfloor_c47_50ma_v = tran4.vfloor
| let meas_tramp_c47_50ma_ms = 1000*(tran4.tset - 100u)
| print meas_vpk_c033_0ma_v
| print meas_vfloor_c033_0ma_v
| print meas_tramp_c033_0ma_ms
| print meas_vpk_c033_50ma_v
| print meas_vfloor_c033_50ma_v
| print meas_tramp_c033_50ma_ms
| print meas_vpk_c47_0ma_v
| print meas_vfloor_c47_0ma_v
| print meas_tramp_c47_0ma_ms
| print meas_vpk_c47_50ma_v
| print meas_vfloor_c47_50ma_v
| print meas_tramp_c47_50ma_ms
| quit
| .endc
| .end

# ==== ngspice stdout ====

Note: Compatibility modes selected: hs a


Circuit: * startup corner deck -- generated by sim/bin/corner-run.py, do not edit

option SCALE: Scale is set to 1e-06 for instance and model parameters
option SCALE: Scale is set to 1e-06 for instance and model parameters
option SCALE: Scale is set to 1e-06 for instance and model parameters
option SCALE: Scale is set to 1e-06 for instance and model parameters
Doing analysis at TEMP = 125.000000 and TNOM = 27.000000

Using KLU as Direct Linear Solver
 Reference value :  0.00000e+00
 Reference value :  4.00000e-07
 Reference value :  6.40000e-06
 Reference value :  4.28000e-05
 Reference value :  8.28000e-05
 Reference value :  1.00100e-04
 Reference value :  1.00300e-04
 Reference value :  1.00411e-04
 Reference value :  1.00517e-04
 Reference value :  1.00614e-04
 Reference value :  1.00840e-04
 Reference value :  1.00920e-04
 Reference value :  1.00981e-04
 Reference value :  1.01005e-04
 Reference value :  1.01032e-04
 Reference value :  1.01137e-04
 Reference value :  1.01270e-04
 Reference value :  1.01465e-04
 Reference value :  1.01852e-04
 Reference value :  1.02495e-04
 Reference value :  1.10348e-04
 Reference value :  1.38226e-04
 Reference value :  1.68226e-04
 Reference value :  1.98226e-04
 Reference value :  2.28226e-04
 Reference value :  2.68226e-04
 Reference value :  3.18226e-04
 Reference value :  3.78226e-04
 Reference value :  4.28226e-04
 Reference value :  4.78226e-04
 Reference value :  5.38226e-04
 Reference value :  5.88226e-04
 Reference value :  6.28226e-04
 Reference value :  6.78226e-04
 Reference value :  7.18226e-04
 Reference value :  7.68226e-04
 Reference value :  8.18226e-04
 Reference value :  8.58226e-04
 Reference value :  8.88226e-04
 Reference value :  9.28226e-04
 Reference value :  9.78226e-04
 Reference value :  1.01823e-03
 Reference value :  1.06823e-03
 Reference value :  1.10823e-03
 Reference value :  1.14823e-03
 Reference value :  1.18823e-03
 Reference value :  1.22823e-03
 Reference value :  1.26823e-03
 Reference value :  1.31823e-03
 Reference value :  1.36823e-03
 Reference value :  1.41823e-03
 Reference value :  1.47823e-03
 Reference value :  1.52823e-03
 Reference value :  1.57823e-03
 Reference value :  1.61823e-03
 Reference value :  1.66823e-03
 Reference value :  1.71823e-03
 Reference value :  1.76823e-03
 Reference value :  1.81823e-03
 Reference value :  1.85823e-03
 Reference value :  1.89823e-03
 Reference value :  1.92823e-03
 Reference value :  1.96823e-03
 Reference value :  2.02823e-03
 Reference value :  2.07823e-03
 Reference value :  2.12823e-03
 Reference value :  2.17823e-03
 Reference value :  2.23823e-03
 Reference value :  2.28823e-03
 Reference value :  2.34823e-03
 Reference value :  2.40823e-03
 Reference value :  2.45823e-03
 Reference value :  2.51823e-03
 Reference value :  2.57823e-03
 Reference value :  2.63823e-03
 Reference value :  2.69823e-03
 Reference value :  2.72823e-03
 Reference value :  2.76823e-03
 Reference value :  2.80823e-03
 Reference value :  2.84823e-03
 Reference value :  2.87823e-03
 Reference value :  2.90823e-03
 Reference value :  2.93823e-03
 Reference value :  2.97823e-03
 Reference value :  3.01823e-03
 Reference value :  3.04823e-03
 Reference value :  3.07823e-03
 Reference value :  3.11823e-03
 Reference value :  3.15823e-03
 Reference value :  3.20823e-03
 Reference value :  3.24823e-03
 Reference value :  3.28823e-03
 Reference value :  3.33823e-03
 Reference value :  3.38823e-03
 Reference value :  3.43823e-03
 Reference value :  3.48823e-03
 Reference value :  3.53823e-03
 Reference value :  3.58823e-03
 Reference value :  3.63823e-03
 Reference value :  3.67823e-03
 Reference value :  3.72823e-03
 Reference value :  3.76823e-03
 Reference value :  3.80823e-03
 Reference value :  3.84823e-03
 Reference value :  3.88823e-03
 Reference value :  3.92823e-03
 Reference value :  3.96823e-03
 Reference value :  4.00000e-03
No. of Data Rows : 439
vpk                 =  1.82090e+00 at=  1.06823e-03
vfloor              =  1.81720e+00 at=  4.00000e-03
tset                =  6.81093e-04
Doing analysis at TEMP = 125.000000 and TNOM = 27.000000

Using KLU as Direct Linear Solver
 Reference value :  0.00000e+00
 Reference value :  8.00000e-07
 Reference value :  1.28000e-05
 Reference value :  5.28000e-05
 Reference value :  9.14000e-05
 Reference value :  1.00300e-04
 Reference value :  1.00411e-04
 Reference value :  1.00614e-04
 Reference value :  1.00840e-04
 Reference value :  1.00920e-04
 Reference value :  1.00981e-04
 Reference value :  1.01005e-04
 Reference value :  1.01058e-04
 Reference value :  1.01181e-04
 Reference value :  1.01316e-04
 Reference value :  1.01493e-04
 Reference value :  1.01918e-04
 Reference value :  1.03147e-04
 Reference value :  1.12230e-04
 Reference value :  1.33590e-04
 Reference value :  1.67486e-04
 Reference value :  2.27486e-04
 Reference value :  2.87486e-04
 Reference value :  3.47486e-04
 Reference value :  4.07486e-04
 Reference value :  4.57486e-04
 Reference value :  5.17486e-04
 Reference value :  5.67486e-04
 Reference value :  6.17486e-04
 Reference value :  6.67486e-04
 Reference value :  7.27486e-04
 Reference value :  7.77486e-04
 Reference value :  8.37486e-04
 Reference value :  8.77486e-04
 Reference value :  9.37486e-04
 Reference value :  9.97486e-04
 Reference value :  1.05749e-03
 Reference value :  1.10749e-03
 Reference value :  1.15749e-03
 Reference value :  1.20749e-03
 Reference value :  1.25749e-03
 Reference value :  1.30749e-03
 Reference value :  1.35749e-03
 Reference value :  1.40749e-03
 Reference value :  1.45749e-03
 Reference value :  1.50749e-03
 Reference value :  1.55749e-03
 Reference value :  1.59749e-03
 Reference value :  1.63749e-03
 Reference value :  1.68749e-03
 Reference value :  1.74749e-03
 Reference value :  1.78749e-03
 Reference value :  1.81749e-03
 Reference value :  1.86749e-03
 Reference value :  1.90749e-03
 Reference value :  1.94749e-03
 Reference value :  1.98749e-03
 Reference value :  2.03749e-03
 Reference value :  2.07749e-03
 Reference value :  2.12749e-03
 Reference value :  2.16749e-03
 Reference value :  2.20749e-03
 Reference value :  2.23749e-03
 Reference value :  2.26749e-03
 Reference value :  2.29749e-03
 Reference value :  2.33749e-03
 Reference value :  2.37749e-03
 Reference value :  2.41749e-03
 Reference value :  2.45749e-03
 Reference value :  2.50749e-03
 Reference value :  2.55749e-03
 Reference value :  2.60749e-03
 Reference value :  2.64749e-03
 Reference value :  2.68749e-03
 Reference value :  2.71749e-03
 Reference value :  2.75749e-03
 Reference value :  2.79749e-03
 Reference value :  2.83749e-03
 Reference value :  2.88749e-03
 Reference value :  2.94749e-03
 Reference value :  2.99749e-03
 Reference value :  3.05749e-03
 Reference value :  3.09749e-03
 Reference value :  3.13749e-03
 Reference value :  3.19749e-03
 Reference value :  3.24749e-03
 Reference value :  3.30749e-03
 Reference value :  3.34749e-03
 Reference value :  3.40749e-03
 Reference value :  3.45749e-03
 Reference value :  3.51749e-03
 Reference value :  3.57749e-03
 Reference value :  3.62749e-03
 Reference value :  3.67749e-03
 Reference value :  3.73749e-03
 Reference value :  3.79749e-03
 Reference value :  3.85749e-03
 Reference value :  3.91749e-03
 Reference value :  3.96749e-03
No. of Data Rows : 442
vpk                 =  1.79730e+00 at=  1.57749e-03
vfloor              =  1.79729e+00 at=  3.99374e-03
tset                =  7.10826e-04
Doing analysis at TEMP = 125.000000 and TNOM = 27.000000

Using KLU as Direct Linear Solver
 Reference value :  0.00000e+00
 Reference value :  1.60000e-06
 Reference value :  3.28000e-05
 Reference value :  8.28000e-05
 Reference value :  1.00300e-04
 Reference value :  1.00411e-04
 Reference value :  1.00517e-04
 Reference value :  1.00614e-04
 Reference value :  1.00840e-04
 Reference value :  1.00920e-04
 Reference value :  1.00981e-04
 Reference value :  1.01014e-04
 Reference value :  1.01093e-04
 Reference value :  1.01191e-04
 Reference value :  1.01367e-04
 Reference value :  1.01573e-04
 Reference value :  1.02007e-04
 Reference value :  1.02495e-04
 Reference value :  1.06409e-04
 Reference value :  1.38225e-04
 Reference value :  1.68225e-04
 Reference value :  1.98225e-04
 Reference value :  2.28225e-04
 Reference value :  2.78225e-04
 Reference value :  3.28225e-04
 Reference value :  3.78225e-04
 Reference value :  4.38225e-04
 Reference value :  4.88225e-04
 Reference value :  5.38225e-04
 Reference value :  5.98225e-04
 Reference value :  6.38225e-04
 Reference value :  6.68225e-04
 Reference value :  7.08225e-04
 Reference value :  7.58225e-04
 Reference value :  7.98225e-04
 Reference value :  8.38225e-04
 Reference value :  8.78225e-04
 Reference value :  9.18225e-04
 Reference value :  9.68225e-04
 Reference value :  1.01823e-03
 Reference value :  1.07823e-03
 Reference value :  1.12823e-03
 Reference value :  1.18823e-03
 Reference value :  1.24823e-03
 Reference value :  1.29823e-03
 Reference value :  1.33823e-03
 Reference value :  1.38823e-03
 Reference value :  1.43823e-03
 Reference value :  1.48823e-03
 Reference value :  1.53823e-03
 Reference value :  1.59823e-03
 Reference value :  1.64823e-03
 Reference value :  1.69823e-03
 Reference value :  1.74823e-03
 Reference value :  1.80823e-03
 Reference value :  1.86823e-03
 Reference value :  1.91823e-03
 Reference value :  1.97823e-03
 Reference value :  2.03823e-03
 Reference value :  2.08823e-03
 Reference value :  2.14823e-03
 Reference value :  2.19823e-03
 Reference value :  2.24823e-03
 Reference value :  2.29823e-03
 Reference value :  2.34823e-03
 Reference value :  2.39823e-03
 Reference value :  2.44823e-03
 Reference value :  2.50823e-03
 Reference value :  2.56823e-03
 Reference value :  2.61823e-03
 Reference value :  2.66823e-03
 Reference value :  2.72823e-03
 Reference value :  2.78823e-03
 Reference value :  2.83823e-03
 Reference value :  2.88823e-03
 Reference value :  2.93823e-03
 Reference value :  2.98823e-03
 Reference value :  3.03823e-03
 Reference value :  3.09823e-03
 Reference value :  3.14823e-03
 Reference value :  3.20823e-03
 Reference value :  3.25823e-03
 Reference value :  3.30823e-03
 Reference value :  3.36823e-03
 Reference value :  3.42823e-03
 Reference value :  3.47823e-03
 Reference value :  3.52823e-03
 Reference value :  3.58823e-03
 Reference value :  3.63823e-03
 Reference value :  3.68823e-03
 Reference value :  3.74823e-03
 Reference value :  3.80823e-03
 Reference value :  3.85823e-03
 Reference value :  3.91823e-03
 Reference value :  3.97823e-03
No. of Data Rows : 439
vpk                 =  1.82688e+00 at=  1.10823e-03
vfloor              =  1.82660e+00 at=  4.00000e-03
tset                =  6.72409e-04
Doing analysis at TEMP = 125.000000 and TNOM = 27.000000

Using KLU as Direct Linear Solver
 Reference value :  0.00000e+00
 Reference value :  1.60000e-06
 Reference value :  3.28000e-05
 Reference value :  8.28000e-05
 Reference value :  1.00300e-04
 Reference value :  1.00411e-04
 Reference value :  1.00517e-04
 Reference value :  1.00614e-04
 Reference value :  1.00840e-04
 Reference value :  1.00920e-04
 Reference value :  1.00981e-04
 Reference value :  1.01005e-04
 Reference value :  1.01058e-04
 Reference value :  1.01181e-04
 Reference value :  1.01316e-04
 Reference value :  1.01493e-04
 Reference value :  1.01918e-04
 Reference value :  1.05651e-04
 Reference value :  1.29655e-04
 Reference value :  1.45608e-04
 Reference value :  1.64353e-04
 Reference value :  1.94353e-04
 Reference value :  2.24353e-04
 Reference value :  2.54353e-04
 Reference value :  2.84353e-04
 Reference value :  3.14353e-04
 Reference value :  3.44353e-04
 Reference value :  3.84353e-04
 Reference value :  4.24353e-04
 Reference value :  4.64353e-04
 Reference value :  5.04353e-04
 Reference value :  5.44353e-04
 Reference value :  5.84353e-04
 Reference value :  6.14353e-04
 Reference value :  6.54353e-04
 Reference value :  7.04353e-04
 Reference value :  7.64353e-04
 Reference value :  8.14353e-04
 Reference value :  8.74353e-04
 Reference value :  9.34353e-04
 Reference value :  9.94353e-04
 Reference value :  1.04435e-03
 Reference value :  1.10435e-03
 Reference value :  1.15435e-03
 Reference value :  1.20435e-03
 Reference value :  1.24435e-03
 Reference value :  1.28435e-03
 Reference value :  1.31435e-03
 Reference value :  1.35435e-03
 Reference value :  1.38435e-03
 Reference value :  1.42435e-03
 Reference value :  1.45435e-03
 Reference value :  1.48435e-03
 Reference value :  1.52435e-03
 Reference value :  1.55435e-03
 Reference value :  1.58435e-03
 Reference value :  1.61435e-03
 Reference value :  1.64435e-03
 Reference value :  1.67435e-03
 Reference value :  1.70435e-03
 Reference value :  1.74435e-03
 Reference value :  1.78435e-03
 Reference value :  1.84435e-03
 Reference value :  1.89435e-03
 Reference value :  1.94435e-03
 Reference value :  2.00435e-03
 Reference value :  2.06435e-03
 Reference value :  2.11435e-03
 Reference value :  2.15435e-03
 Reference value :  2.19435e-03
 Reference value :  2.23435e-03
 Reference value :  2.28435e-03
 Reference value :  2.33435e-03
 Reference value :  2.39435e-03
 Reference value :  2.43435e-03
 Reference value :  2.46435e-03
 Reference value :  2.50435e-03
 Reference value :  2.54435e-03
 Reference value :  2.59435e-03
 Reference value :  2.63435e-03
 Reference value :  2.67435e-03
 Reference value :  2.71435e-03
 Reference value :  2.75435e-03
 Reference value :  2.80435e-03
 Reference value :  2.84435e-03
 Reference value :  2.88435e-03
 Reference value :  2.93435e-03
 Reference value :  2.98435e-03
 Reference value :  3.03435e-03
 Reference value :  3.09435e-03
 Reference value :  3.14435e-03
 Reference value :  3.20435e-03
 Reference value :  3.26435e-03
 Reference value :  3.31435e-03
 Reference value :  3.37435e-03
 Reference value :  3.41435e-03
 Reference value :  3.45435e-03
 Reference value :  3.48435e-03
 Reference value :  3.52435e-03
 Reference value :  3.55435e-03
 Reference value :  3.59435e-03
 Reference value :  3.62435e-03
 Reference value :  3.66435e-03
 Reference value :  3.69435e-03
 Reference value :  3.72435e-03
 Reference value :  3.75435e-03
 Reference value :  3.78435e-03
 Reference value :  3.81435e-03
 Reference value :  3.84435e-03
 Reference value :  3.87435e-03
 Reference value :  3.90435e-03
 Reference value :  3.94435e-03
 Reference value :  3.98435e-03
No. of Data Rows : 440
vpk                 =  1.79730e+00 at=  1.54435e-03
vfloor              =  1.79729e+00 at=  4.00000e-03
tset                =  6.95418e-04
meas_vpk_c033_0ma_v = 1.820902e+00
meas_vfloor_c033_0ma_v = 1.817199e+00
meas_tramp_c033_0ma_ms = 5.810929e-01
meas_vpk_c033_50ma_v = 1.797296e+00
meas_vfloor_c033_50ma_v = 1.797293e+00
meas_tramp_c033_50ma_ms = 6.108257e-01
meas_vpk_c47_0ma_v = 1.826882e+00
meas_vfloor_c47_0ma_v = 1.826602e+00
meas_tramp_c47_0ma_ms = 5.724088e-01
meas_vpk_c47_50ma_v = 1.797297e+00
meas_vfloor_c47_50ma_v = 1.797294e+00
meas_tramp_c47_50ma_ms = 5.954183e-01
ngspice-46 done

# ==== ngspice stderr ====
Note: Starting dynamic gmin stepping
Note: Dynamic gmin stepping completed
Note: Starting dynamic gmin stepping
Note: Dynamic gmin stepping completed
