# corner: fs_27c_2.97v
# process=fs temp=27C supply=2.97V
# ngspice exit: 0
# wall clock: 68.9s (--timeout was 300s)
# result: PASS

# ==== deck (exact input given to ngspice) ====
| * startup corner deck -- generated by sim/bin/corner-run.py, do not edit
| * corner: fs_27c_2.97v
| .param vsup=2.97
| .option wnflag=1
| .temp 27
| .lib "/home/ubuntu/.volare/sky130A/libs.tech/combined/sky130.lib.spice" fs
| ** sch_path: sim/startup/testbench/tb_startup.sch
| **.subckt tb_startup
| VVIN VIN 0 'vsup'
| .save i(vvin)
| VEN EN 0 PULSE(0 'vsup' 100u 1u 1u 100 200)
| .save i(ven)
| VVREF VREF 0 1.2
| .save i(vvref)
| xldo VOUT VREF EN VIN ldo_3v3in_1v8out
| COUT VOUT VESR 0.33u m=1
| RESR VESR 0 10m m=1
| RLOAD VOUT 0 1e12 m=1
| **.ends
| 
| * expanding   symbol:  design/ldo_3v3in_1v8out.sym # of pins=4
| ** sym_path: design/ldo_3v3in_1v8out.sym
| ** sch_path: design/ldo_3v3in_1v8out.sch
| .subckt ldo_3v3in_1v8out VOUT VREF EN VIN
| *.ipin VIN
| *.ipin EN
| *.ipin VREF
| *.opin VOUT
| XR_BIAS VIN NB 0 sky130_fd_pr__res_high_po W=0.42 L=1500 mult=1 m=1
| XM_BIASN1 NB NB BIAS_ENN 0 sky130_fd_pr__nfet_g5v0d10v5 L=1 W=4 nf=1 ad=1.16 as=1.16 pd=8.58 ps=8.58 nrd=0.0725 nrs=0.0725 sa=0
| + sb=0 sd=0 mult=1 m=1
| XM_ENN BIAS_ENN EN 0 0 sky130_fd_pr__nfet_g5v0d10v5 L=0.5 W=10 nf=1 ad=2.9 as=2.9 pd=20.58 ps=20.58 nrd=0.029 nrs=0.029 sa=0 sb=0
| + sd=0 mult=1 m=1
| XM_BIASN2 BIASP NB BIAS_ENN 0 sky130_fd_pr__nfet_g5v0d10v5 L=1 W=4 nf=1 ad=1.16 as=1.16 pd=8.58 ps=8.58 nrd=0.0725 nrs=0.0725 sa=0
| + sb=0 sd=0 mult=1 m=1
| XM_BIASP1 BIASP BIASP VIN VIN sky130_fd_pr__pfet_g5v0d10v5 L=1 W=10 nf=2 ad=1.45 as=2.9 pd=10.58 ps=21.16 nrd=0.029 nrs=0.029 sa=0
| + sb=0 sd=0 mult=1 m=1
| XM_ENP2 BIASP EN VIN VIN sky130_fd_pr__pfet_g5v0d10v5 L=0.5 W=10 nf=1 ad=2.9 as=2.9 pd=20.58 ps=20.58 nrd=0.029 nrs=0.029 sa=0
| + sb=0 sd=0 mult=1 m=1
| XM_TAIL EA_TAIL BIASP VIN VIN sky130_fd_pr__pfet_g5v0d10v5 L=2 W=40 nf=8 ad=5.8 as=7.25 pd=42.32 ps=52.9 nrd=0.00725 nrs=0.00725
| + sa=0 sb=0 sd=0 mult=1 m=1
| XM_IN1 EA_D1 FB EA_TAIL VIN sky130_fd_pr__pfet_g5v0d10v5 L=2 W=10 nf=2 ad=1.45 as=2.9 pd=10.58 ps=21.16 nrd=0.029 nrs=0.029 sa=0
| + sb=0 sd=0 mult=1 m=1
| XM_IN2 EA_D2 VREF EA_TAIL VIN sky130_fd_pr__pfet_g5v0d10v5 L=2 W=10 nf=2 ad=1.45 as=2.9 pd=10.58 ps=21.16 nrd=0.029 nrs=0.029 sa=0
| + sb=0 sd=0 mult=1 m=1
| XM_MIR1 EA_D1 EA_D1 AMP_ENN 0 sky130_fd_pr__nfet_g5v0d10v5 L=4 W=10 nf=2 ad=1.45 as=2.9 pd=10.58 ps=21.16 nrd=0.029 nrs=0.029 sa=0
| + sb=0 sd=0 mult=1 m=1
| XM_MIR2 EA_OUT EA_D1 AMP_ENN 0 sky130_fd_pr__nfet_g5v0d10v5 L=4 W=10 nf=2 ad=1.45 as=2.9 pd=10.58 ps=21.16 nrd=0.029 nrs=0.029
| + sa=0 sb=0 sd=0 mult=1 m=1
| XM_ENN2 AMP_ENN EN 0 0 sky130_fd_pr__nfet_g5v0d10v5 L=0.5 W=10 nf=1 ad=2.9 as=2.9 pd=20.58 ps=20.58 nrd=0.029 nrs=0.029 sa=0 sb=0
| + sd=0 mult=1 m=1
| XM_ENP EA_OUT EN VIN VIN sky130_fd_pr__pfet_g5v0d10v5 L=0.5 W=10 nf=1 ad=2.9 as=2.9 pd=20.58 ps=20.58 nrd=0.029 nrs=0.029 sa=0
| + sb=0 sd=0 mult=1 m=1
| XM_MIR3 EA_D2 EA_D2 AMP_ENN 0 sky130_fd_pr__nfet_g5v0d10v5 L=4 W=10 nf=2 ad=1.45 as=2.9 pd=10.58 ps=21.16 nrd=0.029 nrs=0.029 sa=0
| + sb=0 sd=0 mult=1 m=1
| XM_MIR4 PB EA_D2 AMP_ENN 0 sky130_fd_pr__nfet_g5v0d10v5 L=4 W=10 nf=2 ad=1.45 as=2.9 pd=10.58 ps=21.16 nrd=0.029 nrs=0.029 sa=0
| + sb=0 sd=0 mult=1 m=1
| XM_MIRP1 PB PB VIN VIN sky130_fd_pr__pfet_g5v0d10v5 L=4 W=20 nf=4 ad=2.9 as=4.35 pd=21.16 ps=31.74 nrd=0.0145 nrs=0.0145 sa=0 sb=0
| + sd=0 mult=1 m=1
| XM_MIRP2 EA_OUT PB VIN VIN sky130_fd_pr__pfet_g5v0d10v5 L=4 W=20 nf=4 ad=2.9 as=4.35 pd=21.16 ps=31.74 nrd=0.0145 nrs=0.0145 sa=0
| + sb=0 sd=0 mult=1 m=1
| XM_ENP5 PB EN VIN VIN sky130_fd_pr__pfet_g5v0d10v5 L=0.5 W=2 nf=1 ad=0.58 as=0.58 pd=4.58 ps=4.58 nrd=0.145 nrs=0.145 sa=0 sb=0
| + sd=0 mult=1 m=1
| XM_PASS VOUT EA_OUT VIN VIN sky130_fd_pr__pfet_g5v0d10v5 L=0.5 W=100 nf=25 ad=15.08 as=15.08 pd=111.54 ps=111.54 nrd=0.0029
| + nrs=0.0029 sa=0 sb=0 sd=0 mult=25 m=25
| C_COMP VOUT EA_CZ 150p m=1
| XR_CZ EA_CZ EA_OUT 0 sky130_fd_pr__res_xhigh_po W=0.42 L=52 mult=1 m=1
| XR_FB_A VOUT FB 0 sky130_fd_pr__res_xhigh_po W=0.42 L=180 mult=1 m=1
| XR_FB_B FB N_FBB 0 sky130_fd_pr__res_xhigh_po W=0.42 L=180 mult=1 m=1
| XR_FB_C N_FBB 0 0 sky130_fd_pr__res_xhigh_po W=0.42 L=180 mult=1 m=1
| XM_SENSE CL_SNS EA_OUT VIN VIN sky130_fd_pr__pfet_g5v0d10v5 L=0.5 W=0.42 nf=1 ad=0.1218 as=0.1218 pd=1.42 ps=1.42
| + nrd=0.69047619047619 nrs=0.69047619047619 sa=0 sb=0 sd=0 mult=1 m=1
| XM_CLN1 CL_SNS CL_SNS AMP_ENN 0 sky130_fd_pr__nfet_g5v0d10v5 L=1 W=20 nf=1 ad=5.8 as=5.8 pd=40.58 ps=40.58 nrd=0.0145 nrs=0.0145
| + sa=0 sb=0 sd=0 mult=1 m=1
| XM_CLN2 CL_CMP CL_SNS AMP_ENN 0 sky130_fd_pr__nfet_g5v0d10v5 L=1 W=1.6 nf=1 ad=0.464 as=0.464 pd=3.78 ps=3.78 nrd=0.18125
| + nrs=0.18125 sa=0 sb=0 sd=0 mult=1 m=1
| XM_CLP CL_CMP BIASP VIN VIN sky130_fd_pr__pfet_g5v0d10v5 L=1 W=10 nf=2 ad=1.45 as=2.9 pd=10.58 ps=21.16 nrd=0.029 nrs=0.029 sa=0
| + sb=0 sd=0 mult=1 m=1
| XM_CLIM EA_OUT CL_CMP VIN VIN sky130_fd_pr__pfet_g5v0d10v5 L=0.5 W=20 nf=4 ad=2.9 as=4.35 pd=21.16 ps=31.74 nrd=0.0145 nrs=0.0145
| + sa=0 sb=0 sd=0 mult=1 m=1
| XM_ENP3 CL_CMP EN VIN VIN sky130_fd_pr__pfet_g5v0d10v5 L=0.5 W=2 nf=1 ad=0.58 as=0.58 pd=4.58 ps=4.58 nrd=0.145 nrs=0.145 sa=0
| + sb=0 sd=0 mult=1 m=1
| C_CL VIN CL_CMP 1p m=1
| XM_INVP ENB EN VIN VIN sky130_fd_pr__pfet_g5v0d10v5 L=0.5 W=2 nf=1 ad=0.58 as=0.58 pd=4.58 ps=4.58 nrd=0.145 nrs=0.145 sa=0 sb=0
| + sd=0 mult=1 m=1
| XM_INVN ENB EN 0 0 sky130_fd_pr__nfet_g5v0d10v5 L=0.5 W=1 nf=1 ad=0.29 as=0.29 pd=2.58 ps=2.58 nrd=0.29 nrs=0.29 sa=0 sb=0 sd=0
| + mult=1 m=1
| XM_SSDIS SS ENB 0 0 sky130_fd_pr__nfet_g5v0d10v5 L=0.5 W=2 nf=1 ad=0.58 as=0.58 pd=4.58 ps=4.58 nrd=0.145 nrs=0.145 sa=0 sb=0 sd=0
| + mult=1 m=1
| XM_SSCHG SS BIASP VIN VIN sky130_fd_pr__pfet_g5v0d10v5 L=8 W=1 nf=1 ad=0.29 as=0.29 pd=2.58 ps=2.58 nrd=0.29 nrs=0.29 sa=0 sb=0
| + sd=0 mult=1 m=1
| C_SS SS 0 10p m=1
| XM_IN2S EA_D2 SS EA_TAIL VIN sky130_fd_pr__pfet_g5v0d10v5 L=2 W=10 nf=2 ad=1.45 as=2.9 pd=10.58 ps=21.16 nrd=0.029 nrs=0.029 sa=0
| + sb=0 sd=0 mult=1 m=1
| XM_TSPS TS_SNS BIASP VIN VIN sky130_fd_pr__pfet_g5v0d10v5 L=1 W=2.5 nf=1 ad=0.725 as=0.725 pd=5.58 ps=5.58 nrd=0.116 nrs=0.116
| + sa=0 sb=0 sd=0 mult=1 m=1
| XM_TSD1 TS_SNS TS_SNS TS_MID 0 sky130_fd_pr__nfet_g5v0d10v5 L=1 W=80 nf=16 ad=11.6 as=13.05 pd=84.64 ps=95.22 nrd=0.003625
| + nrs=0.003625 sa=0 sb=0 sd=0 mult=1 m=1
| XM_TSD2 TS_MID TS_MID AMP_ENN 0 sky130_fd_pr__nfet_g5v0d10v5 L=1 W=80 nf=16 ad=11.6 as=13.05 pd=84.64 ps=95.22 nrd=0.003625
| + nrs=0.003625 sa=0 sb=0 sd=0 mult=1 m=1
| XM_TSPR TS_REF BIASP VIN VIN sky130_fd_pr__pfet_g5v0d10v5 L=1 W=2.5 nf=1 ad=0.725 as=0.725 pd=5.58 ps=5.58 nrd=0.116 nrs=0.116
| + sa=0 sb=0 sd=0 mult=1 m=1
| XM_TSR1 TS_REF TS_REF AMP_ENN 0 sky130_fd_pr__nfet_g5v0d10v5 L=10 W=2 nf=1 ad=0.58 as=0.58 pd=4.58 ps=4.58 nrd=0.145 nrs=0.145
| + sa=0 sb=0 sd=0 mult=1 m=1
| XM_TCTAIL TC_TAIL NB AMP_ENN 0 sky130_fd_pr__nfet_g5v0d10v5 L=1 W=1 nf=1 ad=0.29 as=0.29 pd=2.58 ps=2.58 nrd=0.29 nrs=0.29 sa=0
| + sb=0 sd=0 mult=1 m=1
| XM_TCN1 TC_D1 TS_SNS TC_TAIL 0 sky130_fd_pr__nfet_g5v0d10v5 L=2 W=10 nf=2 ad=1.45 as=2.9 pd=10.58 ps=21.16 nrd=0.029 nrs=0.029
| + sa=0 sb=0 sd=0 mult=1 m=1
| XM_TCN2 TS_CMP TS_REF TC_TAIL 0 sky130_fd_pr__nfet_g5v0d10v5 L=2 W=10 nf=2 ad=1.45 as=2.9 pd=10.58 ps=21.16 nrd=0.029 nrs=0.029
| + sa=0 sb=0 sd=0 mult=1 m=1
| XM_TCP1 TC_D1 TC_D1 VIN VIN sky130_fd_pr__pfet_g5v0d10v5 L=2 W=10 nf=2 ad=1.45 as=2.9 pd=10.58 ps=21.16 nrd=0.029 nrs=0.029 sa=0
| + sb=0 sd=0 mult=1 m=1
| XM_TCP2 TS_CMP TC_D1 VIN VIN sky130_fd_pr__pfet_g5v0d10v5 L=2 W=10 nf=2 ad=1.45 as=2.9 pd=10.58 ps=21.16 nrd=0.029 nrs=0.029 sa=0
| + sb=0 sd=0 mult=1 m=1
| XM_TSHUT EA_OUT TS_CMP VIN VIN sky130_fd_pr__pfet_g5v0d10v5 L=0.5 W=20 nf=4 ad=2.9 as=4.35 pd=21.16 ps=31.74 nrd=0.0145 nrs=0.0145
| + sa=0 sb=0 sd=0 mult=1 m=1
| XM_TSHYSB TS_HYS BIASP VIN VIN sky130_fd_pr__pfet_g5v0d10v5 L=2 W=1.5 nf=1 ad=0.435 as=0.435 pd=3.58 ps=3.58 nrd=0.193333333333333
| + nrs=0.193333333333333 sa=0 sb=0 sd=0 mult=1 m=1
| XM_TSHYS TS_REF TS_CMP TS_HYS VIN sky130_fd_pr__pfet_g5v0d10v5 L=0.5 W=2 nf=1 ad=0.58 as=0.58 pd=4.58 ps=4.58 nrd=0.145 nrs=0.145
| + sa=0 sb=0 sd=0 mult=1 m=1
| XM_ENP4 TS_CMP EN VIN VIN sky130_fd_pr__pfet_g5v0d10v5 L=0.5 W=2 nf=1 ad=0.58 as=0.58 pd=4.58 ps=4.58 nrd=0.145 nrs=0.145 sa=0
| + sb=0 sd=0 mult=1 m=1
| C_TS VIN TS_CMP 1p m=1
| .ends
| 
| .control
| save all
| * --- leg 1: C_out 0.33uF, 0 mA (feedback divider is the only preload) ---
| tran 10u 4m
| meas tran vpk max v(vout) from=100u to=4m
| meas tran vfloor min v(vout) from=3.1m to=4m
| meas tran tset when v(vout)=1.764 rise=1
| * --- leg 2: C_out 0.33uF, 50 mA ---
| alter rload = 36
| tran 10u 4m
| meas tran vpk max v(vout) from=100u to=4m
| meas tran vfloor min v(vout) from=3.1m to=4m
| meas tran tset when v(vout)=1.764 rise=1
| * --- leg 3: C_out 4.7uF, 0 mA ---
| alter cout = 4.7u
| alter rload = 1e12
| tran 10u 4m
| meas tran vpk max v(vout) from=100u to=4m
| meas tran vfloor min v(vout) from=3.1m to=4m
| meas tran tset when v(vout)=1.764 rise=1
| * --- leg 4: C_out 4.7uF, 50 mA ---
| alter rload = 36
| tran 10u 4m
| meas tran vpk max v(vout) from=100u to=4m
| meas tran vfloor min v(vout) from=3.1m to=4m
| meas tran tset when v(vout)=1.764 rise=1
| let meas_vpk_c033_0ma_v = tran1.vpk
| let meas_vfloor_c033_0ma_v = tran1.vfloor
| let meas_tramp_c033_0ma_ms = 1000*(tran1.tset - 100u)
| let meas_vpk_c033_50ma_v = tran2.vpk
| let meas_vfloor_c033_50ma_v = tran2.vfloor
| let meas_tramp_c033_50ma_ms = 1000*(tran2.tset - 100u)
| let meas_vpk_c47_0ma_v = tran3.vpk
| let meas_vfloor_c47_0ma_v = tran3.vfloor
| let meas_tramp_c47_0ma_ms = 1000*(tran3.tset - 100u)
| let meas_vpk_c47_50ma_v = tran4.vpk
| let meas_vfloor_c47_50ma_v = tran4.vfloor
| let meas_tramp_c47_50ma_ms = 1000*(tran4.tset - 100u)
| print meas_vpk_c033_0ma_v
| print meas_vfloor_c033_0ma_v
| print meas_tramp_c033_0ma_ms
| print meas_vpk_c033_50ma_v
| print meas_vfloor_c033_50ma_v
| print meas_tramp_c033_50ma_ms
| print meas_vpk_c47_0ma_v
| print meas_vfloor_c47_0ma_v
| print meas_tramp_c47_0ma_ms
| print meas_vpk_c47_50ma_v
| print meas_vfloor_c47_50ma_v
| print meas_tramp_c47_50ma_ms
| quit
| .endc
| .end

# ==== ngspice stdout ====

Note: Compatibility modes selected: hs a


Circuit: * startup corner deck -- generated by sim/bin/corner-run.py, do not edit

option SCALE: Scale is set to 1e-06 for instance and model parameters
option SCALE: Scale is set to 1e-06 for instance and model parameters
option SCALE: Scale is set to 1e-06 for instance and model parameters
option SCALE: Scale is set to 1e-06 for instance and model parameters
Doing analysis at TEMP = 27.000000 and TNOM = 27.000000

Using KLU as Direct Linear Solver
 Reference value :  0.00000e+00
 Reference value :  4.00000e-07
 Reference value :  3.20000e-06
 Reference value :  3.28000e-05
 Reference value :  6.28000e-05
 Reference value :  1.00000e-04
 Reference value :  1.00300e-04
 Reference value :  1.00414e-04
 Reference value :  1.00504e-04
 Reference value :  1.00562e-04
 Reference value :  1.00778e-04
 Reference value :  1.00908e-04
 Reference value :  1.01005e-04
 Reference value :  1.01065e-04
 Reference value :  1.01545e-04
 Reference value :  1.03203e-04
 Reference value :  1.24129e-04
 Reference value :  1.34129e-04
 Reference value :  1.63527e-04
 Reference value :  2.03527e-04
 Reference value :  2.43527e-04
 Reference value :  2.73527e-04
 Reference value :  3.13527e-04
 Reference value :  3.43527e-04
 Reference value :  3.73527e-04
 Reference value :  4.03527e-04
 Reference value :  4.43527e-04
 Reference value :  4.73527e-04
 Reference value :  5.03527e-04
 Reference value :  5.33527e-04
 Reference value :  5.73527e-04
 Reference value :  6.13527e-04
 Reference value :  6.53527e-04
 Reference value :  6.93527e-04
 Reference value :  7.33527e-04
 Reference value :  7.73527e-04
 Reference value :  8.33527e-04
 Reference value :  8.93527e-04
 Reference value :  9.43527e-04
 Reference value :  1.00353e-03
 Reference value :  1.04353e-03
 Reference value :  1.08353e-03
 Reference value :  1.11353e-03
 Reference value :  1.15353e-03
 Reference value :  1.18353e-03
 Reference value :  1.21353e-03
 Reference value :  1.27353e-03
 Reference value :  1.33353e-03
 Reference value :  1.39353e-03
 Reference value :  1.43353e-03
 Reference value :  1.47353e-03
 Reference value :  1.53353e-03
 Reference value :  1.59353e-03
 Reference value :  1.64353e-03
 Reference value :  1.69353e-03
 Reference value :  1.74353e-03
 Reference value :  1.79353e-03
 Reference value :  1.83353e-03
 Reference value :  1.87353e-03
 Reference value :  1.92353e-03
 Reference value :  1.96353e-03
 Reference value :  2.00353e-03
 Reference value :  2.05353e-03
 Reference value :  2.11353e-03
 Reference value :  2.17353e-03
 Reference value :  2.22353e-03
 Reference value :  2.27353e-03
 Reference value :  2.32353e-03
 Reference value :  2.38353e-03
 Reference value :  2.44353e-03
 Reference value :  2.49353e-03
 Reference value :  2.53353e-03
 Reference value :  2.57353e-03
 Reference value :  2.61353e-03
 Reference value :  2.67353e-03
 Reference value :  2.72353e-03
 Reference value :  2.78353e-03
 Reference value :  2.84353e-03
 Reference value :  2.90353e-03
 Reference value :  2.96353e-03
 Reference value :  3.02353e-03
 Reference value :  3.08353e-03
 Reference value :  3.14353e-03
 Reference value :  3.20353e-03
 Reference value :  3.26353e-03
 Reference value :  3.31353e-03
 Reference value :  3.35353e-03
 Reference value :  3.40353e-03
 Reference value :  3.45353e-03
 Reference value :  3.50353e-03
 Reference value :  3.56353e-03
 Reference value :  3.61353e-03
 Reference value :  3.66353e-03
 Reference value :  3.72353e-03
 Reference value :  3.78353e-03
 Reference value :  3.83353e-03
 Reference value :  3.89353e-03
 Reference value :  3.94353e-03
 Reference value :  4.00000e-03
No. of Data Rows : 434
vpk                 =  1.81469e+00 at=  8.43527e-04
vfloor              =  1.80939e+00 at=  4.00000e-03
tset                =  5.29916e-04
Doing analysis at TEMP = 27.000000 and TNOM = 27.000000

Using KLU as Direct Linear Solver
 Reference value :  0.00000e+00
 Reference value :  1.60000e-06
 Reference value :  3.28000e-05
 Reference value :  8.28000e-05
 Reference value :  1.00300e-04
 Reference value :  1.00414e-04
 Reference value :  1.00504e-04
 Reference value :  1.00562e-04
 Reference value :  1.00700e-04
 Reference value :  1.00858e-04
 Reference value :  1.00909e-04
 Reference value :  1.01005e-04
 Reference value :  1.01065e-04
 Reference value :  1.01356e-04
 Reference value :  1.02034e-04
 Reference value :  1.07884e-04
 Reference value :  1.19465e-04
 Reference value :  1.24183e-04
 Reference value :  1.39978e-04
 Reference value :  1.54190e-04
 Reference value :  1.84190e-04
 Reference value :  2.14190e-04
 Reference value :  2.44190e-04
 Reference value :  2.84190e-04
 Reference value :  3.24190e-04
 Reference value :  3.64190e-04
 Reference value :  3.94190e-04
 Reference value :  4.34190e-04
 Reference value :  4.74190e-04
 Reference value :  5.14190e-04
 Reference value :  5.54190e-04
 Reference value :  5.84190e-04
 Reference value :  6.24190e-04
 Reference value :  6.64190e-04
 Reference value :  7.14190e-04
 Reference value :  7.64190e-04
 Reference value :  8.14190e-04
 Reference value :  8.74190e-04
 Reference value :  9.14190e-04
 Reference value :  9.64190e-04
 Reference value :  1.01419e-03
 Reference value :  1.07419e-03
 Reference value :  1.13419e-03
 Reference value :  1.19419e-03
 Reference value :  1.25419e-03
 Reference value :  1.31419e-03
 Reference value :  1.35419e-03
 Reference value :  1.40419e-03
 Reference value :  1.46419e-03
 Reference value :  1.51419e-03
 Reference value :  1.55419e-03
 Reference value :  1.59419e-03
 Reference value :  1.63419e-03
 Reference value :  1.67419e-03
 Reference value :  1.71419e-03
 Reference value :  1.74419e-03
 Reference value :  1.78419e-03
 Reference value :  1.82419e-03
 Reference value :  1.86419e-03
 Reference value :  1.90419e-03
 Reference value :  1.94419e-03
 Reference value :  1.99419e-03
 Reference value :  2.04419e-03
 Reference value :  2.10419e-03
 Reference value :  2.15419e-03
 Reference value :  2.20419e-03
 Reference value :  2.25419e-03
 Reference value :  2.30419e-03
 Reference value :  2.35419e-03
 Reference value :  2.40419e-03
 Reference value :  2.44419e-03
 Reference value :  2.48419e-03
 Reference value :  2.53419e-03
 Reference value :  2.59419e-03
 Reference value :  2.64419e-03
 Reference value :  2.69419e-03
 Reference value :  2.74419e-03
 Reference value :  2.79419e-03
 Reference value :  2.84419e-03
 Reference value :  2.89419e-03
 Reference value :  2.94419e-03
 Reference value :  3.00419e-03
 Reference value :  3.05419e-03
 Reference value :  3.10419e-03
 Reference value :  3.14419e-03
 Reference value :  3.18419e-03
 Reference value :  3.23419e-03
 Reference value :  3.28419e-03
 Reference value :  3.33419e-03
 Reference value :  3.38419e-03
 Reference value :  3.43419e-03
 Reference value :  3.48419e-03
 Reference value :  3.53419e-03
 Reference value :  3.58419e-03
 Reference value :  3.63419e-03
 Reference value :  3.68419e-03
 Reference value :  3.73419e-03
 Reference value :  3.78419e-03
 Reference value :  3.83419e-03
 Reference value :  3.87419e-03
 Reference value :  3.91419e-03
 Reference value :  3.96419e-03
No. of Data Rows : 437
vpk                 =  1.79796e+00 at=  1.21419e-03
vfloor              =  1.79793e+00 at=  3.99209e-03
tset                =  5.54818e-04
Doing analysis at TEMP = 27.000000 and TNOM = 27.000000

Using KLU as Direct Linear Solver
 Reference value :  0.00000e+00
 Reference value :  8.00000e-07
 Reference value :  1.28000e-05
 Reference value :  5.28000e-05
 Reference value :  9.14000e-05
 Reference value :  1.00300e-04
 Reference value :  1.00414e-04
 Reference value :  1.00504e-04
 Reference value :  1.00627e-04
 Reference value :  1.00857e-04
 Reference value :  1.00908e-04
 Reference value :  1.01005e-04
 Reference value :  1.01065e-04
 Reference value :  1.01356e-04
 Reference value :  1.02033e-04
 Reference value :  1.07886e-04
 Reference value :  1.24129e-04
 Reference value :  1.34129e-04
 Reference value :  1.64129e-04
 Reference value :  2.04129e-04
 Reference value :  2.54129e-04
 Reference value :  2.94129e-04
 Reference value :  3.34129e-04
 Reference value :  3.74129e-04
 Reference value :  4.14129e-04
 Reference value :  4.54129e-04
 Reference value :  4.94129e-04
 Reference value :  5.34129e-04
 Reference value :  5.74129e-04
 Reference value :  6.14129e-04
 Reference value :  6.54129e-04
 Reference value :  6.94129e-04
 Reference value :  7.34129e-04
 Reference value :  7.74129e-04
 Reference value :  8.14129e-04
 Reference value :  8.74129e-04
 Reference value :  9.24129e-04
 Reference value :  9.74129e-04
 Reference value :  1.02413e-03
 Reference value :  1.07413e-03
 Reference value :  1.10413e-03
 Reference value :  1.13413e-03
 Reference value :  1.17413e-03
 Reference value :  1.20413e-03
 Reference value :  1.23413e-03
 Reference value :  1.28413e-03
 Reference value :  1.32413e-03
 Reference value :  1.37413e-03
 Reference value :  1.41413e-03
 Reference value :  1.46413e-03
 Reference value :  1.51413e-03
 Reference value :  1.54413e-03
 Reference value :  1.59413e-03
 Reference value :  1.64413e-03
 Reference value :  1.69413e-03
 Reference value :  1.75413e-03
 Reference value :  1.80413e-03
 Reference value :  1.84413e-03
 Reference value :  1.89413e-03
 Reference value :  1.92413e-03
 Reference value :  1.95413e-03
 Reference value :  1.99413e-03
 Reference value :  2.03413e-03
 Reference value :  2.07413e-03
 Reference value :  2.12413e-03
 Reference value :  2.18413e-03
 Reference value :  2.24413e-03
 Reference value :  2.29413e-03
 Reference value :  2.35413e-03
 Reference value :  2.40413e-03
 Reference value :  2.45413e-03
 Reference value :  2.49413e-03
 Reference value :  2.53413e-03
 Reference value :  2.59413e-03
 Reference value :  2.64413e-03
 Reference value :  2.68413e-03
 Reference value :  2.72413e-03
 Reference value :  2.76413e-03
 Reference value :  2.81413e-03
 Reference value :  2.86413e-03
 Reference value :  2.91413e-03
 Reference value :  2.96413e-03
 Reference value :  3.01413e-03
 Reference value :  3.06413e-03
 Reference value :  3.10413e-03
 Reference value :  3.15413e-03
 Reference value :  3.20413e-03
 Reference value :  3.25413e-03
 Reference value :  3.29413e-03
 Reference value :  3.34413e-03
 Reference value :  3.39413e-03
 Reference value :  3.43413e-03
 Reference value :  3.48413e-03
 Reference value :  3.53413e-03
 Reference value :  3.58413e-03
 Reference value :  3.63413e-03
 Reference value :  3.67413e-03
 Reference value :  3.72413e-03
 Reference value :  3.76413e-03
 Reference value :  3.80413e-03
 Reference value :  3.85413e-03
 Reference value :  3.91413e-03
 Reference value :  3.97413e-03
No. of Data Rows : 434
vpk                 =  1.82416e+00 at=  8.24129e-04
vfloor              =  1.82378e+00 at=  4.00000e-03
tset                =  5.20706e-04
Doing analysis at TEMP = 27.000000 and TNOM = 27.000000

Using KLU as Direct Linear Solver
 Reference value :  0.00000e+00
 Reference value :  1.60000e-06
 Reference value :  3.28000e-05
 Reference value :  8.28000e-05
 Reference value :  1.00300e-04
 Reference value :  1.00414e-04
 Reference value :  1.00496e-04
 Reference value :  1.00553e-04
 Reference value :  1.00742e-04
 Reference value :  1.00810e-04
 Reference value :  1.00860e-04
 Reference value :  1.00901e-04
 Reference value :  1.00939e-04
 Reference value :  1.01005e-04
 Reference value :  1.01144e-04
 Reference value :  1.02139e-04
 Reference value :  1.15898e-04
 Reference value :  1.22294e-04
 Reference value :  1.29411e-04
 Reference value :  1.50558e-04
 Reference value :  1.89428e-04
 Reference value :  2.29428e-04
 Reference value :  2.79428e-04
 Reference value :  3.19428e-04
 Reference value :  3.69428e-04
 Reference value :  4.19428e-04
 Reference value :  4.69428e-04
 Reference value :  5.29428e-04
 Reference value :  5.89428e-04
 Reference value :  6.39428e-04
 Reference value :  6.99428e-04
 Reference value :  7.49428e-04
 Reference value :  7.99428e-04
 Reference value :  8.49428e-04
 Reference value :  8.99428e-04
 Reference value :  9.49428e-04
 Reference value :  9.99428e-04
 Reference value :  1.04943e-03
 Reference value :  1.09943e-03
 Reference value :  1.14943e-03
 Reference value :  1.19943e-03
 Reference value :  1.24943e-03
 Reference value :  1.29943e-03
 Reference value :  1.33943e-03
 Reference value :  1.37943e-03
 Reference value :  1.43943e-03
 Reference value :  1.48943e-03
 Reference value :  1.54943e-03
 Reference value :  1.60943e-03
 Reference value :  1.66943e-03
 Reference value :  1.72943e-03
 Reference value :  1.78943e-03
 Reference value :  1.83943e-03
 Reference value :  1.87943e-03
 Reference value :  1.91943e-03
 Reference value :  1.97943e-03
 Reference value :  2.02943e-03
 Reference value :  2.06943e-03
 Reference value :  2.09943e-03
 Reference value :  2.14943e-03
 Reference value :  2.19943e-03
 Reference value :  2.23943e-03
 Reference value :  2.27943e-03
 Reference value :  2.32943e-03
 Reference value :  2.37943e-03
 Reference value :  2.42943e-03
 Reference value :  2.47943e-03
 Reference value :  2.52943e-03
 Reference value :  2.56943e-03
 Reference value :  2.60943e-03
 Reference value :  2.64943e-03
 Reference value :  2.68943e-03
 Reference value :  2.72943e-03
 Reference value :  2.77943e-03
 Reference value :  2.82943e-03
 Reference value :  2.87943e-03
 Reference value :  2.91943e-03
 Reference value :  2.95943e-03
 Reference value :  2.99943e-03
 Reference value :  3.03943e-03
 Reference value :  3.08943e-03
 Reference value :  3.13943e-03
 Reference value :  3.18943e-03
 Reference value :  3.23943e-03
 Reference value :  3.27943e-03
 Reference value :  3.31943e-03
 Reference value :  3.34943e-03
 Reference value :  3.38943e-03
 Reference value :  3.42943e-03
 Reference value :  3.47943e-03
 Reference value :  3.52943e-03
 Reference value :  3.58943e-03
 Reference value :  3.64943e-03
 Reference value :  3.69943e-03
 Reference value :  3.72943e-03
 Reference value :  3.76943e-03
 Reference value :  3.80943e-03
 Reference value :  3.84943e-03
 Reference value :  3.88943e-03
 Reference value :  3.92943e-03
 Reference value :  3.96943e-03
No. of Data Rows : 438
vpk                 =  1.79789e+00 at=  1.50943e-03
vfloor              =  1.79789e+00 at=  4.00000e-03
tset                =  5.37696e-04
meas_vpk_c033_0ma_v = 1.814687e+00
meas_vfloor_c033_0ma_v = 1.809386e+00
meas_tramp_c033_0ma_ms = 4.299161e-01
meas_vpk_c033_50ma_v = 1.797961e+00
meas_vfloor_c033_50ma_v = 1.797932e+00
meas_tramp_c033_50ma_ms = 4.548185e-01
meas_vpk_c47_0ma_v = 1.824160e+00
meas_vfloor_c47_0ma_v = 1.823782e+00
meas_tramp_c47_0ma_ms = 4.207063e-01
meas_vpk_c47_50ma_v = 1.797891e+00
meas_vfloor_c47_50ma_v = 1.797891e+00
meas_tramp_c47_50ma_ms = 4.376955e-01
ngspice-46 done

# ==== ngspice stderr ====
Note: Starting dynamic gmin stepping
Note: Dynamic gmin stepping completed
Note: Starting dynamic gmin stepping
Note: Dynamic gmin stepping completed
Note: Starting dynamic gmin stepping
Note: Dynamic gmin stepping completed
Note: Starting dynamic gmin stepping
Note: Dynamic gmin stepping completed
