# corner: fs_27c_3.30v
# process=fs temp=27C supply=3.30V
# ngspice exit: 0
# wall clock: 70.3s (--timeout was 300s)
# result: PASS

# ==== deck (exact input given to ngspice) ====
| * startup corner deck -- generated by sim/bin/corner-run.py, do not edit
| * corner: fs_27c_3.30v
| .param vsup=3.3
| .option wnflag=1
| .temp 27
| .lib "/home/ubuntu/.volare/sky130A/libs.tech/combined/sky130.lib.spice" fs
| ** sch_path: sim/startup/testbench/tb_startup.sch
| **.subckt tb_startup
| VVIN VIN 0 'vsup'
| .save i(vvin)
| VEN EN 0 PULSE(0 'vsup' 100u 1u 1u 100 200)
| .save i(ven)
| VVREF VREF 0 1.2
| .save i(vvref)
| xldo VOUT VREF EN VIN ldo_3v3in_1v8out
| COUT VOUT VESR 0.33u m=1
| RESR VESR 0 10m m=1
| RLOAD VOUT 0 1e12 m=1
| **.ends
| 
| * expanding   symbol:  design/ldo_3v3in_1v8out.sym # of pins=4
| ** sym_path: design/ldo_3v3in_1v8out.sym
| ** sch_path: design/ldo_3v3in_1v8out.sch
| .subckt ldo_3v3in_1v8out VOUT VREF EN VIN
| *.ipin VIN
| *.ipin EN
| *.ipin VREF
| *.opin VOUT
| XR_BIAS VIN NB 0 sky130_fd_pr__res_high_po W=0.42 L=1500 mult=1 m=1
| XM_BIASN1 NB NB BIAS_ENN 0 sky130_fd_pr__nfet_g5v0d10v5 L=1 W=4 nf=1 ad=1.16 as=1.16 pd=8.58 ps=8.58 nrd=0.0725 nrs=0.0725 sa=0
| + sb=0 sd=0 mult=1 m=1
| XM_ENN BIAS_ENN EN 0 0 sky130_fd_pr__nfet_g5v0d10v5 L=0.5 W=10 nf=1 ad=2.9 as=2.9 pd=20.58 ps=20.58 nrd=0.029 nrs=0.029 sa=0 sb=0
| + sd=0 mult=1 m=1
| XM_BIASN2 BIASP NB BIAS_ENN 0 sky130_fd_pr__nfet_g5v0d10v5 L=1 W=4 nf=1 ad=1.16 as=1.16 pd=8.58 ps=8.58 nrd=0.0725 nrs=0.0725 sa=0
| + sb=0 sd=0 mult=1 m=1
| XM_BIASP1 BIASP BIASP VIN VIN sky130_fd_pr__pfet_g5v0d10v5 L=1 W=10 nf=2 ad=1.45 as=2.9 pd=10.58 ps=21.16 nrd=0.029 nrs=0.029 sa=0
| + sb=0 sd=0 mult=1 m=1
| XM_ENP2 BIASP EN VIN VIN sky130_fd_pr__pfet_g5v0d10v5 L=0.5 W=10 nf=1 ad=2.9 as=2.9 pd=20.58 ps=20.58 nrd=0.029 nrs=0.029 sa=0
| + sb=0 sd=0 mult=1 m=1
| XM_TAIL EA_TAIL BIASP VIN VIN sky130_fd_pr__pfet_g5v0d10v5 L=2 W=40 nf=8 ad=5.8 as=7.25 pd=42.32 ps=52.9 nrd=0.00725 nrs=0.00725
| + sa=0 sb=0 sd=0 mult=1 m=1
| XM_IN1 EA_D1 FB EA_TAIL VIN sky130_fd_pr__pfet_g5v0d10v5 L=2 W=10 nf=2 ad=1.45 as=2.9 pd=10.58 ps=21.16 nrd=0.029 nrs=0.029 sa=0
| + sb=0 sd=0 mult=1 m=1
| XM_IN2 EA_D2 VREF EA_TAIL VIN sky130_fd_pr__pfet_g5v0d10v5 L=2 W=10 nf=2 ad=1.45 as=2.9 pd=10.58 ps=21.16 nrd=0.029 nrs=0.029 sa=0
| + sb=0 sd=0 mult=1 m=1
| XM_MIR1 EA_D1 EA_D1 AMP_ENN 0 sky130_fd_pr__nfet_g5v0d10v5 L=4 W=10 nf=2 ad=1.45 as=2.9 pd=10.58 ps=21.16 nrd=0.029 nrs=0.029 sa=0
| + sb=0 sd=0 mult=1 m=1
| XM_MIR2 EA_OUT EA_D1 AMP_ENN 0 sky130_fd_pr__nfet_g5v0d10v5 L=4 W=10 nf=2 ad=1.45 as=2.9 pd=10.58 ps=21.16 nrd=0.029 nrs=0.029
| + sa=0 sb=0 sd=0 mult=1 m=1
| XM_ENN2 AMP_ENN EN 0 0 sky130_fd_pr__nfet_g5v0d10v5 L=0.5 W=10 nf=1 ad=2.9 as=2.9 pd=20.58 ps=20.58 nrd=0.029 nrs=0.029 sa=0 sb=0
| + sd=0 mult=1 m=1
| XM_ENP EA_OUT EN VIN VIN sky130_fd_pr__pfet_g5v0d10v5 L=0.5 W=10 nf=1 ad=2.9 as=2.9 pd=20.58 ps=20.58 nrd=0.029 nrs=0.029 sa=0
| + sb=0 sd=0 mult=1 m=1
| XM_MIR3 EA_D2 EA_D2 AMP_ENN 0 sky130_fd_pr__nfet_g5v0d10v5 L=4 W=10 nf=2 ad=1.45 as=2.9 pd=10.58 ps=21.16 nrd=0.029 nrs=0.029 sa=0
| + sb=0 sd=0 mult=1 m=1
| XM_MIR4 PB EA_D2 AMP_ENN 0 sky130_fd_pr__nfet_g5v0d10v5 L=4 W=10 nf=2 ad=1.45 as=2.9 pd=10.58 ps=21.16 nrd=0.029 nrs=0.029 sa=0
| + sb=0 sd=0 mult=1 m=1
| XM_MIRP1 PB PB VIN VIN sky130_fd_pr__pfet_g5v0d10v5 L=4 W=20 nf=4 ad=2.9 as=4.35 pd=21.16 ps=31.74 nrd=0.0145 nrs=0.0145 sa=0 sb=0
| + sd=0 mult=1 m=1
| XM_MIRP2 EA_OUT PB VIN VIN sky130_fd_pr__pfet_g5v0d10v5 L=4 W=20 nf=4 ad=2.9 as=4.35 pd=21.16 ps=31.74 nrd=0.0145 nrs=0.0145 sa=0
| + sb=0 sd=0 mult=1 m=1
| XM_ENP5 PB EN VIN VIN sky130_fd_pr__pfet_g5v0d10v5 L=0.5 W=2 nf=1 ad=0.58 as=0.58 pd=4.58 ps=4.58 nrd=0.145 nrs=0.145 sa=0 sb=0
| + sd=0 mult=1 m=1
| XM_PASS VOUT EA_OUT VIN VIN sky130_fd_pr__pfet_g5v0d10v5 L=0.5 W=100 nf=25 ad=15.08 as=15.08 pd=111.54 ps=111.54 nrd=0.0029
| + nrs=0.0029 sa=0 sb=0 sd=0 mult=25 m=25
| C_COMP VOUT EA_CZ 150p m=1
| XR_CZ EA_CZ EA_OUT 0 sky130_fd_pr__res_xhigh_po W=0.42 L=52 mult=1 m=1
| XR_FB_A VOUT FB 0 sky130_fd_pr__res_xhigh_po W=0.42 L=180 mult=1 m=1
| XR_FB_B FB N_FBB 0 sky130_fd_pr__res_xhigh_po W=0.42 L=180 mult=1 m=1
| XR_FB_C N_FBB 0 0 sky130_fd_pr__res_xhigh_po W=0.42 L=180 mult=1 m=1
| XM_SENSE CL_SNS EA_OUT VIN VIN sky130_fd_pr__pfet_g5v0d10v5 L=0.5 W=0.42 nf=1 ad=0.1218 as=0.1218 pd=1.42 ps=1.42
| + nrd=0.69047619047619 nrs=0.69047619047619 sa=0 sb=0 sd=0 mult=1 m=1
| XM_CLN1 CL_SNS CL_SNS AMP_ENN 0 sky130_fd_pr__nfet_g5v0d10v5 L=1 W=20 nf=1 ad=5.8 as=5.8 pd=40.58 ps=40.58 nrd=0.0145 nrs=0.0145
| + sa=0 sb=0 sd=0 mult=1 m=1
| XM_CLN2 CL_CMP CL_SNS AMP_ENN 0 sky130_fd_pr__nfet_g5v0d10v5 L=1 W=1.6 nf=1 ad=0.464 as=0.464 pd=3.78 ps=3.78 nrd=0.18125
| + nrs=0.18125 sa=0 sb=0 sd=0 mult=1 m=1
| XM_CLP CL_CMP BIASP VIN VIN sky130_fd_pr__pfet_g5v0d10v5 L=1 W=10 nf=2 ad=1.45 as=2.9 pd=10.58 ps=21.16 nrd=0.029 nrs=0.029 sa=0
| + sb=0 sd=0 mult=1 m=1
| XM_CLIM EA_OUT CL_CMP VIN VIN sky130_fd_pr__pfet_g5v0d10v5 L=0.5 W=20 nf=4 ad=2.9 as=4.35 pd=21.16 ps=31.74 nrd=0.0145 nrs=0.0145
| + sa=0 sb=0 sd=0 mult=1 m=1
| XM_ENP3 CL_CMP EN VIN VIN sky130_fd_pr__pfet_g5v0d10v5 L=0.5 W=2 nf=1 ad=0.58 as=0.58 pd=4.58 ps=4.58 nrd=0.145 nrs=0.145 sa=0
| + sb=0 sd=0 mult=1 m=1
| C_CL VIN CL_CMP 1p m=1
| XM_INVP ENB EN VIN VIN sky130_fd_pr__pfet_g5v0d10v5 L=0.5 W=2 nf=1 ad=0.58 as=0.58 pd=4.58 ps=4.58 nrd=0.145 nrs=0.145 sa=0 sb=0
| + sd=0 mult=1 m=1
| XM_INVN ENB EN 0 0 sky130_fd_pr__nfet_g5v0d10v5 L=0.5 W=1 nf=1 ad=0.29 as=0.29 pd=2.58 ps=2.58 nrd=0.29 nrs=0.29 sa=0 sb=0 sd=0
| + mult=1 m=1
| XM_SSDIS SS ENB 0 0 sky130_fd_pr__nfet_g5v0d10v5 L=0.5 W=2 nf=1 ad=0.58 as=0.58 pd=4.58 ps=4.58 nrd=0.145 nrs=0.145 sa=0 sb=0 sd=0
| + mult=1 m=1
| XM_SSCHG SS BIASP VIN VIN sky130_fd_pr__pfet_g5v0d10v5 L=8 W=1 nf=1 ad=0.29 as=0.29 pd=2.58 ps=2.58 nrd=0.29 nrs=0.29 sa=0 sb=0
| + sd=0 mult=1 m=1
| C_SS SS 0 10p m=1
| XM_IN2S EA_D2 SS EA_TAIL VIN sky130_fd_pr__pfet_g5v0d10v5 L=2 W=10 nf=2 ad=1.45 as=2.9 pd=10.58 ps=21.16 nrd=0.029 nrs=0.029 sa=0
| + sb=0 sd=0 mult=1 m=1
| XM_TSPS TS_SNS BIASP VIN VIN sky130_fd_pr__pfet_g5v0d10v5 L=1 W=2.5 nf=1 ad=0.725 as=0.725 pd=5.58 ps=5.58 nrd=0.116 nrs=0.116
| + sa=0 sb=0 sd=0 mult=1 m=1
| XM_TSD1 TS_SNS TS_SNS TS_MID 0 sky130_fd_pr__nfet_g5v0d10v5 L=1 W=80 nf=16 ad=11.6 as=13.05 pd=84.64 ps=95.22 nrd=0.003625
| + nrs=0.003625 sa=0 sb=0 sd=0 mult=1 m=1
| XM_TSD2 TS_MID TS_MID AMP_ENN 0 sky130_fd_pr__nfet_g5v0d10v5 L=1 W=80 nf=16 ad=11.6 as=13.05 pd=84.64 ps=95.22 nrd=0.003625
| + nrs=0.003625 sa=0 sb=0 sd=0 mult=1 m=1
| XM_TSPR TS_REF BIASP VIN VIN sky130_fd_pr__pfet_g5v0d10v5 L=1 W=2.5 nf=1 ad=0.725 as=0.725 pd=5.58 ps=5.58 nrd=0.116 nrs=0.116
| + sa=0 sb=0 sd=0 mult=1 m=1
| XM_TSR1 TS_REF TS_REF AMP_ENN 0 sky130_fd_pr__nfet_g5v0d10v5 L=10 W=2 nf=1 ad=0.58 as=0.58 pd=4.58 ps=4.58 nrd=0.145 nrs=0.145
| + sa=0 sb=0 sd=0 mult=1 m=1
| XM_TCTAIL TC_TAIL NB AMP_ENN 0 sky130_fd_pr__nfet_g5v0d10v5 L=1 W=1 nf=1 ad=0.29 as=0.29 pd=2.58 ps=2.58 nrd=0.29 nrs=0.29 sa=0
| + sb=0 sd=0 mult=1 m=1
| XM_TCN1 TC_D1 TS_SNS TC_TAIL 0 sky130_fd_pr__nfet_g5v0d10v5 L=2 W=10 nf=2 ad=1.45 as=2.9 pd=10.58 ps=21.16 nrd=0.029 nrs=0.029
| + sa=0 sb=0 sd=0 mult=1 m=1
| XM_TCN2 TS_CMP TS_REF TC_TAIL 0 sky130_fd_pr__nfet_g5v0d10v5 L=2 W=10 nf=2 ad=1.45 as=2.9 pd=10.58 ps=21.16 nrd=0.029 nrs=0.029
| + sa=0 sb=0 sd=0 mult=1 m=1
| XM_TCP1 TC_D1 TC_D1 VIN VIN sky130_fd_pr__pfet_g5v0d10v5 L=2 W=10 nf=2 ad=1.45 as=2.9 pd=10.58 ps=21.16 nrd=0.029 nrs=0.029 sa=0
| + sb=0 sd=0 mult=1 m=1
| XM_TCP2 TS_CMP TC_D1 VIN VIN sky130_fd_pr__pfet_g5v0d10v5 L=2 W=10 nf=2 ad=1.45 as=2.9 pd=10.58 ps=21.16 nrd=0.029 nrs=0.029 sa=0
| + sb=0 sd=0 mult=1 m=1
| XM_TSHUT EA_OUT TS_CMP VIN VIN sky130_fd_pr__pfet_g5v0d10v5 L=0.5 W=20 nf=4 ad=2.9 as=4.35 pd=21.16 ps=31.74 nrd=0.0145 nrs=0.0145
| + sa=0 sb=0 sd=0 mult=1 m=1
| XM_TSHYSB TS_HYS BIASP VIN VIN sky130_fd_pr__pfet_g5v0d10v5 L=2 W=1.5 nf=1 ad=0.435 as=0.435 pd=3.58 ps=3.58 nrd=0.193333333333333
| + nrs=0.193333333333333 sa=0 sb=0 sd=0 mult=1 m=1
| XM_TSHYS TS_REF TS_CMP TS_HYS VIN sky130_fd_pr__pfet_g5v0d10v5 L=0.5 W=2 nf=1 ad=0.58 as=0.58 pd=4.58 ps=4.58 nrd=0.145 nrs=0.145
| + sa=0 sb=0 sd=0 mult=1 m=1
| XM_ENP4 TS_CMP EN VIN VIN sky130_fd_pr__pfet_g5v0d10v5 L=0.5 W=2 nf=1 ad=0.58 as=0.58 pd=4.58 ps=4.58 nrd=0.145 nrs=0.145 sa=0
| + sb=0 sd=0 mult=1 m=1
| C_TS VIN TS_CMP 1p m=1
| .ends
| 
| .control
| save all
| * --- leg 1: C_out 0.33uF, 0 mA (feedback divider is the only preload) ---
| tran 10u 4m
| meas tran vpk max v(vout) from=100u to=4m
| meas tran vfloor min v(vout) from=3.1m to=4m
| meas tran tset when v(vout)=1.764 rise=1
| * --- leg 2: C_out 0.33uF, 50 mA ---
| alter rload = 36
| tran 10u 4m
| meas tran vpk max v(vout) from=100u to=4m
| meas tran vfloor min v(vout) from=3.1m to=4m
| meas tran tset when v(vout)=1.764 rise=1
| * --- leg 3: C_out 4.7uF, 0 mA ---
| alter cout = 4.7u
| alter rload = 1e12
| tran 10u 4m
| meas tran vpk max v(vout) from=100u to=4m
| meas tran vfloor min v(vout) from=3.1m to=4m
| meas tran tset when v(vout)=1.764 rise=1
| * --- leg 4: C_out 4.7uF, 50 mA ---
| alter rload = 36
| tran 10u 4m
| meas tran vpk max v(vout) from=100u to=4m
| meas tran vfloor min v(vout) from=3.1m to=4m
| meas tran tset when v(vout)=1.764 rise=1
| let meas_vpk_c033_0ma_v = tran1.vpk
| let meas_vfloor_c033_0ma_v = tran1.vfloor
| let meas_tramp_c033_0ma_ms = 1000*(tran1.tset - 100u)
| let meas_vpk_c033_50ma_v = tran2.vpk
| let meas_vfloor_c033_50ma_v = tran2.vfloor
| let meas_tramp_c033_50ma_ms = 1000*(tran2.tset - 100u)
| let meas_vpk_c47_0ma_v = tran3.vpk
| let meas_vfloor_c47_0ma_v = tran3.vfloor
| let meas_tramp_c47_0ma_ms = 1000*(tran3.tset - 100u)
| let meas_vpk_c47_50ma_v = tran4.vpk
| let meas_vfloor_c47_50ma_v = tran4.vfloor
| let meas_tramp_c47_50ma_ms = 1000*(tran4.tset - 100u)
| print meas_vpk_c033_0ma_v
| print meas_vfloor_c033_0ma_v
| print meas_tramp_c033_0ma_ms
| print meas_vpk_c033_50ma_v
| print meas_vfloor_c033_50ma_v
| print meas_tramp_c033_50ma_ms
| print meas_vpk_c47_0ma_v
| print meas_vfloor_c47_0ma_v
| print meas_tramp_c47_0ma_ms
| print meas_vpk_c47_50ma_v
| print meas_vfloor_c47_50ma_v
| print meas_tramp_c47_50ma_ms
| quit
| .endc
| .end

# ==== ngspice stdout ====

Note: Compatibility modes selected: hs a


Circuit: * startup corner deck -- generated by sim/bin/corner-run.py, do not edit

option SCALE: Scale is set to 1e-06 for instance and model parameters
option SCALE: Scale is set to 1e-06 for instance and model parameters
option SCALE: Scale is set to 1e-06 for instance and model parameters
option SCALE: Scale is set to 1e-06 for instance and model parameters
Doing analysis at TEMP = 27.000000 and TNOM = 27.000000

Using KLU as Direct Linear Solver
 Reference value :  0.00000e+00
 Reference value :  1.60000e-06
 Reference value :  3.28000e-05
 Reference value :  8.28000e-05
 Reference value :  1.00300e-04
 Reference value :  1.00411e-04
 Reference value :  1.00592e-04
 Reference value :  1.00744e-04
 Reference value :  1.00906e-04
 Reference value :  1.00990e-04
 Reference value :  1.01012e-04
 Reference value :  1.01094e-04
 Reference value :  1.01743e-04
 Reference value :  1.05939e-04
 Reference value :  1.27475e-04
 Reference value :  1.43916e-04
 Reference value :  1.73916e-04
 Reference value :  2.03916e-04
 Reference value :  2.33916e-04
 Reference value :  2.63916e-04
 Reference value :  2.93916e-04
 Reference value :  3.23916e-04
 Reference value :  3.53916e-04
 Reference value :  3.83916e-04
 Reference value :  4.13916e-04
 Reference value :  4.53916e-04
 Reference value :  4.93916e-04
 Reference value :  5.23916e-04
 Reference value :  5.63916e-04
 Reference value :  5.93916e-04
 Reference value :  6.23916e-04
 Reference value :  6.63916e-04
 Reference value :  7.03916e-04
 Reference value :  7.43916e-04
 Reference value :  7.73916e-04
 Reference value :  8.23916e-04
 Reference value :  8.73916e-04
 Reference value :  9.23916e-04
 Reference value :  9.73916e-04
 Reference value :  1.02392e-03
 Reference value :  1.07392e-03
 Reference value :  1.11392e-03
 Reference value :  1.16392e-03
 Reference value :  1.21392e-03
 Reference value :  1.27392e-03
 Reference value :  1.33392e-03
 Reference value :  1.39392e-03
 Reference value :  1.44392e-03
 Reference value :  1.49392e-03
 Reference value :  1.54392e-03
 Reference value :  1.58392e-03
 Reference value :  1.62392e-03
 Reference value :  1.68392e-03
 Reference value :  1.74392e-03
 Reference value :  1.79392e-03
 Reference value :  1.85392e-03
 Reference value :  1.90392e-03
 Reference value :  1.95392e-03
 Reference value :  2.00392e-03
 Reference value :  2.05392e-03
 Reference value :  2.09392e-03
 Reference value :  2.14392e-03
 Reference value :  2.19392e-03
 Reference value :  2.24392e-03
 Reference value :  2.29392e-03
 Reference value :  2.34392e-03
 Reference value :  2.39392e-03
 Reference value :  2.45392e-03
 Reference value :  2.50392e-03
 Reference value :  2.56392e-03
 Reference value :  2.62392e-03
 Reference value :  2.68392e-03
 Reference value :  2.74392e-03
 Reference value :  2.79392e-03
 Reference value :  2.85392e-03
 Reference value :  2.91392e-03
 Reference value :  2.96392e-03
 Reference value :  2.99392e-03
 Reference value :  3.03392e-03
 Reference value :  3.06392e-03
 Reference value :  3.10392e-03
 Reference value :  3.14392e-03
 Reference value :  3.18392e-03
 Reference value :  3.22392e-03
 Reference value :  3.26392e-03
 Reference value :  3.30392e-03
 Reference value :  3.33392e-03
 Reference value :  3.36392e-03
 Reference value :  3.39392e-03
 Reference value :  3.42392e-03
 Reference value :  3.45392e-03
 Reference value :  3.49392e-03
 Reference value :  3.52392e-03
 Reference value :  3.56392e-03
 Reference value :  3.61392e-03
 Reference value :  3.66392e-03
 Reference value :  3.72392e-03
 Reference value :  3.77392e-03
 Reference value :  3.82392e-03
 Reference value :  3.87392e-03
 Reference value :  3.92392e-03
 Reference value :  3.98392e-03
No. of Data Rows : 434
vpk                 =  1.81360e+00 at=  7.83916e-04
vfloor              =  1.80818e+00 at=  4.00000e-03
tset                =  4.78184e-04
Doing analysis at TEMP = 27.000000 and TNOM = 27.000000

Using KLU as Direct Linear Solver
 Reference value :  0.00000e+00
 Reference value :  8.00000e-07
 Reference value :  1.28000e-05
 Reference value :  6.28000e-05
 Reference value :  1.00100e-04
 Reference value :  1.00300e-04
 Reference value :  1.00411e-04
 Reference value :  1.00592e-04
 Reference value :  1.00744e-04
 Reference value :  1.00906e-04
 Reference value :  1.00953e-04
 Reference value :  1.00990e-04
 Reference value :  1.01004e-04
 Reference value :  1.01050e-04
 Reference value :  1.01307e-04
 Reference value :  1.02073e-04
 Reference value :  1.10353e-04
 Reference value :  1.18019e-04
 Reference value :  1.22311e-04
 Reference value :  1.35366e-04
 Reference value :  1.60790e-04
 Reference value :  2.10790e-04
 Reference value :  2.60790e-04
 Reference value :  3.10790e-04
 Reference value :  3.50790e-04
 Reference value :  3.90790e-04
 Reference value :  4.30790e-04
 Reference value :  4.70790e-04
 Reference value :  5.30790e-04
 Reference value :  5.80790e-04
 Reference value :  6.30790e-04
 Reference value :  6.90790e-04
 Reference value :  7.40790e-04
 Reference value :  7.90790e-04
 Reference value :  8.40790e-04
 Reference value :  8.90790e-04
 Reference value :  9.40790e-04
 Reference value :  1.00079e-03
 Reference value :  1.06079e-03
 Reference value :  1.12079e-03
 Reference value :  1.17079e-03
 Reference value :  1.22079e-03
 Reference value :  1.27079e-03
 Reference value :  1.31079e-03
 Reference value :  1.36079e-03
 Reference value :  1.40079e-03
 Reference value :  1.45079e-03
 Reference value :  1.51079e-03
 Reference value :  1.57079e-03
 Reference value :  1.61079e-03
 Reference value :  1.66079e-03
 Reference value :  1.70079e-03
 Reference value :  1.73079e-03
 Reference value :  1.77079e-03
 Reference value :  1.80079e-03
 Reference value :  1.84079e-03
 Reference value :  1.87079e-03
 Reference value :  1.90079e-03
 Reference value :  1.94079e-03
 Reference value :  1.98079e-03
 Reference value :  2.02079e-03
 Reference value :  2.06079e-03
 Reference value :  2.09079e-03
 Reference value :  2.12079e-03
 Reference value :  2.16079e-03
 Reference value :  2.20079e-03
 Reference value :  2.24079e-03
 Reference value :  2.28079e-03
 Reference value :  2.31079e-03
 Reference value :  2.34079e-03
 Reference value :  2.38079e-03
 Reference value :  2.41079e-03
 Reference value :  2.45079e-03
 Reference value :  2.49079e-03
 Reference value :  2.52079e-03
 Reference value :  2.55079e-03
 Reference value :  2.58079e-03
 Reference value :  2.62079e-03
 Reference value :  2.66079e-03
 Reference value :  2.69079e-03
 Reference value :  2.72079e-03
 Reference value :  2.76079e-03
 Reference value :  2.79079e-03
 Reference value :  2.83079e-03
 Reference value :  2.86079e-03
 Reference value :  2.91079e-03
 Reference value :  2.96079e-03
 Reference value :  3.01079e-03
 Reference value :  3.06079e-03
 Reference value :  3.11079e-03
 Reference value :  3.16079e-03
 Reference value :  3.19079e-03
 Reference value :  3.24079e-03
 Reference value :  3.29079e-03
 Reference value :  3.32079e-03
 Reference value :  3.37079e-03
 Reference value :  3.42079e-03
 Reference value :  3.46079e-03
 Reference value :  3.50079e-03
 Reference value :  3.54079e-03
 Reference value :  3.59079e-03
 Reference value :  3.64079e-03
 Reference value :  3.70079e-03
 Reference value :  3.76079e-03
 Reference value :  3.82079e-03
 Reference value :  3.87079e-03
 Reference value :  3.92079e-03
 Reference value :  3.98079e-03
No. of Data Rows : 437
vpk                 =  1.79809e+00 at=  1.15079e-03
vfloor              =  1.79807e+00 at=  4.00000e-03
tset                =  5.00514e-04
Doing analysis at TEMP = 27.000000 and TNOM = 27.000000

Using KLU as Direct Linear Solver
 Reference value :  0.00000e+00
 Reference value :  4.00000e-07
 Reference value :  6.40000e-06
 Reference value :  3.28000e-05
 Reference value :  7.28000e-05
 Reference value :  1.00100e-04
 Reference value :  1.00300e-04
 Reference value :  1.00411e-04
 Reference value :  1.00592e-04
 Reference value :  1.00744e-04
 Reference value :  1.00906e-04
 Reference value :  1.00990e-04
 Reference value :  1.01004e-04
 Reference value :  1.01050e-04
 Reference value :  1.01504e-04
 Reference value :  1.03730e-04
 Reference value :  1.19192e-04
 Reference value :  1.28469e-04
 Reference value :  1.47930e-04
 Reference value :  1.87930e-04
 Reference value :  2.27930e-04
 Reference value :  2.67930e-04
 Reference value :  2.97930e-04
 Reference value :  3.37930e-04
 Reference value :  3.77930e-04
 Reference value :  4.07930e-04
 Reference value :  4.37930e-04
 Reference value :  4.77930e-04
 Reference value :  5.07930e-04
 Reference value :  5.37930e-04
 Reference value :  5.57930e-04
 Reference value :  5.77930e-04
 Reference value :  6.07930e-04
 Reference value :  6.37930e-04
 Reference value :  6.67930e-04
 Reference value :  6.97930e-04
 Reference value :  7.27930e-04
 Reference value :  7.67930e-04
 Reference value :  8.07930e-04
 Reference value :  8.47930e-04
 Reference value :  8.97930e-04
 Reference value :  9.37930e-04
 Reference value :  9.77930e-04
 Reference value :  1.00793e-03
 Reference value :  1.04793e-03
 Reference value :  1.08793e-03
 Reference value :  1.11793e-03
 Reference value :  1.14793e-03
 Reference value :  1.17793e-03
 Reference value :  1.21793e-03
 Reference value :  1.25793e-03
 Reference value :  1.29793e-03
 Reference value :  1.33793e-03
 Reference value :  1.36793e-03
 Reference value :  1.40793e-03
 Reference value :  1.46793e-03
 Reference value :  1.51793e-03
 Reference value :  1.55793e-03
 Reference value :  1.60793e-03
 Reference value :  1.65793e-03
 Reference value :  1.69793e-03
 Reference value :  1.74793e-03
 Reference value :  1.79793e-03
 Reference value :  1.82793e-03
 Reference value :  1.87793e-03
 Reference value :  1.92793e-03
 Reference value :  1.96793e-03
 Reference value :  1.99793e-03
 Reference value :  2.03793e-03
 Reference value :  2.07793e-03
 Reference value :  2.11793e-03
 Reference value :  2.15793e-03
 Reference value :  2.19793e-03
 Reference value :  2.23793e-03
 Reference value :  2.27793e-03
 Reference value :  2.30793e-03
 Reference value :  2.34793e-03
 Reference value :  2.37793e-03
 Reference value :  2.42793e-03
 Reference value :  2.47793e-03
 Reference value :  2.52793e-03
 Reference value :  2.57793e-03
 Reference value :  2.62793e-03
 Reference value :  2.67793e-03
 Reference value :  2.71793e-03
 Reference value :  2.75793e-03
 Reference value :  2.78793e-03
 Reference value :  2.82793e-03
 Reference value :  2.87793e-03
 Reference value :  2.92793e-03
 Reference value :  2.96793e-03
 Reference value :  3.00793e-03
 Reference value :  3.04793e-03
 Reference value :  3.08793e-03
 Reference value :  3.12793e-03
 Reference value :  3.16793e-03
 Reference value :  3.20793e-03
 Reference value :  3.24793e-03
 Reference value :  3.28793e-03
 Reference value :  3.34793e-03
 Reference value :  3.40793e-03
 Reference value :  3.45793e-03
 Reference value :  3.50793e-03
 Reference value :  3.54793e-03
 Reference value :  3.58793e-03
 Reference value :  3.63793e-03
 Reference value :  3.68793e-03
 Reference value :  3.73793e-03
 Reference value :  3.78793e-03
 Reference value :  3.84793e-03
 Reference value :  3.89793e-03
 Reference value :  3.94793e-03
 Reference value :  3.98793e-03
No. of Data Rows : 434
vpk                 =  1.82302e+00 at=  7.57930e-04
vfloor              =  1.82264e+00 at=  4.00000e-03
tset                =  4.69203e-04
Doing analysis at TEMP = 27.000000 and TNOM = 27.000000

Using KLU as Direct Linear Solver
 Reference value :  0.00000e+00
 Reference value :  1.60000e-06
 Reference value :  3.28000e-05
 Reference value :  7.28000e-05
 Reference value :  1.00100e-04
 Reference value :  1.00300e-04
 Reference value :  1.00411e-04
 Reference value :  1.00581e-04
 Reference value :  1.00732e-04
 Reference value :  1.00819e-04
 Reference value :  1.00857e-04
 Reference value :  1.00870e-04
 Reference value :  1.00916e-04
 Reference value :  1.00983e-04
 Reference value :  1.01010e-04
 Reference value :  1.01102e-04
 Reference value :  1.01775e-04
 Reference value :  1.10869e-04
 Reference value :  1.15251e-04
 Reference value :  1.19803e-04
 Reference value :  1.33176e-04
 Reference value :  1.52560e-04
 Reference value :  1.82560e-04
 Reference value :  2.22560e-04
 Reference value :  2.72560e-04
 Reference value :  3.22560e-04
 Reference value :  3.72560e-04
 Reference value :  4.22560e-04
 Reference value :  4.72560e-04
 Reference value :  5.02560e-04
 Reference value :  5.42560e-04
 Reference value :  5.92560e-04
 Reference value :  6.42560e-04
 Reference value :  6.92560e-04
 Reference value :  7.42560e-04
 Reference value :  7.92560e-04
 Reference value :  8.32560e-04
 Reference value :  8.82560e-04
 Reference value :  9.22560e-04
 Reference value :  9.62560e-04
 Reference value :  1.01256e-03
 Reference value :  1.06256e-03
 Reference value :  1.10256e-03
 Reference value :  1.15256e-03
 Reference value :  1.20256e-03
 Reference value :  1.25256e-03
 Reference value :  1.29256e-03
 Reference value :  1.34256e-03
 Reference value :  1.38256e-03
 Reference value :  1.43256e-03
 Reference value :  1.47256e-03
 Reference value :  1.52256e-03
 Reference value :  1.57256e-03
 Reference value :  1.62256e-03
 Reference value :  1.66256e-03
 Reference value :  1.71256e-03
 Reference value :  1.76256e-03
 Reference value :  1.80256e-03
 Reference value :  1.83256e-03
 Reference value :  1.87256e-03
 Reference value :  1.91256e-03
 Reference value :  1.96256e-03
 Reference value :  2.02256e-03
 Reference value :  2.07256e-03
 Reference value :  2.12256e-03
 Reference value :  2.15256e-03
 Reference value :  2.19256e-03
 Reference value :  2.23256e-03
 Reference value :  2.27256e-03
 Reference value :  2.31256e-03
 Reference value :  2.34256e-03
 Reference value :  2.39256e-03
 Reference value :  2.44256e-03
 Reference value :  2.49256e-03
 Reference value :  2.53256e-03
 Reference value :  2.57256e-03
 Reference value :  2.61256e-03
 Reference value :  2.66256e-03
 Reference value :  2.70256e-03
 Reference value :  2.74256e-03
 Reference value :  2.78256e-03
 Reference value :  2.82256e-03
 Reference value :  2.86256e-03
 Reference value :  2.90256e-03
 Reference value :  2.94256e-03
 Reference value :  2.98256e-03
 Reference value :  3.03256e-03
 Reference value :  3.06256e-03
 Reference value :  3.10256e-03
 Reference value :  3.14256e-03
 Reference value :  3.18256e-03
 Reference value :  3.23256e-03
 Reference value :  3.27256e-03
 Reference value :  3.31256e-03
 Reference value :  3.35256e-03
 Reference value :  3.40256e-03
 Reference value :  3.44256e-03
 Reference value :  3.48256e-03
 Reference value :  3.52256e-03
 Reference value :  3.55256e-03
 Reference value :  3.59256e-03
 Reference value :  3.63256e-03
 Reference value :  3.67256e-03
 Reference value :  3.72256e-03
 Reference value :  3.78256e-03
 Reference value :  3.84256e-03
 Reference value :  3.89256e-03
 Reference value :  3.94256e-03
 Reference value :  3.97256e-03
 Reference value :  4.00000e-03
No. of Data Rows : 444
vpk                 =  1.79803e+00 at=  1.33256e-03
vfloor              =  1.79803e+00 at=  4.00000e-03
tset                =  4.84001e-04
meas_vpk_c033_0ma_v = 1.813595e+00
meas_vfloor_c033_0ma_v = 1.808177e+00
meas_tramp_c033_0ma_ms = 3.781841e-01
meas_vpk_c033_50ma_v = 1.798090e+00
meas_vfloor_c033_50ma_v = 1.798074e+00
meas_tramp_c033_50ma_ms = 4.005140e-01
meas_vpk_c47_0ma_v = 1.823023e+00
meas_vfloor_c47_0ma_v = 1.822635e+00
meas_tramp_c47_0ma_ms = 3.692027e-01
meas_vpk_c47_50ma_v = 1.798034e+00
meas_vfloor_c47_50ma_v = 1.798034e+00
meas_tramp_c47_50ma_ms = 3.840015e-01
ngspice-46 done

# ==== ngspice stderr ====
Note: Starting dynamic gmin stepping
Warning: Dynamic gmin stepping failed
Note: Starting true gmin stepping
Note: True gmin stepping completed
Note: Starting dynamic gmin stepping
Warning: Dynamic gmin stepping failed
Note: Starting true gmin stepping
Note: True gmin stepping completed
Note: Starting dynamic gmin stepping
Warning: Dynamic gmin stepping failed
Note: Starting true gmin stepping
Note: True gmin stepping completed
Note: Starting dynamic gmin stepping
Warning: Dynamic gmin stepping failed
Note: Starting true gmin stepping
Note: True gmin stepping completed
