# corner: fs_27c_3.63v
# process=fs temp=27C supply=3.63V
# ngspice exit: 0
# wall clock: 84.3s (--timeout was 300s)
# result: PASS

# ==== deck (exact input given to ngspice) ====
| * startup corner deck -- generated by sim/bin/corner-run.py, do not edit
| * corner: fs_27c_3.63v
| .param vsup=3.63
| .option wnflag=1
| .temp 27
| .lib "/home/ubuntu/.volare/sky130A/libs.tech/combined/sky130.lib.spice" fs
| ** sch_path: sim/startup/testbench/tb_startup.sch
| **.subckt tb_startup
| VVIN VIN 0 'vsup'
| .save i(vvin)
| VEN EN 0 PULSE(0 'vsup' 100u 1u 1u 100 200)
| .save i(ven)
| VVREF VREF 0 1.2
| .save i(vvref)
| xldo VOUT VREF EN VIN ldo_3v3in_1v8out
| COUT VOUT VESR 0.33u m=1
| RESR VESR 0 10m m=1
| RLOAD VOUT 0 1e12 m=1
| **.ends
| 
| * expanding   symbol:  design/ldo_3v3in_1v8out.sym # of pins=4
| ** sym_path: design/ldo_3v3in_1v8out.sym
| ** sch_path: design/ldo_3v3in_1v8out.sch
| .subckt ldo_3v3in_1v8out VOUT VREF EN VIN
| *.ipin VIN
| *.ipin EN
| *.ipin VREF
| *.opin VOUT
| XR_BIAS VIN NB 0 sky130_fd_pr__res_high_po W=0.42 L=1500 mult=1 m=1
| XM_BIASN1 NB NB BIAS_ENN 0 sky130_fd_pr__nfet_g5v0d10v5 L=1 W=4 nf=1 ad=1.16 as=1.16 pd=8.58 ps=8.58 nrd=0.0725 nrs=0.0725 sa=0
| + sb=0 sd=0 mult=1 m=1
| XM_ENN BIAS_ENN EN 0 0 sky130_fd_pr__nfet_g5v0d10v5 L=0.5 W=10 nf=1 ad=2.9 as=2.9 pd=20.58 ps=20.58 nrd=0.029 nrs=0.029 sa=0 sb=0
| + sd=0 mult=1 m=1
| XM_BIASN2 BIASP NB BIAS_ENN 0 sky130_fd_pr__nfet_g5v0d10v5 L=1 W=4 nf=1 ad=1.16 as=1.16 pd=8.58 ps=8.58 nrd=0.0725 nrs=0.0725 sa=0
| + sb=0 sd=0 mult=1 m=1
| XM_BIASP1 BIASP BIASP VIN VIN sky130_fd_pr__pfet_g5v0d10v5 L=1 W=10 nf=2 ad=1.45 as=2.9 pd=10.58 ps=21.16 nrd=0.029 nrs=0.029 sa=0
| + sb=0 sd=0 mult=1 m=1
| XM_ENP2 BIASP EN VIN VIN sky130_fd_pr__pfet_g5v0d10v5 L=0.5 W=10 nf=1 ad=2.9 as=2.9 pd=20.58 ps=20.58 nrd=0.029 nrs=0.029 sa=0
| + sb=0 sd=0 mult=1 m=1
| XM_TAIL EA_TAIL BIASP VIN VIN sky130_fd_pr__pfet_g5v0d10v5 L=2 W=40 nf=8 ad=5.8 as=7.25 pd=42.32 ps=52.9 nrd=0.00725 nrs=0.00725
| + sa=0 sb=0 sd=0 mult=1 m=1
| XM_IN1 EA_D1 FB EA_TAIL VIN sky130_fd_pr__pfet_g5v0d10v5 L=2 W=10 nf=2 ad=1.45 as=2.9 pd=10.58 ps=21.16 nrd=0.029 nrs=0.029 sa=0
| + sb=0 sd=0 mult=1 m=1
| XM_IN2 EA_D2 VREF EA_TAIL VIN sky130_fd_pr__pfet_g5v0d10v5 L=2 W=10 nf=2 ad=1.45 as=2.9 pd=10.58 ps=21.16 nrd=0.029 nrs=0.029 sa=0
| + sb=0 sd=0 mult=1 m=1
| XM_MIR1 EA_D1 EA_D1 AMP_ENN 0 sky130_fd_pr__nfet_g5v0d10v5 L=4 W=10 nf=2 ad=1.45 as=2.9 pd=10.58 ps=21.16 nrd=0.029 nrs=0.029 sa=0
| + sb=0 sd=0 mult=1 m=1
| XM_MIR2 EA_OUT EA_D1 AMP_ENN 0 sky130_fd_pr__nfet_g5v0d10v5 L=4 W=10 nf=2 ad=1.45 as=2.9 pd=10.58 ps=21.16 nrd=0.029 nrs=0.029
| + sa=0 sb=0 sd=0 mult=1 m=1
| XM_ENN2 AMP_ENN EN 0 0 sky130_fd_pr__nfet_g5v0d10v5 L=0.5 W=10 nf=1 ad=2.9 as=2.9 pd=20.58 ps=20.58 nrd=0.029 nrs=0.029 sa=0 sb=0
| + sd=0 mult=1 m=1
| XM_ENP EA_OUT EN VIN VIN sky130_fd_pr__pfet_g5v0d10v5 L=0.5 W=10 nf=1 ad=2.9 as=2.9 pd=20.58 ps=20.58 nrd=0.029 nrs=0.029 sa=0
| + sb=0 sd=0 mult=1 m=1
| XM_MIR3 EA_D2 EA_D2 AMP_ENN 0 sky130_fd_pr__nfet_g5v0d10v5 L=4 W=10 nf=2 ad=1.45 as=2.9 pd=10.58 ps=21.16 nrd=0.029 nrs=0.029 sa=0
| + sb=0 sd=0 mult=1 m=1
| XM_MIR4 PB EA_D2 AMP_ENN 0 sky130_fd_pr__nfet_g5v0d10v5 L=4 W=10 nf=2 ad=1.45 as=2.9 pd=10.58 ps=21.16 nrd=0.029 nrs=0.029 sa=0
| + sb=0 sd=0 mult=1 m=1
| XM_MIRP1 PB PB VIN VIN sky130_fd_pr__pfet_g5v0d10v5 L=4 W=20 nf=4 ad=2.9 as=4.35 pd=21.16 ps=31.74 nrd=0.0145 nrs=0.0145 sa=0 sb=0
| + sd=0 mult=1 m=1
| XM_MIRP2 EA_OUT PB VIN VIN sky130_fd_pr__pfet_g5v0d10v5 L=4 W=20 nf=4 ad=2.9 as=4.35 pd=21.16 ps=31.74 nrd=0.0145 nrs=0.0145 sa=0
| + sb=0 sd=0 mult=1 m=1
| XM_ENP5 PB EN VIN VIN sky130_fd_pr__pfet_g5v0d10v5 L=0.5 W=2 nf=1 ad=0.58 as=0.58 pd=4.58 ps=4.58 nrd=0.145 nrs=0.145 sa=0 sb=0
| + sd=0 mult=1 m=1
| XM_PASS VOUT EA_OUT VIN VIN sky130_fd_pr__pfet_g5v0d10v5 L=0.5 W=100 nf=25 ad=15.08 as=15.08 pd=111.54 ps=111.54 nrd=0.0029
| + nrs=0.0029 sa=0 sb=0 sd=0 mult=25 m=25
| C_COMP VOUT EA_CZ 150p m=1
| XR_CZ EA_CZ EA_OUT 0 sky130_fd_pr__res_xhigh_po W=0.42 L=52 mult=1 m=1
| XR_FB_A VOUT FB 0 sky130_fd_pr__res_xhigh_po W=0.42 L=180 mult=1 m=1
| XR_FB_B FB N_FBB 0 sky130_fd_pr__res_xhigh_po W=0.42 L=180 mult=1 m=1
| XR_FB_C N_FBB 0 0 sky130_fd_pr__res_xhigh_po W=0.42 L=180 mult=1 m=1
| XM_SENSE CL_SNS EA_OUT VIN VIN sky130_fd_pr__pfet_g5v0d10v5 L=0.5 W=0.42 nf=1 ad=0.1218 as=0.1218 pd=1.42 ps=1.42
| + nrd=0.69047619047619 nrs=0.69047619047619 sa=0 sb=0 sd=0 mult=1 m=1
| XM_CLN1 CL_SNS CL_SNS AMP_ENN 0 sky130_fd_pr__nfet_g5v0d10v5 L=1 W=20 nf=1 ad=5.8 as=5.8 pd=40.58 ps=40.58 nrd=0.0145 nrs=0.0145
| + sa=0 sb=0 sd=0 mult=1 m=1
| XM_CLN2 CL_CMP CL_SNS AMP_ENN 0 sky130_fd_pr__nfet_g5v0d10v5 L=1 W=1.6 nf=1 ad=0.464 as=0.464 pd=3.78 ps=3.78 nrd=0.18125
| + nrs=0.18125 sa=0 sb=0 sd=0 mult=1 m=1
| XM_CLP CL_CMP BIASP VIN VIN sky130_fd_pr__pfet_g5v0d10v5 L=1 W=10 nf=2 ad=1.45 as=2.9 pd=10.58 ps=21.16 nrd=0.029 nrs=0.029 sa=0
| + sb=0 sd=0 mult=1 m=1
| XM_CLIM EA_OUT CL_CMP VIN VIN sky130_fd_pr__pfet_g5v0d10v5 L=0.5 W=20 nf=4 ad=2.9 as=4.35 pd=21.16 ps=31.74 nrd=0.0145 nrs=0.0145
| + sa=0 sb=0 sd=0 mult=1 m=1
| XM_ENP3 CL_CMP EN VIN VIN sky130_fd_pr__pfet_g5v0d10v5 L=0.5 W=2 nf=1 ad=0.58 as=0.58 pd=4.58 ps=4.58 nrd=0.145 nrs=0.145 sa=0
| + sb=0 sd=0 mult=1 m=1
| C_CL VIN CL_CMP 1p m=1
| XM_INVP ENB EN VIN VIN sky130_fd_pr__pfet_g5v0d10v5 L=0.5 W=2 nf=1 ad=0.58 as=0.58 pd=4.58 ps=4.58 nrd=0.145 nrs=0.145 sa=0 sb=0
| + sd=0 mult=1 m=1
| XM_INVN ENB EN 0 0 sky130_fd_pr__nfet_g5v0d10v5 L=0.5 W=1 nf=1 ad=0.29 as=0.29 pd=2.58 ps=2.58 nrd=0.29 nrs=0.29 sa=0 sb=0 sd=0
| + mult=1 m=1
| XM_SSDIS SS ENB 0 0 sky130_fd_pr__nfet_g5v0d10v5 L=0.5 W=2 nf=1 ad=0.58 as=0.58 pd=4.58 ps=4.58 nrd=0.145 nrs=0.145 sa=0 sb=0 sd=0
| + mult=1 m=1
| XM_SSCHG SS BIASP VIN VIN sky130_fd_pr__pfet_g5v0d10v5 L=8 W=1 nf=1 ad=0.29 as=0.29 pd=2.58 ps=2.58 nrd=0.29 nrs=0.29 sa=0 sb=0
| + sd=0 mult=1 m=1
| C_SS SS 0 10p m=1
| XM_IN2S EA_D2 SS EA_TAIL VIN sky130_fd_pr__pfet_g5v0d10v5 L=2 W=10 nf=2 ad=1.45 as=2.9 pd=10.58 ps=21.16 nrd=0.029 nrs=0.029 sa=0
| + sb=0 sd=0 mult=1 m=1
| XM_TSPS TS_SNS BIASP VIN VIN sky130_fd_pr__pfet_g5v0d10v5 L=1 W=2.5 nf=1 ad=0.725 as=0.725 pd=5.58 ps=5.58 nrd=0.116 nrs=0.116
| + sa=0 sb=0 sd=0 mult=1 m=1
| XM_TSD1 TS_SNS TS_SNS TS_MID 0 sky130_fd_pr__nfet_g5v0d10v5 L=1 W=80 nf=16 ad=11.6 as=13.05 pd=84.64 ps=95.22 nrd=0.003625
| + nrs=0.003625 sa=0 sb=0 sd=0 mult=1 m=1
| XM_TSD2 TS_MID TS_MID AMP_ENN 0 sky130_fd_pr__nfet_g5v0d10v5 L=1 W=80 nf=16 ad=11.6 as=13.05 pd=84.64 ps=95.22 nrd=0.003625
| + nrs=0.003625 sa=0 sb=0 sd=0 mult=1 m=1
| XM_TSPR TS_REF BIASP VIN VIN sky130_fd_pr__pfet_g5v0d10v5 L=1 W=2.5 nf=1 ad=0.725 as=0.725 pd=5.58 ps=5.58 nrd=0.116 nrs=0.116
| + sa=0 sb=0 sd=0 mult=1 m=1
| XM_TSR1 TS_REF TS_REF AMP_ENN 0 sky130_fd_pr__nfet_g5v0d10v5 L=10 W=2 nf=1 ad=0.58 as=0.58 pd=4.58 ps=4.58 nrd=0.145 nrs=0.145
| + sa=0 sb=0 sd=0 mult=1 m=1
| XM_TCTAIL TC_TAIL NB AMP_ENN 0 sky130_fd_pr__nfet_g5v0d10v5 L=1 W=1 nf=1 ad=0.29 as=0.29 pd=2.58 ps=2.58 nrd=0.29 nrs=0.29 sa=0
| + sb=0 sd=0 mult=1 m=1
| XM_TCN1 TC_D1 TS_SNS TC_TAIL 0 sky130_fd_pr__nfet_g5v0d10v5 L=2 W=10 nf=2 ad=1.45 as=2.9 pd=10.58 ps=21.16 nrd=0.029 nrs=0.029
| + sa=0 sb=0 sd=0 mult=1 m=1
| XM_TCN2 TS_CMP TS_REF TC_TAIL 0 sky130_fd_pr__nfet_g5v0d10v5 L=2 W=10 nf=2 ad=1.45 as=2.9 pd=10.58 ps=21.16 nrd=0.029 nrs=0.029
| + sa=0 sb=0 sd=0 mult=1 m=1
| XM_TCP1 TC_D1 TC_D1 VIN VIN sky130_fd_pr__pfet_g5v0d10v5 L=2 W=10 nf=2 ad=1.45 as=2.9 pd=10.58 ps=21.16 nrd=0.029 nrs=0.029 sa=0
| + sb=0 sd=0 mult=1 m=1
| XM_TCP2 TS_CMP TC_D1 VIN VIN sky130_fd_pr__pfet_g5v0d10v5 L=2 W=10 nf=2 ad=1.45 as=2.9 pd=10.58 ps=21.16 nrd=0.029 nrs=0.029 sa=0
| + sb=0 sd=0 mult=1 m=1
| XM_TSHUT EA_OUT TS_CMP VIN VIN sky130_fd_pr__pfet_g5v0d10v5 L=0.5 W=20 nf=4 ad=2.9 as=4.35 pd=21.16 ps=31.74 nrd=0.0145 nrs=0.0145
| + sa=0 sb=0 sd=0 mult=1 m=1
| XM_TSHYSB TS_HYS BIASP VIN VIN sky130_fd_pr__pfet_g5v0d10v5 L=2 W=1.5 nf=1 ad=0.435 as=0.435 pd=3.58 ps=3.58 nrd=0.193333333333333
| + nrs=0.193333333333333 sa=0 sb=0 sd=0 mult=1 m=1
| XM_TSHYS TS_REF TS_CMP TS_HYS VIN sky130_fd_pr__pfet_g5v0d10v5 L=0.5 W=2 nf=1 ad=0.58 as=0.58 pd=4.58 ps=4.58 nrd=0.145 nrs=0.145
| + sa=0 sb=0 sd=0 mult=1 m=1
| XM_ENP4 TS_CMP EN VIN VIN sky130_fd_pr__pfet_g5v0d10v5 L=0.5 W=2 nf=1 ad=0.58 as=0.58 pd=4.58 ps=4.58 nrd=0.145 nrs=0.145 sa=0
| + sb=0 sd=0 mult=1 m=1
| C_TS VIN TS_CMP 1p m=1
| .ends
| 
| .control
| save all
| * --- leg 1: C_out 0.33uF, 0 mA (feedback divider is the only preload) ---
| tran 10u 4m
| meas tran vpk max v(vout) from=100u to=4m
| meas tran vfloor min v(vout) from=3.1m to=4m
| meas tran tset when v(vout)=1.764 rise=1
| * --- leg 2: C_out 0.33uF, 50 mA ---
| alter rload = 36
| tran 10u 4m
| meas tran vpk max v(vout) from=100u to=4m
| meas tran vfloor min v(vout) from=3.1m to=4m
| meas tran tset when v(vout)=1.764 rise=1
| * --- leg 3: C_out 4.7uF, 0 mA ---
| alter cout = 4.7u
| alter rload = 1e12
| tran 10u 4m
| meas tran vpk max v(vout) from=100u to=4m
| meas tran vfloor min v(vout) from=3.1m to=4m
| meas tran tset when v(vout)=1.764 rise=1
| * --- leg 4: C_out 4.7uF, 50 mA ---
| alter rload = 36
| tran 10u 4m
| meas tran vpk max v(vout) from=100u to=4m
| meas tran vfloor min v(vout) from=3.1m to=4m
| meas tran tset when v(vout)=1.764 rise=1
| let meas_vpk_c033_0ma_v = tran1.vpk
| let meas_vfloor_c033_0ma_v = tran1.vfloor
| let meas_tramp_c033_0ma_ms = 1000*(tran1.tset - 100u)
| let meas_vpk_c033_50ma_v = tran2.vpk
| let meas_vfloor_c033_50ma_v = tran2.vfloor
| let meas_tramp_c033_50ma_ms = 1000*(tran2.tset - 100u)
| let meas_vpk_c47_0ma_v = tran3.vpk
| let meas_vfloor_c47_0ma_v = tran3.vfloor
| let meas_tramp_c47_0ma_ms = 1000*(tran3.tset - 100u)
| let meas_vpk_c47_50ma_v = tran4.vpk
| let meas_vfloor_c47_50ma_v = tran4.vfloor
| let meas_tramp_c47_50ma_ms = 1000*(tran4.tset - 100u)
| print meas_vpk_c033_0ma_v
| print meas_vfloor_c033_0ma_v
| print meas_tramp_c033_0ma_ms
| print meas_vpk_c033_50ma_v
| print meas_vfloor_c033_50ma_v
| print meas_tramp_c033_50ma_ms
| print meas_vpk_c47_0ma_v
| print meas_vfloor_c47_0ma_v
| print meas_tramp_c47_0ma_ms
| print meas_vpk_c47_50ma_v
| print meas_vfloor_c47_50ma_v
| print meas_tramp_c47_50ma_ms
| quit
| .endc
| .end

# ==== ngspice stdout ====

Note: Compatibility modes selected: hs a


Circuit: * startup corner deck -- generated by sim/bin/corner-run.py, do not edit

option SCALE: Scale is set to 1e-06 for instance and model parameters
option SCALE: Scale is set to 1e-06 for instance and model parameters
option SCALE: Scale is set to 1e-06 for instance and model parameters
option SCALE: Scale is set to 1e-06 for instance and model parameters
Doing analysis at TEMP = 27.000000 and TNOM = 27.000000

Using KLU as Direct Linear Solver
 Reference value :  0.00000e+00
 Reference value :  1.60000e-06
 Reference value :  3.28000e-05
 Reference value :  8.28000e-05
 Reference value :  1.00300e-04
 Reference value :  1.00410e-04
 Reference value :  1.00492e-04
 Reference value :  1.00643e-04
 Reference value :  1.00800e-04
 Reference value :  1.00810e-04
 Reference value :  1.00846e-04
 Reference value :  1.00859e-04
 Reference value :  1.00900e-04
 Reference value :  1.00941e-04
 Reference value :  1.01000e-04
 Reference value :  1.01047e-04
 Reference value :  1.01655e-04
 Reference value :  1.03777e-04
 Reference value :  1.16884e-04
 Reference value :  1.23422e-04
 Reference value :  1.36301e-04
 Reference value :  1.53116e-04
 Reference value :  2.03116e-04
 Reference value :  2.53116e-04
 Reference value :  3.03116e-04
 Reference value :  3.53116e-04
 Reference value :  3.93116e-04
 Reference value :  4.33116e-04
 Reference value :  4.63116e-04
 Reference value :  5.13116e-04
 Reference value :  5.63116e-04
 Reference value :  6.13116e-04
 Reference value :  6.63116e-04
 Reference value :  7.03116e-04
 Reference value :  7.63116e-04
 Reference value :  8.13116e-04
 Reference value :  8.63116e-04
 Reference value :  9.23116e-04
 Reference value :  9.73116e-04
 Reference value :  1.01312e-03
 Reference value :  1.06312e-03
 Reference value :  1.10312e-03
 Reference value :  1.14312e-03
 Reference value :  1.18312e-03
 Reference value :  1.23312e-03
 Reference value :  1.28312e-03
 Reference value :  1.34312e-03
 Reference value :  1.38312e-03
 Reference value :  1.42312e-03
 Reference value :  1.46312e-03
 Reference value :  1.50312e-03
 Reference value :  1.54312e-03
 Reference value :  1.58312e-03
 Reference value :  1.63312e-03
 Reference value :  1.68312e-03
 Reference value :  1.72312e-03
 Reference value :  1.76312e-03
 Reference value :  1.80312e-03
 Reference value :  1.84312e-03
 Reference value :  1.90312e-03
 Reference value :  1.95312e-03
 Reference value :  2.00312e-03
 Reference value :  2.04312e-03
 Reference value :  2.08312e-03
 Reference value :  2.12312e-03
 Reference value :  2.16312e-03
 Reference value :  2.22312e-03
 Reference value :  2.27312e-03
 Reference value :  2.33312e-03
 Reference value :  2.39312e-03
 Reference value :  2.43312e-03
 Reference value :  2.48312e-03
 Reference value :  2.53312e-03
 Reference value :  2.58312e-03
 Reference value :  2.63312e-03
 Reference value :  2.67312e-03
 Reference value :  2.71312e-03
 Reference value :  2.75312e-03
 Reference value :  2.79312e-03
 Reference value :  2.83312e-03
 Reference value :  2.87312e-03
 Reference value :  2.91312e-03
 Reference value :  2.95312e-03
 Reference value :  3.00312e-03
 Reference value :  3.05312e-03
 Reference value :  3.10312e-03
 Reference value :  3.14312e-03
 Reference value :  3.18312e-03
 Reference value :  3.23312e-03
 Reference value :  3.27312e-03
 Reference value :  3.31312e-03
 Reference value :  3.34312e-03
 Reference value :  3.38312e-03
 Reference value :  3.41312e-03
 Reference value :  3.44312e-03
 Reference value :  3.47312e-03
 Reference value :  3.50312e-03
 Reference value :  3.53312e-03
 Reference value :  3.57312e-03
 Reference value :  3.61312e-03
 Reference value :  3.64312e-03
 Reference value :  3.68312e-03
 Reference value :  3.71312e-03
 Reference value :  3.75312e-03
 Reference value :  3.78312e-03
 Reference value :  3.81312e-03
 Reference value :  3.85312e-03
 Reference value :  3.88312e-03
 Reference value :  3.91312e-03
 Reference value :  3.95312e-03
 Reference value :  4.00000e-03
No. of Data Rows : 442
vpk                 =  1.81273e+00 at=  7.43116e-04
vfloor              =  1.80723e+00 at=  4.00000e-03
tset                =  4.37927e-04
Doing analysis at TEMP = 27.000000 and TNOM = 27.000000

Using KLU as Direct Linear Solver
 Reference value :  0.00000e+00
 Reference value :  8.00000e-07
 Reference value :  6.40000e-06
 Reference value :  3.28000e-05
 Reference value :  6.28000e-05
 Reference value :  1.00100e-04
 Reference value :  1.00300e-04
 Reference value :  1.00410e-04
 Reference value :  1.00492e-04
 Reference value :  1.00643e-04
 Reference value :  1.00800e-04
 Reference value :  1.00810e-04
 Reference value :  1.00846e-04
 Reference value :  1.00859e-04
 Reference value :  1.00900e-04
 Reference value :  1.00969e-04
 Reference value :  1.01009e-04
 Reference value :  1.01396e-04
 Reference value :  1.06113e-04
 Reference value :  1.14492e-04
 Reference value :  1.19089e-04
 Reference value :  1.32734e-04
 Reference value :  1.40895e-04
 Reference value :  1.89140e-04
 Reference value :  2.39140e-04
 Reference value :  2.89140e-04
 Reference value :  3.29140e-04
 Reference value :  3.79140e-04
 Reference value :  4.29140e-04
 Reference value :  4.79140e-04
 Reference value :  5.29140e-04
 Reference value :  5.69140e-04
 Reference value :  6.09140e-04
 Reference value :  6.59140e-04
 Reference value :  7.09140e-04
 Reference value :  7.59140e-04
 Reference value :  8.09140e-04
 Reference value :  8.59140e-04
 Reference value :  8.99140e-04
 Reference value :  9.49140e-04
 Reference value :  9.99140e-04
 Reference value :  1.04914e-03
 Reference value :  1.09914e-03
 Reference value :  1.14914e-03
 Reference value :  1.19914e-03
 Reference value :  1.24914e-03
 Reference value :  1.29914e-03
 Reference value :  1.34914e-03
 Reference value :  1.39914e-03
 Reference value :  1.44914e-03
 Reference value :  1.48914e-03
 Reference value :  1.53914e-03
 Reference value :  1.57914e-03
 Reference value :  1.61914e-03
 Reference value :  1.66914e-03
 Reference value :  1.70914e-03
 Reference value :  1.75914e-03
 Reference value :  1.79914e-03
 Reference value :  1.83914e-03
 Reference value :  1.87914e-03
 Reference value :  1.91914e-03
 Reference value :  1.95914e-03
 Reference value :  2.00914e-03
 Reference value :  2.06914e-03
 Reference value :  2.12914e-03
 Reference value :  2.18914e-03
 Reference value :  2.24914e-03
 Reference value :  2.30914e-03
 Reference value :  2.36914e-03
 Reference value :  2.42914e-03
 Reference value :  2.48914e-03
 Reference value :  2.52914e-03
 Reference value :  2.56914e-03
 Reference value :  2.60914e-03
 Reference value :  2.63914e-03
 Reference value :  2.66914e-03
 Reference value :  2.69914e-03
 Reference value :  2.72914e-03
 Reference value :  2.75914e-03
 Reference value :  2.80914e-03
 Reference value :  2.86914e-03
 Reference value :  2.91914e-03
 Reference value :  2.96914e-03
 Reference value :  3.01914e-03
 Reference value :  3.04914e-03
 Reference value :  3.08914e-03
 Reference value :  3.12914e-03
 Reference value :  3.17914e-03
 Reference value :  3.22914e-03
 Reference value :  3.27914e-03
 Reference value :  3.32914e-03
 Reference value :  3.37914e-03
 Reference value :  3.42914e-03
 Reference value :  3.47914e-03
 Reference value :  3.52914e-03
 Reference value :  3.57914e-03
 Reference value :  3.62914e-03
 Reference value :  3.67914e-03
 Reference value :  3.72914e-03
 Reference value :  3.77914e-03
 Reference value :  3.82914e-03
 Reference value :  3.87914e-03
 Reference value :  3.90914e-03
 Reference value :  3.94914e-03
 Reference value :  3.98914e-03
No. of Data Rows : 444
vpk                 =  1.79813e+00 at=  1.50914e-03
vfloor              =  1.79813e+00 at=  3.99457e-03
tset                =  4.59389e-04
Doing analysis at TEMP = 27.000000 and TNOM = 27.000000

Using KLU as Direct Linear Solver
 Reference value :  0.00000e+00
 Reference value :  1.60000e-06
 Reference value :  3.28000e-05
 Reference value :  8.28000e-05
 Reference value :  1.00100e-04
 Reference value :  1.00300e-04
 Reference value :  1.00410e-04
 Reference value :  1.00492e-04
 Reference value :  1.00643e-04
 Reference value :  1.00800e-04
 Reference value :  1.00810e-04
 Reference value :  1.00846e-04
 Reference value :  1.00859e-04
 Reference value :  1.00886e-04
 Reference value :  1.00916e-04
 Reference value :  1.00969e-04
 Reference value :  1.01003e-04
 Reference value :  1.01197e-04
 Reference value :  1.02609e-04
 Reference value :  1.20134e-04
 Reference value :  1.36929e-04
 Reference value :  1.66434e-04
 Reference value :  2.16434e-04
 Reference value :  2.66434e-04
 Reference value :  3.16434e-04
 Reference value :  3.66434e-04
 Reference value :  4.06434e-04
 Reference value :  4.46434e-04
 Reference value :  4.96434e-04
 Reference value :  5.46434e-04
 Reference value :  6.06434e-04
 Reference value :  6.46434e-04
 Reference value :  6.86434e-04
 Reference value :  7.16434e-04
 Reference value :  7.66434e-04
 Reference value :  8.16434e-04
 Reference value :  8.56434e-04
 Reference value :  9.06434e-04
 Reference value :  9.66434e-04
 Reference value :  1.00643e-03
 Reference value :  1.06643e-03
 Reference value :  1.12643e-03
 Reference value :  1.17643e-03
 Reference value :  1.22643e-03
 Reference value :  1.26643e-03
 Reference value :  1.30643e-03
 Reference value :  1.34643e-03
 Reference value :  1.38643e-03
 Reference value :  1.42643e-03
 Reference value :  1.47643e-03
 Reference value :  1.52643e-03
 Reference value :  1.57643e-03
 Reference value :  1.62643e-03
 Reference value :  1.66643e-03
 Reference value :  1.70643e-03
 Reference value :  1.74643e-03
 Reference value :  1.80643e-03
 Reference value :  1.85643e-03
 Reference value :  1.90643e-03
 Reference value :  1.94643e-03
 Reference value :  1.97643e-03
 Reference value :  2.01643e-03
 Reference value :  2.04643e-03
 Reference value :  2.09643e-03
 Reference value :  2.13643e-03
 Reference value :  2.18643e-03
 Reference value :  2.23643e-03
 Reference value :  2.29643e-03
 Reference value :  2.34643e-03
 Reference value :  2.40643e-03
 Reference value :  2.45643e-03
 Reference value :  2.51643e-03
 Reference value :  2.55643e-03
 Reference value :  2.59643e-03
 Reference value :  2.63643e-03
 Reference value :  2.67643e-03
 Reference value :  2.72643e-03
 Reference value :  2.77643e-03
 Reference value :  2.81643e-03
 Reference value :  2.84643e-03
 Reference value :  2.90643e-03
 Reference value :  2.94643e-03
 Reference value :  2.98643e-03
 Reference value :  3.03643e-03
 Reference value :  3.08643e-03
 Reference value :  3.12643e-03
 Reference value :  3.17643e-03
 Reference value :  3.22643e-03
 Reference value :  3.28643e-03
 Reference value :  3.34643e-03
 Reference value :  3.39643e-03
 Reference value :  3.45643e-03
 Reference value :  3.50643e-03
 Reference value :  3.55643e-03
 Reference value :  3.60643e-03
 Reference value :  3.66643e-03
 Reference value :  3.72643e-03
 Reference value :  3.77643e-03
 Reference value :  3.82643e-03
 Reference value :  3.88643e-03
 Reference value :  3.94643e-03
 Reference value :  4.00000e-03
No. of Data Rows : 441
vpk                 =  1.82202e+00 at=  7.06434e-04
vfloor              =  1.82162e+00 at=  4.00000e-03
tset                =  4.29366e-04
Doing analysis at TEMP = 27.000000 and TNOM = 27.000000

Using KLU as Direct Linear Solver
 Reference value :  0.00000e+00
 Reference value :  1.60000e-06
 Reference value :  4.28000e-05
 Reference value :  9.14000e-05
 Reference value :  1.00300e-04
 Reference value :  1.00410e-04
 Reference value :  1.00492e-04
 Reference value :  1.00554e-04
 Reference value :  1.00748e-04
 Reference value :  1.00826e-04
 Reference value :  1.00897e-04
 Reference value :  1.00948e-04
 Reference value :  1.01000e-04
 Reference value :  1.01013e-04
 Reference value :  1.01049e-04
 Reference value :  1.01258e-04
 Reference value :  1.01792e-04
 Reference value :  1.04645e-04
 Reference value :  1.20522e-04
 Reference value :  1.39059e-04
 Reference value :  1.77255e-04
 Reference value :  2.17255e-04
 Reference value :  2.57255e-04
 Reference value :  2.97255e-04
 Reference value :  3.27255e-04
 Reference value :  3.57255e-04
 Reference value :  3.97255e-04
 Reference value :  4.47255e-04
 Reference value :  4.87255e-04
 Reference value :  5.27255e-04
 Reference value :  5.67255e-04
 Reference value :  6.07255e-04
 Reference value :  6.47255e-04
 Reference value :  6.87255e-04
 Reference value :  7.17255e-04
 Reference value :  7.57255e-04
 Reference value :  7.97255e-04
 Reference value :  8.37255e-04
 Reference value :  8.67255e-04
 Reference value :  8.97255e-04
 Reference value :  9.27255e-04
 Reference value :  9.57255e-04
 Reference value :  9.87255e-04
 Reference value :  1.01725e-03
 Reference value :  1.05725e-03
 Reference value :  1.09725e-03
 Reference value :  1.13725e-03
 Reference value :  1.17725e-03
 Reference value :  1.21725e-03
 Reference value :  1.25725e-03
 Reference value :  1.29725e-03
 Reference value :  1.33725e-03
 Reference value :  1.37725e-03
 Reference value :  1.40725e-03
 Reference value :  1.43725e-03
 Reference value :  1.45725e-03
 Reference value :  1.47725e-03
 Reference value :  1.50725e-03
 Reference value :  1.52725e-03
 Reference value :  1.54725e-03
 Reference value :  1.57725e-03
 Reference value :  1.61725e-03
 Reference value :  1.65725e-03
 Reference value :  1.69725e-03
 Reference value :  1.72725e-03
 Reference value :  1.75725e-03
 Reference value :  1.78725e-03
 Reference value :  1.81725e-03
 Reference value :  1.84725e-03
 Reference value :  1.87725e-03
 Reference value :  1.90725e-03
 Reference value :  1.93725e-03
 Reference value :  1.96725e-03
 Reference value :  1.99725e-03
 Reference value :  2.03725e-03
 Reference value :  2.06725e-03
 Reference value :  2.10725e-03
 Reference value :  2.14725e-03
 Reference value :  2.18725e-03
 Reference value :  2.22725e-03
 Reference value :  2.26725e-03
 Reference value :  2.30725e-03
 Reference value :  2.33725e-03
 Reference value :  2.36725e-03
 Reference value :  2.40725e-03
 Reference value :  2.44725e-03
 Reference value :  2.48725e-03
 Reference value :  2.52725e-03
 Reference value :  2.55725e-03
 Reference value :  2.59725e-03
 Reference value :  2.63725e-03
 Reference value :  2.67725e-03
 Reference value :  2.70725e-03
 Reference value :  2.73725e-03
 Reference value :  2.76725e-03
 Reference value :  2.79725e-03
 Reference value :  2.82725e-03
 Reference value :  2.85725e-03
 Reference value :  2.88725e-03
 Reference value :  2.91725e-03
 Reference value :  2.94725e-03
 Reference value :  2.98725e-03
 Reference value :  3.02725e-03
 Reference value :  3.06725e-03
 Reference value :  3.10725e-03
 Reference value :  3.14725e-03
 Reference value :  3.17725e-03
 Reference value :  3.20725e-03
 Reference value :  3.23725e-03
 Reference value :  3.27725e-03
 Reference value :  3.31725e-03
 Reference value :  3.35725e-03
 Reference value :  3.39725e-03
 Reference value :  3.43725e-03
 Reference value :  3.47725e-03
 Reference value :  3.51725e-03
 Reference value :  3.55725e-03
 Reference value :  3.59725e-03
 Reference value :  3.63725e-03
 Reference value :  3.67725e-03
 Reference value :  3.70725e-03
 Reference value :  3.74725e-03
 Reference value :  3.78725e-03
 Reference value :  3.82725e-03
 Reference value :  3.86725e-03
 Reference value :  3.89725e-03
 Reference value :  3.92725e-03
 Reference value :  3.95725e-03
 Reference value :  3.98725e-03
No. of Data Rows : 436
vpk                 =  1.79816e+00 at=  4.00000e-03
vfloor              =  1.79811e+00 at=  3.11725e-03
tset                =  4.42900e-04
meas_vpk_c033_0ma_v = 1.812734e+00
meas_vfloor_c033_0ma_v = 1.807230e+00
meas_tramp_c033_0ma_ms = 3.379272e-01
meas_vpk_c033_50ma_v = 1.798126e+00
meas_vfloor_c033_50ma_v = 1.798126e+00
meas_tramp_c033_50ma_ms = 3.593892e-01
meas_vpk_c47_0ma_v = 1.822018e+00
meas_vfloor_c47_0ma_v = 1.821624e+00
meas_tramp_c47_0ma_ms = 3.293655e-01
meas_vpk_c47_50ma_v = 1.798162e+00
meas_vfloor_c47_50ma_v = 1.798114e+00
meas_tramp_c47_50ma_ms = 3.429003e-01
ngspice-46 done

# ==== ngspice stderr ====
Note: Starting dynamic gmin stepping
Warning: Dynamic gmin stepping failed
Note: Starting true gmin stepping
Note: True gmin stepping completed
Note: Starting dynamic gmin stepping
Warning: Dynamic gmin stepping failed
Note: Starting true gmin stepping
Note: True gmin stepping completed
Note: Starting dynamic gmin stepping
Warning: Dynamic gmin stepping failed
Note: Starting true gmin stepping
Note: True gmin stepping completed
Note: Starting dynamic gmin stepping
Warning: Dynamic gmin stepping failed
Note: Starting true gmin stepping
Note: True gmin stepping completed
