# corner: sf_-40c_3.63v
# process=sf temp=-40C supply=3.63V
# ngspice exit: 0
# wall clock: 107.4s (--timeout was 300s)
# result: PASS

# ==== deck (exact input given to ngspice) ====
| * startup corner deck -- generated by sim/bin/corner-run.py, do not edit
| * corner: sf_-40c_3.63v
| .param vsup=3.63
| .option wnflag=1
| .temp -40
| .lib "/home/ubuntu/.volare/sky130A/libs.tech/combined/sky130.lib.spice" sf
| ** sch_path: sim/startup/testbench/tb_startup.sch
| **.subckt tb_startup
| VVIN VIN 0 'vsup'
| .save i(vvin)
| VEN EN 0 PULSE(0 'vsup' 100u 1u 1u 100 200)
| .save i(ven)
| VVREF VREF 0 1.2
| .save i(vvref)
| xldo VOUT VREF EN VIN ldo_3v3in_1v8out
| COUT VOUT VESR 0.33u m=1
| RESR VESR 0 10m m=1
| RLOAD VOUT 0 1e12 m=1
| **.ends
| 
| * expanding   symbol:  design/ldo_3v3in_1v8out.sym # of pins=4
| ** sym_path: design/ldo_3v3in_1v8out.sym
| ** sch_path: design/ldo_3v3in_1v8out.sch
| .subckt ldo_3v3in_1v8out VOUT VREF EN VIN
| *.ipin VIN
| *.ipin EN
| *.ipin VREF
| *.opin VOUT
| XR_BIAS VIN NB 0 sky130_fd_pr__res_high_po W=0.42 L=1500 mult=1 m=1
| XM_BIASN1 NB NB BIAS_ENN 0 sky130_fd_pr__nfet_g5v0d10v5 L=1 W=4 nf=1 ad=1.16 as=1.16 pd=8.58 ps=8.58 nrd=0.0725 nrs=0.0725 sa=0
| + sb=0 sd=0 mult=1 m=1
| XM_ENN BIAS_ENN EN 0 0 sky130_fd_pr__nfet_g5v0d10v5 L=0.5 W=10 nf=1 ad=2.9 as=2.9 pd=20.58 ps=20.58 nrd=0.029 nrs=0.029 sa=0 sb=0
| + sd=0 mult=1 m=1
| XM_BIASN2 BIASP NB BIAS_ENN 0 sky130_fd_pr__nfet_g5v0d10v5 L=1 W=4 nf=1 ad=1.16 as=1.16 pd=8.58 ps=8.58 nrd=0.0725 nrs=0.0725 sa=0
| + sb=0 sd=0 mult=1 m=1
| XM_BIASP1 BIASP BIASP VIN VIN sky130_fd_pr__pfet_g5v0d10v5 L=1 W=10 nf=2 ad=1.45 as=2.9 pd=10.58 ps=21.16 nrd=0.029 nrs=0.029 sa=0
| + sb=0 sd=0 mult=1 m=1
| XM_ENP2 BIASP EN VIN VIN sky130_fd_pr__pfet_g5v0d10v5 L=0.5 W=10 nf=1 ad=2.9 as=2.9 pd=20.58 ps=20.58 nrd=0.029 nrs=0.029 sa=0
| + sb=0 sd=0 mult=1 m=1
| XM_TAIL EA_TAIL BIASP VIN VIN sky130_fd_pr__pfet_g5v0d10v5 L=2 W=40 nf=8 ad=5.8 as=7.25 pd=42.32 ps=52.9 nrd=0.00725 nrs=0.00725
| + sa=0 sb=0 sd=0 mult=1 m=1
| XM_IN1 EA_D1 FB EA_TAIL VIN sky130_fd_pr__pfet_g5v0d10v5 L=2 W=10 nf=2 ad=1.45 as=2.9 pd=10.58 ps=21.16 nrd=0.029 nrs=0.029 sa=0
| + sb=0 sd=0 mult=1 m=1
| XM_IN2 EA_D2 VREF EA_TAIL VIN sky130_fd_pr__pfet_g5v0d10v5 L=2 W=10 nf=2 ad=1.45 as=2.9 pd=10.58 ps=21.16 nrd=0.029 nrs=0.029 sa=0
| + sb=0 sd=0 mult=1 m=1
| XM_MIR1 EA_D1 EA_D1 AMP_ENN 0 sky130_fd_pr__nfet_g5v0d10v5 L=4 W=10 nf=2 ad=1.45 as=2.9 pd=10.58 ps=21.16 nrd=0.029 nrs=0.029 sa=0
| + sb=0 sd=0 mult=1 m=1
| XM_MIR2 EA_OUT EA_D1 AMP_ENN 0 sky130_fd_pr__nfet_g5v0d10v5 L=4 W=10 nf=2 ad=1.45 as=2.9 pd=10.58 ps=21.16 nrd=0.029 nrs=0.029
| + sa=0 sb=0 sd=0 mult=1 m=1
| XM_ENN2 AMP_ENN EN 0 0 sky130_fd_pr__nfet_g5v0d10v5 L=0.5 W=10 nf=1 ad=2.9 as=2.9 pd=20.58 ps=20.58 nrd=0.029 nrs=0.029 sa=0 sb=0
| + sd=0 mult=1 m=1
| XM_ENP EA_OUT EN VIN VIN sky130_fd_pr__pfet_g5v0d10v5 L=0.5 W=10 nf=1 ad=2.9 as=2.9 pd=20.58 ps=20.58 nrd=0.029 nrs=0.029 sa=0
| + sb=0 sd=0 mult=1 m=1
| XM_MIR3 EA_D2 EA_D2 AMP_ENN 0 sky130_fd_pr__nfet_g5v0d10v5 L=4 W=10 nf=2 ad=1.45 as=2.9 pd=10.58 ps=21.16 nrd=0.029 nrs=0.029 sa=0
| + sb=0 sd=0 mult=1 m=1
| XM_MIR4 PB EA_D2 AMP_ENN 0 sky130_fd_pr__nfet_g5v0d10v5 L=4 W=10 nf=2 ad=1.45 as=2.9 pd=10.58 ps=21.16 nrd=0.029 nrs=0.029 sa=0
| + sb=0 sd=0 mult=1 m=1
| XM_MIRP1 PB PB VIN VIN sky130_fd_pr__pfet_g5v0d10v5 L=4 W=20 nf=4 ad=2.9 as=4.35 pd=21.16 ps=31.74 nrd=0.0145 nrs=0.0145 sa=0 sb=0
| + sd=0 mult=1 m=1
| XM_MIRP2 EA_OUT PB VIN VIN sky130_fd_pr__pfet_g5v0d10v5 L=4 W=20 nf=4 ad=2.9 as=4.35 pd=21.16 ps=31.74 nrd=0.0145 nrs=0.0145 sa=0
| + sb=0 sd=0 mult=1 m=1
| XM_ENP5 PB EN VIN VIN sky130_fd_pr__pfet_g5v0d10v5 L=0.5 W=2 nf=1 ad=0.58 as=0.58 pd=4.58 ps=4.58 nrd=0.145 nrs=0.145 sa=0 sb=0
| + sd=0 mult=1 m=1
| XM_PASS VOUT EA_OUT VIN VIN sky130_fd_pr__pfet_g5v0d10v5 L=0.5 W=100 nf=25 ad=15.08 as=15.08 pd=111.54 ps=111.54 nrd=0.0029
| + nrs=0.0029 sa=0 sb=0 sd=0 mult=25 m=25
| C_COMP VOUT EA_CZ 150p m=1
| XR_CZ EA_CZ EA_OUT 0 sky130_fd_pr__res_xhigh_po W=0.42 L=52 mult=1 m=1
| XR_FB_A VOUT FB 0 sky130_fd_pr__res_xhigh_po W=0.42 L=180 mult=1 m=1
| XR_FB_B FB N_FBB 0 sky130_fd_pr__res_xhigh_po W=0.42 L=180 mult=1 m=1
| XR_FB_C N_FBB 0 0 sky130_fd_pr__res_xhigh_po W=0.42 L=180 mult=1 m=1
| XM_SENSE CL_SNS EA_OUT VIN VIN sky130_fd_pr__pfet_g5v0d10v5 L=0.5 W=0.42 nf=1 ad=0.1218 as=0.1218 pd=1.42 ps=1.42
| + nrd=0.69047619047619 nrs=0.69047619047619 sa=0 sb=0 sd=0 mult=1 m=1
| XM_CLN1 CL_SNS CL_SNS AMP_ENN 0 sky130_fd_pr__nfet_g5v0d10v5 L=1 W=20 nf=1 ad=5.8 as=5.8 pd=40.58 ps=40.58 nrd=0.0145 nrs=0.0145
| + sa=0 sb=0 sd=0 mult=1 m=1
| XM_CLN2 CL_CMP CL_SNS AMP_ENN 0 sky130_fd_pr__nfet_g5v0d10v5 L=1 W=1.6 nf=1 ad=0.464 as=0.464 pd=3.78 ps=3.78 nrd=0.18125
| + nrs=0.18125 sa=0 sb=0 sd=0 mult=1 m=1
| XM_CLP CL_CMP BIASP VIN VIN sky130_fd_pr__pfet_g5v0d10v5 L=1 W=10 nf=2 ad=1.45 as=2.9 pd=10.58 ps=21.16 nrd=0.029 nrs=0.029 sa=0
| + sb=0 sd=0 mult=1 m=1
| XM_CLIM EA_OUT CL_CMP VIN VIN sky130_fd_pr__pfet_g5v0d10v5 L=0.5 W=20 nf=4 ad=2.9 as=4.35 pd=21.16 ps=31.74 nrd=0.0145 nrs=0.0145
| + sa=0 sb=0 sd=0 mult=1 m=1
| XM_ENP3 CL_CMP EN VIN VIN sky130_fd_pr__pfet_g5v0d10v5 L=0.5 W=2 nf=1 ad=0.58 as=0.58 pd=4.58 ps=4.58 nrd=0.145 nrs=0.145 sa=0
| + sb=0 sd=0 mult=1 m=1
| C_CL VIN CL_CMP 1p m=1
| XM_INVP ENB EN VIN VIN sky130_fd_pr__pfet_g5v0d10v5 L=0.5 W=2 nf=1 ad=0.58 as=0.58 pd=4.58 ps=4.58 nrd=0.145 nrs=0.145 sa=0 sb=0
| + sd=0 mult=1 m=1
| XM_INVN ENB EN 0 0 sky130_fd_pr__nfet_g5v0d10v5 L=0.5 W=1 nf=1 ad=0.29 as=0.29 pd=2.58 ps=2.58 nrd=0.29 nrs=0.29 sa=0 sb=0 sd=0
| + mult=1 m=1
| XM_SSDIS SS ENB 0 0 sky130_fd_pr__nfet_g5v0d10v5 L=0.5 W=2 nf=1 ad=0.58 as=0.58 pd=4.58 ps=4.58 nrd=0.145 nrs=0.145 sa=0 sb=0 sd=0
| + mult=1 m=1
| XM_SSCHG SS BIASP VIN VIN sky130_fd_pr__pfet_g5v0d10v5 L=8 W=1 nf=1 ad=0.29 as=0.29 pd=2.58 ps=2.58 nrd=0.29 nrs=0.29 sa=0 sb=0
| + sd=0 mult=1 m=1
| C_SS SS 0 10p m=1
| XM_IN2S EA_D2 SS EA_TAIL VIN sky130_fd_pr__pfet_g5v0d10v5 L=2 W=10 nf=2 ad=1.45 as=2.9 pd=10.58 ps=21.16 nrd=0.029 nrs=0.029 sa=0
| + sb=0 sd=0 mult=1 m=1
| XM_TSPS TS_SNS BIASP VIN VIN sky130_fd_pr__pfet_g5v0d10v5 L=1 W=2.5 nf=1 ad=0.725 as=0.725 pd=5.58 ps=5.58 nrd=0.116 nrs=0.116
| + sa=0 sb=0 sd=0 mult=1 m=1
| XM_TSD1 TS_SNS TS_SNS TS_MID 0 sky130_fd_pr__nfet_g5v0d10v5 L=1 W=80 nf=16 ad=11.6 as=13.05 pd=84.64 ps=95.22 nrd=0.003625
| + nrs=0.003625 sa=0 sb=0 sd=0 mult=1 m=1
| XM_TSD2 TS_MID TS_MID AMP_ENN 0 sky130_fd_pr__nfet_g5v0d10v5 L=1 W=80 nf=16 ad=11.6 as=13.05 pd=84.64 ps=95.22 nrd=0.003625
| + nrs=0.003625 sa=0 sb=0 sd=0 mult=1 m=1
| XM_TSPR TS_REF BIASP VIN VIN sky130_fd_pr__pfet_g5v0d10v5 L=1 W=2.5 nf=1 ad=0.725 as=0.725 pd=5.58 ps=5.58 nrd=0.116 nrs=0.116
| + sa=0 sb=0 sd=0 mult=1 m=1
| XM_TSR1 TS_REF TS_REF AMP_ENN 0 sky130_fd_pr__nfet_g5v0d10v5 L=10 W=2 nf=1 ad=0.58 as=0.58 pd=4.58 ps=4.58 nrd=0.145 nrs=0.145
| + sa=0 sb=0 sd=0 mult=1 m=1
| XM_TCTAIL TC_TAIL NB AMP_ENN 0 sky130_fd_pr__nfet_g5v0d10v5 L=1 W=1 nf=1 ad=0.29 as=0.29 pd=2.58 ps=2.58 nrd=0.29 nrs=0.29 sa=0
| + sb=0 sd=0 mult=1 m=1
| XM_TCN1 TC_D1 TS_SNS TC_TAIL 0 sky130_fd_pr__nfet_g5v0d10v5 L=2 W=10 nf=2 ad=1.45 as=2.9 pd=10.58 ps=21.16 nrd=0.029 nrs=0.029
| + sa=0 sb=0 sd=0 mult=1 m=1
| XM_TCN2 TS_CMP TS_REF TC_TAIL 0 sky130_fd_pr__nfet_g5v0d10v5 L=2 W=10 nf=2 ad=1.45 as=2.9 pd=10.58 ps=21.16 nrd=0.029 nrs=0.029
| + sa=0 sb=0 sd=0 mult=1 m=1
| XM_TCP1 TC_D1 TC_D1 VIN VIN sky130_fd_pr__pfet_g5v0d10v5 L=2 W=10 nf=2 ad=1.45 as=2.9 pd=10.58 ps=21.16 nrd=0.029 nrs=0.029 sa=0
| + sb=0 sd=0 mult=1 m=1
| XM_TCP2 TS_CMP TC_D1 VIN VIN sky130_fd_pr__pfet_g5v0d10v5 L=2 W=10 nf=2 ad=1.45 as=2.9 pd=10.58 ps=21.16 nrd=0.029 nrs=0.029 sa=0
| + sb=0 sd=0 mult=1 m=1
| XM_TSHUT EA_OUT TS_CMP VIN VIN sky130_fd_pr__pfet_g5v0d10v5 L=0.5 W=20 nf=4 ad=2.9 as=4.35 pd=21.16 ps=31.74 nrd=0.0145 nrs=0.0145
| + sa=0 sb=0 sd=0 mult=1 m=1
| XM_TSHYSB TS_HYS BIASP VIN VIN sky130_fd_pr__pfet_g5v0d10v5 L=2 W=1.5 nf=1 ad=0.435 as=0.435 pd=3.58 ps=3.58 nrd=0.193333333333333
| + nrs=0.193333333333333 sa=0 sb=0 sd=0 mult=1 m=1
| XM_TSHYS TS_REF TS_CMP TS_HYS VIN sky130_fd_pr__pfet_g5v0d10v5 L=0.5 W=2 nf=1 ad=0.58 as=0.58 pd=4.58 ps=4.58 nrd=0.145 nrs=0.145
| + sa=0 sb=0 sd=0 mult=1 m=1
| XM_ENP4 TS_CMP EN VIN VIN sky130_fd_pr__pfet_g5v0d10v5 L=0.5 W=2 nf=1 ad=0.58 as=0.58 pd=4.58 ps=4.58 nrd=0.145 nrs=0.145 sa=0
| + sb=0 sd=0 mult=1 m=1
| C_TS VIN TS_CMP 1p m=1
| .ends
| 
| .control
| save all
| * --- leg 1: C_out 0.33uF, 0 mA (feedback divider is the only preload) ---
| tran 10u 4m
| meas tran vpk max v(vout) from=100u to=4m
| meas tran vfloor min v(vout) from=3.1m to=4m
| meas tran tset when v(vout)=1.764 rise=1
| * --- leg 2: C_out 0.33uF, 50 mA ---
| alter rload = 36
| tran 10u 4m
| meas tran vpk max v(vout) from=100u to=4m
| meas tran vfloor min v(vout) from=3.1m to=4m
| meas tran tset when v(vout)=1.764 rise=1
| * --- leg 3: C_out 4.7uF, 0 mA ---
| alter cout = 4.7u
| alter rload = 1e12
| tran 10u 4m
| meas tran vpk max v(vout) from=100u to=4m
| meas tran vfloor min v(vout) from=3.1m to=4m
| meas tran tset when v(vout)=1.764 rise=1
| * --- leg 4: C_out 4.7uF, 50 mA ---
| alter rload = 36
| tran 10u 4m
| meas tran vpk max v(vout) from=100u to=4m
| meas tran vfloor min v(vout) from=3.1m to=4m
| meas tran tset when v(vout)=1.764 rise=1
| let meas_vpk_c033_0ma_v = tran1.vpk
| let meas_vfloor_c033_0ma_v = tran1.vfloor
| let meas_tramp_c033_0ma_ms = 1000*(tran1.tset - 100u)
| let meas_vpk_c033_50ma_v = tran2.vpk
| let meas_vfloor_c033_50ma_v = tran2.vfloor
| let meas_tramp_c033_50ma_ms = 1000*(tran2.tset - 100u)
| let meas_vpk_c47_0ma_v = tran3.vpk
| let meas_vfloor_c47_0ma_v = tran3.vfloor
| let meas_tramp_c47_0ma_ms = 1000*(tran3.tset - 100u)
| let meas_vpk_c47_50ma_v = tran4.vpk
| let meas_vfloor_c47_50ma_v = tran4.vfloor
| let meas_tramp_c47_50ma_ms = 1000*(tran4.tset - 100u)
| print meas_vpk_c033_0ma_v
| print meas_vfloor_c033_0ma_v
| print meas_tramp_c033_0ma_ms
| print meas_vpk_c033_50ma_v
| print meas_vfloor_c033_50ma_v
| print meas_tramp_c033_50ma_ms
| print meas_vpk_c47_0ma_v
| print meas_vfloor_c47_0ma_v
| print meas_tramp_c47_0ma_ms
| print meas_vpk_c47_50ma_v
| print meas_vfloor_c47_50ma_v
| print meas_tramp_c47_50ma_ms
| quit
| .endc
| .end

# ==== ngspice stdout ====

Note: Compatibility modes selected: hs a


Circuit: * startup corner deck -- generated by sim/bin/corner-run.py, do not edit

option SCALE: Scale is set to 1e-06 for instance and model parameters
option SCALE: Scale is set to 1e-06 for instance and model parameters
option SCALE: Scale is set to 1e-06 for instance and model parameters
option SCALE: Scale is set to 1e-06 for instance and model parameters
Doing analysis at TEMP = -40.000000 and TNOM = 27.000000

Using KLU as Direct Linear Solver
 Reference value :  0.00000e+00
 Reference value :  8.00000e-07
 Reference value :  1.28000e-05
 Reference value :  5.28000e-05
 Reference value :  9.14000e-05
 Reference value :  1.00300e-04
 Reference value :  1.00410e-04
 Reference value :  1.00493e-04
 Reference value :  1.00624e-04
 Reference value :  1.00764e-04
 Reference value :  1.00807e-04
 Reference value :  1.00836e-04
 Reference value :  1.00893e-04
 Reference value :  1.00943e-04
 Reference value :  1.01000e-04
 Reference value :  1.01009e-04
 Reference value :  1.01089e-04
 Reference value :  1.01731e-04
 Reference value :  1.06285e-04
 Reference value :  1.14764e-04
 Reference value :  1.19700e-04
 Reference value :  1.24270e-04
 Reference value :  1.35558e-04
 Reference value :  1.62048e-04
 Reference value :  2.02048e-04
 Reference value :  2.42048e-04
 Reference value :  2.82048e-04
 Reference value :  3.22048e-04
 Reference value :  3.62048e-04
 Reference value :  4.02048e-04
 Reference value :  4.32048e-04
 Reference value :  4.62048e-04
 Reference value :  4.82048e-04
 Reference value :  5.12048e-04
 Reference value :  5.42048e-04
 Reference value :  5.72048e-04
 Reference value :  6.12048e-04
 Reference value :  6.62048e-04
 Reference value :  7.12048e-04
 Reference value :  7.72048e-04
 Reference value :  8.12048e-04
 Reference value :  8.72048e-04
 Reference value :  9.22048e-04
 Reference value :  9.62048e-04
 Reference value :  9.92048e-04
 Reference value :  1.03205e-03
 Reference value :  1.08205e-03
 Reference value :  1.12205e-03
 Reference value :  1.15205e-03
 Reference value :  1.18205e-03
 Reference value :  1.22205e-03
 Reference value :  1.25205e-03
 Reference value :  1.29205e-03
 Reference value :  1.32205e-03
 Reference value :  1.36205e-03
 Reference value :  1.40205e-03
 Reference value :  1.43205e-03
 Reference value :  1.47205e-03
 Reference value :  1.51205e-03
 Reference value :  1.55205e-03
 Reference value :  1.59205e-03
 Reference value :  1.63205e-03
 Reference value :  1.67205e-03
 Reference value :  1.72205e-03
 Reference value :  1.76205e-03
 Reference value :  1.81205e-03
 Reference value :  1.86205e-03
 Reference value :  1.91205e-03
 Reference value :  1.96205e-03
 Reference value :  2.01205e-03
 Reference value :  2.06205e-03
 Reference value :  2.10205e-03
 Reference value :  2.14205e-03
 Reference value :  2.18205e-03
 Reference value :  2.21205e-03
 Reference value :  2.26205e-03
 Reference value :  2.31205e-03
 Reference value :  2.35205e-03
 Reference value :  2.40205e-03
 Reference value :  2.45205e-03
 Reference value :  2.49205e-03
 Reference value :  2.53205e-03
 Reference value :  2.58205e-03
 Reference value :  2.63205e-03
 Reference value :  2.68205e-03
 Reference value :  2.73205e-03
 Reference value :  2.77205e-03
 Reference value :  2.81205e-03
 Reference value :  2.85205e-03
 Reference value :  2.90205e-03
 Reference value :  2.95205e-03
 Reference value :  3.00205e-03
 Reference value :  3.04205e-03
 Reference value :  3.08205e-03
 Reference value :  3.12205e-03
 Reference value :  3.16205e-03
 Reference value :  3.21205e-03
 Reference value :  3.25205e-03
 Reference value :  3.29205e-03
 Reference value :  3.34205e-03
 Reference value :  3.39205e-03
 Reference value :  3.45205e-03
 Reference value :  3.51205e-03
 Reference value :  3.56205e-03
 Reference value :  3.61205e-03
 Reference value :  3.66205e-03
 Reference value :  3.71205e-03
 Reference value :  3.75205e-03
 Reference value :  3.79205e-03
 Reference value :  3.83205e-03
 Reference value :  3.87205e-03
 Reference value :  3.91205e-03
 Reference value :  3.95205e-03
 Reference value :  3.99102e-03
No. of Data Rows : 439
vpk                 =  1.80741e+00 at=  6.42048e-04
vfloor              =  1.80178e+00 at=  4.00000e-03
tset                =  3.14023e-04
Doing analysis at TEMP = -40.000000 and TNOM = 27.000000

Using KLU as Direct Linear Solver
 Reference value :  0.00000e+00
 Reference value :  8.00000e-07
 Reference value :  1.28000e-05
 Reference value :  4.28000e-05
 Reference value :  8.28000e-05
 Reference value :  1.00100e-04
 Reference value :  1.00300e-04
 Reference value :  1.00410e-04
 Reference value :  1.00493e-04
 Reference value :  1.00557e-04
 Reference value :  1.00697e-04
 Reference value :  1.00764e-04
 Reference value :  1.00807e-04
 Reference value :  1.00836e-04
 Reference value :  1.00893e-04
 Reference value :  1.00943e-04
 Reference value :  1.00986e-04
 Reference value :  1.01009e-04
 Reference value :  1.01043e-04
 Reference value :  1.01181e-04
 Reference value :  1.02468e-04
 Reference value :  1.10442e-04
 Reference value :  1.18522e-04
 Reference value :  1.26950e-04
 Reference value :  1.50361e-04
 Reference value :  1.90361e-04
 Reference value :  2.40361e-04
 Reference value :  2.70361e-04
 Reference value :  2.90361e-04
 Reference value :  3.40361e-04
 Reference value :  3.90361e-04
 Reference value :  4.30361e-04
 Reference value :  4.70361e-04
 Reference value :  5.10361e-04
 Reference value :  5.50361e-04
 Reference value :  5.90361e-04
 Reference value :  6.30361e-04
 Reference value :  6.60361e-04
 Reference value :  7.00361e-04
 Reference value :  7.30361e-04
 Reference value :  7.70361e-04
 Reference value :  8.10361e-04
 Reference value :  8.60361e-04
 Reference value :  9.00361e-04
 Reference value :  9.40361e-04
 Reference value :  9.80361e-04
 Reference value :  1.02036e-03
 Reference value :  1.05036e-03
 Reference value :  1.10036e-03
 Reference value :  1.14036e-03
 Reference value :  1.18036e-03
 Reference value :  1.21036e-03
 Reference value :  1.25036e-03
 Reference value :  1.28036e-03
 Reference value :  1.31036e-03
 Reference value :  1.35036e-03
 Reference value :  1.40036e-03
 Reference value :  1.46036e-03
 Reference value :  1.51036e-03
 Reference value :  1.55036e-03
 Reference value :  1.61036e-03
 Reference value :  1.66036e-03
 Reference value :  1.72036e-03
 Reference value :  1.77036e-03
 Reference value :  1.82036e-03
 Reference value :  1.87036e-03
 Reference value :  1.91036e-03
 Reference value :  1.95036e-03
 Reference value :  1.98036e-03
 Reference value :  2.02036e-03
 Reference value :  2.08036e-03
 Reference value :  2.12036e-03
 Reference value :  2.18036e-03
 Reference value :  2.23036e-03
 Reference value :  2.28036e-03
 Reference value :  2.33036e-03
 Reference value :  2.38036e-03
 Reference value :  2.44036e-03
 Reference value :  2.48036e-03
 Reference value :  2.52036e-03
 Reference value :  2.55036e-03
 Reference value :  2.58036e-03
 Reference value :  2.61036e-03
 Reference value :  2.64036e-03
 Reference value :  2.67036e-03
 Reference value :  2.70036e-03
 Reference value :  2.73036e-03
 Reference value :  2.77036e-03
 Reference value :  2.81036e-03
 Reference value :  2.85036e-03
 Reference value :  2.89036e-03
 Reference value :  2.93036e-03
 Reference value :  2.97036e-03
 Reference value :  3.01036e-03
 Reference value :  3.05036e-03
 Reference value :  3.08036e-03
 Reference value :  3.11036e-03
 Reference value :  3.14036e-03
 Reference value :  3.17036e-03
 Reference value :  3.21036e-03
 Reference value :  3.25036e-03
 Reference value :  3.29036e-03
 Reference value :  3.33036e-03
 Reference value :  3.37036e-03
 Reference value :  3.40036e-03
 Reference value :  3.43036e-03
 Reference value :  3.46036e-03
 Reference value :  3.50036e-03
 Reference value :  3.54036e-03
 Reference value :  3.58036e-03
 Reference value :  3.62036e-03
 Reference value :  3.65036e-03
 Reference value :  3.68036e-03
 Reference value :  3.71036e-03
 Reference value :  3.75036e-03
 Reference value :  3.79036e-03
 Reference value :  3.82036e-03
 Reference value :  3.85036e-03
 Reference value :  3.89036e-03
 Reference value :  3.93036e-03
 Reference value :  3.97036e-03
No. of Data Rows : 439
vpk                 =  1.79836e+00 at=  1.03036e-03
vfloor              =  1.79836e+00 at=  4.00000e-03
tset                =  3.44290e-04
Doing analysis at TEMP = -40.000000 and TNOM = 27.000000

Using KLU as Direct Linear Solver
 Reference value :  0.00000e+00
 Reference value :  4.00000e-07
 Reference value :  6.40000e-06
 Reference value :  3.28000e-05
 Reference value :  6.28000e-05
 Reference value :  1.00000e-04
 Reference value :  1.00300e-04
 Reference value :  1.00410e-04
 Reference value :  1.00493e-04
 Reference value :  1.00557e-04
 Reference value :  1.00624e-04
 Reference value :  1.00764e-04
 Reference value :  1.00807e-04
 Reference value :  1.00836e-04
 Reference value :  1.00893e-04
 Reference value :  1.00943e-04
 Reference value :  1.01000e-04
 Reference value :  1.01020e-04
 Reference value :  1.01089e-04
 Reference value :  1.01731e-04
 Reference value :  1.06285e-04
 Reference value :  1.14764e-04
 Reference value :  1.19702e-04
 Reference value :  1.29226e-04
 Reference value :  1.42913e-04
 Reference value :  1.62913e-04
 Reference value :  1.92913e-04
 Reference value :  2.22913e-04
 Reference value :  2.52913e-04
 Reference value :  2.82913e-04
 Reference value :  3.12913e-04
 Reference value :  3.42913e-04
 Reference value :  3.72913e-04
 Reference value :  4.02913e-04
 Reference value :  4.32913e-04
 Reference value :  4.52913e-04
 Reference value :  4.72913e-04
 Reference value :  4.92913e-04
 Reference value :  5.12913e-04
 Reference value :  5.32913e-04
 Reference value :  5.52913e-04
 Reference value :  5.92913e-04
 Reference value :  6.22913e-04
 Reference value :  6.62913e-04
 Reference value :  7.02913e-04
 Reference value :  7.42913e-04
 Reference value :  7.82913e-04
 Reference value :  8.22913e-04
 Reference value :  8.52913e-04
 Reference value :  8.82913e-04
 Reference value :  9.22913e-04
 Reference value :  9.62913e-04
 Reference value :  9.92913e-04
 Reference value :  1.02291e-03
 Reference value :  1.06291e-03
 Reference value :  1.10291e-03
 Reference value :  1.13291e-03
 Reference value :  1.17291e-03
 Reference value :  1.21291e-03
 Reference value :  1.24291e-03
 Reference value :  1.27291e-03
 Reference value :  1.30291e-03
 Reference value :  1.34291e-03
 Reference value :  1.38291e-03
 Reference value :  1.42291e-03
 Reference value :  1.46291e-03
 Reference value :  1.49291e-03
 Reference value :  1.53291e-03
 Reference value :  1.57291e-03
 Reference value :  1.61291e-03
 Reference value :  1.64291e-03
 Reference value :  1.68291e-03
 Reference value :  1.72291e-03
 Reference value :  1.76291e-03
 Reference value :  1.80291e-03
 Reference value :  1.84291e-03
 Reference value :  1.87291e-03
 Reference value :  1.90291e-03
 Reference value :  1.94291e-03
 Reference value :  1.98291e-03
 Reference value :  2.02291e-03
 Reference value :  2.06291e-03
 Reference value :  2.10291e-03
 Reference value :  2.15291e-03
 Reference value :  2.19291e-03
 Reference value :  2.23291e-03
 Reference value :  2.27291e-03
 Reference value :  2.32291e-03
 Reference value :  2.36291e-03
 Reference value :  2.40291e-03
 Reference value :  2.44291e-03
 Reference value :  2.47291e-03
 Reference value :  2.50291e-03
 Reference value :  2.53291e-03
 Reference value :  2.56291e-03
 Reference value :  2.60291e-03
 Reference value :  2.64291e-03
 Reference value :  2.68291e-03
 Reference value :  2.71291e-03
 Reference value :  2.74291e-03
 Reference value :  2.77291e-03
 Reference value :  2.81291e-03
 Reference value :  2.85291e-03
 Reference value :  2.88291e-03
 Reference value :  2.91291e-03
 Reference value :  2.94291e-03
 Reference value :  2.98291e-03
 Reference value :  3.02291e-03
 Reference value :  3.06291e-03
 Reference value :  3.10291e-03
 Reference value :  3.14291e-03
 Reference value :  3.19291e-03
 Reference value :  3.23291e-03
 Reference value :  3.27291e-03
 Reference value :  3.31291e-03
 Reference value :  3.35291e-03
 Reference value :  3.38291e-03
 Reference value :  3.41291e-03
 Reference value :  3.44291e-03
 Reference value :  3.48291e-03
 Reference value :  3.52291e-03
 Reference value :  3.56291e-03
 Reference value :  3.60291e-03
 Reference value :  3.64291e-03
 Reference value :  3.68291e-03
 Reference value :  3.72291e-03
 Reference value :  3.76291e-03
 Reference value :  3.79291e-03
 Reference value :  3.82291e-03
 Reference value :  3.85291e-03
 Reference value :  3.89291e-03
 Reference value :  3.93291e-03
 Reference value :  3.97291e-03
 Reference value :  4.00000e-03
No. of Data Rows : 439
vpk                 =  1.81451e+00 at=  5.52913e-04
vfloor              =  1.81411e+00 at=  4.00000e-03
tset                =  3.00773e-04
Doing analysis at TEMP = -40.000000 and TNOM = 27.000000

Using KLU as Direct Linear Solver
 Reference value :  0.00000e+00
 Reference value :  8.00000e-07
 Reference value :  1.28000e-05
 Reference value :  5.28000e-05
 Reference value :  9.14000e-05
 Reference value :  1.00300e-04
 Reference value :  1.00410e-04
 Reference value :  1.00493e-04
 Reference value :  1.00557e-04
 Reference value :  1.00697e-04
 Reference value :  1.00764e-04
 Reference value :  1.00807e-04
 Reference value :  1.00836e-04
 Reference value :  1.00893e-04
 Reference value :  1.00943e-04
 Reference value :  1.00986e-04
 Reference value :  1.01009e-04
 Reference value :  1.01043e-04
 Reference value :  1.01365e-04
 Reference value :  1.06287e-04
 Reference value :  1.14777e-04
 Reference value :  1.19362e-04
 Reference value :  1.23792e-04
 Reference value :  1.34597e-04
 Reference value :  1.51333e-04
 Reference value :  1.81333e-04
 Reference value :  2.11333e-04
 Reference value :  2.41333e-04
 Reference value :  2.81333e-04
 Reference value :  3.11333e-04
 Reference value :  3.41333e-04
 Reference value :  3.81333e-04
 Reference value :  4.11333e-04
 Reference value :  4.51333e-04
 Reference value :  4.91333e-04
 Reference value :  5.31333e-04
 Reference value :  5.71333e-04
 Reference value :  6.11333e-04
 Reference value :  6.41333e-04
 Reference value :  6.81333e-04
 Reference value :  7.21333e-04
 Reference value :  7.51333e-04
 Reference value :  7.81333e-04
 Reference value :  8.21333e-04
 Reference value :  8.61333e-04
 Reference value :  8.91333e-04
 Reference value :  9.31333e-04
 Reference value :  9.71333e-04
 Reference value :  1.01133e-03
 Reference value :  1.05133e-03
 Reference value :  1.09133e-03
 Reference value :  1.13133e-03
 Reference value :  1.17133e-03
 Reference value :  1.21133e-03
 Reference value :  1.25133e-03
 Reference value :  1.29133e-03
 Reference value :  1.32133e-03
 Reference value :  1.36133e-03
 Reference value :  1.40133e-03
 Reference value :  1.44133e-03
 Reference value :  1.48133e-03
 Reference value :  1.52133e-03
 Reference value :  1.56133e-03
 Reference value :  1.59133e-03
 Reference value :  1.62133e-03
 Reference value :  1.65133e-03
 Reference value :  1.69133e-03
 Reference value :  1.72133e-03
 Reference value :  1.76133e-03
 Reference value :  1.80133e-03
 Reference value :  1.84133e-03
 Reference value :  1.88133e-03
 Reference value :  1.92133e-03
 Reference value :  1.96133e-03
 Reference value :  2.00133e-03
 Reference value :  2.03133e-03
 Reference value :  2.07133e-03
 Reference value :  2.11133e-03
 Reference value :  2.15133e-03
 Reference value :  2.20133e-03
 Reference value :  2.25133e-03
 Reference value :  2.31133e-03
 Reference value :  2.37133e-03
 Reference value :  2.42133e-03
 Reference value :  2.47133e-03
 Reference value :  2.52133e-03
 Reference value :  2.57133e-03
 Reference value :  2.63133e-03
 Reference value :  2.68133e-03
 Reference value :  2.73133e-03
 Reference value :  2.78133e-03
 Reference value :  2.83133e-03
 Reference value :  2.88133e-03
 Reference value :  2.93133e-03
 Reference value :  2.98133e-03
 Reference value :  3.03133e-03
 Reference value :  3.08133e-03
 Reference value :  3.13133e-03
 Reference value :  3.18133e-03
 Reference value :  3.24133e-03
 Reference value :  3.30133e-03
 Reference value :  3.36133e-03
 Reference value :  3.40133e-03
 Reference value :  3.44133e-03
 Reference value :  3.49133e-03
 Reference value :  3.53133e-03
 Reference value :  3.58133e-03
 Reference value :  3.64133e-03
 Reference value :  3.70133e-03
 Reference value :  3.76133e-03
 Reference value :  3.82133e-03
 Reference value :  3.87133e-03
 Reference value :  3.93133e-03
 Reference value :  3.98133e-03
No. of Data Rows : 439
vpk                 =  1.79836e+00 at=  9.81333e-04
vfloor              =  1.79836e+00 at=  4.00000e-03
tset                =  3.16749e-04
meas_vpk_c033_0ma_v = 1.807408e+00
meas_vfloor_c033_0ma_v = 1.801781e+00
meas_tramp_c033_0ma_ms = 2.140229e-01
meas_vpk_c033_50ma_v = 1.798359e+00
meas_vfloor_c033_50ma_v = 1.798357e+00
meas_tramp_c033_50ma_ms = 2.442899e-01
meas_vpk_c47_0ma_v = 1.814509e+00
meas_vfloor_c47_0ma_v = 1.814110e+00
meas_tramp_c47_0ma_ms = 2.007734e-01
meas_vpk_c47_50ma_v = 1.798359e+00
meas_vfloor_c47_50ma_v = 1.798357e+00
meas_tramp_c47_50ma_ms = 2.167489e-01
ngspice-46 done

# ==== ngspice stderr ====
Note: Starting dynamic gmin stepping
Note: Dynamic gmin stepping completed
Note: Starting dynamic gmin stepping
Note: Dynamic gmin stepping completed
Note: Starting dynamic gmin stepping
Note: Dynamic gmin stepping completed
Note: Starting dynamic gmin stepping
Note: Dynamic gmin stepping completed
