# corner: sf_-40c_3.30v
# process=sf temp=-40C supply=3.30V
# ngspice exit: 0
# wall clock: 100.2s (--timeout was 300s)
# result: PASS

# ==== deck (exact input given to ngspice) ====
| * startup corner deck -- generated by sim/bin/corner-run.py, do not edit
| * corner: sf_-40c_3.30v
| .param vsup=3.3
| .option wnflag=1
| .temp -40
| .lib "/home/ubuntu/.volare/sky130A/libs.tech/combined/sky130.lib.spice" sf
| ** sch_path: sim/startup/testbench/tb_startup.sch
| **.subckt tb_startup
| VVIN VIN 0 'vsup'
| .save i(vvin)
| VEN EN 0 PULSE(0 'vsup' 100u 1u 1u 100 200)
| .save i(ven)
| VVREF VREF 0 1.2
| .save i(vvref)
| xldo VOUT VREF EN VIN ldo_3v3in_1v8out
| COUT VOUT VESR 0.33u m=1
| RESR VESR 0 10m m=1
| RLOAD VOUT 0 1e12 m=1
| **.ends
| 
| * expanding   symbol:  design/ldo_3v3in_1v8out.sym # of pins=4
| ** sym_path: design/ldo_3v3in_1v8out.sym
| ** sch_path: design/ldo_3v3in_1v8out.sch
| .subckt ldo_3v3in_1v8out VOUT VREF EN VIN
| *.ipin VIN
| *.ipin EN
| *.ipin VREF
| *.opin VOUT
| XR_BIAS VIN NB 0 sky130_fd_pr__res_high_po W=0.42 L=1500 mult=1 m=1
| XM_BIASN1 NB NB BIAS_ENN 0 sky130_fd_pr__nfet_g5v0d10v5 L=1 W=4 nf=1 ad=1.16 as=1.16 pd=8.58 ps=8.58 nrd=0.0725 nrs=0.0725 sa=0
| + sb=0 sd=0 mult=1 m=1
| XM_ENN BIAS_ENN EN 0 0 sky130_fd_pr__nfet_g5v0d10v5 L=0.5 W=10 nf=1 ad=2.9 as=2.9 pd=20.58 ps=20.58 nrd=0.029 nrs=0.029 sa=0 sb=0
| + sd=0 mult=1 m=1
| XM_BIASN2 BIASP NB BIAS_ENN 0 sky130_fd_pr__nfet_g5v0d10v5 L=1 W=4 nf=1 ad=1.16 as=1.16 pd=8.58 ps=8.58 nrd=0.0725 nrs=0.0725 sa=0
| + sb=0 sd=0 mult=1 m=1
| XM_BIASP1 BIASP BIASP VIN VIN sky130_fd_pr__pfet_g5v0d10v5 L=1 W=10 nf=2 ad=1.45 as=2.9 pd=10.58 ps=21.16 nrd=0.029 nrs=0.029 sa=0
| + sb=0 sd=0 mult=1 m=1
| XM_ENP2 BIASP EN VIN VIN sky130_fd_pr__pfet_g5v0d10v5 L=0.5 W=10 nf=1 ad=2.9 as=2.9 pd=20.58 ps=20.58 nrd=0.029 nrs=0.029 sa=0
| + sb=0 sd=0 mult=1 m=1
| XM_TAIL EA_TAIL BIASP VIN VIN sky130_fd_pr__pfet_g5v0d10v5 L=2 W=40 nf=8 ad=5.8 as=7.25 pd=42.32 ps=52.9 nrd=0.00725 nrs=0.00725
| + sa=0 sb=0 sd=0 mult=1 m=1
| XM_IN1 EA_D1 FB EA_TAIL VIN sky130_fd_pr__pfet_g5v0d10v5 L=2 W=10 nf=2 ad=1.45 as=2.9 pd=10.58 ps=21.16 nrd=0.029 nrs=0.029 sa=0
| + sb=0 sd=0 mult=1 m=1
| XM_IN2 EA_D2 VREF EA_TAIL VIN sky130_fd_pr__pfet_g5v0d10v5 L=2 W=10 nf=2 ad=1.45 as=2.9 pd=10.58 ps=21.16 nrd=0.029 nrs=0.029 sa=0
| + sb=0 sd=0 mult=1 m=1
| XM_MIR1 EA_D1 EA_D1 AMP_ENN 0 sky130_fd_pr__nfet_g5v0d10v5 L=4 W=10 nf=2 ad=1.45 as=2.9 pd=10.58 ps=21.16 nrd=0.029 nrs=0.029 sa=0
| + sb=0 sd=0 mult=1 m=1
| XM_MIR2 EA_OUT EA_D1 AMP_ENN 0 sky130_fd_pr__nfet_g5v0d10v5 L=4 W=10 nf=2 ad=1.45 as=2.9 pd=10.58 ps=21.16 nrd=0.029 nrs=0.029
| + sa=0 sb=0 sd=0 mult=1 m=1
| XM_ENN2 AMP_ENN EN 0 0 sky130_fd_pr__nfet_g5v0d10v5 L=0.5 W=10 nf=1 ad=2.9 as=2.9 pd=20.58 ps=20.58 nrd=0.029 nrs=0.029 sa=0 sb=0
| + sd=0 mult=1 m=1
| XM_ENP EA_OUT EN VIN VIN sky130_fd_pr__pfet_g5v0d10v5 L=0.5 W=10 nf=1 ad=2.9 as=2.9 pd=20.58 ps=20.58 nrd=0.029 nrs=0.029 sa=0
| + sb=0 sd=0 mult=1 m=1
| XM_MIR3 EA_D2 EA_D2 AMP_ENN 0 sky130_fd_pr__nfet_g5v0d10v5 L=4 W=10 nf=2 ad=1.45 as=2.9 pd=10.58 ps=21.16 nrd=0.029 nrs=0.029 sa=0
| + sb=0 sd=0 mult=1 m=1
| XM_MIR4 PB EA_D2 AMP_ENN 0 sky130_fd_pr__nfet_g5v0d10v5 L=4 W=10 nf=2 ad=1.45 as=2.9 pd=10.58 ps=21.16 nrd=0.029 nrs=0.029 sa=0
| + sb=0 sd=0 mult=1 m=1
| XM_MIRP1 PB PB VIN VIN sky130_fd_pr__pfet_g5v0d10v5 L=4 W=20 nf=4 ad=2.9 as=4.35 pd=21.16 ps=31.74 nrd=0.0145 nrs=0.0145 sa=0 sb=0
| + sd=0 mult=1 m=1
| XM_MIRP2 EA_OUT PB VIN VIN sky130_fd_pr__pfet_g5v0d10v5 L=4 W=20 nf=4 ad=2.9 as=4.35 pd=21.16 ps=31.74 nrd=0.0145 nrs=0.0145 sa=0
| + sb=0 sd=0 mult=1 m=1
| XM_ENP5 PB EN VIN VIN sky130_fd_pr__pfet_g5v0d10v5 L=0.5 W=2 nf=1 ad=0.58 as=0.58 pd=4.58 ps=4.58 nrd=0.145 nrs=0.145 sa=0 sb=0
| + sd=0 mult=1 m=1
| XM_PASS VOUT EA_OUT VIN VIN sky130_fd_pr__pfet_g5v0d10v5 L=0.5 W=100 nf=25 ad=15.08 as=15.08 pd=111.54 ps=111.54 nrd=0.0029
| + nrs=0.0029 sa=0 sb=0 sd=0 mult=25 m=25
| C_COMP VOUT EA_CZ 150p m=1
| XR_CZ EA_CZ EA_OUT 0 sky130_fd_pr__res_xhigh_po W=0.42 L=52 mult=1 m=1
| XR_FB_A VOUT FB 0 sky130_fd_pr__res_xhigh_po W=0.42 L=180 mult=1 m=1
| XR_FB_B FB N_FBB 0 sky130_fd_pr__res_xhigh_po W=0.42 L=180 mult=1 m=1
| XR_FB_C N_FBB 0 0 sky130_fd_pr__res_xhigh_po W=0.42 L=180 mult=1 m=1
| XM_SENSE CL_SNS EA_OUT VIN VIN sky130_fd_pr__pfet_g5v0d10v5 L=0.5 W=0.42 nf=1 ad=0.1218 as=0.1218 pd=1.42 ps=1.42
| + nrd=0.69047619047619 nrs=0.69047619047619 sa=0 sb=0 sd=0 mult=1 m=1
| XM_CLN1 CL_SNS CL_SNS AMP_ENN 0 sky130_fd_pr__nfet_g5v0d10v5 L=1 W=20 nf=1 ad=5.8 as=5.8 pd=40.58 ps=40.58 nrd=0.0145 nrs=0.0145
| + sa=0 sb=0 sd=0 mult=1 m=1
| XM_CLN2 CL_CMP CL_SNS AMP_ENN 0 sky130_fd_pr__nfet_g5v0d10v5 L=1 W=1.6 nf=1 ad=0.464 as=0.464 pd=3.78 ps=3.78 nrd=0.18125
| + nrs=0.18125 sa=0 sb=0 sd=0 mult=1 m=1
| XM_CLP CL_CMP BIASP VIN VIN sky130_fd_pr__pfet_g5v0d10v5 L=1 W=10 nf=2 ad=1.45 as=2.9 pd=10.58 ps=21.16 nrd=0.029 nrs=0.029 sa=0
| + sb=0 sd=0 mult=1 m=1
| XM_CLIM EA_OUT CL_CMP VIN VIN sky130_fd_pr__pfet_g5v0d10v5 L=0.5 W=20 nf=4 ad=2.9 as=4.35 pd=21.16 ps=31.74 nrd=0.0145 nrs=0.0145
| + sa=0 sb=0 sd=0 mult=1 m=1
| XM_ENP3 CL_CMP EN VIN VIN sky130_fd_pr__pfet_g5v0d10v5 L=0.5 W=2 nf=1 ad=0.58 as=0.58 pd=4.58 ps=4.58 nrd=0.145 nrs=0.145 sa=0
| + sb=0 sd=0 mult=1 m=1
| C_CL VIN CL_CMP 1p m=1
| XM_INVP ENB EN VIN VIN sky130_fd_pr__pfet_g5v0d10v5 L=0.5 W=2 nf=1 ad=0.58 as=0.58 pd=4.58 ps=4.58 nrd=0.145 nrs=0.145 sa=0 sb=0
| + sd=0 mult=1 m=1
| XM_INVN ENB EN 0 0 sky130_fd_pr__nfet_g5v0d10v5 L=0.5 W=1 nf=1 ad=0.29 as=0.29 pd=2.58 ps=2.58 nrd=0.29 nrs=0.29 sa=0 sb=0 sd=0
| + mult=1 m=1
| XM_SSDIS SS ENB 0 0 sky130_fd_pr__nfet_g5v0d10v5 L=0.5 W=2 nf=1 ad=0.58 as=0.58 pd=4.58 ps=4.58 nrd=0.145 nrs=0.145 sa=0 sb=0 sd=0
| + mult=1 m=1
| XM_SSCHG SS BIASP VIN VIN sky130_fd_pr__pfet_g5v0d10v5 L=8 W=1 nf=1 ad=0.29 as=0.29 pd=2.58 ps=2.58 nrd=0.29 nrs=0.29 sa=0 sb=0
| + sd=0 mult=1 m=1
| C_SS SS 0 10p m=1
| XM_IN2S EA_D2 SS EA_TAIL VIN sky130_fd_pr__pfet_g5v0d10v5 L=2 W=10 nf=2 ad=1.45 as=2.9 pd=10.58 ps=21.16 nrd=0.029 nrs=0.029 sa=0
| + sb=0 sd=0 mult=1 m=1
| XM_TSPS TS_SNS BIASP VIN VIN sky130_fd_pr__pfet_g5v0d10v5 L=1 W=2.5 nf=1 ad=0.725 as=0.725 pd=5.58 ps=5.58 nrd=0.116 nrs=0.116
| + sa=0 sb=0 sd=0 mult=1 m=1
| XM_TSD1 TS_SNS TS_SNS TS_MID 0 sky130_fd_pr__nfet_g5v0d10v5 L=1 W=80 nf=16 ad=11.6 as=13.05 pd=84.64 ps=95.22 nrd=0.003625
| + nrs=0.003625 sa=0 sb=0 sd=0 mult=1 m=1
| XM_TSD2 TS_MID TS_MID AMP_ENN 0 sky130_fd_pr__nfet_g5v0d10v5 L=1 W=80 nf=16 ad=11.6 as=13.05 pd=84.64 ps=95.22 nrd=0.003625
| + nrs=0.003625 sa=0 sb=0 sd=0 mult=1 m=1
| XM_TSPR TS_REF BIASP VIN VIN sky130_fd_pr__pfet_g5v0d10v5 L=1 W=2.5 nf=1 ad=0.725 as=0.725 pd=5.58 ps=5.58 nrd=0.116 nrs=0.116
| + sa=0 sb=0 sd=0 mult=1 m=1
| XM_TSR1 TS_REF TS_REF AMP_ENN 0 sky130_fd_pr__nfet_g5v0d10v5 L=10 W=2 nf=1 ad=0.58 as=0.58 pd=4.58 ps=4.58 nrd=0.145 nrs=0.145
| + sa=0 sb=0 sd=0 mult=1 m=1
| XM_TCTAIL TC_TAIL NB AMP_ENN 0 sky130_fd_pr__nfet_g5v0d10v5 L=1 W=1 nf=1 ad=0.29 as=0.29 pd=2.58 ps=2.58 nrd=0.29 nrs=0.29 sa=0
| + sb=0 sd=0 mult=1 m=1
| XM_TCN1 TC_D1 TS_SNS TC_TAIL 0 sky130_fd_pr__nfet_g5v0d10v5 L=2 W=10 nf=2 ad=1.45 as=2.9 pd=10.58 ps=21.16 nrd=0.029 nrs=0.029
| + sa=0 sb=0 sd=0 mult=1 m=1
| XM_TCN2 TS_CMP TS_REF TC_TAIL 0 sky130_fd_pr__nfet_g5v0d10v5 L=2 W=10 nf=2 ad=1.45 as=2.9 pd=10.58 ps=21.16 nrd=0.029 nrs=0.029
| + sa=0 sb=0 sd=0 mult=1 m=1
| XM_TCP1 TC_D1 TC_D1 VIN VIN sky130_fd_pr__pfet_g5v0d10v5 L=2 W=10 nf=2 ad=1.45 as=2.9 pd=10.58 ps=21.16 nrd=0.029 nrs=0.029 sa=0
| + sb=0 sd=0 mult=1 m=1
| XM_TCP2 TS_CMP TC_D1 VIN VIN sky130_fd_pr__pfet_g5v0d10v5 L=2 W=10 nf=2 ad=1.45 as=2.9 pd=10.58 ps=21.16 nrd=0.029 nrs=0.029 sa=0
| + sb=0 sd=0 mult=1 m=1
| XM_TSHUT EA_OUT TS_CMP VIN VIN sky130_fd_pr__pfet_g5v0d10v5 L=0.5 W=20 nf=4 ad=2.9 as=4.35 pd=21.16 ps=31.74 nrd=0.0145 nrs=0.0145
| + sa=0 sb=0 sd=0 mult=1 m=1
| XM_TSHYSB TS_HYS BIASP VIN VIN sky130_fd_pr__pfet_g5v0d10v5 L=2 W=1.5 nf=1 ad=0.435 as=0.435 pd=3.58 ps=3.58 nrd=0.193333333333333
| + nrs=0.193333333333333 sa=0 sb=0 sd=0 mult=1 m=1
| XM_TSHYS TS_REF TS_CMP TS_HYS VIN sky130_fd_pr__pfet_g5v0d10v5 L=0.5 W=2 nf=1 ad=0.58 as=0.58 pd=4.58 ps=4.58 nrd=0.145 nrs=0.145
| + sa=0 sb=0 sd=0 mult=1 m=1
| XM_ENP4 TS_CMP EN VIN VIN sky130_fd_pr__pfet_g5v0d10v5 L=0.5 W=2 nf=1 ad=0.58 as=0.58 pd=4.58 ps=4.58 nrd=0.145 nrs=0.145 sa=0
| + sb=0 sd=0 mult=1 m=1
| C_TS VIN TS_CMP 1p m=1
| .ends
| 
| .control
| save all
| * --- leg 1: C_out 0.33uF, 0 mA (feedback divider is the only preload) ---
| tran 10u 4m
| meas tran vpk max v(vout) from=100u to=4m
| meas tran vfloor min v(vout) from=3.1m to=4m
| meas tran tset when v(vout)=1.764 rise=1
| * --- leg 2: C_out 0.33uF, 50 mA ---
| alter rload = 36
| tran 10u 4m
| meas tran vpk max v(vout) from=100u to=4m
| meas tran vfloor min v(vout) from=3.1m to=4m
| meas tran tset when v(vout)=1.764 rise=1
| * --- leg 3: C_out 4.7uF, 0 mA ---
| alter cout = 4.7u
| alter rload = 1e12
| tran 10u 4m
| meas tran vpk max v(vout) from=100u to=4m
| meas tran vfloor min v(vout) from=3.1m to=4m
| meas tran tset when v(vout)=1.764 rise=1
| * --- leg 4: C_out 4.7uF, 50 mA ---
| alter rload = 36
| tran 10u 4m
| meas tran vpk max v(vout) from=100u to=4m
| meas tran vfloor min v(vout) from=3.1m to=4m
| meas tran tset when v(vout)=1.764 rise=1
| let meas_vpk_c033_0ma_v = tran1.vpk
| let meas_vfloor_c033_0ma_v = tran1.vfloor
| let meas_tramp_c033_0ma_ms = 1000*(tran1.tset - 100u)
| let meas_vpk_c033_50ma_v = tran2.vpk
| let meas_vfloor_c033_50ma_v = tran2.vfloor
| let meas_tramp_c033_50ma_ms = 1000*(tran2.tset - 100u)
| let meas_vpk_c47_0ma_v = tran3.vpk
| let meas_vfloor_c47_0ma_v = tran3.vfloor
| let meas_tramp_c47_0ma_ms = 1000*(tran3.tset - 100u)
| let meas_vpk_c47_50ma_v = tran4.vpk
| let meas_vfloor_c47_50ma_v = tran4.vfloor
| let meas_tramp_c47_50ma_ms = 1000*(tran4.tset - 100u)
| print meas_vpk_c033_0ma_v
| print meas_vfloor_c033_0ma_v
| print meas_tramp_c033_0ma_ms
| print meas_vpk_c033_50ma_v
| print meas_vfloor_c033_50ma_v
| print meas_tramp_c033_50ma_ms
| print meas_vpk_c47_0ma_v
| print meas_vfloor_c47_0ma_v
| print meas_tramp_c47_0ma_ms
| print meas_vpk_c47_50ma_v
| print meas_vfloor_c47_50ma_v
| print meas_tramp_c47_50ma_ms
| quit
| .endc
| .end

# ==== ngspice stdout ====

Note: Compatibility modes selected: hs a


Circuit: * startup corner deck -- generated by sim/bin/corner-run.py, do not edit

option SCALE: Scale is set to 1e-06 for instance and model parameters
option SCALE: Scale is set to 1e-06 for instance and model parameters
option SCALE: Scale is set to 1e-06 for instance and model parameters
option SCALE: Scale is set to 1e-06 for instance and model parameters
Doing analysis at TEMP = -40.000000 and TNOM = 27.000000

Using KLU as Direct Linear Solver
 Reference value :  0.00000e+00
 Reference value :  4.00000e-07
 Reference value :  6.40000e-06
 Reference value :  4.28000e-05
 Reference value :  8.28000e-05
 Reference value :  1.00100e-04
 Reference value :  1.00300e-04
 Reference value :  1.00410e-04
 Reference value :  1.00498e-04
 Reference value :  1.00575e-04
 Reference value :  1.00729e-04
 Reference value :  1.00786e-04
 Reference value :  1.00823e-04
 Reference value :  1.00852e-04
 Reference value :  1.00916e-04
 Reference value :  1.00972e-04
 Reference value :  1.01003e-04
 Reference value :  1.01049e-04
 Reference value :  1.01412e-04
 Reference value :  1.06312e-04
 Reference value :  1.15036e-04
 Reference value :  1.19911e-04
 Reference value :  1.29027e-04
 Reference value :  1.41461e-04
 Reference value :  1.69977e-04
 Reference value :  2.09977e-04
 Reference value :  2.49977e-04
 Reference value :  2.79977e-04
 Reference value :  3.09977e-04
 Reference value :  3.39977e-04
 Reference value :  3.69977e-04
 Reference value :  4.09977e-04
 Reference value :  4.49977e-04
 Reference value :  4.89977e-04
 Reference value :  5.29977e-04
 Reference value :  5.69977e-04
 Reference value :  6.09977e-04
 Reference value :  6.49977e-04
 Reference value :  6.79977e-04
 Reference value :  7.09977e-04
 Reference value :  7.49977e-04
 Reference value :  7.89977e-04
 Reference value :  8.19977e-04
 Reference value :  8.49977e-04
 Reference value :  8.89977e-04
 Reference value :  9.29977e-04
 Reference value :  9.69977e-04
 Reference value :  1.00998e-03
 Reference value :  1.04998e-03
 Reference value :  1.08998e-03
 Reference value :  1.13998e-03
 Reference value :  1.17998e-03
 Reference value :  1.20998e-03
 Reference value :  1.24998e-03
 Reference value :  1.28998e-03
 Reference value :  1.32998e-03
 Reference value :  1.36998e-03
 Reference value :  1.39998e-03
 Reference value :  1.42998e-03
 Reference value :  1.45998e-03
 Reference value :  1.48998e-03
 Reference value :  1.52998e-03
 Reference value :  1.56998e-03
 Reference value :  1.60998e-03
 Reference value :  1.63998e-03
 Reference value :  1.66998e-03
 Reference value :  1.70998e-03
 Reference value :  1.73998e-03
 Reference value :  1.77998e-03
 Reference value :  1.81998e-03
 Reference value :  1.85998e-03
 Reference value :  1.88998e-03
 Reference value :  1.92998e-03
 Reference value :  1.96998e-03
 Reference value :  2.00998e-03
 Reference value :  2.04998e-03
 Reference value :  2.07998e-03
 Reference value :  2.11998e-03
 Reference value :  2.15998e-03
 Reference value :  2.19998e-03
 Reference value :  2.23998e-03
 Reference value :  2.27998e-03
 Reference value :  2.31998e-03
 Reference value :  2.35998e-03
 Reference value :  2.39998e-03
 Reference value :  2.43998e-03
 Reference value :  2.47998e-03
 Reference value :  2.51998e-03
 Reference value :  2.55998e-03
 Reference value :  2.58998e-03
 Reference value :  2.62998e-03
 Reference value :  2.66998e-03
 Reference value :  2.69998e-03
 Reference value :  2.72998e-03
 Reference value :  2.75998e-03
 Reference value :  2.79998e-03
 Reference value :  2.82998e-03
 Reference value :  2.86998e-03
 Reference value :  2.89998e-03
 Reference value :  2.93998e-03
 Reference value :  2.96998e-03
 Reference value :  2.99998e-03
 Reference value :  3.03998e-03
 Reference value :  3.06998e-03
 Reference value :  3.09998e-03
 Reference value :  3.12998e-03
 Reference value :  3.15998e-03
 Reference value :  3.18998e-03
 Reference value :  3.22998e-03
 Reference value :  3.25998e-03
 Reference value :  3.28998e-03
 Reference value :  3.32998e-03
 Reference value :  3.35998e-03
 Reference value :  3.38998e-03
 Reference value :  3.41998e-03
 Reference value :  3.44998e-03
 Reference value :  3.47998e-03
 Reference value :  3.50998e-03
 Reference value :  3.54998e-03
 Reference value :  3.57998e-03
 Reference value :  3.60998e-03
 Reference value :  3.64998e-03
 Reference value :  3.68998e-03
 Reference value :  3.71998e-03
 Reference value :  3.75998e-03
 Reference value :  3.79998e-03
 Reference value :  3.83998e-03
 Reference value :  3.87998e-03
 Reference value :  3.91998e-03
 Reference value :  3.94998e-03
 Reference value :  3.98998e-03
No. of Data Rows : 438
vpk                 =  1.80796e+00 at=  6.59977e-04
vfloor              =  1.80242e+00 at=  4.00000e-03
tset                =  3.33366e-04
Doing analysis at TEMP = -40.000000 and TNOM = 27.000000

Using KLU as Direct Linear Solver
 Reference value :  0.00000e+00
 Reference value :  3.20000e-06
 Reference value :  4.28000e-05
 Reference value :  1.00000e-04
 Reference value :  1.00300e-04
 Reference value :  1.00410e-04
 Reference value :  1.00497e-04
 Reference value :  1.00575e-04
 Reference value :  1.00729e-04
 Reference value :  1.00787e-04
 Reference value :  1.00823e-04
 Reference value :  1.00885e-04
 Reference value :  1.00944e-04
 Reference value :  1.01000e-04
 Reference value :  1.01023e-04
 Reference value :  1.01202e-04
 Reference value :  1.03696e-04
 Reference value :  1.14976e-04
 Reference value :  1.19885e-04
 Reference value :  1.29125e-04
 Reference value :  1.42028e-04
 Reference value :  1.71205e-04
 Reference value :  2.01205e-04
 Reference value :  2.41205e-04
 Reference value :  2.81205e-04
 Reference value :  3.11205e-04
 Reference value :  3.51205e-04
 Reference value :  4.01205e-04
 Reference value :  4.41205e-04
 Reference value :  4.81205e-04
 Reference value :  5.31205e-04
 Reference value :  5.81205e-04
 Reference value :  6.31205e-04
 Reference value :  6.81205e-04
 Reference value :  7.21205e-04
 Reference value :  7.71205e-04
 Reference value :  8.11205e-04
 Reference value :  8.71205e-04
 Reference value :  9.21205e-04
 Reference value :  9.51205e-04
 Reference value :  1.01120e-03
 Reference value :  1.07120e-03
 Reference value :  1.13120e-03
 Reference value :  1.18120e-03
 Reference value :  1.24120e-03
 Reference value :  1.29120e-03
 Reference value :  1.34120e-03
 Reference value :  1.39120e-03
 Reference value :  1.43120e-03
 Reference value :  1.48120e-03
 Reference value :  1.53120e-03
 Reference value :  1.58120e-03
 Reference value :  1.63120e-03
 Reference value :  1.68120e-03
 Reference value :  1.73120e-03
 Reference value :  1.78120e-03
 Reference value :  1.83120e-03
 Reference value :  1.88120e-03
 Reference value :  1.93120e-03
 Reference value :  1.97120e-03
 Reference value :  2.02120e-03
 Reference value :  2.07120e-03
 Reference value :  2.12120e-03
 Reference value :  2.15120e-03
 Reference value :  2.21120e-03
 Reference value :  2.27120e-03
 Reference value :  2.32120e-03
 Reference value :  2.37120e-03
 Reference value :  2.41120e-03
 Reference value :  2.45120e-03
 Reference value :  2.49120e-03
 Reference value :  2.53120e-03
 Reference value :  2.56120e-03
 Reference value :  2.60120e-03
 Reference value :  2.64120e-03
 Reference value :  2.68120e-03
 Reference value :  2.72120e-03
 Reference value :  2.76120e-03
 Reference value :  2.80120e-03
 Reference value :  2.84120e-03
 Reference value :  2.88120e-03
 Reference value :  2.92120e-03
 Reference value :  2.96120e-03
 Reference value :  3.00120e-03
 Reference value :  3.04120e-03
 Reference value :  3.07120e-03
 Reference value :  3.11120e-03
 Reference value :  3.15120e-03
 Reference value :  3.19120e-03
 Reference value :  3.23120e-03
 Reference value :  3.27120e-03
 Reference value :  3.32120e-03
 Reference value :  3.36120e-03
 Reference value :  3.40120e-03
 Reference value :  3.44120e-03
 Reference value :  3.48120e-03
 Reference value :  3.53120e-03
 Reference value :  3.59120e-03
 Reference value :  3.64120e-03
 Reference value :  3.70120e-03
 Reference value :  3.76120e-03
 Reference value :  3.81120e-03
 Reference value :  3.86120e-03
 Reference value :  3.91120e-03
 Reference value :  3.96120e-03
 Reference value :  4.00000e-03
No. of Data Rows : 437
vpk                 =  1.79825e+00 at=  1.12120e-03
vfloor              =  1.79825e+00 at=  3.99060e-03
tset                =  3.65075e-04
Doing analysis at TEMP = -40.000000 and TNOM = 27.000000

Using KLU as Direct Linear Solver
 Reference value :  0.00000e+00
 Reference value :  8.00000e-07
 Reference value :  1.28000e-05
 Reference value :  6.28000e-05
 Reference value :  1.00100e-04
 Reference value :  1.00300e-04
 Reference value :  1.00410e-04
 Reference value :  1.00498e-04
 Reference value :  1.00575e-04
 Reference value :  1.00729e-04
 Reference value :  1.00786e-04
 Reference value :  1.00823e-04
 Reference value :  1.00885e-04
 Reference value :  1.00945e-04
 Reference value :  1.01003e-04
 Reference value :  1.01049e-04
 Reference value :  1.02431e-04
 Reference value :  1.15036e-04
 Reference value :  1.20751e-04
 Reference value :  1.26717e-04
 Reference value :  1.47912e-04
 Reference value :  1.67912e-04
 Reference value :  1.97912e-04
 Reference value :  2.27912e-04
 Reference value :  2.57912e-04
 Reference value :  2.87912e-04
 Reference value :  3.07912e-04
 Reference value :  3.37912e-04
 Reference value :  3.57912e-04
 Reference value :  3.77912e-04
 Reference value :  4.07912e-04
 Reference value :  4.37912e-04
 Reference value :  4.77912e-04
 Reference value :  4.97912e-04
 Reference value :  5.17912e-04
 Reference value :  5.47912e-04
 Reference value :  5.77912e-04
 Reference value :  6.17912e-04
 Reference value :  6.57912e-04
 Reference value :  6.97912e-04
 Reference value :  7.37912e-04
 Reference value :  7.77912e-04
 Reference value :  8.17912e-04
 Reference value :  8.57912e-04
 Reference value :  8.97912e-04
 Reference value :  9.37912e-04
 Reference value :  9.77912e-04
 Reference value :  1.01791e-03
 Reference value :  1.05791e-03
 Reference value :  1.09791e-03
 Reference value :  1.12791e-03
 Reference value :  1.15791e-03
 Reference value :  1.18791e-03
 Reference value :  1.21791e-03
 Reference value :  1.25791e-03
 Reference value :  1.30791e-03
 Reference value :  1.35791e-03
 Reference value :  1.40791e-03
 Reference value :  1.44791e-03
 Reference value :  1.49791e-03
 Reference value :  1.54791e-03
 Reference value :  1.59791e-03
 Reference value :  1.64791e-03
 Reference value :  1.70791e-03
 Reference value :  1.76791e-03
 Reference value :  1.82791e-03
 Reference value :  1.87791e-03
 Reference value :  1.90791e-03
 Reference value :  1.93791e-03
 Reference value :  1.96791e-03
 Reference value :  2.00791e-03
 Reference value :  2.03791e-03
 Reference value :  2.06791e-03
 Reference value :  2.10791e-03
 Reference value :  2.13791e-03
 Reference value :  2.17791e-03
 Reference value :  2.21791e-03
 Reference value :  2.25791e-03
 Reference value :  2.29791e-03
 Reference value :  2.33791e-03
 Reference value :  2.36791e-03
 Reference value :  2.40791e-03
 Reference value :  2.43791e-03
 Reference value :  2.46791e-03
 Reference value :  2.50791e-03
 Reference value :  2.54791e-03
 Reference value :  2.58791e-03
 Reference value :  2.62791e-03
 Reference value :  2.65791e-03
 Reference value :  2.68791e-03
 Reference value :  2.72791e-03
 Reference value :  2.75791e-03
 Reference value :  2.79791e-03
 Reference value :  2.83791e-03
 Reference value :  2.87791e-03
 Reference value :  2.91791e-03
 Reference value :  2.95791e-03
 Reference value :  3.00791e-03
 Reference value :  3.05791e-03
 Reference value :  3.09791e-03
 Reference value :  3.13791e-03
 Reference value :  3.17791e-03
 Reference value :  3.21791e-03
 Reference value :  3.25791e-03
 Reference value :  3.29791e-03
 Reference value :  3.33791e-03
 Reference value :  3.37791e-03
 Reference value :  3.41791e-03
 Reference value :  3.44791e-03
 Reference value :  3.47791e-03
 Reference value :  3.51791e-03
 Reference value :  3.55791e-03
 Reference value :  3.58791e-03
 Reference value :  3.61791e-03
 Reference value :  3.64791e-03
 Reference value :  3.68791e-03
 Reference value :  3.71791e-03
 Reference value :  3.75791e-03
 Reference value :  3.79791e-03
 Reference value :  3.82791e-03
 Reference value :  3.86791e-03
 Reference value :  3.90791e-03
 Reference value :  3.94791e-03
 Reference value :  3.98791e-03
No. of Data Rows : 437
vpk                 =  1.81642e+00 at=  5.67912e-04
vfloor              =  1.81602e+00 at=  4.00000e-03
tset                =  3.19657e-04
Doing analysis at TEMP = -40.000000 and TNOM = 27.000000

Using KLU as Direct Linear Solver
 Reference value :  0.00000e+00
 Reference value :  4.00000e-07
 Reference value :  6.40000e-06
 Reference value :  3.28000e-05
 Reference value :  7.28000e-05
 Reference value :  1.00000e-04
 Reference value :  1.00300e-04
 Reference value :  1.00410e-04
 Reference value :  1.00497e-04
 Reference value :  1.00568e-04
 Reference value :  1.00716e-04
 Reference value :  1.00782e-04
 Reference value :  1.00829e-04
 Reference value :  1.00870e-04
 Reference value :  1.00907e-04
 Reference value :  1.00972e-04
 Reference value :  1.01004e-04
 Reference value :  1.01057e-04
 Reference value :  1.01393e-04
 Reference value :  1.03357e-04
 Reference value :  1.18243e-04
 Reference value :  1.22163e-04
 Reference value :  1.30308e-04
 Reference value :  1.43049e-04
 Reference value :  1.63049e-04
 Reference value :  1.93049e-04
 Reference value :  2.23049e-04
 Reference value :  2.53049e-04
 Reference value :  2.83049e-04
 Reference value :  3.13049e-04
 Reference value :  3.43049e-04
 Reference value :  3.73049e-04
 Reference value :  4.03049e-04
 Reference value :  4.33049e-04
 Reference value :  4.63049e-04
 Reference value :  4.93049e-04
 Reference value :  5.23049e-04
 Reference value :  5.53049e-04
 Reference value :  5.83049e-04
 Reference value :  6.13049e-04
 Reference value :  6.43049e-04
 Reference value :  6.73049e-04
 Reference value :  7.03049e-04
 Reference value :  7.43049e-04
 Reference value :  7.83049e-04
 Reference value :  8.23049e-04
 Reference value :  8.53049e-04
 Reference value :  8.93049e-04
 Reference value :  9.33049e-04
 Reference value :  9.73049e-04
 Reference value :  1.00305e-03
 Reference value :  1.03305e-03
 Reference value :  1.06305e-03
 Reference value :  1.10305e-03
 Reference value :  1.13305e-03
 Reference value :  1.17305e-03
 Reference value :  1.21305e-03
 Reference value :  1.25305e-03
 Reference value :  1.28305e-03
 Reference value :  1.32305e-03
 Reference value :  1.36305e-03
 Reference value :  1.39305e-03
 Reference value :  1.43305e-03
 Reference value :  1.47305e-03
 Reference value :  1.51305e-03
 Reference value :  1.54305e-03
 Reference value :  1.58305e-03
 Reference value :  1.61305e-03
 Reference value :  1.65305e-03
 Reference value :  1.69305e-03
 Reference value :  1.73305e-03
 Reference value :  1.77305e-03
 Reference value :  1.80305e-03
 Reference value :  1.84305e-03
 Reference value :  1.88305e-03
 Reference value :  1.92305e-03
 Reference value :  1.97305e-03
 Reference value :  2.01305e-03
 Reference value :  2.05305e-03
 Reference value :  2.08305e-03
 Reference value :  2.11305e-03
 Reference value :  2.15305e-03
 Reference value :  2.19305e-03
 Reference value :  2.23305e-03
 Reference value :  2.26305e-03
 Reference value :  2.29305e-03
 Reference value :  2.32305e-03
 Reference value :  2.36305e-03
 Reference value :  2.40305e-03
 Reference value :  2.44305e-03
 Reference value :  2.48305e-03
 Reference value :  2.52305e-03
 Reference value :  2.56305e-03
 Reference value :  2.59305e-03
 Reference value :  2.63305e-03
 Reference value :  2.67305e-03
 Reference value :  2.71305e-03
 Reference value :  2.75305e-03
 Reference value :  2.80305e-03
 Reference value :  2.84305e-03
 Reference value :  2.87305e-03
 Reference value :  2.91305e-03
 Reference value :  2.94305e-03
 Reference value :  2.98305e-03
 Reference value :  3.01305e-03
 Reference value :  3.04305e-03
 Reference value :  3.07305e-03
 Reference value :  3.10305e-03
 Reference value :  3.13305e-03
 Reference value :  3.16305e-03
 Reference value :  3.20305e-03
 Reference value :  3.24305e-03
 Reference value :  3.28305e-03
 Reference value :  3.31305e-03
 Reference value :  3.35305e-03
 Reference value :  3.38305e-03
 Reference value :  3.42305e-03
 Reference value :  3.46305e-03
 Reference value :  3.50305e-03
 Reference value :  3.54305e-03
 Reference value :  3.57305e-03
 Reference value :  3.61305e-03
 Reference value :  3.65305e-03
 Reference value :  3.69305e-03
 Reference value :  3.73305e-03
 Reference value :  3.76305e-03
 Reference value :  3.79305e-03
 Reference value :  3.82305e-03
 Reference value :  3.86305e-03
 Reference value :  3.90305e-03
 Reference value :  3.94305e-03
 Reference value :  3.98305e-03
No. of Data Rows : 437
vpk                 =  1.79837e+00 at=  8.53049e-04
vfloor              =  1.79832e+00 at=  4.00000e-03
tset                =  3.36757e-04
meas_vpk_c033_0ma_v = 1.807959e+00
meas_vfloor_c033_0ma_v = 1.802419e+00
meas_tramp_c033_0ma_ms = 2.333659e-01
meas_vpk_c033_50ma_v = 1.798251e+00
meas_vfloor_c033_50ma_v = 1.798249e+00
meas_tramp_c033_50ma_ms = 2.650749e-01
meas_vpk_c47_0ma_v = 1.816416e+00
meas_vfloor_c47_0ma_v = 1.816018e+00
meas_tramp_c47_0ma_ms = 2.196571e-01
meas_vpk_c47_50ma_v = 1.798368e+00
meas_vfloor_c47_50ma_v = 1.798315e+00
meas_tramp_c47_50ma_ms = 2.367567e-01
ngspice-46 done

# ==== ngspice stderr ====
Note: Starting dynamic gmin stepping
Note: Dynamic gmin stepping completed
Note: Starting dynamic gmin stepping
Note: Dynamic gmin stepping completed
