# corner: sf_-40c_2.97v
# process=sf temp=-40C supply=2.97V
# ngspice exit: 0
# wall clock: 123.5s (--timeout was 300s)
# result: PASS

# ==== deck (exact input given to ngspice) ====
| * startup corner deck -- generated by sim/bin/corner-run.py, do not edit
| * corner: sf_-40c_2.97v
| .param vsup=2.97
| .option wnflag=1
| .temp -40
| .lib "/home/ubuntu/.volare/sky130A/libs.tech/combined/sky130.lib.spice" sf
| ** sch_path: sim/startup/testbench/tb_startup.sch
| **.subckt tb_startup
| VVIN VIN 0 'vsup'
| .save i(vvin)
| VEN EN 0 PULSE(0 'vsup' 100u 1u 1u 100 200)
| .save i(ven)
| VVREF VREF 0 1.2
| .save i(vvref)
| xldo VOUT VREF EN VIN ldo_3v3in_1v8out
| COUT VOUT VESR 0.33u m=1
| RESR VESR 0 10m m=1
| RLOAD VOUT 0 1e12 m=1
| **.ends
| 
| * expanding   symbol:  design/ldo_3v3in_1v8out.sym # of pins=4
| ** sym_path: design/ldo_3v3in_1v8out.sym
| ** sch_path: design/ldo_3v3in_1v8out.sch
| .subckt ldo_3v3in_1v8out VOUT VREF EN VIN
| *.ipin VIN
| *.ipin EN
| *.ipin VREF
| *.opin VOUT
| XR_BIAS VIN NB 0 sky130_fd_pr__res_high_po W=0.42 L=1500 mult=1 m=1
| XM_BIASN1 NB NB BIAS_ENN 0 sky130_fd_pr__nfet_g5v0d10v5 L=1 W=4 nf=1 ad=1.16 as=1.16 pd=8.58 ps=8.58 nrd=0.0725 nrs=0.0725 sa=0
| + sb=0 sd=0 mult=1 m=1
| XM_ENN BIAS_ENN EN 0 0 sky130_fd_pr__nfet_g5v0d10v5 L=0.5 W=10 nf=1 ad=2.9 as=2.9 pd=20.58 ps=20.58 nrd=0.029 nrs=0.029 sa=0 sb=0
| + sd=0 mult=1 m=1
| XM_BIASN2 BIASP NB BIAS_ENN 0 sky130_fd_pr__nfet_g5v0d10v5 L=1 W=4 nf=1 ad=1.16 as=1.16 pd=8.58 ps=8.58 nrd=0.0725 nrs=0.0725 sa=0
| + sb=0 sd=0 mult=1 m=1
| XM_BIASP1 BIASP BIASP VIN VIN sky130_fd_pr__pfet_g5v0d10v5 L=1 W=10 nf=2 ad=1.45 as=2.9 pd=10.58 ps=21.16 nrd=0.029 nrs=0.029 sa=0
| + sb=0 sd=0 mult=1 m=1
| XM_ENP2 BIASP EN VIN VIN sky130_fd_pr__pfet_g5v0d10v5 L=0.5 W=10 nf=1 ad=2.9 as=2.9 pd=20.58 ps=20.58 nrd=0.029 nrs=0.029 sa=0
| + sb=0 sd=0 mult=1 m=1
| XM_TAIL EA_TAIL BIASP VIN VIN sky130_fd_pr__pfet_g5v0d10v5 L=2 W=40 nf=8 ad=5.8 as=7.25 pd=42.32 ps=52.9 nrd=0.00725 nrs=0.00725
| + sa=0 sb=0 sd=0 mult=1 m=1
| XM_IN1 EA_D1 FB EA_TAIL VIN sky130_fd_pr__pfet_g5v0d10v5 L=2 W=10 nf=2 ad=1.45 as=2.9 pd=10.58 ps=21.16 nrd=0.029 nrs=0.029 sa=0
| + sb=0 sd=0 mult=1 m=1
| XM_IN2 EA_D2 VREF EA_TAIL VIN sky130_fd_pr__pfet_g5v0d10v5 L=2 W=10 nf=2 ad=1.45 as=2.9 pd=10.58 ps=21.16 nrd=0.029 nrs=0.029 sa=0
| + sb=0 sd=0 mult=1 m=1
| XM_MIR1 EA_D1 EA_D1 AMP_ENN 0 sky130_fd_pr__nfet_g5v0d10v5 L=4 W=10 nf=2 ad=1.45 as=2.9 pd=10.58 ps=21.16 nrd=0.029 nrs=0.029 sa=0
| + sb=0 sd=0 mult=1 m=1
| XM_MIR2 EA_OUT EA_D1 AMP_ENN 0 sky130_fd_pr__nfet_g5v0d10v5 L=4 W=10 nf=2 ad=1.45 as=2.9 pd=10.58 ps=21.16 nrd=0.029 nrs=0.029
| + sa=0 sb=0 sd=0 mult=1 m=1
| XM_ENN2 AMP_ENN EN 0 0 sky130_fd_pr__nfet_g5v0d10v5 L=0.5 W=10 nf=1 ad=2.9 as=2.9 pd=20.58 ps=20.58 nrd=0.029 nrs=0.029 sa=0 sb=0
| + sd=0 mult=1 m=1
| XM_ENP EA_OUT EN VIN VIN sky130_fd_pr__pfet_g5v0d10v5 L=0.5 W=10 nf=1 ad=2.9 as=2.9 pd=20.58 ps=20.58 nrd=0.029 nrs=0.029 sa=0
| + sb=0 sd=0 mult=1 m=1
| XM_MIR3 EA_D2 EA_D2 AMP_ENN 0 sky130_fd_pr__nfet_g5v0d10v5 L=4 W=10 nf=2 ad=1.45 as=2.9 pd=10.58 ps=21.16 nrd=0.029 nrs=0.029 sa=0
| + sb=0 sd=0 mult=1 m=1
| XM_MIR4 PB EA_D2 AMP_ENN 0 sky130_fd_pr__nfet_g5v0d10v5 L=4 W=10 nf=2 ad=1.45 as=2.9 pd=10.58 ps=21.16 nrd=0.029 nrs=0.029 sa=0
| + sb=0 sd=0 mult=1 m=1
| XM_MIRP1 PB PB VIN VIN sky130_fd_pr__pfet_g5v0d10v5 L=4 W=20 nf=4 ad=2.9 as=4.35 pd=21.16 ps=31.74 nrd=0.0145 nrs=0.0145 sa=0 sb=0
| + sd=0 mult=1 m=1
| XM_MIRP2 EA_OUT PB VIN VIN sky130_fd_pr__pfet_g5v0d10v5 L=4 W=20 nf=4 ad=2.9 as=4.35 pd=21.16 ps=31.74 nrd=0.0145 nrs=0.0145 sa=0
| + sb=0 sd=0 mult=1 m=1
| XM_ENP5 PB EN VIN VIN sky130_fd_pr__pfet_g5v0d10v5 L=0.5 W=2 nf=1 ad=0.58 as=0.58 pd=4.58 ps=4.58 nrd=0.145 nrs=0.145 sa=0 sb=0
| + sd=0 mult=1 m=1
| XM_PASS VOUT EA_OUT VIN VIN sky130_fd_pr__pfet_g5v0d10v5 L=0.5 W=100 nf=25 ad=15.08 as=15.08 pd=111.54 ps=111.54 nrd=0.0029
| + nrs=0.0029 sa=0 sb=0 sd=0 mult=25 m=25
| C_COMP VOUT EA_CZ 150p m=1
| XR_CZ EA_CZ EA_OUT 0 sky130_fd_pr__res_xhigh_po W=0.42 L=52 mult=1 m=1
| XR_FB_A VOUT FB 0 sky130_fd_pr__res_xhigh_po W=0.42 L=180 mult=1 m=1
| XR_FB_B FB N_FBB 0 sky130_fd_pr__res_xhigh_po W=0.42 L=180 mult=1 m=1
| XR_FB_C N_FBB 0 0 sky130_fd_pr__res_xhigh_po W=0.42 L=180 mult=1 m=1
| XM_SENSE CL_SNS EA_OUT VIN VIN sky130_fd_pr__pfet_g5v0d10v5 L=0.5 W=0.42 nf=1 ad=0.1218 as=0.1218 pd=1.42 ps=1.42
| + nrd=0.69047619047619 nrs=0.69047619047619 sa=0 sb=0 sd=0 mult=1 m=1
| XM_CLN1 CL_SNS CL_SNS AMP_ENN 0 sky130_fd_pr__nfet_g5v0d10v5 L=1 W=20 nf=1 ad=5.8 as=5.8 pd=40.58 ps=40.58 nrd=0.0145 nrs=0.0145
| + sa=0 sb=0 sd=0 mult=1 m=1
| XM_CLN2 CL_CMP CL_SNS AMP_ENN 0 sky130_fd_pr__nfet_g5v0d10v5 L=1 W=1.6 nf=1 ad=0.464 as=0.464 pd=3.78 ps=3.78 nrd=0.18125
| + nrs=0.18125 sa=0 sb=0 sd=0 mult=1 m=1
| XM_CLP CL_CMP BIASP VIN VIN sky130_fd_pr__pfet_g5v0d10v5 L=1 W=10 nf=2 ad=1.45 as=2.9 pd=10.58 ps=21.16 nrd=0.029 nrs=0.029 sa=0
| + sb=0 sd=0 mult=1 m=1
| XM_CLIM EA_OUT CL_CMP VIN VIN sky130_fd_pr__pfet_g5v0d10v5 L=0.5 W=20 nf=4 ad=2.9 as=4.35 pd=21.16 ps=31.74 nrd=0.0145 nrs=0.0145
| + sa=0 sb=0 sd=0 mult=1 m=1
| XM_ENP3 CL_CMP EN VIN VIN sky130_fd_pr__pfet_g5v0d10v5 L=0.5 W=2 nf=1 ad=0.58 as=0.58 pd=4.58 ps=4.58 nrd=0.145 nrs=0.145 sa=0
| + sb=0 sd=0 mult=1 m=1
| C_CL VIN CL_CMP 1p m=1
| XM_INVP ENB EN VIN VIN sky130_fd_pr__pfet_g5v0d10v5 L=0.5 W=2 nf=1 ad=0.58 as=0.58 pd=4.58 ps=4.58 nrd=0.145 nrs=0.145 sa=0 sb=0
| + sd=0 mult=1 m=1
| XM_INVN ENB EN 0 0 sky130_fd_pr__nfet_g5v0d10v5 L=0.5 W=1 nf=1 ad=0.29 as=0.29 pd=2.58 ps=2.58 nrd=0.29 nrs=0.29 sa=0 sb=0 sd=0
| + mult=1 m=1
| XM_SSDIS SS ENB 0 0 sky130_fd_pr__nfet_g5v0d10v5 L=0.5 W=2 nf=1 ad=0.58 as=0.58 pd=4.58 ps=4.58 nrd=0.145 nrs=0.145 sa=0 sb=0 sd=0
| + mult=1 m=1
| XM_SSCHG SS BIASP VIN VIN sky130_fd_pr__pfet_g5v0d10v5 L=8 W=1 nf=1 ad=0.29 as=0.29 pd=2.58 ps=2.58 nrd=0.29 nrs=0.29 sa=0 sb=0
| + sd=0 mult=1 m=1
| C_SS SS 0 10p m=1
| XM_IN2S EA_D2 SS EA_TAIL VIN sky130_fd_pr__pfet_g5v0d10v5 L=2 W=10 nf=2 ad=1.45 as=2.9 pd=10.58 ps=21.16 nrd=0.029 nrs=0.029 sa=0
| + sb=0 sd=0 mult=1 m=1
| XM_TSPS TS_SNS BIASP VIN VIN sky130_fd_pr__pfet_g5v0d10v5 L=1 W=2.5 nf=1 ad=0.725 as=0.725 pd=5.58 ps=5.58 nrd=0.116 nrs=0.116
| + sa=0 sb=0 sd=0 mult=1 m=1
| XM_TSD1 TS_SNS TS_SNS TS_MID 0 sky130_fd_pr__nfet_g5v0d10v5 L=1 W=80 nf=16 ad=11.6 as=13.05 pd=84.64 ps=95.22 nrd=0.003625
| + nrs=0.003625 sa=0 sb=0 sd=0 mult=1 m=1
| XM_TSD2 TS_MID TS_MID AMP_ENN 0 sky130_fd_pr__nfet_g5v0d10v5 L=1 W=80 nf=16 ad=11.6 as=13.05 pd=84.64 ps=95.22 nrd=0.003625
| + nrs=0.003625 sa=0 sb=0 sd=0 mult=1 m=1
| XM_TSPR TS_REF BIASP VIN VIN sky130_fd_pr__pfet_g5v0d10v5 L=1 W=2.5 nf=1 ad=0.725 as=0.725 pd=5.58 ps=5.58 nrd=0.116 nrs=0.116
| + sa=0 sb=0 sd=0 mult=1 m=1
| XM_TSR1 TS_REF TS_REF AMP_ENN 0 sky130_fd_pr__nfet_g5v0d10v5 L=10 W=2 nf=1 ad=0.58 as=0.58 pd=4.58 ps=4.58 nrd=0.145 nrs=0.145
| + sa=0 sb=0 sd=0 mult=1 m=1
| XM_TCTAIL TC_TAIL NB AMP_ENN 0 sky130_fd_pr__nfet_g5v0d10v5 L=1 W=1 nf=1 ad=0.29 as=0.29 pd=2.58 ps=2.58 nrd=0.29 nrs=0.29 sa=0
| + sb=0 sd=0 mult=1 m=1
| XM_TCN1 TC_D1 TS_SNS TC_TAIL 0 sky130_fd_pr__nfet_g5v0d10v5 L=2 W=10 nf=2 ad=1.45 as=2.9 pd=10.58 ps=21.16 nrd=0.029 nrs=0.029
| + sa=0 sb=0 sd=0 mult=1 m=1
| XM_TCN2 TS_CMP TS_REF TC_TAIL 0 sky130_fd_pr__nfet_g5v0d10v5 L=2 W=10 nf=2 ad=1.45 as=2.9 pd=10.58 ps=21.16 nrd=0.029 nrs=0.029
| + sa=0 sb=0 sd=0 mult=1 m=1
| XM_TCP1 TC_D1 TC_D1 VIN VIN sky130_fd_pr__pfet_g5v0d10v5 L=2 W=10 nf=2 ad=1.45 as=2.9 pd=10.58 ps=21.16 nrd=0.029 nrs=0.029 sa=0
| + sb=0 sd=0 mult=1 m=1
| XM_TCP2 TS_CMP TC_D1 VIN VIN sky130_fd_pr__pfet_g5v0d10v5 L=2 W=10 nf=2 ad=1.45 as=2.9 pd=10.58 ps=21.16 nrd=0.029 nrs=0.029 sa=0
| + sb=0 sd=0 mult=1 m=1
| XM_TSHUT EA_OUT TS_CMP VIN VIN sky130_fd_pr__pfet_g5v0d10v5 L=0.5 W=20 nf=4 ad=2.9 as=4.35 pd=21.16 ps=31.74 nrd=0.0145 nrs=0.0145
| + sa=0 sb=0 sd=0 mult=1 m=1
| XM_TSHYSB TS_HYS BIASP VIN VIN sky130_fd_pr__pfet_g5v0d10v5 L=2 W=1.5 nf=1 ad=0.435 as=0.435 pd=3.58 ps=3.58 nrd=0.193333333333333
| + nrs=0.193333333333333 sa=0 sb=0 sd=0 mult=1 m=1
| XM_TSHYS TS_REF TS_CMP TS_HYS VIN sky130_fd_pr__pfet_g5v0d10v5 L=0.5 W=2 nf=1 ad=0.58 as=0.58 pd=4.58 ps=4.58 nrd=0.145 nrs=0.145
| + sa=0 sb=0 sd=0 mult=1 m=1
| XM_ENP4 TS_CMP EN VIN VIN sky130_fd_pr__pfet_g5v0d10v5 L=0.5 W=2 nf=1 ad=0.58 as=0.58 pd=4.58 ps=4.58 nrd=0.145 nrs=0.145 sa=0
| + sb=0 sd=0 mult=1 m=1
| C_TS VIN TS_CMP 1p m=1
| .ends
| 
| .control
| save all
| * --- leg 1: C_out 0.33uF, 0 mA (feedback divider is the only preload) ---
| tran 10u 4m
| meas tran vpk max v(vout) from=100u to=4m
| meas tran vfloor min v(vout) from=3.1m to=4m
| meas tran tset when v(vout)=1.764 rise=1
| * --- leg 2: C_out 0.33uF, 50 mA ---
| alter rload = 36
| tran 10u 4m
| meas tran vpk max v(vout) from=100u to=4m
| meas tran vfloor min v(vout) from=3.1m to=4m
| meas tran tset when v(vout)=1.764 rise=1
| * --- leg 3: C_out 4.7uF, 0 mA ---
| alter cout = 4.7u
| alter rload = 1e12
| tran 10u 4m
| meas tran vpk max v(vout) from=100u to=4m
| meas tran vfloor min v(vout) from=3.1m to=4m
| meas tran tset when v(vout)=1.764 rise=1
| * --- leg 4: C_out 4.7uF, 50 mA ---
| alter rload = 36
| tran 10u 4m
| meas tran vpk max v(vout) from=100u to=4m
| meas tran vfloor min v(vout) from=3.1m to=4m
| meas tran tset when v(vout)=1.764 rise=1
| let meas_vpk_c033_0ma_v = tran1.vpk
| let meas_vfloor_c033_0ma_v = tran1.vfloor
| let meas_tramp_c033_0ma_ms = 1000*(tran1.tset - 100u)
| let meas_vpk_c033_50ma_v = tran2.vpk
| let meas_vfloor_c033_50ma_v = tran2.vfloor
| let meas_tramp_c033_50ma_ms = 1000*(tran2.tset - 100u)
| let meas_vpk_c47_0ma_v = tran3.vpk
| let meas_vfloor_c47_0ma_v = tran3.vfloor
| let meas_tramp_c47_0ma_ms = 1000*(tran3.tset - 100u)
| let meas_vpk_c47_50ma_v = tran4.vpk
| let meas_vfloor_c47_50ma_v = tran4.vfloor
| let meas_tramp_c47_50ma_ms = 1000*(tran4.tset - 100u)
| print meas_vpk_c033_0ma_v
| print meas_vfloor_c033_0ma_v
| print meas_tramp_c033_0ma_ms
| print meas_vpk_c033_50ma_v
| print meas_vfloor_c033_50ma_v
| print meas_tramp_c033_50ma_ms
| print meas_vpk_c47_0ma_v
| print meas_vfloor_c47_0ma_v
| print meas_tramp_c47_0ma_ms
| print meas_vpk_c47_50ma_v
| print meas_vfloor_c47_50ma_v
| print meas_tramp_c47_50ma_ms
| quit
| .endc
| .end

# ==== ngspice stdout ====

Note: Compatibility modes selected: hs a


Circuit: * startup corner deck -- generated by sim/bin/corner-run.py, do not edit

option SCALE: Scale is set to 1e-06 for instance and model parameters
option SCALE: Scale is set to 1e-06 for instance and model parameters
option SCALE: Scale is set to 1e-06 for instance and model parameters
option SCALE: Scale is set to 1e-06 for instance and model parameters
Doing analysis at TEMP = -40.000000 and TNOM = 27.000000

Using KLU as Direct Linear Solver
 Reference value :  0.00000e+00
 Reference value :  8.00000e-07
 Reference value :  6.40000e-06
 Reference value :  3.28000e-05
 Reference value :  8.28000e-05
 Reference value :  1.00100e-04
 Reference value :  1.00300e-04
 Reference value :  1.00411e-04
 Reference value :  1.00606e-04
 Reference value :  1.00763e-04
 Reference value :  1.00811e-04
 Reference value :  1.00899e-04
 Reference value :  1.00972e-04
 Reference value :  1.01005e-04
 Reference value :  1.01036e-04
 Reference value :  1.01131e-04
 Reference value :  1.01456e-04
 Reference value :  1.02107e-04
 Reference value :  1.04582e-04
 Reference value :  1.12781e-04
 Reference value :  1.23088e-04
 Reference value :  1.29318e-04
 Reference value :  1.41701e-04
 Reference value :  1.71701e-04
 Reference value :  2.11701e-04
 Reference value :  2.31701e-04
 Reference value :  2.51701e-04
 Reference value :  2.91701e-04
 Reference value :  3.31701e-04
 Reference value :  3.71701e-04
 Reference value :  4.11701e-04
 Reference value :  4.51701e-04
 Reference value :  4.91701e-04
 Reference value :  5.31701e-04
 Reference value :  5.71701e-04
 Reference value :  6.11701e-04
 Reference value :  6.41701e-04
 Reference value :  6.81701e-04
 Reference value :  7.21701e-04
 Reference value :  7.61701e-04
 Reference value :  8.01701e-04
 Reference value :  8.41701e-04
 Reference value :  8.71701e-04
 Reference value :  9.01701e-04
 Reference value :  9.31701e-04
 Reference value :  9.71701e-04
 Reference value :  1.01170e-03
 Reference value :  1.05170e-03
 Reference value :  1.09170e-03
 Reference value :  1.13170e-03
 Reference value :  1.18170e-03
 Reference value :  1.22170e-03
 Reference value :  1.26170e-03
 Reference value :  1.31170e-03
 Reference value :  1.36170e-03
 Reference value :  1.41170e-03
 Reference value :  1.46170e-03
 Reference value :  1.51170e-03
 Reference value :  1.56170e-03
 Reference value :  1.60170e-03
 Reference value :  1.63170e-03
 Reference value :  1.67170e-03
 Reference value :  1.71170e-03
 Reference value :  1.75170e-03
 Reference value :  1.79170e-03
 Reference value :  1.83170e-03
 Reference value :  1.87170e-03
 Reference value :  1.91170e-03
 Reference value :  1.95170e-03
 Reference value :  1.99170e-03
 Reference value :  2.03170e-03
 Reference value :  2.07170e-03
 Reference value :  2.11170e-03
 Reference value :  2.14170e-03
 Reference value :  2.17170e-03
 Reference value :  2.21170e-03
 Reference value :  2.26170e-03
 Reference value :  2.31170e-03
 Reference value :  2.36170e-03
 Reference value :  2.41170e-03
 Reference value :  2.45170e-03
 Reference value :  2.49170e-03
 Reference value :  2.53170e-03
 Reference value :  2.56170e-03
 Reference value :  2.59170e-03
 Reference value :  2.62170e-03
 Reference value :  2.66170e-03
 Reference value :  2.69170e-03
 Reference value :  2.73170e-03
 Reference value :  2.77170e-03
 Reference value :  2.80170e-03
 Reference value :  2.85170e-03
 Reference value :  2.90170e-03
 Reference value :  2.95170e-03
 Reference value :  2.99170e-03
 Reference value :  3.03170e-03
 Reference value :  3.07170e-03
 Reference value :  3.11170e-03
 Reference value :  3.14170e-03
 Reference value :  3.17170e-03
 Reference value :  3.21170e-03
 Reference value :  3.25170e-03
 Reference value :  3.29170e-03
 Reference value :  3.32170e-03
 Reference value :  3.36170e-03
 Reference value :  3.39170e-03
 Reference value :  3.42170e-03
 Reference value :  3.45170e-03
 Reference value :  3.48170e-03
 Reference value :  3.51170e-03
 Reference value :  3.55170e-03
 Reference value :  3.59170e-03
 Reference value :  3.62170e-03
 Reference value :  3.66170e-03
 Reference value :  3.70170e-03
 Reference value :  3.73170e-03
 Reference value :  3.77170e-03
 Reference value :  3.81170e-03
 Reference value :  3.85170e-03
 Reference value :  3.89170e-03
 Reference value :  3.93170e-03
 Reference value :  3.96170e-03
 Reference value :  4.00000e-03
No. of Data Rows : 435
vpk                 =  1.80872e+00 at=  6.91701e-04
vfloor              =  1.80327e+00 at=  4.00000e-03
tset                =  3.58047e-04
Doing analysis at TEMP = -40.000000 and TNOM = 27.000000

Using KLU as Direct Linear Solver
 Reference value :  0.00000e+00
 Reference value :  8.00000e-07
 Reference value :  1.28000e-05
 Reference value :  5.28000e-05
 Reference value :  9.14000e-05
 Reference value :  1.00300e-04
 Reference value :  1.00411e-04
 Reference value :  1.00606e-04
 Reference value :  1.00763e-04
 Reference value :  1.00811e-04
 Reference value :  1.00899e-04
 Reference value :  1.00972e-04
 Reference value :  1.01015e-04
 Reference value :  1.01130e-04
 Reference value :  1.01693e-04
 Reference value :  1.02927e-04
 Reference value :  1.12768e-04
 Reference value :  1.21528e-04
 Reference value :  1.26343e-04
 Reference value :  1.35640e-04
 Reference value :  1.51389e-04
 Reference value :  1.81259e-04
 Reference value :  2.11259e-04
 Reference value :  2.51259e-04
 Reference value :  2.91259e-04
 Reference value :  3.21259e-04
 Reference value :  3.51259e-04
 Reference value :  3.91259e-04
 Reference value :  4.31259e-04
 Reference value :  4.61259e-04
 Reference value :  5.01259e-04
 Reference value :  5.41259e-04
 Reference value :  5.91259e-04
 Reference value :  6.31259e-04
 Reference value :  6.71259e-04
 Reference value :  7.11259e-04
 Reference value :  7.61259e-04
 Reference value :  8.01259e-04
 Reference value :  8.31259e-04
 Reference value :  8.61259e-04
 Reference value :  9.01259e-04
 Reference value :  9.41259e-04
 Reference value :  9.81259e-04
 Reference value :  1.01126e-03
 Reference value :  1.04126e-03
 Reference value :  1.07126e-03
 Reference value :  1.10126e-03
 Reference value :  1.14126e-03
 Reference value :  1.18126e-03
 Reference value :  1.22126e-03
 Reference value :  1.26126e-03
 Reference value :  1.29126e-03
 Reference value :  1.33126e-03
 Reference value :  1.37126e-03
 Reference value :  1.41126e-03
 Reference value :  1.45126e-03
 Reference value :  1.49126e-03
 Reference value :  1.54126e-03
 Reference value :  1.59126e-03
 Reference value :  1.63126e-03
 Reference value :  1.69126e-03
 Reference value :  1.74126e-03
 Reference value :  1.78126e-03
 Reference value :  1.82126e-03
 Reference value :  1.86126e-03
 Reference value :  1.91126e-03
 Reference value :  1.95126e-03
 Reference value :  1.98126e-03
 Reference value :  2.02126e-03
 Reference value :  2.06126e-03
 Reference value :  2.10126e-03
 Reference value :  2.14126e-03
 Reference value :  2.18126e-03
 Reference value :  2.21126e-03
 Reference value :  2.25126e-03
 Reference value :  2.28126e-03
 Reference value :  2.31126e-03
 Reference value :  2.34126e-03
 Reference value :  2.38126e-03
 Reference value :  2.42126e-03
 Reference value :  2.45126e-03
 Reference value :  2.49126e-03
 Reference value :  2.53126e-03
 Reference value :  2.56126e-03
 Reference value :  2.60126e-03
 Reference value :  2.64126e-03
 Reference value :  2.68126e-03
 Reference value :  2.71126e-03
 Reference value :  2.75126e-03
 Reference value :  2.79126e-03
 Reference value :  2.82126e-03
 Reference value :  2.86126e-03
 Reference value :  2.89126e-03
 Reference value :  2.92126e-03
 Reference value :  2.96126e-03
 Reference value :  2.99126e-03
 Reference value :  3.04126e-03
 Reference value :  3.08126e-03
 Reference value :  3.12126e-03
 Reference value :  3.16126e-03
 Reference value :  3.20126e-03
 Reference value :  3.24126e-03
 Reference value :  3.28126e-03
 Reference value :  3.32126e-03
 Reference value :  3.36126e-03
 Reference value :  3.40126e-03
 Reference value :  3.44126e-03
 Reference value :  3.48126e-03
 Reference value :  3.51126e-03
 Reference value :  3.55126e-03
 Reference value :  3.59126e-03
 Reference value :  3.63126e-03
 Reference value :  3.67126e-03
 Reference value :  3.71126e-03
 Reference value :  3.75126e-03
 Reference value :  3.78126e-03
 Reference value :  3.82126e-03
 Reference value :  3.87126e-03
 Reference value :  3.92126e-03
 Reference value :  3.96126e-03
 Reference value :  3.99063e-03
No. of Data Rows : 436
vpk                 =  1.79823e+00 at=  9.71259e-04
vfloor              =  1.79819e+00 at=  3.99063e-03
tset                =  3.91654e-04
Doing analysis at TEMP = -40.000000 and TNOM = 27.000000

Using KLU as Direct Linear Solver
 Reference value :  0.00000e+00
 Reference value :  8.00000e-07
 Reference value :  6.40000e-06
 Reference value :  3.28000e-05
 Reference value :  7.28000e-05
 Reference value :  1.00100e-04
 Reference value :  1.00300e-04
 Reference value :  1.00411e-04
 Reference value :  1.00606e-04
 Reference value :  1.00763e-04
 Reference value :  1.00811e-04
 Reference value :  1.00899e-04
 Reference value :  1.00972e-04
 Reference value :  1.01005e-04
 Reference value :  1.01067e-04
 Reference value :  1.01456e-04
 Reference value :  1.02932e-04
 Reference value :  1.12781e-04
 Reference value :  1.25642e-04
 Reference value :  1.34033e-04
 Reference value :  1.51243e-04
 Reference value :  1.61243e-04
 Reference value :  1.81243e-04
 Reference value :  2.01243e-04
 Reference value :  2.21243e-04
 Reference value :  2.51243e-04
 Reference value :  2.81243e-04
 Reference value :  3.01243e-04
 Reference value :  3.31243e-04
 Reference value :  3.61243e-04
 Reference value :  3.91243e-04
 Reference value :  4.21243e-04
 Reference value :  4.41243e-04
 Reference value :  4.71243e-04
 Reference value :  4.91243e-04
 Reference value :  5.11243e-04
 Reference value :  5.31243e-04
 Reference value :  5.61243e-04
 Reference value :  5.91243e-04
 Reference value :  6.31243e-04
 Reference value :  6.71243e-04
 Reference value :  7.11243e-04
 Reference value :  7.51243e-04
 Reference value :  7.91243e-04
 Reference value :  8.21243e-04
 Reference value :  8.61243e-04
 Reference value :  8.91243e-04
 Reference value :  9.21243e-04
 Reference value :  9.51243e-04
 Reference value :  9.91243e-04
 Reference value :  1.03124e-03
 Reference value :  1.07124e-03
 Reference value :  1.11124e-03
 Reference value :  1.14124e-03
 Reference value :  1.19124e-03
 Reference value :  1.24124e-03
 Reference value :  1.28124e-03
 Reference value :  1.31124e-03
 Reference value :  1.35124e-03
 Reference value :  1.39124e-03
 Reference value :  1.43124e-03
 Reference value :  1.46124e-03
 Reference value :  1.49124e-03
 Reference value :  1.53124e-03
 Reference value :  1.56124e-03
 Reference value :  1.59124e-03
 Reference value :  1.62124e-03
 Reference value :  1.66124e-03
 Reference value :  1.70124e-03
 Reference value :  1.74124e-03
 Reference value :  1.77124e-03
 Reference value :  1.80124e-03
 Reference value :  1.84124e-03
 Reference value :  1.88124e-03
 Reference value :  1.92124e-03
 Reference value :  1.95124e-03
 Reference value :  1.98124e-03
 Reference value :  2.02124e-03
 Reference value :  2.07124e-03
 Reference value :  2.13124e-03
 Reference value :  2.18124e-03
 Reference value :  2.22124e-03
 Reference value :  2.26124e-03
 Reference value :  2.30124e-03
 Reference value :  2.33124e-03
 Reference value :  2.37124e-03
 Reference value :  2.41124e-03
 Reference value :  2.44124e-03
 Reference value :  2.48124e-03
 Reference value :  2.52124e-03
 Reference value :  2.56124e-03
 Reference value :  2.60124e-03
 Reference value :  2.63124e-03
 Reference value :  2.66124e-03
 Reference value :  2.70124e-03
 Reference value :  2.74124e-03
 Reference value :  2.78124e-03
 Reference value :  2.82124e-03
 Reference value :  2.85124e-03
 Reference value :  2.88124e-03
 Reference value :  2.92124e-03
 Reference value :  2.96124e-03
 Reference value :  3.00124e-03
 Reference value :  3.03124e-03
 Reference value :  3.07124e-03
 Reference value :  3.10124e-03
 Reference value :  3.13124e-03
 Reference value :  3.17124e-03
 Reference value :  3.21124e-03
 Reference value :  3.25124e-03
 Reference value :  3.29124e-03
 Reference value :  3.33124e-03
 Reference value :  3.37124e-03
 Reference value :  3.40124e-03
 Reference value :  3.44124e-03
 Reference value :  3.47124e-03
 Reference value :  3.50124e-03
 Reference value :  3.53124e-03
 Reference value :  3.57124e-03
 Reference value :  3.61124e-03
 Reference value :  3.65124e-03
 Reference value :  3.69124e-03
 Reference value :  3.73124e-03
 Reference value :  3.77124e-03
 Reference value :  3.81124e-03
 Reference value :  3.84124e-03
 Reference value :  3.87124e-03
 Reference value :  3.90124e-03
 Reference value :  3.94124e-03
 Reference value :  3.98124e-03
No. of Data Rows : 434
vpk                 =  1.81868e+00 at=  5.91243e-04
vfloor              =  1.81828e+00 at=  4.00000e-03
tset                =  3.44082e-04
Doing analysis at TEMP = -40.000000 and TNOM = 27.000000

Using KLU as Direct Linear Solver
 Reference value :  0.00000e+00
 Reference value :  4.00000e-07
 Reference value :  3.20000e-06
 Reference value :  2.28000e-05
 Reference value :  5.28000e-05
 Reference value :  9.14000e-05
 Reference value :  1.00300e-04
 Reference value :  1.00411e-04
 Reference value :  1.00595e-04
 Reference value :  1.00748e-04
 Reference value :  1.00797e-04
 Reference value :  1.00886e-04
 Reference value :  1.00966e-04
 Reference value :  1.01004e-04
 Reference value :  1.01060e-04
 Reference value :  1.01433e-04
 Reference value :  1.02803e-04
 Reference value :  1.11895e-04
 Reference value :  1.20418e-04
 Reference value :  1.25121e-04
 Reference value :  1.33893e-04
 Reference value :  1.44956e-04
 Reference value :  1.64956e-04
 Reference value :  1.74956e-04
 Reference value :  2.04956e-04
 Reference value :  2.34956e-04
 Reference value :  2.64956e-04
 Reference value :  2.94956e-04
 Reference value :  3.24956e-04
 Reference value :  3.54956e-04
 Reference value :  3.84956e-04
 Reference value :  4.24956e-04
 Reference value :  4.74956e-04
 Reference value :  5.14956e-04
 Reference value :  5.54956e-04
 Reference value :  5.94956e-04
 Reference value :  6.34956e-04
 Reference value :  6.74956e-04
 Reference value :  7.24956e-04
 Reference value :  7.64956e-04
 Reference value :  8.04956e-04
 Reference value :  8.44956e-04
 Reference value :  8.84956e-04
 Reference value :  9.24956e-04
 Reference value :  9.64956e-04
 Reference value :  1.00496e-03
 Reference value :  1.04496e-03
 Reference value :  1.09496e-03
 Reference value :  1.14496e-03
 Reference value :  1.17496e-03
 Reference value :  1.20496e-03
 Reference value :  1.23496e-03
 Reference value :  1.27496e-03
 Reference value :  1.31496e-03
 Reference value :  1.35496e-03
 Reference value :  1.39496e-03
 Reference value :  1.43496e-03
 Reference value :  1.47496e-03
 Reference value :  1.51496e-03
 Reference value :  1.55496e-03
 Reference value :  1.59496e-03
 Reference value :  1.63496e-03
 Reference value :  1.66496e-03
 Reference value :  1.71496e-03
 Reference value :  1.76496e-03
 Reference value :  1.81496e-03
 Reference value :  1.86496e-03
 Reference value :  1.91496e-03
 Reference value :  1.96496e-03
 Reference value :  2.01496e-03
 Reference value :  2.05496e-03
 Reference value :  2.10496e-03
 Reference value :  2.14496e-03
 Reference value :  2.20496e-03
 Reference value :  2.25496e-03
 Reference value :  2.30496e-03
 Reference value :  2.35496e-03
 Reference value :  2.39496e-03
 Reference value :  2.43496e-03
 Reference value :  2.47496e-03
 Reference value :  2.50496e-03
 Reference value :  2.53496e-03
 Reference value :  2.57496e-03
 Reference value :  2.61496e-03
 Reference value :  2.65496e-03
 Reference value :  2.68496e-03
 Reference value :  2.73496e-03
 Reference value :  2.77496e-03
 Reference value :  2.81496e-03
 Reference value :  2.85496e-03
 Reference value :  2.89496e-03
 Reference value :  2.93496e-03
 Reference value :  2.97496e-03
 Reference value :  3.00496e-03
 Reference value :  3.03496e-03
 Reference value :  3.06496e-03
 Reference value :  3.10496e-03
 Reference value :  3.15496e-03
 Reference value :  3.19496e-03
 Reference value :  3.23496e-03
 Reference value :  3.27496e-03
 Reference value :  3.31496e-03
 Reference value :  3.35496e-03
 Reference value :  3.39496e-03
 Reference value :  3.43496e-03
 Reference value :  3.46496e-03
 Reference value :  3.49496e-03
 Reference value :  3.52496e-03
 Reference value :  3.56496e-03
 Reference value :  3.61496e-03
 Reference value :  3.66496e-03
 Reference value :  3.71496e-03
 Reference value :  3.75496e-03
 Reference value :  3.79496e-03
 Reference value :  3.82496e-03
 Reference value :  3.86496e-03
 Reference value :  3.91496e-03
 Reference value :  3.96496e-03
 Reference value :  4.00000e-03
No. of Data Rows : 437
vpk                 =  1.79819e+00 at=  9.04956e-04
vfloor              =  1.79816e+00 at=  4.00000e-03
tset                =  3.62842e-04
meas_vpk_c033_0ma_v = 1.808721e+00
meas_vfloor_c033_0ma_v = 1.803275e+00
meas_tramp_c033_0ma_ms = 2.580472e-01
meas_vpk_c033_50ma_v = 1.798228e+00
meas_vfloor_c033_50ma_v = 1.798191e+00
meas_tramp_c033_50ma_ms = 2.916544e-01
meas_vpk_c47_0ma_v = 1.818677e+00
meas_vfloor_c47_0ma_v = 1.818283e+00
meas_tramp_c47_0ma_ms = 2.440823e-01
meas_vpk_c47_50ma_v = 1.798193e+00
meas_vfloor_c47_50ma_v = 1.798162e+00
meas_tramp_c47_50ma_ms = 2.628422e-01
ngspice-46 done

# ==== ngspice stderr ====
Note: Starting dynamic gmin stepping
Warning: Dynamic gmin stepping failed
Note: Starting true gmin stepping
Note: True gmin stepping completed
Note: Starting dynamic gmin stepping
Note: Dynamic gmin stepping completed
Note: Starting dynamic gmin stepping
Warning: Dynamic gmin stepping failed
Note: Starting true gmin stepping
Note: True gmin stepping completed
Note: Starting dynamic gmin stepping
Note: Dynamic gmin stepping completed
