# corner: sf_125c_2.97v
# process=sf temp=125C supply=2.97V
# ngspice exit: 0
# wall clock: 56.2s (--timeout was 300s)
# result: FAIL

# ==== deck (exact input given to ngspice) ====
| * startup corner deck -- generated by sim/bin/corner-run.py, do not edit
| * corner: sf_125c_2.97v
| .param vsup=2.97
| .option wnflag=1
| .temp 125
| .lib "/home/ubuntu/.volare/sky130A/libs.tech/combined/sky130.lib.spice" sf
| ** sch_path: sim/startup/testbench/tb_startup.sch
| **.subckt tb_startup
| VVIN VIN 0 'vsup'
| .save i(vvin)
| VEN EN 0 PULSE(0 'vsup' 100u 1u 1u 100 200)
| .save i(ven)
| VVREF VREF 0 1.2
| .save i(vvref)
| xldo VOUT VREF EN VIN ldo_3v3in_1v8out
| COUT VOUT VESR 0.33u m=1
| RESR VESR 0 10m m=1
| RLOAD VOUT 0 1e12 m=1
| **.ends
| 
| * expanding   symbol:  design/ldo_3v3in_1v8out.sym # of pins=4
| ** sym_path: design/ldo_3v3in_1v8out.sym
| ** sch_path: design/ldo_3v3in_1v8out.sch
| .subckt ldo_3v3in_1v8out VOUT VREF EN VIN
| *.ipin VIN
| *.ipin EN
| *.ipin VREF
| *.opin VOUT
| XR_BIAS VIN NB 0 sky130_fd_pr__res_high_po W=0.42 L=1500 mult=1 m=1
| XM_BIASN1 NB NB BIAS_ENN 0 sky130_fd_pr__nfet_g5v0d10v5 L=1 W=4 nf=1 ad=1.16 as=1.16 pd=8.58 ps=8.58 nrd=0.0725 nrs=0.0725 sa=0
| + sb=0 sd=0 mult=1 m=1
| XM_ENN BIAS_ENN EN 0 0 sky130_fd_pr__nfet_g5v0d10v5 L=0.5 W=10 nf=1 ad=2.9 as=2.9 pd=20.58 ps=20.58 nrd=0.029 nrs=0.029 sa=0 sb=0
| + sd=0 mult=1 m=1
| XM_BIASN2 BIASP NB BIAS_ENN 0 sky130_fd_pr__nfet_g5v0d10v5 L=1 W=4 nf=1 ad=1.16 as=1.16 pd=8.58 ps=8.58 nrd=0.0725 nrs=0.0725 sa=0
| + sb=0 sd=0 mult=1 m=1
| XM_BIASP1 BIASP BIASP VIN VIN sky130_fd_pr__pfet_g5v0d10v5 L=1 W=10 nf=2 ad=1.45 as=2.9 pd=10.58 ps=21.16 nrd=0.029 nrs=0.029 sa=0
| + sb=0 sd=0 mult=1 m=1
| XM_ENP2 BIASP EN VIN VIN sky130_fd_pr__pfet_g5v0d10v5 L=0.5 W=10 nf=1 ad=2.9 as=2.9 pd=20.58 ps=20.58 nrd=0.029 nrs=0.029 sa=0
| + sb=0 sd=0 mult=1 m=1
| XM_TAIL EA_TAIL BIASP VIN VIN sky130_fd_pr__pfet_g5v0d10v5 L=2 W=40 nf=8 ad=5.8 as=7.25 pd=42.32 ps=52.9 nrd=0.00725 nrs=0.00725
| + sa=0 sb=0 sd=0 mult=1 m=1
| XM_IN1 EA_D1 FB EA_TAIL VIN sky130_fd_pr__pfet_g5v0d10v5 L=2 W=10 nf=2 ad=1.45 as=2.9 pd=10.58 ps=21.16 nrd=0.029 nrs=0.029 sa=0
| + sb=0 sd=0 mult=1 m=1
| XM_IN2 EA_D2 VREF EA_TAIL VIN sky130_fd_pr__pfet_g5v0d10v5 L=2 W=10 nf=2 ad=1.45 as=2.9 pd=10.58 ps=21.16 nrd=0.029 nrs=0.029 sa=0
| + sb=0 sd=0 mult=1 m=1
| XM_MIR1 EA_D1 EA_D1 AMP_ENN 0 sky130_fd_pr__nfet_g5v0d10v5 L=4 W=10 nf=2 ad=1.45 as=2.9 pd=10.58 ps=21.16 nrd=0.029 nrs=0.029 sa=0
| + sb=0 sd=0 mult=1 m=1
| XM_MIR2 EA_OUT EA_D1 AMP_ENN 0 sky130_fd_pr__nfet_g5v0d10v5 L=4 W=10 nf=2 ad=1.45 as=2.9 pd=10.58 ps=21.16 nrd=0.029 nrs=0.029
| + sa=0 sb=0 sd=0 mult=1 m=1
| XM_ENN2 AMP_ENN EN 0 0 sky130_fd_pr__nfet_g5v0d10v5 L=0.5 W=10 nf=1 ad=2.9 as=2.9 pd=20.58 ps=20.58 nrd=0.029 nrs=0.029 sa=0 sb=0
| + sd=0 mult=1 m=1
| XM_ENP EA_OUT EN VIN VIN sky130_fd_pr__pfet_g5v0d10v5 L=0.5 W=10 nf=1 ad=2.9 as=2.9 pd=20.58 ps=20.58 nrd=0.029 nrs=0.029 sa=0
| + sb=0 sd=0 mult=1 m=1
| XM_MIR3 EA_D2 EA_D2 AMP_ENN 0 sky130_fd_pr__nfet_g5v0d10v5 L=4 W=10 nf=2 ad=1.45 as=2.9 pd=10.58 ps=21.16 nrd=0.029 nrs=0.029 sa=0
| + sb=0 sd=0 mult=1 m=1
| XM_MIR4 PB EA_D2 AMP_ENN 0 sky130_fd_pr__nfet_g5v0d10v5 L=4 W=10 nf=2 ad=1.45 as=2.9 pd=10.58 ps=21.16 nrd=0.029 nrs=0.029 sa=0
| + sb=0 sd=0 mult=1 m=1
| XM_MIRP1 PB PB VIN VIN sky130_fd_pr__pfet_g5v0d10v5 L=4 W=20 nf=4 ad=2.9 as=4.35 pd=21.16 ps=31.74 nrd=0.0145 nrs=0.0145 sa=0 sb=0
| + sd=0 mult=1 m=1
| XM_MIRP2 EA_OUT PB VIN VIN sky130_fd_pr__pfet_g5v0d10v5 L=4 W=20 nf=4 ad=2.9 as=4.35 pd=21.16 ps=31.74 nrd=0.0145 nrs=0.0145 sa=0
| + sb=0 sd=0 mult=1 m=1
| XM_ENP5 PB EN VIN VIN sky130_fd_pr__pfet_g5v0d10v5 L=0.5 W=2 nf=1 ad=0.58 as=0.58 pd=4.58 ps=4.58 nrd=0.145 nrs=0.145 sa=0 sb=0
| + sd=0 mult=1 m=1
| XM_PASS VOUT EA_OUT VIN VIN sky130_fd_pr__pfet_g5v0d10v5 L=0.5 W=100 nf=25 ad=15.08 as=15.08 pd=111.54 ps=111.54 nrd=0.0029
| + nrs=0.0029 sa=0 sb=0 sd=0 mult=25 m=25
| C_COMP VOUT EA_CZ 150p m=1
| XR_CZ EA_CZ EA_OUT 0 sky130_fd_pr__res_xhigh_po W=0.42 L=52 mult=1 m=1
| XR_FB_A VOUT FB 0 sky130_fd_pr__res_xhigh_po W=0.42 L=180 mult=1 m=1
| XR_FB_B FB N_FBB 0 sky130_fd_pr__res_xhigh_po W=0.42 L=180 mult=1 m=1
| XR_FB_C N_FBB 0 0 sky130_fd_pr__res_xhigh_po W=0.42 L=180 mult=1 m=1
| XM_SENSE CL_SNS EA_OUT VIN VIN sky130_fd_pr__pfet_g5v0d10v5 L=0.5 W=0.42 nf=1 ad=0.1218 as=0.1218 pd=1.42 ps=1.42
| + nrd=0.69047619047619 nrs=0.69047619047619 sa=0 sb=0 sd=0 mult=1 m=1
| XM_CLN1 CL_SNS CL_SNS AMP_ENN 0 sky130_fd_pr__nfet_g5v0d10v5 L=1 W=20 nf=1 ad=5.8 as=5.8 pd=40.58 ps=40.58 nrd=0.0145 nrs=0.0145
| + sa=0 sb=0 sd=0 mult=1 m=1
| XM_CLN2 CL_CMP CL_SNS AMP_ENN 0 sky130_fd_pr__nfet_g5v0d10v5 L=1 W=1.6 nf=1 ad=0.464 as=0.464 pd=3.78 ps=3.78 nrd=0.18125
| + nrs=0.18125 sa=0 sb=0 sd=0 mult=1 m=1
| XM_CLP CL_CMP BIASP VIN VIN sky130_fd_pr__pfet_g5v0d10v5 L=1 W=10 nf=2 ad=1.45 as=2.9 pd=10.58 ps=21.16 nrd=0.029 nrs=0.029 sa=0
| + sb=0 sd=0 mult=1 m=1
| XM_CLIM EA_OUT CL_CMP VIN VIN sky130_fd_pr__pfet_g5v0d10v5 L=0.5 W=20 nf=4 ad=2.9 as=4.35 pd=21.16 ps=31.74 nrd=0.0145 nrs=0.0145
| + sa=0 sb=0 sd=0 mult=1 m=1
| XM_ENP3 CL_CMP EN VIN VIN sky130_fd_pr__pfet_g5v0d10v5 L=0.5 W=2 nf=1 ad=0.58 as=0.58 pd=4.58 ps=4.58 nrd=0.145 nrs=0.145 sa=0
| + sb=0 sd=0 mult=1 m=1
| C_CL VIN CL_CMP 1p m=1
| XM_INVP ENB EN VIN VIN sky130_fd_pr__pfet_g5v0d10v5 L=0.5 W=2 nf=1 ad=0.58 as=0.58 pd=4.58 ps=4.58 nrd=0.145 nrs=0.145 sa=0 sb=0
| + sd=0 mult=1 m=1
| XM_INVN ENB EN 0 0 sky130_fd_pr__nfet_g5v0d10v5 L=0.5 W=1 nf=1 ad=0.29 as=0.29 pd=2.58 ps=2.58 nrd=0.29 nrs=0.29 sa=0 sb=0 sd=0
| + mult=1 m=1
| XM_SSDIS SS ENB 0 0 sky130_fd_pr__nfet_g5v0d10v5 L=0.5 W=2 nf=1 ad=0.58 as=0.58 pd=4.58 ps=4.58 nrd=0.145 nrs=0.145 sa=0 sb=0 sd=0
| + mult=1 m=1
| XM_SSCHG SS BIASP VIN VIN sky130_fd_pr__pfet_g5v0d10v5 L=8 W=1 nf=1 ad=0.29 as=0.29 pd=2.58 ps=2.58 nrd=0.29 nrs=0.29 sa=0 sb=0
| + sd=0 mult=1 m=1
| C_SS SS 0 10p m=1
| XM_IN2S EA_D2 SS EA_TAIL VIN sky130_fd_pr__pfet_g5v0d10v5 L=2 W=10 nf=2 ad=1.45 as=2.9 pd=10.58 ps=21.16 nrd=0.029 nrs=0.029 sa=0
| + sb=0 sd=0 mult=1 m=1
| XM_TSPS TS_SNS BIASP VIN VIN sky130_fd_pr__pfet_g5v0d10v5 L=1 W=2.5 nf=1 ad=0.725 as=0.725 pd=5.58 ps=5.58 nrd=0.116 nrs=0.116
| + sa=0 sb=0 sd=0 mult=1 m=1
| XM_TSD1 TS_SNS TS_SNS TS_MID 0 sky130_fd_pr__nfet_g5v0d10v5 L=1 W=80 nf=16 ad=11.6 as=13.05 pd=84.64 ps=95.22 nrd=0.003625
| + nrs=0.003625 sa=0 sb=0 sd=0 mult=1 m=1
| XM_TSD2 TS_MID TS_MID AMP_ENN 0 sky130_fd_pr__nfet_g5v0d10v5 L=1 W=80 nf=16 ad=11.6 as=13.05 pd=84.64 ps=95.22 nrd=0.003625
| + nrs=0.003625 sa=0 sb=0 sd=0 mult=1 m=1
| XM_TSPR TS_REF BIASP VIN VIN sky130_fd_pr__pfet_g5v0d10v5 L=1 W=2.5 nf=1 ad=0.725 as=0.725 pd=5.58 ps=5.58 nrd=0.116 nrs=0.116
| + sa=0 sb=0 sd=0 mult=1 m=1
| XM_TSR1 TS_REF TS_REF AMP_ENN 0 sky130_fd_pr__nfet_g5v0d10v5 L=10 W=2 nf=1 ad=0.58 as=0.58 pd=4.58 ps=4.58 nrd=0.145 nrs=0.145
| + sa=0 sb=0 sd=0 mult=1 m=1
| XM_TCTAIL TC_TAIL NB AMP_ENN 0 sky130_fd_pr__nfet_g5v0d10v5 L=1 W=1 nf=1 ad=0.29 as=0.29 pd=2.58 ps=2.58 nrd=0.29 nrs=0.29 sa=0
| + sb=0 sd=0 mult=1 m=1
| XM_TCN1 TC_D1 TS_SNS TC_TAIL 0 sky130_fd_pr__nfet_g5v0d10v5 L=2 W=10 nf=2 ad=1.45 as=2.9 pd=10.58 ps=21.16 nrd=0.029 nrs=0.029
| + sa=0 sb=0 sd=0 mult=1 m=1
| XM_TCN2 TS_CMP TS_REF TC_TAIL 0 sky130_fd_pr__nfet_g5v0d10v5 L=2 W=10 nf=2 ad=1.45 as=2.9 pd=10.58 ps=21.16 nrd=0.029 nrs=0.029
| + sa=0 sb=0 sd=0 mult=1 m=1
| XM_TCP1 TC_D1 TC_D1 VIN VIN sky130_fd_pr__pfet_g5v0d10v5 L=2 W=10 nf=2 ad=1.45 as=2.9 pd=10.58 ps=21.16 nrd=0.029 nrs=0.029 sa=0
| + sb=0 sd=0 mult=1 m=1
| XM_TCP2 TS_CMP TC_D1 VIN VIN sky130_fd_pr__pfet_g5v0d10v5 L=2 W=10 nf=2 ad=1.45 as=2.9 pd=10.58 ps=21.16 nrd=0.029 nrs=0.029 sa=0
| + sb=0 sd=0 mult=1 m=1
| XM_TSHUT EA_OUT TS_CMP VIN VIN sky130_fd_pr__pfet_g5v0d10v5 L=0.5 W=20 nf=4 ad=2.9 as=4.35 pd=21.16 ps=31.74 nrd=0.0145 nrs=0.0145
| + sa=0 sb=0 sd=0 mult=1 m=1
| XM_TSHYSB TS_HYS BIASP VIN VIN sky130_fd_pr__pfet_g5v0d10v5 L=2 W=1.5 nf=1 ad=0.435 as=0.435 pd=3.58 ps=3.58 nrd=0.193333333333333
| + nrs=0.193333333333333 sa=0 sb=0 sd=0 mult=1 m=1
| XM_TSHYS TS_REF TS_CMP TS_HYS VIN sky130_fd_pr__pfet_g5v0d10v5 L=0.5 W=2 nf=1 ad=0.58 as=0.58 pd=4.58 ps=4.58 nrd=0.145 nrs=0.145
| + sa=0 sb=0 sd=0 mult=1 m=1
| XM_ENP4 TS_CMP EN VIN VIN sky130_fd_pr__pfet_g5v0d10v5 L=0.5 W=2 nf=1 ad=0.58 as=0.58 pd=4.58 ps=4.58 nrd=0.145 nrs=0.145 sa=0
| + sb=0 sd=0 mult=1 m=1
| C_TS VIN TS_CMP 1p m=1
| .ends
| 
| .control
| save all
| * --- leg 1: C_out 0.33uF, 0 mA (feedback divider is the only preload) ---
| tran 10u 4m
| meas tran vpk max v(vout) from=100u to=4m
| meas tran vfloor min v(vout) from=3.1m to=4m
| meas tran tset when v(vout)=1.764 rise=1
| * --- leg 2: C_out 0.33uF, 50 mA ---
| alter rload = 36
| tran 10u 4m
| meas tran vpk max v(vout) from=100u to=4m
| meas tran vfloor min v(vout) from=3.1m to=4m
| meas tran tset when v(vout)=1.764 rise=1
| * --- leg 3: C_out 4.7uF, 0 mA ---
| alter cout = 4.7u
| alter rload = 1e12
| tran 10u 4m
| meas tran vpk max v(vout) from=100u to=4m
| meas tran vfloor min v(vout) from=3.1m to=4m
| meas tran tset when v(vout)=1.764 rise=1
| * --- leg 4: C_out 4.7uF, 50 mA ---
| alter rload = 36
| tran 10u 4m
| meas tran vpk max v(vout) from=100u to=4m
| meas tran vfloor min v(vout) from=3.1m to=4m
| meas tran tset when v(vout)=1.764 rise=1
| let meas_vpk_c033_0ma_v = tran1.vpk
| let meas_vfloor_c033_0ma_v = tran1.vfloor
| let meas_tramp_c033_0ma_ms = 1000*(tran1.tset - 100u)
| let meas_vpk_c033_50ma_v = tran2.vpk
| let meas_vfloor_c033_50ma_v = tran2.vfloor
| let meas_tramp_c033_50ma_ms = 1000*(tran2.tset - 100u)
| let meas_vpk_c47_0ma_v = tran3.vpk
| let meas_vfloor_c47_0ma_v = tran3.vfloor
| let meas_tramp_c47_0ma_ms = 1000*(tran3.tset - 100u)
| let meas_vpk_c47_50ma_v = tran4.vpk
| let meas_vfloor_c47_50ma_v = tran4.vfloor
| let meas_tramp_c47_50ma_ms = 1000*(tran4.tset - 100u)
| print meas_vpk_c033_0ma_v
| print meas_vfloor_c033_0ma_v
| print meas_tramp_c033_0ma_ms
| print meas_vpk_c033_50ma_v
| print meas_vfloor_c033_50ma_v
| print meas_tramp_c033_50ma_ms
| print meas_vpk_c47_0ma_v
| print meas_vfloor_c47_0ma_v
| print meas_tramp_c47_0ma_ms
| print meas_vpk_c47_50ma_v
| print meas_vfloor_c47_50ma_v
| print meas_tramp_c47_50ma_ms
| quit
| .endc
| .end

# ==== ngspice stdout ====

Note: Compatibility modes selected: hs a


Circuit: * startup corner deck -- generated by sim/bin/corner-run.py, do not edit

option SCALE: Scale is set to 1e-06 for instance and model parameters
option SCALE: Scale is set to 1e-06 for instance and model parameters
option SCALE: Scale is set to 1e-06 for instance and model parameters
option SCALE: Scale is set to 1e-06 for instance and model parameters
Doing analysis at TEMP = 125.000000 and TNOM = 27.000000

Using KLU as Direct Linear Solver
 Reference value :  0.00000e+00
 Reference value :  8.00000e-07
 Reference value :  6.40000e-06
 Reference value :  3.28000e-05
 Reference value :  6.28000e-05
 Reference value :  1.00000e-04
 Reference value :  1.00100e-04
 Reference value :  1.00300e-04
 Reference value :  1.00411e-04
 Reference value :  1.00516e-04
 Reference value :  1.00598e-04
 Reference value :  1.00680e-04
 Reference value :  1.00863e-04
 Reference value :  1.00921e-04
 Reference value :  1.01000e-04
 Reference value :  1.01013e-04
 Reference value :  1.01056e-04
 Reference value :  1.01142e-04
 Reference value :  1.01374e-04
 Reference value :  1.01775e-04
 Reference value :  1.03670e-04
 Reference value :  1.05512e-04
 Reference value :  1.08787e-04
 Reference value :  1.14763e-04
 Reference value :  1.19837e-04
 Reference value :  1.25105e-04
 Reference value :  1.32537e-04
 Reference value :  1.58992e-04
 Reference value :  1.88992e-04
 Reference value :  2.08992e-04
 Reference value :  2.28992e-04
 Reference value :  2.48992e-04
 Reference value :  2.68992e-04
 Reference value :  3.08992e-04
 Reference value :  3.48992e-04
 Reference value :  3.78992e-04
 Reference value :  4.08992e-04
 Reference value :  4.48992e-04
 Reference value :  4.78992e-04
 Reference value :  5.18992e-04
 Reference value :  5.48992e-04
 Reference value :  5.78992e-04
 Reference value :  6.18992e-04
 Reference value :  6.48992e-04
 Reference value :  6.88992e-04
 Reference value :  7.18992e-04
 Reference value :  7.48992e-04
 Reference value :  7.78992e-04
 Reference value :  8.18992e-04
 Reference value :  8.48992e-04
 Reference value :  8.88992e-04
 Reference value :  9.18992e-04
 Reference value :  9.48992e-04
 Reference value :  9.78992e-04
 Reference value :  1.01899e-03
 Reference value :  1.04899e-03
 Reference value :  1.08899e-03
 Reference value :  1.12899e-03
 Reference value :  1.15899e-03
 Reference value :  1.19899e-03
 Reference value :  1.22899e-03
 Reference value :  1.26899e-03
 Reference value :  1.29899e-03
 Reference value :  1.32899e-03
 Reference value :  2.45899e-03
 Reference value :  2.49899e-03
 Reference value :  2.52899e-03
 Reference value :  2.56899e-03
 Reference value :  2.59899e-03
 Reference value :  2.63899e-03
 Reference value :  2.67899e-03
 Reference value :  2.70899e-03
 Reference value :  2.74899e-03
 Reference value :  2.78899e-03
 Reference value :  2.82899e-03
 Reference value :  2.86899e-03
 Reference value :  2.89899e-03
 Reference value :  2.92899e-03
 Reference value :  2.95899e-03
 Reference value :  2.99899e-03
 Reference value :  3.02899e-03
 Reference value :  3.05899e-03
 Reference value :  3.08899e-03
 Reference value :  3.12899e-03
 Reference value :  3.16899e-03
 Reference value :  3.19899e-03
 Reference value :  3.22899e-03
 Reference value :  3.25899e-03
 Reference value :  3.28899e-03
 Reference value :  3.31899e-03
 Reference value :  3.34899e-03
 Reference value :  3.38899e-03
 Reference value :  3.41899e-03
 Reference value :  3.45899e-03
 Reference value :  3.48899e-03
 Reference value :  3.51899e-03
 Reference value :  3.54899e-03
 Reference value :  3.58899e-03
 Reference value :  3.61899e-03
 Reference value :  3.64899e-03
 Reference value :  3.67899e-03
 Reference value :  3.71899e-03
 Reference value :  3.75899e-03
 Reference value :  3.78899e-03
 Reference value :  3.82899e-03
 Reference value :  3.87899e-03
 Reference value :  3.92899e-03
 Reference value :  3.97899e-03
 Reference value :  4.00000e-03
No. of Data Rows : 441
vpk                 =  6.99522e-03 at=  1.00921e-04
vfloor              =  6.99504e-03 at=  3.10899e-03
 meas tran tset when v(vout)=1.764 rise=1 failed!

Doing analysis at TEMP = 125.000000 and TNOM = 27.000000

Using KLU as Direct Linear Solver
 Reference value :  0.00000e+00
 Reference value :  4.00000e-07
 Reference value :  3.20000e-06
 Reference value :  3.28000e-05
 Reference value :  7.28000e-05
 Reference value :  1.00100e-04
 Reference value :  1.00300e-04
 Reference value :  1.00411e-04
 Reference value :  1.00516e-04
 Reference value :  1.00598e-04
 Reference value :  1.00780e-04
 Reference value :  1.00863e-04
 Reference value :  1.00921e-04
 Reference value :  1.01004e-04
 Reference value :  1.01095e-04
 Reference value :  1.01372e-04
 Reference value :  1.02681e-04
 Reference value :  1.05078e-04
 Reference value :  1.10235e-04
 Reference value :  1.15566e-04
 Reference value :  1.46555e-04
 Reference value :  1.86555e-04
 Reference value :  2.16555e-04
 Reference value :  2.36555e-04
 Reference value :  2.56555e-04
 Reference value :  2.76555e-04
 Reference value :  3.16555e-04
 Reference value :  3.66555e-04
 Reference value :  4.06555e-04
 Reference value :  4.36555e-04
 Reference value :  4.76555e-04
 Reference value :  5.16555e-04
 Reference value :  5.56555e-04
 Reference value :  5.96555e-04
 Reference value :  6.36555e-04
 Reference value :  6.86555e-04
 Reference value :  7.46555e-04
 Reference value :  7.96555e-04
 Reference value :  8.56555e-04
 Reference value :  9.06555e-04
 Reference value :  9.56555e-04
 Reference value :  1.00656e-03
 Reference value :  1.05656e-03
 Reference value :  1.11656e-03
 Reference value :  1.16656e-03
 Reference value :  1.21656e-03
 Reference value :  1.26656e-03
 Reference value :  1.31656e-03
 Reference value :  1.36656e-03
 Reference value :  1.41656e-03
 Reference value :  1.46656e-03
 Reference value :  1.51656e-03
 Reference value :  1.55656e-03
 Reference value :  1.59656e-03
 Reference value :  1.64656e-03
 Reference value :  1.69656e-03
 Reference value :  1.74656e-03
 Reference value :  1.79656e-03
 Reference value :  1.84656e-03
 Reference value :  1.89656e-03
 Reference value :  1.94656e-03
 Reference value :  1.98656e-03
 Reference value :  2.02656e-03
 Reference value :  2.05656e-03
 Reference value :  2.09656e-03
 Reference value :  2.13656e-03
 Reference value :  2.18656e-03
 Reference value :  2.23656e-03
 Reference value :  2.28656e-03
 Reference value :  2.33656e-03
 Reference value :  2.38656e-03
 Reference value :  2.43656e-03
 Reference value :  2.46656e-03
 Reference value :  2.50656e-03
 Reference value :  2.53656e-03
 Reference value :  2.56656e-03
 Reference value :  2.59656e-03
 Reference value :  2.63656e-03
 Reference value :  2.68656e-03
 Reference value :  2.73656e-03
 Reference value :  2.78656e-03
 Reference value :  2.83656e-03
 Reference value :  2.88656e-03
 Reference value :  2.93656e-03
 Reference value :  2.98656e-03
 Reference value :  3.02656e-03
 Reference value :  3.08656e-03
 Reference value :  3.14656e-03
 Reference value :  3.19656e-03
 Reference value :  3.25656e-03
 Reference value :  3.30656e-03
 Reference value :  3.35656e-03
 Reference value :  3.40656e-03
 Reference value :  3.46656e-03
 Reference value :  3.52656e-03
 Reference value :  3.58656e-03
 Reference value :  3.62656e-03
 Reference value :  3.67656e-03
 Reference value :  3.73656e-03
 Reference value :  3.79656e-03
 Reference value :  3.85656e-03
 Reference value :  3.90656e-03
 Reference value :  3.94656e-03
 Reference value :  3.99328e-03
No. of Data Rows : 439
vpk                 =  4.40279e-07 at=  1.46555e-04
vfloor              =  8.28284e-08 at=  3.11656e-03
 meas tran tset when v(vout)=1.764 rise=1 failed!

Doing analysis at TEMP = 125.000000 and TNOM = 27.000000

Using KLU as Direct Linear Solver
 Reference value :  0.00000e+00
 Reference value :  1.60000e-06
 Reference value :  3.28000e-05
 Reference value :  8.28000e-05
 Reference value :  1.00100e-04
 Reference value :  1.00300e-04
 Reference value :  1.00411e-04
 Reference value :  1.00516e-04
 Reference value :  1.00598e-04
 Reference value :  1.00780e-04
 Reference value :  1.00863e-04
 Reference value :  1.00921e-04
 Reference value :  1.01000e-04
 Reference value :  1.01031e-04
 Reference value :  1.01142e-04
 Reference value :  1.01553e-04
 Reference value :  1.02704e-04
 Reference value :  1.05512e-04
 Reference value :  1.11796e-04
 Reference value :  1.14763e-04
 Reference value :  1.19837e-04
 Reference value :  1.28223e-04
 Reference value :  1.58992e-04
 Reference value :  1.98992e-04
 Reference value :  2.28992e-04
 Reference value :  2.48992e-04
 Reference value :  2.78992e-04
 Reference value :  3.28992e-04
 Reference value :  3.78992e-04
 Reference value :  4.18992e-04
 Reference value :  4.68992e-04
 Reference value :  5.08992e-04
 Reference value :  5.48992e-04
 Reference value :  5.88992e-04
 Reference value :  6.28992e-04
 Reference value :  6.68992e-04
 Reference value :  7.08992e-04
 Reference value :  7.58992e-04
 Reference value :  8.08992e-04
 Reference value :  8.48992e-04
 Reference value :  9.08992e-04
 Reference value :  9.58992e-04
 Reference value :  1.00899e-03
 Reference value :  1.05899e-03
 Reference value :  1.10899e-03
 Reference value :  1.16899e-03
 Reference value :  1.22899e-03
 Reference value :  1.27899e-03
 Reference value :  1.33899e-03
 Reference value :  1.38899e-03
 Reference value :  1.43899e-03
 Reference value :  1.47899e-03
 Reference value :  1.52899e-03
 Reference value :  1.57899e-03
 Reference value :  1.61899e-03
 Reference value :  1.66899e-03
 Reference value :  1.71899e-03
 Reference value :  1.77899e-03
 Reference value :  1.82899e-03
 Reference value :  1.87899e-03
 Reference value :  1.93899e-03
 Reference value :  1.99899e-03
 Reference value :  2.05899e-03
 Reference value :  2.09899e-03
 Reference value :  2.13899e-03
 Reference value :  2.17899e-03
 Reference value :  2.22899e-03
 Reference value :  2.28899e-03
 Reference value :  2.34899e-03
 Reference value :  2.40899e-03
 Reference value :  2.46899e-03
 Reference value :  2.51899e-03
 Reference value :  2.56899e-03
 Reference value :  2.62899e-03
 Reference value :  2.68899e-03
 Reference value :  2.74899e-03
 Reference value :  2.78899e-03
 Reference value :  2.83899e-03
 Reference value :  2.87899e-03
 Reference value :  2.92899e-03
 Reference value :  2.96899e-03
 Reference value :  3.01899e-03
 Reference value :  3.06899e-03
 Reference value :  3.11899e-03
 Reference value :  3.15899e-03
 Reference value :  3.19899e-03
 Reference value :  3.24899e-03
 Reference value :  3.29899e-03
 Reference value :  3.34899e-03
 Reference value :  3.39899e-03
 Reference value :  3.44899e-03
 Reference value :  3.49899e-03
 Reference value :  3.54899e-03
 Reference value :  3.59899e-03
 Reference value :  3.64899e-03
 Reference value :  3.69899e-03
 Reference value :  3.74899e-03
 Reference value :  3.79899e-03
 Reference value :  3.83899e-03
 Reference value :  3.87899e-03
 Reference value :  3.91899e-03
 Reference value :  3.95899e-03
 Reference value :  3.98899e-03
No. of Data Rows : 441
vpk                 =  6.99521e-03 at=  1.00863e-04
vfloor              =  6.99519e-03 at=  3.11899e-03
 meas tran tset when v(vout)=1.764 rise=1 failed!

Doing analysis at TEMP = 125.000000 and TNOM = 27.000000

Using KLU as Direct Linear Solver
 Reference value :  0.00000e+00
 Reference value :  8.00000e-07
 Reference value :  1.28000e-05
 Reference value :  5.28000e-05
 Reference value :  1.00000e-04
 Reference value :  1.00300e-04
 Reference value :  1.00411e-04
 Reference value :  1.00598e-04
 Reference value :  1.00780e-04
 Reference value :  1.00863e-04
 Reference value :  1.00921e-04
 Reference value :  1.01000e-04
 Reference value :  1.01031e-04
 Reference value :  1.01141e-04
 Reference value :  1.01547e-04
 Reference value :  1.02681e-04
 Reference value :  1.04921e-04
 Reference value :  1.10057e-04
 Reference value :  1.14871e-04
 Reference value :  1.20102e-04
 Reference value :  1.33264e-04
 Reference value :  1.62194e-04
 Reference value :  1.92194e-04
 Reference value :  2.22194e-04
 Reference value :  2.42194e-04
 Reference value :  2.62194e-04
 Reference value :  2.92194e-04
 Reference value :  3.32194e-04
 Reference value :  3.82194e-04
 Reference value :  4.32194e-04
 Reference value :  4.92194e-04
 Reference value :  5.42194e-04
 Reference value :  5.92194e-04
 Reference value :  6.42194e-04
 Reference value :  6.92194e-04
 Reference value :  7.52194e-04
 Reference value :  8.02194e-04
 Reference value :  8.52194e-04
 Reference value :  8.92194e-04
 Reference value :  9.42194e-04
 Reference value :  9.82194e-04
 Reference value :  1.03219e-03
 Reference value :  1.09219e-03
 Reference value :  1.12219e-03
 Reference value :  1.15219e-03
 Reference value :  1.18219e-03
 Reference value :  1.22219e-03
 Reference value :  1.25219e-03
 Reference value :  1.29219e-03
 Reference value :  1.33219e-03
 Reference value :  1.37219e-03
 Reference value :  1.41219e-03
 Reference value :  1.45219e-03
 Reference value :  1.49219e-03
 Reference value :  1.53219e-03
 Reference value :  1.58219e-03
 Reference value :  1.63219e-03
 Reference value :  1.69219e-03
 Reference value :  1.75219e-03
 Reference value :  1.79219e-03
 Reference value :  1.83219e-03
 Reference value :  1.88219e-03
 Reference value :  1.92219e-03
 Reference value :  1.96219e-03
 Reference value :  2.00219e-03
 Reference value :  2.04219e-03
 Reference value :  2.09219e-03
 Reference value :  2.13219e-03
 Reference value :  2.17219e-03
 Reference value :  2.21219e-03
 Reference value :  2.25219e-03
 Reference value :  2.29219e-03
 Reference value :  2.33219e-03
 Reference value :  2.39219e-03
 Reference value :  2.43219e-03
 Reference value :  2.48219e-03
 Reference value :  2.53219e-03
 Reference value :  2.59219e-03
 Reference value :  2.64219e-03
 Reference value :  2.69219e-03
 Reference value :  2.73219e-03
 Reference value :  2.77219e-03
 Reference value :  2.80219e-03
 Reference value :  2.85219e-03
 Reference value :  2.90219e-03
 Reference value :  2.95219e-03
 Reference value :  3.00219e-03
 Reference value :  3.04219e-03
 Reference value :  3.09219e-03
 Reference value :  3.13219e-03
 Reference value :  3.18219e-03
 Reference value :  3.23219e-03
 Reference value :  3.28219e-03
 Reference value :  3.33219e-03
 Reference value :  3.39219e-03
 Reference value :  3.45219e-03
 Reference value :  3.51219e-03
 Reference value :  3.55219e-03
 Reference value :  3.58219e-03
 Reference value :  3.62219e-03
 Reference value :  3.65219e-03
 Reference value :  3.69219e-03
 Reference value :  3.73219e-03
 Reference value :  3.76219e-03
 Reference value :  3.80219e-03
 Reference value :  3.83219e-03
 Reference value :  3.86219e-03
 Reference value :  3.89219e-03
 Reference value :  3.92219e-03
 Reference value :  3.96219e-03
 Reference value :  3.99110e-03
No. of Data Rows : 440
vpk                 =  8.91087e-08 at=  3.12194e-04
vfloor              =  8.28186e-08 at=  3.10219e-03
 meas tran tset when v(vout)=1.764 rise=1 failed!

meas_vpk_c033_0ma_v = 6.995219e-03
meas_vfloor_c033_0ma_v = 6.995040e-03
meas_vpk_c033_50ma_v = 4.402789e-07
meas_vfloor_c033_50ma_v = 8.282839e-08
meas_vpk_c47_0ma_v = 6.995208e-03
meas_vfloor_c47_0ma_v = 6.995194e-03
meas_vpk_c47_50ma_v = 8.910871e-08
meas_vfloor_c47_50ma_v = 8.281855e-08
ngspice-46 done

# ==== ngspice stderr ====

Error: measure  tset  when(WHEN) : out of interval

Error: measure  tset  when(WHEN) : out of interval

Error: measure  tset  when(WHEN) : out of interval

Error: measure  tset  when(WHEN) : out of interval
Warning from checkvalid: vector tran1.tset is not available or has zero length.
Error: RHS "1000*(tran1.tset - 100u)" invalid
Warning from checkvalid: vector tran2.tset is not available or has zero length.
Error: RHS "1000*(tran2.tset - 100u)" invalid
Warning from checkvalid: vector tran3.tset is not available or has zero length.
Error: RHS "1000*(tran3.tset - 100u)" invalid
Warning from checkvalid: vector tran4.tset is not available or has zero length.
Error: RHS "1000*(tran4.tset - 100u)" invalid
Warning from checkvalid: vector meas_tramp_c033_0ma_ms is not available or has zero length.
Warning from checkvalid: vector meas_tramp_c033_50ma_ms is not available or has zero length.
Warning from checkvalid: vector meas_tramp_c47_0ma_ms is not available or has zero length.
Warning from checkvalid: vector meas_tramp_c47_50ma_ms is not available or has zero length.
