# corner: sf_27c_2.97v
# process=sf temp=27C supply=2.97V
# ngspice exit: 0
# wall clock: 94.1s (--timeout was 300s)
# result: PASS

# ==== deck (exact input given to ngspice) ====
| * startup corner deck -- generated by sim/bin/corner-run.py, do not edit
| * corner: sf_27c_2.97v
| .param vsup=2.97
| .option wnflag=1
| .temp 27
| .lib "/home/ubuntu/.volare/sky130A/libs.tech/combined/sky130.lib.spice" sf
| ** sch_path: sim/startup/testbench/tb_startup.sch
| **.subckt tb_startup
| VVIN VIN 0 'vsup'
| .save i(vvin)
| VEN EN 0 PULSE(0 'vsup' 100u 1u 1u 100 200)
| .save i(ven)
| VVREF VREF 0 1.2
| .save i(vvref)
| xldo VOUT VREF EN VIN ldo_3v3in_1v8out
| COUT VOUT VESR 0.33u m=1
| RESR VESR 0 10m m=1
| RLOAD VOUT 0 1e12 m=1
| **.ends
| 
| * expanding   symbol:  design/ldo_3v3in_1v8out.sym # of pins=4
| ** sym_path: design/ldo_3v3in_1v8out.sym
| ** sch_path: design/ldo_3v3in_1v8out.sch
| .subckt ldo_3v3in_1v8out VOUT VREF EN VIN
| *.ipin VIN
| *.ipin EN
| *.ipin VREF
| *.opin VOUT
| XR_BIAS VIN NB 0 sky130_fd_pr__res_high_po W=0.42 L=1500 mult=1 m=1
| XM_BIASN1 NB NB BIAS_ENN 0 sky130_fd_pr__nfet_g5v0d10v5 L=1 W=4 nf=1 ad=1.16 as=1.16 pd=8.58 ps=8.58 nrd=0.0725 nrs=0.0725 sa=0
| + sb=0 sd=0 mult=1 m=1
| XM_ENN BIAS_ENN EN 0 0 sky130_fd_pr__nfet_g5v0d10v5 L=0.5 W=10 nf=1 ad=2.9 as=2.9 pd=20.58 ps=20.58 nrd=0.029 nrs=0.029 sa=0 sb=0
| + sd=0 mult=1 m=1
| XM_BIASN2 BIASP NB BIAS_ENN 0 sky130_fd_pr__nfet_g5v0d10v5 L=1 W=4 nf=1 ad=1.16 as=1.16 pd=8.58 ps=8.58 nrd=0.0725 nrs=0.0725 sa=0
| + sb=0 sd=0 mult=1 m=1
| XM_BIASP1 BIASP BIASP VIN VIN sky130_fd_pr__pfet_g5v0d10v5 L=1 W=10 nf=2 ad=1.45 as=2.9 pd=10.58 ps=21.16 nrd=0.029 nrs=0.029 sa=0
| + sb=0 sd=0 mult=1 m=1
| XM_ENP2 BIASP EN VIN VIN sky130_fd_pr__pfet_g5v0d10v5 L=0.5 W=10 nf=1 ad=2.9 as=2.9 pd=20.58 ps=20.58 nrd=0.029 nrs=0.029 sa=0
| + sb=0 sd=0 mult=1 m=1
| XM_TAIL EA_TAIL BIASP VIN VIN sky130_fd_pr__pfet_g5v0d10v5 L=2 W=40 nf=8 ad=5.8 as=7.25 pd=42.32 ps=52.9 nrd=0.00725 nrs=0.00725
| + sa=0 sb=0 sd=0 mult=1 m=1
| XM_IN1 EA_D1 FB EA_TAIL VIN sky130_fd_pr__pfet_g5v0d10v5 L=2 W=10 nf=2 ad=1.45 as=2.9 pd=10.58 ps=21.16 nrd=0.029 nrs=0.029 sa=0
| + sb=0 sd=0 mult=1 m=1
| XM_IN2 EA_D2 VREF EA_TAIL VIN sky130_fd_pr__pfet_g5v0d10v5 L=2 W=10 nf=2 ad=1.45 as=2.9 pd=10.58 ps=21.16 nrd=0.029 nrs=0.029 sa=0
| + sb=0 sd=0 mult=1 m=1
| XM_MIR1 EA_D1 EA_D1 AMP_ENN 0 sky130_fd_pr__nfet_g5v0d10v5 L=4 W=10 nf=2 ad=1.45 as=2.9 pd=10.58 ps=21.16 nrd=0.029 nrs=0.029 sa=0
| + sb=0 sd=0 mult=1 m=1
| XM_MIR2 EA_OUT EA_D1 AMP_ENN 0 sky130_fd_pr__nfet_g5v0d10v5 L=4 W=10 nf=2 ad=1.45 as=2.9 pd=10.58 ps=21.16 nrd=0.029 nrs=0.029
| + sa=0 sb=0 sd=0 mult=1 m=1
| XM_ENN2 AMP_ENN EN 0 0 sky130_fd_pr__nfet_g5v0d10v5 L=0.5 W=10 nf=1 ad=2.9 as=2.9 pd=20.58 ps=20.58 nrd=0.029 nrs=0.029 sa=0 sb=0
| + sd=0 mult=1 m=1
| XM_ENP EA_OUT EN VIN VIN sky130_fd_pr__pfet_g5v0d10v5 L=0.5 W=10 nf=1 ad=2.9 as=2.9 pd=20.58 ps=20.58 nrd=0.029 nrs=0.029 sa=0
| + sb=0 sd=0 mult=1 m=1
| XM_MIR3 EA_D2 EA_D2 AMP_ENN 0 sky130_fd_pr__nfet_g5v0d10v5 L=4 W=10 nf=2 ad=1.45 as=2.9 pd=10.58 ps=21.16 nrd=0.029 nrs=0.029 sa=0
| + sb=0 sd=0 mult=1 m=1
| XM_MIR4 PB EA_D2 AMP_ENN 0 sky130_fd_pr__nfet_g5v0d10v5 L=4 W=10 nf=2 ad=1.45 as=2.9 pd=10.58 ps=21.16 nrd=0.029 nrs=0.029 sa=0
| + sb=0 sd=0 mult=1 m=1
| XM_MIRP1 PB PB VIN VIN sky130_fd_pr__pfet_g5v0d10v5 L=4 W=20 nf=4 ad=2.9 as=4.35 pd=21.16 ps=31.74 nrd=0.0145 nrs=0.0145 sa=0 sb=0
| + sd=0 mult=1 m=1
| XM_MIRP2 EA_OUT PB VIN VIN sky130_fd_pr__pfet_g5v0d10v5 L=4 W=20 nf=4 ad=2.9 as=4.35 pd=21.16 ps=31.74 nrd=0.0145 nrs=0.0145 sa=0
| + sb=0 sd=0 mult=1 m=1
| XM_ENP5 PB EN VIN VIN sky130_fd_pr__pfet_g5v0d10v5 L=0.5 W=2 nf=1 ad=0.58 as=0.58 pd=4.58 ps=4.58 nrd=0.145 nrs=0.145 sa=0 sb=0
| + sd=0 mult=1 m=1
| XM_PASS VOUT EA_OUT VIN VIN sky130_fd_pr__pfet_g5v0d10v5 L=0.5 W=100 nf=25 ad=15.08 as=15.08 pd=111.54 ps=111.54 nrd=0.0029
| + nrs=0.0029 sa=0 sb=0 sd=0 mult=25 m=25
| C_COMP VOUT EA_CZ 150p m=1
| XR_CZ EA_CZ EA_OUT 0 sky130_fd_pr__res_xhigh_po W=0.42 L=52 mult=1 m=1
| XR_FB_A VOUT FB 0 sky130_fd_pr__res_xhigh_po W=0.42 L=180 mult=1 m=1
| XR_FB_B FB N_FBB 0 sky130_fd_pr__res_xhigh_po W=0.42 L=180 mult=1 m=1
| XR_FB_C N_FBB 0 0 sky130_fd_pr__res_xhigh_po W=0.42 L=180 mult=1 m=1
| XM_SENSE CL_SNS EA_OUT VIN VIN sky130_fd_pr__pfet_g5v0d10v5 L=0.5 W=0.42 nf=1 ad=0.1218 as=0.1218 pd=1.42 ps=1.42
| + nrd=0.69047619047619 nrs=0.69047619047619 sa=0 sb=0 sd=0 mult=1 m=1
| XM_CLN1 CL_SNS CL_SNS AMP_ENN 0 sky130_fd_pr__nfet_g5v0d10v5 L=1 W=20 nf=1 ad=5.8 as=5.8 pd=40.58 ps=40.58 nrd=0.0145 nrs=0.0145
| + sa=0 sb=0 sd=0 mult=1 m=1
| XM_CLN2 CL_CMP CL_SNS AMP_ENN 0 sky130_fd_pr__nfet_g5v0d10v5 L=1 W=1.6 nf=1 ad=0.464 as=0.464 pd=3.78 ps=3.78 nrd=0.18125
| + nrs=0.18125 sa=0 sb=0 sd=0 mult=1 m=1
| XM_CLP CL_CMP BIASP VIN VIN sky130_fd_pr__pfet_g5v0d10v5 L=1 W=10 nf=2 ad=1.45 as=2.9 pd=10.58 ps=21.16 nrd=0.029 nrs=0.029 sa=0
| + sb=0 sd=0 mult=1 m=1
| XM_CLIM EA_OUT CL_CMP VIN VIN sky130_fd_pr__pfet_g5v0d10v5 L=0.5 W=20 nf=4 ad=2.9 as=4.35 pd=21.16 ps=31.74 nrd=0.0145 nrs=0.0145
| + sa=0 sb=0 sd=0 mult=1 m=1
| XM_ENP3 CL_CMP EN VIN VIN sky130_fd_pr__pfet_g5v0d10v5 L=0.5 W=2 nf=1 ad=0.58 as=0.58 pd=4.58 ps=4.58 nrd=0.145 nrs=0.145 sa=0
| + sb=0 sd=0 mult=1 m=1
| C_CL VIN CL_CMP 1p m=1
| XM_INVP ENB EN VIN VIN sky130_fd_pr__pfet_g5v0d10v5 L=0.5 W=2 nf=1 ad=0.58 as=0.58 pd=4.58 ps=4.58 nrd=0.145 nrs=0.145 sa=0 sb=0
| + sd=0 mult=1 m=1
| XM_INVN ENB EN 0 0 sky130_fd_pr__nfet_g5v0d10v5 L=0.5 W=1 nf=1 ad=0.29 as=0.29 pd=2.58 ps=2.58 nrd=0.29 nrs=0.29 sa=0 sb=0 sd=0
| + mult=1 m=1
| XM_SSDIS SS ENB 0 0 sky130_fd_pr__nfet_g5v0d10v5 L=0.5 W=2 nf=1 ad=0.58 as=0.58 pd=4.58 ps=4.58 nrd=0.145 nrs=0.145 sa=0 sb=0 sd=0
| + mult=1 m=1
| XM_SSCHG SS BIASP VIN VIN sky130_fd_pr__pfet_g5v0d10v5 L=8 W=1 nf=1 ad=0.29 as=0.29 pd=2.58 ps=2.58 nrd=0.29 nrs=0.29 sa=0 sb=0
| + sd=0 mult=1 m=1
| C_SS SS 0 10p m=1
| XM_IN2S EA_D2 SS EA_TAIL VIN sky130_fd_pr__pfet_g5v0d10v5 L=2 W=10 nf=2 ad=1.45 as=2.9 pd=10.58 ps=21.16 nrd=0.029 nrs=0.029 sa=0
| + sb=0 sd=0 mult=1 m=1
| XM_TSPS TS_SNS BIASP VIN VIN sky130_fd_pr__pfet_g5v0d10v5 L=1 W=2.5 nf=1 ad=0.725 as=0.725 pd=5.58 ps=5.58 nrd=0.116 nrs=0.116
| + sa=0 sb=0 sd=0 mult=1 m=1
| XM_TSD1 TS_SNS TS_SNS TS_MID 0 sky130_fd_pr__nfet_g5v0d10v5 L=1 W=80 nf=16 ad=11.6 as=13.05 pd=84.64 ps=95.22 nrd=0.003625
| + nrs=0.003625 sa=0 sb=0 sd=0 mult=1 m=1
| XM_TSD2 TS_MID TS_MID AMP_ENN 0 sky130_fd_pr__nfet_g5v0d10v5 L=1 W=80 nf=16 ad=11.6 as=13.05 pd=84.64 ps=95.22 nrd=0.003625
| + nrs=0.003625 sa=0 sb=0 sd=0 mult=1 m=1
| XM_TSPR TS_REF BIASP VIN VIN sky130_fd_pr__pfet_g5v0d10v5 L=1 W=2.5 nf=1 ad=0.725 as=0.725 pd=5.58 ps=5.58 nrd=0.116 nrs=0.116
| + sa=0 sb=0 sd=0 mult=1 m=1
| XM_TSR1 TS_REF TS_REF AMP_ENN 0 sky130_fd_pr__nfet_g5v0d10v5 L=10 W=2 nf=1 ad=0.58 as=0.58 pd=4.58 ps=4.58 nrd=0.145 nrs=0.145
| + sa=0 sb=0 sd=0 mult=1 m=1
| XM_TCTAIL TC_TAIL NB AMP_ENN 0 sky130_fd_pr__nfet_g5v0d10v5 L=1 W=1 nf=1 ad=0.29 as=0.29 pd=2.58 ps=2.58 nrd=0.29 nrs=0.29 sa=0
| + sb=0 sd=0 mult=1 m=1
| XM_TCN1 TC_D1 TS_SNS TC_TAIL 0 sky130_fd_pr__nfet_g5v0d10v5 L=2 W=10 nf=2 ad=1.45 as=2.9 pd=10.58 ps=21.16 nrd=0.029 nrs=0.029
| + sa=0 sb=0 sd=0 mult=1 m=1
| XM_TCN2 TS_CMP TS_REF TC_TAIL 0 sky130_fd_pr__nfet_g5v0d10v5 L=2 W=10 nf=2 ad=1.45 as=2.9 pd=10.58 ps=21.16 nrd=0.029 nrs=0.029
| + sa=0 sb=0 sd=0 mult=1 m=1
| XM_TCP1 TC_D1 TC_D1 VIN VIN sky130_fd_pr__pfet_g5v0d10v5 L=2 W=10 nf=2 ad=1.45 as=2.9 pd=10.58 ps=21.16 nrd=0.029 nrs=0.029 sa=0
| + sb=0 sd=0 mult=1 m=1
| XM_TCP2 TS_CMP TC_D1 VIN VIN sky130_fd_pr__pfet_g5v0d10v5 L=2 W=10 nf=2 ad=1.45 as=2.9 pd=10.58 ps=21.16 nrd=0.029 nrs=0.029 sa=0
| + sb=0 sd=0 mult=1 m=1
| XM_TSHUT EA_OUT TS_CMP VIN VIN sky130_fd_pr__pfet_g5v0d10v5 L=0.5 W=20 nf=4 ad=2.9 as=4.35 pd=21.16 ps=31.74 nrd=0.0145 nrs=0.0145
| + sa=0 sb=0 sd=0 mult=1 m=1
| XM_TSHYSB TS_HYS BIASP VIN VIN sky130_fd_pr__pfet_g5v0d10v5 L=2 W=1.5 nf=1 ad=0.435 as=0.435 pd=3.58 ps=3.58 nrd=0.193333333333333
| + nrs=0.193333333333333 sa=0 sb=0 sd=0 mult=1 m=1
| XM_TSHYS TS_REF TS_CMP TS_HYS VIN sky130_fd_pr__pfet_g5v0d10v5 L=0.5 W=2 nf=1 ad=0.58 as=0.58 pd=4.58 ps=4.58 nrd=0.145 nrs=0.145
| + sa=0 sb=0 sd=0 mult=1 m=1
| XM_ENP4 TS_CMP EN VIN VIN sky130_fd_pr__pfet_g5v0d10v5 L=0.5 W=2 nf=1 ad=0.58 as=0.58 pd=4.58 ps=4.58 nrd=0.145 nrs=0.145 sa=0
| + sb=0 sd=0 mult=1 m=1
| C_TS VIN TS_CMP 1p m=1
| .ends
| 
| .control
| save all
| * --- leg 1: C_out 0.33uF, 0 mA (feedback divider is the only preload) ---
| tran 10u 4m
| meas tran vpk max v(vout) from=100u to=4m
| meas tran vfloor min v(vout) from=3.1m to=4m
| meas tran tset when v(vout)=1.764 rise=1
| * --- leg 2: C_out 0.33uF, 50 mA ---
| alter rload = 36
| tran 10u 4m
| meas tran vpk max v(vout) from=100u to=4m
| meas tran vfloor min v(vout) from=3.1m to=4m
| meas tran tset when v(vout)=1.764 rise=1
| * --- leg 3: C_out 4.7uF, 0 mA ---
| alter cout = 4.7u
| alter rload = 1e12
| tran 10u 4m
| meas tran vpk max v(vout) from=100u to=4m
| meas tran vfloor min v(vout) from=3.1m to=4m
| meas tran tset when v(vout)=1.764 rise=1
| * --- leg 4: C_out 4.7uF, 50 mA ---
| alter rload = 36
| tran 10u 4m
| meas tran vpk max v(vout) from=100u to=4m
| meas tran vfloor min v(vout) from=3.1m to=4m
| meas tran tset when v(vout)=1.764 rise=1
| let meas_vpk_c033_0ma_v = tran1.vpk
| let meas_vfloor_c033_0ma_v = tran1.vfloor
| let meas_tramp_c033_0ma_ms = 1000*(tran1.tset - 100u)
| let meas_vpk_c033_50ma_v = tran2.vpk
| let meas_vfloor_c033_50ma_v = tran2.vfloor
| let meas_tramp_c033_50ma_ms = 1000*(tran2.tset - 100u)
| let meas_vpk_c47_0ma_v = tran3.vpk
| let meas_vfloor_c47_0ma_v = tran3.vfloor
| let meas_tramp_c47_0ma_ms = 1000*(tran3.tset - 100u)
| let meas_vpk_c47_50ma_v = tran4.vpk
| let meas_vfloor_c47_50ma_v = tran4.vfloor
| let meas_tramp_c47_50ma_ms = 1000*(tran4.tset - 100u)
| print meas_vpk_c033_0ma_v
| print meas_vfloor_c033_0ma_v
| print meas_tramp_c033_0ma_ms
| print meas_vpk_c033_50ma_v
| print meas_vfloor_c033_50ma_v
| print meas_tramp_c033_50ma_ms
| print meas_vpk_c47_0ma_v
| print meas_vfloor_c47_0ma_v
| print meas_tramp_c47_0ma_ms
| print meas_vpk_c47_50ma_v
| print meas_vfloor_c47_50ma_v
| print meas_tramp_c47_50ma_ms
| quit
| .endc
| .end

# ==== ngspice stdout ====

Note: Compatibility modes selected: hs a


Circuit: * startup corner deck -- generated by sim/bin/corner-run.py, do not edit

option SCALE: Scale is set to 1e-06 for instance and model parameters
option SCALE: Scale is set to 1e-06 for instance and model parameters
option SCALE: Scale is set to 1e-06 for instance and model parameters
option SCALE: Scale is set to 1e-06 for instance and model parameters
Doing analysis at TEMP = 27.000000 and TNOM = 27.000000

Using KLU as Direct Linear Solver
 Reference value :  0.00000e+00
 Reference value :  1.60000e-06
 Reference value :  3.28000e-05
 Reference value :  8.28000e-05
 Reference value :  1.00300e-04
 Reference value :  1.00411e-04
 Reference value :  1.00606e-04
 Reference value :  1.00765e-04
 Reference value :  1.00816e-04
 Reference value :  1.00915e-04
 Reference value :  1.01000e-04
 Reference value :  1.01056e-04
 Reference value :  1.01540e-04
 Reference value :  1.04447e-04
 Reference value :  1.20971e-04
 Reference value :  1.28882e-04
 Reference value :  1.44032e-04
 Reference value :  1.64003e-04
 Reference value :  1.94003e-04
 Reference value :  2.24003e-04
 Reference value :  2.54003e-04
 Reference value :  2.84003e-04
 Reference value :  3.14003e-04
 Reference value :  3.44003e-04
 Reference value :  3.84003e-04
 Reference value :  4.14003e-04
 Reference value :  4.44003e-04
 Reference value :  4.64003e-04
 Reference value :  4.94003e-04
 Reference value :  5.24003e-04
 Reference value :  5.54003e-04
 Reference value :  5.84003e-04
 Reference value :  6.14003e-04
 Reference value :  6.44003e-04
 Reference value :  6.74003e-04
 Reference value :  7.14003e-04
 Reference value :  7.54003e-04
 Reference value :  7.94003e-04
 Reference value :  8.24003e-04
 Reference value :  8.64003e-04
 Reference value :  9.04003e-04
 Reference value :  9.44003e-04
 Reference value :  9.84003e-04
 Reference value :  1.04400e-03
 Reference value :  1.10400e-03
 Reference value :  1.15400e-03
 Reference value :  1.20400e-03
 Reference value :  1.25400e-03
 Reference value :  1.29400e-03
 Reference value :  1.34400e-03
 Reference value :  1.38400e-03
 Reference value :  1.43400e-03
 Reference value :  1.48400e-03
 Reference value :  1.53400e-03
 Reference value :  1.58400e-03
 Reference value :  1.63400e-03
 Reference value :  1.68400e-03
 Reference value :  1.73400e-03
 Reference value :  1.76400e-03
 Reference value :  1.80400e-03
 Reference value :  1.84400e-03
 Reference value :  1.88400e-03
 Reference value :  1.91400e-03
 Reference value :  1.95400e-03
 Reference value :  1.99400e-03
 Reference value :  2.03400e-03
 Reference value :  2.07400e-03
 Reference value :  2.11400e-03
 Reference value :  2.15400e-03
 Reference value :  2.20400e-03
 Reference value :  2.25400e-03
 Reference value :  2.30400e-03
 Reference value :  2.34400e-03
 Reference value :  2.38400e-03
 Reference value :  2.41400e-03
 Reference value :  2.45400e-03
 Reference value :  2.48400e-03
 Reference value :  2.52400e-03
 Reference value :  2.56400e-03
 Reference value :  2.59400e-03
 Reference value :  2.62400e-03
 Reference value :  2.65400e-03
 Reference value :  2.68400e-03
 Reference value :  2.72400e-03
 Reference value :  2.76400e-03
 Reference value :  2.80400e-03
 Reference value :  2.84400e-03
 Reference value :  2.88400e-03
 Reference value :  2.92400e-03
 Reference value :  2.97400e-03
 Reference value :  3.02400e-03
 Reference value :  3.08400e-03
 Reference value :  3.13400e-03
 Reference value :  3.17400e-03
 Reference value :  3.22400e-03
 Reference value :  3.26400e-03
 Reference value :  3.30400e-03
 Reference value :  3.34400e-03
 Reference value :  3.37400e-03
 Reference value :  3.41400e-03
 Reference value :  3.45400e-03
 Reference value :  3.48400e-03
 Reference value :  3.51400e-03
 Reference value :  3.54400e-03
 Reference value :  3.57400e-03
 Reference value :  3.60400e-03
 Reference value :  3.63400e-03
 Reference value :  3.67400e-03
 Reference value :  3.71400e-03
 Reference value :  3.74400e-03
 Reference value :  3.78400e-03
 Reference value :  3.82400e-03
 Reference value :  3.86400e-03
 Reference value :  3.90400e-03
 Reference value :  3.94400e-03
 Reference value :  3.98400e-03
No. of Data Rows : 435
vpk                 =  1.81291e+00 at=  7.44003e-04
vfloor              =  1.80750e+00 at=  4.00000e-03
tset                =  4.18833e-04
Doing analysis at TEMP = 27.000000 and TNOM = 27.000000

Using KLU as Direct Linear Solver
 Reference value :  0.00000e+00
 Reference value :  1.60000e-06
 Reference value :  3.28000e-05
 Reference value :  7.28000e-05
 Reference value :  1.00100e-04
 Reference value :  1.00300e-04
 Reference value :  1.00411e-04
 Reference value :  1.00606e-04
 Reference value :  1.00765e-04
 Reference value :  1.00816e-04
 Reference value :  1.00915e-04
 Reference value :  1.01000e-04
 Reference value :  1.01013e-04
 Reference value :  1.01109e-04
 Reference value :  1.01540e-04
 Reference value :  1.02928e-04
 Reference value :  1.07483e-04
 Reference value :  1.20795e-04
 Reference value :  1.28620e-04
 Reference value :  1.43583e-04
 Reference value :  1.73045e-04
 Reference value :  2.13045e-04
 Reference value :  2.53045e-04
 Reference value :  2.93045e-04
 Reference value :  3.33045e-04
 Reference value :  3.73045e-04
 Reference value :  4.13045e-04
 Reference value :  4.53045e-04
 Reference value :  4.93045e-04
 Reference value :  5.23045e-04
 Reference value :  5.63045e-04
 Reference value :  6.13045e-04
 Reference value :  6.43045e-04
 Reference value :  6.83045e-04
 Reference value :  7.23045e-04
 Reference value :  7.63045e-04
 Reference value :  8.03045e-04
 Reference value :  8.43045e-04
 Reference value :  8.73045e-04
 Reference value :  9.13045e-04
 Reference value :  9.43045e-04
 Reference value :  9.83045e-04
 Reference value :  1.01305e-03
 Reference value :  1.05305e-03
 Reference value :  1.08305e-03
 Reference value :  1.12305e-03
 Reference value :  1.16305e-03
 Reference value :  1.20305e-03
 Reference value :  1.23305e-03
 Reference value :  1.27305e-03
 Reference value :  1.30305e-03
 Reference value :  1.33305e-03
 Reference value :  1.36305e-03
 Reference value :  1.40305e-03
 Reference value :  1.45305e-03
 Reference value :  1.49305e-03
 Reference value :  1.53305e-03
 Reference value :  1.57305e-03
 Reference value :  1.61305e-03
 Reference value :  1.64305e-03
 Reference value :  1.68305e-03
 Reference value :  1.72305e-03
 Reference value :  1.76305e-03
 Reference value :  1.80305e-03
 Reference value :  1.83305e-03
 Reference value :  1.88305e-03
 Reference value :  1.91305e-03
 Reference value :  1.95305e-03
 Reference value :  1.99305e-03
 Reference value :  2.02305e-03
 Reference value :  2.06305e-03
 Reference value :  2.09305e-03
 Reference value :  2.13305e-03
 Reference value :  2.17305e-03
 Reference value :  2.20305e-03
 Reference value :  2.24305e-03
 Reference value :  2.28305e-03
 Reference value :  2.32305e-03
 Reference value :  2.36305e-03
 Reference value :  2.40305e-03
 Reference value :  2.44305e-03
 Reference value :  2.47305e-03
 Reference value :  2.51305e-03
 Reference value :  2.55305e-03
 Reference value :  2.59305e-03
 Reference value :  2.62305e-03
 Reference value :  2.66305e-03
 Reference value :  2.70305e-03
 Reference value :  2.74305e-03
 Reference value :  2.78305e-03
 Reference value :  2.82305e-03
 Reference value :  2.86305e-03
 Reference value :  2.90305e-03
 Reference value :  2.94305e-03
 Reference value :  2.98305e-03
 Reference value :  3.02305e-03
 Reference value :  3.05305e-03
 Reference value :  3.08305e-03
 Reference value :  3.11305e-03
 Reference value :  3.14305e-03
 Reference value :  3.18305e-03
 Reference value :  3.22305e-03
 Reference value :  3.26305e-03
 Reference value :  3.30305e-03
 Reference value :  3.33305e-03
 Reference value :  3.36305e-03
 Reference value :  3.39305e-03
 Reference value :  3.43305e-03
 Reference value :  3.47305e-03
 Reference value :  3.50305e-03
 Reference value :  3.54305e-03
 Reference value :  3.58305e-03
 Reference value :  3.62305e-03
 Reference value :  3.66305e-03
 Reference value :  3.70305e-03
 Reference value :  3.74305e-03
 Reference value :  3.78305e-03
 Reference value :  3.82305e-03
 Reference value :  3.86305e-03
 Reference value :  3.91305e-03
 Reference value :  3.95305e-03
 Reference value :  3.99152e-03
No. of Data Rows : 435
vpk                 =  1.79787e+00 at=  1.09305e-03
vfloor              =  1.79784e+00 at=  3.99152e-03
tset                =  4.50677e-04
Doing analysis at TEMP = 27.000000 and TNOM = 27.000000

Using KLU as Direct Linear Solver
 Reference value :  0.00000e+00
 Reference value :  8.00000e-07
 Reference value :  1.28000e-05
 Reference value :  4.28000e-05
 Reference value :  8.28000e-05
 Reference value :  1.00100e-04
 Reference value :  1.00300e-04
 Reference value :  1.00411e-04
 Reference value :  1.00606e-04
 Reference value :  1.00765e-04
 Reference value :  1.00816e-04
 Reference value :  1.00915e-04
 Reference value :  1.00979e-04
 Reference value :  1.01004e-04
 Reference value :  1.01056e-04
 Reference value :  1.01371e-04
 Reference value :  1.02169e-04
 Reference value :  1.07483e-04
 Reference value :  1.30187e-04
 Reference value :  1.47993e-04
 Reference value :  1.67993e-04
 Reference value :  1.97993e-04
 Reference value :  2.27993e-04
 Reference value :  2.57993e-04
 Reference value :  2.87993e-04
 Reference value :  3.17993e-04
 Reference value :  3.47993e-04
 Reference value :  3.77993e-04
 Reference value :  4.07993e-04
 Reference value :  4.37993e-04
 Reference value :  4.67993e-04
 Reference value :  4.97993e-04
 Reference value :  5.27993e-04
 Reference value :  5.57993e-04
 Reference value :  5.87993e-04
 Reference value :  6.07993e-04
 Reference value :  6.27993e-04
 Reference value :  6.57993e-04
 Reference value :  6.87993e-04
 Reference value :  7.17993e-04
 Reference value :  7.47993e-04
 Reference value :  7.87993e-04
 Reference value :  8.17993e-04
 Reference value :  8.47993e-04
 Reference value :  8.97993e-04
 Reference value :  9.47993e-04
 Reference value :  9.97993e-04
 Reference value :  1.04799e-03
 Reference value :  1.09799e-03
 Reference value :  1.15799e-03
 Reference value :  1.19799e-03
 Reference value :  1.24799e-03
 Reference value :  1.29799e-03
 Reference value :  1.34799e-03
 Reference value :  1.39799e-03
 Reference value :  1.44799e-03
 Reference value :  1.49799e-03
 Reference value :  1.54799e-03
 Reference value :  1.59799e-03
 Reference value :  1.64799e-03
 Reference value :  1.69799e-03
 Reference value :  1.74799e-03
 Reference value :  1.79799e-03
 Reference value :  1.83799e-03
 Reference value :  1.87799e-03
 Reference value :  1.92799e-03
 Reference value :  1.95799e-03
 Reference value :  2.00799e-03
 Reference value :  2.06799e-03
 Reference value :  2.11799e-03
 Reference value :  2.16799e-03
 Reference value :  2.21799e-03
 Reference value :  2.27799e-03
 Reference value :  2.33799e-03
 Reference value :  2.39799e-03
 Reference value :  2.44799e-03
 Reference value :  2.50799e-03
 Reference value :  2.56799e-03
 Reference value :  2.60799e-03
 Reference value :  2.64799e-03
 Reference value :  2.68799e-03
 Reference value :  2.73799e-03
 Reference value :  2.77799e-03
 Reference value :  2.82799e-03
 Reference value :  2.87799e-03
 Reference value :  2.92799e-03
 Reference value :  2.97799e-03
 Reference value :  3.01799e-03
 Reference value :  3.06799e-03
 Reference value :  3.10799e-03
 Reference value :  3.14799e-03
 Reference value :  3.18799e-03
 Reference value :  3.23799e-03
 Reference value :  3.27799e-03
 Reference value :  3.31799e-03
 Reference value :  3.35799e-03
 Reference value :  3.39799e-03
 Reference value :  3.43799e-03
 Reference value :  3.47799e-03
 Reference value :  3.50799e-03
 Reference value :  3.54799e-03
 Reference value :  3.58799e-03
 Reference value :  3.62799e-03
 Reference value :  3.66799e-03
 Reference value :  3.70799e-03
 Reference value :  3.74799e-03
 Reference value :  3.79799e-03
 Reference value :  3.84799e-03
 Reference value :  3.88799e-03
 Reference value :  3.92799e-03
 Reference value :  3.95799e-03
 Reference value :  3.99400e-03
No. of Data Rows : 435
vpk                 =  1.82563e+00 at=  6.67993e-04
vfloor              =  1.82523e+00 at=  4.00000e-03
tset                =  4.07031e-04
Doing analysis at TEMP = 27.000000 and TNOM = 27.000000

Using KLU as Direct Linear Solver
 Reference value :  0.00000e+00
 Reference value :  1.00411e-04
 Reference value :  1.00595e-04
 Reference value :  1.00751e-04
 Reference value :  1.00803e-04
 Reference value :  1.00894e-04
 Reference value :  1.00933e-04
 Reference value :  1.01006e-04
 Reference value :  1.01157e-04
 Reference value :  1.01678e-04
 Reference value :  1.03681e-04
 Reference value :  1.10552e-04
 Reference value :  1.27506e-04
 Reference value :  1.43224e-04
 Reference value :  1.61850e-04
 Reference value :  1.91850e-04
 Reference value :  2.21850e-04
 Reference value :  2.51850e-04
 Reference value :  2.91850e-04
 Reference value :  3.31850e-04
 Reference value :  3.61850e-04
 Reference value :  3.91850e-04
 Reference value :  4.21850e-04
 Reference value :  4.61850e-04
 Reference value :  5.01850e-04
 Reference value :  5.41850e-04
 Reference value :  5.81850e-04
 Reference value :  6.21850e-04
 Reference value :  6.51850e-04
 Reference value :  6.91850e-04
 Reference value :  7.31850e-04
 Reference value :  7.71850e-04
 Reference value :  8.11850e-04
 Reference value :  8.51850e-04
 Reference value :  8.91850e-04
 Reference value :  9.31850e-04
 Reference value :  9.81850e-04
 Reference value :  1.03185e-03
 Reference value :  1.08185e-03
 Reference value :  1.12185e-03
 Reference value :  1.16185e-03
 Reference value :  1.20185e-03
 Reference value :  1.24185e-03
 Reference value :  1.28185e-03
 Reference value :  1.32185e-03
 Reference value :  1.36185e-03
 Reference value :  1.40185e-03
 Reference value :  1.44185e-03
 Reference value :  1.48185e-03
 Reference value :  1.52185e-03
 Reference value :  1.56185e-03
 Reference value :  1.61185e-03
 Reference value :  1.66185e-03
 Reference value :  1.70185e-03
 Reference value :  1.74185e-03
 Reference value :  1.78185e-03
 Reference value :  1.83185e-03
 Reference value :  1.87185e-03
 Reference value :  1.91185e-03
 Reference value :  1.95185e-03
 Reference value :  1.98185e-03
 Reference value :  2.03185e-03
 Reference value :  2.07185e-03
 Reference value :  2.11185e-03
 Reference value :  2.15185e-03
 Reference value :  2.19185e-03
 Reference value :  2.23185e-03
 Reference value :  2.27185e-03
 Reference value :  2.31185e-03
 Reference value :  2.35185e-03
 Reference value :  2.39185e-03
 Reference value :  2.43185e-03
 Reference value :  2.47185e-03
 Reference value :  2.51185e-03
 Reference value :  2.55185e-03
 Reference value :  2.60185e-03
 Reference value :  2.64185e-03
 Reference value :  2.68185e-03
 Reference value :  2.72185e-03
 Reference value :  2.77185e-03
 Reference value :  2.81185e-03
 Reference value :  2.85185e-03
 Reference value :  2.89185e-03
 Reference value :  2.93185e-03
 Reference value :  2.97185e-03
 Reference value :  3.01185e-03
 Reference value :  3.05185e-03
 Reference value :  3.09185e-03
 Reference value :  3.14185e-03
 Reference value :  3.18185e-03
 Reference value :  3.22185e-03
 Reference value :  3.26185e-03
 Reference value :  3.30185e-03
 Reference value :  3.34185e-03
 Reference value :  3.38185e-03
 Reference value :  3.42185e-03
 Reference value :  3.46185e-03
 Reference value :  3.50185e-03
 Reference value :  3.53185e-03
 Reference value :  3.57185e-03
 Reference value :  3.61185e-03
 Reference value :  3.65185e-03
 Reference value :  3.69185e-03
 Reference value :  3.73185e-03
 Reference value :  3.76185e-03
 Reference value :  3.80185e-03
 Reference value :  3.84185e-03
 Reference value :  3.87185e-03
 Reference value :  3.91185e-03
 Reference value :  3.95185e-03
 Reference value :  3.99093e-03
No. of Data Rows : 434
vpk                 =  1.79784e+00 at=  9.91850e-04
vfloor              =  1.79783e+00 at=  4.00000e-03
tset                =  4.24730e-04
meas_vpk_c033_0ma_v = 1.812913e+00
meas_vfloor_c033_0ma_v = 1.807502e+00
meas_tramp_c033_0ma_ms = 3.188325e-01
meas_vpk_c033_50ma_v = 1.797868e+00
meas_vfloor_c033_50ma_v = 1.797839e+00
meas_tramp_c033_50ma_ms = 3.506773e-01
meas_vpk_c47_0ma_v = 1.825625e+00
meas_vfloor_c47_0ma_v = 1.825233e+00
meas_tramp_c47_0ma_ms = 3.070315e-01
meas_vpk_c47_50ma_v = 1.797843e+00
meas_vfloor_c47_50ma_v = 1.797828e+00
meas_tramp_c47_50ma_ms = 3.247301e-01
ngspice-46 done

# ==== ngspice stderr ====
Note: Starting dynamic gmin stepping
Warning: Dynamic gmin stepping failed
Note: Starting true gmin stepping
Note: True gmin stepping completed
Note: Starting dynamic gmin stepping
Warning: Dynamic gmin stepping failed
Note: Starting true gmin stepping
Note: True gmin stepping completed
