# corner: sf_27c_3.30v
# process=sf temp=27C supply=3.30V
# ngspice exit: 0
# wall clock: 80.7s (--timeout was 300s)
# result: PASS

# ==== deck (exact input given to ngspice) ====
| * startup corner deck -- generated by sim/bin/corner-run.py, do not edit
| * corner: sf_27c_3.30v
| .param vsup=3.3
| .option wnflag=1
| .temp 27
| .lib "/home/ubuntu/.volare/sky130A/libs.tech/combined/sky130.lib.spice" sf
| ** sch_path: sim/startup/testbench/tb_startup.sch
| **.subckt tb_startup
| VVIN VIN 0 'vsup'
| .save i(vvin)
| VEN EN 0 PULSE(0 'vsup' 100u 1u 1u 100 200)
| .save i(ven)
| VVREF VREF 0 1.2
| .save i(vvref)
| xldo VOUT VREF EN VIN ldo_3v3in_1v8out
| COUT VOUT VESR 0.33u m=1
| RESR VESR 0 10m m=1
| RLOAD VOUT 0 1e12 m=1
| **.ends
| 
| * expanding   symbol:  design/ldo_3v3in_1v8out.sym # of pins=4
| ** sym_path: design/ldo_3v3in_1v8out.sym
| ** sch_path: design/ldo_3v3in_1v8out.sch
| .subckt ldo_3v3in_1v8out VOUT VREF EN VIN
| *.ipin VIN
| *.ipin EN
| *.ipin VREF
| *.opin VOUT
| XR_BIAS VIN NB 0 sky130_fd_pr__res_high_po W=0.42 L=1500 mult=1 m=1
| XM_BIASN1 NB NB BIAS_ENN 0 sky130_fd_pr__nfet_g5v0d10v5 L=1 W=4 nf=1 ad=1.16 as=1.16 pd=8.58 ps=8.58 nrd=0.0725 nrs=0.0725 sa=0
| + sb=0 sd=0 mult=1 m=1
| XM_ENN BIAS_ENN EN 0 0 sky130_fd_pr__nfet_g5v0d10v5 L=0.5 W=10 nf=1 ad=2.9 as=2.9 pd=20.58 ps=20.58 nrd=0.029 nrs=0.029 sa=0 sb=0
| + sd=0 mult=1 m=1
| XM_BIASN2 BIASP NB BIAS_ENN 0 sky130_fd_pr__nfet_g5v0d10v5 L=1 W=4 nf=1 ad=1.16 as=1.16 pd=8.58 ps=8.58 nrd=0.0725 nrs=0.0725 sa=0
| + sb=0 sd=0 mult=1 m=1
| XM_BIASP1 BIASP BIASP VIN VIN sky130_fd_pr__pfet_g5v0d10v5 L=1 W=10 nf=2 ad=1.45 as=2.9 pd=10.58 ps=21.16 nrd=0.029 nrs=0.029 sa=0
| + sb=0 sd=0 mult=1 m=1
| XM_ENP2 BIASP EN VIN VIN sky130_fd_pr__pfet_g5v0d10v5 L=0.5 W=10 nf=1 ad=2.9 as=2.9 pd=20.58 ps=20.58 nrd=0.029 nrs=0.029 sa=0
| + sb=0 sd=0 mult=1 m=1
| XM_TAIL EA_TAIL BIASP VIN VIN sky130_fd_pr__pfet_g5v0d10v5 L=2 W=40 nf=8 ad=5.8 as=7.25 pd=42.32 ps=52.9 nrd=0.00725 nrs=0.00725
| + sa=0 sb=0 sd=0 mult=1 m=1
| XM_IN1 EA_D1 FB EA_TAIL VIN sky130_fd_pr__pfet_g5v0d10v5 L=2 W=10 nf=2 ad=1.45 as=2.9 pd=10.58 ps=21.16 nrd=0.029 nrs=0.029 sa=0
| + sb=0 sd=0 mult=1 m=1
| XM_IN2 EA_D2 VREF EA_TAIL VIN sky130_fd_pr__pfet_g5v0d10v5 L=2 W=10 nf=2 ad=1.45 as=2.9 pd=10.58 ps=21.16 nrd=0.029 nrs=0.029 sa=0
| + sb=0 sd=0 mult=1 m=1
| XM_MIR1 EA_D1 EA_D1 AMP_ENN 0 sky130_fd_pr__nfet_g5v0d10v5 L=4 W=10 nf=2 ad=1.45 as=2.9 pd=10.58 ps=21.16 nrd=0.029 nrs=0.029 sa=0
| + sb=0 sd=0 mult=1 m=1
| XM_MIR2 EA_OUT EA_D1 AMP_ENN 0 sky130_fd_pr__nfet_g5v0d10v5 L=4 W=10 nf=2 ad=1.45 as=2.9 pd=10.58 ps=21.16 nrd=0.029 nrs=0.029
| + sa=0 sb=0 sd=0 mult=1 m=1
| XM_ENN2 AMP_ENN EN 0 0 sky130_fd_pr__nfet_g5v0d10v5 L=0.5 W=10 nf=1 ad=2.9 as=2.9 pd=20.58 ps=20.58 nrd=0.029 nrs=0.029 sa=0 sb=0
| + sd=0 mult=1 m=1
| XM_ENP EA_OUT EN VIN VIN sky130_fd_pr__pfet_g5v0d10v5 L=0.5 W=10 nf=1 ad=2.9 as=2.9 pd=20.58 ps=20.58 nrd=0.029 nrs=0.029 sa=0
| + sb=0 sd=0 mult=1 m=1
| XM_MIR3 EA_D2 EA_D2 AMP_ENN 0 sky130_fd_pr__nfet_g5v0d10v5 L=4 W=10 nf=2 ad=1.45 as=2.9 pd=10.58 ps=21.16 nrd=0.029 nrs=0.029 sa=0
| + sb=0 sd=0 mult=1 m=1
| XM_MIR4 PB EA_D2 AMP_ENN 0 sky130_fd_pr__nfet_g5v0d10v5 L=4 W=10 nf=2 ad=1.45 as=2.9 pd=10.58 ps=21.16 nrd=0.029 nrs=0.029 sa=0
| + sb=0 sd=0 mult=1 m=1
| XM_MIRP1 PB PB VIN VIN sky130_fd_pr__pfet_g5v0d10v5 L=4 W=20 nf=4 ad=2.9 as=4.35 pd=21.16 ps=31.74 nrd=0.0145 nrs=0.0145 sa=0 sb=0
| + sd=0 mult=1 m=1
| XM_MIRP2 EA_OUT PB VIN VIN sky130_fd_pr__pfet_g5v0d10v5 L=4 W=20 nf=4 ad=2.9 as=4.35 pd=21.16 ps=31.74 nrd=0.0145 nrs=0.0145 sa=0
| + sb=0 sd=0 mult=1 m=1
| XM_ENP5 PB EN VIN VIN sky130_fd_pr__pfet_g5v0d10v5 L=0.5 W=2 nf=1 ad=0.58 as=0.58 pd=4.58 ps=4.58 nrd=0.145 nrs=0.145 sa=0 sb=0
| + sd=0 mult=1 m=1
| XM_PASS VOUT EA_OUT VIN VIN sky130_fd_pr__pfet_g5v0d10v5 L=0.5 W=100 nf=25 ad=15.08 as=15.08 pd=111.54 ps=111.54 nrd=0.0029
| + nrs=0.0029 sa=0 sb=0 sd=0 mult=25 m=25
| C_COMP VOUT EA_CZ 150p m=1
| XR_CZ EA_CZ EA_OUT 0 sky130_fd_pr__res_xhigh_po W=0.42 L=52 mult=1 m=1
| XR_FB_A VOUT FB 0 sky130_fd_pr__res_xhigh_po W=0.42 L=180 mult=1 m=1
| XR_FB_B FB N_FBB 0 sky130_fd_pr__res_xhigh_po W=0.42 L=180 mult=1 m=1
| XR_FB_C N_FBB 0 0 sky130_fd_pr__res_xhigh_po W=0.42 L=180 mult=1 m=1
| XM_SENSE CL_SNS EA_OUT VIN VIN sky130_fd_pr__pfet_g5v0d10v5 L=0.5 W=0.42 nf=1 ad=0.1218 as=0.1218 pd=1.42 ps=1.42
| + nrd=0.69047619047619 nrs=0.69047619047619 sa=0 sb=0 sd=0 mult=1 m=1
| XM_CLN1 CL_SNS CL_SNS AMP_ENN 0 sky130_fd_pr__nfet_g5v0d10v5 L=1 W=20 nf=1 ad=5.8 as=5.8 pd=40.58 ps=40.58 nrd=0.0145 nrs=0.0145
| + sa=0 sb=0 sd=0 mult=1 m=1
| XM_CLN2 CL_CMP CL_SNS AMP_ENN 0 sky130_fd_pr__nfet_g5v0d10v5 L=1 W=1.6 nf=1 ad=0.464 as=0.464 pd=3.78 ps=3.78 nrd=0.18125
| + nrs=0.18125 sa=0 sb=0 sd=0 mult=1 m=1
| XM_CLP CL_CMP BIASP VIN VIN sky130_fd_pr__pfet_g5v0d10v5 L=1 W=10 nf=2 ad=1.45 as=2.9 pd=10.58 ps=21.16 nrd=0.029 nrs=0.029 sa=0
| + sb=0 sd=0 mult=1 m=1
| XM_CLIM EA_OUT CL_CMP VIN VIN sky130_fd_pr__pfet_g5v0d10v5 L=0.5 W=20 nf=4 ad=2.9 as=4.35 pd=21.16 ps=31.74 nrd=0.0145 nrs=0.0145
| + sa=0 sb=0 sd=0 mult=1 m=1
| XM_ENP3 CL_CMP EN VIN VIN sky130_fd_pr__pfet_g5v0d10v5 L=0.5 W=2 nf=1 ad=0.58 as=0.58 pd=4.58 ps=4.58 nrd=0.145 nrs=0.145 sa=0
| + sb=0 sd=0 mult=1 m=1
| C_CL VIN CL_CMP 1p m=1
| XM_INVP ENB EN VIN VIN sky130_fd_pr__pfet_g5v0d10v5 L=0.5 W=2 nf=1 ad=0.58 as=0.58 pd=4.58 ps=4.58 nrd=0.145 nrs=0.145 sa=0 sb=0
| + sd=0 mult=1 m=1
| XM_INVN ENB EN 0 0 sky130_fd_pr__nfet_g5v0d10v5 L=0.5 W=1 nf=1 ad=0.29 as=0.29 pd=2.58 ps=2.58 nrd=0.29 nrs=0.29 sa=0 sb=0 sd=0
| + mult=1 m=1
| XM_SSDIS SS ENB 0 0 sky130_fd_pr__nfet_g5v0d10v5 L=0.5 W=2 nf=1 ad=0.58 as=0.58 pd=4.58 ps=4.58 nrd=0.145 nrs=0.145 sa=0 sb=0 sd=0
| + mult=1 m=1
| XM_SSCHG SS BIASP VIN VIN sky130_fd_pr__pfet_g5v0d10v5 L=8 W=1 nf=1 ad=0.29 as=0.29 pd=2.58 ps=2.58 nrd=0.29 nrs=0.29 sa=0 sb=0
| + sd=0 mult=1 m=1
| C_SS SS 0 10p m=1
| XM_IN2S EA_D2 SS EA_TAIL VIN sky130_fd_pr__pfet_g5v0d10v5 L=2 W=10 nf=2 ad=1.45 as=2.9 pd=10.58 ps=21.16 nrd=0.029 nrs=0.029 sa=0
| + sb=0 sd=0 mult=1 m=1
| XM_TSPS TS_SNS BIASP VIN VIN sky130_fd_pr__pfet_g5v0d10v5 L=1 W=2.5 nf=1 ad=0.725 as=0.725 pd=5.58 ps=5.58 nrd=0.116 nrs=0.116
| + sa=0 sb=0 sd=0 mult=1 m=1
| XM_TSD1 TS_SNS TS_SNS TS_MID 0 sky130_fd_pr__nfet_g5v0d10v5 L=1 W=80 nf=16 ad=11.6 as=13.05 pd=84.64 ps=95.22 nrd=0.003625
| + nrs=0.003625 sa=0 sb=0 sd=0 mult=1 m=1
| XM_TSD2 TS_MID TS_MID AMP_ENN 0 sky130_fd_pr__nfet_g5v0d10v5 L=1 W=80 nf=16 ad=11.6 as=13.05 pd=84.64 ps=95.22 nrd=0.003625
| + nrs=0.003625 sa=0 sb=0 sd=0 mult=1 m=1
| XM_TSPR TS_REF BIASP VIN VIN sky130_fd_pr__pfet_g5v0d10v5 L=1 W=2.5 nf=1 ad=0.725 as=0.725 pd=5.58 ps=5.58 nrd=0.116 nrs=0.116
| + sa=0 sb=0 sd=0 mult=1 m=1
| XM_TSR1 TS_REF TS_REF AMP_ENN 0 sky130_fd_pr__nfet_g5v0d10v5 L=10 W=2 nf=1 ad=0.58 as=0.58 pd=4.58 ps=4.58 nrd=0.145 nrs=0.145
| + sa=0 sb=0 sd=0 mult=1 m=1
| XM_TCTAIL TC_TAIL NB AMP_ENN 0 sky130_fd_pr__nfet_g5v0d10v5 L=1 W=1 nf=1 ad=0.29 as=0.29 pd=2.58 ps=2.58 nrd=0.29 nrs=0.29 sa=0
| + sb=0 sd=0 mult=1 m=1
| XM_TCN1 TC_D1 TS_SNS TC_TAIL 0 sky130_fd_pr__nfet_g5v0d10v5 L=2 W=10 nf=2 ad=1.45 as=2.9 pd=10.58 ps=21.16 nrd=0.029 nrs=0.029
| + sa=0 sb=0 sd=0 mult=1 m=1
| XM_TCN2 TS_CMP TS_REF TC_TAIL 0 sky130_fd_pr__nfet_g5v0d10v5 L=2 W=10 nf=2 ad=1.45 as=2.9 pd=10.58 ps=21.16 nrd=0.029 nrs=0.029
| + sa=0 sb=0 sd=0 mult=1 m=1
| XM_TCP1 TC_D1 TC_D1 VIN VIN sky130_fd_pr__pfet_g5v0d10v5 L=2 W=10 nf=2 ad=1.45 as=2.9 pd=10.58 ps=21.16 nrd=0.029 nrs=0.029 sa=0
| + sb=0 sd=0 mult=1 m=1
| XM_TCP2 TS_CMP TC_D1 VIN VIN sky130_fd_pr__pfet_g5v0d10v5 L=2 W=10 nf=2 ad=1.45 as=2.9 pd=10.58 ps=21.16 nrd=0.029 nrs=0.029 sa=0
| + sb=0 sd=0 mult=1 m=1
| XM_TSHUT EA_OUT TS_CMP VIN VIN sky130_fd_pr__pfet_g5v0d10v5 L=0.5 W=20 nf=4 ad=2.9 as=4.35 pd=21.16 ps=31.74 nrd=0.0145 nrs=0.0145
| + sa=0 sb=0 sd=0 mult=1 m=1
| XM_TSHYSB TS_HYS BIASP VIN VIN sky130_fd_pr__pfet_g5v0d10v5 L=2 W=1.5 nf=1 ad=0.435 as=0.435 pd=3.58 ps=3.58 nrd=0.193333333333333
| + nrs=0.193333333333333 sa=0 sb=0 sd=0 mult=1 m=1
| XM_TSHYS TS_REF TS_CMP TS_HYS VIN sky130_fd_pr__pfet_g5v0d10v5 L=0.5 W=2 nf=1 ad=0.58 as=0.58 pd=4.58 ps=4.58 nrd=0.145 nrs=0.145
| + sa=0 sb=0 sd=0 mult=1 m=1
| XM_ENP4 TS_CMP EN VIN VIN sky130_fd_pr__pfet_g5v0d10v5 L=0.5 W=2 nf=1 ad=0.58 as=0.58 pd=4.58 ps=4.58 nrd=0.145 nrs=0.145 sa=0
| + sb=0 sd=0 mult=1 m=1
| C_TS VIN TS_CMP 1p m=1
| .ends
| 
| .control
| save all
| * --- leg 1: C_out 0.33uF, 0 mA (feedback divider is the only preload) ---
| tran 10u 4m
| meas tran vpk max v(vout) from=100u to=4m
| meas tran vfloor min v(vout) from=3.1m to=4m
| meas tran tset when v(vout)=1.764 rise=1
| * --- leg 2: C_out 0.33uF, 50 mA ---
| alter rload = 36
| tran 10u 4m
| meas tran vpk max v(vout) from=100u to=4m
| meas tran vfloor min v(vout) from=3.1m to=4m
| meas tran tset when v(vout)=1.764 rise=1
| * --- leg 3: C_out 4.7uF, 0 mA ---
| alter cout = 4.7u
| alter rload = 1e12
| tran 10u 4m
| meas tran vpk max v(vout) from=100u to=4m
| meas tran vfloor min v(vout) from=3.1m to=4m
| meas tran tset when v(vout)=1.764 rise=1
| * --- leg 4: C_out 4.7uF, 50 mA ---
| alter rload = 36
| tran 10u 4m
| meas tran vpk max v(vout) from=100u to=4m
| meas tran vfloor min v(vout) from=3.1m to=4m
| meas tran tset when v(vout)=1.764 rise=1
| let meas_vpk_c033_0ma_v = tran1.vpk
| let meas_vfloor_c033_0ma_v = tran1.vfloor
| let meas_tramp_c033_0ma_ms = 1000*(tran1.tset - 100u)
| let meas_vpk_c033_50ma_v = tran2.vpk
| let meas_vfloor_c033_50ma_v = tran2.vfloor
| let meas_tramp_c033_50ma_ms = 1000*(tran2.tset - 100u)
| let meas_vpk_c47_0ma_v = tran3.vpk
| let meas_vfloor_c47_0ma_v = tran3.vfloor
| let meas_tramp_c47_0ma_ms = 1000*(tran3.tset - 100u)
| let meas_vpk_c47_50ma_v = tran4.vpk
| let meas_vfloor_c47_50ma_v = tran4.vfloor
| let meas_tramp_c47_50ma_ms = 1000*(tran4.tset - 100u)
| print meas_vpk_c033_0ma_v
| print meas_vfloor_c033_0ma_v
| print meas_tramp_c033_0ma_ms
| print meas_vpk_c033_50ma_v
| print meas_vfloor_c033_50ma_v
| print meas_tramp_c033_50ma_ms
| print meas_vpk_c47_0ma_v
| print meas_vfloor_c47_0ma_v
| print meas_tramp_c47_0ma_ms
| print meas_vpk_c47_50ma_v
| print meas_vfloor_c47_50ma_v
| print meas_tramp_c47_50ma_ms
| quit
| .endc
| .end

# ==== ngspice stdout ====

Note: Compatibility modes selected: hs a


Circuit: * startup corner deck -- generated by sim/bin/corner-run.py, do not edit

option SCALE: Scale is set to 1e-06 for instance and model parameters
option SCALE: Scale is set to 1e-06 for instance and model parameters
option SCALE: Scale is set to 1e-06 for instance and model parameters
option SCALE: Scale is set to 1e-06 for instance and model parameters
Doing analysis at TEMP = 27.000000 and TNOM = 27.000000

Using KLU as Direct Linear Solver
 Reference value :  0.00000e+00
 Reference value :  8.00000e-07
 Reference value :  1.28000e-05
 Reference value :  5.28000e-05
 Reference value :  9.14000e-05
 Reference value :  1.00300e-04
 Reference value :  1.00410e-04
 Reference value :  1.00499e-04
 Reference value :  1.00570e-04
 Reference value :  1.00727e-04
 Reference value :  1.00805e-04
 Reference value :  1.00869e-04
 Reference value :  1.00914e-04
 Reference value :  1.01000e-04
 Reference value :  1.01031e-04
 Reference value :  1.01181e-04
 Reference value :  1.01777e-04
 Reference value :  1.04723e-04
 Reference value :  1.21037e-04
 Reference value :  1.28509e-04
 Reference value :  1.35387e-04
 Reference value :  1.53768e-04
 Reference value :  1.83768e-04
 Reference value :  2.13768e-04
 Reference value :  2.53768e-04
 Reference value :  2.93768e-04
 Reference value :  3.33768e-04
 Reference value :  3.73768e-04
 Reference value :  4.13768e-04
 Reference value :  4.53768e-04
 Reference value :  4.93768e-04
 Reference value :  5.33768e-04
 Reference value :  5.73768e-04
 Reference value :  6.13768e-04
 Reference value :  6.63768e-04
 Reference value :  7.13768e-04
 Reference value :  7.63768e-04
 Reference value :  8.13768e-04
 Reference value :  8.73768e-04
 Reference value :  9.33768e-04
 Reference value :  9.83768e-04
 Reference value :  1.02377e-03
 Reference value :  1.06377e-03
 Reference value :  1.11377e-03
 Reference value :  1.16377e-03
 Reference value :  1.21377e-03
 Reference value :  1.26377e-03
 Reference value :  1.31377e-03
 Reference value :  1.36377e-03
 Reference value :  1.41377e-03
 Reference value :  1.46377e-03
 Reference value :  1.51377e-03
 Reference value :  1.56377e-03
 Reference value :  1.61377e-03
 Reference value :  1.65377e-03
 Reference value :  1.70377e-03
 Reference value :  1.74377e-03
 Reference value :  1.77377e-03
 Reference value :  1.80377e-03
 Reference value :  1.83377e-03
 Reference value :  1.87377e-03
 Reference value :  1.91377e-03
 Reference value :  1.95377e-03
 Reference value :  1.99377e-03
 Reference value :  2.03377e-03
 Reference value :  2.08377e-03
 Reference value :  2.13377e-03
 Reference value :  2.18377e-03
 Reference value :  2.22377e-03
 Reference value :  2.28377e-03
 Reference value :  2.34377e-03
 Reference value :  2.39377e-03
 Reference value :  2.44377e-03
 Reference value :  2.50377e-03
 Reference value :  2.55377e-03
 Reference value :  2.60377e-03
 Reference value :  2.66377e-03
 Reference value :  2.71377e-03
 Reference value :  2.76377e-03
 Reference value :  2.81377e-03
 Reference value :  2.86377e-03
 Reference value :  2.91377e-03
 Reference value :  2.96377e-03
 Reference value :  3.01377e-03
 Reference value :  3.06377e-03
 Reference value :  3.11377e-03
 Reference value :  3.16377e-03
 Reference value :  3.21377e-03
 Reference value :  3.26377e-03
 Reference value :  3.32377e-03
 Reference value :  3.35377e-03
 Reference value :  3.39377e-03
 Reference value :  3.43377e-03
 Reference value :  3.47377e-03
 Reference value :  3.51377e-03
 Reference value :  3.55377e-03
 Reference value :  3.59377e-03
 Reference value :  3.62377e-03
 Reference value :  3.66377e-03
 Reference value :  3.70377e-03
 Reference value :  3.73377e-03
 Reference value :  3.76377e-03
 Reference value :  3.79377e-03
 Reference value :  3.83377e-03
 Reference value :  3.87377e-03
 Reference value :  3.90377e-03
 Reference value :  3.93377e-03
 Reference value :  3.96377e-03
 Reference value :  4.00000e-03
No. of Data Rows : 434
vpk                 =  1.81185e+00 at=  7.03768e-04
vfloor              =  1.80636e+00 at=  4.00000e-03
tset                =  3.86189e-04
Doing analysis at TEMP = 27.000000 and TNOM = 27.000000

Using KLU as Direct Linear Solver
 Reference value :  0.00000e+00
 Reference value :  1.60000e-06
 Reference value :  4.28000e-05
 Reference value :  1.00000e-04
 Reference value :  1.00300e-04
 Reference value :  1.00410e-04
 Reference value :  1.00499e-04
 Reference value :  1.00570e-04
 Reference value :  1.00727e-04
 Reference value :  1.00805e-04
 Reference value :  1.00869e-04
 Reference value :  1.00914e-04
 Reference value :  1.01000e-04
 Reference value :  1.01031e-04
 Reference value :  1.01182e-04
 Reference value :  1.01778e-04
 Reference value :  1.08107e-04
 Reference value :  1.20436e-04
 Reference value :  1.25531e-04
 Reference value :  1.36919e-04
 Reference value :  1.76008e-04
 Reference value :  2.36008e-04
 Reference value :  2.96008e-04
 Reference value :  3.46008e-04
 Reference value :  3.96008e-04
 Reference value :  4.56008e-04
 Reference value :  4.96008e-04
 Reference value :  5.36008e-04
 Reference value :  6.96008e-04
 Reference value :  7.46008e-04
 Reference value :  7.96008e-04
 Reference value :  8.46008e-04
 Reference value :  8.96008e-04
 Reference value :  9.46008e-04
 Reference value :  1.00601e-03
 Reference value :  1.06601e-03
 Reference value :  1.09601e-03
 Reference value :  1.12601e-03
 Reference value :  1.17601e-03
 Reference value :  1.21601e-03
 Reference value :  1.25601e-03
 Reference value :  1.28601e-03
 Reference value :  1.32601e-03
 Reference value :  1.36601e-03
 Reference value :  1.39601e-03
 Reference value :  1.43601e-03
 Reference value :  1.49601e-03
 Reference value :  1.54601e-03
 Reference value :  1.60601e-03
 Reference value :  1.64601e-03
 Reference value :  1.67601e-03
 Reference value :  1.72601e-03
 Reference value :  1.77601e-03
 Reference value :  1.83601e-03
 Reference value :  1.88601e-03
 Reference value :  1.93601e-03
 Reference value :  1.99601e-03
 Reference value :  2.04601e-03
 Reference value :  2.09601e-03
 Reference value :  2.14601e-03
 Reference value :  2.19601e-03
 Reference value :  2.24601e-03
 Reference value :  2.29601e-03
 Reference value :  2.34601e-03
 Reference value :  2.39601e-03
 Reference value :  2.43601e-03
 Reference value :  2.47601e-03
 Reference value :  2.51601e-03
 Reference value :  2.56601e-03
 Reference value :  2.60601e-03
 Reference value :  2.65601e-03
 Reference value :  2.69601e-03
 Reference value :  2.74601e-03
 Reference value :  2.79601e-03
 Reference value :  2.85601e-03
 Reference value :  2.90601e-03
 Reference value :  2.95601e-03
 Reference value :  3.00601e-03
 Reference value :  3.06601e-03
 Reference value :  3.12601e-03
 Reference value :  3.18601e-03
 Reference value :  3.22601e-03
 Reference value :  3.26601e-03
 Reference value :  3.30601e-03
 Reference value :  3.34601e-03
 Reference value :  3.39601e-03
 Reference value :  3.45601e-03
 Reference value :  3.51601e-03
 Reference value :  3.57601e-03
 Reference value :  3.63601e-03
 Reference value :  3.69601e-03
 Reference value :  3.74601e-03
 Reference value :  3.79601e-03
 Reference value :  3.84601e-03
 Reference value :  3.89601e-03
 Reference value :  3.94601e-03
 Reference value :  3.98601e-03
No. of Data Rows : 435
vpk                 =  1.79799e+00 at=  1.04601e-03
vfloor              =  1.79796e+00 at=  3.99300e-03
tset                =  4.15974e-04
Doing analysis at TEMP = 27.000000 and TNOM = 27.000000

Using KLU as Direct Linear Solver
 Reference value :  0.00000e+00
 Reference value :  8.00000e-07
 Reference value :  1.28000e-05
 Reference value :  6.28000e-05
 Reference value :  1.00100e-04
 Reference value :  1.00300e-04
 Reference value :  1.00410e-04
 Reference value :  1.00499e-04
 Reference value :  1.00570e-04
 Reference value :  1.00805e-04
 Reference value :  1.00869e-04
 Reference value :  1.00914e-04
 Reference value :  1.01000e-04
 Reference value :  1.01031e-04
 Reference value :  1.01335e-04
 Reference value :  1.03040e-04
 Reference value :  1.21037e-04
 Reference value :  1.28088e-04
 Reference value :  1.34783e-04
 Reference value :  1.51611e-04
 Reference value :  1.71611e-04
 Reference value :  2.01611e-04
 Reference value :  2.31611e-04
 Reference value :  2.71611e-04
 Reference value :  3.01611e-04
 Reference value :  3.31611e-04
 Reference value :  3.61611e-04
 Reference value :  3.91611e-04
 Reference value :  4.21611e-04
 Reference value :  4.51611e-04
 Reference value :  4.71611e-04
 Reference value :  4.91611e-04
 Reference value :  5.21611e-04
 Reference value :  5.51611e-04
 Reference value :  5.71611e-04
 Reference value :  5.91611e-04
 Reference value :  6.11611e-04
 Reference value :  6.61611e-04
 Reference value :  7.11611e-04
 Reference value :  7.71611e-04
 Reference value :  8.31611e-04
 Reference value :  8.91611e-04
 Reference value :  9.41611e-04
 Reference value :  9.81611e-04
 Reference value :  1.03161e-03
 Reference value :  1.08161e-03
 Reference value :  1.13161e-03
 Reference value :  1.18161e-03
 Reference value :  1.23161e-03
 Reference value :  1.28161e-03
 Reference value :  1.34161e-03
 Reference value :  1.39161e-03
 Reference value :  1.44161e-03
 Reference value :  1.49161e-03
 Reference value :  1.54161e-03
 Reference value :  1.59161e-03
 Reference value :  1.64161e-03
 Reference value :  1.69161e-03
 Reference value :  1.74161e-03
 Reference value :  1.79161e-03
 Reference value :  1.84161e-03
 Reference value :  1.89161e-03
 Reference value :  1.94161e-03
 Reference value :  1.99161e-03
 Reference value :  2.04161e-03
 Reference value :  2.09161e-03
 Reference value :  2.14161e-03
 Reference value :  2.19161e-03
 Reference value :  2.24161e-03
 Reference value :  2.29161e-03
 Reference value :  2.33161e-03
 Reference value :  2.38161e-03
 Reference value :  2.43161e-03
 Reference value :  2.48161e-03
 Reference value :  2.53161e-03
 Reference value :  2.58161e-03
 Reference value :  2.62161e-03
 Reference value :  2.67161e-03
 Reference value :  2.72161e-03
 Reference value :  2.76161e-03
 Reference value :  2.81161e-03
 Reference value :  2.86161e-03
 Reference value :  2.90161e-03
 Reference value :  2.94161e-03
 Reference value :  2.98161e-03
 Reference value :  3.17161e-03
 Reference value :  3.23161e-03
 Reference value :  3.28161e-03
 Reference value :  3.32161e-03
 Reference value :  3.37161e-03
 Reference value :  3.42161e-03
 Reference value :  3.46161e-03
 Reference value :  3.50161e-03
 Reference value :  3.53161e-03
 Reference value :  3.57161e-03
 Reference value :  3.62161e-03
 Reference value :  3.68161e-03
 Reference value :  3.73161e-03
 Reference value :  3.78161e-03
 Reference value :  3.83161e-03
 Reference value :  3.89161e-03
 Reference value :  3.94161e-03
 Reference value :  3.99081e-03
No. of Data Rows : 434
vpk                 =  1.82389e+00 at=  6.31611e-04
vfloor              =  1.82349e+00 at=  4.00000e-03
tset                =  3.75123e-04
Doing analysis at TEMP = 27.000000 and TNOM = 27.000000

Using KLU as Direct Linear Solver
 Reference value :  0.00000e+00
 Reference value :  3.20000e-06
 Reference value :  4.28000e-05
 Reference value :  9.14000e-05
 Reference value :  1.00300e-04
 Reference value :  1.00410e-04
 Reference value :  1.00499e-04
 Reference value :  1.00569e-04
 Reference value :  1.00727e-04
 Reference value :  1.00804e-04
 Reference value :  1.00865e-04
 Reference value :  1.00910e-04
 Reference value :  1.01000e-04
 Reference value :  1.01014e-04
 Reference value :  1.01102e-04
 Reference value :  1.01343e-04
 Reference value :  1.02232e-04
 Reference value :  1.08369e-04
 Reference value :  1.20986e-04
 Reference value :  1.26224e-04
 Reference value :  1.44989e-04
 Reference value :  1.83212e-04
 Reference value :  2.23212e-04
 Reference value :  2.73212e-04
 Reference value :  3.23212e-04
 Reference value :  3.63212e-04
 Reference value :  4.03212e-04
 Reference value :  4.53212e-04
 Reference value :  4.93212e-04
 Reference value :  5.43212e-04
 Reference value :  5.83212e-04
 Reference value :  6.33212e-04
 Reference value :  6.83212e-04
 Reference value :  7.33212e-04
 Reference value :  7.93212e-04
 Reference value :  8.43212e-04
 Reference value :  8.93212e-04
 Reference value :  9.43212e-04
 Reference value :  9.93212e-04
 Reference value :  1.05321e-03
 Reference value :  1.10321e-03
 Reference value :  1.16321e-03
 Reference value :  1.21321e-03
 Reference value :  1.26321e-03
 Reference value :  1.31321e-03
 Reference value :  1.35321e-03
 Reference value :  1.39321e-03
 Reference value :  1.42321e-03
 Reference value :  1.47321e-03
 Reference value :  1.52321e-03
 Reference value :  1.57321e-03
 Reference value :  1.62321e-03
 Reference value :  1.66321e-03
 Reference value :  1.71321e-03
 Reference value :  1.76321e-03
 Reference value :  1.80321e-03
 Reference value :  1.85321e-03
 Reference value :  1.90321e-03
 Reference value :  1.94321e-03
 Reference value :  1.99321e-03
 Reference value :  2.04321e-03
 Reference value :  2.08321e-03
 Reference value :  2.12321e-03
 Reference value :  2.16321e-03
 Reference value :  2.20321e-03
 Reference value :  2.24321e-03
 Reference value :  2.28321e-03
 Reference value :  2.32321e-03
 Reference value :  2.37321e-03
 Reference value :  2.41321e-03
 Reference value :  2.46321e-03
 Reference value :  2.51321e-03
 Reference value :  2.55321e-03
 Reference value :  2.58321e-03
 Reference value :  2.61321e-03
 Reference value :  2.65321e-03
 Reference value :  2.70321e-03
 Reference value :  2.75321e-03
 Reference value :  2.80321e-03
 Reference value :  2.85321e-03
 Reference value :  2.89321e-03
 Reference value :  2.94321e-03
 Reference value :  2.98321e-03
 Reference value :  3.02321e-03
 Reference value :  3.05321e-03
 Reference value :  3.08321e-03
 Reference value :  3.12321e-03
 Reference value :  3.15321e-03
 Reference value :  3.19321e-03
 Reference value :  3.23321e-03
 Reference value :  3.26321e-03
 Reference value :  3.29321e-03
 Reference value :  3.33321e-03
 Reference value :  3.37321e-03
 Reference value :  3.41321e-03
 Reference value :  3.46321e-03
 Reference value :  3.51321e-03
 Reference value :  3.55321e-03
 Reference value :  3.59321e-03
 Reference value :  3.62321e-03
 Reference value :  3.66321e-03
 Reference value :  3.70321e-03
 Reference value :  3.74321e-03
 Reference value :  3.77321e-03
 Reference value :  3.81321e-03
 Reference value :  3.85321e-03
 Reference value :  3.89321e-03
 Reference value :  3.92321e-03
 Reference value :  3.95321e-03
 Reference value :  3.98321e-03
No. of Data Rows : 435
vpk                 =  1.79799e+00 at=  9.33212e-04
vfloor              =  1.79797e+00 at=  4.00000e-03
tset                =  3.90666e-04
meas_vpk_c033_0ma_v = 1.811848e+00
meas_vfloor_c033_0ma_v = 1.806361e+00
meas_tramp_c033_0ma_ms = 2.861888e-01
meas_vpk_c033_50ma_v = 1.797985e+00
meas_vfloor_c033_50ma_v = 1.797963e+00
meas_tramp_c033_50ma_ms = 3.159742e-01
meas_vpk_c47_0ma_v = 1.823887e+00
meas_vfloor_c47_0ma_v = 1.823489e+00
meas_tramp_c47_0ma_ms = 2.751227e-01
meas_vpk_c47_50ma_v = 1.797991e+00
meas_vfloor_c47_50ma_v = 1.797968e+00
meas_tramp_c47_50ma_ms = 2.906661e-01
ngspice-46 done

# ==== ngspice stderr ====
Note: Starting dynamic gmin stepping
Warning: Dynamic gmin stepping failed
Note: Starting true gmin stepping
Note: True gmin stepping completed
Note: Starting dynamic gmin stepping
Warning: Dynamic gmin stepping failed
Note: Starting true gmin stepping
Note: True gmin stepping completed
