# corner: sf_27c_3.63v
# process=sf temp=27C supply=3.63V
# ngspice exit: 0
# wall clock: 59.5s (--timeout was 300s)
# result: PASS

# ==== deck (exact input given to ngspice) ====
| * startup corner deck -- generated by sim/bin/corner-run.py, do not edit
| * corner: sf_27c_3.63v
| .param vsup=3.63
| .option wnflag=1
| .temp 27
| .lib "/home/ubuntu/.volare/sky130A/libs.tech/combined/sky130.lib.spice" sf
| ** sch_path: sim/startup/testbench/tb_startup.sch
| **.subckt tb_startup
| VVIN VIN 0 'vsup'
| .save i(vvin)
| VEN EN 0 PULSE(0 'vsup' 100u 1u 1u 100 200)
| .save i(ven)
| VVREF VREF 0 1.2
| .save i(vvref)
| xldo VOUT VREF EN VIN ldo_3v3in_1v8out
| COUT VOUT VESR 0.33u m=1
| RESR VESR 0 10m m=1
| RLOAD VOUT 0 1e12 m=1
| **.ends
| 
| * expanding   symbol:  design/ldo_3v3in_1v8out.sym # of pins=4
| ** sym_path: design/ldo_3v3in_1v8out.sym
| ** sch_path: design/ldo_3v3in_1v8out.sch
| .subckt ldo_3v3in_1v8out VOUT VREF EN VIN
| *.ipin VIN
| *.ipin EN
| *.ipin VREF
| *.opin VOUT
| XR_BIAS VIN NB 0 sky130_fd_pr__res_high_po W=0.42 L=1500 mult=1 m=1
| XM_BIASN1 NB NB BIAS_ENN 0 sky130_fd_pr__nfet_g5v0d10v5 L=1 W=4 nf=1 ad=1.16 as=1.16 pd=8.58 ps=8.58 nrd=0.0725 nrs=0.0725 sa=0
| + sb=0 sd=0 mult=1 m=1
| XM_ENN BIAS_ENN EN 0 0 sky130_fd_pr__nfet_g5v0d10v5 L=0.5 W=10 nf=1 ad=2.9 as=2.9 pd=20.58 ps=20.58 nrd=0.029 nrs=0.029 sa=0 sb=0
| + sd=0 mult=1 m=1
| XM_BIASN2 BIASP NB BIAS_ENN 0 sky130_fd_pr__nfet_g5v0d10v5 L=1 W=4 nf=1 ad=1.16 as=1.16 pd=8.58 ps=8.58 nrd=0.0725 nrs=0.0725 sa=0
| + sb=0 sd=0 mult=1 m=1
| XM_BIASP1 BIASP BIASP VIN VIN sky130_fd_pr__pfet_g5v0d10v5 L=1 W=10 nf=2 ad=1.45 as=2.9 pd=10.58 ps=21.16 nrd=0.029 nrs=0.029 sa=0
| + sb=0 sd=0 mult=1 m=1
| XM_ENP2 BIASP EN VIN VIN sky130_fd_pr__pfet_g5v0d10v5 L=0.5 W=10 nf=1 ad=2.9 as=2.9 pd=20.58 ps=20.58 nrd=0.029 nrs=0.029 sa=0
| + sb=0 sd=0 mult=1 m=1
| XM_TAIL EA_TAIL BIASP VIN VIN sky130_fd_pr__pfet_g5v0d10v5 L=2 W=40 nf=8 ad=5.8 as=7.25 pd=42.32 ps=52.9 nrd=0.00725 nrs=0.00725
| + sa=0 sb=0 sd=0 mult=1 m=1
| XM_IN1 EA_D1 FB EA_TAIL VIN sky130_fd_pr__pfet_g5v0d10v5 L=2 W=10 nf=2 ad=1.45 as=2.9 pd=10.58 ps=21.16 nrd=0.029 nrs=0.029 sa=0
| + sb=0 sd=0 mult=1 m=1
| XM_IN2 EA_D2 VREF EA_TAIL VIN sky130_fd_pr__pfet_g5v0d10v5 L=2 W=10 nf=2 ad=1.45 as=2.9 pd=10.58 ps=21.16 nrd=0.029 nrs=0.029 sa=0
| + sb=0 sd=0 mult=1 m=1
| XM_MIR1 EA_D1 EA_D1 AMP_ENN 0 sky130_fd_pr__nfet_g5v0d10v5 L=4 W=10 nf=2 ad=1.45 as=2.9 pd=10.58 ps=21.16 nrd=0.029 nrs=0.029 sa=0
| + sb=0 sd=0 mult=1 m=1
| XM_MIR2 EA_OUT EA_D1 AMP_ENN 0 sky130_fd_pr__nfet_g5v0d10v5 L=4 W=10 nf=2 ad=1.45 as=2.9 pd=10.58 ps=21.16 nrd=0.029 nrs=0.029
| + sa=0 sb=0 sd=0 mult=1 m=1
| XM_ENN2 AMP_ENN EN 0 0 sky130_fd_pr__nfet_g5v0d10v5 L=0.5 W=10 nf=1 ad=2.9 as=2.9 pd=20.58 ps=20.58 nrd=0.029 nrs=0.029 sa=0 sb=0
| + sd=0 mult=1 m=1
| XM_ENP EA_OUT EN VIN VIN sky130_fd_pr__pfet_g5v0d10v5 L=0.5 W=10 nf=1 ad=2.9 as=2.9 pd=20.58 ps=20.58 nrd=0.029 nrs=0.029 sa=0
| + sb=0 sd=0 mult=1 m=1
| XM_MIR3 EA_D2 EA_D2 AMP_ENN 0 sky130_fd_pr__nfet_g5v0d10v5 L=4 W=10 nf=2 ad=1.45 as=2.9 pd=10.58 ps=21.16 nrd=0.029 nrs=0.029 sa=0
| + sb=0 sd=0 mult=1 m=1
| XM_MIR4 PB EA_D2 AMP_ENN 0 sky130_fd_pr__nfet_g5v0d10v5 L=4 W=10 nf=2 ad=1.45 as=2.9 pd=10.58 ps=21.16 nrd=0.029 nrs=0.029 sa=0
| + sb=0 sd=0 mult=1 m=1
| XM_MIRP1 PB PB VIN VIN sky130_fd_pr__pfet_g5v0d10v5 L=4 W=20 nf=4 ad=2.9 as=4.35 pd=21.16 ps=31.74 nrd=0.0145 nrs=0.0145 sa=0 sb=0
| + sd=0 mult=1 m=1
| XM_MIRP2 EA_OUT PB VIN VIN sky130_fd_pr__pfet_g5v0d10v5 L=4 W=20 nf=4 ad=2.9 as=4.35 pd=21.16 ps=31.74 nrd=0.0145 nrs=0.0145 sa=0
| + sb=0 sd=0 mult=1 m=1
| XM_ENP5 PB EN VIN VIN sky130_fd_pr__pfet_g5v0d10v5 L=0.5 W=2 nf=1 ad=0.58 as=0.58 pd=4.58 ps=4.58 nrd=0.145 nrs=0.145 sa=0 sb=0
| + sd=0 mult=1 m=1
| XM_PASS VOUT EA_OUT VIN VIN sky130_fd_pr__pfet_g5v0d10v5 L=0.5 W=100 nf=25 ad=15.08 as=15.08 pd=111.54 ps=111.54 nrd=0.0029
| + nrs=0.0029 sa=0 sb=0 sd=0 mult=25 m=25
| C_COMP VOUT EA_CZ 150p m=1
| XR_CZ EA_CZ EA_OUT 0 sky130_fd_pr__res_xhigh_po W=0.42 L=52 mult=1 m=1
| XR_FB_A VOUT FB 0 sky130_fd_pr__res_xhigh_po W=0.42 L=180 mult=1 m=1
| XR_FB_B FB N_FBB 0 sky130_fd_pr__res_xhigh_po W=0.42 L=180 mult=1 m=1
| XR_FB_C N_FBB 0 0 sky130_fd_pr__res_xhigh_po W=0.42 L=180 mult=1 m=1
| XM_SENSE CL_SNS EA_OUT VIN VIN sky130_fd_pr__pfet_g5v0d10v5 L=0.5 W=0.42 nf=1 ad=0.1218 as=0.1218 pd=1.42 ps=1.42
| + nrd=0.69047619047619 nrs=0.69047619047619 sa=0 sb=0 sd=0 mult=1 m=1
| XM_CLN1 CL_SNS CL_SNS AMP_ENN 0 sky130_fd_pr__nfet_g5v0d10v5 L=1 W=20 nf=1 ad=5.8 as=5.8 pd=40.58 ps=40.58 nrd=0.0145 nrs=0.0145
| + sa=0 sb=0 sd=0 mult=1 m=1
| XM_CLN2 CL_CMP CL_SNS AMP_ENN 0 sky130_fd_pr__nfet_g5v0d10v5 L=1 W=1.6 nf=1 ad=0.464 as=0.464 pd=3.78 ps=3.78 nrd=0.18125
| + nrs=0.18125 sa=0 sb=0 sd=0 mult=1 m=1
| XM_CLP CL_CMP BIASP VIN VIN sky130_fd_pr__pfet_g5v0d10v5 L=1 W=10 nf=2 ad=1.45 as=2.9 pd=10.58 ps=21.16 nrd=0.029 nrs=0.029 sa=0
| + sb=0 sd=0 mult=1 m=1
| XM_CLIM EA_OUT CL_CMP VIN VIN sky130_fd_pr__pfet_g5v0d10v5 L=0.5 W=20 nf=4 ad=2.9 as=4.35 pd=21.16 ps=31.74 nrd=0.0145 nrs=0.0145
| + sa=0 sb=0 sd=0 mult=1 m=1
| XM_ENP3 CL_CMP EN VIN VIN sky130_fd_pr__pfet_g5v0d10v5 L=0.5 W=2 nf=1 ad=0.58 as=0.58 pd=4.58 ps=4.58 nrd=0.145 nrs=0.145 sa=0
| + sb=0 sd=0 mult=1 m=1
| C_CL VIN CL_CMP 1p m=1
| XM_INVP ENB EN VIN VIN sky130_fd_pr__pfet_g5v0d10v5 L=0.5 W=2 nf=1 ad=0.58 as=0.58 pd=4.58 ps=4.58 nrd=0.145 nrs=0.145 sa=0 sb=0
| + sd=0 mult=1 m=1
| XM_INVN ENB EN 0 0 sky130_fd_pr__nfet_g5v0d10v5 L=0.5 W=1 nf=1 ad=0.29 as=0.29 pd=2.58 ps=2.58 nrd=0.29 nrs=0.29 sa=0 sb=0 sd=0
| + mult=1 m=1
| XM_SSDIS SS ENB 0 0 sky130_fd_pr__nfet_g5v0d10v5 L=0.5 W=2 nf=1 ad=0.58 as=0.58 pd=4.58 ps=4.58 nrd=0.145 nrs=0.145 sa=0 sb=0 sd=0
| + mult=1 m=1
| XM_SSCHG SS BIASP VIN VIN sky130_fd_pr__pfet_g5v0d10v5 L=8 W=1 nf=1 ad=0.29 as=0.29 pd=2.58 ps=2.58 nrd=0.29 nrs=0.29 sa=0 sb=0
| + sd=0 mult=1 m=1
| C_SS SS 0 10p m=1
| XM_IN2S EA_D2 SS EA_TAIL VIN sky130_fd_pr__pfet_g5v0d10v5 L=2 W=10 nf=2 ad=1.45 as=2.9 pd=10.58 ps=21.16 nrd=0.029 nrs=0.029 sa=0
| + sb=0 sd=0 mult=1 m=1
| XM_TSPS TS_SNS BIASP VIN VIN sky130_fd_pr__pfet_g5v0d10v5 L=1 W=2.5 nf=1 ad=0.725 as=0.725 pd=5.58 ps=5.58 nrd=0.116 nrs=0.116
| + sa=0 sb=0 sd=0 mult=1 m=1
| XM_TSD1 TS_SNS TS_SNS TS_MID 0 sky130_fd_pr__nfet_g5v0d10v5 L=1 W=80 nf=16 ad=11.6 as=13.05 pd=84.64 ps=95.22 nrd=0.003625
| + nrs=0.003625 sa=0 sb=0 sd=0 mult=1 m=1
| XM_TSD2 TS_MID TS_MID AMP_ENN 0 sky130_fd_pr__nfet_g5v0d10v5 L=1 W=80 nf=16 ad=11.6 as=13.05 pd=84.64 ps=95.22 nrd=0.003625
| + nrs=0.003625 sa=0 sb=0 sd=0 mult=1 m=1
| XM_TSPR TS_REF BIASP VIN VIN sky130_fd_pr__pfet_g5v0d10v5 L=1 W=2.5 nf=1 ad=0.725 as=0.725 pd=5.58 ps=5.58 nrd=0.116 nrs=0.116
| + sa=0 sb=0 sd=0 mult=1 m=1
| XM_TSR1 TS_REF TS_REF AMP_ENN 0 sky130_fd_pr__nfet_g5v0d10v5 L=10 W=2 nf=1 ad=0.58 as=0.58 pd=4.58 ps=4.58 nrd=0.145 nrs=0.145
| + sa=0 sb=0 sd=0 mult=1 m=1
| XM_TCTAIL TC_TAIL NB AMP_ENN 0 sky130_fd_pr__nfet_g5v0d10v5 L=1 W=1 nf=1 ad=0.29 as=0.29 pd=2.58 ps=2.58 nrd=0.29 nrs=0.29 sa=0
| + sb=0 sd=0 mult=1 m=1
| XM_TCN1 TC_D1 TS_SNS TC_TAIL 0 sky130_fd_pr__nfet_g5v0d10v5 L=2 W=10 nf=2 ad=1.45 as=2.9 pd=10.58 ps=21.16 nrd=0.029 nrs=0.029
| + sa=0 sb=0 sd=0 mult=1 m=1
| XM_TCN2 TS_CMP TS_REF TC_TAIL 0 sky130_fd_pr__nfet_g5v0d10v5 L=2 W=10 nf=2 ad=1.45 as=2.9 pd=10.58 ps=21.16 nrd=0.029 nrs=0.029
| + sa=0 sb=0 sd=0 mult=1 m=1
| XM_TCP1 TC_D1 TC_D1 VIN VIN sky130_fd_pr__pfet_g5v0d10v5 L=2 W=10 nf=2 ad=1.45 as=2.9 pd=10.58 ps=21.16 nrd=0.029 nrs=0.029 sa=0
| + sb=0 sd=0 mult=1 m=1
| XM_TCP2 TS_CMP TC_D1 VIN VIN sky130_fd_pr__pfet_g5v0d10v5 L=2 W=10 nf=2 ad=1.45 as=2.9 pd=10.58 ps=21.16 nrd=0.029 nrs=0.029 sa=0
| + sb=0 sd=0 mult=1 m=1
| XM_TSHUT EA_OUT TS_CMP VIN VIN sky130_fd_pr__pfet_g5v0d10v5 L=0.5 W=20 nf=4 ad=2.9 as=4.35 pd=21.16 ps=31.74 nrd=0.0145 nrs=0.0145
| + sa=0 sb=0 sd=0 mult=1 m=1
| XM_TSHYSB TS_HYS BIASP VIN VIN sky130_fd_pr__pfet_g5v0d10v5 L=2 W=1.5 nf=1 ad=0.435 as=0.435 pd=3.58 ps=3.58 nrd=0.193333333333333
| + nrs=0.193333333333333 sa=0 sb=0 sd=0 mult=1 m=1
| XM_TSHYS TS_REF TS_CMP TS_HYS VIN sky130_fd_pr__pfet_g5v0d10v5 L=0.5 W=2 nf=1 ad=0.58 as=0.58 pd=4.58 ps=4.58 nrd=0.145 nrs=0.145
| + sa=0 sb=0 sd=0 mult=1 m=1
| XM_ENP4 TS_CMP EN VIN VIN sky130_fd_pr__pfet_g5v0d10v5 L=0.5 W=2 nf=1 ad=0.58 as=0.58 pd=4.58 ps=4.58 nrd=0.145 nrs=0.145 sa=0
| + sb=0 sd=0 mult=1 m=1
| C_TS VIN TS_CMP 1p m=1
| .ends
| 
| .control
| save all
| * --- leg 1: C_out 0.33uF, 0 mA (feedback divider is the only preload) ---
| tran 10u 4m
| meas tran vpk max v(vout) from=100u to=4m
| meas tran vfloor min v(vout) from=3.1m to=4m
| meas tran tset when v(vout)=1.764 rise=1
| * --- leg 2: C_out 0.33uF, 50 mA ---
| alter rload = 36
| tran 10u 4m
| meas tran vpk max v(vout) from=100u to=4m
| meas tran vfloor min v(vout) from=3.1m to=4m
| meas tran tset when v(vout)=1.764 rise=1
| * --- leg 3: C_out 4.7uF, 0 mA ---
| alter cout = 4.7u
| alter rload = 1e12
| tran 10u 4m
| meas tran vpk max v(vout) from=100u to=4m
| meas tran vfloor min v(vout) from=3.1m to=4m
| meas tran tset when v(vout)=1.764 rise=1
| * --- leg 4: C_out 4.7uF, 50 mA ---
| alter rload = 36
| tran 10u 4m
| meas tran vpk max v(vout) from=100u to=4m
| meas tran vfloor min v(vout) from=3.1m to=4m
| meas tran tset when v(vout)=1.764 rise=1
| let meas_vpk_c033_0ma_v = tran1.vpk
| let meas_vfloor_c033_0ma_v = tran1.vfloor
| let meas_tramp_c033_0ma_ms = 1000*(tran1.tset - 100u)
| let meas_vpk_c033_50ma_v = tran2.vpk
| let meas_vfloor_c033_50ma_v = tran2.vfloor
| let meas_tramp_c033_50ma_ms = 1000*(tran2.tset - 100u)
| let meas_vpk_c47_0ma_v = tran3.vpk
| let meas_vfloor_c47_0ma_v = tran3.vfloor
| let meas_tramp_c47_0ma_ms = 1000*(tran3.tset - 100u)
| let meas_vpk_c47_50ma_v = tran4.vpk
| let meas_vfloor_c47_50ma_v = tran4.vfloor
| let meas_tramp_c47_50ma_ms = 1000*(tran4.tset - 100u)
| print meas_vpk_c033_0ma_v
| print meas_vfloor_c033_0ma_v
| print meas_tramp_c033_0ma_ms
| print meas_vpk_c033_50ma_v
| print meas_vfloor_c033_50ma_v
| print meas_tramp_c033_50ma_ms
| print meas_vpk_c47_0ma_v
| print meas_vfloor_c47_0ma_v
| print meas_tramp_c47_0ma_ms
| print meas_vpk_c47_50ma_v
| print meas_vfloor_c47_50ma_v
| print meas_tramp_c47_50ma_ms
| quit
| .endc
| .end

# ==== ngspice stdout ====

Note: Compatibility modes selected: hs a


Circuit: * startup corner deck -- generated by sim/bin/corner-run.py, do not edit

option SCALE: Scale is set to 1e-06 for instance and model parameters
option SCALE: Scale is set to 1e-06 for instance and model parameters
option SCALE: Scale is set to 1e-06 for instance and model parameters
option SCALE: Scale is set to 1e-06 for instance and model parameters
Doing analysis at TEMP = 27.000000 and TNOM = 27.000000

Using KLU as Direct Linear Solver
 Reference value :  0.00000e+00
 Reference value :  1.48898e-04
 Reference value :  9.18898e-04
 Reference value :  9.48898e-04
 Reference value :  9.88898e-04
 Reference value :  1.01890e-03
 Reference value :  1.05890e-03
 Reference value :  1.09890e-03
 Reference value :  1.13890e-03
 Reference value :  1.17890e-03
 Reference value :  1.20890e-03
 Reference value :  1.24890e-03
 Reference value :  1.27890e-03
 Reference value :  1.31890e-03
 Reference value :  1.34890e-03
 Reference value :  1.37890e-03
 Reference value :  1.40890e-03
 Reference value :  1.44890e-03
 Reference value :  1.48890e-03
 Reference value :  1.52890e-03
 Reference value :  1.56890e-03
 Reference value :  1.60890e-03
 Reference value :  1.64890e-03
 Reference value :  1.67890e-03
 Reference value :  1.70890e-03
 Reference value :  1.73890e-03
 Reference value :  1.77890e-03
 Reference value :  1.81890e-03
 Reference value :  1.85890e-03
 Reference value :  1.89890e-03
 Reference value :  1.92890e-03
 Reference value :  1.96890e-03
 Reference value :  1.99890e-03
 Reference value :  2.03890e-03
 Reference value :  2.06890e-03
 Reference value :  2.10890e-03
 Reference value :  2.13890e-03
 Reference value :  2.16890e-03
 Reference value :  2.19890e-03
 Reference value :  2.22890e-03
 Reference value :  2.25890e-03
 Reference value :  2.29890e-03
 Reference value :  2.32890e-03
 Reference value :  2.35890e-03
 Reference value :  2.39890e-03
 Reference value :  2.42890e-03
 Reference value :  2.46890e-03
 Reference value :  2.49890e-03
 Reference value :  2.53890e-03
 Reference value :  2.56890e-03
 Reference value :  2.59890e-03
 Reference value :  2.63890e-03
 Reference value :  2.67890e-03
 Reference value :  2.70890e-03
 Reference value :  2.74890e-03
 Reference value :  2.77890e-03
 Reference value :  2.80890e-03
 Reference value :  2.83890e-03
 Reference value :  2.86890e-03
 Reference value :  2.89890e-03
 Reference value :  2.93890e-03
 Reference value :  2.97890e-03
 Reference value :  3.00890e-03
 Reference value :  3.03890e-03
 Reference value :  3.07890e-03
 Reference value :  3.10890e-03
 Reference value :  3.14890e-03
 Reference value :  3.17890e-03
 Reference value :  3.21890e-03
 Reference value :  3.24890e-03
 Reference value :  3.27890e-03
 Reference value :  3.31890e-03
 Reference value :  3.35890e-03
 Reference value :  3.38890e-03
 Reference value :  3.42890e-03
 Reference value :  3.45890e-03
 Reference value :  3.48890e-03
 Reference value :  3.51890e-03
 Reference value :  3.54890e-03
 Reference value :  3.57890e-03
 Reference value :  3.61890e-03
 Reference value :  3.64890e-03
 Reference value :  3.68890e-03
 Reference value :  3.71890e-03
 Reference value :  3.75890e-03
 Reference value :  3.78890e-03
 Reference value :  3.82890e-03
 Reference value :  3.85890e-03
 Reference value :  3.89890e-03
 Reference value :  3.93890e-03
 Reference value :  3.96890e-03
 Reference value :  3.99445e-03
No. of Data Rows : 438
vpk                 =  1.81103e+00 at=  6.78898e-04
vfloor              =  1.80548e+00 at=  4.00000e-03
tset                =  3.60610e-04
Doing analysis at TEMP = 27.000000 and TNOM = 27.000000

Using KLU as Direct Linear Solver
 Reference value :  0.00000e+00
 Reference value :  4.00000e-07
 Reference value :  6.40000e-06
 Reference value :  3.28000e-05
 Reference value :  7.28000e-05
 Reference value :  1.00100e-04
 Reference value :  1.00300e-04
 Reference value :  1.00410e-04
 Reference value :  1.00492e-04
 Reference value :  1.00553e-04
 Reference value :  1.00689e-04
 Reference value :  1.00773e-04
 Reference value :  1.00831e-04
 Reference value :  1.00869e-04
 Reference value :  1.00938e-04
 Reference value :  1.01000e-04
 Reference value :  1.01009e-04
 Reference value :  1.01034e-04
 Reference value :  1.01101e-04
 Reference value :  1.01571e-04
 Reference value :  1.02541e-04
 Reference value :  1.11221e-04
 Reference value :  1.20545e-04
 Reference value :  1.30262e-04
 Reference value :  1.45638e-04
 Reference value :  1.65638e-04
 Reference value :  1.85638e-04
 Reference value :  2.25638e-04
 Reference value :  2.65638e-04
 Reference value :  3.05638e-04
 Reference value :  3.45638e-04
 Reference value :  3.95638e-04
 Reference value :  4.45638e-04
 Reference value :  4.95638e-04
 Reference value :  5.35638e-04
 Reference value :  5.85638e-04
 Reference value :  6.25638e-04
 Reference value :  6.65638e-04
 Reference value :  7.15638e-04
 Reference value :  7.65638e-04
 Reference value :  8.15638e-04
 Reference value :  8.55638e-04
 Reference value :  9.05638e-04
 Reference value :  9.45638e-04
 Reference value :  9.85638e-04
 Reference value :  1.02564e-03
 Reference value :  1.06564e-03
 Reference value :  1.10564e-03
 Reference value :  1.14564e-03
 Reference value :  1.18564e-03
 Reference value :  1.23564e-03
 Reference value :  1.29564e-03
 Reference value :  1.34564e-03
 Reference value :  1.40564e-03
 Reference value :  1.46564e-03
 Reference value :  1.52564e-03
 Reference value :  1.58564e-03
 Reference value :  1.63564e-03
 Reference value :  1.68564e-03
 Reference value :  1.74564e-03
 Reference value :  1.78564e-03
 Reference value :  1.82564e-03
 Reference value :  1.86564e-03
 Reference value :  1.90564e-03
 Reference value :  1.96564e-03
 Reference value :  2.00564e-03
 Reference value :  2.04564e-03
 Reference value :  2.08564e-03
 Reference value :  2.13564e-03
 Reference value :  2.18564e-03
 Reference value :  2.24564e-03
 Reference value :  2.29564e-03
 Reference value :  2.34564e-03
 Reference value :  2.38564e-03
 Reference value :  2.42564e-03
 Reference value :  2.47564e-03
 Reference value :  2.59564e-03
 Reference value :  2.62564e-03
 Reference value :  2.65564e-03
 Reference value :  2.69564e-03
 Reference value :  2.73564e-03
 Reference value :  2.77564e-03
 Reference value :  2.81564e-03
 Reference value :  2.86564e-03
 Reference value :  2.91564e-03
 Reference value :  2.96564e-03
 Reference value :  3.01564e-03
 Reference value :  3.06564e-03
 Reference value :  3.11564e-03
 Reference value :  3.17564e-03
 Reference value :  3.23564e-03
 Reference value :  3.29564e-03
 Reference value :  3.34564e-03
 Reference value :  3.40564e-03
 Reference value :  3.46564e-03
 Reference value :  3.52564e-03
 Reference value :  3.57564e-03
 Reference value :  3.62564e-03
 Reference value :  3.67564e-03
 Reference value :  3.72564e-03
 Reference value :  3.77564e-03
 Reference value :  3.83564e-03
 Reference value :  3.89564e-03
 Reference value :  3.94564e-03
 Reference value :  4.00000e-03
No. of Data Rows : 438
vpk                 =  1.79820e+00 at=  9.55638e-04
vfloor              =  1.79814e+00 at=  3.99282e-03
tset                =  3.89717e-04
Doing analysis at TEMP = 27.000000 and TNOM = 27.000000

Using KLU as Direct Linear Solver
 Reference value :  0.00000e+00
 Reference value :  1.60000e-06
 Reference value :  4.28000e-05
 Reference value :  9.14000e-05
 Reference value :  1.00300e-04
 Reference value :  1.00410e-04
 Reference value :  1.00492e-04
 Reference value :  1.00617e-04
 Reference value :  1.00773e-04
 Reference value :  1.00831e-04
 Reference value :  1.00869e-04
 Reference value :  1.00938e-04
 Reference value :  1.01003e-04
 Reference value :  1.01034e-04
 Reference value :  1.01328e-04
 Reference value :  1.02541e-04
 Reference value :  1.16779e-04
 Reference value :  1.22850e-04
 Reference value :  1.34635e-04
 Reference value :  1.61685e-04
 Reference value :  2.01685e-04
 Reference value :  2.31685e-04
 Reference value :  2.71685e-04
 Reference value :  3.11685e-04
 Reference value :  3.51685e-04
 Reference value :  3.91685e-04
 Reference value :  4.21685e-04
 Reference value :  4.61685e-04
 Reference value :  5.01685e-04
 Reference value :  5.31685e-04
 Reference value :  5.61685e-04
 Reference value :  6.01685e-04
 Reference value :  6.51685e-04
 Reference value :  7.11685e-04
 Reference value :  7.71685e-04
 Reference value :  8.21685e-04
 Reference value :  8.81685e-04
 Reference value :  9.41685e-04
 Reference value :  9.91685e-04
 Reference value :  1.05169e-03
 Reference value :  1.11169e-03
 Reference value :  1.17169e-03
 Reference value :  1.21169e-03
 Reference value :  1.25169e-03
 Reference value :  1.31169e-03
 Reference value :  1.37169e-03
 Reference value :  1.42169e-03
 Reference value :  1.48169e-03
 Reference value :  1.53169e-03
 Reference value :  1.58169e-03
 Reference value :  1.64169e-03
 Reference value :  1.69169e-03
 Reference value :  1.74169e-03
 Reference value :  1.79169e-03
 Reference value :  1.83169e-03
 Reference value :  1.86169e-03
 Reference value :  1.90169e-03
 Reference value :  1.94169e-03
 Reference value :  1.98169e-03
 Reference value :  2.01169e-03
 Reference value :  2.05169e-03
 Reference value :  2.09169e-03
 Reference value :  2.13169e-03
 Reference value :  2.17169e-03
 Reference value :  2.20169e-03
 Reference value :  2.24169e-03
 Reference value :  2.28169e-03
 Reference value :  2.32169e-03
 Reference value :  2.36169e-03
 Reference value :  2.42169e-03
 Reference value :  2.48169e-03
 Reference value :  2.54169e-03
 Reference value :  2.59169e-03
 Reference value :  2.65169e-03
 Reference value :  2.70169e-03
 Reference value :  2.75169e-03
 Reference value :  2.80169e-03
 Reference value :  2.85169e-03
 Reference value :  2.90169e-03
 Reference value :  2.95169e-03
 Reference value :  3.00169e-03
 Reference value :  3.05169e-03
 Reference value :  3.10169e-03
 Reference value :  3.15169e-03
 Reference value :  3.20169e-03
 Reference value :  3.24169e-03
 Reference value :  3.28169e-03
 Reference value :  3.31169e-03
 Reference value :  3.35169e-03
 Reference value :  3.40169e-03
 Reference value :  3.46169e-03
 Reference value :  3.51169e-03
 Reference value :  3.57169e-03
 Reference value :  3.61169e-03
 Reference value :  3.64169e-03
 Reference value :  3.69169e-03
 Reference value :  3.74169e-03
 Reference value :  3.80169e-03
 Reference value :  3.86169e-03
 Reference value :  3.90169e-03
 Reference value :  3.93169e-03
 Reference value :  3.97169e-03
 Reference value :  4.00000e-03
No. of Data Rows : 437
vpk                 =  1.82233e+00 at=  6.01685e-04
vfloor              =  1.82193e+00 at=  4.00000e-03
tset                =  3.49833e-04
Doing analysis at TEMP = 27.000000 and TNOM = 27.000000

Using KLU as Direct Linear Solver
 Reference value :  0.00000e+00
 Reference value :  1.60000e-06
 Reference value :  2.28000e-05
 Reference value :  6.28000e-05
 Reference value :  1.00100e-04
 Reference value :  1.00300e-04
 Reference value :  1.00410e-04
 Reference value :  1.00492e-04
 Reference value :  1.00617e-04
 Reference value :  1.00770e-04
 Reference value :  1.00828e-04
 Reference value :  1.00865e-04
 Reference value :  1.00938e-04
 Reference value :  1.01000e-04
 Reference value :  1.01037e-04
 Reference value :  1.01449e-04
 Reference value :  1.04899e-04
 Reference value :  1.19317e-04
 Reference value :  1.29624e-04
 Reference value :  1.43757e-04
 Reference value :  1.82184e-04
 Reference value :  2.22184e-04
 Reference value :  2.52184e-04
 Reference value :  2.92184e-04
 Reference value :  3.22184e-04
 Reference value :  3.52184e-04
 Reference value :  3.82184e-04
 Reference value :  4.22184e-04
 Reference value :  4.72184e-04
 Reference value :  5.32184e-04
 Reference value :  5.82184e-04
 Reference value :  6.22184e-04
 Reference value :  6.62184e-04
 Reference value :  7.12184e-04
 Reference value :  7.52184e-04
 Reference value :  8.02184e-04
 Reference value :  8.42184e-04
 Reference value :  8.72184e-04
 Reference value :  9.02184e-04
 Reference value :  9.32184e-04
 Reference value :  9.62184e-04
 Reference value :  1.00218e-03
 Reference value :  1.05218e-03
 Reference value :  1.10218e-03
 Reference value :  1.16218e-03
 Reference value :  1.20218e-03
 Reference value :  1.24218e-03
 Reference value :  1.29218e-03
 Reference value :  1.32218e-03
 Reference value :  1.35218e-03
 Reference value :  1.39218e-03
 Reference value :  1.44218e-03
 Reference value :  1.49218e-03
 Reference value :  1.53218e-03
 Reference value :  1.57218e-03
 Reference value :  1.62218e-03
 Reference value :  1.66218e-03
 Reference value :  1.69218e-03
 Reference value :  1.72218e-03
 Reference value :  1.77218e-03
 Reference value :  1.82218e-03
 Reference value :  1.87218e-03
 Reference value :  1.91218e-03
 Reference value :  1.95218e-03
 Reference value :  2.00218e-03
 Reference value :  2.06218e-03
 Reference value :  2.11218e-03
 Reference value :  2.17218e-03
 Reference value :  2.23218e-03
 Reference value :  2.29218e-03
 Reference value :  2.34218e-03
 Reference value :  2.39218e-03
 Reference value :  2.44218e-03
 Reference value :  2.49218e-03
 Reference value :  2.55218e-03
 Reference value :  2.59218e-03
 Reference value :  2.63218e-03
 Reference value :  2.67218e-03
 Reference value :  2.72218e-03
 Reference value :  2.77218e-03
 Reference value :  2.81218e-03
 Reference value :  2.85218e-03
 Reference value :  2.90218e-03
 Reference value :  2.95218e-03
 Reference value :  3.00218e-03
 Reference value :  3.03218e-03
 Reference value :  3.09218e-03
 Reference value :  3.14218e-03
 Reference value :  3.19218e-03
 Reference value :  3.24218e-03
 Reference value :  3.28218e-03
 Reference value :  3.32218e-03
 Reference value :  3.36218e-03
 Reference value :  3.40218e-03
 Reference value :  3.45218e-03
 Reference value :  3.50218e-03
 Reference value :  3.55218e-03
 Reference value :  3.60218e-03
 Reference value :  3.65218e-03
 Reference value :  3.69218e-03
 Reference value :  3.73218e-03
 Reference value :  3.77218e-03
 Reference value :  3.80218e-03
 Reference value :  3.83218e-03
 Reference value :  3.87218e-03
 Reference value :  3.90218e-03
 Reference value :  3.94218e-03
 Reference value :  3.98218e-03
No. of Data Rows : 438
vpk                 =  1.79816e+00 at=  8.92184e-04
vfloor              =  1.79812e+00 at=  4.00000e-03
tset                =  3.64085e-04
meas_vpk_c033_0ma_v = 1.811031e+00
meas_vfloor_c033_0ma_v = 1.805481e+00
meas_tramp_c033_0ma_ms = 2.606097e-01
meas_vpk_c033_50ma_v = 1.798198e+00
meas_vfloor_c033_50ma_v = 1.798138e+00
meas_tramp_c033_50ma_ms = 2.897174e-01
meas_vpk_c47_0ma_v = 1.822331e+00
meas_vfloor_c47_0ma_v = 1.821930e+00
meas_tramp_c47_0ma_ms = 2.498327e-01
meas_vpk_c47_50ma_v = 1.798157e+00
meas_vfloor_c47_50ma_v = 1.798123e+00
meas_tramp_c47_50ma_ms = 2.640848e-01
ngspice-46 done

# ==== ngspice stderr ====
Note: Starting dynamic gmin stepping
Warning: Dynamic gmin stepping failed
Note: Starting true gmin stepping
Note: True gmin stepping completed
Note: Starting dynamic gmin stepping
Warning: Dynamic gmin stepping failed
Note: Starting true gmin stepping
Note: True gmin stepping completed
