# corner: ss_-40c_2.97v
# process=ss temp=-40C supply=2.97V
# ngspice exit: 0
# wall clock: 113.8s (--timeout was 300s)
# result: PASS

# ==== deck (exact input given to ngspice) ====
| * startup corner deck -- generated by sim/bin/corner-run.py, do not edit
| * corner: ss_-40c_2.97v
| .param vsup=2.97
| .option wnflag=1
| .temp -40
| .lib "/home/ubuntu/.volare/sky130A/libs.tech/combined/sky130.lib.spice" ss
| ** sch_path: sim/startup/testbench/tb_startup.sch
| **.subckt tb_startup
| VVIN VIN 0 'vsup'
| .save i(vvin)
| VEN EN 0 PULSE(0 'vsup' 100u 1u 1u 100 200)
| .save i(ven)
| VVREF VREF 0 1.2
| .save i(vvref)
| xldo VOUT VREF EN VIN ldo_3v3in_1v8out
| COUT VOUT VESR 0.33u m=1
| RESR VESR 0 10m m=1
| RLOAD VOUT 0 1e12 m=1
| **.ends
| 
| * expanding   symbol:  design/ldo_3v3in_1v8out.sym # of pins=4
| ** sym_path: design/ldo_3v3in_1v8out.sym
| ** sch_path: design/ldo_3v3in_1v8out.sch
| .subckt ldo_3v3in_1v8out VOUT VREF EN VIN
| *.ipin VIN
| *.ipin EN
| *.ipin VREF
| *.opin VOUT
| XR_BIAS VIN NB 0 sky130_fd_pr__res_high_po W=0.42 L=1500 mult=1 m=1
| XM_BIASN1 NB NB BIAS_ENN 0 sky130_fd_pr__nfet_g5v0d10v5 L=1 W=4 nf=1 ad=1.16 as=1.16 pd=8.58 ps=8.58 nrd=0.0725 nrs=0.0725 sa=0
| + sb=0 sd=0 mult=1 m=1
| XM_ENN BIAS_ENN EN 0 0 sky130_fd_pr__nfet_g5v0d10v5 L=0.5 W=10 nf=1 ad=2.9 as=2.9 pd=20.58 ps=20.58 nrd=0.029 nrs=0.029 sa=0 sb=0
| + sd=0 mult=1 m=1
| XM_BIASN2 BIASP NB BIAS_ENN 0 sky130_fd_pr__nfet_g5v0d10v5 L=1 W=4 nf=1 ad=1.16 as=1.16 pd=8.58 ps=8.58 nrd=0.0725 nrs=0.0725 sa=0
| + sb=0 sd=0 mult=1 m=1
| XM_BIASP1 BIASP BIASP VIN VIN sky130_fd_pr__pfet_g5v0d10v5 L=1 W=10 nf=2 ad=1.45 as=2.9 pd=10.58 ps=21.16 nrd=0.029 nrs=0.029 sa=0
| + sb=0 sd=0 mult=1 m=1
| XM_ENP2 BIASP EN VIN VIN sky130_fd_pr__pfet_g5v0d10v5 L=0.5 W=10 nf=1 ad=2.9 as=2.9 pd=20.58 ps=20.58 nrd=0.029 nrs=0.029 sa=0
| + sb=0 sd=0 mult=1 m=1
| XM_TAIL EA_TAIL BIASP VIN VIN sky130_fd_pr__pfet_g5v0d10v5 L=2 W=40 nf=8 ad=5.8 as=7.25 pd=42.32 ps=52.9 nrd=0.00725 nrs=0.00725
| + sa=0 sb=0 sd=0 mult=1 m=1
| XM_IN1 EA_D1 FB EA_TAIL VIN sky130_fd_pr__pfet_g5v0d10v5 L=2 W=10 nf=2 ad=1.45 as=2.9 pd=10.58 ps=21.16 nrd=0.029 nrs=0.029 sa=0
| + sb=0 sd=0 mult=1 m=1
| XM_IN2 EA_D2 VREF EA_TAIL VIN sky130_fd_pr__pfet_g5v0d10v5 L=2 W=10 nf=2 ad=1.45 as=2.9 pd=10.58 ps=21.16 nrd=0.029 nrs=0.029 sa=0
| + sb=0 sd=0 mult=1 m=1
| XM_MIR1 EA_D1 EA_D1 AMP_ENN 0 sky130_fd_pr__nfet_g5v0d10v5 L=4 W=10 nf=2 ad=1.45 as=2.9 pd=10.58 ps=21.16 nrd=0.029 nrs=0.029 sa=0
| + sb=0 sd=0 mult=1 m=1
| XM_MIR2 EA_OUT EA_D1 AMP_ENN 0 sky130_fd_pr__nfet_g5v0d10v5 L=4 W=10 nf=2 ad=1.45 as=2.9 pd=10.58 ps=21.16 nrd=0.029 nrs=0.029
| + sa=0 sb=0 sd=0 mult=1 m=1
| XM_ENN2 AMP_ENN EN 0 0 sky130_fd_pr__nfet_g5v0d10v5 L=0.5 W=10 nf=1 ad=2.9 as=2.9 pd=20.58 ps=20.58 nrd=0.029 nrs=0.029 sa=0 sb=0
| + sd=0 mult=1 m=1
| XM_ENP EA_OUT EN VIN VIN sky130_fd_pr__pfet_g5v0d10v5 L=0.5 W=10 nf=1 ad=2.9 as=2.9 pd=20.58 ps=20.58 nrd=0.029 nrs=0.029 sa=0
| + sb=0 sd=0 mult=1 m=1
| XM_MIR3 EA_D2 EA_D2 AMP_ENN 0 sky130_fd_pr__nfet_g5v0d10v5 L=4 W=10 nf=2 ad=1.45 as=2.9 pd=10.58 ps=21.16 nrd=0.029 nrs=0.029 sa=0
| + sb=0 sd=0 mult=1 m=1
| XM_MIR4 PB EA_D2 AMP_ENN 0 sky130_fd_pr__nfet_g5v0d10v5 L=4 W=10 nf=2 ad=1.45 as=2.9 pd=10.58 ps=21.16 nrd=0.029 nrs=0.029 sa=0
| + sb=0 sd=0 mult=1 m=1
| XM_MIRP1 PB PB VIN VIN sky130_fd_pr__pfet_g5v0d10v5 L=4 W=20 nf=4 ad=2.9 as=4.35 pd=21.16 ps=31.74 nrd=0.0145 nrs=0.0145 sa=0 sb=0
| + sd=0 mult=1 m=1
| XM_MIRP2 EA_OUT PB VIN VIN sky130_fd_pr__pfet_g5v0d10v5 L=4 W=20 nf=4 ad=2.9 as=4.35 pd=21.16 ps=31.74 nrd=0.0145 nrs=0.0145 sa=0
| + sb=0 sd=0 mult=1 m=1
| XM_ENP5 PB EN VIN VIN sky130_fd_pr__pfet_g5v0d10v5 L=0.5 W=2 nf=1 ad=0.58 as=0.58 pd=4.58 ps=4.58 nrd=0.145 nrs=0.145 sa=0 sb=0
| + sd=0 mult=1 m=1
| XM_PASS VOUT EA_OUT VIN VIN sky130_fd_pr__pfet_g5v0d10v5 L=0.5 W=100 nf=25 ad=15.08 as=15.08 pd=111.54 ps=111.54 nrd=0.0029
| + nrs=0.0029 sa=0 sb=0 sd=0 mult=25 m=25
| C_COMP VOUT EA_CZ 150p m=1
| XR_CZ EA_CZ EA_OUT 0 sky130_fd_pr__res_xhigh_po W=0.42 L=52 mult=1 m=1
| XR_FB_A VOUT FB 0 sky130_fd_pr__res_xhigh_po W=0.42 L=180 mult=1 m=1
| XR_FB_B FB N_FBB 0 sky130_fd_pr__res_xhigh_po W=0.42 L=180 mult=1 m=1
| XR_FB_C N_FBB 0 0 sky130_fd_pr__res_xhigh_po W=0.42 L=180 mult=1 m=1
| XM_SENSE CL_SNS EA_OUT VIN VIN sky130_fd_pr__pfet_g5v0d10v5 L=0.5 W=0.42 nf=1 ad=0.1218 as=0.1218 pd=1.42 ps=1.42
| + nrd=0.69047619047619 nrs=0.69047619047619 sa=0 sb=0 sd=0 mult=1 m=1
| XM_CLN1 CL_SNS CL_SNS AMP_ENN 0 sky130_fd_pr__nfet_g5v0d10v5 L=1 W=20 nf=1 ad=5.8 as=5.8 pd=40.58 ps=40.58 nrd=0.0145 nrs=0.0145
| + sa=0 sb=0 sd=0 mult=1 m=1
| XM_CLN2 CL_CMP CL_SNS AMP_ENN 0 sky130_fd_pr__nfet_g5v0d10v5 L=1 W=1.6 nf=1 ad=0.464 as=0.464 pd=3.78 ps=3.78 nrd=0.18125
| + nrs=0.18125 sa=0 sb=0 sd=0 mult=1 m=1
| XM_CLP CL_CMP BIASP VIN VIN sky130_fd_pr__pfet_g5v0d10v5 L=1 W=10 nf=2 ad=1.45 as=2.9 pd=10.58 ps=21.16 nrd=0.029 nrs=0.029 sa=0
| + sb=0 sd=0 mult=1 m=1
| XM_CLIM EA_OUT CL_CMP VIN VIN sky130_fd_pr__pfet_g5v0d10v5 L=0.5 W=20 nf=4 ad=2.9 as=4.35 pd=21.16 ps=31.74 nrd=0.0145 nrs=0.0145
| + sa=0 sb=0 sd=0 mult=1 m=1
| XM_ENP3 CL_CMP EN VIN VIN sky130_fd_pr__pfet_g5v0d10v5 L=0.5 W=2 nf=1 ad=0.58 as=0.58 pd=4.58 ps=4.58 nrd=0.145 nrs=0.145 sa=0
| + sb=0 sd=0 mult=1 m=1
| C_CL VIN CL_CMP 1p m=1
| XM_INVP ENB EN VIN VIN sky130_fd_pr__pfet_g5v0d10v5 L=0.5 W=2 nf=1 ad=0.58 as=0.58 pd=4.58 ps=4.58 nrd=0.145 nrs=0.145 sa=0 sb=0
| + sd=0 mult=1 m=1
| XM_INVN ENB EN 0 0 sky130_fd_pr__nfet_g5v0d10v5 L=0.5 W=1 nf=1 ad=0.29 as=0.29 pd=2.58 ps=2.58 nrd=0.29 nrs=0.29 sa=0 sb=0 sd=0
| + mult=1 m=1
| XM_SSDIS SS ENB 0 0 sky130_fd_pr__nfet_g5v0d10v5 L=0.5 W=2 nf=1 ad=0.58 as=0.58 pd=4.58 ps=4.58 nrd=0.145 nrs=0.145 sa=0 sb=0 sd=0
| + mult=1 m=1
| XM_SSCHG SS BIASP VIN VIN sky130_fd_pr__pfet_g5v0d10v5 L=8 W=1 nf=1 ad=0.29 as=0.29 pd=2.58 ps=2.58 nrd=0.29 nrs=0.29 sa=0 sb=0
| + sd=0 mult=1 m=1
| C_SS SS 0 10p m=1
| XM_IN2S EA_D2 SS EA_TAIL VIN sky130_fd_pr__pfet_g5v0d10v5 L=2 W=10 nf=2 ad=1.45 as=2.9 pd=10.58 ps=21.16 nrd=0.029 nrs=0.029 sa=0
| + sb=0 sd=0 mult=1 m=1
| XM_TSPS TS_SNS BIASP VIN VIN sky130_fd_pr__pfet_g5v0d10v5 L=1 W=2.5 nf=1 ad=0.725 as=0.725 pd=5.58 ps=5.58 nrd=0.116 nrs=0.116
| + sa=0 sb=0 sd=0 mult=1 m=1
| XM_TSD1 TS_SNS TS_SNS TS_MID 0 sky130_fd_pr__nfet_g5v0d10v5 L=1 W=80 nf=16 ad=11.6 as=13.05 pd=84.64 ps=95.22 nrd=0.003625
| + nrs=0.003625 sa=0 sb=0 sd=0 mult=1 m=1
| XM_TSD2 TS_MID TS_MID AMP_ENN 0 sky130_fd_pr__nfet_g5v0d10v5 L=1 W=80 nf=16 ad=11.6 as=13.05 pd=84.64 ps=95.22 nrd=0.003625
| + nrs=0.003625 sa=0 sb=0 sd=0 mult=1 m=1
| XM_TSPR TS_REF BIASP VIN VIN sky130_fd_pr__pfet_g5v0d10v5 L=1 W=2.5 nf=1 ad=0.725 as=0.725 pd=5.58 ps=5.58 nrd=0.116 nrs=0.116
| + sa=0 sb=0 sd=0 mult=1 m=1
| XM_TSR1 TS_REF TS_REF AMP_ENN 0 sky130_fd_pr__nfet_g5v0d10v5 L=10 W=2 nf=1 ad=0.58 as=0.58 pd=4.58 ps=4.58 nrd=0.145 nrs=0.145
| + sa=0 sb=0 sd=0 mult=1 m=1
| XM_TCTAIL TC_TAIL NB AMP_ENN 0 sky130_fd_pr__nfet_g5v0d10v5 L=1 W=1 nf=1 ad=0.29 as=0.29 pd=2.58 ps=2.58 nrd=0.29 nrs=0.29 sa=0
| + sb=0 sd=0 mult=1 m=1
| XM_TCN1 TC_D1 TS_SNS TC_TAIL 0 sky130_fd_pr__nfet_g5v0d10v5 L=2 W=10 nf=2 ad=1.45 as=2.9 pd=10.58 ps=21.16 nrd=0.029 nrs=0.029
| + sa=0 sb=0 sd=0 mult=1 m=1
| XM_TCN2 TS_CMP TS_REF TC_TAIL 0 sky130_fd_pr__nfet_g5v0d10v5 L=2 W=10 nf=2 ad=1.45 as=2.9 pd=10.58 ps=21.16 nrd=0.029 nrs=0.029
| + sa=0 sb=0 sd=0 mult=1 m=1
| XM_TCP1 TC_D1 TC_D1 VIN VIN sky130_fd_pr__pfet_g5v0d10v5 L=2 W=10 nf=2 ad=1.45 as=2.9 pd=10.58 ps=21.16 nrd=0.029 nrs=0.029 sa=0
| + sb=0 sd=0 mult=1 m=1
| XM_TCP2 TS_CMP TC_D1 VIN VIN sky130_fd_pr__pfet_g5v0d10v5 L=2 W=10 nf=2 ad=1.45 as=2.9 pd=10.58 ps=21.16 nrd=0.029 nrs=0.029 sa=0
| + sb=0 sd=0 mult=1 m=1
| XM_TSHUT EA_OUT TS_CMP VIN VIN sky130_fd_pr__pfet_g5v0d10v5 L=0.5 W=20 nf=4 ad=2.9 as=4.35 pd=21.16 ps=31.74 nrd=0.0145 nrs=0.0145
| + sa=0 sb=0 sd=0 mult=1 m=1
| XM_TSHYSB TS_HYS BIASP VIN VIN sky130_fd_pr__pfet_g5v0d10v5 L=2 W=1.5 nf=1 ad=0.435 as=0.435 pd=3.58 ps=3.58 nrd=0.193333333333333
| + nrs=0.193333333333333 sa=0 sb=0 sd=0 mult=1 m=1
| XM_TSHYS TS_REF TS_CMP TS_HYS VIN sky130_fd_pr__pfet_g5v0d10v5 L=0.5 W=2 nf=1 ad=0.58 as=0.58 pd=4.58 ps=4.58 nrd=0.145 nrs=0.145
| + sa=0 sb=0 sd=0 mult=1 m=1
| XM_ENP4 TS_CMP EN VIN VIN sky130_fd_pr__pfet_g5v0d10v5 L=0.5 W=2 nf=1 ad=0.58 as=0.58 pd=4.58 ps=4.58 nrd=0.145 nrs=0.145 sa=0
| + sb=0 sd=0 mult=1 m=1
| C_TS VIN TS_CMP 1p m=1
| .ends
| 
| .control
| save all
| * --- leg 1: C_out 0.33uF, 0 mA (feedback divider is the only preload) ---
| tran 10u 4m
| meas tran vpk max v(vout) from=100u to=4m
| meas tran vfloor min v(vout) from=3.1m to=4m
| meas tran tset when v(vout)=1.764 rise=1
| * --- leg 2: C_out 0.33uF, 50 mA ---
| alter rload = 36
| tran 10u 4m
| meas tran vpk max v(vout) from=100u to=4m
| meas tran vfloor min v(vout) from=3.1m to=4m
| meas tran tset when v(vout)=1.764 rise=1
| * --- leg 3: C_out 4.7uF, 0 mA ---
| alter cout = 4.7u
| alter rload = 1e12
| tran 10u 4m
| meas tran vpk max v(vout) from=100u to=4m
| meas tran vfloor min v(vout) from=3.1m to=4m
| meas tran tset when v(vout)=1.764 rise=1
| * --- leg 4: C_out 4.7uF, 50 mA ---
| alter rload = 36
| tran 10u 4m
| meas tran vpk max v(vout) from=100u to=4m
| meas tran vfloor min v(vout) from=3.1m to=4m
| meas tran tset when v(vout)=1.764 rise=1
| let meas_vpk_c033_0ma_v = tran1.vpk
| let meas_vfloor_c033_0ma_v = tran1.vfloor
| let meas_tramp_c033_0ma_ms = 1000*(tran1.tset - 100u)
| let meas_vpk_c033_50ma_v = tran2.vpk
| let meas_vfloor_c033_50ma_v = tran2.vfloor
| let meas_tramp_c033_50ma_ms = 1000*(tran2.tset - 100u)
| let meas_vpk_c47_0ma_v = tran3.vpk
| let meas_vfloor_c47_0ma_v = tran3.vfloor
| let meas_tramp_c47_0ma_ms = 1000*(tran3.tset - 100u)
| let meas_vpk_c47_50ma_v = tran4.vpk
| let meas_vfloor_c47_50ma_v = tran4.vfloor
| let meas_tramp_c47_50ma_ms = 1000*(tran4.tset - 100u)
| print meas_vpk_c033_0ma_v
| print meas_vfloor_c033_0ma_v
| print meas_tramp_c033_0ma_ms
| print meas_vpk_c033_50ma_v
| print meas_vfloor_c033_50ma_v
| print meas_tramp_c033_50ma_ms
| print meas_vpk_c47_0ma_v
| print meas_vfloor_c47_0ma_v
| print meas_tramp_c47_0ma_ms
| print meas_vpk_c47_50ma_v
| print meas_vfloor_c47_50ma_v
| print meas_tramp_c47_50ma_ms
| quit
| .endc
| .end

# ==== ngspice stdout ====

Note: Compatibility modes selected: hs a


Circuit: * startup corner deck -- generated by sim/bin/corner-run.py, do not edit

option SCALE: Scale is set to 1e-06 for instance and model parameters
option SCALE: Scale is set to 1e-06 for instance and model parameters
option SCALE: Scale is set to 1e-06 for instance and model parameters
option SCALE: Scale is set to 1e-06 for instance and model parameters
Doing analysis at TEMP = -40.000000 and TNOM = 27.000000

Using KLU as Direct Linear Solver
 Reference value :  0.00000e+00
 Reference value :  4.00000e-07
 Reference value :  3.20000e-06
 Reference value :  3.28000e-05
 Reference value :  7.28000e-05
 Reference value :  1.00100e-04
 Reference value :  1.00300e-04
 Reference value :  1.00412e-04
 Reference value :  1.00491e-04
 Reference value :  1.00543e-04
 Reference value :  1.00662e-04
 Reference value :  1.00772e-04
 Reference value :  1.00820e-04
 Reference value :  1.00855e-04
 Reference value :  1.00929e-04
 Reference value :  1.01000e-04
 Reference value :  1.01031e-04
 Reference value :  1.01278e-04
 Reference value :  1.02589e-04
 Reference value :  1.10358e-04
 Reference value :  1.29706e-04
 Reference value :  1.36477e-04
 Reference value :  1.53894e-04
 Reference value :  1.83894e-04
 Reference value :  2.13894e-04
 Reference value :  2.43894e-04
 Reference value :  2.83894e-04
 Reference value :  3.13894e-04
 Reference value :  3.43894e-04
 Reference value :  3.73894e-04
 Reference value :  4.13894e-04
 Reference value :  4.53894e-04
 Reference value :  4.93894e-04
 Reference value :  5.23894e-04
 Reference value :  5.53894e-04
 Reference value :  5.73894e-04
 Reference value :  6.03894e-04
 Reference value :  6.23894e-04
 Reference value :  6.53894e-04
 Reference value :  6.83894e-04
 Reference value :  7.23894e-04
 Reference value :  7.63894e-04
 Reference value :  8.03894e-04
 Reference value :  8.43894e-04
 Reference value :  8.83894e-04
 Reference value :  9.13894e-04
 Reference value :  9.53894e-04
 Reference value :  9.93894e-04
 Reference value :  1.03389e-03
 Reference value :  1.06389e-03
 Reference value :  1.09389e-03
 Reference value :  1.13389e-03
 Reference value :  1.17389e-03
 Reference value :  1.20389e-03
 Reference value :  1.24389e-03
 Reference value :  1.28389e-03
 Reference value :  1.31389e-03
 Reference value :  1.34389e-03
 Reference value :  1.37389e-03
 Reference value :  1.40389e-03
 Reference value :  1.43389e-03
 Reference value :  1.46389e-03
 Reference value :  1.50389e-03
 Reference value :  1.54389e-03
 Reference value :  1.58389e-03
 Reference value :  1.62389e-03
 Reference value :  1.65389e-03
 Reference value :  1.69389e-03
 Reference value :  1.73389e-03
 Reference value :  1.77389e-03
 Reference value :  1.81389e-03
 Reference value :  1.84389e-03
 Reference value :  1.88389e-03
 Reference value :  1.92389e-03
 Reference value :  1.95389e-03
 Reference value :  1.99389e-03
 Reference value :  2.03389e-03
 Reference value :  2.07389e-03
 Reference value :  2.11389e-03
 Reference value :  2.15389e-03
 Reference value :  2.18389e-03
 Reference value :  2.21389e-03
 Reference value :  2.25389e-03
 Reference value :  2.28389e-03
 Reference value :  2.32389e-03
 Reference value :  2.35389e-03
 Reference value :  2.38389e-03
 Reference value :  2.41389e-03
 Reference value :  2.44389e-03
 Reference value :  2.48389e-03
 Reference value :  2.52389e-03
 Reference value :  2.56389e-03
 Reference value :  2.60389e-03
 Reference value :  2.64389e-03
 Reference value :  2.69389e-03
 Reference value :  2.73389e-03
 Reference value :  2.77389e-03
 Reference value :  2.81389e-03
 Reference value :  2.85389e-03
 Reference value :  2.90389e-03
 Reference value :  2.94389e-03
 Reference value :  2.98389e-03
 Reference value :  3.02389e-03
 Reference value :  3.06389e-03
 Reference value :  3.10389e-03
 Reference value :  3.13389e-03
 Reference value :  3.17389e-03
 Reference value :  3.21389e-03
 Reference value :  3.25389e-03
 Reference value :  3.29389e-03
 Reference value :  3.32389e-03
 Reference value :  3.36389e-03
 Reference value :  3.40389e-03
 Reference value :  3.43389e-03
 Reference value :  3.46389e-03
 Reference value :  3.49389e-03
 Reference value :  3.53389e-03
 Reference value :  3.57389e-03
 Reference value :  3.60389e-03
 Reference value :  3.63389e-03
 Reference value :  3.66389e-03
 Reference value :  3.69389e-03
 Reference value :  3.72389e-03
 Reference value :  3.76389e-03
 Reference value :  3.79389e-03
 Reference value :  3.83389e-03
 Reference value :  3.87389e-03
 Reference value :  3.90389e-03
 Reference value :  3.94389e-03
 Reference value :  3.98389e-03
No. of Data Rows : 437
vpk                 =  1.80888e+00 at=  7.03894e-04
vfloor              =  1.80345e+00 at=  4.00000e-03
tset                =  3.73519e-04
Doing analysis at TEMP = -40.000000 and TNOM = 27.000000

Using KLU as Direct Linear Solver
 Reference value :  0.00000e+00
 Reference value :  4.00000e-07
 Reference value :  3.20000e-06
 Reference value :  3.28000e-05
 Reference value :  7.28000e-05
 Reference value :  1.00100e-04
 Reference value :  1.00300e-04
 Reference value :  1.00412e-04
 Reference value :  1.00491e-04
 Reference value :  1.00543e-04
 Reference value :  1.00662e-04
 Reference value :  1.00722e-04
 Reference value :  1.00772e-04
 Reference value :  1.00820e-04
 Reference value :  1.00854e-04
 Reference value :  1.00929e-04
 Reference value :  1.01000e-04
 Reference value :  1.01013e-04
 Reference value :  1.01066e-04
 Reference value :  1.01472e-04
 Reference value :  1.03693e-04
 Reference value :  1.22564e-04
 Reference value :  1.29095e-04
 Reference value :  1.35641e-04
 Reference value :  1.52596e-04
 Reference value :  1.92596e-04
 Reference value :  2.32596e-04
 Reference value :  2.72596e-04
 Reference value :  3.12596e-04
 Reference value :  3.42596e-04
 Reference value :  3.72596e-04
 Reference value :  4.12596e-04
 Reference value :  4.52596e-04
 Reference value :  4.92596e-04
 Reference value :  5.32596e-04
 Reference value :  5.72596e-04
 Reference value :  6.12596e-04
 Reference value :  6.52596e-04
 Reference value :  6.82596e-04
 Reference value :  7.12596e-04
 Reference value :  7.42596e-04
 Reference value :  7.72596e-04
 Reference value :  8.12596e-04
 Reference value :  8.52596e-04
 Reference value :  8.92596e-04
 Reference value :  9.32596e-04
 Reference value :  9.72596e-04
 Reference value :  1.01260e-03
 Reference value :  1.04260e-03
 Reference value :  1.08260e-03
 Reference value :  1.12260e-03
 Reference value :  1.15260e-03
 Reference value :  1.18260e-03
 Reference value :  1.22260e-03
 Reference value :  1.26260e-03
 Reference value :  1.29260e-03
 Reference value :  1.32260e-03
 Reference value :  1.35260e-03
 Reference value :  1.39260e-03
 Reference value :  1.43260e-03
 Reference value :  1.47260e-03
 Reference value :  1.50260e-03
 Reference value :  1.53260e-03
 Reference value :  1.57260e-03
 Reference value :  1.61260e-03
 Reference value :  1.65260e-03
 Reference value :  1.69260e-03
 Reference value :  1.72260e-03
 Reference value :  1.76260e-03
 Reference value :  1.80260e-03
 Reference value :  1.84260e-03
 Reference value :  1.88260e-03
 Reference value :  1.91260e-03
 Reference value :  1.94260e-03
 Reference value :  1.97260e-03
 Reference value :  2.01260e-03
 Reference value :  2.05260e-03
 Reference value :  2.09260e-03
 Reference value :  2.13260e-03
 Reference value :  2.17260e-03
 Reference value :  2.20260e-03
 Reference value :  2.24260e-03
 Reference value :  2.27260e-03
 Reference value :  2.31260e-03
 Reference value :  2.34260e-03
 Reference value :  2.37260e-03
 Reference value :  2.40260e-03
 Reference value :  2.43260e-03
 Reference value :  2.46260e-03
 Reference value :  2.49260e-03
 Reference value :  2.52260e-03
 Reference value :  2.56260e-03
 Reference value :  2.60260e-03
 Reference value :  2.64260e-03
 Reference value :  2.67260e-03
 Reference value :  2.71260e-03
 Reference value :  2.75260e-03
 Reference value :  2.79260e-03
 Reference value :  2.83260e-03
 Reference value :  2.87260e-03
 Reference value :  2.91260e-03
 Reference value :  2.95260e-03
 Reference value :  2.99260e-03
 Reference value :  3.02260e-03
 Reference value :  3.06260e-03
 Reference value :  3.09260e-03
 Reference value :  3.12260e-03
 Reference value :  3.15260e-03
 Reference value :  3.19260e-03
 Reference value :  3.23260e-03
 Reference value :  3.27260e-03
 Reference value :  3.30260e-03
 Reference value :  3.34260e-03
 Reference value :  3.37260e-03
 Reference value :  3.40260e-03
 Reference value :  3.43260e-03
 Reference value :  3.46260e-03
 Reference value :  3.49260e-03
 Reference value :  3.52260e-03
 Reference value :  3.55260e-03
 Reference value :  3.58260e-03
 Reference value :  3.62260e-03
 Reference value :  3.66260e-03
 Reference value :  3.69260e-03
 Reference value :  3.72260e-03
 Reference value :  3.75260e-03
 Reference value :  3.78260e-03
 Reference value :  3.82260e-03
 Reference value :  3.86260e-03
 Reference value :  3.89260e-03
 Reference value :  3.93260e-03
 Reference value :  3.96260e-03
 Reference value :  4.00000e-03
No. of Data Rows : 437
vpk                 =  1.79807e+00 at=  1.15260e-03
vfloor              =  1.79807e+00 at=  3.99130e-03
tset                =  4.06538e-04
Doing analysis at TEMP = -40.000000 and TNOM = 27.000000

Using KLU as Direct Linear Solver
 Reference value :  0.00000e+00
 Reference value :  4.00000e-07
 Reference value :  6.40000e-06
 Reference value :  4.28000e-05
 Reference value :  8.28000e-05
 Reference value :  1.00300e-04
 Reference value :  1.00412e-04
 Reference value :  1.00491e-04
 Reference value :  1.00543e-04
 Reference value :  1.00662e-04
 Reference value :  1.00722e-04
 Reference value :  1.00772e-04
 Reference value :  1.00855e-04
 Reference value :  1.00929e-04
 Reference value :  1.01000e-04
 Reference value :  1.01013e-04
 Reference value :  1.01137e-04
 Reference value :  1.01709e-04
 Reference value :  1.03699e-04
 Reference value :  1.15531e-04
 Reference value :  1.29709e-04
 Reference value :  1.43718e-04
 Reference value :  1.62361e-04
 Reference value :  1.82361e-04
 Reference value :  2.12361e-04
 Reference value :  2.52361e-04
 Reference value :  2.82361e-04
 Reference value :  3.12361e-04
 Reference value :  3.42361e-04
 Reference value :  3.72361e-04
 Reference value :  4.02361e-04
 Reference value :  4.42361e-04
 Reference value :  4.82361e-04
 Reference value :  5.12361e-04
 Reference value :  5.42361e-04
 Reference value :  5.62361e-04
 Reference value :  5.82361e-04
 Reference value :  6.02361e-04
 Reference value :  6.32361e-04
 Reference value :  6.62361e-04
 Reference value :  7.02361e-04
 Reference value :  7.42361e-04
 Reference value :  7.82361e-04
 Reference value :  8.22361e-04
 Reference value :  8.62361e-04
 Reference value :  9.02361e-04
 Reference value :  9.32361e-04
 Reference value :  9.62361e-04
 Reference value :  1.00236e-03
 Reference value :  1.03236e-03
 Reference value :  1.06236e-03
 Reference value :  1.09236e-03
 Reference value :  1.13236e-03
 Reference value :  1.17236e-03
 Reference value :  1.21236e-03
 Reference value :  1.25236e-03
 Reference value :  1.29236e-03
 Reference value :  1.33236e-03
 Reference value :  1.37236e-03
 Reference value :  1.41236e-03
 Reference value :  1.45236e-03
 Reference value :  1.49236e-03
 Reference value :  1.53236e-03
 Reference value :  1.57236e-03
 Reference value :  1.61236e-03
 Reference value :  1.65236e-03
 Reference value :  1.69236e-03
 Reference value :  1.72236e-03
 Reference value :  1.76236e-03
 Reference value :  1.79236e-03
 Reference value :  1.82236e-03
 Reference value :  1.85236e-03
 Reference value :  1.89236e-03
 Reference value :  1.93236e-03
 Reference value :  1.97236e-03
 Reference value :  2.01236e-03
 Reference value :  2.05236e-03
 Reference value :  2.09236e-03
 Reference value :  2.13236e-03
 Reference value :  2.17236e-03
 Reference value :  2.20236e-03
 Reference value :  2.23236e-03
 Reference value :  2.26236e-03
 Reference value :  2.30236e-03
 Reference value :  2.34236e-03
 Reference value :  2.38236e-03
 Reference value :  2.41236e-03
 Reference value :  2.45236e-03
 Reference value :  2.49236e-03
 Reference value :  2.52236e-03
 Reference value :  2.56236e-03
 Reference value :  2.60236e-03
 Reference value :  2.64236e-03
 Reference value :  2.67236e-03
 Reference value :  2.71236e-03
 Reference value :  2.75236e-03
 Reference value :  2.79236e-03
 Reference value :  2.82236e-03
 Reference value :  2.86236e-03
 Reference value :  2.89236e-03
 Reference value :  2.92236e-03
 Reference value :  2.95236e-03
 Reference value :  2.98236e-03
 Reference value :  3.01236e-03
 Reference value :  3.05236e-03
 Reference value :  3.08236e-03
 Reference value :  3.11236e-03
 Reference value :  3.15236e-03
 Reference value :  3.18236e-03
 Reference value :  3.21236e-03
 Reference value :  3.24236e-03
 Reference value :  3.27236e-03
 Reference value :  3.30236e-03
 Reference value :  3.33236e-03
 Reference value :  3.36236e-03
 Reference value :  3.40236e-03
 Reference value :  3.44236e-03
 Reference value :  3.48236e-03
 Reference value :  3.52236e-03
 Reference value :  3.55236e-03
 Reference value :  3.59236e-03
 Reference value :  3.63236e-03
 Reference value :  3.67236e-03
 Reference value :  3.71236e-03
 Reference value :  3.75236e-03
 Reference value :  3.79236e-03
 Reference value :  3.83236e-03
 Reference value :  3.87236e-03
 Reference value :  3.91236e-03
 Reference value :  3.95236e-03
 Reference value :  3.98236e-03
No. of Data Rows : 437
vpk                 =  1.81959e+00 at=  6.02361e-04
vfloor              =  1.81920e+00 at=  4.00000e-03
tset                =  3.60909e-04
Doing analysis at TEMP = -40.000000 and TNOM = 27.000000

Using KLU as Direct Linear Solver
 Reference value :  0.00000e+00
 Reference value :  3.20000e-06
 Reference value :  5.28000e-05
 Reference value :  1.00100e-04
 Reference value :  1.00412e-04
 Reference value :  1.00491e-04
 Reference value :  1.00543e-04
 Reference value :  1.00722e-04
 Reference value :  1.00772e-04
 Reference value :  1.00854e-04
 Reference value :  1.00929e-04
 Reference value :  1.01004e-04
 Reference value :  1.01066e-04
 Reference value :  1.01472e-04
 Reference value :  1.03693e-04
 Reference value :  1.22565e-04
 Reference value :  1.29857e-04
 Reference value :  1.36708e-04
 Reference value :  1.52907e-04
 Reference value :  1.72907e-04
 Reference value :  2.02907e-04
 Reference value :  2.32907e-04
 Reference value :  2.72907e-04
 Reference value :  3.12907e-04
 Reference value :  3.42907e-04
 Reference value :  3.72907e-04
 Reference value :  4.12907e-04
 Reference value :  4.52907e-04
 Reference value :  4.92907e-04
 Reference value :  5.32907e-04
 Reference value :  5.72907e-04
 Reference value :  6.12907e-04
 Reference value :  6.42907e-04
 Reference value :  6.72907e-04
 Reference value :  7.02907e-04
 Reference value :  7.32907e-04
 Reference value :  7.62907e-04
 Reference value :  7.92907e-04
 Reference value :  8.22907e-04
 Reference value :  8.52907e-04
 Reference value :  8.82907e-04
 Reference value :  9.12907e-04
 Reference value :  9.42907e-04
 Reference value :  9.82907e-04
 Reference value :  1.02291e-03
 Reference value :  1.06291e-03
 Reference value :  1.10291e-03
 Reference value :  1.14291e-03
 Reference value :  1.18291e-03
 Reference value :  1.22291e-03
 Reference value :  1.26291e-03
 Reference value :  1.30291e-03
 Reference value :  1.34291e-03
 Reference value :  1.39291e-03
 Reference value :  1.43291e-03
 Reference value :  1.47291e-03
 Reference value :  1.51291e-03
 Reference value :  1.55291e-03
 Reference value :  1.59291e-03
 Reference value :  1.63291e-03
 Reference value :  1.67291e-03
 Reference value :  1.70291e-03
 Reference value :  1.73291e-03
 Reference value :  1.76291e-03
 Reference value :  1.79291e-03
 Reference value :  1.83291e-03
 Reference value :  1.87291e-03
 Reference value :  1.91291e-03
 Reference value :  1.95291e-03
 Reference value :  1.99291e-03
 Reference value :  2.02291e-03
 Reference value :  2.06291e-03
 Reference value :  2.10291e-03
 Reference value :  2.14291e-03
 Reference value :  2.18291e-03
 Reference value :  2.22291e-03
 Reference value :  2.26291e-03
 Reference value :  2.30291e-03
 Reference value :  2.34291e-03
 Reference value :  2.38291e-03
 Reference value :  2.42291e-03
 Reference value :  2.47291e-03
 Reference value :  2.51291e-03
 Reference value :  2.55291e-03
 Reference value :  2.59291e-03
 Reference value :  2.63291e-03
 Reference value :  2.67291e-03
 Reference value :  2.71291e-03
 Reference value :  2.76291e-03
 Reference value :  2.80291e-03
 Reference value :  2.84291e-03
 Reference value :  2.88291e-03
 Reference value :  2.92291e-03
 Reference value :  2.96291e-03
 Reference value :  3.00291e-03
 Reference value :  3.04291e-03
 Reference value :  3.08291e-03
 Reference value :  3.12291e-03
 Reference value :  3.16291e-03
 Reference value :  3.20291e-03
 Reference value :  3.24291e-03
 Reference value :  3.28291e-03
 Reference value :  3.32291e-03
 Reference value :  3.35291e-03
 Reference value :  3.39291e-03
 Reference value :  3.43291e-03
 Reference value :  3.47291e-03
 Reference value :  3.51291e-03
 Reference value :  3.55291e-03
 Reference value :  3.59291e-03
 Reference value :  3.63291e-03
 Reference value :  3.66291e-03
 Reference value :  3.70291e-03
 Reference value :  3.74291e-03
 Reference value :  3.78291e-03
 Reference value :  3.82291e-03
 Reference value :  3.86291e-03
 Reference value :  3.90291e-03
 Reference value :  3.94291e-03
 Reference value :  3.98291e-03
No. of Data Rows : 437
vpk                 =  1.79807e+00 at=  1.06291e-03
vfloor              =  1.79807e+00 at=  4.00000e-03
tset                =  3.78417e-04
meas_vpk_c033_0ma_v = 1.808881e+00
meas_vfloor_c033_0ma_v = 1.803450e+00
meas_tramp_c033_0ma_ms = 2.735192e-01
meas_vpk_c033_50ma_v = 1.798075e+00
meas_vfloor_c033_50ma_v = 1.798073e+00
meas_tramp_c033_50ma_ms = 3.065381e-01
meas_vpk_c47_0ma_v = 1.819590e+00
meas_vfloor_c47_0ma_v = 1.819196e+00
meas_tramp_c47_0ma_ms = 2.609094e-01
meas_vpk_c47_50ma_v = 1.798075e+00
meas_vfloor_c47_50ma_v = 1.798073e+00
meas_tramp_c47_50ma_ms = 2.784175e-01
ngspice-46 done

# ==== ngspice stderr ====
Note: Starting dynamic gmin stepping
Note: Dynamic gmin stepping completed
Note: Starting dynamic gmin stepping
Note: Dynamic gmin stepping completed
