# corner: ss_-40c_3.30v
# process=ss temp=-40C supply=3.30V
# ngspice exit: 0
# wall clock: 114.3s (--timeout was 300s)
# result: PASS

# ==== deck (exact input given to ngspice) ====
| * startup corner deck -- generated by sim/bin/corner-run.py, do not edit
| * corner: ss_-40c_3.30v
| .param vsup=3.3
| .option wnflag=1
| .temp -40
| .lib "/home/ubuntu/.volare/sky130A/libs.tech/combined/sky130.lib.spice" ss
| ** sch_path: sim/startup/testbench/tb_startup.sch
| **.subckt tb_startup
| VVIN VIN 0 'vsup'
| .save i(vvin)
| VEN EN 0 PULSE(0 'vsup' 100u 1u 1u 100 200)
| .save i(ven)
| VVREF VREF 0 1.2
| .save i(vvref)
| xldo VOUT VREF EN VIN ldo_3v3in_1v8out
| COUT VOUT VESR 0.33u m=1
| RESR VESR 0 10m m=1
| RLOAD VOUT 0 1e12 m=1
| **.ends
| 
| * expanding   symbol:  design/ldo_3v3in_1v8out.sym # of pins=4
| ** sym_path: design/ldo_3v3in_1v8out.sym
| ** sch_path: design/ldo_3v3in_1v8out.sch
| .subckt ldo_3v3in_1v8out VOUT VREF EN VIN
| *.ipin VIN
| *.ipin EN
| *.ipin VREF
| *.opin VOUT
| XR_BIAS VIN NB 0 sky130_fd_pr__res_high_po W=0.42 L=1500 mult=1 m=1
| XM_BIASN1 NB NB BIAS_ENN 0 sky130_fd_pr__nfet_g5v0d10v5 L=1 W=4 nf=1 ad=1.16 as=1.16 pd=8.58 ps=8.58 nrd=0.0725 nrs=0.0725 sa=0
| + sb=0 sd=0 mult=1 m=1
| XM_ENN BIAS_ENN EN 0 0 sky130_fd_pr__nfet_g5v0d10v5 L=0.5 W=10 nf=1 ad=2.9 as=2.9 pd=20.58 ps=20.58 nrd=0.029 nrs=0.029 sa=0 sb=0
| + sd=0 mult=1 m=1
| XM_BIASN2 BIASP NB BIAS_ENN 0 sky130_fd_pr__nfet_g5v0d10v5 L=1 W=4 nf=1 ad=1.16 as=1.16 pd=8.58 ps=8.58 nrd=0.0725 nrs=0.0725 sa=0
| + sb=0 sd=0 mult=1 m=1
| XM_BIASP1 BIASP BIASP VIN VIN sky130_fd_pr__pfet_g5v0d10v5 L=1 W=10 nf=2 ad=1.45 as=2.9 pd=10.58 ps=21.16 nrd=0.029 nrs=0.029 sa=0
| + sb=0 sd=0 mult=1 m=1
| XM_ENP2 BIASP EN VIN VIN sky130_fd_pr__pfet_g5v0d10v5 L=0.5 W=10 nf=1 ad=2.9 as=2.9 pd=20.58 ps=20.58 nrd=0.029 nrs=0.029 sa=0
| + sb=0 sd=0 mult=1 m=1
| XM_TAIL EA_TAIL BIASP VIN VIN sky130_fd_pr__pfet_g5v0d10v5 L=2 W=40 nf=8 ad=5.8 as=7.25 pd=42.32 ps=52.9 nrd=0.00725 nrs=0.00725
| + sa=0 sb=0 sd=0 mult=1 m=1
| XM_IN1 EA_D1 FB EA_TAIL VIN sky130_fd_pr__pfet_g5v0d10v5 L=2 W=10 nf=2 ad=1.45 as=2.9 pd=10.58 ps=21.16 nrd=0.029 nrs=0.029 sa=0
| + sb=0 sd=0 mult=1 m=1
| XM_IN2 EA_D2 VREF EA_TAIL VIN sky130_fd_pr__pfet_g5v0d10v5 L=2 W=10 nf=2 ad=1.45 as=2.9 pd=10.58 ps=21.16 nrd=0.029 nrs=0.029 sa=0
| + sb=0 sd=0 mult=1 m=1
| XM_MIR1 EA_D1 EA_D1 AMP_ENN 0 sky130_fd_pr__nfet_g5v0d10v5 L=4 W=10 nf=2 ad=1.45 as=2.9 pd=10.58 ps=21.16 nrd=0.029 nrs=0.029 sa=0
| + sb=0 sd=0 mult=1 m=1
| XM_MIR2 EA_OUT EA_D1 AMP_ENN 0 sky130_fd_pr__nfet_g5v0d10v5 L=4 W=10 nf=2 ad=1.45 as=2.9 pd=10.58 ps=21.16 nrd=0.029 nrs=0.029
| + sa=0 sb=0 sd=0 mult=1 m=1
| XM_ENN2 AMP_ENN EN 0 0 sky130_fd_pr__nfet_g5v0d10v5 L=0.5 W=10 nf=1 ad=2.9 as=2.9 pd=20.58 ps=20.58 nrd=0.029 nrs=0.029 sa=0 sb=0
| + sd=0 mult=1 m=1
| XM_ENP EA_OUT EN VIN VIN sky130_fd_pr__pfet_g5v0d10v5 L=0.5 W=10 nf=1 ad=2.9 as=2.9 pd=20.58 ps=20.58 nrd=0.029 nrs=0.029 sa=0
| + sb=0 sd=0 mult=1 m=1
| XM_MIR3 EA_D2 EA_D2 AMP_ENN 0 sky130_fd_pr__nfet_g5v0d10v5 L=4 W=10 nf=2 ad=1.45 as=2.9 pd=10.58 ps=21.16 nrd=0.029 nrs=0.029 sa=0
| + sb=0 sd=0 mult=1 m=1
| XM_MIR4 PB EA_D2 AMP_ENN 0 sky130_fd_pr__nfet_g5v0d10v5 L=4 W=10 nf=2 ad=1.45 as=2.9 pd=10.58 ps=21.16 nrd=0.029 nrs=0.029 sa=0
| + sb=0 sd=0 mult=1 m=1
| XM_MIRP1 PB PB VIN VIN sky130_fd_pr__pfet_g5v0d10v5 L=4 W=20 nf=4 ad=2.9 as=4.35 pd=21.16 ps=31.74 nrd=0.0145 nrs=0.0145 sa=0 sb=0
| + sd=0 mult=1 m=1
| XM_MIRP2 EA_OUT PB VIN VIN sky130_fd_pr__pfet_g5v0d10v5 L=4 W=20 nf=4 ad=2.9 as=4.35 pd=21.16 ps=31.74 nrd=0.0145 nrs=0.0145 sa=0
| + sb=0 sd=0 mult=1 m=1
| XM_ENP5 PB EN VIN VIN sky130_fd_pr__pfet_g5v0d10v5 L=0.5 W=2 nf=1 ad=0.58 as=0.58 pd=4.58 ps=4.58 nrd=0.145 nrs=0.145 sa=0 sb=0
| + sd=0 mult=1 m=1
| XM_PASS VOUT EA_OUT VIN VIN sky130_fd_pr__pfet_g5v0d10v5 L=0.5 W=100 nf=25 ad=15.08 as=15.08 pd=111.54 ps=111.54 nrd=0.0029
| + nrs=0.0029 sa=0 sb=0 sd=0 mult=25 m=25
| C_COMP VOUT EA_CZ 150p m=1
| XR_CZ EA_CZ EA_OUT 0 sky130_fd_pr__res_xhigh_po W=0.42 L=52 mult=1 m=1
| XR_FB_A VOUT FB 0 sky130_fd_pr__res_xhigh_po W=0.42 L=180 mult=1 m=1
| XR_FB_B FB N_FBB 0 sky130_fd_pr__res_xhigh_po W=0.42 L=180 mult=1 m=1
| XR_FB_C N_FBB 0 0 sky130_fd_pr__res_xhigh_po W=0.42 L=180 mult=1 m=1
| XM_SENSE CL_SNS EA_OUT VIN VIN sky130_fd_pr__pfet_g5v0d10v5 L=0.5 W=0.42 nf=1 ad=0.1218 as=0.1218 pd=1.42 ps=1.42
| + nrd=0.69047619047619 nrs=0.69047619047619 sa=0 sb=0 sd=0 mult=1 m=1
| XM_CLN1 CL_SNS CL_SNS AMP_ENN 0 sky130_fd_pr__nfet_g5v0d10v5 L=1 W=20 nf=1 ad=5.8 as=5.8 pd=40.58 ps=40.58 nrd=0.0145 nrs=0.0145
| + sa=0 sb=0 sd=0 mult=1 m=1
| XM_CLN2 CL_CMP CL_SNS AMP_ENN 0 sky130_fd_pr__nfet_g5v0d10v5 L=1 W=1.6 nf=1 ad=0.464 as=0.464 pd=3.78 ps=3.78 nrd=0.18125
| + nrs=0.18125 sa=0 sb=0 sd=0 mult=1 m=1
| XM_CLP CL_CMP BIASP VIN VIN sky130_fd_pr__pfet_g5v0d10v5 L=1 W=10 nf=2 ad=1.45 as=2.9 pd=10.58 ps=21.16 nrd=0.029 nrs=0.029 sa=0
| + sb=0 sd=0 mult=1 m=1
| XM_CLIM EA_OUT CL_CMP VIN VIN sky130_fd_pr__pfet_g5v0d10v5 L=0.5 W=20 nf=4 ad=2.9 as=4.35 pd=21.16 ps=31.74 nrd=0.0145 nrs=0.0145
| + sa=0 sb=0 sd=0 mult=1 m=1
| XM_ENP3 CL_CMP EN VIN VIN sky130_fd_pr__pfet_g5v0d10v5 L=0.5 W=2 nf=1 ad=0.58 as=0.58 pd=4.58 ps=4.58 nrd=0.145 nrs=0.145 sa=0
| + sb=0 sd=0 mult=1 m=1
| C_CL VIN CL_CMP 1p m=1
| XM_INVP ENB EN VIN VIN sky130_fd_pr__pfet_g5v0d10v5 L=0.5 W=2 nf=1 ad=0.58 as=0.58 pd=4.58 ps=4.58 nrd=0.145 nrs=0.145 sa=0 sb=0
| + sd=0 mult=1 m=1
| XM_INVN ENB EN 0 0 sky130_fd_pr__nfet_g5v0d10v5 L=0.5 W=1 nf=1 ad=0.29 as=0.29 pd=2.58 ps=2.58 nrd=0.29 nrs=0.29 sa=0 sb=0 sd=0
| + mult=1 m=1
| XM_SSDIS SS ENB 0 0 sky130_fd_pr__nfet_g5v0d10v5 L=0.5 W=2 nf=1 ad=0.58 as=0.58 pd=4.58 ps=4.58 nrd=0.145 nrs=0.145 sa=0 sb=0 sd=0
| + mult=1 m=1
| XM_SSCHG SS BIASP VIN VIN sky130_fd_pr__pfet_g5v0d10v5 L=8 W=1 nf=1 ad=0.29 as=0.29 pd=2.58 ps=2.58 nrd=0.29 nrs=0.29 sa=0 sb=0
| + sd=0 mult=1 m=1
| C_SS SS 0 10p m=1
| XM_IN2S EA_D2 SS EA_TAIL VIN sky130_fd_pr__pfet_g5v0d10v5 L=2 W=10 nf=2 ad=1.45 as=2.9 pd=10.58 ps=21.16 nrd=0.029 nrs=0.029 sa=0
| + sb=0 sd=0 mult=1 m=1
| XM_TSPS TS_SNS BIASP VIN VIN sky130_fd_pr__pfet_g5v0d10v5 L=1 W=2.5 nf=1 ad=0.725 as=0.725 pd=5.58 ps=5.58 nrd=0.116 nrs=0.116
| + sa=0 sb=0 sd=0 mult=1 m=1
| XM_TSD1 TS_SNS TS_SNS TS_MID 0 sky130_fd_pr__nfet_g5v0d10v5 L=1 W=80 nf=16 ad=11.6 as=13.05 pd=84.64 ps=95.22 nrd=0.003625
| + nrs=0.003625 sa=0 sb=0 sd=0 mult=1 m=1
| XM_TSD2 TS_MID TS_MID AMP_ENN 0 sky130_fd_pr__nfet_g5v0d10v5 L=1 W=80 nf=16 ad=11.6 as=13.05 pd=84.64 ps=95.22 nrd=0.003625
| + nrs=0.003625 sa=0 sb=0 sd=0 mult=1 m=1
| XM_TSPR TS_REF BIASP VIN VIN sky130_fd_pr__pfet_g5v0d10v5 L=1 W=2.5 nf=1 ad=0.725 as=0.725 pd=5.58 ps=5.58 nrd=0.116 nrs=0.116
| + sa=0 sb=0 sd=0 mult=1 m=1
| XM_TSR1 TS_REF TS_REF AMP_ENN 0 sky130_fd_pr__nfet_g5v0d10v5 L=10 W=2 nf=1 ad=0.58 as=0.58 pd=4.58 ps=4.58 nrd=0.145 nrs=0.145
| + sa=0 sb=0 sd=0 mult=1 m=1
| XM_TCTAIL TC_TAIL NB AMP_ENN 0 sky130_fd_pr__nfet_g5v0d10v5 L=1 W=1 nf=1 ad=0.29 as=0.29 pd=2.58 ps=2.58 nrd=0.29 nrs=0.29 sa=0
| + sb=0 sd=0 mult=1 m=1
| XM_TCN1 TC_D1 TS_SNS TC_TAIL 0 sky130_fd_pr__nfet_g5v0d10v5 L=2 W=10 nf=2 ad=1.45 as=2.9 pd=10.58 ps=21.16 nrd=0.029 nrs=0.029
| + sa=0 sb=0 sd=0 mult=1 m=1
| XM_TCN2 TS_CMP TS_REF TC_TAIL 0 sky130_fd_pr__nfet_g5v0d10v5 L=2 W=10 nf=2 ad=1.45 as=2.9 pd=10.58 ps=21.16 nrd=0.029 nrs=0.029
| + sa=0 sb=0 sd=0 mult=1 m=1
| XM_TCP1 TC_D1 TC_D1 VIN VIN sky130_fd_pr__pfet_g5v0d10v5 L=2 W=10 nf=2 ad=1.45 as=2.9 pd=10.58 ps=21.16 nrd=0.029 nrs=0.029 sa=0
| + sb=0 sd=0 mult=1 m=1
| XM_TCP2 TS_CMP TC_D1 VIN VIN sky130_fd_pr__pfet_g5v0d10v5 L=2 W=10 nf=2 ad=1.45 as=2.9 pd=10.58 ps=21.16 nrd=0.029 nrs=0.029 sa=0
| + sb=0 sd=0 mult=1 m=1
| XM_TSHUT EA_OUT TS_CMP VIN VIN sky130_fd_pr__pfet_g5v0d10v5 L=0.5 W=20 nf=4 ad=2.9 as=4.35 pd=21.16 ps=31.74 nrd=0.0145 nrs=0.0145
| + sa=0 sb=0 sd=0 mult=1 m=1
| XM_TSHYSB TS_HYS BIASP VIN VIN sky130_fd_pr__pfet_g5v0d10v5 L=2 W=1.5 nf=1 ad=0.435 as=0.435 pd=3.58 ps=3.58 nrd=0.193333333333333
| + nrs=0.193333333333333 sa=0 sb=0 sd=0 mult=1 m=1
| XM_TSHYS TS_REF TS_CMP TS_HYS VIN sky130_fd_pr__pfet_g5v0d10v5 L=0.5 W=2 nf=1 ad=0.58 as=0.58 pd=4.58 ps=4.58 nrd=0.145 nrs=0.145
| + sa=0 sb=0 sd=0 mult=1 m=1
| XM_ENP4 TS_CMP EN VIN VIN sky130_fd_pr__pfet_g5v0d10v5 L=0.5 W=2 nf=1 ad=0.58 as=0.58 pd=4.58 ps=4.58 nrd=0.145 nrs=0.145 sa=0
| + sb=0 sd=0 mult=1 m=1
| C_TS VIN TS_CMP 1p m=1
| .ends
| 
| .control
| save all
| * --- leg 1: C_out 0.33uF, 0 mA (feedback divider is the only preload) ---
| tran 10u 4m
| meas tran vpk max v(vout) from=100u to=4m
| meas tran vfloor min v(vout) from=3.1m to=4m
| meas tran tset when v(vout)=1.764 rise=1
| * --- leg 2: C_out 0.33uF, 50 mA ---
| alter rload = 36
| tran 10u 4m
| meas tran vpk max v(vout) from=100u to=4m
| meas tran vfloor min v(vout) from=3.1m to=4m
| meas tran tset when v(vout)=1.764 rise=1
| * --- leg 3: C_out 4.7uF, 0 mA ---
| alter cout = 4.7u
| alter rload = 1e12
| tran 10u 4m
| meas tran vpk max v(vout) from=100u to=4m
| meas tran vfloor min v(vout) from=3.1m to=4m
| meas tran tset when v(vout)=1.764 rise=1
| * --- leg 4: C_out 4.7uF, 50 mA ---
| alter rload = 36
| tran 10u 4m
| meas tran vpk max v(vout) from=100u to=4m
| meas tran vfloor min v(vout) from=3.1m to=4m
| meas tran tset when v(vout)=1.764 rise=1
| let meas_vpk_c033_0ma_v = tran1.vpk
| let meas_vfloor_c033_0ma_v = tran1.vfloor
| let meas_tramp_c033_0ma_ms = 1000*(tran1.tset - 100u)
| let meas_vpk_c033_50ma_v = tran2.vpk
| let meas_vfloor_c033_50ma_v = tran2.vfloor
| let meas_tramp_c033_50ma_ms = 1000*(tran2.tset - 100u)
| let meas_vpk_c47_0ma_v = tran3.vpk
| let meas_vfloor_c47_0ma_v = tran3.vfloor
| let meas_tramp_c47_0ma_ms = 1000*(tran3.tset - 100u)
| let meas_vpk_c47_50ma_v = tran4.vpk
| let meas_vfloor_c47_50ma_v = tran4.vfloor
| let meas_tramp_c47_50ma_ms = 1000*(tran4.tset - 100u)
| print meas_vpk_c033_0ma_v
| print meas_vfloor_c033_0ma_v
| print meas_tramp_c033_0ma_ms
| print meas_vpk_c033_50ma_v
| print meas_vfloor_c033_50ma_v
| print meas_tramp_c033_50ma_ms
| print meas_vpk_c47_0ma_v
| print meas_vfloor_c47_0ma_v
| print meas_tramp_c47_0ma_ms
| print meas_vpk_c47_50ma_v
| print meas_vfloor_c47_50ma_v
| print meas_tramp_c47_50ma_ms
| quit
| .endc
| .end

# ==== ngspice stdout ====

Note: Compatibility modes selected: hs a


Circuit: * startup corner deck -- generated by sim/bin/corner-run.py, do not edit

option SCALE: Scale is set to 1e-06 for instance and model parameters
option SCALE: Scale is set to 1e-06 for instance and model parameters
option SCALE: Scale is set to 1e-06 for instance and model parameters
option SCALE: Scale is set to 1e-06 for instance and model parameters
Doing analysis at TEMP = -40.000000 and TNOM = 27.000000

Using KLU as Direct Linear Solver
 Reference value :  0.00000e+00
 Reference value :  8.00000e-07
 Reference value :  1.28000e-05
 Reference value :  5.28000e-05
 Reference value :  9.14000e-05
 Reference value :  1.00300e-04
 Reference value :  1.00411e-04
 Reference value :  1.00498e-04
 Reference value :  1.00565e-04
 Reference value :  1.00701e-04
 Reference value :  1.00769e-04
 Reference value :  1.00823e-04
 Reference value :  1.00858e-04
 Reference value :  1.00935e-04
 Reference value :  1.01000e-04
 Reference value :  1.01029e-04
 Reference value :  1.01199e-04
 Reference value :  1.02847e-04
 Reference value :  1.12134e-04
 Reference value :  1.22096e-04
 Reference value :  1.32233e-04
 Reference value :  1.48007e-04
 Reference value :  1.88007e-04
 Reference value :  2.28007e-04
 Reference value :  2.68007e-04
 Reference value :  2.98007e-04
 Reference value :  3.28007e-04
 Reference value :  3.58007e-04
 Reference value :  3.88007e-04
 Reference value :  4.28007e-04
 Reference value :  4.48007e-04
 Reference value :  4.78007e-04
 Reference value :  4.98007e-04
 Reference value :  5.28007e-04
 Reference value :  5.48007e-04
 Reference value :  5.68007e-04
 Reference value :  5.88007e-04
 Reference value :  6.08007e-04
 Reference value :  6.38007e-04
 Reference value :  6.68007e-04
 Reference value :  6.98007e-04
 Reference value :  7.38007e-04
 Reference value :  7.78007e-04
 Reference value :  8.18007e-04
 Reference value :  8.48007e-04
 Reference value :  8.88007e-04
 Reference value :  9.28007e-04
 Reference value :  9.68007e-04
 Reference value :  1.00801e-03
 Reference value :  1.03801e-03
 Reference value :  1.07801e-03
 Reference value :  1.11801e-03
 Reference value :  1.15801e-03
 Reference value :  1.19801e-03
 Reference value :  1.22801e-03
 Reference value :  1.25801e-03
 Reference value :  1.29801e-03
 Reference value :  1.33801e-03
 Reference value :  1.36801e-03
 Reference value :  1.40801e-03
 Reference value :  1.43801e-03
 Reference value :  1.47801e-03
 Reference value :  1.51801e-03
 Reference value :  1.55801e-03
 Reference value :  1.61801e-03
 Reference value :  1.65801e-03
 Reference value :  1.70801e-03
 Reference value :  1.75801e-03
 Reference value :  1.81801e-03
 Reference value :  1.85801e-03
 Reference value :  1.90801e-03
 Reference value :  1.94801e-03
 Reference value :  1.99801e-03
 Reference value :  2.03801e-03
 Reference value :  2.07801e-03
 Reference value :  2.12801e-03
 Reference value :  2.16801e-03
 Reference value :  2.20801e-03
 Reference value :  2.24801e-03
 Reference value :  2.28801e-03
 Reference value :  2.32801e-03
 Reference value :  2.36801e-03
 Reference value :  2.40801e-03
 Reference value :  2.43801e-03
 Reference value :  2.47801e-03
 Reference value :  2.51801e-03
 Reference value :  2.55801e-03
 Reference value :  2.58801e-03
 Reference value :  2.61801e-03
 Reference value :  2.64801e-03
 Reference value :  2.68801e-03
 Reference value :  2.72801e-03
 Reference value :  2.76801e-03
 Reference value :  2.80801e-03
 Reference value :  2.84801e-03
 Reference value :  2.88801e-03
 Reference value :  2.91801e-03
 Reference value :  2.94801e-03
 Reference value :  2.97801e-03
 Reference value :  3.01801e-03
 Reference value :  3.05801e-03
 Reference value :  3.08801e-03
 Reference value :  3.11801e-03
 Reference value :  3.14801e-03
 Reference value :  3.17801e-03
 Reference value :  3.21801e-03
 Reference value :  3.25801e-03
 Reference value :  3.28801e-03
 Reference value :  3.31801e-03
 Reference value :  3.35801e-03
 Reference value :  3.39801e-03
 Reference value :  3.43801e-03
 Reference value :  3.47801e-03
 Reference value :  3.51801e-03
 Reference value :  3.54801e-03
 Reference value :  3.57801e-03
 Reference value :  3.61801e-03
 Reference value :  3.65801e-03
 Reference value :  3.68801e-03
 Reference value :  3.71801e-03
 Reference value :  3.74801e-03
 Reference value :  3.77801e-03
 Reference value :  3.80801e-03
 Reference value :  3.83801e-03
 Reference value :  3.86801e-03
 Reference value :  3.90801e-03
 Reference value :  3.94801e-03
 Reference value :  3.98801e-03
No. of Data Rows : 437
vpk                 =  1.80803e+00 at=  6.68007e-04
vfloor              =  1.80250e+00 at=  4.00000e-03
tset                =  3.45884e-04
Doing analysis at TEMP = -40.000000 and TNOM = 27.000000

Using KLU as Direct Linear Solver
 Reference value :  0.00000e+00
 Reference value :  1.60000e-06
 Reference value :  3.28000e-05
 Reference value :  9.14000e-05
 Reference value :  1.00300e-04
 Reference value :  1.00411e-04
 Reference value :  1.00498e-04
 Reference value :  1.00627e-04
 Reference value :  1.00769e-04
 Reference value :  1.00823e-04
 Reference value :  1.00858e-04
 Reference value :  1.00967e-04
 Reference value :  1.01029e-04
 Reference value :  1.01698e-04
 Reference value :  1.12140e-04
 Reference value :  1.22151e-04
 Reference value :  1.32370e-04
 Reference value :  1.58284e-04
 Reference value :  1.98284e-04
 Reference value :  2.38284e-04
 Reference value :  2.78284e-04
 Reference value :  3.08284e-04
 Reference value :  3.38284e-04
 Reference value :  3.68284e-04
 Reference value :  3.98284e-04
 Reference value :  4.38284e-04
 Reference value :  4.78284e-04
 Reference value :  5.18284e-04
 Reference value :  5.58284e-04
 Reference value :  5.88284e-04
 Reference value :  6.28284e-04
 Reference value :  6.68284e-04
 Reference value :  7.08284e-04
 Reference value :  7.48284e-04
 Reference value :  7.88284e-04
 Reference value :  8.28284e-04
 Reference value :  8.68284e-04
 Reference value :  8.98284e-04
 Reference value :  9.38284e-04
 Reference value :  9.78284e-04
 Reference value :  1.01828e-03
 Reference value :  1.05828e-03
 Reference value :  1.09828e-03
 Reference value :  1.13828e-03
 Reference value :  1.17828e-03
 Reference value :  1.21828e-03
 Reference value :  1.24828e-03
 Reference value :  1.28828e-03
 Reference value :  1.31828e-03
 Reference value :  1.35828e-03
 Reference value :  1.39828e-03
 Reference value :  1.43828e-03
 Reference value :  1.48828e-03
 Reference value :  1.52828e-03
 Reference value :  1.56828e-03
 Reference value :  1.60828e-03
 Reference value :  1.64828e-03
 Reference value :  1.68828e-03
 Reference value :  1.72828e-03
 Reference value :  1.76828e-03
 Reference value :  1.80828e-03
 Reference value :  1.84828e-03
 Reference value :  1.88828e-03
 Reference value :  1.92828e-03
 Reference value :  1.96828e-03
 Reference value :  2.01828e-03
 Reference value :  2.05828e-03
 Reference value :  2.09828e-03
 Reference value :  2.13828e-03
 Reference value :  2.17828e-03
 Reference value :  2.21828e-03
 Reference value :  2.25828e-03
 Reference value :  2.29828e-03
 Reference value :  2.33828e-03
 Reference value :  2.36828e-03
 Reference value :  2.39828e-03
 Reference value :  2.43828e-03
 Reference value :  2.47828e-03
 Reference value :  2.51828e-03
 Reference value :  2.55828e-03
 Reference value :  2.59828e-03
 Reference value :  2.62828e-03
 Reference value :  2.65828e-03
 Reference value :  2.68828e-03
 Reference value :  2.72828e-03
 Reference value :  2.75828e-03
 Reference value :  2.78828e-03
 Reference value :  2.82828e-03
 Reference value :  2.86828e-03
 Reference value :  2.90828e-03
 Reference value :  2.94828e-03
 Reference value :  2.98828e-03
 Reference value :  3.02828e-03
 Reference value :  3.06828e-03
 Reference value :  3.10828e-03
 Reference value :  3.14828e-03
 Reference value :  3.18828e-03
 Reference value :  3.22828e-03
 Reference value :  3.25828e-03
 Reference value :  3.29828e-03
 Reference value :  3.33828e-03
 Reference value :  3.37828e-03
 Reference value :  3.40828e-03
 Reference value :  3.44828e-03
 Reference value :  3.48828e-03
 Reference value :  3.52828e-03
 Reference value :  3.56828e-03
 Reference value :  3.60828e-03
 Reference value :  3.64828e-03
 Reference value :  3.68828e-03
 Reference value :  3.72828e-03
 Reference value :  3.75828e-03
 Reference value :  3.78828e-03
 Reference value :  3.82828e-03
 Reference value :  3.86828e-03
 Reference value :  3.90828e-03
 Reference value :  3.93828e-03
 Reference value :  3.96828e-03
 Reference value :  4.00000e-03
No. of Data Rows : 437
vpk                 =  1.79822e+00 at=  1.12828e-03
vfloor              =  1.79822e+00 at=  3.99414e-03
tset                =  3.76210e-04
Doing analysis at TEMP = -40.000000 and TNOM = 27.000000

Using KLU as Direct Linear Solver
 Reference value :  0.00000e+00
 Reference value :  8.00000e-07
 Reference value :  2.28000e-05
 Reference value :  5.28000e-05
 Reference value :  9.14000e-05
 Reference value :  1.00300e-04
 Reference value :  1.00411e-04
 Reference value :  1.00498e-04
 Reference value :  1.00565e-04
 Reference value :  1.00701e-04
 Reference value :  1.00769e-04
 Reference value :  1.00823e-04
 Reference value :  1.00858e-04
 Reference value :  1.00935e-04
 Reference value :  1.01000e-04
 Reference value :  1.01012e-04
 Reference value :  1.01108e-04
 Reference value :  1.01699e-04
 Reference value :  1.04353e-04
 Reference value :  1.12134e-04
 Reference value :  1.22279e-04
 Reference value :  1.28393e-04
 Reference value :  1.41244e-04
 Reference value :  1.61244e-04
 Reference value :  2.01244e-04
 Reference value :  2.41244e-04
 Reference value :  2.81244e-04
 Reference value :  3.11244e-04
 Reference value :  3.41244e-04
 Reference value :  3.71244e-04
 Reference value :  3.91244e-04
 Reference value :  4.21244e-04
 Reference value :  4.61244e-04
 Reference value :  4.91244e-04
 Reference value :  5.11244e-04
 Reference value :  5.31244e-04
 Reference value :  5.51244e-04
 Reference value :  5.71244e-04
 Reference value :  6.01244e-04
 Reference value :  6.31244e-04
 Reference value :  6.61244e-04
 Reference value :  7.01244e-04
 Reference value :  7.41244e-04
 Reference value :  7.71244e-04
 Reference value :  8.01244e-04
 Reference value :  8.31244e-04
 Reference value :  8.71244e-04
 Reference value :  9.11244e-04
 Reference value :  9.51244e-04
 Reference value :  9.91244e-04
 Reference value :  1.02124e-03
 Reference value :  1.06124e-03
 Reference value :  1.10124e-03
 Reference value :  1.13124e-03
 Reference value :  1.17124e-03
 Reference value :  1.21124e-03
 Reference value :  1.25124e-03
 Reference value :  1.29124e-03
 Reference value :  1.33124e-03
 Reference value :  1.36124e-03
 Reference value :  1.39124e-03
 Reference value :  1.43124e-03
 Reference value :  1.46124e-03
 Reference value :  1.49124e-03
 Reference value :  1.53124e-03
 Reference value :  1.57124e-03
 Reference value :  1.61124e-03
 Reference value :  1.64124e-03
 Reference value :  1.68124e-03
 Reference value :  1.72124e-03
 Reference value :  1.75124e-03
 Reference value :  1.78124e-03
 Reference value :  1.81124e-03
 Reference value :  1.84124e-03
 Reference value :  1.87124e-03
 Reference value :  1.91124e-03
 Reference value :  1.95124e-03
 Reference value :  1.99124e-03
 Reference value :  2.03124e-03
 Reference value :  2.07124e-03
 Reference value :  2.11124e-03
 Reference value :  2.15124e-03
 Reference value :  2.19124e-03
 Reference value :  2.22124e-03
 Reference value :  2.25124e-03
 Reference value :  2.28124e-03
 Reference value :  2.31124e-03
 Reference value :  2.35124e-03
 Reference value :  2.39124e-03
 Reference value :  2.42124e-03
 Reference value :  2.46124e-03
 Reference value :  2.50124e-03
 Reference value :  2.54124e-03
 Reference value :  2.57124e-03
 Reference value :  2.60124e-03
 Reference value :  2.64124e-03
 Reference value :  2.68124e-03
 Reference value :  2.72124e-03
 Reference value :  2.76124e-03
 Reference value :  2.80124e-03
 Reference value :  2.86124e-03
 Reference value :  2.90124e-03
 Reference value :  2.94124e-03
 Reference value :  2.97124e-03
 Reference value :  3.00124e-03
 Reference value :  3.04124e-03
 Reference value :  3.08124e-03
 Reference value :  3.12124e-03
 Reference value :  3.16124e-03
 Reference value :  3.20124e-03
 Reference value :  3.24124e-03
 Reference value :  3.27124e-03
 Reference value :  3.31124e-03
 Reference value :  3.34124e-03
 Reference value :  3.38124e-03
 Reference value :  3.42124e-03
 Reference value :  3.47124e-03
 Reference value :  3.52124e-03
 Reference value :  3.56124e-03
 Reference value :  3.59124e-03
 Reference value :  3.63124e-03
 Reference value :  3.66124e-03
 Reference value :  3.70124e-03
 Reference value :  3.73124e-03
 Reference value :  3.76124e-03
 Reference value :  3.79124e-03
 Reference value :  3.82124e-03
 Reference value :  3.86124e-03
 Reference value :  3.90124e-03
 Reference value :  3.93124e-03
 Reference value :  3.97124e-03
 Reference value :  4.00000e-03
No. of Data Rows : 436
vpk                 =  1.81733e+00 at=  5.71244e-04
vfloor              =  1.81694e+00 at=  4.00000e-03
tset                =  3.33564e-04
Doing analysis at TEMP = -40.000000 and TNOM = 27.000000

Using KLU as Direct Linear Solver
 Reference value :  0.00000e+00
 Reference value :  4.00000e-07
 Reference value :  6.40000e-06
 Reference value :  4.28000e-05
 Reference value :  8.28000e-05
 Reference value :  1.00100e-04
 Reference value :  1.00300e-04
 Reference value :  1.00411e-04
 Reference value :  1.00498e-04
 Reference value :  1.00565e-04
 Reference value :  1.00701e-04
 Reference value :  1.00769e-04
 Reference value :  1.00823e-04
 Reference value :  1.00858e-04
 Reference value :  1.00897e-04
 Reference value :  1.00967e-04
 Reference value :  1.01004e-04
 Reference value :  1.01062e-04
 Reference value :  1.01698e-04
 Reference value :  1.07357e-04
 Reference value :  1.16696e-04
 Reference value :  1.22114e-04
 Reference value :  1.32231e-04
 Reference value :  1.57874e-04
 Reference value :  1.87874e-04
 Reference value :  2.27874e-04
 Reference value :  2.57874e-04
 Reference value :  2.97874e-04
 Reference value :  3.27874e-04
 Reference value :  3.57874e-04
 Reference value :  3.97874e-04
 Reference value :  4.37874e-04
 Reference value :  4.77874e-04
 Reference value :  5.27874e-04
 Reference value :  5.77874e-04
 Reference value :  6.27874e-04
 Reference value :  6.77874e-04
 Reference value :  7.27874e-04
 Reference value :  7.67874e-04
 Reference value :  8.07874e-04
 Reference value :  8.37874e-04
 Reference value :  8.67874e-04
 Reference value :  8.97874e-04
 Reference value :  9.37874e-04
 Reference value :  9.67874e-04
 Reference value :  1.00787e-03
 Reference value :  1.05787e-03
 Reference value :  1.09787e-03
 Reference value :  1.14787e-03
 Reference value :  1.18787e-03
 Reference value :  1.22787e-03
 Reference value :  1.26787e-03
 Reference value :  1.30787e-03
 Reference value :  1.34787e-03
 Reference value :  1.38787e-03
 Reference value :  1.42787e-03
 Reference value :  1.46787e-03
 Reference value :  1.50787e-03
 Reference value :  1.54787e-03
 Reference value :  1.58787e-03
 Reference value :  1.62787e-03
 Reference value :  1.66787e-03
 Reference value :  1.70787e-03
 Reference value :  1.75787e-03
 Reference value :  1.79787e-03
 Reference value :  1.83787e-03
 Reference value :  1.89787e-03
 Reference value :  1.94787e-03
 Reference value :  1.99787e-03
 Reference value :  2.04787e-03
 Reference value :  2.09787e-03
 Reference value :  2.12787e-03
 Reference value :  2.16787e-03
 Reference value :  2.20787e-03
 Reference value :  2.25787e-03
 Reference value :  2.29787e-03
 Reference value :  2.32787e-03
 Reference value :  2.36787e-03
 Reference value :  2.40787e-03
 Reference value :  2.44787e-03
 Reference value :  2.48787e-03
 Reference value :  2.52787e-03
 Reference value :  2.56787e-03
 Reference value :  2.60787e-03
 Reference value :  2.64787e-03
 Reference value :  2.68787e-03
 Reference value :  2.72787e-03
 Reference value :  2.76787e-03
 Reference value :  2.81787e-03
 Reference value :  2.86787e-03
 Reference value :  2.92787e-03
 Reference value :  2.97787e-03
 Reference value :  3.01787e-03
 Reference value :  3.06787e-03
 Reference value :  3.11787e-03
 Reference value :  3.14787e-03
 Reference value :  3.18787e-03
 Reference value :  3.21787e-03
 Reference value :  3.24787e-03
 Reference value :  3.28787e-03
 Reference value :  3.32787e-03
 Reference value :  3.36787e-03
 Reference value :  3.40787e-03
 Reference value :  3.44787e-03
 Reference value :  3.48787e-03
 Reference value :  3.53787e-03
 Reference value :  3.57787e-03
 Reference value :  3.62787e-03
 Reference value :  3.68787e-03
 Reference value :  3.73787e-03
 Reference value :  3.78787e-03
 Reference value :  3.83787e-03
 Reference value :  3.88787e-03
 Reference value :  3.93787e-03
 Reference value :  3.97787e-03
No. of Data Rows : 437
vpk                 =  1.79822e+00 at=  1.03787e-03
vfloor              =  1.79822e+00 at=  4.00000e-03
tset                =  3.48440e-04
meas_vpk_c033_0ma_v = 1.808029e+00
meas_vfloor_c033_0ma_v = 1.802500e+00
meas_tramp_c033_0ma_ms = 2.458837e-01
meas_vpk_c033_50ma_v = 1.798217e+00
meas_vfloor_c033_50ma_v = 1.798216e+00
meas_tramp_c033_50ma_ms = 2.762096e-01
meas_vpk_c47_0ma_v = 1.817334e+00
meas_vfloor_c47_0ma_v = 1.816935e+00
meas_tramp_c47_0ma_ms = 2.335636e-01
meas_vpk_c47_50ma_v = 1.798217e+00
meas_vfloor_c47_50ma_v = 1.798216e+00
meas_tramp_c47_50ma_ms = 2.484400e-01
ngspice-46 done

# ==== ngspice stderr ====
Note: Starting dynamic gmin stepping
Note: Dynamic gmin stepping completed
Note: Starting dynamic gmin stepping
Note: Dynamic gmin stepping completed
Note: Starting dynamic gmin stepping
Note: Dynamic gmin stepping completed
Note: Starting dynamic gmin stepping
Note: Dynamic gmin stepping completed
