# corner: ss_-40c_3.63v
# process=ss temp=-40C supply=3.63V
# ngspice exit: 0
# wall clock: 132.3s (--timeout was 300s)
# result: PASS

# ==== deck (exact input given to ngspice) ====
| * startup corner deck -- generated by sim/bin/corner-run.py, do not edit
| * corner: ss_-40c_3.63v
| .param vsup=3.63
| .option wnflag=1
| .temp -40
| .lib "/home/ubuntu/.volare/sky130A/libs.tech/combined/sky130.lib.spice" ss
| ** sch_path: sim/startup/testbench/tb_startup.sch
| **.subckt tb_startup
| VVIN VIN 0 'vsup'
| .save i(vvin)
| VEN EN 0 PULSE(0 'vsup' 100u 1u 1u 100 200)
| .save i(ven)
| VVREF VREF 0 1.2
| .save i(vvref)
| xldo VOUT VREF EN VIN ldo_3v3in_1v8out
| COUT VOUT VESR 0.33u m=1
| RESR VESR 0 10m m=1
| RLOAD VOUT 0 1e12 m=1
| **.ends
| 
| * expanding   symbol:  design/ldo_3v3in_1v8out.sym # of pins=4
| ** sym_path: design/ldo_3v3in_1v8out.sym
| ** sch_path: design/ldo_3v3in_1v8out.sch
| .subckt ldo_3v3in_1v8out VOUT VREF EN VIN
| *.ipin VIN
| *.ipin EN
| *.ipin VREF
| *.opin VOUT
| XR_BIAS VIN NB 0 sky130_fd_pr__res_high_po W=0.42 L=1500 mult=1 m=1
| XM_BIASN1 NB NB BIAS_ENN 0 sky130_fd_pr__nfet_g5v0d10v5 L=1 W=4 nf=1 ad=1.16 as=1.16 pd=8.58 ps=8.58 nrd=0.0725 nrs=0.0725 sa=0
| + sb=0 sd=0 mult=1 m=1
| XM_ENN BIAS_ENN EN 0 0 sky130_fd_pr__nfet_g5v0d10v5 L=0.5 W=10 nf=1 ad=2.9 as=2.9 pd=20.58 ps=20.58 nrd=0.029 nrs=0.029 sa=0 sb=0
| + sd=0 mult=1 m=1
| XM_BIASN2 BIASP NB BIAS_ENN 0 sky130_fd_pr__nfet_g5v0d10v5 L=1 W=4 nf=1 ad=1.16 as=1.16 pd=8.58 ps=8.58 nrd=0.0725 nrs=0.0725 sa=0
| + sb=0 sd=0 mult=1 m=1
| XM_BIASP1 BIASP BIASP VIN VIN sky130_fd_pr__pfet_g5v0d10v5 L=1 W=10 nf=2 ad=1.45 as=2.9 pd=10.58 ps=21.16 nrd=0.029 nrs=0.029 sa=0
| + sb=0 sd=0 mult=1 m=1
| XM_ENP2 BIASP EN VIN VIN sky130_fd_pr__pfet_g5v0d10v5 L=0.5 W=10 nf=1 ad=2.9 as=2.9 pd=20.58 ps=20.58 nrd=0.029 nrs=0.029 sa=0
| + sb=0 sd=0 mult=1 m=1
| XM_TAIL EA_TAIL BIASP VIN VIN sky130_fd_pr__pfet_g5v0d10v5 L=2 W=40 nf=8 ad=5.8 as=7.25 pd=42.32 ps=52.9 nrd=0.00725 nrs=0.00725
| + sa=0 sb=0 sd=0 mult=1 m=1
| XM_IN1 EA_D1 FB EA_TAIL VIN sky130_fd_pr__pfet_g5v0d10v5 L=2 W=10 nf=2 ad=1.45 as=2.9 pd=10.58 ps=21.16 nrd=0.029 nrs=0.029 sa=0
| + sb=0 sd=0 mult=1 m=1
| XM_IN2 EA_D2 VREF EA_TAIL VIN sky130_fd_pr__pfet_g5v0d10v5 L=2 W=10 nf=2 ad=1.45 as=2.9 pd=10.58 ps=21.16 nrd=0.029 nrs=0.029 sa=0
| + sb=0 sd=0 mult=1 m=1
| XM_MIR1 EA_D1 EA_D1 AMP_ENN 0 sky130_fd_pr__nfet_g5v0d10v5 L=4 W=10 nf=2 ad=1.45 as=2.9 pd=10.58 ps=21.16 nrd=0.029 nrs=0.029 sa=0
| + sb=0 sd=0 mult=1 m=1
| XM_MIR2 EA_OUT EA_D1 AMP_ENN 0 sky130_fd_pr__nfet_g5v0d10v5 L=4 W=10 nf=2 ad=1.45 as=2.9 pd=10.58 ps=21.16 nrd=0.029 nrs=0.029
| + sa=0 sb=0 sd=0 mult=1 m=1
| XM_ENN2 AMP_ENN EN 0 0 sky130_fd_pr__nfet_g5v0d10v5 L=0.5 W=10 nf=1 ad=2.9 as=2.9 pd=20.58 ps=20.58 nrd=0.029 nrs=0.029 sa=0 sb=0
| + sd=0 mult=1 m=1
| XM_ENP EA_OUT EN VIN VIN sky130_fd_pr__pfet_g5v0d10v5 L=0.5 W=10 nf=1 ad=2.9 as=2.9 pd=20.58 ps=20.58 nrd=0.029 nrs=0.029 sa=0
| + sb=0 sd=0 mult=1 m=1
| XM_MIR3 EA_D2 EA_D2 AMP_ENN 0 sky130_fd_pr__nfet_g5v0d10v5 L=4 W=10 nf=2 ad=1.45 as=2.9 pd=10.58 ps=21.16 nrd=0.029 nrs=0.029 sa=0
| + sb=0 sd=0 mult=1 m=1
| XM_MIR4 PB EA_D2 AMP_ENN 0 sky130_fd_pr__nfet_g5v0d10v5 L=4 W=10 nf=2 ad=1.45 as=2.9 pd=10.58 ps=21.16 nrd=0.029 nrs=0.029 sa=0
| + sb=0 sd=0 mult=1 m=1
| XM_MIRP1 PB PB VIN VIN sky130_fd_pr__pfet_g5v0d10v5 L=4 W=20 nf=4 ad=2.9 as=4.35 pd=21.16 ps=31.74 nrd=0.0145 nrs=0.0145 sa=0 sb=0
| + sd=0 mult=1 m=1
| XM_MIRP2 EA_OUT PB VIN VIN sky130_fd_pr__pfet_g5v0d10v5 L=4 W=20 nf=4 ad=2.9 as=4.35 pd=21.16 ps=31.74 nrd=0.0145 nrs=0.0145 sa=0
| + sb=0 sd=0 mult=1 m=1
| XM_ENP5 PB EN VIN VIN sky130_fd_pr__pfet_g5v0d10v5 L=0.5 W=2 nf=1 ad=0.58 as=0.58 pd=4.58 ps=4.58 nrd=0.145 nrs=0.145 sa=0 sb=0
| + sd=0 mult=1 m=1
| XM_PASS VOUT EA_OUT VIN VIN sky130_fd_pr__pfet_g5v0d10v5 L=0.5 W=100 nf=25 ad=15.08 as=15.08 pd=111.54 ps=111.54 nrd=0.0029
| + nrs=0.0029 sa=0 sb=0 sd=0 mult=25 m=25
| C_COMP VOUT EA_CZ 150p m=1
| XR_CZ EA_CZ EA_OUT 0 sky130_fd_pr__res_xhigh_po W=0.42 L=52 mult=1 m=1
| XR_FB_A VOUT FB 0 sky130_fd_pr__res_xhigh_po W=0.42 L=180 mult=1 m=1
| XR_FB_B FB N_FBB 0 sky130_fd_pr__res_xhigh_po W=0.42 L=180 mult=1 m=1
| XR_FB_C N_FBB 0 0 sky130_fd_pr__res_xhigh_po W=0.42 L=180 mult=1 m=1
| XM_SENSE CL_SNS EA_OUT VIN VIN sky130_fd_pr__pfet_g5v0d10v5 L=0.5 W=0.42 nf=1 ad=0.1218 as=0.1218 pd=1.42 ps=1.42
| + nrd=0.69047619047619 nrs=0.69047619047619 sa=0 sb=0 sd=0 mult=1 m=1
| XM_CLN1 CL_SNS CL_SNS AMP_ENN 0 sky130_fd_pr__nfet_g5v0d10v5 L=1 W=20 nf=1 ad=5.8 as=5.8 pd=40.58 ps=40.58 nrd=0.0145 nrs=0.0145
| + sa=0 sb=0 sd=0 mult=1 m=1
| XM_CLN2 CL_CMP CL_SNS AMP_ENN 0 sky130_fd_pr__nfet_g5v0d10v5 L=1 W=1.6 nf=1 ad=0.464 as=0.464 pd=3.78 ps=3.78 nrd=0.18125
| + nrs=0.18125 sa=0 sb=0 sd=0 mult=1 m=1
| XM_CLP CL_CMP BIASP VIN VIN sky130_fd_pr__pfet_g5v0d10v5 L=1 W=10 nf=2 ad=1.45 as=2.9 pd=10.58 ps=21.16 nrd=0.029 nrs=0.029 sa=0
| + sb=0 sd=0 mult=1 m=1
| XM_CLIM EA_OUT CL_CMP VIN VIN sky130_fd_pr__pfet_g5v0d10v5 L=0.5 W=20 nf=4 ad=2.9 as=4.35 pd=21.16 ps=31.74 nrd=0.0145 nrs=0.0145
| + sa=0 sb=0 sd=0 mult=1 m=1
| XM_ENP3 CL_CMP EN VIN VIN sky130_fd_pr__pfet_g5v0d10v5 L=0.5 W=2 nf=1 ad=0.58 as=0.58 pd=4.58 ps=4.58 nrd=0.145 nrs=0.145 sa=0
| + sb=0 sd=0 mult=1 m=1
| C_CL VIN CL_CMP 1p m=1
| XM_INVP ENB EN VIN VIN sky130_fd_pr__pfet_g5v0d10v5 L=0.5 W=2 nf=1 ad=0.58 as=0.58 pd=4.58 ps=4.58 nrd=0.145 nrs=0.145 sa=0 sb=0
| + sd=0 mult=1 m=1
| XM_INVN ENB EN 0 0 sky130_fd_pr__nfet_g5v0d10v5 L=0.5 W=1 nf=1 ad=0.29 as=0.29 pd=2.58 ps=2.58 nrd=0.29 nrs=0.29 sa=0 sb=0 sd=0
| + mult=1 m=1
| XM_SSDIS SS ENB 0 0 sky130_fd_pr__nfet_g5v0d10v5 L=0.5 W=2 nf=1 ad=0.58 as=0.58 pd=4.58 ps=4.58 nrd=0.145 nrs=0.145 sa=0 sb=0 sd=0
| + mult=1 m=1
| XM_SSCHG SS BIASP VIN VIN sky130_fd_pr__pfet_g5v0d10v5 L=8 W=1 nf=1 ad=0.29 as=0.29 pd=2.58 ps=2.58 nrd=0.29 nrs=0.29 sa=0 sb=0
| + sd=0 mult=1 m=1
| C_SS SS 0 10p m=1
| XM_IN2S EA_D2 SS EA_TAIL VIN sky130_fd_pr__pfet_g5v0d10v5 L=2 W=10 nf=2 ad=1.45 as=2.9 pd=10.58 ps=21.16 nrd=0.029 nrs=0.029 sa=0
| + sb=0 sd=0 mult=1 m=1
| XM_TSPS TS_SNS BIASP VIN VIN sky130_fd_pr__pfet_g5v0d10v5 L=1 W=2.5 nf=1 ad=0.725 as=0.725 pd=5.58 ps=5.58 nrd=0.116 nrs=0.116
| + sa=0 sb=0 sd=0 mult=1 m=1
| XM_TSD1 TS_SNS TS_SNS TS_MID 0 sky130_fd_pr__nfet_g5v0d10v5 L=1 W=80 nf=16 ad=11.6 as=13.05 pd=84.64 ps=95.22 nrd=0.003625
| + nrs=0.003625 sa=0 sb=0 sd=0 mult=1 m=1
| XM_TSD2 TS_MID TS_MID AMP_ENN 0 sky130_fd_pr__nfet_g5v0d10v5 L=1 W=80 nf=16 ad=11.6 as=13.05 pd=84.64 ps=95.22 nrd=0.003625
| + nrs=0.003625 sa=0 sb=0 sd=0 mult=1 m=1
| XM_TSPR TS_REF BIASP VIN VIN sky130_fd_pr__pfet_g5v0d10v5 L=1 W=2.5 nf=1 ad=0.725 as=0.725 pd=5.58 ps=5.58 nrd=0.116 nrs=0.116
| + sa=0 sb=0 sd=0 mult=1 m=1
| XM_TSR1 TS_REF TS_REF AMP_ENN 0 sky130_fd_pr__nfet_g5v0d10v5 L=10 W=2 nf=1 ad=0.58 as=0.58 pd=4.58 ps=4.58 nrd=0.145 nrs=0.145
| + sa=0 sb=0 sd=0 mult=1 m=1
| XM_TCTAIL TC_TAIL NB AMP_ENN 0 sky130_fd_pr__nfet_g5v0d10v5 L=1 W=1 nf=1 ad=0.29 as=0.29 pd=2.58 ps=2.58 nrd=0.29 nrs=0.29 sa=0
| + sb=0 sd=0 mult=1 m=1
| XM_TCN1 TC_D1 TS_SNS TC_TAIL 0 sky130_fd_pr__nfet_g5v0d10v5 L=2 W=10 nf=2 ad=1.45 as=2.9 pd=10.58 ps=21.16 nrd=0.029 nrs=0.029
| + sa=0 sb=0 sd=0 mult=1 m=1
| XM_TCN2 TS_CMP TS_REF TC_TAIL 0 sky130_fd_pr__nfet_g5v0d10v5 L=2 W=10 nf=2 ad=1.45 as=2.9 pd=10.58 ps=21.16 nrd=0.029 nrs=0.029
| + sa=0 sb=0 sd=0 mult=1 m=1
| XM_TCP1 TC_D1 TC_D1 VIN VIN sky130_fd_pr__pfet_g5v0d10v5 L=2 W=10 nf=2 ad=1.45 as=2.9 pd=10.58 ps=21.16 nrd=0.029 nrs=0.029 sa=0
| + sb=0 sd=0 mult=1 m=1
| XM_TCP2 TS_CMP TC_D1 VIN VIN sky130_fd_pr__pfet_g5v0d10v5 L=2 W=10 nf=2 ad=1.45 as=2.9 pd=10.58 ps=21.16 nrd=0.029 nrs=0.029 sa=0
| + sb=0 sd=0 mult=1 m=1
| XM_TSHUT EA_OUT TS_CMP VIN VIN sky130_fd_pr__pfet_g5v0d10v5 L=0.5 W=20 nf=4 ad=2.9 as=4.35 pd=21.16 ps=31.74 nrd=0.0145 nrs=0.0145
| + sa=0 sb=0 sd=0 mult=1 m=1
| XM_TSHYSB TS_HYS BIASP VIN VIN sky130_fd_pr__pfet_g5v0d10v5 L=2 W=1.5 nf=1 ad=0.435 as=0.435 pd=3.58 ps=3.58 nrd=0.193333333333333
| + nrs=0.193333333333333 sa=0 sb=0 sd=0 mult=1 m=1
| XM_TSHYS TS_REF TS_CMP TS_HYS VIN sky130_fd_pr__pfet_g5v0d10v5 L=0.5 W=2 nf=1 ad=0.58 as=0.58 pd=4.58 ps=4.58 nrd=0.145 nrs=0.145
| + sa=0 sb=0 sd=0 mult=1 m=1
| XM_ENP4 TS_CMP EN VIN VIN sky130_fd_pr__pfet_g5v0d10v5 L=0.5 W=2 nf=1 ad=0.58 as=0.58 pd=4.58 ps=4.58 nrd=0.145 nrs=0.145 sa=0
| + sb=0 sd=0 mult=1 m=1
| C_TS VIN TS_CMP 1p m=1
| .ends
| 
| .control
| save all
| * --- leg 1: C_out 0.33uF, 0 mA (feedback divider is the only preload) ---
| tran 10u 4m
| meas tran vpk max v(vout) from=100u to=4m
| meas tran vfloor min v(vout) from=3.1m to=4m
| meas tran tset when v(vout)=1.764 rise=1
| * --- leg 2: C_out 0.33uF, 50 mA ---
| alter rload = 36
| tran 10u 4m
| meas tran vpk max v(vout) from=100u to=4m
| meas tran vfloor min v(vout) from=3.1m to=4m
| meas tran tset when v(vout)=1.764 rise=1
| * --- leg 3: C_out 4.7uF, 0 mA ---
| alter cout = 4.7u
| alter rload = 1e12
| tran 10u 4m
| meas tran vpk max v(vout) from=100u to=4m
| meas tran vfloor min v(vout) from=3.1m to=4m
| meas tran tset when v(vout)=1.764 rise=1
| * --- leg 4: C_out 4.7uF, 50 mA ---
| alter rload = 36
| tran 10u 4m
| meas tran vpk max v(vout) from=100u to=4m
| meas tran vfloor min v(vout) from=3.1m to=4m
| meas tran tset when v(vout)=1.764 rise=1
| let meas_vpk_c033_0ma_v = tran1.vpk
| let meas_vfloor_c033_0ma_v = tran1.vfloor
| let meas_tramp_c033_0ma_ms = 1000*(tran1.tset - 100u)
| let meas_vpk_c033_50ma_v = tran2.vpk
| let meas_vfloor_c033_50ma_v = tran2.vfloor
| let meas_tramp_c033_50ma_ms = 1000*(tran2.tset - 100u)
| let meas_vpk_c47_0ma_v = tran3.vpk
| let meas_vfloor_c47_0ma_v = tran3.vfloor
| let meas_tramp_c47_0ma_ms = 1000*(tran3.tset - 100u)
| let meas_vpk_c47_50ma_v = tran4.vpk
| let meas_vfloor_c47_50ma_v = tran4.vfloor
| let meas_tramp_c47_50ma_ms = 1000*(tran4.tset - 100u)
| print meas_vpk_c033_0ma_v
| print meas_vfloor_c033_0ma_v
| print meas_tramp_c033_0ma_ms
| print meas_vpk_c033_50ma_v
| print meas_vfloor_c033_50ma_v
| print meas_tramp_c033_50ma_ms
| print meas_vpk_c47_0ma_v
| print meas_vfloor_c47_0ma_v
| print meas_tramp_c47_0ma_ms
| print meas_vpk_c47_50ma_v
| print meas_vfloor_c47_50ma_v
| print meas_tramp_c47_50ma_ms
| quit
| .endc
| .end

# ==== ngspice stdout ====

Note: Compatibility modes selected: hs a


Circuit: * startup corner deck -- generated by sim/bin/corner-run.py, do not edit

option SCALE: Scale is set to 1e-06 for instance and model parameters
option SCALE: Scale is set to 1e-06 for instance and model parameters
option SCALE: Scale is set to 1e-06 for instance and model parameters
option SCALE: Scale is set to 1e-06 for instance and model parameters
Doing analysis at TEMP = -40.000000 and TNOM = 27.000000

Using KLU as Direct Linear Solver
 Reference value :  0.00000e+00
 Reference value :  8.00000e-07
 Reference value :  6.40000e-06
 Reference value :  3.28000e-05
 Reference value :  7.28000e-05
 Reference value :  1.00100e-04
 Reference value :  1.00300e-04
 Reference value :  1.00410e-04
 Reference value :  1.00493e-04
 Reference value :  1.00556e-04
 Reference value :  1.00673e-04
 Reference value :  1.00744e-04
 Reference value :  1.00796e-04
 Reference value :  1.00799e-04
 Reference value :  1.00814e-04
 Reference value :  1.00837e-04
 Reference value :  1.00875e-04
 Reference value :  1.00928e-04
 Reference value :  1.00979e-04
 Reference value :  1.01012e-04
 Reference value :  1.01128e-04
 Reference value :  1.02049e-04
 Reference value :  1.12569e-04
 Reference value :  1.17398e-04
 Reference value :  1.26667e-04
 Reference value :  1.57782e-04
 Reference value :  2.07782e-04
 Reference value :  2.57782e-04
 Reference value :  2.87782e-04
 Reference value :  3.17782e-04
 Reference value :  3.37782e-04
 Reference value :  3.67782e-04
 Reference value :  3.97782e-04
 Reference value :  4.37782e-04
 Reference value :  4.77782e-04
 Reference value :  5.07782e-04
 Reference value :  5.27782e-04
 Reference value :  5.47782e-04
 Reference value :  5.67782e-04
 Reference value :  5.97782e-04
 Reference value :  6.27782e-04
 Reference value :  6.67782e-04
 Reference value :  6.97782e-04
 Reference value :  7.27782e-04
 Reference value :  7.67782e-04
 Reference value :  7.97782e-04
 Reference value :  8.27782e-04
 Reference value :  8.67782e-04
 Reference value :  9.07782e-04
 Reference value :  9.47782e-04
 Reference value :  9.77782e-04
 Reference value :  1.01778e-03
 Reference value :  1.04778e-03
 Reference value :  1.07778e-03
 Reference value :  1.10778e-03
 Reference value :  1.13778e-03
 Reference value :  1.17778e-03
 Reference value :  1.21778e-03
 Reference value :  1.24778e-03
 Reference value :  1.28778e-03
 Reference value :  1.31778e-03
 Reference value :  1.35778e-03
 Reference value :  1.39778e-03
 Reference value :  1.43778e-03
 Reference value :  1.47778e-03
 Reference value :  1.51778e-03
 Reference value :  1.55778e-03
 Reference value :  1.58778e-03
 Reference value :  1.61778e-03
 Reference value :  1.65778e-03
 Reference value :  1.69778e-03
 Reference value :  1.73778e-03
 Reference value :  1.77778e-03
 Reference value :  1.81778e-03
 Reference value :  1.85778e-03
 Reference value :  1.88778e-03
 Reference value :  1.91778e-03
 Reference value :  1.94778e-03
 Reference value :  1.98778e-03
 Reference value :  2.01778e-03
 Reference value :  2.05778e-03
 Reference value :  2.09778e-03
 Reference value :  2.13778e-03
 Reference value :  2.17778e-03
 Reference value :  2.20778e-03
 Reference value :  2.23778e-03
 Reference value :  2.27778e-03
 Reference value :  2.31778e-03
 Reference value :  2.34778e-03
 Reference value :  2.38778e-03
 Reference value :  2.42778e-03
 Reference value :  2.46778e-03
 Reference value :  2.50778e-03
 Reference value :  2.54778e-03
 Reference value :  2.57778e-03
 Reference value :  2.61778e-03
 Reference value :  2.65778e-03
 Reference value :  2.69778e-03
 Reference value :  2.74778e-03
 Reference value :  2.78778e-03
 Reference value :  2.82778e-03
 Reference value :  2.86778e-03
 Reference value :  2.90778e-03
 Reference value :  2.94778e-03
 Reference value :  2.98778e-03
 Reference value :  3.01778e-03
 Reference value :  3.05778e-03
 Reference value :  3.09778e-03
 Reference value :  3.13778e-03
 Reference value :  3.17778e-03
 Reference value :  3.20778e-03
 Reference value :  3.23778e-03
 Reference value :  3.27778e-03
 Reference value :  3.30778e-03
 Reference value :  3.33778e-03
 Reference value :  3.36778e-03
 Reference value :  3.39778e-03
 Reference value :  3.42778e-03
 Reference value :  3.46778e-03
 Reference value :  3.49778e-03
 Reference value :  3.52778e-03
 Reference value :  3.56778e-03
 Reference value :  3.60778e-03
 Reference value :  3.64778e-03
 Reference value :  3.68778e-03
 Reference value :  3.73778e-03
 Reference value :  3.77778e-03
 Reference value :  3.80778e-03
 Reference value :  3.83778e-03
 Reference value :  3.86778e-03
 Reference value :  3.89778e-03
 Reference value :  3.93778e-03
 Reference value :  3.97778e-03
No. of Data Rows : 443
vpk                 =  1.80742e+00 at=  6.47782e-04
vfloor              =  1.80180e+00 at=  4.00000e-03
tset                =  3.24256e-04
Doing analysis at TEMP = -40.000000 and TNOM = 27.000000

Using KLU as Direct Linear Solver
 Reference value :  0.00000e+00
 Reference value :  8.00000e-07
 Reference value :  1.28000e-05
 Reference value :  4.28000e-05
 Reference value :  8.28000e-05
 Reference value :  1.00100e-04
 Reference value :  1.00300e-04
 Reference value :  1.00410e-04
 Reference value :  1.00493e-04
 Reference value :  1.00556e-04
 Reference value :  1.00673e-04
 Reference value :  1.00744e-04
 Reference value :  1.00796e-04
 Reference value :  1.00799e-04
 Reference value :  1.00814e-04
 Reference value :  1.00837e-04
 Reference value :  1.00875e-04
 Reference value :  1.00959e-04
 Reference value :  1.01004e-04
 Reference value :  1.01062e-04
 Reference value :  1.01524e-04
 Reference value :  1.07638e-04
 Reference value :  1.17374e-04
 Reference value :  1.26679e-04
 Reference value :  1.40241e-04
 Reference value :  1.79232e-04
 Reference value :  2.19232e-04
 Reference value :  2.59232e-04
 Reference value :  2.89232e-04
 Reference value :  3.19232e-04
 Reference value :  3.49232e-04
 Reference value :  3.89232e-04
 Reference value :  4.19232e-04
 Reference value :  4.59232e-04
 Reference value :  5.09232e-04
 Reference value :  5.39232e-04
 Reference value :  5.69232e-04
 Reference value :  5.99232e-04
 Reference value :  6.39232e-04
 Reference value :  6.69232e-04
 Reference value :  6.99232e-04
 Reference value :  7.29232e-04
 Reference value :  7.69232e-04
 Reference value :  8.09232e-04
 Reference value :  8.49232e-04
 Reference value :  8.89232e-04
 Reference value :  9.19232e-04
 Reference value :  9.59232e-04
 Reference value :  9.89232e-04
 Reference value :  1.01923e-03
 Reference value :  1.05923e-03
 Reference value :  1.08923e-03
 Reference value :  1.12923e-03
 Reference value :  1.16923e-03
 Reference value :  1.19923e-03
 Reference value :  1.22923e-03
 Reference value :  1.25923e-03
 Reference value :  1.29923e-03
 Reference value :  1.33923e-03
 Reference value :  1.37923e-03
 Reference value :  1.40923e-03
 Reference value :  1.44923e-03
 Reference value :  1.48923e-03
 Reference value :  1.51923e-03
 Reference value :  1.54923e-03
 Reference value :  1.57923e-03
 Reference value :  1.60923e-03
 Reference value :  1.63923e-03
 Reference value :  1.66923e-03
 Reference value :  1.69923e-03
 Reference value :  1.72923e-03
 Reference value :  1.76923e-03
 Reference value :  1.80923e-03
 Reference value :  1.83923e-03
 Reference value :  1.86923e-03
 Reference value :  1.89923e-03
 Reference value :  1.93923e-03
 Reference value :  1.97923e-03
 Reference value :  2.00923e-03
 Reference value :  2.03923e-03
 Reference value :  2.07923e-03
 Reference value :  2.11923e-03
 Reference value :  2.15923e-03
 Reference value :  2.19923e-03
 Reference value :  2.23923e-03
 Reference value :  2.27923e-03
 Reference value :  2.31923e-03
 Reference value :  2.35923e-03
 Reference value :  2.39923e-03
 Reference value :  2.43923e-03
 Reference value :  2.47923e-03
 Reference value :  2.51923e-03
 Reference value :  2.54923e-03
 Reference value :  2.57923e-03
 Reference value :  2.61923e-03
 Reference value :  2.66923e-03
 Reference value :  2.71923e-03
 Reference value :  2.76923e-03
 Reference value :  2.81923e-03
 Reference value :  2.87923e-03
 Reference value :  2.93923e-03
 Reference value :  2.98923e-03
 Reference value :  3.03923e-03
 Reference value :  3.08923e-03
 Reference value :  3.14923e-03
 Reference value :  3.17923e-03
 Reference value :  3.22923e-03
 Reference value :  3.27923e-03
 Reference value :  3.31923e-03
 Reference value :  3.34923e-03
 Reference value :  3.38923e-03
 Reference value :  3.42923e-03
 Reference value :  3.45923e-03
 Reference value :  3.49923e-03
 Reference value :  3.52923e-03
 Reference value :  3.57923e-03
 Reference value :  3.61923e-03
 Reference value :  3.65923e-03
 Reference value :  3.70923e-03
 Reference value :  3.73923e-03
 Reference value :  3.76923e-03
 Reference value :  3.80923e-03
 Reference value :  3.84923e-03
 Reference value :  3.88923e-03
 Reference value :  3.91923e-03
 Reference value :  3.95923e-03
 Reference value :  3.99462e-03
No. of Data Rows : 443
vpk                 =  1.79832e+00 at=  1.05923e-03
vfloor              =  1.79832e+00 at=  3.99462e-03
tset                =  3.52968e-04
Doing analysis at TEMP = -40.000000 and TNOM = 27.000000

Using KLU as Direct Linear Solver
 Reference value :  0.00000e+00
 Reference value :  8.00000e-07
 Reference value :  1.28000e-05
 Reference value :  5.28000e-05
 Reference value :  9.14000e-05
 Reference value :  1.00300e-04
 Reference value :  1.00410e-04
 Reference value :  1.00493e-04
 Reference value :  1.00556e-04
 Reference value :  1.00673e-04
 Reference value :  1.00744e-04
 Reference value :  1.00796e-04
 Reference value :  1.00799e-04
 Reference value :  1.00814e-04
 Reference value :  1.00837e-04
 Reference value :  1.00875e-04
 Reference value :  1.00928e-04
 Reference value :  1.01000e-04
 Reference value :  1.01029e-04
 Reference value :  1.01525e-04
 Reference value :  1.07651e-04
 Reference value :  1.17399e-04
 Reference value :  1.22822e-04
 Reference value :  1.34066e-04
 Reference value :  1.60942e-04
 Reference value :  2.00942e-04
 Reference value :  2.40942e-04
 Reference value :  2.80942e-04
 Reference value :  3.10942e-04
 Reference value :  3.40942e-04
 Reference value :  3.60942e-04
 Reference value :  4.10942e-04
 Reference value :  4.50942e-04
 Reference value :  4.90942e-04
 Reference value :  5.20942e-04
 Reference value :  5.50942e-04
 Reference value :  5.90942e-04
 Reference value :  6.20942e-04
 Reference value :  6.50942e-04
 Reference value :  6.90942e-04
 Reference value :  7.30942e-04
 Reference value :  7.70942e-04
 Reference value :  8.10942e-04
 Reference value :  8.50942e-04
 Reference value :  8.90942e-04
 Reference value :  9.20942e-04
 Reference value :  9.60942e-04
 Reference value :  1.00094e-03
 Reference value :  1.04094e-03
 Reference value :  1.08094e-03
 Reference value :  1.12094e-03
 Reference value :  1.15094e-03
 Reference value :  1.19094e-03
 Reference value :  1.22094e-03
 Reference value :  1.26094e-03
 Reference value :  1.30094e-03
 Reference value :  1.34094e-03
 Reference value :  1.38094e-03
 Reference value :  1.43094e-03
 Reference value :  1.47094e-03
 Reference value :  1.51094e-03
 Reference value :  1.55094e-03
 Reference value :  1.59094e-03
 Reference value :  1.63094e-03
 Reference value :  1.68094e-03
 Reference value :  1.73094e-03
 Reference value :  1.77094e-03
 Reference value :  1.81094e-03
 Reference value :  1.85094e-03
 Reference value :  1.89094e-03
 Reference value :  1.93094e-03
 Reference value :  1.98094e-03
 Reference value :  2.02094e-03
 Reference value :  2.06094e-03
 Reference value :  2.10094e-03
 Reference value :  2.14094e-03
 Reference value :  2.19094e-03
 Reference value :  2.23094e-03
 Reference value :  2.27094e-03
 Reference value :  2.32094e-03
 Reference value :  2.36094e-03
 Reference value :  2.40094e-03
 Reference value :  2.44094e-03
 Reference value :  2.47094e-03
 Reference value :  2.51094e-03
 Reference value :  2.54094e-03
 Reference value :  2.58094e-03
 Reference value :  2.62094e-03
 Reference value :  2.65094e-03
 Reference value :  2.69094e-03
 Reference value :  2.73094e-03
 Reference value :  2.77094e-03
 Reference value :  2.82094e-03
 Reference value :  2.86094e-03
 Reference value :  2.91094e-03
 Reference value :  2.94094e-03
 Reference value :  2.97094e-03
 Reference value :  3.00094e-03
 Reference value :  3.03094e-03
 Reference value :  3.06094e-03
 Reference value :  3.09094e-03
 Reference value :  3.12094e-03
 Reference value :  3.16094e-03
 Reference value :  3.19094e-03
 Reference value :  3.23094e-03
 Reference value :  3.26094e-03
 Reference value :  3.30094e-03
 Reference value :  3.34094e-03
 Reference value :  3.38094e-03
 Reference value :  3.43094e-03
 Reference value :  3.47094e-03
 Reference value :  3.51094e-03
 Reference value :  3.55094e-03
 Reference value :  3.59094e-03
 Reference value :  3.63094e-03
 Reference value :  3.67094e-03
 Reference value :  3.71094e-03
 Reference value :  3.75094e-03
 Reference value :  3.79094e-03
 Reference value :  3.83094e-03
 Reference value :  3.87094e-03
 Reference value :  3.91094e-03
 Reference value :  3.95094e-03
 Reference value :  3.99094e-03
No. of Data Rows : 442
vpk                 =  1.81544e+00 at=  5.50942e-04
vfloor              =  1.81504e+00 at=  4.00000e-03
tset                =  3.11963e-04
Doing analysis at TEMP = -40.000000 and TNOM = 27.000000

Using KLU as Direct Linear Solver
 Reference value :  0.00000e+00
 Reference value :  8.00000e-07
 Reference value :  1.28000e-05
 Reference value :  4.28000e-05
 Reference value :  7.28000e-05
 Reference value :  1.00100e-04
 Reference value :  1.00300e-04
 Reference value :  1.00410e-04
 Reference value :  1.00493e-04
 Reference value :  1.00556e-04
 Reference value :  1.00673e-04
 Reference value :  1.00741e-04
 Reference value :  1.00793e-04
 Reference value :  1.00831e-04
 Reference value :  1.00896e-04
 Reference value :  1.00954e-04
 Reference value :  1.01000e-04
 Reference value :  1.01010e-04
 Reference value :  1.01073e-04
 Reference value :  1.01544e-04
 Reference value :  1.04719e-04
 Reference value :  1.17303e-04
 Reference value :  1.26075e-04
 Reference value :  1.38638e-04
 Reference value :  1.68638e-04
 Reference value :  1.98638e-04
 Reference value :  2.38638e-04
 Reference value :  2.68638e-04
 Reference value :  2.88638e-04
 Reference value :  3.08638e-04
 Reference value :  3.38638e-04
 Reference value :  3.68638e-04
 Reference value :  3.98638e-04
 Reference value :  4.28638e-04
 Reference value :  4.58638e-04
 Reference value :  4.98638e-04
 Reference value :  5.38638e-04
 Reference value :  5.78638e-04
 Reference value :  6.18638e-04
 Reference value :  6.58638e-04
 Reference value :  6.88638e-04
 Reference value :  7.18638e-04
 Reference value :  7.48638e-04
 Reference value :  7.78638e-04
 Reference value :  8.08638e-04
 Reference value :  8.38638e-04
 Reference value :  8.68638e-04
 Reference value :  9.08638e-04
 Reference value :  9.48638e-04
 Reference value :  9.88638e-04
 Reference value :  1.02864e-03
 Reference value :  1.06864e-03
 Reference value :  1.10864e-03
 Reference value :  1.14864e-03
 Reference value :  1.19864e-03
 Reference value :  1.23864e-03
 Reference value :  1.27864e-03
 Reference value :  1.31864e-03
 Reference value :  1.35864e-03
 Reference value :  1.39864e-03
 Reference value :  1.44864e-03
 Reference value :  1.48864e-03
 Reference value :  1.53864e-03
 Reference value :  1.57864e-03
 Reference value :  1.61864e-03
 Reference value :  1.65864e-03
 Reference value :  1.69864e-03
 Reference value :  1.73864e-03
 Reference value :  1.76864e-03
 Reference value :  1.80864e-03
 Reference value :  1.84864e-03
 Reference value :  1.88864e-03
 Reference value :  1.91864e-03
 Reference value :  1.95864e-03
 Reference value :  1.98864e-03
 Reference value :  2.02864e-03
 Reference value :  2.05864e-03
 Reference value :  2.08864e-03
 Reference value :  2.12864e-03
 Reference value :  2.16864e-03
 Reference value :  2.20864e-03
 Reference value :  2.24864e-03
 Reference value :  2.29864e-03
 Reference value :  2.33864e-03
 Reference value :  2.37864e-03
 Reference value :  2.41864e-03
 Reference value :  2.45864e-03
 Reference value :  2.49864e-03
 Reference value :  2.52864e-03
 Reference value :  2.55864e-03
 Reference value :  2.58864e-03
 Reference value :  2.61864e-03
 Reference value :  2.65864e-03
 Reference value :  2.69864e-03
 Reference value :  2.73864e-03
 Reference value :  2.77864e-03
 Reference value :  2.81864e-03
 Reference value :  2.85864e-03
 Reference value :  2.89864e-03
 Reference value :  2.93864e-03
 Reference value :  2.97864e-03
 Reference value :  3.01864e-03
 Reference value :  3.05864e-03
 Reference value :  3.09864e-03
 Reference value :  3.13864e-03
 Reference value :  3.16864e-03
 Reference value :  3.20864e-03
 Reference value :  3.23864e-03
 Reference value :  3.26864e-03
 Reference value :  3.29864e-03
 Reference value :  3.33864e-03
 Reference value :  3.36864e-03
 Reference value :  3.40864e-03
 Reference value :  3.43864e-03
 Reference value :  3.47864e-03
 Reference value :  3.51864e-03
 Reference value :  3.55864e-03
 Reference value :  3.58864e-03
 Reference value :  3.61864e-03
 Reference value :  3.64864e-03
 Reference value :  3.67864e-03
 Reference value :  3.70864e-03
 Reference value :  3.73864e-03
 Reference value :  3.76864e-03
 Reference value :  3.79864e-03
 Reference value :  3.82864e-03
 Reference value :  3.86864e-03
 Reference value :  3.90864e-03
 Reference value :  3.94864e-03
 Reference value :  3.97864e-03
No. of Data Rows : 439
vpk                 =  1.79841e+00 at=  8.68638e-04
vfloor              =  1.79838e+00 at=  4.00000e-03
tset                =  3.26217e-04
meas_vpk_c033_0ma_v = 1.807424e+00
meas_vfloor_c033_0ma_v = 1.801803e+00
meas_tramp_c033_0ma_ms = 2.242558e-01
meas_vpk_c033_50ma_v = 1.798316e+00
meas_vfloor_c033_50ma_v = 1.798316e+00
meas_tramp_c033_50ma_ms = 2.529683e-01
meas_vpk_c47_0ma_v = 1.815445e+00
meas_vfloor_c47_0ma_v = 1.815043e+00
meas_tramp_c47_0ma_ms = 2.119628e-01
meas_vpk_c47_50ma_v = 1.798412e+00
meas_vfloor_c47_50ma_v = 1.798375e+00
meas_tramp_c47_50ma_ms = 2.262166e-01
ngspice-46 done

# ==== ngspice stderr ====
Note: Starting dynamic gmin stepping
Note: Dynamic gmin stepping completed
Note: Starting dynamic gmin stepping
Note: Dynamic gmin stepping completed
Note: Starting dynamic gmin stepping
Note: Dynamic gmin stepping completed
Note: Starting dynamic gmin stepping
Note: Dynamic gmin stepping completed
