# corner: ss_125c_3.30v
# process=ss temp=125C supply=3.30V
# ngspice exit: 0
# wall clock: 100.4s (--timeout was 300s)
# result: PASS

# ==== deck (exact input given to ngspice) ====
| * startup corner deck -- generated by sim/bin/corner-run.py, do not edit
| * corner: ss_125c_3.30v
| .param vsup=3.3
| .option wnflag=1
| .temp 125
| .lib "/home/ubuntu/.volare/sky130A/libs.tech/combined/sky130.lib.spice" ss
| ** sch_path: sim/startup/testbench/tb_startup.sch
| **.subckt tb_startup
| VVIN VIN 0 'vsup'
| .save i(vvin)
| VEN EN 0 PULSE(0 'vsup' 100u 1u 1u 100 200)
| .save i(ven)
| VVREF VREF 0 1.2
| .save i(vvref)
| xldo VOUT VREF EN VIN ldo_3v3in_1v8out
| COUT VOUT VESR 0.33u m=1
| RESR VESR 0 10m m=1
| RLOAD VOUT 0 1e12 m=1
| **.ends
| 
| * expanding   symbol:  design/ldo_3v3in_1v8out.sym # of pins=4
| ** sym_path: design/ldo_3v3in_1v8out.sym
| ** sch_path: design/ldo_3v3in_1v8out.sch
| .subckt ldo_3v3in_1v8out VOUT VREF EN VIN
| *.ipin VIN
| *.ipin EN
| *.ipin VREF
| *.opin VOUT
| XR_BIAS VIN NB 0 sky130_fd_pr__res_high_po W=0.42 L=1500 mult=1 m=1
| XM_BIASN1 NB NB BIAS_ENN 0 sky130_fd_pr__nfet_g5v0d10v5 L=1 W=4 nf=1 ad=1.16 as=1.16 pd=8.58 ps=8.58 nrd=0.0725 nrs=0.0725 sa=0
| + sb=0 sd=0 mult=1 m=1
| XM_ENN BIAS_ENN EN 0 0 sky130_fd_pr__nfet_g5v0d10v5 L=0.5 W=10 nf=1 ad=2.9 as=2.9 pd=20.58 ps=20.58 nrd=0.029 nrs=0.029 sa=0 sb=0
| + sd=0 mult=1 m=1
| XM_BIASN2 BIASP NB BIAS_ENN 0 sky130_fd_pr__nfet_g5v0d10v5 L=1 W=4 nf=1 ad=1.16 as=1.16 pd=8.58 ps=8.58 nrd=0.0725 nrs=0.0725 sa=0
| + sb=0 sd=0 mult=1 m=1
| XM_BIASP1 BIASP BIASP VIN VIN sky130_fd_pr__pfet_g5v0d10v5 L=1 W=10 nf=2 ad=1.45 as=2.9 pd=10.58 ps=21.16 nrd=0.029 nrs=0.029 sa=0
| + sb=0 sd=0 mult=1 m=1
| XM_ENP2 BIASP EN VIN VIN sky130_fd_pr__pfet_g5v0d10v5 L=0.5 W=10 nf=1 ad=2.9 as=2.9 pd=20.58 ps=20.58 nrd=0.029 nrs=0.029 sa=0
| + sb=0 sd=0 mult=1 m=1
| XM_TAIL EA_TAIL BIASP VIN VIN sky130_fd_pr__pfet_g5v0d10v5 L=2 W=40 nf=8 ad=5.8 as=7.25 pd=42.32 ps=52.9 nrd=0.00725 nrs=0.00725
| + sa=0 sb=0 sd=0 mult=1 m=1
| XM_IN1 EA_D1 FB EA_TAIL VIN sky130_fd_pr__pfet_g5v0d10v5 L=2 W=10 nf=2 ad=1.45 as=2.9 pd=10.58 ps=21.16 nrd=0.029 nrs=0.029 sa=0
| + sb=0 sd=0 mult=1 m=1
| XM_IN2 EA_D2 VREF EA_TAIL VIN sky130_fd_pr__pfet_g5v0d10v5 L=2 W=10 nf=2 ad=1.45 as=2.9 pd=10.58 ps=21.16 nrd=0.029 nrs=0.029 sa=0
| + sb=0 sd=0 mult=1 m=1
| XM_MIR1 EA_D1 EA_D1 AMP_ENN 0 sky130_fd_pr__nfet_g5v0d10v5 L=4 W=10 nf=2 ad=1.45 as=2.9 pd=10.58 ps=21.16 nrd=0.029 nrs=0.029 sa=0
| + sb=0 sd=0 mult=1 m=1
| XM_MIR2 EA_OUT EA_D1 AMP_ENN 0 sky130_fd_pr__nfet_g5v0d10v5 L=4 W=10 nf=2 ad=1.45 as=2.9 pd=10.58 ps=21.16 nrd=0.029 nrs=0.029
| + sa=0 sb=0 sd=0 mult=1 m=1
| XM_ENN2 AMP_ENN EN 0 0 sky130_fd_pr__nfet_g5v0d10v5 L=0.5 W=10 nf=1 ad=2.9 as=2.9 pd=20.58 ps=20.58 nrd=0.029 nrs=0.029 sa=0 sb=0
| + sd=0 mult=1 m=1
| XM_ENP EA_OUT EN VIN VIN sky130_fd_pr__pfet_g5v0d10v5 L=0.5 W=10 nf=1 ad=2.9 as=2.9 pd=20.58 ps=20.58 nrd=0.029 nrs=0.029 sa=0
| + sb=0 sd=0 mult=1 m=1
| XM_MIR3 EA_D2 EA_D2 AMP_ENN 0 sky130_fd_pr__nfet_g5v0d10v5 L=4 W=10 nf=2 ad=1.45 as=2.9 pd=10.58 ps=21.16 nrd=0.029 nrs=0.029 sa=0
| + sb=0 sd=0 mult=1 m=1
| XM_MIR4 PB EA_D2 AMP_ENN 0 sky130_fd_pr__nfet_g5v0d10v5 L=4 W=10 nf=2 ad=1.45 as=2.9 pd=10.58 ps=21.16 nrd=0.029 nrs=0.029 sa=0
| + sb=0 sd=0 mult=1 m=1
| XM_MIRP1 PB PB VIN VIN sky130_fd_pr__pfet_g5v0d10v5 L=4 W=20 nf=4 ad=2.9 as=4.35 pd=21.16 ps=31.74 nrd=0.0145 nrs=0.0145 sa=0 sb=0
| + sd=0 mult=1 m=1
| XM_MIRP2 EA_OUT PB VIN VIN sky130_fd_pr__pfet_g5v0d10v5 L=4 W=20 nf=4 ad=2.9 as=4.35 pd=21.16 ps=31.74 nrd=0.0145 nrs=0.0145 sa=0
| + sb=0 sd=0 mult=1 m=1
| XM_ENP5 PB EN VIN VIN sky130_fd_pr__pfet_g5v0d10v5 L=0.5 W=2 nf=1 ad=0.58 as=0.58 pd=4.58 ps=4.58 nrd=0.145 nrs=0.145 sa=0 sb=0
| + sd=0 mult=1 m=1
| XM_PASS VOUT EA_OUT VIN VIN sky130_fd_pr__pfet_g5v0d10v5 L=0.5 W=100 nf=25 ad=15.08 as=15.08 pd=111.54 ps=111.54 nrd=0.0029
| + nrs=0.0029 sa=0 sb=0 sd=0 mult=25 m=25
| C_COMP VOUT EA_CZ 150p m=1
| XR_CZ EA_CZ EA_OUT 0 sky130_fd_pr__res_xhigh_po W=0.42 L=52 mult=1 m=1
| XR_FB_A VOUT FB 0 sky130_fd_pr__res_xhigh_po W=0.42 L=180 mult=1 m=1
| XR_FB_B FB N_FBB 0 sky130_fd_pr__res_xhigh_po W=0.42 L=180 mult=1 m=1
| XR_FB_C N_FBB 0 0 sky130_fd_pr__res_xhigh_po W=0.42 L=180 mult=1 m=1
| XM_SENSE CL_SNS EA_OUT VIN VIN sky130_fd_pr__pfet_g5v0d10v5 L=0.5 W=0.42 nf=1 ad=0.1218 as=0.1218 pd=1.42 ps=1.42
| + nrd=0.69047619047619 nrs=0.69047619047619 sa=0 sb=0 sd=0 mult=1 m=1
| XM_CLN1 CL_SNS CL_SNS AMP_ENN 0 sky130_fd_pr__nfet_g5v0d10v5 L=1 W=20 nf=1 ad=5.8 as=5.8 pd=40.58 ps=40.58 nrd=0.0145 nrs=0.0145
| + sa=0 sb=0 sd=0 mult=1 m=1
| XM_CLN2 CL_CMP CL_SNS AMP_ENN 0 sky130_fd_pr__nfet_g5v0d10v5 L=1 W=1.6 nf=1 ad=0.464 as=0.464 pd=3.78 ps=3.78 nrd=0.18125
| + nrs=0.18125 sa=0 sb=0 sd=0 mult=1 m=1
| XM_CLP CL_CMP BIASP VIN VIN sky130_fd_pr__pfet_g5v0d10v5 L=1 W=10 nf=2 ad=1.45 as=2.9 pd=10.58 ps=21.16 nrd=0.029 nrs=0.029 sa=0
| + sb=0 sd=0 mult=1 m=1
| XM_CLIM EA_OUT CL_CMP VIN VIN sky130_fd_pr__pfet_g5v0d10v5 L=0.5 W=20 nf=4 ad=2.9 as=4.35 pd=21.16 ps=31.74 nrd=0.0145 nrs=0.0145
| + sa=0 sb=0 sd=0 mult=1 m=1
| XM_ENP3 CL_CMP EN VIN VIN sky130_fd_pr__pfet_g5v0d10v5 L=0.5 W=2 nf=1 ad=0.58 as=0.58 pd=4.58 ps=4.58 nrd=0.145 nrs=0.145 sa=0
| + sb=0 sd=0 mult=1 m=1
| C_CL VIN CL_CMP 1p m=1
| XM_INVP ENB EN VIN VIN sky130_fd_pr__pfet_g5v0d10v5 L=0.5 W=2 nf=1 ad=0.58 as=0.58 pd=4.58 ps=4.58 nrd=0.145 nrs=0.145 sa=0 sb=0
| + sd=0 mult=1 m=1
| XM_INVN ENB EN 0 0 sky130_fd_pr__nfet_g5v0d10v5 L=0.5 W=1 nf=1 ad=0.29 as=0.29 pd=2.58 ps=2.58 nrd=0.29 nrs=0.29 sa=0 sb=0 sd=0
| + mult=1 m=1
| XM_SSDIS SS ENB 0 0 sky130_fd_pr__nfet_g5v0d10v5 L=0.5 W=2 nf=1 ad=0.58 as=0.58 pd=4.58 ps=4.58 nrd=0.145 nrs=0.145 sa=0 sb=0 sd=0
| + mult=1 m=1
| XM_SSCHG SS BIASP VIN VIN sky130_fd_pr__pfet_g5v0d10v5 L=8 W=1 nf=1 ad=0.29 as=0.29 pd=2.58 ps=2.58 nrd=0.29 nrs=0.29 sa=0 sb=0
| + sd=0 mult=1 m=1
| C_SS SS 0 10p m=1
| XM_IN2S EA_D2 SS EA_TAIL VIN sky130_fd_pr__pfet_g5v0d10v5 L=2 W=10 nf=2 ad=1.45 as=2.9 pd=10.58 ps=21.16 nrd=0.029 nrs=0.029 sa=0
| + sb=0 sd=0 mult=1 m=1
| XM_TSPS TS_SNS BIASP VIN VIN sky130_fd_pr__pfet_g5v0d10v5 L=1 W=2.5 nf=1 ad=0.725 as=0.725 pd=5.58 ps=5.58 nrd=0.116 nrs=0.116
| + sa=0 sb=0 sd=0 mult=1 m=1
| XM_TSD1 TS_SNS TS_SNS TS_MID 0 sky130_fd_pr__nfet_g5v0d10v5 L=1 W=80 nf=16 ad=11.6 as=13.05 pd=84.64 ps=95.22 nrd=0.003625
| + nrs=0.003625 sa=0 sb=0 sd=0 mult=1 m=1
| XM_TSD2 TS_MID TS_MID AMP_ENN 0 sky130_fd_pr__nfet_g5v0d10v5 L=1 W=80 nf=16 ad=11.6 as=13.05 pd=84.64 ps=95.22 nrd=0.003625
| + nrs=0.003625 sa=0 sb=0 sd=0 mult=1 m=1
| XM_TSPR TS_REF BIASP VIN VIN sky130_fd_pr__pfet_g5v0d10v5 L=1 W=2.5 nf=1 ad=0.725 as=0.725 pd=5.58 ps=5.58 nrd=0.116 nrs=0.116
| + sa=0 sb=0 sd=0 mult=1 m=1
| XM_TSR1 TS_REF TS_REF AMP_ENN 0 sky130_fd_pr__nfet_g5v0d10v5 L=10 W=2 nf=1 ad=0.58 as=0.58 pd=4.58 ps=4.58 nrd=0.145 nrs=0.145
| + sa=0 sb=0 sd=0 mult=1 m=1
| XM_TCTAIL TC_TAIL NB AMP_ENN 0 sky130_fd_pr__nfet_g5v0d10v5 L=1 W=1 nf=1 ad=0.29 as=0.29 pd=2.58 ps=2.58 nrd=0.29 nrs=0.29 sa=0
| + sb=0 sd=0 mult=1 m=1
| XM_TCN1 TC_D1 TS_SNS TC_TAIL 0 sky130_fd_pr__nfet_g5v0d10v5 L=2 W=10 nf=2 ad=1.45 as=2.9 pd=10.58 ps=21.16 nrd=0.029 nrs=0.029
| + sa=0 sb=0 sd=0 mult=1 m=1
| XM_TCN2 TS_CMP TS_REF TC_TAIL 0 sky130_fd_pr__nfet_g5v0d10v5 L=2 W=10 nf=2 ad=1.45 as=2.9 pd=10.58 ps=21.16 nrd=0.029 nrs=0.029
| + sa=0 sb=0 sd=0 mult=1 m=1
| XM_TCP1 TC_D1 TC_D1 VIN VIN sky130_fd_pr__pfet_g5v0d10v5 L=2 W=10 nf=2 ad=1.45 as=2.9 pd=10.58 ps=21.16 nrd=0.029 nrs=0.029 sa=0
| + sb=0 sd=0 mult=1 m=1
| XM_TCP2 TS_CMP TC_D1 VIN VIN sky130_fd_pr__pfet_g5v0d10v5 L=2 W=10 nf=2 ad=1.45 as=2.9 pd=10.58 ps=21.16 nrd=0.029 nrs=0.029 sa=0
| + sb=0 sd=0 mult=1 m=1
| XM_TSHUT EA_OUT TS_CMP VIN VIN sky130_fd_pr__pfet_g5v0d10v5 L=0.5 W=20 nf=4 ad=2.9 as=4.35 pd=21.16 ps=31.74 nrd=0.0145 nrs=0.0145
| + sa=0 sb=0 sd=0 mult=1 m=1
| XM_TSHYSB TS_HYS BIASP VIN VIN sky130_fd_pr__pfet_g5v0d10v5 L=2 W=1.5 nf=1 ad=0.435 as=0.435 pd=3.58 ps=3.58 nrd=0.193333333333333
| + nrs=0.193333333333333 sa=0 sb=0 sd=0 mult=1 m=1
| XM_TSHYS TS_REF TS_CMP TS_HYS VIN sky130_fd_pr__pfet_g5v0d10v5 L=0.5 W=2 nf=1 ad=0.58 as=0.58 pd=4.58 ps=4.58 nrd=0.145 nrs=0.145
| + sa=0 sb=0 sd=0 mult=1 m=1
| XM_ENP4 TS_CMP EN VIN VIN sky130_fd_pr__pfet_g5v0d10v5 L=0.5 W=2 nf=1 ad=0.58 as=0.58 pd=4.58 ps=4.58 nrd=0.145 nrs=0.145 sa=0
| + sb=0 sd=0 mult=1 m=1
| C_TS VIN TS_CMP 1p m=1
| .ends
| 
| .control
| save all
| * --- leg 1: C_out 0.33uF, 0 mA (feedback divider is the only preload) ---
| tran 10u 4m
| meas tran vpk max v(vout) from=100u to=4m
| meas tran vfloor min v(vout) from=3.1m to=4m
| meas tran tset when v(vout)=1.764 rise=1
| * --- leg 2: C_out 0.33uF, 50 mA ---
| alter rload = 36
| tran 10u 4m
| meas tran vpk max v(vout) from=100u to=4m
| meas tran vfloor min v(vout) from=3.1m to=4m
| meas tran tset when v(vout)=1.764 rise=1
| * --- leg 3: C_out 4.7uF, 0 mA ---
| alter cout = 4.7u
| alter rload = 1e12
| tran 10u 4m
| meas tran vpk max v(vout) from=100u to=4m
| meas tran vfloor min v(vout) from=3.1m to=4m
| meas tran tset when v(vout)=1.764 rise=1
| * --- leg 4: C_out 4.7uF, 50 mA ---
| alter rload = 36
| tran 10u 4m
| meas tran vpk max v(vout) from=100u to=4m
| meas tran vfloor min v(vout) from=3.1m to=4m
| meas tran tset when v(vout)=1.764 rise=1
| let meas_vpk_c033_0ma_v = tran1.vpk
| let meas_vfloor_c033_0ma_v = tran1.vfloor
| let meas_tramp_c033_0ma_ms = 1000*(tran1.tset - 100u)
| let meas_vpk_c033_50ma_v = tran2.vpk
| let meas_vfloor_c033_50ma_v = tran2.vfloor
| let meas_tramp_c033_50ma_ms = 1000*(tran2.tset - 100u)
| let meas_vpk_c47_0ma_v = tran3.vpk
| let meas_vfloor_c47_0ma_v = tran3.vfloor
| let meas_tramp_c47_0ma_ms = 1000*(tran3.tset - 100u)
| let meas_vpk_c47_50ma_v = tran4.vpk
| let meas_vfloor_c47_50ma_v = tran4.vfloor
| let meas_tramp_c47_50ma_ms = 1000*(tran4.tset - 100u)
| print meas_vpk_c033_0ma_v
| print meas_vfloor_c033_0ma_v
| print meas_tramp_c033_0ma_ms
| print meas_vpk_c033_50ma_v
| print meas_vfloor_c033_50ma_v
| print meas_tramp_c033_50ma_ms
| print meas_vpk_c47_0ma_v
| print meas_vfloor_c47_0ma_v
| print meas_tramp_c47_0ma_ms
| print meas_vpk_c47_50ma_v
| print meas_vfloor_c47_50ma_v
| print meas_tramp_c47_50ma_ms
| quit
| .endc
| .end

# ==== ngspice stdout ====

Note: Compatibility modes selected: hs a


Circuit: * startup corner deck -- generated by sim/bin/corner-run.py, do not edit

option SCALE: Scale is set to 1e-06 for instance and model parameters
option SCALE: Scale is set to 1e-06 for instance and model parameters
option SCALE: Scale is set to 1e-06 for instance and model parameters
option SCALE: Scale is set to 1e-06 for instance and model parameters
Doing analysis at TEMP = 125.000000 and TNOM = 27.000000

Using KLU as Direct Linear Solver
 Reference value :  0.00000e+00
 Reference value :  4.00000e-07
 Reference value :  6.40000e-06
 Reference value :  4.28000e-05
 Reference value :  7.28000e-05
 Reference value :  1.00100e-04
 Reference value :  1.00411e-04
 Reference value :  1.00587e-04
 Reference value :  1.00752e-04
 Reference value :  1.00926e-04
 Reference value :  1.01000e-04
 Reference value :  1.01040e-04
 Reference value :  1.01167e-04
 Reference value :  1.01240e-04
 Reference value :  1.01412e-04
 Reference value :  1.01874e-04
 Reference value :  1.03164e-04
 Reference value :  1.18274e-04
 Reference value :  1.28274e-04
 Reference value :  1.48274e-04
 Reference value :  1.78274e-04
 Reference value :  2.08274e-04
 Reference value :  2.38274e-04
 Reference value :  2.68274e-04
 Reference value :  2.98274e-04
 Reference value :  3.28274e-04
 Reference value :  3.58274e-04
 Reference value :  3.88274e-04
 Reference value :  4.18274e-04
 Reference value :  4.48274e-04
 Reference value :  4.78274e-04
 Reference value :  5.08274e-04
 Reference value :  5.48274e-04
 Reference value :  5.88274e-04
 Reference value :  6.28274e-04
 Reference value :  6.58274e-04
 Reference value :  6.88274e-04
 Reference value :  7.18274e-04
 Reference value :  7.48274e-04
 Reference value :  7.78274e-04
 Reference value :  8.18274e-04
 Reference value :  8.58274e-04
 Reference value :  8.98274e-04
 Reference value :  9.38274e-04
 Reference value :  9.78274e-04
 Reference value :  1.01827e-03
 Reference value :  1.05827e-03
 Reference value :  1.09827e-03
 Reference value :  1.13827e-03
 Reference value :  1.17827e-03
 Reference value :  1.21827e-03
 Reference value :  1.25827e-03
 Reference value :  1.29827e-03
 Reference value :  1.33827e-03
 Reference value :  1.37827e-03
 Reference value :  1.41827e-03
 Reference value :  1.45827e-03
 Reference value :  1.49827e-03
 Reference value :  1.53827e-03
 Reference value :  1.57827e-03
 Reference value :  1.61827e-03
 Reference value :  1.65827e-03
 Reference value :  1.69827e-03
 Reference value :  1.73827e-03
 Reference value :  1.76827e-03
 Reference value :  1.79827e-03
 Reference value :  1.82827e-03
 Reference value :  1.86827e-03
 Reference value :  1.90827e-03
 Reference value :  1.94827e-03
 Reference value :  1.97827e-03
 Reference value :  2.00827e-03
 Reference value :  2.04827e-03
 Reference value :  2.07827e-03
 Reference value :  2.11827e-03
 Reference value :  2.15827e-03
 Reference value :  2.18827e-03
 Reference value :  2.21827e-03
 Reference value :  2.24827e-03
 Reference value :  2.28827e-03
 Reference value :  2.33827e-03
 Reference value :  2.37827e-03
 Reference value :  2.41827e-03
 Reference value :  2.45827e-03
 Reference value :  2.49827e-03
 Reference value :  2.53827e-03
 Reference value :  2.56827e-03
 Reference value :  2.60827e-03
 Reference value :  2.63827e-03
 Reference value :  2.67827e-03
 Reference value :  2.70827e-03
 Reference value :  2.73827e-03
 Reference value :  2.76827e-03
 Reference value :  2.80827e-03
 Reference value :  2.84827e-03
 Reference value :  2.88827e-03
 Reference value :  2.91827e-03
 Reference value :  2.95827e-03
 Reference value :  2.99827e-03
 Reference value :  3.03827e-03
 Reference value :  3.06827e-03
 Reference value :  3.10827e-03
 Reference value :  3.14827e-03
 Reference value :  3.17827e-03
 Reference value :  3.21827e-03
 Reference value :  3.25827e-03
 Reference value :  3.29827e-03
 Reference value :  3.32827e-03
 Reference value :  3.35827e-03
 Reference value :  3.38827e-03
 Reference value :  3.42827e-03
 Reference value :  3.46827e-03
 Reference value :  3.50827e-03
 Reference value :  3.54827e-03
 Reference value :  3.57827e-03
 Reference value :  3.60827e-03
 Reference value :  3.64827e-03
 Reference value :  3.68827e-03
 Reference value :  3.72827e-03
 Reference value :  3.76827e-03
 Reference value :  3.80827e-03
 Reference value :  3.84827e-03
 Reference value :  3.88827e-03
 Reference value :  3.92827e-03
 Reference value :  3.96827e-03
 Reference value :  4.00000e-03
No. of Data Rows : 438
vpk                 =  1.81943e+00 at=  8.38274e-04
vfloor              =  1.81425e+00 at=  4.00000e-03
tset                =  5.10420e-04
Doing analysis at TEMP = 125.000000 and TNOM = 27.000000

Using KLU as Direct Linear Solver
 Reference value :  0.00000e+00
 Reference value :  8.00000e-07
 Reference value :  6.40000e-06
 Reference value :  3.28000e-05
 Reference value :  6.28000e-05
 Reference value :  9.14000e-05
 Reference value :  1.00100e-04
 Reference value :  1.00300e-04
 Reference value :  1.00411e-04
 Reference value :  1.00516e-04
 Reference value :  1.00587e-04
 Reference value :  1.00752e-04
 Reference value :  1.00853e-04
 Reference value :  1.00926e-04
 Reference value :  1.01000e-04
 Reference value :  1.01041e-04
 Reference value :  1.01110e-04
 Reference value :  1.01232e-04
 Reference value :  1.01397e-04
 Reference value :  1.01858e-04
 Reference value :  1.03113e-04
 Reference value :  1.09787e-04
 Reference value :  1.19671e-04
 Reference value :  1.29965e-04
 Reference value :  1.41894e-04
 Reference value :  1.70761e-04
 Reference value :  2.10761e-04
 Reference value :  2.50761e-04
 Reference value :  2.90761e-04
 Reference value :  3.20761e-04
 Reference value :  3.60761e-04
 Reference value :  4.00761e-04
 Reference value :  4.40761e-04
 Reference value :  4.80761e-04
 Reference value :  5.20761e-04
 Reference value :  5.60761e-04
 Reference value :  6.00761e-04
 Reference value :  6.30761e-04
 Reference value :  6.70761e-04
 Reference value :  7.10761e-04
 Reference value :  7.50761e-04
 Reference value :  7.90761e-04
 Reference value :  8.20761e-04
 Reference value :  8.60761e-04
 Reference value :  9.00761e-04
 Reference value :  9.40761e-04
 Reference value :  9.80761e-04
 Reference value :  1.02076e-03
 Reference value :  1.06076e-03
 Reference value :  1.10076e-03
 Reference value :  1.13076e-03
 Reference value :  1.17076e-03
 Reference value :  1.21076e-03
 Reference value :  1.24076e-03
 Reference value :  1.28076e-03
 Reference value :  1.32076e-03
 Reference value :  1.36076e-03
 Reference value :  1.39076e-03
 Reference value :  1.42076e-03
 Reference value :  1.46076e-03
 Reference value :  1.50076e-03
 Reference value :  1.54076e-03
 Reference value :  1.57076e-03
 Reference value :  1.61076e-03
 Reference value :  1.65076e-03
 Reference value :  1.69076e-03
 Reference value :  1.73076e-03
 Reference value :  1.77076e-03
 Reference value :  1.80076e-03
 Reference value :  1.84076e-03
 Reference value :  1.88076e-03
 Reference value :  1.91076e-03
 Reference value :  1.94076e-03
 Reference value :  1.97076e-03
 Reference value :  2.00076e-03
 Reference value :  2.04076e-03
 Reference value :  2.08076e-03
 Reference value :  2.12076e-03
 Reference value :  2.16076e-03
 Reference value :  2.20076e-03
 Reference value :  2.24076e-03
 Reference value :  2.27076e-03
 Reference value :  2.30076e-03
 Reference value :  2.33076e-03
 Reference value :  2.36076e-03
 Reference value :  2.40076e-03
 Reference value :  2.44076e-03
 Reference value :  2.48076e-03
 Reference value :  2.52076e-03
 Reference value :  2.55076e-03
 Reference value :  2.59076e-03
 Reference value :  2.63076e-03
 Reference value :  2.66076e-03
 Reference value :  2.70076e-03
 Reference value :  2.74076e-03
 Reference value :  2.77076e-03
 Reference value :  2.81076e-03
 Reference value :  2.85076e-03
 Reference value :  2.89076e-03
 Reference value :  2.93076e-03
 Reference value :  2.96076e-03
 Reference value :  2.99076e-03
 Reference value :  3.03076e-03
 Reference value :  3.07076e-03
 Reference value :  3.10076e-03
 Reference value :  3.14076e-03
 Reference value :  3.18076e-03
 Reference value :  3.22076e-03
 Reference value :  3.26076e-03
 Reference value :  3.30076e-03
 Reference value :  3.34076e-03
 Reference value :  3.38076e-03
 Reference value :  3.42076e-03
 Reference value :  3.46076e-03
 Reference value :  3.49076e-03
 Reference value :  3.52076e-03
 Reference value :  3.55076e-03
 Reference value :  3.59076e-03
 Reference value :  3.63076e-03
 Reference value :  3.67076e-03
 Reference value :  3.71076e-03
 Reference value :  3.75076e-03
 Reference value :  3.79076e-03
 Reference value :  3.83076e-03
 Reference value :  3.87076e-03
 Reference value :  3.91076e-03
 Reference value :  3.95076e-03
 Reference value :  3.98076e-03
No. of Data Rows : 440
vpk                 =  1.79741e+00 at=  1.34076e-03
vfloor              =  1.79741e+00 at=  4.00000e-03
tset                =  5.38922e-04
Doing analysis at TEMP = 125.000000 and TNOM = 27.000000

Using KLU as Direct Linear Solver
 Reference value :  0.00000e+00
 Reference value :  8.00000e-07
 Reference value :  6.40000e-06
 Reference value :  4.28000e-05
 Reference value :  8.28000e-05
 Reference value :  1.00100e-04
 Reference value :  1.00300e-04
 Reference value :  1.00411e-04
 Reference value :  1.00587e-04
 Reference value :  1.00658e-04
 Reference value :  1.00853e-04
 Reference value :  1.00926e-04
 Reference value :  1.01000e-04
 Reference value :  1.01040e-04
 Reference value :  1.01167e-04
 Reference value :  1.01240e-04
 Reference value :  1.01412e-04
 Reference value :  1.01874e-04
 Reference value :  1.02641e-04
 Reference value :  1.10238e-04
 Reference value :  1.28274e-04
 Reference value :  1.48274e-04
 Reference value :  1.68274e-04
 Reference value :  1.98274e-04
 Reference value :  2.38274e-04
 Reference value :  2.78274e-04
 Reference value :  3.18274e-04
 Reference value :  3.58274e-04
 Reference value :  3.98274e-04
 Reference value :  4.38274e-04
 Reference value :  4.68274e-04
 Reference value :  5.08274e-04
 Reference value :  5.48274e-04
 Reference value :  5.88274e-04
 Reference value :  6.28274e-04
 Reference value :  6.68274e-04
 Reference value :  6.98274e-04
 Reference value :  7.28274e-04
 Reference value :  7.58274e-04
 Reference value :  7.88274e-04
 Reference value :  8.28274e-04
 Reference value :  8.68274e-04
 Reference value :  9.08274e-04
 Reference value :  9.48274e-04
 Reference value :  9.88274e-04
 Reference value :  1.02827e-03
 Reference value :  1.06827e-03
 Reference value :  1.10827e-03
 Reference value :  1.13827e-03
 Reference value :  1.17827e-03
 Reference value :  1.21827e-03
 Reference value :  1.25827e-03
 Reference value :  1.29827e-03
 Reference value :  1.33827e-03
 Reference value :  1.37827e-03
 Reference value :  1.40827e-03
 Reference value :  1.44827e-03
 Reference value :  1.48827e-03
 Reference value :  1.52827e-03
 Reference value :  1.56827e-03
 Reference value :  1.60827e-03
 Reference value :  1.64827e-03
 Reference value :  1.68827e-03
 Reference value :  1.73827e-03
 Reference value :  1.78827e-03
 Reference value :  1.83827e-03
 Reference value :  1.88827e-03
 Reference value :  1.92827e-03
 Reference value :  1.96827e-03
 Reference value :  2.00827e-03
 Reference value :  2.04827e-03
 Reference value :  2.08827e-03
 Reference value :  2.13827e-03
 Reference value :  2.17827e-03
 Reference value :  2.21827e-03
 Reference value :  2.25827e-03
 Reference value :  2.28827e-03
 Reference value :  2.32827e-03
 Reference value :  2.36827e-03
 Reference value :  2.40827e-03
 Reference value :  2.44827e-03
 Reference value :  2.48827e-03
 Reference value :  2.52827e-03
 Reference value :  2.56827e-03
 Reference value :  2.59827e-03
 Reference value :  2.63827e-03
 Reference value :  2.66827e-03
 Reference value :  2.69827e-03
 Reference value :  2.72827e-03
 Reference value :  2.75827e-03
 Reference value :  2.78827e-03
 Reference value :  2.81827e-03
 Reference value :  2.84827e-03
 Reference value :  2.88827e-03
 Reference value :  2.92827e-03
 Reference value :  2.96827e-03
 Reference value :  3.00827e-03
 Reference value :  3.04827e-03
 Reference value :  3.08827e-03
 Reference value :  3.12827e-03
 Reference value :  3.16827e-03
 Reference value :  3.20827e-03
 Reference value :  3.24827e-03
 Reference value :  3.28827e-03
 Reference value :  3.32827e-03
 Reference value :  3.36827e-03
 Reference value :  3.40827e-03
 Reference value :  3.44827e-03
 Reference value :  3.48827e-03
 Reference value :  3.52827e-03
 Reference value :  3.57827e-03
 Reference value :  3.61827e-03
 Reference value :  3.65827e-03
 Reference value :  3.68827e-03
 Reference value :  3.71827e-03
 Reference value :  3.74827e-03
 Reference value :  3.78827e-03
 Reference value :  3.81827e-03
 Reference value :  3.85827e-03
 Reference value :  3.89827e-03
 Reference value :  3.93827e-03
 Reference value :  3.97827e-03
 Reference value :  4.00000e-03
No. of Data Rows : 438
vpk                 =  1.82884e+00 at=  8.38274e-04
vfloor              =  1.82846e+00 at=  4.00000e-03
tset                =  5.00525e-04
Doing analysis at TEMP = 125.000000 and TNOM = 27.000000

Using KLU as Direct Linear Solver
 Reference value :  0.00000e+00
 Reference value :  8.00000e-07
 Reference value :  1.28000e-05
 Reference value :  5.28000e-05
 Reference value :  9.14000e-05
 Reference value :  1.00300e-04
 Reference value :  1.00411e-04
 Reference value :  1.00516e-04
 Reference value :  1.00587e-04
 Reference value :  1.00658e-04
 Reference value :  1.00853e-04
 Reference value :  1.00926e-04
 Reference value :  1.01000e-04
 Reference value :  1.01041e-04
 Reference value :  1.01162e-04
 Reference value :  1.01232e-04
 Reference value :  1.01397e-04
 Reference value :  1.01858e-04
 Reference value :  1.03113e-04
 Reference value :  1.09787e-04
 Reference value :  1.17309e-04
 Reference value :  1.25257e-04
 Reference value :  1.34525e-04
 Reference value :  1.45665e-04
 Reference value :  1.73509e-04
 Reference value :  2.13509e-04
 Reference value :  2.43509e-04
 Reference value :  2.83509e-04
 Reference value :  3.23509e-04
 Reference value :  3.63509e-04
 Reference value :  3.93509e-04
 Reference value :  4.33509e-04
 Reference value :  4.63509e-04
 Reference value :  5.13509e-04
 Reference value :  5.63509e-04
 Reference value :  6.23509e-04
 Reference value :  6.73509e-04
 Reference value :  7.33509e-04
 Reference value :  7.73509e-04
 Reference value :  8.13509e-04
 Reference value :  8.53509e-04
 Reference value :  8.93509e-04
 Reference value :  9.33509e-04
 Reference value :  9.63509e-04
 Reference value :  9.93509e-04
 Reference value :  1.02351e-03
 Reference value :  1.06351e-03
 Reference value :  1.10351e-03
 Reference value :  1.15351e-03
 Reference value :  1.19351e-03
 Reference value :  1.23351e-03
 Reference value :  1.27351e-03
 Reference value :  1.31351e-03
 Reference value :  1.35351e-03
 Reference value :  1.39351e-03
 Reference value :  1.42351e-03
 Reference value :  1.45351e-03
 Reference value :  1.49351e-03
 Reference value :  1.52351e-03
 Reference value :  1.55351e-03
 Reference value :  1.58351e-03
 Reference value :  1.62351e-03
 Reference value :  1.66351e-03
 Reference value :  1.69351e-03
 Reference value :  1.73351e-03
 Reference value :  1.77351e-03
 Reference value :  1.81351e-03
 Reference value :  1.85351e-03
 Reference value :  1.90351e-03
 Reference value :  1.94351e-03
 Reference value :  1.97351e-03
 Reference value :  2.01351e-03
 Reference value :  2.04351e-03
 Reference value :  2.07351e-03
 Reference value :  2.11351e-03
 Reference value :  2.14351e-03
 Reference value :  2.17351e-03
 Reference value :  2.20351e-03
 Reference value :  2.24351e-03
 Reference value :  2.28351e-03
 Reference value :  2.32351e-03
 Reference value :  2.36351e-03
 Reference value :  2.40351e-03
 Reference value :  2.44351e-03
 Reference value :  2.48351e-03
 Reference value :  2.52351e-03
 Reference value :  2.56351e-03
 Reference value :  2.60351e-03
 Reference value :  2.64351e-03
 Reference value :  2.68351e-03
 Reference value :  2.72351e-03
 Reference value :  2.76351e-03
 Reference value :  2.79351e-03
 Reference value :  2.83351e-03
 Reference value :  2.86351e-03
 Reference value :  2.89351e-03
 Reference value :  2.93351e-03
 Reference value :  2.97351e-03
 Reference value :  3.01351e-03
 Reference value :  3.05351e-03
 Reference value :  3.08351e-03
 Reference value :  3.12351e-03
 Reference value :  3.16351e-03
 Reference value :  3.19351e-03
 Reference value :  3.22351e-03
 Reference value :  3.25351e-03
 Reference value :  3.28351e-03
 Reference value :  3.32351e-03
 Reference value :  3.36351e-03
 Reference value :  3.40351e-03
 Reference value :  3.44351e-03
 Reference value :  3.49351e-03
 Reference value :  3.52351e-03
 Reference value :  3.56351e-03
 Reference value :  3.59351e-03
 Reference value :  3.63351e-03
 Reference value :  3.67351e-03
 Reference value :  3.70351e-03
 Reference value :  3.74351e-03
 Reference value :  3.78351e-03
 Reference value :  3.82351e-03
 Reference value :  3.85351e-03
 Reference value :  3.89351e-03
 Reference value :  3.93351e-03
 Reference value :  3.97351e-03
No. of Data Rows : 442
vpk                 =  1.79741e+00 at=  1.21351e-03
vfloor              =  1.79740e+00 at=  4.00000e-03
tset                =  5.19472e-04
meas_vpk_c033_0ma_v = 1.819431e+00
meas_vfloor_c033_0ma_v = 1.814251e+00
meas_tramp_c033_0ma_ms = 4.104199e-01
meas_vpk_c033_50ma_v = 1.797409e+00
meas_vfloor_c033_50ma_v = 1.797405e+00
meas_tramp_c033_50ma_ms = 4.389221e-01
meas_vpk_c47_0ma_v = 1.828837e+00
meas_vfloor_c47_0ma_v = 1.828464e+00
meas_tramp_c47_0ma_ms = 4.005251e-01
meas_vpk_c47_50ma_v = 1.797409e+00
meas_vfloor_c47_50ma_v = 1.797405e+00
meas_tramp_c47_50ma_ms = 4.194721e-01
ngspice-46 done

# ==== ngspice stderr ====
Note: Starting dynamic gmin stepping
Note: Dynamic gmin stepping completed
Note: Starting dynamic gmin stepping
Note: Dynamic gmin stepping completed
