# corner: ss_125c_3.63v
# process=ss temp=125C supply=3.63V
# ngspice exit: 0
# wall clock: 102.4s (--timeout was 300s)
# result: PASS

# ==== deck (exact input given to ngspice) ====
| * startup corner deck -- generated by sim/bin/corner-run.py, do not edit
| * corner: ss_125c_3.63v
| .param vsup=3.63
| .option wnflag=1
| .temp 125
| .lib "/home/ubuntu/.volare/sky130A/libs.tech/combined/sky130.lib.spice" ss
| ** sch_path: sim/startup/testbench/tb_startup.sch
| **.subckt tb_startup
| VVIN VIN 0 'vsup'
| .save i(vvin)
| VEN EN 0 PULSE(0 'vsup' 100u 1u 1u 100 200)
| .save i(ven)
| VVREF VREF 0 1.2
| .save i(vvref)
| xldo VOUT VREF EN VIN ldo_3v3in_1v8out
| COUT VOUT VESR 0.33u m=1
| RESR VESR 0 10m m=1
| RLOAD VOUT 0 1e12 m=1
| **.ends
| 
| * expanding   symbol:  design/ldo_3v3in_1v8out.sym # of pins=4
| ** sym_path: design/ldo_3v3in_1v8out.sym
| ** sch_path: design/ldo_3v3in_1v8out.sch
| .subckt ldo_3v3in_1v8out VOUT VREF EN VIN
| *.ipin VIN
| *.ipin EN
| *.ipin VREF
| *.opin VOUT
| XR_BIAS VIN NB 0 sky130_fd_pr__res_high_po W=0.42 L=1500 mult=1 m=1
| XM_BIASN1 NB NB BIAS_ENN 0 sky130_fd_pr__nfet_g5v0d10v5 L=1 W=4 nf=1 ad=1.16 as=1.16 pd=8.58 ps=8.58 nrd=0.0725 nrs=0.0725 sa=0
| + sb=0 sd=0 mult=1 m=1
| XM_ENN BIAS_ENN EN 0 0 sky130_fd_pr__nfet_g5v0d10v5 L=0.5 W=10 nf=1 ad=2.9 as=2.9 pd=20.58 ps=20.58 nrd=0.029 nrs=0.029 sa=0 sb=0
| + sd=0 mult=1 m=1
| XM_BIASN2 BIASP NB BIAS_ENN 0 sky130_fd_pr__nfet_g5v0d10v5 L=1 W=4 nf=1 ad=1.16 as=1.16 pd=8.58 ps=8.58 nrd=0.0725 nrs=0.0725 sa=0
| + sb=0 sd=0 mult=1 m=1
| XM_BIASP1 BIASP BIASP VIN VIN sky130_fd_pr__pfet_g5v0d10v5 L=1 W=10 nf=2 ad=1.45 as=2.9 pd=10.58 ps=21.16 nrd=0.029 nrs=0.029 sa=0
| + sb=0 sd=0 mult=1 m=1
| XM_ENP2 BIASP EN VIN VIN sky130_fd_pr__pfet_g5v0d10v5 L=0.5 W=10 nf=1 ad=2.9 as=2.9 pd=20.58 ps=20.58 nrd=0.029 nrs=0.029 sa=0
| + sb=0 sd=0 mult=1 m=1
| XM_TAIL EA_TAIL BIASP VIN VIN sky130_fd_pr__pfet_g5v0d10v5 L=2 W=40 nf=8 ad=5.8 as=7.25 pd=42.32 ps=52.9 nrd=0.00725 nrs=0.00725
| + sa=0 sb=0 sd=0 mult=1 m=1
| XM_IN1 EA_D1 FB EA_TAIL VIN sky130_fd_pr__pfet_g5v0d10v5 L=2 W=10 nf=2 ad=1.45 as=2.9 pd=10.58 ps=21.16 nrd=0.029 nrs=0.029 sa=0
| + sb=0 sd=0 mult=1 m=1
| XM_IN2 EA_D2 VREF EA_TAIL VIN sky130_fd_pr__pfet_g5v0d10v5 L=2 W=10 nf=2 ad=1.45 as=2.9 pd=10.58 ps=21.16 nrd=0.029 nrs=0.029 sa=0
| + sb=0 sd=0 mult=1 m=1
| XM_MIR1 EA_D1 EA_D1 AMP_ENN 0 sky130_fd_pr__nfet_g5v0d10v5 L=4 W=10 nf=2 ad=1.45 as=2.9 pd=10.58 ps=21.16 nrd=0.029 nrs=0.029 sa=0
| + sb=0 sd=0 mult=1 m=1
| XM_MIR2 EA_OUT EA_D1 AMP_ENN 0 sky130_fd_pr__nfet_g5v0d10v5 L=4 W=10 nf=2 ad=1.45 as=2.9 pd=10.58 ps=21.16 nrd=0.029 nrs=0.029
| + sa=0 sb=0 sd=0 mult=1 m=1
| XM_ENN2 AMP_ENN EN 0 0 sky130_fd_pr__nfet_g5v0d10v5 L=0.5 W=10 nf=1 ad=2.9 as=2.9 pd=20.58 ps=20.58 nrd=0.029 nrs=0.029 sa=0 sb=0
| + sd=0 mult=1 m=1
| XM_ENP EA_OUT EN VIN VIN sky130_fd_pr__pfet_g5v0d10v5 L=0.5 W=10 nf=1 ad=2.9 as=2.9 pd=20.58 ps=20.58 nrd=0.029 nrs=0.029 sa=0
| + sb=0 sd=0 mult=1 m=1
| XM_MIR3 EA_D2 EA_D2 AMP_ENN 0 sky130_fd_pr__nfet_g5v0d10v5 L=4 W=10 nf=2 ad=1.45 as=2.9 pd=10.58 ps=21.16 nrd=0.029 nrs=0.029 sa=0
| + sb=0 sd=0 mult=1 m=1
| XM_MIR4 PB EA_D2 AMP_ENN 0 sky130_fd_pr__nfet_g5v0d10v5 L=4 W=10 nf=2 ad=1.45 as=2.9 pd=10.58 ps=21.16 nrd=0.029 nrs=0.029 sa=0
| + sb=0 sd=0 mult=1 m=1
| XM_MIRP1 PB PB VIN VIN sky130_fd_pr__pfet_g5v0d10v5 L=4 W=20 nf=4 ad=2.9 as=4.35 pd=21.16 ps=31.74 nrd=0.0145 nrs=0.0145 sa=0 sb=0
| + sd=0 mult=1 m=1
| XM_MIRP2 EA_OUT PB VIN VIN sky130_fd_pr__pfet_g5v0d10v5 L=4 W=20 nf=4 ad=2.9 as=4.35 pd=21.16 ps=31.74 nrd=0.0145 nrs=0.0145 sa=0
| + sb=0 sd=0 mult=1 m=1
| XM_ENP5 PB EN VIN VIN sky130_fd_pr__pfet_g5v0d10v5 L=0.5 W=2 nf=1 ad=0.58 as=0.58 pd=4.58 ps=4.58 nrd=0.145 nrs=0.145 sa=0 sb=0
| + sd=0 mult=1 m=1
| XM_PASS VOUT EA_OUT VIN VIN sky130_fd_pr__pfet_g5v0d10v5 L=0.5 W=100 nf=25 ad=15.08 as=15.08 pd=111.54 ps=111.54 nrd=0.0029
| + nrs=0.0029 sa=0 sb=0 sd=0 mult=25 m=25
| C_COMP VOUT EA_CZ 150p m=1
| XR_CZ EA_CZ EA_OUT 0 sky130_fd_pr__res_xhigh_po W=0.42 L=52 mult=1 m=1
| XR_FB_A VOUT FB 0 sky130_fd_pr__res_xhigh_po W=0.42 L=180 mult=1 m=1
| XR_FB_B FB N_FBB 0 sky130_fd_pr__res_xhigh_po W=0.42 L=180 mult=1 m=1
| XR_FB_C N_FBB 0 0 sky130_fd_pr__res_xhigh_po W=0.42 L=180 mult=1 m=1
| XM_SENSE CL_SNS EA_OUT VIN VIN sky130_fd_pr__pfet_g5v0d10v5 L=0.5 W=0.42 nf=1 ad=0.1218 as=0.1218 pd=1.42 ps=1.42
| + nrd=0.69047619047619 nrs=0.69047619047619 sa=0 sb=0 sd=0 mult=1 m=1
| XM_CLN1 CL_SNS CL_SNS AMP_ENN 0 sky130_fd_pr__nfet_g5v0d10v5 L=1 W=20 nf=1 ad=5.8 as=5.8 pd=40.58 ps=40.58 nrd=0.0145 nrs=0.0145
| + sa=0 sb=0 sd=0 mult=1 m=1
| XM_CLN2 CL_CMP CL_SNS AMP_ENN 0 sky130_fd_pr__nfet_g5v0d10v5 L=1 W=1.6 nf=1 ad=0.464 as=0.464 pd=3.78 ps=3.78 nrd=0.18125
| + nrs=0.18125 sa=0 sb=0 sd=0 mult=1 m=1
| XM_CLP CL_CMP BIASP VIN VIN sky130_fd_pr__pfet_g5v0d10v5 L=1 W=10 nf=2 ad=1.45 as=2.9 pd=10.58 ps=21.16 nrd=0.029 nrs=0.029 sa=0
| + sb=0 sd=0 mult=1 m=1
| XM_CLIM EA_OUT CL_CMP VIN VIN sky130_fd_pr__pfet_g5v0d10v5 L=0.5 W=20 nf=4 ad=2.9 as=4.35 pd=21.16 ps=31.74 nrd=0.0145 nrs=0.0145
| + sa=0 sb=0 sd=0 mult=1 m=1
| XM_ENP3 CL_CMP EN VIN VIN sky130_fd_pr__pfet_g5v0d10v5 L=0.5 W=2 nf=1 ad=0.58 as=0.58 pd=4.58 ps=4.58 nrd=0.145 nrs=0.145 sa=0
| + sb=0 sd=0 mult=1 m=1
| C_CL VIN CL_CMP 1p m=1
| XM_INVP ENB EN VIN VIN sky130_fd_pr__pfet_g5v0d10v5 L=0.5 W=2 nf=1 ad=0.58 as=0.58 pd=4.58 ps=4.58 nrd=0.145 nrs=0.145 sa=0 sb=0
| + sd=0 mult=1 m=1
| XM_INVN ENB EN 0 0 sky130_fd_pr__nfet_g5v0d10v5 L=0.5 W=1 nf=1 ad=0.29 as=0.29 pd=2.58 ps=2.58 nrd=0.29 nrs=0.29 sa=0 sb=0 sd=0
| + mult=1 m=1
| XM_SSDIS SS ENB 0 0 sky130_fd_pr__nfet_g5v0d10v5 L=0.5 W=2 nf=1 ad=0.58 as=0.58 pd=4.58 ps=4.58 nrd=0.145 nrs=0.145 sa=0 sb=0 sd=0
| + mult=1 m=1
| XM_SSCHG SS BIASP VIN VIN sky130_fd_pr__pfet_g5v0d10v5 L=8 W=1 nf=1 ad=0.29 as=0.29 pd=2.58 ps=2.58 nrd=0.29 nrs=0.29 sa=0 sb=0
| + sd=0 mult=1 m=1
| C_SS SS 0 10p m=1
| XM_IN2S EA_D2 SS EA_TAIL VIN sky130_fd_pr__pfet_g5v0d10v5 L=2 W=10 nf=2 ad=1.45 as=2.9 pd=10.58 ps=21.16 nrd=0.029 nrs=0.029 sa=0
| + sb=0 sd=0 mult=1 m=1
| XM_TSPS TS_SNS BIASP VIN VIN sky130_fd_pr__pfet_g5v0d10v5 L=1 W=2.5 nf=1 ad=0.725 as=0.725 pd=5.58 ps=5.58 nrd=0.116 nrs=0.116
| + sa=0 sb=0 sd=0 mult=1 m=1
| XM_TSD1 TS_SNS TS_SNS TS_MID 0 sky130_fd_pr__nfet_g5v0d10v5 L=1 W=80 nf=16 ad=11.6 as=13.05 pd=84.64 ps=95.22 nrd=0.003625
| + nrs=0.003625 sa=0 sb=0 sd=0 mult=1 m=1
| XM_TSD2 TS_MID TS_MID AMP_ENN 0 sky130_fd_pr__nfet_g5v0d10v5 L=1 W=80 nf=16 ad=11.6 as=13.05 pd=84.64 ps=95.22 nrd=0.003625
| + nrs=0.003625 sa=0 sb=0 sd=0 mult=1 m=1
| XM_TSPR TS_REF BIASP VIN VIN sky130_fd_pr__pfet_g5v0d10v5 L=1 W=2.5 nf=1 ad=0.725 as=0.725 pd=5.58 ps=5.58 nrd=0.116 nrs=0.116
| + sa=0 sb=0 sd=0 mult=1 m=1
| XM_TSR1 TS_REF TS_REF AMP_ENN 0 sky130_fd_pr__nfet_g5v0d10v5 L=10 W=2 nf=1 ad=0.58 as=0.58 pd=4.58 ps=4.58 nrd=0.145 nrs=0.145
| + sa=0 sb=0 sd=0 mult=1 m=1
| XM_TCTAIL TC_TAIL NB AMP_ENN 0 sky130_fd_pr__nfet_g5v0d10v5 L=1 W=1 nf=1 ad=0.29 as=0.29 pd=2.58 ps=2.58 nrd=0.29 nrs=0.29 sa=0
| + sb=0 sd=0 mult=1 m=1
| XM_TCN1 TC_D1 TS_SNS TC_TAIL 0 sky130_fd_pr__nfet_g5v0d10v5 L=2 W=10 nf=2 ad=1.45 as=2.9 pd=10.58 ps=21.16 nrd=0.029 nrs=0.029
| + sa=0 sb=0 sd=0 mult=1 m=1
| XM_TCN2 TS_CMP TS_REF TC_TAIL 0 sky130_fd_pr__nfet_g5v0d10v5 L=2 W=10 nf=2 ad=1.45 as=2.9 pd=10.58 ps=21.16 nrd=0.029 nrs=0.029
| + sa=0 sb=0 sd=0 mult=1 m=1
| XM_TCP1 TC_D1 TC_D1 VIN VIN sky130_fd_pr__pfet_g5v0d10v5 L=2 W=10 nf=2 ad=1.45 as=2.9 pd=10.58 ps=21.16 nrd=0.029 nrs=0.029 sa=0
| + sb=0 sd=0 mult=1 m=1
| XM_TCP2 TS_CMP TC_D1 VIN VIN sky130_fd_pr__pfet_g5v0d10v5 L=2 W=10 nf=2 ad=1.45 as=2.9 pd=10.58 ps=21.16 nrd=0.029 nrs=0.029 sa=0
| + sb=0 sd=0 mult=1 m=1
| XM_TSHUT EA_OUT TS_CMP VIN VIN sky130_fd_pr__pfet_g5v0d10v5 L=0.5 W=20 nf=4 ad=2.9 as=4.35 pd=21.16 ps=31.74 nrd=0.0145 nrs=0.0145
| + sa=0 sb=0 sd=0 mult=1 m=1
| XM_TSHYSB TS_HYS BIASP VIN VIN sky130_fd_pr__pfet_g5v0d10v5 L=2 W=1.5 nf=1 ad=0.435 as=0.435 pd=3.58 ps=3.58 nrd=0.193333333333333
| + nrs=0.193333333333333 sa=0 sb=0 sd=0 mult=1 m=1
| XM_TSHYS TS_REF TS_CMP TS_HYS VIN sky130_fd_pr__pfet_g5v0d10v5 L=0.5 W=2 nf=1 ad=0.58 as=0.58 pd=4.58 ps=4.58 nrd=0.145 nrs=0.145
| + sa=0 sb=0 sd=0 mult=1 m=1
| XM_ENP4 TS_CMP EN VIN VIN sky130_fd_pr__pfet_g5v0d10v5 L=0.5 W=2 nf=1 ad=0.58 as=0.58 pd=4.58 ps=4.58 nrd=0.145 nrs=0.145 sa=0
| + sb=0 sd=0 mult=1 m=1
| C_TS VIN TS_CMP 1p m=1
| .ends
| 
| .control
| save all
| * --- leg 1: C_out 0.33uF, 0 mA (feedback divider is the only preload) ---
| tran 10u 4m
| meas tran vpk max v(vout) from=100u to=4m
| meas tran vfloor min v(vout) from=3.1m to=4m
| meas tran tset when v(vout)=1.764 rise=1
| * --- leg 2: C_out 0.33uF, 50 mA ---
| alter rload = 36
| tran 10u 4m
| meas tran vpk max v(vout) from=100u to=4m
| meas tran vfloor min v(vout) from=3.1m to=4m
| meas tran tset when v(vout)=1.764 rise=1
| * --- leg 3: C_out 4.7uF, 0 mA ---
| alter cout = 4.7u
| alter rload = 1e12
| tran 10u 4m
| meas tran vpk max v(vout) from=100u to=4m
| meas tran vfloor min v(vout) from=3.1m to=4m
| meas tran tset when v(vout)=1.764 rise=1
| * --- leg 4: C_out 4.7uF, 50 mA ---
| alter rload = 36
| tran 10u 4m
| meas tran vpk max v(vout) from=100u to=4m
| meas tran vfloor min v(vout) from=3.1m to=4m
| meas tran tset when v(vout)=1.764 rise=1
| let meas_vpk_c033_0ma_v = tran1.vpk
| let meas_vfloor_c033_0ma_v = tran1.vfloor
| let meas_tramp_c033_0ma_ms = 1000*(tran1.tset - 100u)
| let meas_vpk_c033_50ma_v = tran2.vpk
| let meas_vfloor_c033_50ma_v = tran2.vfloor
| let meas_tramp_c033_50ma_ms = 1000*(tran2.tset - 100u)
| let meas_vpk_c47_0ma_v = tran3.vpk
| let meas_vfloor_c47_0ma_v = tran3.vfloor
| let meas_tramp_c47_0ma_ms = 1000*(tran3.tset - 100u)
| let meas_vpk_c47_50ma_v = tran4.vpk
| let meas_vfloor_c47_50ma_v = tran4.vfloor
| let meas_tramp_c47_50ma_ms = 1000*(tran4.tset - 100u)
| print meas_vpk_c033_0ma_v
| print meas_vfloor_c033_0ma_v
| print meas_tramp_c033_0ma_ms
| print meas_vpk_c033_50ma_v
| print meas_vfloor_c033_50ma_v
| print meas_tramp_c033_50ma_ms
| print meas_vpk_c47_0ma_v
| print meas_vfloor_c47_0ma_v
| print meas_tramp_c47_0ma_ms
| print meas_vpk_c47_50ma_v
| print meas_vfloor_c47_50ma_v
| print meas_tramp_c47_50ma_ms
| quit
| .endc
| .end

# ==== ngspice stdout ====

Note: Compatibility modes selected: hs a


Circuit: * startup corner deck -- generated by sim/bin/corner-run.py, do not edit

option SCALE: Scale is set to 1e-06 for instance and model parameters
option SCALE: Scale is set to 1e-06 for instance and model parameters
option SCALE: Scale is set to 1e-06 for instance and model parameters
option SCALE: Scale is set to 1e-06 for instance and model parameters
Doing analysis at TEMP = 125.000000 and TNOM = 27.000000

Using KLU as Direct Linear Solver
 Reference value :  0.00000e+00
 Reference value :  1.60000e-06
 Reference value :  2.28000e-05
 Reference value :  6.28000e-05
 Reference value :  1.00000e-04
 Reference value :  1.00100e-04
 Reference value :  1.00411e-04
 Reference value :  1.00587e-04
 Reference value :  1.00657e-04
 Reference value :  1.00846e-04
 Reference value :  1.00923e-04
 Reference value :  1.01000e-04
 Reference value :  1.01017e-04
 Reference value :  1.01067e-04
 Reference value :  1.01159e-04
 Reference value :  1.01307e-04
 Reference value :  1.01673e-04
 Reference value :  1.02286e-04
 Reference value :  1.04095e-04
 Reference value :  1.17471e-04
 Reference value :  1.27471e-04
 Reference value :  1.47471e-04
 Reference value :  1.87471e-04
 Reference value :  2.27471e-04
 Reference value :  2.67471e-04
 Reference value :  3.07471e-04
 Reference value :  3.37471e-04
 Reference value :  3.67471e-04
 Reference value :  3.97471e-04
 Reference value :  4.37471e-04
 Reference value :  4.67471e-04
 Reference value :  5.07471e-04
 Reference value :  5.37471e-04
 Reference value :  5.67471e-04
 Reference value :  5.97471e-04
 Reference value :  6.37471e-04
 Reference value :  6.67471e-04
 Reference value :  6.97471e-04
 Reference value :  7.27471e-04
 Reference value :  7.67471e-04
 Reference value :  7.97471e-04
 Reference value :  8.37471e-04
 Reference value :  8.77471e-04
 Reference value :  9.27471e-04
 Reference value :  9.77471e-04
 Reference value :  1.01747e-03
 Reference value :  1.06747e-03
 Reference value :  1.11747e-03
 Reference value :  1.16747e-03
 Reference value :  1.21747e-03
 Reference value :  1.26747e-03
 Reference value :  1.31747e-03
 Reference value :  1.35747e-03
 Reference value :  1.40747e-03
 Reference value :  1.45747e-03
 Reference value :  1.49747e-03
 Reference value :  1.54747e-03
 Reference value :  1.59747e-03
 Reference value :  1.64747e-03
 Reference value :  1.69747e-03
 Reference value :  1.74747e-03
 Reference value :  1.78747e-03
 Reference value :  1.82747e-03
 Reference value :  1.87747e-03
 Reference value :  1.92747e-03
 Reference value :  1.96747e-03
 Reference value :  2.00747e-03
 Reference value :  2.03747e-03
 Reference value :  2.06747e-03
 Reference value :  2.10747e-03
 Reference value :  2.13747e-03
 Reference value :  2.17747e-03
 Reference value :  2.20747e-03
 Reference value :  2.23747e-03
 Reference value :  2.27747e-03
 Reference value :  2.31747e-03
 Reference value :  2.35747e-03
 Reference value :  2.39747e-03
 Reference value :  2.43747e-03
 Reference value :  2.47747e-03
 Reference value :  2.51747e-03
 Reference value :  2.55747e-03
 Reference value :  2.59747e-03
 Reference value :  2.63747e-03
 Reference value :  2.67747e-03
 Reference value :  2.71747e-03
 Reference value :  2.75747e-03
 Reference value :  2.79747e-03
 Reference value :  2.83747e-03
 Reference value :  2.86747e-03
 Reference value :  2.89747e-03
 Reference value :  2.92747e-03
 Reference value :  2.96747e-03
 Reference value :  3.01747e-03
 Reference value :  3.05747e-03
 Reference value :  3.09747e-03
 Reference value :  3.13747e-03
 Reference value :  3.17747e-03
 Reference value :  3.21747e-03
 Reference value :  3.24747e-03
 Reference value :  3.28747e-03
 Reference value :  3.32747e-03
 Reference value :  3.36747e-03
 Reference value :  3.40747e-03
 Reference value :  3.45747e-03
 Reference value :  3.49747e-03
 Reference value :  3.53747e-03
 Reference value :  3.57747e-03
 Reference value :  3.61747e-03
 Reference value :  3.65747e-03
 Reference value :  3.69747e-03
 Reference value :  3.73747e-03
 Reference value :  3.76747e-03
 Reference value :  3.79747e-03
 Reference value :  3.83747e-03
 Reference value :  3.87747e-03
 Reference value :  3.93747e-03
 Reference value :  3.99374e-03
No. of Data Rows : 438
vpk                 =  1.81866e+00 at=  7.87471e-04
vfloor              =  1.81349e+00 at=  4.00000e-03
tset                =  4.68358e-04
Doing analysis at TEMP = 125.000000 and TNOM = 27.000000

Using KLU as Direct Linear Solver
 Reference value :  0.00000e+00
 Reference value :  8.00000e-07
 Reference value :  1.28000e-05
 Reference value :  5.28000e-05
 Reference value :  9.14000e-05
 Reference value :  1.00100e-04
 Reference value :  1.00411e-04
 Reference value :  1.00515e-04
 Reference value :  1.00587e-04
 Reference value :  1.00751e-04
 Reference value :  1.00923e-04
 Reference value :  1.01000e-04
 Reference value :  1.01039e-04
 Reference value :  1.01157e-04
 Reference value :  1.01305e-04
 Reference value :  1.01668e-04
 Reference value :  1.02021e-04
 Reference value :  1.03157e-04
 Reference value :  1.08240e-04
 Reference value :  1.14895e-04
 Reference value :  1.22016e-04
 Reference value :  1.30443e-04
 Reference value :  1.44160e-04
 Reference value :  1.84160e-04
 Reference value :  2.24160e-04
 Reference value :  2.64160e-04
 Reference value :  3.04160e-04
 Reference value :  3.54160e-04
 Reference value :  3.94160e-04
 Reference value :  4.34160e-04
 Reference value :  4.64160e-04
 Reference value :  4.94160e-04
 Reference value :  5.34160e-04
 Reference value :  5.74160e-04
 Reference value :  6.14160e-04
 Reference value :  6.64160e-04
 Reference value :  6.94160e-04
 Reference value :  7.34160e-04
 Reference value :  7.74160e-04
 Reference value :  8.14160e-04
 Reference value :  8.54160e-04
 Reference value :  9.04160e-04
 Reference value :  9.54160e-04
 Reference value :  9.94160e-04
 Reference value :  1.03416e-03
 Reference value :  1.06416e-03
 Reference value :  1.10416e-03
 Reference value :  1.14416e-03
 Reference value :  1.18416e-03
 Reference value :  1.21416e-03
 Reference value :  1.25416e-03
 Reference value :  1.28416e-03
 Reference value :  1.32416e-03
 Reference value :  1.36416e-03
 Reference value :  1.40416e-03
 Reference value :  1.44416e-03
 Reference value :  1.48416e-03
 Reference value :  1.52416e-03
 Reference value :  1.56416e-03
 Reference value :  1.60416e-03
 Reference value :  1.63416e-03
 Reference value :  1.67416e-03
 Reference value :  1.71416e-03
 Reference value :  1.75416e-03
 Reference value :  1.80416e-03
 Reference value :  1.83416e-03
 Reference value :  1.87416e-03
 Reference value :  1.91416e-03
 Reference value :  1.95416e-03
 Reference value :  1.98416e-03
 Reference value :  2.02416e-03
 Reference value :  2.06416e-03
 Reference value :  2.10416e-03
 Reference value :  2.14416e-03
 Reference value :  2.18416e-03
 Reference value :  2.21416e-03
 Reference value :  2.25416e-03
 Reference value :  2.29416e-03
 Reference value :  2.34416e-03
 Reference value :  2.38416e-03
 Reference value :  2.43416e-03
 Reference value :  2.47416e-03
 Reference value :  2.51416e-03
 Reference value :  2.55416e-03
 Reference value :  2.60416e-03
 Reference value :  2.64416e-03
 Reference value :  2.69416e-03
 Reference value :  2.74416e-03
 Reference value :  2.78416e-03
 Reference value :  2.82416e-03
 Reference value :  2.86416e-03
 Reference value :  2.89416e-03
 Reference value :  2.92416e-03
 Reference value :  2.96416e-03
 Reference value :  2.99416e-03
 Reference value :  3.03416e-03
 Reference value :  3.07416e-03
 Reference value :  3.11416e-03
 Reference value :  3.14416e-03
 Reference value :  3.18416e-03
 Reference value :  3.22416e-03
 Reference value :  3.25416e-03
 Reference value :  3.28416e-03
 Reference value :  3.32416e-03
 Reference value :  3.36416e-03
 Reference value :  3.39416e-03
 Reference value :  3.43416e-03
 Reference value :  3.47416e-03
 Reference value :  3.51416e-03
 Reference value :  3.54416e-03
 Reference value :  3.57416e-03
 Reference value :  3.60416e-03
 Reference value :  3.63416e-03
 Reference value :  3.66416e-03
 Reference value :  3.69416e-03
 Reference value :  3.72416e-03
 Reference value :  3.76416e-03
 Reference value :  3.79416e-03
 Reference value :  3.84416e-03
 Reference value :  3.89416e-03
 Reference value :  3.93416e-03
 Reference value :  3.97416e-03
 Reference value :  4.00000e-03
No. of Data Rows : 442
vpk                 =  1.79754e+00 at=  1.22416e-03
vfloor              =  1.79753e+00 at=  3.99208e-03
tset                =  4.94672e-04
Doing analysis at TEMP = 125.000000 and TNOM = 27.000000

Using KLU as Direct Linear Solver
 Reference value :  0.00000e+00
 Reference value :  4.00000e-07
 Reference value :  3.20000e-06
 Reference value :  2.28000e-05
 Reference value :  6.28000e-05
 Reference value :  9.14000e-05
 Reference value :  1.00100e-04
 Reference value :  1.00300e-04
 Reference value :  1.00411e-04
 Reference value :  1.00515e-04
 Reference value :  1.00587e-04
 Reference value :  1.00751e-04
 Reference value :  1.00846e-04
 Reference value :  1.00923e-04
 Reference value :  1.01000e-04
 Reference value :  1.01017e-04
 Reference value :  1.01067e-04
 Reference value :  1.01159e-04
 Reference value :  1.01307e-04
 Reference value :  1.01514e-04
 Reference value :  1.01826e-04
 Reference value :  1.02571e-04
 Reference value :  1.09827e-04
 Reference value :  1.27471e-04
 Reference value :  1.47471e-04
 Reference value :  1.67471e-04
 Reference value :  2.07471e-04
 Reference value :  2.47471e-04
 Reference value :  2.87471e-04
 Reference value :  3.27471e-04
 Reference value :  3.57471e-04
 Reference value :  3.87471e-04
 Reference value :  4.17471e-04
 Reference value :  4.47471e-04
 Reference value :  4.77471e-04
 Reference value :  5.07471e-04
 Reference value :  5.37471e-04
 Reference value :  5.67471e-04
 Reference value :  5.97471e-04
 Reference value :  6.27471e-04
 Reference value :  6.57471e-04
 Reference value :  6.77471e-04
 Reference value :  7.07471e-04
 Reference value :  7.37471e-04
 Reference value :  7.67471e-04
 Reference value :  8.07471e-04
 Reference value :  8.47471e-04
 Reference value :  8.87471e-04
 Reference value :  9.27471e-04
 Reference value :  9.57471e-04
 Reference value :  9.97471e-04
 Reference value :  1.02747e-03
 Reference value :  1.05747e-03
 Reference value :  1.08747e-03
 Reference value :  1.12747e-03
 Reference value :  1.15747e-03
 Reference value :  1.19747e-03
 Reference value :  1.22747e-03
 Reference value :  1.26747e-03
 Reference value :  1.29747e-03
 Reference value :  1.33747e-03
 Reference value :  1.36747e-03
 Reference value :  1.40747e-03
 Reference value :  1.44747e-03
 Reference value :  1.48747e-03
 Reference value :  1.52747e-03
 Reference value :  1.55747e-03
 Reference value :  1.58747e-03
 Reference value :  1.61747e-03
 Reference value :  1.64747e-03
 Reference value :  1.67747e-03
 Reference value :  1.71747e-03
 Reference value :  1.74747e-03
 Reference value :  1.77747e-03
 Reference value :  1.81747e-03
 Reference value :  1.87747e-03
 Reference value :  1.92747e-03
 Reference value :  1.97747e-03
 Reference value :  2.01747e-03
 Reference value :  2.05747e-03
 Reference value :  2.09747e-03
 Reference value :  2.13747e-03
 Reference value :  2.17747e-03
 Reference value :  2.21747e-03
 Reference value :  2.25747e-03
 Reference value :  2.29747e-03
 Reference value :  2.33747e-03
 Reference value :  2.37747e-03
 Reference value :  2.41747e-03
 Reference value :  2.45747e-03
 Reference value :  2.49747e-03
 Reference value :  2.53747e-03
 Reference value :  2.57747e-03
 Reference value :  2.61747e-03
 Reference value :  2.65747e-03
 Reference value :  2.69747e-03
 Reference value :  2.73747e-03
 Reference value :  2.77747e-03
 Reference value :  2.81747e-03
 Reference value :  2.85747e-03
 Reference value :  2.89747e-03
 Reference value :  2.93747e-03
 Reference value :  2.96747e-03
 Reference value :  2.99747e-03
 Reference value :  3.02747e-03
 Reference value :  3.05747e-03
 Reference value :  3.08747e-03
 Reference value :  3.11747e-03
 Reference value :  3.14747e-03
 Reference value :  3.18747e-03
 Reference value :  3.22747e-03
 Reference value :  3.26747e-03
 Reference value :  3.30747e-03
 Reference value :  3.34747e-03
 Reference value :  3.38747e-03
 Reference value :  3.42747e-03
 Reference value :  3.46747e-03
 Reference value :  3.50747e-03
 Reference value :  3.54747e-03
 Reference value :  3.58747e-03
 Reference value :  3.62747e-03
 Reference value :  3.66747e-03
 Reference value :  3.70747e-03
 Reference value :  3.75747e-03
 Reference value :  3.79747e-03
 Reference value :  3.83747e-03
 Reference value :  3.87747e-03
 Reference value :  3.91747e-03
 Reference value :  3.95747e-03
 Reference value :  3.99374e-03
No. of Data Rows : 438
vpk                 =  1.82819e+00 at=  7.77471e-04
vfloor              =  1.82782e+00 at=  4.00000e-03
tset                =  4.58918e-04
Doing analysis at TEMP = 125.000000 and TNOM = 27.000000

Using KLU as Direct Linear Solver
 Reference value :  0.00000e+00
 Reference value :  8.00000e-07
 Reference value :  6.40000e-06
 Reference value :  4.28000e-05
 Reference value :  7.28000e-05
 Reference value :  1.00000e-04
 Reference value :  1.00100e-04
 Reference value :  1.00300e-04
 Reference value :  1.00411e-04
 Reference value :  1.00515e-04
 Reference value :  1.00587e-04
 Reference value :  1.00751e-04
 Reference value :  1.00846e-04
 Reference value :  1.00923e-04
 Reference value :  1.01000e-04
 Reference value :  1.01039e-04
 Reference value :  1.01159e-04
 Reference value :  1.01308e-04
 Reference value :  1.01515e-04
 Reference value :  1.01832e-04
 Reference value :  1.02328e-04
 Reference value :  1.03922e-04
 Reference value :  1.10945e-04
 Reference value :  1.13672e-04
 Reference value :  1.19928e-04
 Reference value :  1.27332e-04
 Reference value :  1.36162e-04
 Reference value :  1.51482e-04
 Reference value :  1.81482e-04
 Reference value :  2.21482e-04
 Reference value :  2.61482e-04
 Reference value :  3.01482e-04
 Reference value :  3.41482e-04
 Reference value :  3.71482e-04
 Reference value :  4.01482e-04
 Reference value :  4.31482e-04
 Reference value :  4.61482e-04
 Reference value :  4.91482e-04
 Reference value :  5.31482e-04
 Reference value :  5.81482e-04
 Reference value :  6.21482e-04
 Reference value :  6.51482e-04
 Reference value :  6.91482e-04
 Reference value :  7.31482e-04
 Reference value :  7.71482e-04
 Reference value :  8.11482e-04
 Reference value :  8.51482e-04
 Reference value :  8.91482e-04
 Reference value :  9.31482e-04
 Reference value :  9.71482e-04
 Reference value :  1.01148e-03
 Reference value :  1.05148e-03
 Reference value :  1.09148e-03
 Reference value :  1.13148e-03
 Reference value :  1.17148e-03
 Reference value :  1.20148e-03
 Reference value :  1.24148e-03
 Reference value :  1.27148e-03
 Reference value :  1.30148e-03
 Reference value :  1.33148e-03
 Reference value :  1.36148e-03
 Reference value :  1.39148e-03
 Reference value :  1.42148e-03
 Reference value :  1.45148e-03
 Reference value :  1.48148e-03
 Reference value :  1.52148e-03
 Reference value :  1.57148e-03
 Reference value :  1.60148e-03
 Reference value :  1.63148e-03
 Reference value :  1.66148e-03
 Reference value :  1.69148e-03
 Reference value :  1.72148e-03
 Reference value :  1.76148e-03
 Reference value :  1.80148e-03
 Reference value :  1.84148e-03
 Reference value :  1.87148e-03
 Reference value :  1.91148e-03
 Reference value :  1.95148e-03
 Reference value :  1.99148e-03
 Reference value :  2.03148e-03
 Reference value :  2.07148e-03
 Reference value :  2.11148e-03
 Reference value :  2.15148e-03
 Reference value :  2.19148e-03
 Reference value :  2.23148e-03
 Reference value :  2.27148e-03
 Reference value :  2.31148e-03
 Reference value :  2.35148e-03
 Reference value :  2.39148e-03
 Reference value :  2.42148e-03
 Reference value :  2.46148e-03
 Reference value :  2.50148e-03
 Reference value :  2.54148e-03
 Reference value :  2.58148e-03
 Reference value :  2.62148e-03
 Reference value :  2.66148e-03
 Reference value :  2.70148e-03
 Reference value :  2.74148e-03
 Reference value :  2.78148e-03
 Reference value :  2.81148e-03
 Reference value :  2.84148e-03
 Reference value :  2.87148e-03
 Reference value :  2.91148e-03
 Reference value :  2.95148e-03
 Reference value :  2.99148e-03
 Reference value :  3.02148e-03
 Reference value :  3.06148e-03
 Reference value :  3.10148e-03
 Reference value :  3.14148e-03
 Reference value :  3.18148e-03
 Reference value :  3.22148e-03
 Reference value :  3.26148e-03
 Reference value :  3.30148e-03
 Reference value :  3.35148e-03
 Reference value :  3.39148e-03
 Reference value :  3.44148e-03
 Reference value :  3.48148e-03
 Reference value :  3.52148e-03
 Reference value :  3.56148e-03
 Reference value :  3.60148e-03
 Reference value :  3.64148e-03
 Reference value :  3.68148e-03
 Reference value :  3.72148e-03
 Reference value :  3.75148e-03
 Reference value :  3.78148e-03
 Reference value :  3.82148e-03
 Reference value :  3.85148e-03
 Reference value :  3.88148e-03
 Reference value :  3.92148e-03
 Reference value :  3.96148e-03
 Reference value :  4.00000e-03
No. of Data Rows : 443
vpk                 =  1.79754e+00 at=  1.16148e-03
vfloor              =  1.79753e+00 at=  4.00000e-03
tset                =  4.75909e-04
meas_vpk_c033_0ma_v = 1.818663e+00
meas_vfloor_c033_0ma_v = 1.813493e+00
meas_tramp_c033_0ma_ms = 3.683584e-01
meas_vpk_c033_50ma_v = 1.797541e+00
meas_vfloor_c033_50ma_v = 1.797529e+00
meas_tramp_c033_50ma_ms = 3.946720e-01
meas_vpk_c47_0ma_v = 1.828193e+00
meas_vfloor_c47_0ma_v = 1.827816e+00
meas_tramp_c47_0ma_ms = 3.589185e-01
meas_vpk_c47_50ma_v = 1.797542e+00
meas_vfloor_c47_50ma_v = 1.797533e+00
meas_tramp_c47_50ma_ms = 3.759091e-01
ngspice-46 done

# ==== ngspice stderr ====
Note: Starting dynamic gmin stepping
Note: Dynamic gmin stepping completed
Note: Starting dynamic gmin stepping
Note: Dynamic gmin stepping completed
