# corner: ss_125c_2.97v
# process=ss temp=125C supply=2.97V
# ngspice exit: 0
# wall clock: 106.4s (--timeout was 300s)
# result: PASS

# ==== deck (exact input given to ngspice) ====
| * startup corner deck -- generated by sim/bin/corner-run.py, do not edit
| * corner: ss_125c_2.97v
| .param vsup=2.97
| .option wnflag=1
| .temp 125
| .lib "/home/ubuntu/.volare/sky130A/libs.tech/combined/sky130.lib.spice" ss
| ** sch_path: sim/startup/testbench/tb_startup.sch
| **.subckt tb_startup
| VVIN VIN 0 'vsup'
| .save i(vvin)
| VEN EN 0 PULSE(0 'vsup' 100u 1u 1u 100 200)
| .save i(ven)
| VVREF VREF 0 1.2
| .save i(vvref)
| xldo VOUT VREF EN VIN ldo_3v3in_1v8out
| COUT VOUT VESR 0.33u m=1
| RESR VESR 0 10m m=1
| RLOAD VOUT 0 1e12 m=1
| **.ends
| 
| * expanding   symbol:  design/ldo_3v3in_1v8out.sym # of pins=4
| ** sym_path: design/ldo_3v3in_1v8out.sym
| ** sch_path: design/ldo_3v3in_1v8out.sch
| .subckt ldo_3v3in_1v8out VOUT VREF EN VIN
| *.ipin VIN
| *.ipin EN
| *.ipin VREF
| *.opin VOUT
| XR_BIAS VIN NB 0 sky130_fd_pr__res_high_po W=0.42 L=1500 mult=1 m=1
| XM_BIASN1 NB NB BIAS_ENN 0 sky130_fd_pr__nfet_g5v0d10v5 L=1 W=4 nf=1 ad=1.16 as=1.16 pd=8.58 ps=8.58 nrd=0.0725 nrs=0.0725 sa=0
| + sb=0 sd=0 mult=1 m=1
| XM_ENN BIAS_ENN EN 0 0 sky130_fd_pr__nfet_g5v0d10v5 L=0.5 W=10 nf=1 ad=2.9 as=2.9 pd=20.58 ps=20.58 nrd=0.029 nrs=0.029 sa=0 sb=0
| + sd=0 mult=1 m=1
| XM_BIASN2 BIASP NB BIAS_ENN 0 sky130_fd_pr__nfet_g5v0d10v5 L=1 W=4 nf=1 ad=1.16 as=1.16 pd=8.58 ps=8.58 nrd=0.0725 nrs=0.0725 sa=0
| + sb=0 sd=0 mult=1 m=1
| XM_BIASP1 BIASP BIASP VIN VIN sky130_fd_pr__pfet_g5v0d10v5 L=1 W=10 nf=2 ad=1.45 as=2.9 pd=10.58 ps=21.16 nrd=0.029 nrs=0.029 sa=0
| + sb=0 sd=0 mult=1 m=1
| XM_ENP2 BIASP EN VIN VIN sky130_fd_pr__pfet_g5v0d10v5 L=0.5 W=10 nf=1 ad=2.9 as=2.9 pd=20.58 ps=20.58 nrd=0.029 nrs=0.029 sa=0
| + sb=0 sd=0 mult=1 m=1
| XM_TAIL EA_TAIL BIASP VIN VIN sky130_fd_pr__pfet_g5v0d10v5 L=2 W=40 nf=8 ad=5.8 as=7.25 pd=42.32 ps=52.9 nrd=0.00725 nrs=0.00725
| + sa=0 sb=0 sd=0 mult=1 m=1
| XM_IN1 EA_D1 FB EA_TAIL VIN sky130_fd_pr__pfet_g5v0d10v5 L=2 W=10 nf=2 ad=1.45 as=2.9 pd=10.58 ps=21.16 nrd=0.029 nrs=0.029 sa=0
| + sb=0 sd=0 mult=1 m=1
| XM_IN2 EA_D2 VREF EA_TAIL VIN sky130_fd_pr__pfet_g5v0d10v5 L=2 W=10 nf=2 ad=1.45 as=2.9 pd=10.58 ps=21.16 nrd=0.029 nrs=0.029 sa=0
| + sb=0 sd=0 mult=1 m=1
| XM_MIR1 EA_D1 EA_D1 AMP_ENN 0 sky130_fd_pr__nfet_g5v0d10v5 L=4 W=10 nf=2 ad=1.45 as=2.9 pd=10.58 ps=21.16 nrd=0.029 nrs=0.029 sa=0
| + sb=0 sd=0 mult=1 m=1
| XM_MIR2 EA_OUT EA_D1 AMP_ENN 0 sky130_fd_pr__nfet_g5v0d10v5 L=4 W=10 nf=2 ad=1.45 as=2.9 pd=10.58 ps=21.16 nrd=0.029 nrs=0.029
| + sa=0 sb=0 sd=0 mult=1 m=1
| XM_ENN2 AMP_ENN EN 0 0 sky130_fd_pr__nfet_g5v0d10v5 L=0.5 W=10 nf=1 ad=2.9 as=2.9 pd=20.58 ps=20.58 nrd=0.029 nrs=0.029 sa=0 sb=0
| + sd=0 mult=1 m=1
| XM_ENP EA_OUT EN VIN VIN sky130_fd_pr__pfet_g5v0d10v5 L=0.5 W=10 nf=1 ad=2.9 as=2.9 pd=20.58 ps=20.58 nrd=0.029 nrs=0.029 sa=0
| + sb=0 sd=0 mult=1 m=1
| XM_MIR3 EA_D2 EA_D2 AMP_ENN 0 sky130_fd_pr__nfet_g5v0d10v5 L=4 W=10 nf=2 ad=1.45 as=2.9 pd=10.58 ps=21.16 nrd=0.029 nrs=0.029 sa=0
| + sb=0 sd=0 mult=1 m=1
| XM_MIR4 PB EA_D2 AMP_ENN 0 sky130_fd_pr__nfet_g5v0d10v5 L=4 W=10 nf=2 ad=1.45 as=2.9 pd=10.58 ps=21.16 nrd=0.029 nrs=0.029 sa=0
| + sb=0 sd=0 mult=1 m=1
| XM_MIRP1 PB PB VIN VIN sky130_fd_pr__pfet_g5v0d10v5 L=4 W=20 nf=4 ad=2.9 as=4.35 pd=21.16 ps=31.74 nrd=0.0145 nrs=0.0145 sa=0 sb=0
| + sd=0 mult=1 m=1
| XM_MIRP2 EA_OUT PB VIN VIN sky130_fd_pr__pfet_g5v0d10v5 L=4 W=20 nf=4 ad=2.9 as=4.35 pd=21.16 ps=31.74 nrd=0.0145 nrs=0.0145 sa=0
| + sb=0 sd=0 mult=1 m=1
| XM_ENP5 PB EN VIN VIN sky130_fd_pr__pfet_g5v0d10v5 L=0.5 W=2 nf=1 ad=0.58 as=0.58 pd=4.58 ps=4.58 nrd=0.145 nrs=0.145 sa=0 sb=0
| + sd=0 mult=1 m=1
| XM_PASS VOUT EA_OUT VIN VIN sky130_fd_pr__pfet_g5v0d10v5 L=0.5 W=100 nf=25 ad=15.08 as=15.08 pd=111.54 ps=111.54 nrd=0.0029
| + nrs=0.0029 sa=0 sb=0 sd=0 mult=25 m=25
| C_COMP VOUT EA_CZ 150p m=1
| XR_CZ EA_CZ EA_OUT 0 sky130_fd_pr__res_xhigh_po W=0.42 L=52 mult=1 m=1
| XR_FB_A VOUT FB 0 sky130_fd_pr__res_xhigh_po W=0.42 L=180 mult=1 m=1
| XR_FB_B FB N_FBB 0 sky130_fd_pr__res_xhigh_po W=0.42 L=180 mult=1 m=1
| XR_FB_C N_FBB 0 0 sky130_fd_pr__res_xhigh_po W=0.42 L=180 mult=1 m=1
| XM_SENSE CL_SNS EA_OUT VIN VIN sky130_fd_pr__pfet_g5v0d10v5 L=0.5 W=0.42 nf=1 ad=0.1218 as=0.1218 pd=1.42 ps=1.42
| + nrd=0.69047619047619 nrs=0.69047619047619 sa=0 sb=0 sd=0 mult=1 m=1
| XM_CLN1 CL_SNS CL_SNS AMP_ENN 0 sky130_fd_pr__nfet_g5v0d10v5 L=1 W=20 nf=1 ad=5.8 as=5.8 pd=40.58 ps=40.58 nrd=0.0145 nrs=0.0145
| + sa=0 sb=0 sd=0 mult=1 m=1
| XM_CLN2 CL_CMP CL_SNS AMP_ENN 0 sky130_fd_pr__nfet_g5v0d10v5 L=1 W=1.6 nf=1 ad=0.464 as=0.464 pd=3.78 ps=3.78 nrd=0.18125
| + nrs=0.18125 sa=0 sb=0 sd=0 mult=1 m=1
| XM_CLP CL_CMP BIASP VIN VIN sky130_fd_pr__pfet_g5v0d10v5 L=1 W=10 nf=2 ad=1.45 as=2.9 pd=10.58 ps=21.16 nrd=0.029 nrs=0.029 sa=0
| + sb=0 sd=0 mult=1 m=1
| XM_CLIM EA_OUT CL_CMP VIN VIN sky130_fd_pr__pfet_g5v0d10v5 L=0.5 W=20 nf=4 ad=2.9 as=4.35 pd=21.16 ps=31.74 nrd=0.0145 nrs=0.0145
| + sa=0 sb=0 sd=0 mult=1 m=1
| XM_ENP3 CL_CMP EN VIN VIN sky130_fd_pr__pfet_g5v0d10v5 L=0.5 W=2 nf=1 ad=0.58 as=0.58 pd=4.58 ps=4.58 nrd=0.145 nrs=0.145 sa=0
| + sb=0 sd=0 mult=1 m=1
| C_CL VIN CL_CMP 1p m=1
| XM_INVP ENB EN VIN VIN sky130_fd_pr__pfet_g5v0d10v5 L=0.5 W=2 nf=1 ad=0.58 as=0.58 pd=4.58 ps=4.58 nrd=0.145 nrs=0.145 sa=0 sb=0
| + sd=0 mult=1 m=1
| XM_INVN ENB EN 0 0 sky130_fd_pr__nfet_g5v0d10v5 L=0.5 W=1 nf=1 ad=0.29 as=0.29 pd=2.58 ps=2.58 nrd=0.29 nrs=0.29 sa=0 sb=0 sd=0
| + mult=1 m=1
| XM_SSDIS SS ENB 0 0 sky130_fd_pr__nfet_g5v0d10v5 L=0.5 W=2 nf=1 ad=0.58 as=0.58 pd=4.58 ps=4.58 nrd=0.145 nrs=0.145 sa=0 sb=0 sd=0
| + mult=1 m=1
| XM_SSCHG SS BIASP VIN VIN sky130_fd_pr__pfet_g5v0d10v5 L=8 W=1 nf=1 ad=0.29 as=0.29 pd=2.58 ps=2.58 nrd=0.29 nrs=0.29 sa=0 sb=0
| + sd=0 mult=1 m=1
| C_SS SS 0 10p m=1
| XM_IN2S EA_D2 SS EA_TAIL VIN sky130_fd_pr__pfet_g5v0d10v5 L=2 W=10 nf=2 ad=1.45 as=2.9 pd=10.58 ps=21.16 nrd=0.029 nrs=0.029 sa=0
| + sb=0 sd=0 mult=1 m=1
| XM_TSPS TS_SNS BIASP VIN VIN sky130_fd_pr__pfet_g5v0d10v5 L=1 W=2.5 nf=1 ad=0.725 as=0.725 pd=5.58 ps=5.58 nrd=0.116 nrs=0.116
| + sa=0 sb=0 sd=0 mult=1 m=1
| XM_TSD1 TS_SNS TS_SNS TS_MID 0 sky130_fd_pr__nfet_g5v0d10v5 L=1 W=80 nf=16 ad=11.6 as=13.05 pd=84.64 ps=95.22 nrd=0.003625
| + nrs=0.003625 sa=0 sb=0 sd=0 mult=1 m=1
| XM_TSD2 TS_MID TS_MID AMP_ENN 0 sky130_fd_pr__nfet_g5v0d10v5 L=1 W=80 nf=16 ad=11.6 as=13.05 pd=84.64 ps=95.22 nrd=0.003625
| + nrs=0.003625 sa=0 sb=0 sd=0 mult=1 m=1
| XM_TSPR TS_REF BIASP VIN VIN sky130_fd_pr__pfet_g5v0d10v5 L=1 W=2.5 nf=1 ad=0.725 as=0.725 pd=5.58 ps=5.58 nrd=0.116 nrs=0.116
| + sa=0 sb=0 sd=0 mult=1 m=1
| XM_TSR1 TS_REF TS_REF AMP_ENN 0 sky130_fd_pr__nfet_g5v0d10v5 L=10 W=2 nf=1 ad=0.58 as=0.58 pd=4.58 ps=4.58 nrd=0.145 nrs=0.145
| + sa=0 sb=0 sd=0 mult=1 m=1
| XM_TCTAIL TC_TAIL NB AMP_ENN 0 sky130_fd_pr__nfet_g5v0d10v5 L=1 W=1 nf=1 ad=0.29 as=0.29 pd=2.58 ps=2.58 nrd=0.29 nrs=0.29 sa=0
| + sb=0 sd=0 mult=1 m=1
| XM_TCN1 TC_D1 TS_SNS TC_TAIL 0 sky130_fd_pr__nfet_g5v0d10v5 L=2 W=10 nf=2 ad=1.45 as=2.9 pd=10.58 ps=21.16 nrd=0.029 nrs=0.029
| + sa=0 sb=0 sd=0 mult=1 m=1
| XM_TCN2 TS_CMP TS_REF TC_TAIL 0 sky130_fd_pr__nfet_g5v0d10v5 L=2 W=10 nf=2 ad=1.45 as=2.9 pd=10.58 ps=21.16 nrd=0.029 nrs=0.029
| + sa=0 sb=0 sd=0 mult=1 m=1
| XM_TCP1 TC_D1 TC_D1 VIN VIN sky130_fd_pr__pfet_g5v0d10v5 L=2 W=10 nf=2 ad=1.45 as=2.9 pd=10.58 ps=21.16 nrd=0.029 nrs=0.029 sa=0
| + sb=0 sd=0 mult=1 m=1
| XM_TCP2 TS_CMP TC_D1 VIN VIN sky130_fd_pr__pfet_g5v0d10v5 L=2 W=10 nf=2 ad=1.45 as=2.9 pd=10.58 ps=21.16 nrd=0.029 nrs=0.029 sa=0
| + sb=0 sd=0 mult=1 m=1
| XM_TSHUT EA_OUT TS_CMP VIN VIN sky130_fd_pr__pfet_g5v0d10v5 L=0.5 W=20 nf=4 ad=2.9 as=4.35 pd=21.16 ps=31.74 nrd=0.0145 nrs=0.0145
| + sa=0 sb=0 sd=0 mult=1 m=1
| XM_TSHYSB TS_HYS BIASP VIN VIN sky130_fd_pr__pfet_g5v0d10v5 L=2 W=1.5 nf=1 ad=0.435 as=0.435 pd=3.58 ps=3.58 nrd=0.193333333333333
| + nrs=0.193333333333333 sa=0 sb=0 sd=0 mult=1 m=1
| XM_TSHYS TS_REF TS_CMP TS_HYS VIN sky130_fd_pr__pfet_g5v0d10v5 L=0.5 W=2 nf=1 ad=0.58 as=0.58 pd=4.58 ps=4.58 nrd=0.145 nrs=0.145
| + sa=0 sb=0 sd=0 mult=1 m=1
| XM_ENP4 TS_CMP EN VIN VIN sky130_fd_pr__pfet_g5v0d10v5 L=0.5 W=2 nf=1 ad=0.58 as=0.58 pd=4.58 ps=4.58 nrd=0.145 nrs=0.145 sa=0
| + sb=0 sd=0 mult=1 m=1
| C_TS VIN TS_CMP 1p m=1
| .ends
| 
| .control
| save all
| * --- leg 1: C_out 0.33uF, 0 mA (feedback divider is the only preload) ---
| tran 10u 4m
| meas tran vpk max v(vout) from=100u to=4m
| meas tran vfloor min v(vout) from=3.1m to=4m
| meas tran tset when v(vout)=1.764 rise=1
| * --- leg 2: C_out 0.33uF, 50 mA ---
| alter rload = 36
| tran 10u 4m
| meas tran vpk max v(vout) from=100u to=4m
| meas tran vfloor min v(vout) from=3.1m to=4m
| meas tran tset when v(vout)=1.764 rise=1
| * --- leg 3: C_out 4.7uF, 0 mA ---
| alter cout = 4.7u
| alter rload = 1e12
| tran 10u 4m
| meas tran vpk max v(vout) from=100u to=4m
| meas tran vfloor min v(vout) from=3.1m to=4m
| meas tran tset when v(vout)=1.764 rise=1
| * --- leg 4: C_out 4.7uF, 50 mA ---
| alter rload = 36
| tran 10u 4m
| meas tran vpk max v(vout) from=100u to=4m
| meas tran vfloor min v(vout) from=3.1m to=4m
| meas tran tset when v(vout)=1.764 rise=1
| let meas_vpk_c033_0ma_v = tran1.vpk
| let meas_vfloor_c033_0ma_v = tran1.vfloor
| let meas_tramp_c033_0ma_ms = 1000*(tran1.tset - 100u)
| let meas_vpk_c033_50ma_v = tran2.vpk
| let meas_vfloor_c033_50ma_v = tran2.vfloor
| let meas_tramp_c033_50ma_ms = 1000*(tran2.tset - 100u)
| let meas_vpk_c47_0ma_v = tran3.vpk
| let meas_vfloor_c47_0ma_v = tran3.vfloor
| let meas_tramp_c47_0ma_ms = 1000*(tran3.tset - 100u)
| let meas_vpk_c47_50ma_v = tran4.vpk
| let meas_vfloor_c47_50ma_v = tran4.vfloor
| let meas_tramp_c47_50ma_ms = 1000*(tran4.tset - 100u)
| print meas_vpk_c033_0ma_v
| print meas_vfloor_c033_0ma_v
| print meas_tramp_c033_0ma_ms
| print meas_vpk_c033_50ma_v
| print meas_vfloor_c033_50ma_v
| print meas_tramp_c033_50ma_ms
| print meas_vpk_c47_0ma_v
| print meas_vfloor_c47_0ma_v
| print meas_tramp_c47_0ma_ms
| print meas_vpk_c47_50ma_v
| print meas_vfloor_c47_50ma_v
| print meas_tramp_c47_50ma_ms
| quit
| .endc
| .end

# ==== ngspice stdout ====

Note: Compatibility modes selected: hs a


Circuit: * startup corner deck -- generated by sim/bin/corner-run.py, do not edit

option SCALE: Scale is set to 1e-06 for instance and model parameters
option SCALE: Scale is set to 1e-06 for instance and model parameters
option SCALE: Scale is set to 1e-06 for instance and model parameters
option SCALE: Scale is set to 1e-06 for instance and model parameters
Doing analysis at TEMP = 125.000000 and TNOM = 27.000000

Using KLU as Direct Linear Solver
 Reference value :  0.00000e+00
 Reference value :  8.00000e-07
 Reference value :  1.28000e-05
 Reference value :  5.28000e-05
 Reference value :  9.14000e-05
 Reference value :  1.00100e-04
 Reference value :  1.00300e-04
 Reference value :  1.00411e-04
 Reference value :  1.00588e-04
 Reference value :  1.00660e-04
 Reference value :  1.00830e-04
 Reference value :  1.00890e-04
 Reference value :  1.00939e-04
 Reference value :  1.01000e-04
 Reference value :  1.01031e-04
 Reference value :  1.01162e-04
 Reference value :  1.01246e-04
 Reference value :  1.01431e-04
 Reference value :  1.01948e-04
 Reference value :  1.02777e-04
 Reference value :  1.09819e-04
 Reference value :  1.37331e-04
 Reference value :  1.67331e-04
 Reference value :  2.27331e-04
 Reference value :  2.87331e-04
 Reference value :  3.37331e-04
 Reference value :  3.67331e-04
 Reference value :  4.07331e-04
 Reference value :  4.47331e-04
 Reference value :  4.97331e-04
 Reference value :  5.27331e-04
 Reference value :  5.57331e-04
 Reference value :  5.97331e-04
 Reference value :  6.37331e-04
 Reference value :  6.67331e-04
 Reference value :  7.07331e-04
 Reference value :  7.37331e-04
 Reference value :  7.77331e-04
 Reference value :  8.17331e-04
 Reference value :  8.57331e-04
 Reference value :  8.87331e-04
 Reference value :  9.27331e-04
 Reference value :  9.67331e-04
 Reference value :  1.00733e-03
 Reference value :  1.05733e-03
 Reference value :  1.11733e-03
 Reference value :  1.14733e-03
 Reference value :  1.18733e-03
 Reference value :  1.22733e-03
 Reference value :  1.26733e-03
 Reference value :  1.29733e-03
 Reference value :  1.33733e-03
 Reference value :  1.37733e-03
 Reference value :  1.41733e-03
 Reference value :  1.45733e-03
 Reference value :  1.49733e-03
 Reference value :  1.53733e-03
 Reference value :  1.58733e-03
 Reference value :  1.63733e-03
 Reference value :  1.67733e-03
 Reference value :  1.71733e-03
 Reference value :  1.75733e-03
 Reference value :  1.79733e-03
 Reference value :  1.83733e-03
 Reference value :  1.87733e-03
 Reference value :  1.91733e-03
 Reference value :  1.95733e-03
 Reference value :  1.99733e-03
 Reference value :  2.03733e-03
 Reference value :  2.07733e-03
 Reference value :  2.11733e-03
 Reference value :  2.15733e-03
 Reference value :  2.19733e-03
 Reference value :  2.23733e-03
 Reference value :  2.27733e-03
 Reference value :  2.31733e-03
 Reference value :  2.35733e-03
 Reference value :  2.40733e-03
 Reference value :  2.44733e-03
 Reference value :  2.48733e-03
 Reference value :  2.52733e-03
 Reference value :  2.56733e-03
 Reference value :  2.60733e-03
 Reference value :  2.64733e-03
 Reference value :  2.68733e-03
 Reference value :  2.72733e-03
 Reference value :  2.77733e-03
 Reference value :  2.81733e-03
 Reference value :  2.86733e-03
 Reference value :  2.90733e-03
 Reference value :  2.94733e-03
 Reference value :  2.98733e-03
 Reference value :  3.02733e-03
 Reference value :  3.06733e-03
 Reference value :  3.10733e-03
 Reference value :  3.14733e-03
 Reference value :  3.18733e-03
 Reference value :  3.22733e-03
 Reference value :  3.26733e-03
 Reference value :  3.30733e-03
 Reference value :  3.34733e-03
 Reference value :  3.37733e-03
 Reference value :  3.40733e-03
 Reference value :  3.44733e-03
 Reference value :  3.48733e-03
 Reference value :  3.52733e-03
 Reference value :  3.55733e-03
 Reference value :  3.59733e-03
 Reference value :  3.62733e-03
 Reference value :  3.65733e-03
 Reference value :  3.69733e-03
 Reference value :  3.73733e-03
 Reference value :  3.77733e-03
 Reference value :  3.81733e-03
 Reference value :  3.84733e-03
 Reference value :  3.88733e-03
 Reference value :  3.91733e-03
 Reference value :  3.94733e-03
 Reference value :  3.97733e-03
No. of Data Rows : 439
vpk                 =  1.82038e+00 at=  9.07331e-04
vfloor              =  1.81526e+00 at=  4.00000e-03
tset                =  5.64453e-04
Doing analysis at TEMP = 125.000000 and TNOM = 27.000000

Using KLU as Direct Linear Solver
 Reference value :  0.00000e+00
 Reference value :  8.00000e-07
 Reference value :  1.28000e-05
 Reference value :  5.28000e-05
 Reference value :  9.14000e-05
 Reference value :  1.00100e-04
 Reference value :  1.00300e-04
 Reference value :  1.00411e-04
 Reference value :  1.00516e-04
 Reference value :  1.00588e-04
 Reference value :  1.00660e-04
 Reference value :  1.00830e-04
 Reference value :  1.00891e-04
 Reference value :  1.00939e-04
 Reference value :  1.01000e-04
 Reference value :  1.01032e-04
 Reference value :  1.01162e-04
 Reference value :  1.01331e-04
 Reference value :  1.01758e-04
 Reference value :  1.02177e-04
 Reference value :  1.03241e-04
 Reference value :  1.09783e-04
 Reference value :  1.24759e-04
 Reference value :  1.39338e-04
 Reference value :  1.56202e-04
 Reference value :  1.86202e-04
 Reference value :  2.26202e-04
 Reference value :  2.66202e-04
 Reference value :  3.06202e-04
 Reference value :  3.36202e-04
 Reference value :  3.76202e-04
 Reference value :  4.16202e-04
 Reference value :  4.56202e-04
 Reference value :  4.96202e-04
 Reference value :  5.36202e-04
 Reference value :  5.76202e-04
 Reference value :  6.16202e-04
 Reference value :  6.46202e-04
 Reference value :  6.76202e-04
 Reference value :  7.06202e-04
 Reference value :  7.36202e-04
 Reference value :  7.66202e-04
 Reference value :  8.06202e-04
 Reference value :  8.46202e-04
 Reference value :  8.86202e-04
 Reference value :  9.26202e-04
 Reference value :  9.76202e-04
 Reference value :  1.01620e-03
 Reference value :  1.05620e-03
 Reference value :  1.09620e-03
 Reference value :  1.13620e-03
 Reference value :  1.17620e-03
 Reference value :  1.21620e-03
 Reference value :  1.25620e-03
 Reference value :  1.28620e-03
 Reference value :  1.32620e-03
 Reference value :  1.35620e-03
 Reference value :  1.38620e-03
 Reference value :  1.41620e-03
 Reference value :  1.45620e-03
 Reference value :  1.49620e-03
 Reference value :  1.53620e-03
 Reference value :  1.58620e-03
 Reference value :  1.62620e-03
 Reference value :  1.66620e-03
 Reference value :  1.70620e-03
 Reference value :  1.74620e-03
 Reference value :  1.78620e-03
 Reference value :  1.82620e-03
 Reference value :  1.86620e-03
 Reference value :  1.90620e-03
 Reference value :  1.94620e-03
 Reference value :  1.98620e-03
 Reference value :  2.02620e-03
 Reference value :  2.06620e-03
 Reference value :  2.10620e-03
 Reference value :  2.14620e-03
 Reference value :  2.18620e-03
 Reference value :  2.22620e-03
 Reference value :  2.26620e-03
 Reference value :  2.30620e-03
 Reference value :  2.34620e-03
 Reference value :  2.38620e-03
 Reference value :  2.42620e-03
 Reference value :  2.46620e-03
 Reference value :  2.50620e-03
 Reference value :  2.54620e-03
 Reference value :  2.58620e-03
 Reference value :  2.62620e-03
 Reference value :  2.65620e-03
 Reference value :  2.68620e-03
 Reference value :  2.72620e-03
 Reference value :  2.75620e-03
 Reference value :  2.78620e-03
 Reference value :  2.81620e-03
 Reference value :  2.84620e-03
 Reference value :  2.87620e-03
 Reference value :  2.90620e-03
 Reference value :  2.94620e-03
 Reference value :  2.97620e-03
 Reference value :  3.00620e-03
 Reference value :  3.04620e-03
 Reference value :  3.08620e-03
 Reference value :  3.12620e-03
 Reference value :  3.15620e-03
 Reference value :  3.19620e-03
 Reference value :  3.23620e-03
 Reference value :  3.27620e-03
 Reference value :  3.30620e-03
 Reference value :  3.33620e-03
 Reference value :  3.36620e-03
 Reference value :  3.39620e-03
 Reference value :  3.43620e-03
 Reference value :  3.46620e-03
 Reference value :  3.50620e-03
 Reference value :  3.54620e-03
 Reference value :  3.58620e-03
 Reference value :  3.62620e-03
 Reference value :  3.67620e-03
 Reference value :  3.72620e-03
 Reference value :  3.76620e-03
 Reference value :  3.80620e-03
 Reference value :  3.84620e-03
 Reference value :  3.88620e-03
 Reference value :  3.92620e-03
 Reference value :  3.96620e-03
No. of Data Rows : 440
vpk                 =  1.79721e+00 at=  3.98620e-03
vfloor              =  1.79721e+00 at=  3.99310e-03
tset                =  5.95843e-04
Doing analysis at TEMP = 125.000000 and TNOM = 27.000000

Using KLU as Direct Linear Solver
 Reference value :  0.00000e+00
 Reference value :  8.00000e-07
 Reference value :  2.28000e-05
 Reference value :  6.28000e-05
 Reference value :  1.00000e-04
 Reference value :  1.00300e-04
 Reference value :  1.00411e-04
 Reference value :  1.00588e-04
 Reference value :  1.00756e-04
 Reference value :  1.00830e-04
 Reference value :  1.00890e-04
 Reference value :  1.00939e-04
 Reference value :  1.01000e-04
 Reference value :  1.01066e-04
 Reference value :  1.01162e-04
 Reference value :  1.01246e-04
 Reference value :  1.01431e-04
 Reference value :  1.01948e-04
 Reference value :  1.02777e-04
 Reference value :  1.09819e-04
 Reference value :  1.27331e-04
 Reference value :  1.37331e-04
 Reference value :  1.57331e-04
 Reference value :  1.77331e-04
 Reference value :  2.07331e-04
 Reference value :  2.47331e-04
 Reference value :  2.87331e-04
 Reference value :  3.27331e-04
 Reference value :  3.57331e-04
 Reference value :  3.97331e-04
 Reference value :  4.27331e-04
 Reference value :  4.57331e-04
 Reference value :  4.97331e-04
 Reference value :  5.37331e-04
 Reference value :  5.67331e-04
 Reference value :  5.97331e-04
 Reference value :  6.37331e-04
 Reference value :  6.77331e-04
 Reference value :  7.17331e-04
 Reference value :  7.57331e-04
 Reference value :  7.97331e-04
 Reference value :  8.27331e-04
 Reference value :  8.67331e-04
 Reference value :  8.97331e-04
 Reference value :  9.27331e-04
 Reference value :  9.57331e-04
 Reference value :  9.87331e-04
 Reference value :  1.01733e-03
 Reference value :  1.04733e-03
 Reference value :  1.07733e-03
 Reference value :  1.11733e-03
 Reference value :  1.16733e-03
 Reference value :  1.20733e-03
 Reference value :  1.24733e-03
 Reference value :  1.28733e-03
 Reference value :  1.31733e-03
 Reference value :  1.34733e-03
 Reference value :  1.37733e-03
 Reference value :  1.40733e-03
 Reference value :  1.44733e-03
 Reference value :  1.48733e-03
 Reference value :  1.51733e-03
 Reference value :  1.54733e-03
 Reference value :  1.58733e-03
 Reference value :  1.62733e-03
 Reference value :  1.66733e-03
 Reference value :  1.70733e-03
 Reference value :  1.74733e-03
 Reference value :  1.78733e-03
 Reference value :  1.81733e-03
 Reference value :  1.84733e-03
 Reference value :  1.88733e-03
 Reference value :  1.92733e-03
 Reference value :  1.96733e-03
 Reference value :  2.00733e-03
 Reference value :  2.04733e-03
 Reference value :  2.08733e-03
 Reference value :  2.12733e-03
 Reference value :  2.16733e-03
 Reference value :  2.20733e-03
 Reference value :  2.24733e-03
 Reference value :  2.29733e-03
 Reference value :  2.33733e-03
 Reference value :  2.36733e-03
 Reference value :  2.39733e-03
 Reference value :  2.42733e-03
 Reference value :  2.46733e-03
 Reference value :  2.50733e-03
 Reference value :  2.54733e-03
 Reference value :  2.58733e-03
 Reference value :  2.61733e-03
 Reference value :  2.64733e-03
 Reference value :  2.67733e-03
 Reference value :  2.70733e-03
 Reference value :  2.73733e-03
 Reference value :  2.76733e-03
 Reference value :  2.79733e-03
 Reference value :  2.82733e-03
 Reference value :  2.86733e-03
 Reference value :  2.90733e-03
 Reference value :  2.94733e-03
 Reference value :  2.98733e-03
 Reference value :  3.02733e-03
 Reference value :  3.05733e-03
 Reference value :  3.09733e-03
 Reference value :  3.13733e-03
 Reference value :  3.16733e-03
 Reference value :  3.20733e-03
 Reference value :  3.24733e-03
 Reference value :  3.28733e-03
 Reference value :  3.32733e-03
 Reference value :  3.36733e-03
 Reference value :  3.39733e-03
 Reference value :  3.42733e-03
 Reference value :  3.46733e-03
 Reference value :  3.50733e-03
 Reference value :  3.54733e-03
 Reference value :  3.58733e-03
 Reference value :  3.62733e-03
 Reference value :  3.66733e-03
 Reference value :  3.70733e-03
 Reference value :  3.74733e-03
 Reference value :  3.78733e-03
 Reference value :  3.82733e-03
 Reference value :  3.86733e-03
 Reference value :  3.90733e-03
 Reference value :  3.94733e-03
 Reference value :  3.98733e-03
No. of Data Rows : 439
vpk                 =  1.82957e+00 at=  9.17331e-04
vfloor              =  1.82920e+00 at=  4.00000e-03
tset                =  5.54095e-04
Doing analysis at TEMP = 125.000000 and TNOM = 27.000000

Using KLU as Direct Linear Solver
 Reference value :  0.00000e+00
 Reference value :  8.00000e-07
 Reference value :  6.40000e-06
 Reference value :  4.28000e-05
 Reference value :  8.28000e-05
 Reference value :  1.00100e-04
 Reference value :  1.00300e-04
 Reference value :  1.00411e-04
 Reference value :  1.00516e-04
 Reference value :  1.00588e-04
 Reference value :  1.00756e-04
 Reference value :  1.00830e-04
 Reference value :  1.00891e-04
 Reference value :  1.00939e-04
 Reference value :  1.01000e-04
 Reference value :  1.01032e-04
 Reference value :  1.01108e-04
 Reference value :  1.01253e-04
 Reference value :  1.01432e-04
 Reference value :  1.01944e-04
 Reference value :  1.02774e-04
 Reference value :  1.06126e-04
 Reference value :  1.24795e-04
 Reference value :  1.38753e-04
 Reference value :  1.63784e-04
 Reference value :  1.93784e-04
 Reference value :  2.33784e-04
 Reference value :  2.63784e-04
 Reference value :  2.93784e-04
 Reference value :  3.23784e-04
 Reference value :  3.63784e-04
 Reference value :  3.93784e-04
 Reference value :  4.33784e-04
 Reference value :  4.63784e-04
 Reference value :  4.93784e-04
 Reference value :  5.33784e-04
 Reference value :  5.63784e-04
 Reference value :  5.93784e-04
 Reference value :  6.23784e-04
 Reference value :  6.53784e-04
 Reference value :  6.93784e-04
 Reference value :  7.33784e-04
 Reference value :  7.63784e-04
 Reference value :  7.93784e-04
 Reference value :  8.23784e-04
 Reference value :  8.63784e-04
 Reference value :  8.93784e-04
 Reference value :  9.33784e-04
 Reference value :  9.73784e-04
 Reference value :  1.00378e-03
 Reference value :  1.04378e-03
 Reference value :  1.07378e-03
 Reference value :  1.11378e-03
 Reference value :  1.14378e-03
 Reference value :  1.17378e-03
 Reference value :  1.21378e-03
 Reference value :  1.24378e-03
 Reference value :  1.27378e-03
 Reference value :  1.31378e-03
 Reference value :  1.35378e-03
 Reference value :  1.38378e-03
 Reference value :  1.42378e-03
 Reference value :  1.46378e-03
 Reference value :  1.50378e-03
 Reference value :  1.54378e-03
 Reference value :  1.58378e-03
 Reference value :  1.61378e-03
 Reference value :  1.65378e-03
 Reference value :  1.69378e-03
 Reference value :  1.73378e-03
 Reference value :  1.77378e-03
 Reference value :  1.81378e-03
 Reference value :  1.84378e-03
 Reference value :  1.87378e-03
 Reference value :  1.91378e-03
 Reference value :  1.94378e-03
 Reference value :  1.98378e-03
 Reference value :  2.02378e-03
 Reference value :  2.06378e-03
 Reference value :  2.09378e-03
 Reference value :  2.13378e-03
 Reference value :  2.16378e-03
 Reference value :  2.20378e-03
 Reference value :  2.24378e-03
 Reference value :  2.28378e-03
 Reference value :  2.32378e-03
 Reference value :  2.36378e-03
 Reference value :  2.40378e-03
 Reference value :  2.44378e-03
 Reference value :  2.48378e-03
 Reference value :  2.52378e-03
 Reference value :  2.55378e-03
 Reference value :  2.59378e-03
 Reference value :  2.63378e-03
 Reference value :  2.67378e-03
 Reference value :  2.71378e-03
 Reference value :  2.75378e-03
 Reference value :  2.79378e-03
 Reference value :  2.83378e-03
 Reference value :  2.87378e-03
 Reference value :  2.91378e-03
 Reference value :  2.95378e-03
 Reference value :  2.99378e-03
 Reference value :  3.03378e-03
 Reference value :  3.06378e-03
 Reference value :  3.10378e-03
 Reference value :  3.14378e-03
 Reference value :  3.18378e-03
 Reference value :  3.21378e-03
 Reference value :  3.24378e-03
 Reference value :  3.27378e-03
 Reference value :  3.31378e-03
 Reference value :  3.35378e-03
 Reference value :  3.39378e-03
 Reference value :  3.43378e-03
 Reference value :  3.46378e-03
 Reference value :  3.50378e-03
 Reference value :  3.54378e-03
 Reference value :  3.57378e-03
 Reference value :  3.60378e-03
 Reference value :  3.63378e-03
 Reference value :  3.66378e-03
 Reference value :  3.69378e-03
 Reference value :  3.72378e-03
 Reference value :  3.75378e-03
 Reference value :  3.78378e-03
 Reference value :  3.81378e-03
 Reference value :  3.84378e-03
 Reference value :  3.87378e-03
 Reference value :  3.91378e-03
 Reference value :  3.95378e-03
 Reference value :  3.99189e-03
No. of Data Rows : 440
vpk                 =  1.79721e+00 at=  3.98378e-03
vfloor              =  1.79721e+00 at=  4.00000e-03
tset                =  5.76009e-04
meas_vpk_c033_0ma_v = 1.820380e+00
meas_vfloor_c033_0ma_v = 1.815260e+00
meas_tramp_c033_0ma_ms = 4.644534e-01
meas_vpk_c033_50ma_v = 1.797214e+00
meas_vfloor_c033_50ma_v = 1.797214e+00
meas_tramp_c033_50ma_ms = 4.958426e-01
meas_vpk_c47_0ma_v = 1.829569e+00
meas_vfloor_c47_0ma_v = 1.829203e+00
meas_tramp_c47_0ma_ms = 4.540951e-01
meas_vpk_c47_50ma_v = 1.797214e+00
meas_vfloor_c47_50ma_v = 1.797214e+00
meas_tramp_c47_50ma_ms = 4.760089e-01
ngspice-46 done

# ==== ngspice stderr ====
Note: Starting dynamic gmin stepping
Note: Dynamic gmin stepping completed
Note: Starting dynamic gmin stepping
Note: Dynamic gmin stepping completed
