# corner: ss_27c_2.97v
# process=ss temp=27C supply=2.97V
# ngspice exit: 0
# wall clock: 115.2s (--timeout was 300s)
# result: PASS

# ==== deck (exact input given to ngspice) ====
| * startup corner deck -- generated by sim/bin/corner-run.py, do not edit
| * corner: ss_27c_2.97v
| .param vsup=2.97
| .option wnflag=1
| .temp 27
| .lib "/home/ubuntu/.volare/sky130A/libs.tech/combined/sky130.lib.spice" ss
| ** sch_path: sim/startup/testbench/tb_startup.sch
| **.subckt tb_startup
| VVIN VIN 0 'vsup'
| .save i(vvin)
| VEN EN 0 PULSE(0 'vsup' 100u 1u 1u 100 200)
| .save i(ven)
| VVREF VREF 0 1.2
| .save i(vvref)
| xldo VOUT VREF EN VIN ldo_3v3in_1v8out
| COUT VOUT VESR 0.33u m=1
| RESR VESR 0 10m m=1
| RLOAD VOUT 0 1e12 m=1
| **.ends
| 
| * expanding   symbol:  design/ldo_3v3in_1v8out.sym # of pins=4
| ** sym_path: design/ldo_3v3in_1v8out.sym
| ** sch_path: design/ldo_3v3in_1v8out.sch
| .subckt ldo_3v3in_1v8out VOUT VREF EN VIN
| *.ipin VIN
| *.ipin EN
| *.ipin VREF
| *.opin VOUT
| XR_BIAS VIN NB 0 sky130_fd_pr__res_high_po W=0.42 L=1500 mult=1 m=1
| XM_BIASN1 NB NB BIAS_ENN 0 sky130_fd_pr__nfet_g5v0d10v5 L=1 W=4 nf=1 ad=1.16 as=1.16 pd=8.58 ps=8.58 nrd=0.0725 nrs=0.0725 sa=0
| + sb=0 sd=0 mult=1 m=1
| XM_ENN BIAS_ENN EN 0 0 sky130_fd_pr__nfet_g5v0d10v5 L=0.5 W=10 nf=1 ad=2.9 as=2.9 pd=20.58 ps=20.58 nrd=0.029 nrs=0.029 sa=0 sb=0
| + sd=0 mult=1 m=1
| XM_BIASN2 BIASP NB BIAS_ENN 0 sky130_fd_pr__nfet_g5v0d10v5 L=1 W=4 nf=1 ad=1.16 as=1.16 pd=8.58 ps=8.58 nrd=0.0725 nrs=0.0725 sa=0
| + sb=0 sd=0 mult=1 m=1
| XM_BIASP1 BIASP BIASP VIN VIN sky130_fd_pr__pfet_g5v0d10v5 L=1 W=10 nf=2 ad=1.45 as=2.9 pd=10.58 ps=21.16 nrd=0.029 nrs=0.029 sa=0
| + sb=0 sd=0 mult=1 m=1
| XM_ENP2 BIASP EN VIN VIN sky130_fd_pr__pfet_g5v0d10v5 L=0.5 W=10 nf=1 ad=2.9 as=2.9 pd=20.58 ps=20.58 nrd=0.029 nrs=0.029 sa=0
| + sb=0 sd=0 mult=1 m=1
| XM_TAIL EA_TAIL BIASP VIN VIN sky130_fd_pr__pfet_g5v0d10v5 L=2 W=40 nf=8 ad=5.8 as=7.25 pd=42.32 ps=52.9 nrd=0.00725 nrs=0.00725
| + sa=0 sb=0 sd=0 mult=1 m=1
| XM_IN1 EA_D1 FB EA_TAIL VIN sky130_fd_pr__pfet_g5v0d10v5 L=2 W=10 nf=2 ad=1.45 as=2.9 pd=10.58 ps=21.16 nrd=0.029 nrs=0.029 sa=0
| + sb=0 sd=0 mult=1 m=1
| XM_IN2 EA_D2 VREF EA_TAIL VIN sky130_fd_pr__pfet_g5v0d10v5 L=2 W=10 nf=2 ad=1.45 as=2.9 pd=10.58 ps=21.16 nrd=0.029 nrs=0.029 sa=0
| + sb=0 sd=0 mult=1 m=1
| XM_MIR1 EA_D1 EA_D1 AMP_ENN 0 sky130_fd_pr__nfet_g5v0d10v5 L=4 W=10 nf=2 ad=1.45 as=2.9 pd=10.58 ps=21.16 nrd=0.029 nrs=0.029 sa=0
| + sb=0 sd=0 mult=1 m=1
| XM_MIR2 EA_OUT EA_D1 AMP_ENN 0 sky130_fd_pr__nfet_g5v0d10v5 L=4 W=10 nf=2 ad=1.45 as=2.9 pd=10.58 ps=21.16 nrd=0.029 nrs=0.029
| + sa=0 sb=0 sd=0 mult=1 m=1
| XM_ENN2 AMP_ENN EN 0 0 sky130_fd_pr__nfet_g5v0d10v5 L=0.5 W=10 nf=1 ad=2.9 as=2.9 pd=20.58 ps=20.58 nrd=0.029 nrs=0.029 sa=0 sb=0
| + sd=0 mult=1 m=1
| XM_ENP EA_OUT EN VIN VIN sky130_fd_pr__pfet_g5v0d10v5 L=0.5 W=10 nf=1 ad=2.9 as=2.9 pd=20.58 ps=20.58 nrd=0.029 nrs=0.029 sa=0
| + sb=0 sd=0 mult=1 m=1
| XM_MIR3 EA_D2 EA_D2 AMP_ENN 0 sky130_fd_pr__nfet_g5v0d10v5 L=4 W=10 nf=2 ad=1.45 as=2.9 pd=10.58 ps=21.16 nrd=0.029 nrs=0.029 sa=0
| + sb=0 sd=0 mult=1 m=1
| XM_MIR4 PB EA_D2 AMP_ENN 0 sky130_fd_pr__nfet_g5v0d10v5 L=4 W=10 nf=2 ad=1.45 as=2.9 pd=10.58 ps=21.16 nrd=0.029 nrs=0.029 sa=0
| + sb=0 sd=0 mult=1 m=1
| XM_MIRP1 PB PB VIN VIN sky130_fd_pr__pfet_g5v0d10v5 L=4 W=20 nf=4 ad=2.9 as=4.35 pd=21.16 ps=31.74 nrd=0.0145 nrs=0.0145 sa=0 sb=0
| + sd=0 mult=1 m=1
| XM_MIRP2 EA_OUT PB VIN VIN sky130_fd_pr__pfet_g5v0d10v5 L=4 W=20 nf=4 ad=2.9 as=4.35 pd=21.16 ps=31.74 nrd=0.0145 nrs=0.0145 sa=0
| + sb=0 sd=0 mult=1 m=1
| XM_ENP5 PB EN VIN VIN sky130_fd_pr__pfet_g5v0d10v5 L=0.5 W=2 nf=1 ad=0.58 as=0.58 pd=4.58 ps=4.58 nrd=0.145 nrs=0.145 sa=0 sb=0
| + sd=0 mult=1 m=1
| XM_PASS VOUT EA_OUT VIN VIN sky130_fd_pr__pfet_g5v0d10v5 L=0.5 W=100 nf=25 ad=15.08 as=15.08 pd=111.54 ps=111.54 nrd=0.0029
| + nrs=0.0029 sa=0 sb=0 sd=0 mult=25 m=25
| C_COMP VOUT EA_CZ 150p m=1
| XR_CZ EA_CZ EA_OUT 0 sky130_fd_pr__res_xhigh_po W=0.42 L=52 mult=1 m=1
| XR_FB_A VOUT FB 0 sky130_fd_pr__res_xhigh_po W=0.42 L=180 mult=1 m=1
| XR_FB_B FB N_FBB 0 sky130_fd_pr__res_xhigh_po W=0.42 L=180 mult=1 m=1
| XR_FB_C N_FBB 0 0 sky130_fd_pr__res_xhigh_po W=0.42 L=180 mult=1 m=1
| XM_SENSE CL_SNS EA_OUT VIN VIN sky130_fd_pr__pfet_g5v0d10v5 L=0.5 W=0.42 nf=1 ad=0.1218 as=0.1218 pd=1.42 ps=1.42
| + nrd=0.69047619047619 nrs=0.69047619047619 sa=0 sb=0 sd=0 mult=1 m=1
| XM_CLN1 CL_SNS CL_SNS AMP_ENN 0 sky130_fd_pr__nfet_g5v0d10v5 L=1 W=20 nf=1 ad=5.8 as=5.8 pd=40.58 ps=40.58 nrd=0.0145 nrs=0.0145
| + sa=0 sb=0 sd=0 mult=1 m=1
| XM_CLN2 CL_CMP CL_SNS AMP_ENN 0 sky130_fd_pr__nfet_g5v0d10v5 L=1 W=1.6 nf=1 ad=0.464 as=0.464 pd=3.78 ps=3.78 nrd=0.18125
| + nrs=0.18125 sa=0 sb=0 sd=0 mult=1 m=1
| XM_CLP CL_CMP BIASP VIN VIN sky130_fd_pr__pfet_g5v0d10v5 L=1 W=10 nf=2 ad=1.45 as=2.9 pd=10.58 ps=21.16 nrd=0.029 nrs=0.029 sa=0
| + sb=0 sd=0 mult=1 m=1
| XM_CLIM EA_OUT CL_CMP VIN VIN sky130_fd_pr__pfet_g5v0d10v5 L=0.5 W=20 nf=4 ad=2.9 as=4.35 pd=21.16 ps=31.74 nrd=0.0145 nrs=0.0145
| + sa=0 sb=0 sd=0 mult=1 m=1
| XM_ENP3 CL_CMP EN VIN VIN sky130_fd_pr__pfet_g5v0d10v5 L=0.5 W=2 nf=1 ad=0.58 as=0.58 pd=4.58 ps=4.58 nrd=0.145 nrs=0.145 sa=0
| + sb=0 sd=0 mult=1 m=1
| C_CL VIN CL_CMP 1p m=1
| XM_INVP ENB EN VIN VIN sky130_fd_pr__pfet_g5v0d10v5 L=0.5 W=2 nf=1 ad=0.58 as=0.58 pd=4.58 ps=4.58 nrd=0.145 nrs=0.145 sa=0 sb=0
| + sd=0 mult=1 m=1
| XM_INVN ENB EN 0 0 sky130_fd_pr__nfet_g5v0d10v5 L=0.5 W=1 nf=1 ad=0.29 as=0.29 pd=2.58 ps=2.58 nrd=0.29 nrs=0.29 sa=0 sb=0 sd=0
| + mult=1 m=1
| XM_SSDIS SS ENB 0 0 sky130_fd_pr__nfet_g5v0d10v5 L=0.5 W=2 nf=1 ad=0.58 as=0.58 pd=4.58 ps=4.58 nrd=0.145 nrs=0.145 sa=0 sb=0 sd=0
| + mult=1 m=1
| XM_SSCHG SS BIASP VIN VIN sky130_fd_pr__pfet_g5v0d10v5 L=8 W=1 nf=1 ad=0.29 as=0.29 pd=2.58 ps=2.58 nrd=0.29 nrs=0.29 sa=0 sb=0
| + sd=0 mult=1 m=1
| C_SS SS 0 10p m=1
| XM_IN2S EA_D2 SS EA_TAIL VIN sky130_fd_pr__pfet_g5v0d10v5 L=2 W=10 nf=2 ad=1.45 as=2.9 pd=10.58 ps=21.16 nrd=0.029 nrs=0.029 sa=0
| + sb=0 sd=0 mult=1 m=1
| XM_TSPS TS_SNS BIASP VIN VIN sky130_fd_pr__pfet_g5v0d10v5 L=1 W=2.5 nf=1 ad=0.725 as=0.725 pd=5.58 ps=5.58 nrd=0.116 nrs=0.116
| + sa=0 sb=0 sd=0 mult=1 m=1
| XM_TSD1 TS_SNS TS_SNS TS_MID 0 sky130_fd_pr__nfet_g5v0d10v5 L=1 W=80 nf=16 ad=11.6 as=13.05 pd=84.64 ps=95.22 nrd=0.003625
| + nrs=0.003625 sa=0 sb=0 sd=0 mult=1 m=1
| XM_TSD2 TS_MID TS_MID AMP_ENN 0 sky130_fd_pr__nfet_g5v0d10v5 L=1 W=80 nf=16 ad=11.6 as=13.05 pd=84.64 ps=95.22 nrd=0.003625
| + nrs=0.003625 sa=0 sb=0 sd=0 mult=1 m=1
| XM_TSPR TS_REF BIASP VIN VIN sky130_fd_pr__pfet_g5v0d10v5 L=1 W=2.5 nf=1 ad=0.725 as=0.725 pd=5.58 ps=5.58 nrd=0.116 nrs=0.116
| + sa=0 sb=0 sd=0 mult=1 m=1
| XM_TSR1 TS_REF TS_REF AMP_ENN 0 sky130_fd_pr__nfet_g5v0d10v5 L=10 W=2 nf=1 ad=0.58 as=0.58 pd=4.58 ps=4.58 nrd=0.145 nrs=0.145
| + sa=0 sb=0 sd=0 mult=1 m=1
| XM_TCTAIL TC_TAIL NB AMP_ENN 0 sky130_fd_pr__nfet_g5v0d10v5 L=1 W=1 nf=1 ad=0.29 as=0.29 pd=2.58 ps=2.58 nrd=0.29 nrs=0.29 sa=0
| + sb=0 sd=0 mult=1 m=1
| XM_TCN1 TC_D1 TS_SNS TC_TAIL 0 sky130_fd_pr__nfet_g5v0d10v5 L=2 W=10 nf=2 ad=1.45 as=2.9 pd=10.58 ps=21.16 nrd=0.029 nrs=0.029
| + sa=0 sb=0 sd=0 mult=1 m=1
| XM_TCN2 TS_CMP TS_REF TC_TAIL 0 sky130_fd_pr__nfet_g5v0d10v5 L=2 W=10 nf=2 ad=1.45 as=2.9 pd=10.58 ps=21.16 nrd=0.029 nrs=0.029
| + sa=0 sb=0 sd=0 mult=1 m=1
| XM_TCP1 TC_D1 TC_D1 VIN VIN sky130_fd_pr__pfet_g5v0d10v5 L=2 W=10 nf=2 ad=1.45 as=2.9 pd=10.58 ps=21.16 nrd=0.029 nrs=0.029 sa=0
| + sb=0 sd=0 mult=1 m=1
| XM_TCP2 TS_CMP TC_D1 VIN VIN sky130_fd_pr__pfet_g5v0d10v5 L=2 W=10 nf=2 ad=1.45 as=2.9 pd=10.58 ps=21.16 nrd=0.029 nrs=0.029 sa=0
| + sb=0 sd=0 mult=1 m=1
| XM_TSHUT EA_OUT TS_CMP VIN VIN sky130_fd_pr__pfet_g5v0d10v5 L=0.5 W=20 nf=4 ad=2.9 as=4.35 pd=21.16 ps=31.74 nrd=0.0145 nrs=0.0145
| + sa=0 sb=0 sd=0 mult=1 m=1
| XM_TSHYSB TS_HYS BIASP VIN VIN sky130_fd_pr__pfet_g5v0d10v5 L=2 W=1.5 nf=1 ad=0.435 as=0.435 pd=3.58 ps=3.58 nrd=0.193333333333333
| + nrs=0.193333333333333 sa=0 sb=0 sd=0 mult=1 m=1
| XM_TSHYS TS_REF TS_CMP TS_HYS VIN sky130_fd_pr__pfet_g5v0d10v5 L=0.5 W=2 nf=1 ad=0.58 as=0.58 pd=4.58 ps=4.58 nrd=0.145 nrs=0.145
| + sa=0 sb=0 sd=0 mult=1 m=1
| XM_ENP4 TS_CMP EN VIN VIN sky130_fd_pr__pfet_g5v0d10v5 L=0.5 W=2 nf=1 ad=0.58 as=0.58 pd=4.58 ps=4.58 nrd=0.145 nrs=0.145 sa=0
| + sb=0 sd=0 mult=1 m=1
| C_TS VIN TS_CMP 1p m=1
| .ends
| 
| .control
| save all
| * --- leg 1: C_out 0.33uF, 0 mA (feedback divider is the only preload) ---
| tran 10u 4m
| meas tran vpk max v(vout) from=100u to=4m
| meas tran vfloor min v(vout) from=3.1m to=4m
| meas tran tset when v(vout)=1.764 rise=1
| * --- leg 2: C_out 0.33uF, 50 mA ---
| alter rload = 36
| tran 10u 4m
| meas tran vpk max v(vout) from=100u to=4m
| meas tran vfloor min v(vout) from=3.1m to=4m
| meas tran tset when v(vout)=1.764 rise=1
| * --- leg 3: C_out 4.7uF, 0 mA ---
| alter cout = 4.7u
| alter rload = 1e12
| tran 10u 4m
| meas tran vpk max v(vout) from=100u to=4m
| meas tran vfloor min v(vout) from=3.1m to=4m
| meas tran tset when v(vout)=1.764 rise=1
| * --- leg 4: C_out 4.7uF, 50 mA ---
| alter rload = 36
| tran 10u 4m
| meas tran vpk max v(vout) from=100u to=4m
| meas tran vfloor min v(vout) from=3.1m to=4m
| meas tran tset when v(vout)=1.764 rise=1
| let meas_vpk_c033_0ma_v = tran1.vpk
| let meas_vfloor_c033_0ma_v = tran1.vfloor
| let meas_tramp_c033_0ma_ms = 1000*(tran1.tset - 100u)
| let meas_vpk_c033_50ma_v = tran2.vpk
| let meas_vfloor_c033_50ma_v = tran2.vfloor
| let meas_tramp_c033_50ma_ms = 1000*(tran2.tset - 100u)
| let meas_vpk_c47_0ma_v = tran3.vpk
| let meas_vfloor_c47_0ma_v = tran3.vfloor
| let meas_tramp_c47_0ma_ms = 1000*(tran3.tset - 100u)
| let meas_vpk_c47_50ma_v = tran4.vpk
| let meas_vfloor_c47_50ma_v = tran4.vfloor
| let meas_tramp_c47_50ma_ms = 1000*(tran4.tset - 100u)
| print meas_vpk_c033_0ma_v
| print meas_vfloor_c033_0ma_v
| print meas_tramp_c033_0ma_ms
| print meas_vpk_c033_50ma_v
| print meas_vfloor_c033_50ma_v
| print meas_tramp_c033_50ma_ms
| print meas_vpk_c47_0ma_v
| print meas_vfloor_c47_0ma_v
| print meas_tramp_c47_0ma_ms
| print meas_vpk_c47_50ma_v
| print meas_vfloor_c47_50ma_v
| print meas_tramp_c47_50ma_ms
| quit
| .endc
| .end

# ==== ngspice stdout ====

Note: Compatibility modes selected: hs a


Circuit: * startup corner deck -- generated by sim/bin/corner-run.py, do not edit

option SCALE: Scale is set to 1e-06 for instance and model parameters
option SCALE: Scale is set to 1e-06 for instance and model parameters
option SCALE: Scale is set to 1e-06 for instance and model parameters
option SCALE: Scale is set to 1e-06 for instance and model parameters
Doing analysis at TEMP = 27.000000 and TNOM = 27.000000

Using KLU as Direct Linear Solver
 Reference value :  0.00000e+00
 Reference value :  1.60000e-06
 Reference value :  2.28000e-05
 Reference value :  6.28000e-05
 Reference value :  1.00000e-04
 Reference value :  1.00300e-04
 Reference value :  1.00412e-04
 Reference value :  1.00597e-04
 Reference value :  1.00751e-04
 Reference value :  1.00822e-04
 Reference value :  1.00864e-04
 Reference value :  1.00946e-04
 Reference value :  1.01004e-04
 Reference value :  1.01059e-04
 Reference value :  1.01352e-04
 Reference value :  1.01995e-04
 Reference value :  1.08116e-04
 Reference value :  1.30300e-04
 Reference value :  1.46001e-04
 Reference value :  1.66001e-04
 Reference value :  2.06001e-04
 Reference value :  2.56001e-04
 Reference value :  2.96001e-04
 Reference value :  3.46001e-04
 Reference value :  3.76001e-04
 Reference value :  4.16001e-04
 Reference value :  4.56001e-04
 Reference value :  4.96001e-04
 Reference value :  5.26001e-04
 Reference value :  5.56001e-04
 Reference value :  5.86001e-04
 Reference value :  6.16001e-04
 Reference value :  6.46001e-04
 Reference value :  6.76001e-04
 Reference value :  7.06001e-04
 Reference value :  7.56001e-04
 Reference value :  8.06001e-04
 Reference value :  8.46001e-04
 Reference value :  8.96001e-04
 Reference value :  9.46001e-04
 Reference value :  9.86001e-04
 Reference value :  1.03600e-03
 Reference value :  1.08600e-03
 Reference value :  1.13600e-03
 Reference value :  1.18600e-03
 Reference value :  1.23600e-03
 Reference value :  1.27600e-03
 Reference value :  1.32600e-03
 Reference value :  1.36600e-03
 Reference value :  1.41600e-03
 Reference value :  1.46600e-03
 Reference value :  1.51600e-03
 Reference value :  1.56600e-03
 Reference value :  1.61600e-03
 Reference value :  1.66600e-03
 Reference value :  1.71600e-03
 Reference value :  1.76600e-03
 Reference value :  1.80600e-03
 Reference value :  1.85600e-03
 Reference value :  1.90600e-03
 Reference value :  1.95600e-03
 Reference value :  2.00600e-03
 Reference value :  2.04600e-03
 Reference value :  2.08600e-03
 Reference value :  2.13600e-03
 Reference value :  2.18600e-03
 Reference value :  2.23600e-03
 Reference value :  2.27600e-03
 Reference value :  2.31600e-03
 Reference value :  2.35600e-03
 Reference value :  2.40600e-03
 Reference value :  2.45600e-03
 Reference value :  2.49600e-03
 Reference value :  2.54600e-03
 Reference value :  2.58600e-03
 Reference value :  2.63600e-03
 Reference value :  2.67600e-03
 Reference value :  2.72600e-03
 Reference value :  2.76600e-03
 Reference value :  2.80600e-03
 Reference value :  2.84600e-03
 Reference value :  2.88600e-03
 Reference value :  2.92600e-03
 Reference value :  2.96600e-03
 Reference value :  3.00600e-03
 Reference value :  3.05600e-03
 Reference value :  3.09600e-03
 Reference value :  3.13600e-03
 Reference value :  3.18600e-03
 Reference value :  3.22600e-03
 Reference value :  3.27600e-03
 Reference value :  3.31600e-03
 Reference value :  3.36600e-03
 Reference value :  3.40600e-03
 Reference value :  3.45600e-03
 Reference value :  3.49600e-03
 Reference value :  3.53600e-03
 Reference value :  3.58600e-03
 Reference value :  3.63600e-03
 Reference value :  3.67600e-03
 Reference value :  3.72600e-03
 Reference value :  3.77600e-03
 Reference value :  3.81600e-03
 Reference value :  3.85600e-03
 Reference value :  3.90600e-03
 Reference value :  3.94600e-03
 Reference value :  3.99300e-03
No. of Data Rows : 436
vpk                 =  1.81329e+00 at=  7.56001e-04
vfloor              =  1.80789e+00 at=  4.00000e-03
tset                =  4.40529e-04
Doing analysis at TEMP = 27.000000 and TNOM = 27.000000

Using KLU as Direct Linear Solver
 Reference value :  0.00000e+00
 Reference value :  8.00000e-07
 Reference value :  1.28000e-05
 Reference value :  5.28000e-05
 Reference value :  9.14000e-05
 Reference value :  1.00300e-04
 Reference value :  1.00412e-04
 Reference value :  1.00519e-04
 Reference value :  1.00597e-04
 Reference value :  1.00751e-04
 Reference value :  1.00822e-04
 Reference value :  1.00864e-04
 Reference value :  1.00946e-04
 Reference value :  1.01000e-04
 Reference value :  1.01031e-04
 Reference value :  1.01199e-04
 Reference value :  1.01518e-04
 Reference value :  1.01996e-04
 Reference value :  1.08126e-04
 Reference value :  1.30226e-04
 Reference value :  1.45884e-04
 Reference value :  1.65884e-04
 Reference value :  1.95884e-04
 Reference value :  2.35884e-04
 Reference value :  2.75884e-04
 Reference value :  3.25884e-04
 Reference value :  3.65884e-04
 Reference value :  4.05884e-04
 Reference value :  4.45884e-04
 Reference value :  4.85884e-04
 Reference value :  5.25884e-04
 Reference value :  5.65884e-04
 Reference value :  6.05884e-04
 Reference value :  6.45884e-04
 Reference value :  6.85884e-04
 Reference value :  7.25884e-04
 Reference value :  7.65884e-04
 Reference value :  8.05884e-04
 Reference value :  8.45884e-04
 Reference value :  8.85884e-04
 Reference value :  9.35884e-04
 Reference value :  9.75884e-04
 Reference value :  1.01588e-03
 Reference value :  1.05588e-03
 Reference value :  1.10588e-03
 Reference value :  1.15588e-03
 Reference value :  1.19588e-03
 Reference value :  1.23588e-03
 Reference value :  1.27588e-03
 Reference value :  1.31588e-03
 Reference value :  1.34588e-03
 Reference value :  1.38588e-03
 Reference value :  1.42588e-03
 Reference value :  1.46588e-03
 Reference value :  1.50588e-03
 Reference value :  1.54588e-03
 Reference value :  1.58588e-03
 Reference value :  1.61588e-03
 Reference value :  1.65588e-03
 Reference value :  1.68588e-03
 Reference value :  1.71588e-03
 Reference value :  1.75588e-03
 Reference value :  1.79588e-03
 Reference value :  1.82588e-03
 Reference value :  1.85588e-03
 Reference value :  1.89588e-03
 Reference value :  1.92588e-03
 Reference value :  1.95588e-03
 Reference value :  1.99588e-03
 Reference value :  2.03588e-03
 Reference value :  2.07588e-03
 Reference value :  2.10588e-03
 Reference value :  2.14588e-03
 Reference value :  2.18588e-03
 Reference value :  2.22588e-03
 Reference value :  2.26588e-03
 Reference value :  2.29588e-03
 Reference value :  2.33588e-03
 Reference value :  2.37588e-03
 Reference value :  2.41588e-03
 Reference value :  2.45588e-03
 Reference value :  2.49588e-03
 Reference value :  2.53588e-03
 Reference value :  2.57588e-03
 Reference value :  2.60588e-03
 Reference value :  2.64588e-03
 Reference value :  2.68588e-03
 Reference value :  2.72588e-03
 Reference value :  2.76588e-03
 Reference value :  2.79588e-03
 Reference value :  2.82588e-03
 Reference value :  2.86588e-03
 Reference value :  2.89588e-03
 Reference value :  2.93588e-03
 Reference value :  2.96588e-03
 Reference value :  3.00588e-03
 Reference value :  3.04588e-03
 Reference value :  3.08588e-03
 Reference value :  3.11588e-03
 Reference value :  3.15588e-03
 Reference value :  3.19588e-03
 Reference value :  3.23588e-03
 Reference value :  3.27588e-03
 Reference value :  3.31588e-03
 Reference value :  3.35588e-03
 Reference value :  3.39588e-03
 Reference value :  3.42588e-03
 Reference value :  3.46588e-03
 Reference value :  3.50588e-03
 Reference value :  3.54588e-03
 Reference value :  3.57588e-03
 Reference value :  3.60588e-03
 Reference value :  3.64588e-03
 Reference value :  3.68588e-03
 Reference value :  3.73588e-03
 Reference value :  3.77588e-03
 Reference value :  3.81588e-03
 Reference value :  3.85588e-03
 Reference value :  3.89588e-03
 Reference value :  3.93588e-03
 Reference value :  3.97588e-03
No. of Data Rows : 436
vpk                 =  1.79777e+00 at=  1.17588e-03
vfloor              =  1.79776e+00 at=  3.99294e-03
tset                =  4.70718e-04
Doing analysis at TEMP = 27.000000 and TNOM = 27.000000

Using KLU as Direct Linear Solver
 Reference value :  0.00000e+00
 Reference value :  8.00000e-07
 Reference value :  6.40000e-06
 Reference value :  4.28000e-05
 Reference value :  7.28000e-05
 Reference value :  1.00000e-04
 Reference value :  1.00300e-04
 Reference value :  1.00412e-04
 Reference value :  1.00519e-04
 Reference value :  1.00597e-04
 Reference value :  1.00751e-04
 Reference value :  1.00822e-04
 Reference value :  1.00864e-04
 Reference value :  1.00946e-04
 Reference value :  1.01000e-04
 Reference value :  1.01031e-04
 Reference value :  1.01106e-04
 Reference value :  1.01352e-04
 Reference value :  1.01995e-04
 Reference value :  1.04882e-04
 Reference value :  1.21986e-04
 Reference value :  1.30546e-04
 Reference value :  1.49649e-04
 Reference value :  1.79649e-04
 Reference value :  2.09649e-04
 Reference value :  2.39649e-04
 Reference value :  2.69649e-04
 Reference value :  2.99649e-04
 Reference value :  3.39649e-04
 Reference value :  3.69649e-04
 Reference value :  3.99649e-04
 Reference value :  4.29649e-04
 Reference value :  4.59649e-04
 Reference value :  4.89649e-04
 Reference value :  5.19649e-04
 Reference value :  5.49649e-04
 Reference value :  5.79649e-04
 Reference value :  5.99649e-04
 Reference value :  6.29649e-04
 Reference value :  6.49649e-04
 Reference value :  6.69649e-04
 Reference value :  6.89649e-04
 Reference value :  7.19649e-04
 Reference value :  7.59649e-04
 Reference value :  7.99649e-04
 Reference value :  8.39649e-04
 Reference value :  8.79649e-04
 Reference value :  9.19649e-04
 Reference value :  9.59649e-04
 Reference value :  9.89649e-04
 Reference value :  1.02965e-03
 Reference value :  1.05965e-03
 Reference value :  1.09965e-03
 Reference value :  1.13965e-03
 Reference value :  1.17965e-03
 Reference value :  1.21965e-03
 Reference value :  1.24965e-03
 Reference value :  1.27965e-03
 Reference value :  1.31965e-03
 Reference value :  1.35965e-03
 Reference value :  1.39965e-03
 Reference value :  1.43965e-03
 Reference value :  1.47965e-03
 Reference value :  1.51965e-03
 Reference value :  1.55965e-03
 Reference value :  1.59965e-03
 Reference value :  1.63965e-03
 Reference value :  1.66965e-03
 Reference value :  1.70965e-03
 Reference value :  1.74965e-03
 Reference value :  1.78965e-03
 Reference value :  1.82965e-03
 Reference value :  1.86965e-03
 Reference value :  1.90965e-03
 Reference value :  1.94965e-03
 Reference value :  1.98965e-03
 Reference value :  2.02965e-03
 Reference value :  2.05965e-03
 Reference value :  2.08965e-03
 Reference value :  2.12965e-03
 Reference value :  2.15965e-03
 Reference value :  2.18965e-03
 Reference value :  2.21965e-03
 Reference value :  2.24965e-03
 Reference value :  2.28965e-03
 Reference value :  2.31965e-03
 Reference value :  2.35965e-03
 Reference value :  2.38965e-03
 Reference value :  2.42965e-03
 Reference value :  2.46965e-03
 Reference value :  2.51965e-03
 Reference value :  2.55965e-03
 Reference value :  2.60965e-03
 Reference value :  2.65965e-03
 Reference value :  2.68965e-03
 Reference value :  2.72965e-03
 Reference value :  2.75965e-03
 Reference value :  2.78965e-03
 Reference value :  2.82965e-03
 Reference value :  2.86965e-03
 Reference value :  2.90965e-03
 Reference value :  2.94965e-03
 Reference value :  2.98965e-03
 Reference value :  3.02965e-03
 Reference value :  3.06965e-03
 Reference value :  3.09965e-03
 Reference value :  3.13965e-03
 Reference value :  3.16965e-03
 Reference value :  3.20965e-03
 Reference value :  3.23965e-03
 Reference value :  3.26965e-03
 Reference value :  3.29965e-03
 Reference value :  3.32965e-03
 Reference value :  3.36965e-03
 Reference value :  3.40965e-03
 Reference value :  3.44965e-03
 Reference value :  3.48965e-03
 Reference value :  3.52965e-03
 Reference value :  3.56965e-03
 Reference value :  3.60965e-03
 Reference value :  3.63965e-03
 Reference value :  3.66965e-03
 Reference value :  3.69965e-03
 Reference value :  3.72965e-03
 Reference value :  3.75965e-03
 Reference value :  3.79965e-03
 Reference value :  3.83965e-03
 Reference value :  3.87965e-03
 Reference value :  3.91965e-03
 Reference value :  3.95965e-03
 Reference value :  3.99482e-03
No. of Data Rows : 436
vpk                 =  1.82577e+00 at=  6.99649e-04
vfloor              =  1.82538e+00 at=  4.00000e-03
tset                =  4.29141e-04
Doing analysis at TEMP = 27.000000 and TNOM = 27.000000

Using KLU as Direct Linear Solver
 Reference value :  0.00000e+00
 Reference value :  4.00000e-07
 Reference value :  6.40000e-06
 Reference value :  4.28000e-05
 Reference value :  8.28000e-05
 Reference value :  1.00300e-04
 Reference value :  1.00412e-04
 Reference value :  1.00519e-04
 Reference value :  1.00595e-04
 Reference value :  1.00748e-04
 Reference value :  1.00820e-04
 Reference value :  1.00863e-04
 Reference value :  1.00949e-04
 Reference value :  1.01000e-04
 Reference value :  1.01032e-04
 Reference value :  1.01194e-04
 Reference value :  1.01510e-04
 Reference value :  1.02430e-04
 Reference value :  1.07887e-04
 Reference value :  1.29896e-04
 Reference value :  1.45442e-04
 Reference value :  1.64120e-04
 Reference value :  1.94120e-04
 Reference value :  2.24120e-04
 Reference value :  2.64120e-04
 Reference value :  3.04120e-04
 Reference value :  3.44120e-04
 Reference value :  3.94120e-04
 Reference value :  4.34120e-04
 Reference value :  4.64120e-04
 Reference value :  5.04120e-04
 Reference value :  5.34120e-04
 Reference value :  5.74120e-04
 Reference value :  6.14120e-04
 Reference value :  6.44120e-04
 Reference value :  6.84120e-04
 Reference value :  7.24120e-04
 Reference value :  7.64120e-04
 Reference value :  7.94120e-04
 Reference value :  8.24120e-04
 Reference value :  8.54120e-04
 Reference value :  8.84120e-04
 Reference value :  9.24120e-04
 Reference value :  9.64120e-04
 Reference value :  1.01412e-03
 Reference value :  1.05412e-03
 Reference value :  1.09412e-03
 Reference value :  1.13412e-03
 Reference value :  1.17412e-03
 Reference value :  1.21412e-03
 Reference value :  1.25412e-03
 Reference value :  1.29412e-03
 Reference value :  1.33412e-03
 Reference value :  1.38412e-03
 Reference value :  1.42412e-03
 Reference value :  1.46412e-03
 Reference value :  1.50412e-03
 Reference value :  1.54412e-03
 Reference value :  1.58412e-03
 Reference value :  1.63412e-03
 Reference value :  1.68412e-03
 Reference value :  1.73412e-03
 Reference value :  1.77412e-03
 Reference value :  1.83412e-03
 Reference value :  1.88412e-03
 Reference value :  1.94412e-03
 Reference value :  1.98412e-03
 Reference value :  2.01412e-03
 Reference value :  2.05412e-03
 Reference value :  2.08412e-03
 Reference value :  2.12412e-03
 Reference value :  2.16412e-03
 Reference value :  2.20412e-03
 Reference value :  2.24412e-03
 Reference value :  2.28412e-03
 Reference value :  2.32412e-03
 Reference value :  2.36412e-03
 Reference value :  2.40412e-03
 Reference value :  2.43412e-03
 Reference value :  2.47412e-03
 Reference value :  2.51412e-03
 Reference value :  2.55412e-03
 Reference value :  2.59412e-03
 Reference value :  2.63412e-03
 Reference value :  2.67412e-03
 Reference value :  2.71412e-03
 Reference value :  2.75412e-03
 Reference value :  2.79412e-03
 Reference value :  2.83412e-03
 Reference value :  2.88412e-03
 Reference value :  2.92412e-03
 Reference value :  2.95412e-03
 Reference value :  2.98412e-03
 Reference value :  3.01412e-03
 Reference value :  3.05412e-03
 Reference value :  3.08412e-03
 Reference value :  3.13412e-03
 Reference value :  3.18412e-03
 Reference value :  3.23412e-03
 Reference value :  3.27412e-03
 Reference value :  3.32412e-03
 Reference value :  3.35412e-03
 Reference value :  3.39412e-03
 Reference value :  3.43412e-03
 Reference value :  3.46412e-03
 Reference value :  3.49412e-03
 Reference value :  3.52412e-03
 Reference value :  3.56412e-03
 Reference value :  3.60412e-03
 Reference value :  3.64412e-03
 Reference value :  3.67412e-03
 Reference value :  3.70412e-03
 Reference value :  3.73412e-03
 Reference value :  3.76412e-03
 Reference value :  3.82412e-03
 Reference value :  3.86412e-03
 Reference value :  3.89412e-03
 Reference value :  3.92412e-03
 Reference value :  3.96412e-03
 Reference value :  3.99206e-03
No. of Data Rows : 436
vpk                 =  1.79779e+00 at=  1.00412e-03
vfloor              =  1.79777e+00 at=  4.00000e-03
tset                =  4.46601e-04
meas_vpk_c033_0ma_v = 1.813291e+00
meas_vfloor_c033_0ma_v = 1.807894e+00
meas_tramp_c033_0ma_ms = 3.405294e-01
meas_vpk_c033_50ma_v = 1.797771e+00
meas_vfloor_c033_50ma_v = 1.797758e+00
meas_tramp_c033_50ma_ms = 3.707177e-01
meas_vpk_c47_0ma_v = 1.825775e+00
meas_vfloor_c47_0ma_v = 1.825384e+00
meas_tramp_c47_0ma_ms = 3.291405e-01
meas_vpk_c47_50ma_v = 1.797791e+00
meas_vfloor_c47_50ma_v = 1.797770e+00
meas_tramp_c47_50ma_ms = 3.466009e-01
ngspice-46 done

# ==== ngspice stderr ====
Note: Starting dynamic gmin stepping
Warning: Dynamic gmin stepping failed
Note: Starting true gmin stepping
Note: True gmin stepping completed
Note: Starting dynamic gmin stepping
Warning: Dynamic gmin stepping failed
Note: Starting true gmin stepping
Note: True gmin stepping completed
Note: Starting dynamic gmin stepping
Warning: Dynamic gmin stepping failed
Note: Starting true gmin stepping
Note: True gmin stepping completed
Note: Starting dynamic gmin stepping
Warning: Dynamic gmin stepping failed
Note: Starting true gmin stepping
Note: True gmin stepping completed
