# corner: ss_27c_3.30v
# process=ss temp=27C supply=3.30V
# ngspice exit: 0
# wall clock: 115.7s (--timeout was 300s)
# result: PASS

# ==== deck (exact input given to ngspice) ====
| * startup corner deck -- generated by sim/bin/corner-run.py, do not edit
| * corner: ss_27c_3.30v
| .param vsup=3.3
| .option wnflag=1
| .temp 27
| .lib "/home/ubuntu/.volare/sky130A/libs.tech/combined/sky130.lib.spice" ss
| ** sch_path: sim/startup/testbench/tb_startup.sch
| **.subckt tb_startup
| VVIN VIN 0 'vsup'
| .save i(vvin)
| VEN EN 0 PULSE(0 'vsup' 100u 1u 1u 100 200)
| .save i(ven)
| VVREF VREF 0 1.2
| .save i(vvref)
| xldo VOUT VREF EN VIN ldo_3v3in_1v8out
| COUT VOUT VESR 0.33u m=1
| RESR VESR 0 10m m=1
| RLOAD VOUT 0 1e12 m=1
| **.ends
| 
| * expanding   symbol:  design/ldo_3v3in_1v8out.sym # of pins=4
| ** sym_path: design/ldo_3v3in_1v8out.sym
| ** sch_path: design/ldo_3v3in_1v8out.sch
| .subckt ldo_3v3in_1v8out VOUT VREF EN VIN
| *.ipin VIN
| *.ipin EN
| *.ipin VREF
| *.opin VOUT
| XR_BIAS VIN NB 0 sky130_fd_pr__res_high_po W=0.42 L=1500 mult=1 m=1
| XM_BIASN1 NB NB BIAS_ENN 0 sky130_fd_pr__nfet_g5v0d10v5 L=1 W=4 nf=1 ad=1.16 as=1.16 pd=8.58 ps=8.58 nrd=0.0725 nrs=0.0725 sa=0
| + sb=0 sd=0 mult=1 m=1
| XM_ENN BIAS_ENN EN 0 0 sky130_fd_pr__nfet_g5v0d10v5 L=0.5 W=10 nf=1 ad=2.9 as=2.9 pd=20.58 ps=20.58 nrd=0.029 nrs=0.029 sa=0 sb=0
| + sd=0 mult=1 m=1
| XM_BIASN2 BIASP NB BIAS_ENN 0 sky130_fd_pr__nfet_g5v0d10v5 L=1 W=4 nf=1 ad=1.16 as=1.16 pd=8.58 ps=8.58 nrd=0.0725 nrs=0.0725 sa=0
| + sb=0 sd=0 mult=1 m=1
| XM_BIASP1 BIASP BIASP VIN VIN sky130_fd_pr__pfet_g5v0d10v5 L=1 W=10 nf=2 ad=1.45 as=2.9 pd=10.58 ps=21.16 nrd=0.029 nrs=0.029 sa=0
| + sb=0 sd=0 mult=1 m=1
| XM_ENP2 BIASP EN VIN VIN sky130_fd_pr__pfet_g5v0d10v5 L=0.5 W=10 nf=1 ad=2.9 as=2.9 pd=20.58 ps=20.58 nrd=0.029 nrs=0.029 sa=0
| + sb=0 sd=0 mult=1 m=1
| XM_TAIL EA_TAIL BIASP VIN VIN sky130_fd_pr__pfet_g5v0d10v5 L=2 W=40 nf=8 ad=5.8 as=7.25 pd=42.32 ps=52.9 nrd=0.00725 nrs=0.00725
| + sa=0 sb=0 sd=0 mult=1 m=1
| XM_IN1 EA_D1 FB EA_TAIL VIN sky130_fd_pr__pfet_g5v0d10v5 L=2 W=10 nf=2 ad=1.45 as=2.9 pd=10.58 ps=21.16 nrd=0.029 nrs=0.029 sa=0
| + sb=0 sd=0 mult=1 m=1
| XM_IN2 EA_D2 VREF EA_TAIL VIN sky130_fd_pr__pfet_g5v0d10v5 L=2 W=10 nf=2 ad=1.45 as=2.9 pd=10.58 ps=21.16 nrd=0.029 nrs=0.029 sa=0
| + sb=0 sd=0 mult=1 m=1
| XM_MIR1 EA_D1 EA_D1 AMP_ENN 0 sky130_fd_pr__nfet_g5v0d10v5 L=4 W=10 nf=2 ad=1.45 as=2.9 pd=10.58 ps=21.16 nrd=0.029 nrs=0.029 sa=0
| + sb=0 sd=0 mult=1 m=1
| XM_MIR2 EA_OUT EA_D1 AMP_ENN 0 sky130_fd_pr__nfet_g5v0d10v5 L=4 W=10 nf=2 ad=1.45 as=2.9 pd=10.58 ps=21.16 nrd=0.029 nrs=0.029
| + sa=0 sb=0 sd=0 mult=1 m=1
| XM_ENN2 AMP_ENN EN 0 0 sky130_fd_pr__nfet_g5v0d10v5 L=0.5 W=10 nf=1 ad=2.9 as=2.9 pd=20.58 ps=20.58 nrd=0.029 nrs=0.029 sa=0 sb=0
| + sd=0 mult=1 m=1
| XM_ENP EA_OUT EN VIN VIN sky130_fd_pr__pfet_g5v0d10v5 L=0.5 W=10 nf=1 ad=2.9 as=2.9 pd=20.58 ps=20.58 nrd=0.029 nrs=0.029 sa=0
| + sb=0 sd=0 mult=1 m=1
| XM_MIR3 EA_D2 EA_D2 AMP_ENN 0 sky130_fd_pr__nfet_g5v0d10v5 L=4 W=10 nf=2 ad=1.45 as=2.9 pd=10.58 ps=21.16 nrd=0.029 nrs=0.029 sa=0
| + sb=0 sd=0 mult=1 m=1
| XM_MIR4 PB EA_D2 AMP_ENN 0 sky130_fd_pr__nfet_g5v0d10v5 L=4 W=10 nf=2 ad=1.45 as=2.9 pd=10.58 ps=21.16 nrd=0.029 nrs=0.029 sa=0
| + sb=0 sd=0 mult=1 m=1
| XM_MIRP1 PB PB VIN VIN sky130_fd_pr__pfet_g5v0d10v5 L=4 W=20 nf=4 ad=2.9 as=4.35 pd=21.16 ps=31.74 nrd=0.0145 nrs=0.0145 sa=0 sb=0
| + sd=0 mult=1 m=1
| XM_MIRP2 EA_OUT PB VIN VIN sky130_fd_pr__pfet_g5v0d10v5 L=4 W=20 nf=4 ad=2.9 as=4.35 pd=21.16 ps=31.74 nrd=0.0145 nrs=0.0145 sa=0
| + sb=0 sd=0 mult=1 m=1
| XM_ENP5 PB EN VIN VIN sky130_fd_pr__pfet_g5v0d10v5 L=0.5 W=2 nf=1 ad=0.58 as=0.58 pd=4.58 ps=4.58 nrd=0.145 nrs=0.145 sa=0 sb=0
| + sd=0 mult=1 m=1
| XM_PASS VOUT EA_OUT VIN VIN sky130_fd_pr__pfet_g5v0d10v5 L=0.5 W=100 nf=25 ad=15.08 as=15.08 pd=111.54 ps=111.54 nrd=0.0029
| + nrs=0.0029 sa=0 sb=0 sd=0 mult=25 m=25
| C_COMP VOUT EA_CZ 150p m=1
| XR_CZ EA_CZ EA_OUT 0 sky130_fd_pr__res_xhigh_po W=0.42 L=52 mult=1 m=1
| XR_FB_A VOUT FB 0 sky130_fd_pr__res_xhigh_po W=0.42 L=180 mult=1 m=1
| XR_FB_B FB N_FBB 0 sky130_fd_pr__res_xhigh_po W=0.42 L=180 mult=1 m=1
| XR_FB_C N_FBB 0 0 sky130_fd_pr__res_xhigh_po W=0.42 L=180 mult=1 m=1
| XM_SENSE CL_SNS EA_OUT VIN VIN sky130_fd_pr__pfet_g5v0d10v5 L=0.5 W=0.42 nf=1 ad=0.1218 as=0.1218 pd=1.42 ps=1.42
| + nrd=0.69047619047619 nrs=0.69047619047619 sa=0 sb=0 sd=0 mult=1 m=1
| XM_CLN1 CL_SNS CL_SNS AMP_ENN 0 sky130_fd_pr__nfet_g5v0d10v5 L=1 W=20 nf=1 ad=5.8 as=5.8 pd=40.58 ps=40.58 nrd=0.0145 nrs=0.0145
| + sa=0 sb=0 sd=0 mult=1 m=1
| XM_CLN2 CL_CMP CL_SNS AMP_ENN 0 sky130_fd_pr__nfet_g5v0d10v5 L=1 W=1.6 nf=1 ad=0.464 as=0.464 pd=3.78 ps=3.78 nrd=0.18125
| + nrs=0.18125 sa=0 sb=0 sd=0 mult=1 m=1
| XM_CLP CL_CMP BIASP VIN VIN sky130_fd_pr__pfet_g5v0d10v5 L=1 W=10 nf=2 ad=1.45 as=2.9 pd=10.58 ps=21.16 nrd=0.029 nrs=0.029 sa=0
| + sb=0 sd=0 mult=1 m=1
| XM_CLIM EA_OUT CL_CMP VIN VIN sky130_fd_pr__pfet_g5v0d10v5 L=0.5 W=20 nf=4 ad=2.9 as=4.35 pd=21.16 ps=31.74 nrd=0.0145 nrs=0.0145
| + sa=0 sb=0 sd=0 mult=1 m=1
| XM_ENP3 CL_CMP EN VIN VIN sky130_fd_pr__pfet_g5v0d10v5 L=0.5 W=2 nf=1 ad=0.58 as=0.58 pd=4.58 ps=4.58 nrd=0.145 nrs=0.145 sa=0
| + sb=0 sd=0 mult=1 m=1
| C_CL VIN CL_CMP 1p m=1
| XM_INVP ENB EN VIN VIN sky130_fd_pr__pfet_g5v0d10v5 L=0.5 W=2 nf=1 ad=0.58 as=0.58 pd=4.58 ps=4.58 nrd=0.145 nrs=0.145 sa=0 sb=0
| + sd=0 mult=1 m=1
| XM_INVN ENB EN 0 0 sky130_fd_pr__nfet_g5v0d10v5 L=0.5 W=1 nf=1 ad=0.29 as=0.29 pd=2.58 ps=2.58 nrd=0.29 nrs=0.29 sa=0 sb=0 sd=0
| + mult=1 m=1
| XM_SSDIS SS ENB 0 0 sky130_fd_pr__nfet_g5v0d10v5 L=0.5 W=2 nf=1 ad=0.58 as=0.58 pd=4.58 ps=4.58 nrd=0.145 nrs=0.145 sa=0 sb=0 sd=0
| + mult=1 m=1
| XM_SSCHG SS BIASP VIN VIN sky130_fd_pr__pfet_g5v0d10v5 L=8 W=1 nf=1 ad=0.29 as=0.29 pd=2.58 ps=2.58 nrd=0.29 nrs=0.29 sa=0 sb=0
| + sd=0 mult=1 m=1
| C_SS SS 0 10p m=1
| XM_IN2S EA_D2 SS EA_TAIL VIN sky130_fd_pr__pfet_g5v0d10v5 L=2 W=10 nf=2 ad=1.45 as=2.9 pd=10.58 ps=21.16 nrd=0.029 nrs=0.029 sa=0
| + sb=0 sd=0 mult=1 m=1
| XM_TSPS TS_SNS BIASP VIN VIN sky130_fd_pr__pfet_g5v0d10v5 L=1 W=2.5 nf=1 ad=0.725 as=0.725 pd=5.58 ps=5.58 nrd=0.116 nrs=0.116
| + sa=0 sb=0 sd=0 mult=1 m=1
| XM_TSD1 TS_SNS TS_SNS TS_MID 0 sky130_fd_pr__nfet_g5v0d10v5 L=1 W=80 nf=16 ad=11.6 as=13.05 pd=84.64 ps=95.22 nrd=0.003625
| + nrs=0.003625 sa=0 sb=0 sd=0 mult=1 m=1
| XM_TSD2 TS_MID TS_MID AMP_ENN 0 sky130_fd_pr__nfet_g5v0d10v5 L=1 W=80 nf=16 ad=11.6 as=13.05 pd=84.64 ps=95.22 nrd=0.003625
| + nrs=0.003625 sa=0 sb=0 sd=0 mult=1 m=1
| XM_TSPR TS_REF BIASP VIN VIN sky130_fd_pr__pfet_g5v0d10v5 L=1 W=2.5 nf=1 ad=0.725 as=0.725 pd=5.58 ps=5.58 nrd=0.116 nrs=0.116
| + sa=0 sb=0 sd=0 mult=1 m=1
| XM_TSR1 TS_REF TS_REF AMP_ENN 0 sky130_fd_pr__nfet_g5v0d10v5 L=10 W=2 nf=1 ad=0.58 as=0.58 pd=4.58 ps=4.58 nrd=0.145 nrs=0.145
| + sa=0 sb=0 sd=0 mult=1 m=1
| XM_TCTAIL TC_TAIL NB AMP_ENN 0 sky130_fd_pr__nfet_g5v0d10v5 L=1 W=1 nf=1 ad=0.29 as=0.29 pd=2.58 ps=2.58 nrd=0.29 nrs=0.29 sa=0
| + sb=0 sd=0 mult=1 m=1
| XM_TCN1 TC_D1 TS_SNS TC_TAIL 0 sky130_fd_pr__nfet_g5v0d10v5 L=2 W=10 nf=2 ad=1.45 as=2.9 pd=10.58 ps=21.16 nrd=0.029 nrs=0.029
| + sa=0 sb=0 sd=0 mult=1 m=1
| XM_TCN2 TS_CMP TS_REF TC_TAIL 0 sky130_fd_pr__nfet_g5v0d10v5 L=2 W=10 nf=2 ad=1.45 as=2.9 pd=10.58 ps=21.16 nrd=0.029 nrs=0.029
| + sa=0 sb=0 sd=0 mult=1 m=1
| XM_TCP1 TC_D1 TC_D1 VIN VIN sky130_fd_pr__pfet_g5v0d10v5 L=2 W=10 nf=2 ad=1.45 as=2.9 pd=10.58 ps=21.16 nrd=0.029 nrs=0.029 sa=0
| + sb=0 sd=0 mult=1 m=1
| XM_TCP2 TS_CMP TC_D1 VIN VIN sky130_fd_pr__pfet_g5v0d10v5 L=2 W=10 nf=2 ad=1.45 as=2.9 pd=10.58 ps=21.16 nrd=0.029 nrs=0.029 sa=0
| + sb=0 sd=0 mult=1 m=1
| XM_TSHUT EA_OUT TS_CMP VIN VIN sky130_fd_pr__pfet_g5v0d10v5 L=0.5 W=20 nf=4 ad=2.9 as=4.35 pd=21.16 ps=31.74 nrd=0.0145 nrs=0.0145
| + sa=0 sb=0 sd=0 mult=1 m=1
| XM_TSHYSB TS_HYS BIASP VIN VIN sky130_fd_pr__pfet_g5v0d10v5 L=2 W=1.5 nf=1 ad=0.435 as=0.435 pd=3.58 ps=3.58 nrd=0.193333333333333
| + nrs=0.193333333333333 sa=0 sb=0 sd=0 mult=1 m=1
| XM_TSHYS TS_REF TS_CMP TS_HYS VIN sky130_fd_pr__pfet_g5v0d10v5 L=0.5 W=2 nf=1 ad=0.58 as=0.58 pd=4.58 ps=4.58 nrd=0.145 nrs=0.145
| + sa=0 sb=0 sd=0 mult=1 m=1
| XM_ENP4 TS_CMP EN VIN VIN sky130_fd_pr__pfet_g5v0d10v5 L=0.5 W=2 nf=1 ad=0.58 as=0.58 pd=4.58 ps=4.58 nrd=0.145 nrs=0.145 sa=0
| + sb=0 sd=0 mult=1 m=1
| C_TS VIN TS_CMP 1p m=1
| .ends
| 
| .control
| save all
| * --- leg 1: C_out 0.33uF, 0 mA (feedback divider is the only preload) ---
| tran 10u 4m
| meas tran vpk max v(vout) from=100u to=4m
| meas tran vfloor min v(vout) from=3.1m to=4m
| meas tran tset when v(vout)=1.764 rise=1
| * --- leg 2: C_out 0.33uF, 50 mA ---
| alter rload = 36
| tran 10u 4m
| meas tran vpk max v(vout) from=100u to=4m
| meas tran vfloor min v(vout) from=3.1m to=4m
| meas tran tset when v(vout)=1.764 rise=1
| * --- leg 3: C_out 4.7uF, 0 mA ---
| alter cout = 4.7u
| alter rload = 1e12
| tran 10u 4m
| meas tran vpk max v(vout) from=100u to=4m
| meas tran vfloor min v(vout) from=3.1m to=4m
| meas tran tset when v(vout)=1.764 rise=1
| * --- leg 4: C_out 4.7uF, 50 mA ---
| alter rload = 36
| tran 10u 4m
| meas tran vpk max v(vout) from=100u to=4m
| meas tran vfloor min v(vout) from=3.1m to=4m
| meas tran tset when v(vout)=1.764 rise=1
| let meas_vpk_c033_0ma_v = tran1.vpk
| let meas_vfloor_c033_0ma_v = tran1.vfloor
| let meas_tramp_c033_0ma_ms = 1000*(tran1.tset - 100u)
| let meas_vpk_c033_50ma_v = tran2.vpk
| let meas_vfloor_c033_50ma_v = tran2.vfloor
| let meas_tramp_c033_50ma_ms = 1000*(tran2.tset - 100u)
| let meas_vpk_c47_0ma_v = tran3.vpk
| let meas_vfloor_c47_0ma_v = tran3.vfloor
| let meas_tramp_c47_0ma_ms = 1000*(tran3.tset - 100u)
| let meas_vpk_c47_50ma_v = tran4.vpk
| let meas_vfloor_c47_50ma_v = tran4.vfloor
| let meas_tramp_c47_50ma_ms = 1000*(tran4.tset - 100u)
| print meas_vpk_c033_0ma_v
| print meas_vfloor_c033_0ma_v
| print meas_tramp_c033_0ma_ms
| print meas_vpk_c033_50ma_v
| print meas_vfloor_c033_50ma_v
| print meas_tramp_c033_50ma_ms
| print meas_vpk_c47_0ma_v
| print meas_vfloor_c47_0ma_v
| print meas_tramp_c47_0ma_ms
| print meas_vpk_c47_50ma_v
| print meas_vfloor_c47_50ma_v
| print meas_tramp_c47_50ma_ms
| quit
| .endc
| .end

# ==== ngspice stdout ====

Note: Compatibility modes selected: hs a


Circuit: * startup corner deck -- generated by sim/bin/corner-run.py, do not edit

option SCALE: Scale is set to 1e-06 for instance and model parameters
option SCALE: Scale is set to 1e-06 for instance and model parameters
option SCALE: Scale is set to 1e-06 for instance and model parameters
option SCALE: Scale is set to 1e-06 for instance and model parameters
Doing analysis at TEMP = 27.000000 and TNOM = 27.000000

Using KLU as Direct Linear Solver
 Reference value :  0.00000e+00
 Reference value :  8.00000e-07
 Reference value :  1.28000e-05
 Reference value :  5.28000e-05
 Reference value :  9.14000e-05
 Reference value :  1.00300e-04
 Reference value :  1.00410e-04
 Reference value :  1.00496e-04
 Reference value :  1.00562e-04
 Reference value :  1.00698e-04
 Reference value :  1.00832e-04
 Reference value :  1.00866e-04
 Reference value :  1.00930e-04
 Reference value :  1.00980e-04
 Reference value :  1.01003e-04
 Reference value :  1.01036e-04
 Reference value :  1.01115e-04
 Reference value :  1.01623e-04
 Reference value :  1.03321e-04
 Reference value :  1.15293e-04
 Reference value :  1.28858e-04
 Reference value :  1.35658e-04
 Reference value :  1.53614e-04
 Reference value :  1.83352e-04
 Reference value :  2.23352e-04
 Reference value :  2.53352e-04
 Reference value :  2.83352e-04
 Reference value :  3.13352e-04
 Reference value :  3.43352e-04
 Reference value :  3.73352e-04
 Reference value :  3.93352e-04
 Reference value :  4.23352e-04
 Reference value :  4.53352e-04
 Reference value :  4.83352e-04
 Reference value :  5.13352e-04
 Reference value :  5.43352e-04
 Reference value :  5.73352e-04
 Reference value :  6.03352e-04
 Reference value :  6.33352e-04
 Reference value :  6.73352e-04
 Reference value :  7.13352e-04
 Reference value :  7.53352e-04
 Reference value :  8.03352e-04
 Reference value :  8.43352e-04
 Reference value :  8.83352e-04
 Reference value :  9.13352e-04
 Reference value :  9.53352e-04
 Reference value :  9.93352e-04
 Reference value :  1.03335e-03
 Reference value :  1.07335e-03
 Reference value :  1.10335e-03
 Reference value :  1.14335e-03
 Reference value :  1.18335e-03
 Reference value :  1.22335e-03
 Reference value :  1.26335e-03
 Reference value :  1.30335e-03
 Reference value :  1.34335e-03
 Reference value :  1.38335e-03
 Reference value :  1.41335e-03
 Reference value :  1.44335e-03
 Reference value :  1.47335e-03
 Reference value :  1.50335e-03
 Reference value :  1.54335e-03
 Reference value :  1.58335e-03
 Reference value :  1.62335e-03
 Reference value :  1.66335e-03
 Reference value :  1.69335e-03
 Reference value :  1.73335e-03
 Reference value :  1.77335e-03
 Reference value :  1.81335e-03
 Reference value :  1.85335e-03
 Reference value :  1.89335e-03
 Reference value :  1.93335e-03
 Reference value :  1.96335e-03
 Reference value :  1.99335e-03
 Reference value :  2.03335e-03
 Reference value :  2.07335e-03
 Reference value :  2.11335e-03
 Reference value :  2.15335e-03
 Reference value :  2.19335e-03
 Reference value :  2.23335e-03
 Reference value :  2.26335e-03
 Reference value :  2.29335e-03
 Reference value :  2.33335e-03
 Reference value :  2.37335e-03
 Reference value :  2.41335e-03
 Reference value :  2.45335e-03
 Reference value :  2.49335e-03
 Reference value :  2.52335e-03
 Reference value :  2.56335e-03
 Reference value :  2.60335e-03
 Reference value :  2.64335e-03
 Reference value :  2.68335e-03
 Reference value :  2.72335e-03
 Reference value :  2.75335e-03
 Reference value :  2.78335e-03
 Reference value :  2.82335e-03
 Reference value :  2.86335e-03
 Reference value :  2.90335e-03
 Reference value :  2.93335e-03
 Reference value :  2.97335e-03
 Reference value :  3.01335e-03
 Reference value :  3.05335e-03
 Reference value :  3.08335e-03
 Reference value :  3.12335e-03
 Reference value :  3.16335e-03
 Reference value :  3.20335e-03
 Reference value :  3.24335e-03
 Reference value :  3.28335e-03
 Reference value :  3.32335e-03
 Reference value :  3.35335e-03
 Reference value :  3.38335e-03
 Reference value :  3.42335e-03
 Reference value :  3.45335e-03
 Reference value :  3.49335e-03
 Reference value :  3.53335e-03
 Reference value :  3.58335e-03
 Reference value :  3.62335e-03
 Reference value :  3.66335e-03
 Reference value :  3.70335e-03
 Reference value :  3.74335e-03
 Reference value :  3.78335e-03
 Reference value :  3.82335e-03
 Reference value :  3.86335e-03
 Reference value :  3.90335e-03
 Reference value :  3.94335e-03
 Reference value :  3.98335e-03
No. of Data Rows : 438
vpk                 =  1.81217e+00 at=  7.13352e-04
vfloor              =  1.80668e+00 at=  4.00000e-03
tset                =  4.03368e-04
Doing analysis at TEMP = 27.000000 and TNOM = 27.000000

Using KLU as Direct Linear Solver
 Reference value :  0.00000e+00
 Reference value :  3.20000e-06
 Reference value :  3.28000e-05
 Reference value :  7.28000e-05
 Reference value :  1.00000e-04
 Reference value :  1.00300e-04
 Reference value :  1.00410e-04
 Reference value :  1.00496e-04
 Reference value :  1.00562e-04
 Reference value :  1.00698e-04
 Reference value :  1.00832e-04
 Reference value :  1.00866e-04
 Reference value :  1.00930e-04
 Reference value :  1.00980e-04
 Reference value :  1.01003e-04
 Reference value :  1.01021e-04
 Reference value :  1.01115e-04
 Reference value :  1.01624e-04
 Reference value :  1.03323e-04
 Reference value :  1.15981e-04
 Reference value :  1.22434e-04
 Reference value :  1.35061e-04
 Reference value :  1.62237e-04
 Reference value :  2.02237e-04
 Reference value :  2.42237e-04
 Reference value :  2.82237e-04
 Reference value :  3.22237e-04
 Reference value :  3.62237e-04
 Reference value :  4.02237e-04
 Reference value :  4.42237e-04
 Reference value :  4.82237e-04
 Reference value :  5.22237e-04
 Reference value :  5.62237e-04
 Reference value :  6.02237e-04
 Reference value :  6.32237e-04
 Reference value :  6.72237e-04
 Reference value :  7.12237e-04
 Reference value :  7.52237e-04
 Reference value :  7.92237e-04
 Reference value :  8.22237e-04
 Reference value :  8.62237e-04
 Reference value :  9.02237e-04
 Reference value :  9.42237e-04
 Reference value :  9.82237e-04
 Reference value :  1.02224e-03
 Reference value :  1.06224e-03
 Reference value :  1.10224e-03
 Reference value :  1.14224e-03
 Reference value :  1.18224e-03
 Reference value :  1.22224e-03
 Reference value :  1.26224e-03
 Reference value :  1.30224e-03
 Reference value :  1.34224e-03
 Reference value :  1.38224e-03
 Reference value :  1.43224e-03
 Reference value :  1.47224e-03
 Reference value :  1.51224e-03
 Reference value :  1.55224e-03
 Reference value :  1.59224e-03
 Reference value :  1.63224e-03
 Reference value :  1.68224e-03
 Reference value :  1.72224e-03
 Reference value :  1.76224e-03
 Reference value :  1.80224e-03
 Reference value :  1.84224e-03
 Reference value :  1.88224e-03
 Reference value :  1.91224e-03
 Reference value :  1.95224e-03
 Reference value :  1.99224e-03
 Reference value :  2.03224e-03
 Reference value :  2.07224e-03
 Reference value :  2.10224e-03
 Reference value :  2.14224e-03
 Reference value :  2.18224e-03
 Reference value :  2.22224e-03
 Reference value :  2.26224e-03
 Reference value :  2.30224e-03
 Reference value :  2.35224e-03
 Reference value :  2.39224e-03
 Reference value :  2.43224e-03
 Reference value :  2.47224e-03
 Reference value :  2.51224e-03
 Reference value :  2.54224e-03
 Reference value :  2.58224e-03
 Reference value :  2.62224e-03
 Reference value :  2.66224e-03
 Reference value :  2.69224e-03
 Reference value :  2.73224e-03
 Reference value :  2.76224e-03
 Reference value :  2.80224e-03
 Reference value :  2.84224e-03
 Reference value :  2.88224e-03
 Reference value :  2.91224e-03
 Reference value :  2.94224e-03
 Reference value :  2.98224e-03
 Reference value :  3.02224e-03
 Reference value :  3.05224e-03
 Reference value :  3.09224e-03
 Reference value :  3.13224e-03
 Reference value :  3.16224e-03
 Reference value :  3.20224e-03
 Reference value :  3.24224e-03
 Reference value :  3.27224e-03
 Reference value :  3.31224e-03
 Reference value :  3.35224e-03
 Reference value :  3.40224e-03
 Reference value :  3.44224e-03
 Reference value :  3.48224e-03
 Reference value :  3.51224e-03
 Reference value :  3.55224e-03
 Reference value :  3.59224e-03
 Reference value :  3.63224e-03
 Reference value :  3.68224e-03
 Reference value :  3.71224e-03
 Reference value :  3.75224e-03
 Reference value :  3.79224e-03
 Reference value :  3.83224e-03
 Reference value :  3.86224e-03
 Reference value :  3.89224e-03
 Reference value :  3.93224e-03
 Reference value :  3.97224e-03
No. of Data Rows : 438
vpk                 =  1.79797e+00 at=  1.06224e-03
vfloor              =  1.79795e+00 at=  3.99112e-03
tset                =  4.31496e-04
Doing analysis at TEMP = 27.000000 and TNOM = 27.000000

Using KLU as Direct Linear Solver
 Reference value :  0.00000e+00
 Reference value :  4.00000e-07
 Reference value :  6.40000e-06
 Reference value :  4.28000e-05
 Reference value :  8.28000e-05
 Reference value :  1.00300e-04
 Reference value :  1.00410e-04
 Reference value :  1.00496e-04
 Reference value :  1.00562e-04
 Reference value :  1.00698e-04
 Reference value :  1.00832e-04
 Reference value :  1.00866e-04
 Reference value :  1.00930e-04
 Reference value :  1.00980e-04
 Reference value :  1.01003e-04
 Reference value :  1.01021e-04
 Reference value :  1.01063e-04
 Reference value :  1.01408e-04
 Reference value :  1.01948e-04
 Reference value :  1.05152e-04
 Reference value :  1.15293e-04
 Reference value :  1.21613e-04
 Reference value :  1.28675e-04
 Reference value :  1.42590e-04
 Reference value :  1.62148e-04
 Reference value :  1.82148e-04
 Reference value :  2.12148e-04
 Reference value :  2.42148e-04
 Reference value :  2.72148e-04
 Reference value :  3.02148e-04
 Reference value :  3.32148e-04
 Reference value :  3.62148e-04
 Reference value :  3.92148e-04
 Reference value :  4.22148e-04
 Reference value :  4.52148e-04
 Reference value :  4.72148e-04
 Reference value :  5.02148e-04
 Reference value :  5.32148e-04
 Reference value :  5.62148e-04
 Reference value :  5.82148e-04
 Reference value :  6.02148e-04
 Reference value :  6.32148e-04
 Reference value :  6.72148e-04
 Reference value :  7.02148e-04
 Reference value :  7.42148e-04
 Reference value :  7.82148e-04
 Reference value :  8.22148e-04
 Reference value :  8.62148e-04
 Reference value :  9.02148e-04
 Reference value :  9.32148e-04
 Reference value :  9.72148e-04
 Reference value :  1.01215e-03
 Reference value :  1.05215e-03
 Reference value :  1.09215e-03
 Reference value :  1.13215e-03
 Reference value :  1.17215e-03
 Reference value :  1.21215e-03
 Reference value :  1.25215e-03
 Reference value :  1.29215e-03
 Reference value :  1.33215e-03
 Reference value :  1.37215e-03
 Reference value :  1.41215e-03
 Reference value :  1.45215e-03
 Reference value :  1.49215e-03
 Reference value :  1.53215e-03
 Reference value :  1.57215e-03
 Reference value :  1.61215e-03
 Reference value :  1.65215e-03
 Reference value :  1.68215e-03
 Reference value :  1.71215e-03
 Reference value :  1.75215e-03
 Reference value :  1.78215e-03
 Reference value :  1.82215e-03
 Reference value :  1.86215e-03
 Reference value :  1.90215e-03
 Reference value :  1.94215e-03
 Reference value :  1.97215e-03
 Reference value :  2.00215e-03
 Reference value :  2.04215e-03
 Reference value :  2.08215e-03
 Reference value :  2.11215e-03
 Reference value :  2.14215e-03
 Reference value :  2.17215e-03
 Reference value :  2.21215e-03
 Reference value :  2.25215e-03
 Reference value :  2.28215e-03
 Reference value :  2.32215e-03
 Reference value :  2.35215e-03
 Reference value :  2.39215e-03
 Reference value :  2.43215e-03
 Reference value :  2.47215e-03
 Reference value :  2.51215e-03
 Reference value :  2.55215e-03
 Reference value :  2.59215e-03
 Reference value :  2.63215e-03
 Reference value :  2.66215e-03
 Reference value :  2.69215e-03
 Reference value :  2.72215e-03
 Reference value :  2.75215e-03
 Reference value :  2.78215e-03
 Reference value :  2.82215e-03
 Reference value :  2.86215e-03
 Reference value :  2.90215e-03
 Reference value :  2.93215e-03
 Reference value :  2.96215e-03
 Reference value :  2.99215e-03
 Reference value :  3.02215e-03
 Reference value :  3.06215e-03
 Reference value :  3.10215e-03
 Reference value :  3.13215e-03
 Reference value :  3.17215e-03
 Reference value :  3.21215e-03
 Reference value :  3.25215e-03
 Reference value :  3.29215e-03
 Reference value :  3.33215e-03
 Reference value :  3.37215e-03
 Reference value :  3.40215e-03
 Reference value :  3.44215e-03
 Reference value :  3.48215e-03
 Reference value :  3.51215e-03
 Reference value :  3.55215e-03
 Reference value :  3.59215e-03
 Reference value :  3.63215e-03
 Reference value :  3.67215e-03
 Reference value :  3.70215e-03
 Reference value :  3.73215e-03
 Reference value :  3.78215e-03
 Reference value :  3.82215e-03
 Reference value :  3.85215e-03
 Reference value :  3.89215e-03
 Reference value :  3.93215e-03
 Reference value :  3.96215e-03
 Reference value :  4.00000e-03
No. of Data Rows : 438
vpk                 =  1.82415e+00 at=  6.52148e-04
vfloor              =  1.82375e+00 at=  4.00000e-03
tset                =  3.92818e-04
Doing analysis at TEMP = 27.000000 and TNOM = 27.000000

Using KLU as Direct Linear Solver
 Reference value :  0.00000e+00
 Reference value :  8.00000e-07
 Reference value :  1.28000e-05
 Reference value :  6.28000e-05
 Reference value :  9.14000e-05
 Reference value :  1.00300e-04
 Reference value :  1.00410e-04
 Reference value :  1.00496e-04
 Reference value :  1.00562e-04
 Reference value :  1.00698e-04
 Reference value :  1.00832e-04
 Reference value :  1.00866e-04
 Reference value :  1.00930e-04
 Reference value :  1.00980e-04
 Reference value :  1.01003e-04
 Reference value :  1.01021e-04
 Reference value :  1.01063e-04
 Reference value :  1.01408e-04
 Reference value :  1.02407e-04
 Reference value :  1.08821e-04
 Reference value :  1.22425e-04
 Reference value :  1.34884e-04
 Reference value :  1.50509e-04
 Reference value :  1.90509e-04
 Reference value :  2.20509e-04
 Reference value :  2.60509e-04
 Reference value :  3.00509e-04
 Reference value :  3.40509e-04
 Reference value :  3.80509e-04
 Reference value :  4.20509e-04
 Reference value :  4.50509e-04
 Reference value :  4.80509e-04
 Reference value :  5.10509e-04
 Reference value :  5.40509e-04
 Reference value :  5.70509e-04
 Reference value :  6.00509e-04
 Reference value :  6.30509e-04
 Reference value :  6.60509e-04
 Reference value :  6.90509e-04
 Reference value :  7.30509e-04
 Reference value :  7.70509e-04
 Reference value :  8.00509e-04
 Reference value :  8.30509e-04
 Reference value :  8.70509e-04
 Reference value :  9.10509e-04
 Reference value :  9.50509e-04
 Reference value :  9.80509e-04
 Reference value :  1.02051e-03
 Reference value :  1.05051e-03
 Reference value :  1.08051e-03
 Reference value :  1.11051e-03
 Reference value :  1.14051e-03
 Reference value :  1.18051e-03
 Reference value :  1.21051e-03
 Reference value :  1.25051e-03
 Reference value :  1.29051e-03
 Reference value :  1.33051e-03
 Reference value :  1.36051e-03
 Reference value :  1.39051e-03
 Reference value :  1.42051e-03
 Reference value :  1.46051e-03
 Reference value :  1.50051e-03
 Reference value :  1.54051e-03
 Reference value :  1.58051e-03
 Reference value :  1.61051e-03
 Reference value :  1.65051e-03
 Reference value :  1.69051e-03
 Reference value :  1.73051e-03
 Reference value :  1.77051e-03
 Reference value :  1.81051e-03
 Reference value :  1.85051e-03
 Reference value :  1.89051e-03
 Reference value :  1.94051e-03
 Reference value :  1.98051e-03
 Reference value :  2.02051e-03
 Reference value :  2.06051e-03
 Reference value :  2.10051e-03
 Reference value :  2.14051e-03
 Reference value :  2.18051e-03
 Reference value :  2.21051e-03
 Reference value :  2.24051e-03
 Reference value :  2.27051e-03
 Reference value :  2.31051e-03
 Reference value :  2.35051e-03
 Reference value :  2.39051e-03
 Reference value :  2.43051e-03
 Reference value :  2.47051e-03
 Reference value :  2.51051e-03
 Reference value :  2.55051e-03
 Reference value :  2.59051e-03
 Reference value :  2.63051e-03
 Reference value :  2.66051e-03
 Reference value :  2.69051e-03
 Reference value :  2.72051e-03
 Reference value :  2.76051e-03
 Reference value :  2.79051e-03
 Reference value :  2.83051e-03
 Reference value :  2.87051e-03
 Reference value :  2.91051e-03
 Reference value :  2.95051e-03
 Reference value :  2.99051e-03
 Reference value :  3.03051e-03
 Reference value :  3.06051e-03
 Reference value :  3.10051e-03
 Reference value :  3.14051e-03
 Reference value :  3.18051e-03
 Reference value :  3.22051e-03
 Reference value :  3.26051e-03
 Reference value :  3.30051e-03
 Reference value :  3.34051e-03
 Reference value :  3.38051e-03
 Reference value :  3.41051e-03
 Reference value :  3.44051e-03
 Reference value :  3.48051e-03
 Reference value :  3.52051e-03
 Reference value :  3.56051e-03
 Reference value :  3.61051e-03
 Reference value :  3.65051e-03
 Reference value :  3.69051e-03
 Reference value :  3.73051e-03
 Reference value :  3.78051e-03
 Reference value :  3.81051e-03
 Reference value :  3.85051e-03
 Reference value :  3.90051e-03
 Reference value :  3.95051e-03
 Reference value :  3.99051e-03
No. of Data Rows : 438
vpk                 =  1.79797e+00 at=  9.50509e-04
vfloor              =  1.79795e+00 at=  4.00000e-03
tset                =  4.08181e-04
meas_vpk_c033_0ma_v = 1.812166e+00
meas_vfloor_c033_0ma_v = 1.806685e+00
meas_tramp_c033_0ma_ms = 3.033679e-01
meas_vpk_c033_50ma_v = 1.797971e+00
meas_vfloor_c033_50ma_v = 1.797947e+00
meas_tramp_c033_50ma_ms = 3.314956e-01
meas_vpk_c47_0ma_v = 1.824148e+00
meas_vfloor_c47_0ma_v = 1.823752e+00
meas_tramp_c47_0ma_ms = 2.928178e-01
meas_vpk_c47_50ma_v = 1.797973e+00
meas_vfloor_c47_50ma_v = 1.797950e+00
meas_tramp_c47_50ma_ms = 3.081812e-01
ngspice-46 done

# ==== ngspice stderr ====
Note: Starting dynamic gmin stepping
Warning: Dynamic gmin stepping failed
Note: Starting true gmin stepping
Note: True gmin stepping completed
Note: Starting dynamic gmin stepping
Warning: Dynamic gmin stepping failed
Note: Starting true gmin stepping
Note: True gmin stepping completed
