# corner: ss_27c_3.63v
# process=ss temp=27C supply=3.63V
# ngspice exit: 0
# wall clock: 114.0s (--timeout was 300s)
# result: PASS

# ==== deck (exact input given to ngspice) ====
| * startup corner deck -- generated by sim/bin/corner-run.py, do not edit
| * corner: ss_27c_3.63v
| .param vsup=3.63
| .option wnflag=1
| .temp 27
| .lib "/home/ubuntu/.volare/sky130A/libs.tech/combined/sky130.lib.spice" ss
| ** sch_path: sim/startup/testbench/tb_startup.sch
| **.subckt tb_startup
| VVIN VIN 0 'vsup'
| .save i(vvin)
| VEN EN 0 PULSE(0 'vsup' 100u 1u 1u 100 200)
| .save i(ven)
| VVREF VREF 0 1.2
| .save i(vvref)
| xldo VOUT VREF EN VIN ldo_3v3in_1v8out
| COUT VOUT VESR 0.33u m=1
| RESR VESR 0 10m m=1
| RLOAD VOUT 0 1e12 m=1
| **.ends
| 
| * expanding   symbol:  design/ldo_3v3in_1v8out.sym # of pins=4
| ** sym_path: design/ldo_3v3in_1v8out.sym
| ** sch_path: design/ldo_3v3in_1v8out.sch
| .subckt ldo_3v3in_1v8out VOUT VREF EN VIN
| *.ipin VIN
| *.ipin EN
| *.ipin VREF
| *.opin VOUT
| XR_BIAS VIN NB 0 sky130_fd_pr__res_high_po W=0.42 L=1500 mult=1 m=1
| XM_BIASN1 NB NB BIAS_ENN 0 sky130_fd_pr__nfet_g5v0d10v5 L=1 W=4 nf=1 ad=1.16 as=1.16 pd=8.58 ps=8.58 nrd=0.0725 nrs=0.0725 sa=0
| + sb=0 sd=0 mult=1 m=1
| XM_ENN BIAS_ENN EN 0 0 sky130_fd_pr__nfet_g5v0d10v5 L=0.5 W=10 nf=1 ad=2.9 as=2.9 pd=20.58 ps=20.58 nrd=0.029 nrs=0.029 sa=0 sb=0
| + sd=0 mult=1 m=1
| XM_BIASN2 BIASP NB BIAS_ENN 0 sky130_fd_pr__nfet_g5v0d10v5 L=1 W=4 nf=1 ad=1.16 as=1.16 pd=8.58 ps=8.58 nrd=0.0725 nrs=0.0725 sa=0
| + sb=0 sd=0 mult=1 m=1
| XM_BIASP1 BIASP BIASP VIN VIN sky130_fd_pr__pfet_g5v0d10v5 L=1 W=10 nf=2 ad=1.45 as=2.9 pd=10.58 ps=21.16 nrd=0.029 nrs=0.029 sa=0
| + sb=0 sd=0 mult=1 m=1
| XM_ENP2 BIASP EN VIN VIN sky130_fd_pr__pfet_g5v0d10v5 L=0.5 W=10 nf=1 ad=2.9 as=2.9 pd=20.58 ps=20.58 nrd=0.029 nrs=0.029 sa=0
| + sb=0 sd=0 mult=1 m=1
| XM_TAIL EA_TAIL BIASP VIN VIN sky130_fd_pr__pfet_g5v0d10v5 L=2 W=40 nf=8 ad=5.8 as=7.25 pd=42.32 ps=52.9 nrd=0.00725 nrs=0.00725
| + sa=0 sb=0 sd=0 mult=1 m=1
| XM_IN1 EA_D1 FB EA_TAIL VIN sky130_fd_pr__pfet_g5v0d10v5 L=2 W=10 nf=2 ad=1.45 as=2.9 pd=10.58 ps=21.16 nrd=0.029 nrs=0.029 sa=0
| + sb=0 sd=0 mult=1 m=1
| XM_IN2 EA_D2 VREF EA_TAIL VIN sky130_fd_pr__pfet_g5v0d10v5 L=2 W=10 nf=2 ad=1.45 as=2.9 pd=10.58 ps=21.16 nrd=0.029 nrs=0.029 sa=0
| + sb=0 sd=0 mult=1 m=1
| XM_MIR1 EA_D1 EA_D1 AMP_ENN 0 sky130_fd_pr__nfet_g5v0d10v5 L=4 W=10 nf=2 ad=1.45 as=2.9 pd=10.58 ps=21.16 nrd=0.029 nrs=0.029 sa=0
| + sb=0 sd=0 mult=1 m=1
| XM_MIR2 EA_OUT EA_D1 AMP_ENN 0 sky130_fd_pr__nfet_g5v0d10v5 L=4 W=10 nf=2 ad=1.45 as=2.9 pd=10.58 ps=21.16 nrd=0.029 nrs=0.029
| + sa=0 sb=0 sd=0 mult=1 m=1
| XM_ENN2 AMP_ENN EN 0 0 sky130_fd_pr__nfet_g5v0d10v5 L=0.5 W=10 nf=1 ad=2.9 as=2.9 pd=20.58 ps=20.58 nrd=0.029 nrs=0.029 sa=0 sb=0
| + sd=0 mult=1 m=1
| XM_ENP EA_OUT EN VIN VIN sky130_fd_pr__pfet_g5v0d10v5 L=0.5 W=10 nf=1 ad=2.9 as=2.9 pd=20.58 ps=20.58 nrd=0.029 nrs=0.029 sa=0
| + sb=0 sd=0 mult=1 m=1
| XM_MIR3 EA_D2 EA_D2 AMP_ENN 0 sky130_fd_pr__nfet_g5v0d10v5 L=4 W=10 nf=2 ad=1.45 as=2.9 pd=10.58 ps=21.16 nrd=0.029 nrs=0.029 sa=0
| + sb=0 sd=0 mult=1 m=1
| XM_MIR4 PB EA_D2 AMP_ENN 0 sky130_fd_pr__nfet_g5v0d10v5 L=4 W=10 nf=2 ad=1.45 as=2.9 pd=10.58 ps=21.16 nrd=0.029 nrs=0.029 sa=0
| + sb=0 sd=0 mult=1 m=1
| XM_MIRP1 PB PB VIN VIN sky130_fd_pr__pfet_g5v0d10v5 L=4 W=20 nf=4 ad=2.9 as=4.35 pd=21.16 ps=31.74 nrd=0.0145 nrs=0.0145 sa=0 sb=0
| + sd=0 mult=1 m=1
| XM_MIRP2 EA_OUT PB VIN VIN sky130_fd_pr__pfet_g5v0d10v5 L=4 W=20 nf=4 ad=2.9 as=4.35 pd=21.16 ps=31.74 nrd=0.0145 nrs=0.0145 sa=0
| + sb=0 sd=0 mult=1 m=1
| XM_ENP5 PB EN VIN VIN sky130_fd_pr__pfet_g5v0d10v5 L=0.5 W=2 nf=1 ad=0.58 as=0.58 pd=4.58 ps=4.58 nrd=0.145 nrs=0.145 sa=0 sb=0
| + sd=0 mult=1 m=1
| XM_PASS VOUT EA_OUT VIN VIN sky130_fd_pr__pfet_g5v0d10v5 L=0.5 W=100 nf=25 ad=15.08 as=15.08 pd=111.54 ps=111.54 nrd=0.0029
| + nrs=0.0029 sa=0 sb=0 sd=0 mult=25 m=25
| C_COMP VOUT EA_CZ 150p m=1
| XR_CZ EA_CZ EA_OUT 0 sky130_fd_pr__res_xhigh_po W=0.42 L=52 mult=1 m=1
| XR_FB_A VOUT FB 0 sky130_fd_pr__res_xhigh_po W=0.42 L=180 mult=1 m=1
| XR_FB_B FB N_FBB 0 sky130_fd_pr__res_xhigh_po W=0.42 L=180 mult=1 m=1
| XR_FB_C N_FBB 0 0 sky130_fd_pr__res_xhigh_po W=0.42 L=180 mult=1 m=1
| XM_SENSE CL_SNS EA_OUT VIN VIN sky130_fd_pr__pfet_g5v0d10v5 L=0.5 W=0.42 nf=1 ad=0.1218 as=0.1218 pd=1.42 ps=1.42
| + nrd=0.69047619047619 nrs=0.69047619047619 sa=0 sb=0 sd=0 mult=1 m=1
| XM_CLN1 CL_SNS CL_SNS AMP_ENN 0 sky130_fd_pr__nfet_g5v0d10v5 L=1 W=20 nf=1 ad=5.8 as=5.8 pd=40.58 ps=40.58 nrd=0.0145 nrs=0.0145
| + sa=0 sb=0 sd=0 mult=1 m=1
| XM_CLN2 CL_CMP CL_SNS AMP_ENN 0 sky130_fd_pr__nfet_g5v0d10v5 L=1 W=1.6 nf=1 ad=0.464 as=0.464 pd=3.78 ps=3.78 nrd=0.18125
| + nrs=0.18125 sa=0 sb=0 sd=0 mult=1 m=1
| XM_CLP CL_CMP BIASP VIN VIN sky130_fd_pr__pfet_g5v0d10v5 L=1 W=10 nf=2 ad=1.45 as=2.9 pd=10.58 ps=21.16 nrd=0.029 nrs=0.029 sa=0
| + sb=0 sd=0 mult=1 m=1
| XM_CLIM EA_OUT CL_CMP VIN VIN sky130_fd_pr__pfet_g5v0d10v5 L=0.5 W=20 nf=4 ad=2.9 as=4.35 pd=21.16 ps=31.74 nrd=0.0145 nrs=0.0145
| + sa=0 sb=0 sd=0 mult=1 m=1
| XM_ENP3 CL_CMP EN VIN VIN sky130_fd_pr__pfet_g5v0d10v5 L=0.5 W=2 nf=1 ad=0.58 as=0.58 pd=4.58 ps=4.58 nrd=0.145 nrs=0.145 sa=0
| + sb=0 sd=0 mult=1 m=1
| C_CL VIN CL_CMP 1p m=1
| XM_INVP ENB EN VIN VIN sky130_fd_pr__pfet_g5v0d10v5 L=0.5 W=2 nf=1 ad=0.58 as=0.58 pd=4.58 ps=4.58 nrd=0.145 nrs=0.145 sa=0 sb=0
| + sd=0 mult=1 m=1
| XM_INVN ENB EN 0 0 sky130_fd_pr__nfet_g5v0d10v5 L=0.5 W=1 nf=1 ad=0.29 as=0.29 pd=2.58 ps=2.58 nrd=0.29 nrs=0.29 sa=0 sb=0 sd=0
| + mult=1 m=1
| XM_SSDIS SS ENB 0 0 sky130_fd_pr__nfet_g5v0d10v5 L=0.5 W=2 nf=1 ad=0.58 as=0.58 pd=4.58 ps=4.58 nrd=0.145 nrs=0.145 sa=0 sb=0 sd=0
| + mult=1 m=1
| XM_SSCHG SS BIASP VIN VIN sky130_fd_pr__pfet_g5v0d10v5 L=8 W=1 nf=1 ad=0.29 as=0.29 pd=2.58 ps=2.58 nrd=0.29 nrs=0.29 sa=0 sb=0
| + sd=0 mult=1 m=1
| C_SS SS 0 10p m=1
| XM_IN2S EA_D2 SS EA_TAIL VIN sky130_fd_pr__pfet_g5v0d10v5 L=2 W=10 nf=2 ad=1.45 as=2.9 pd=10.58 ps=21.16 nrd=0.029 nrs=0.029 sa=0
| + sb=0 sd=0 mult=1 m=1
| XM_TSPS TS_SNS BIASP VIN VIN sky130_fd_pr__pfet_g5v0d10v5 L=1 W=2.5 nf=1 ad=0.725 as=0.725 pd=5.58 ps=5.58 nrd=0.116 nrs=0.116
| + sa=0 sb=0 sd=0 mult=1 m=1
| XM_TSD1 TS_SNS TS_SNS TS_MID 0 sky130_fd_pr__nfet_g5v0d10v5 L=1 W=80 nf=16 ad=11.6 as=13.05 pd=84.64 ps=95.22 nrd=0.003625
| + nrs=0.003625 sa=0 sb=0 sd=0 mult=1 m=1
| XM_TSD2 TS_MID TS_MID AMP_ENN 0 sky130_fd_pr__nfet_g5v0d10v5 L=1 W=80 nf=16 ad=11.6 as=13.05 pd=84.64 ps=95.22 nrd=0.003625
| + nrs=0.003625 sa=0 sb=0 sd=0 mult=1 m=1
| XM_TSPR TS_REF BIASP VIN VIN sky130_fd_pr__pfet_g5v0d10v5 L=1 W=2.5 nf=1 ad=0.725 as=0.725 pd=5.58 ps=5.58 nrd=0.116 nrs=0.116
| + sa=0 sb=0 sd=0 mult=1 m=1
| XM_TSR1 TS_REF TS_REF AMP_ENN 0 sky130_fd_pr__nfet_g5v0d10v5 L=10 W=2 nf=1 ad=0.58 as=0.58 pd=4.58 ps=4.58 nrd=0.145 nrs=0.145
| + sa=0 sb=0 sd=0 mult=1 m=1
| XM_TCTAIL TC_TAIL NB AMP_ENN 0 sky130_fd_pr__nfet_g5v0d10v5 L=1 W=1 nf=1 ad=0.29 as=0.29 pd=2.58 ps=2.58 nrd=0.29 nrs=0.29 sa=0
| + sb=0 sd=0 mult=1 m=1
| XM_TCN1 TC_D1 TS_SNS TC_TAIL 0 sky130_fd_pr__nfet_g5v0d10v5 L=2 W=10 nf=2 ad=1.45 as=2.9 pd=10.58 ps=21.16 nrd=0.029 nrs=0.029
| + sa=0 sb=0 sd=0 mult=1 m=1
| XM_TCN2 TS_CMP TS_REF TC_TAIL 0 sky130_fd_pr__nfet_g5v0d10v5 L=2 W=10 nf=2 ad=1.45 as=2.9 pd=10.58 ps=21.16 nrd=0.029 nrs=0.029
| + sa=0 sb=0 sd=0 mult=1 m=1
| XM_TCP1 TC_D1 TC_D1 VIN VIN sky130_fd_pr__pfet_g5v0d10v5 L=2 W=10 nf=2 ad=1.45 as=2.9 pd=10.58 ps=21.16 nrd=0.029 nrs=0.029 sa=0
| + sb=0 sd=0 mult=1 m=1
| XM_TCP2 TS_CMP TC_D1 VIN VIN sky130_fd_pr__pfet_g5v0d10v5 L=2 W=10 nf=2 ad=1.45 as=2.9 pd=10.58 ps=21.16 nrd=0.029 nrs=0.029 sa=0
| + sb=0 sd=0 mult=1 m=1
| XM_TSHUT EA_OUT TS_CMP VIN VIN sky130_fd_pr__pfet_g5v0d10v5 L=0.5 W=20 nf=4 ad=2.9 as=4.35 pd=21.16 ps=31.74 nrd=0.0145 nrs=0.0145
| + sa=0 sb=0 sd=0 mult=1 m=1
| XM_TSHYSB TS_HYS BIASP VIN VIN sky130_fd_pr__pfet_g5v0d10v5 L=2 W=1.5 nf=1 ad=0.435 as=0.435 pd=3.58 ps=3.58 nrd=0.193333333333333
| + nrs=0.193333333333333 sa=0 sb=0 sd=0 mult=1 m=1
| XM_TSHYS TS_REF TS_CMP TS_HYS VIN sky130_fd_pr__pfet_g5v0d10v5 L=0.5 W=2 nf=1 ad=0.58 as=0.58 pd=4.58 ps=4.58 nrd=0.145 nrs=0.145
| + sa=0 sb=0 sd=0 mult=1 m=1
| XM_ENP4 TS_CMP EN VIN VIN sky130_fd_pr__pfet_g5v0d10v5 L=0.5 W=2 nf=1 ad=0.58 as=0.58 pd=4.58 ps=4.58 nrd=0.145 nrs=0.145 sa=0
| + sb=0 sd=0 mult=1 m=1
| C_TS VIN TS_CMP 1p m=1
| .ends
| 
| .control
| save all
| * --- leg 1: C_out 0.33uF, 0 mA (feedback divider is the only preload) ---
| tran 10u 4m
| meas tran vpk max v(vout) from=100u to=4m
| meas tran vfloor min v(vout) from=3.1m to=4m
| meas tran tset when v(vout)=1.764 rise=1
| * --- leg 2: C_out 0.33uF, 50 mA ---
| alter rload = 36
| tran 10u 4m
| meas tran vpk max v(vout) from=100u to=4m
| meas tran vfloor min v(vout) from=3.1m to=4m
| meas tran tset when v(vout)=1.764 rise=1
| * --- leg 3: C_out 4.7uF, 0 mA ---
| alter cout = 4.7u
| alter rload = 1e12
| tran 10u 4m
| meas tran vpk max v(vout) from=100u to=4m
| meas tran vfloor min v(vout) from=3.1m to=4m
| meas tran tset when v(vout)=1.764 rise=1
| * --- leg 4: C_out 4.7uF, 50 mA ---
| alter rload = 36
| tran 10u 4m
| meas tran vpk max v(vout) from=100u to=4m
| meas tran vfloor min v(vout) from=3.1m to=4m
| meas tran tset when v(vout)=1.764 rise=1
| let meas_vpk_c033_0ma_v = tran1.vpk
| let meas_vfloor_c033_0ma_v = tran1.vfloor
| let meas_tramp_c033_0ma_ms = 1000*(tran1.tset - 100u)
| let meas_vpk_c033_50ma_v = tran2.vpk
| let meas_vfloor_c033_50ma_v = tran2.vfloor
| let meas_tramp_c033_50ma_ms = 1000*(tran2.tset - 100u)
| let meas_vpk_c47_0ma_v = tran3.vpk
| let meas_vfloor_c47_0ma_v = tran3.vfloor
| let meas_tramp_c47_0ma_ms = 1000*(tran3.tset - 100u)
| let meas_vpk_c47_50ma_v = tran4.vpk
| let meas_vfloor_c47_50ma_v = tran4.vfloor
| let meas_tramp_c47_50ma_ms = 1000*(tran4.tset - 100u)
| print meas_vpk_c033_0ma_v
| print meas_vfloor_c033_0ma_v
| print meas_tramp_c033_0ma_ms
| print meas_vpk_c033_50ma_v
| print meas_vfloor_c033_50ma_v
| print meas_tramp_c033_50ma_ms
| print meas_vpk_c47_0ma_v
| print meas_vfloor_c47_0ma_v
| print meas_tramp_c47_0ma_ms
| print meas_vpk_c47_50ma_v
| print meas_vfloor_c47_50ma_v
| print meas_tramp_c47_50ma_ms
| quit
| .endc
| .end

# ==== ngspice stdout ====

Note: Compatibility modes selected: hs a


Circuit: * startup corner deck -- generated by sim/bin/corner-run.py, do not edit

option SCALE: Scale is set to 1e-06 for instance and model parameters
option SCALE: Scale is set to 1e-06 for instance and model parameters
option SCALE: Scale is set to 1e-06 for instance and model parameters
option SCALE: Scale is set to 1e-06 for instance and model parameters
Doing analysis at TEMP = 27.000000 and TNOM = 27.000000

Using KLU as Direct Linear Solver
 Reference value :  0.00000e+00
 Reference value :  1.60000e-06
 Reference value :  2.28000e-05
 Reference value :  7.28000e-05
 Reference value :  1.00100e-04
 Reference value :  1.00300e-04
 Reference value :  1.00410e-04
 Reference value :  1.00492e-04
 Reference value :  1.00556e-04
 Reference value :  1.00689e-04
 Reference value :  1.00772e-04
 Reference value :  1.00781e-04
 Reference value :  1.00816e-04
 Reference value :  1.00827e-04
 Reference value :  1.00850e-04
 Reference value :  1.00863e-04
 Reference value :  1.00901e-04
 Reference value :  1.00950e-04
 Reference value :  1.01005e-04
 Reference value :  1.01154e-04
 Reference value :  1.01897e-04
 Reference value :  1.10087e-04
 Reference value :  1.16116e-04
 Reference value :  1.22738e-04
 Reference value :  1.35522e-04
 Reference value :  1.51189e-04
 Reference value :  1.91189e-04
 Reference value :  2.31189e-04
 Reference value :  2.71189e-04
 Reference value :  3.11189e-04
 Reference value :  3.41189e-04
 Reference value :  3.71189e-04
 Reference value :  4.01189e-04
 Reference value :  4.41189e-04
 Reference value :  4.71189e-04
 Reference value :  5.01189e-04
 Reference value :  5.31189e-04
 Reference value :  5.51189e-04
 Reference value :  5.71189e-04
 Reference value :  6.01189e-04
 Reference value :  6.31189e-04
 Reference value :  6.71189e-04
 Reference value :  7.11189e-04
 Reference value :  7.61189e-04
 Reference value :  8.11189e-04
 Reference value :  8.51189e-04
 Reference value :  9.01189e-04
 Reference value :  9.41189e-04
 Reference value :  9.81189e-04
 Reference value :  1.03119e-03
 Reference value :  1.08119e-03
 Reference value :  1.13119e-03
 Reference value :  1.18119e-03
 Reference value :  1.23119e-03
 Reference value :  1.27119e-03
 Reference value :  1.32119e-03
 Reference value :  1.36119e-03
 Reference value :  1.40119e-03
 Reference value :  1.44119e-03
 Reference value :  1.49119e-03
 Reference value :  1.54119e-03
 Reference value :  1.59119e-03
 Reference value :  1.64119e-03
 Reference value :  1.69119e-03
 Reference value :  1.74119e-03
 Reference value :  1.78119e-03
 Reference value :  1.83119e-03
 Reference value :  1.88119e-03
 Reference value :  1.92119e-03
 Reference value :  1.97119e-03
 Reference value :  2.01119e-03
 Reference value :  2.05119e-03
 Reference value :  2.09119e-03
 Reference value :  2.13119e-03
 Reference value :  2.17119e-03
 Reference value :  2.21119e-03
 Reference value :  2.25119e-03
 Reference value :  2.29119e-03
 Reference value :  2.33119e-03
 Reference value :  2.37119e-03
 Reference value :  2.42119e-03
 Reference value :  2.46119e-03
 Reference value :  2.50119e-03
 Reference value :  2.54119e-03
 Reference value :  2.58119e-03
 Reference value :  2.63119e-03
 Reference value :  2.67119e-03
 Reference value :  2.72119e-03
 Reference value :  2.77119e-03
 Reference value :  2.81119e-03
 Reference value :  2.85119e-03
 Reference value :  2.89119e-03
 Reference value :  2.94119e-03
 Reference value :  2.99119e-03
 Reference value :  3.04119e-03
 Reference value :  3.09119e-03
 Reference value :  3.14119e-03
 Reference value :  3.19119e-03
 Reference value :  3.24119e-03
 Reference value :  3.29119e-03
 Reference value :  3.34119e-03
 Reference value :  3.39119e-03
 Reference value :  3.43119e-03
 Reference value :  3.48119e-03
 Reference value :  3.53119e-03
 Reference value :  3.57119e-03
 Reference value :  3.62119e-03
 Reference value :  3.66119e-03
 Reference value :  3.71119e-03
 Reference value :  3.76119e-03
 Reference value :  3.81119e-03
 Reference value :  3.86119e-03
 Reference value :  3.91119e-03
 Reference value :  3.96119e-03
 Reference value :  4.00000e-03
No. of Data Rows : 442
vpk                 =  1.81130e+00 at=  6.81189e-04
vfloor              =  1.80575e+00 at=  4.00000e-03
tset                =  3.75150e-04
Doing analysis at TEMP = 27.000000 and TNOM = 27.000000

Using KLU as Direct Linear Solver
 Reference value :  0.00000e+00
 Reference value :  8.00000e-07
 Reference value :  1.28000e-05
 Reference value :  5.28000e-05
 Reference value :  9.14000e-05
 Reference value :  1.00300e-04
 Reference value :  1.00410e-04
 Reference value :  1.00492e-04
 Reference value :  1.00556e-04
 Reference value :  1.00689e-04
 Reference value :  1.00772e-04
 Reference value :  1.00781e-04
 Reference value :  1.00816e-04
 Reference value :  1.00827e-04
 Reference value :  1.00850e-04
 Reference value :  1.00878e-04
 Reference value :  1.00927e-04
 Reference value :  1.00950e-04
 Reference value :  1.01005e-04
 Reference value :  1.01163e-04
 Reference value :  1.01926e-04
 Reference value :  1.10376e-04
 Reference value :  1.15370e-04
 Reference value :  1.20657e-04
 Reference value :  1.31020e-04
 Reference value :  1.46898e-04
 Reference value :  1.86898e-04
 Reference value :  2.26898e-04
 Reference value :  2.66898e-04
 Reference value :  3.06898e-04
 Reference value :  3.46898e-04
 Reference value :  3.96898e-04
 Reference value :  4.36898e-04
 Reference value :  4.66898e-04
 Reference value :  5.06898e-04
 Reference value :  5.46898e-04
 Reference value :  5.86898e-04
 Reference value :  6.26898e-04
 Reference value :  6.66898e-04
 Reference value :  7.06898e-04
 Reference value :  7.46898e-04
 Reference value :  7.86898e-04
 Reference value :  8.26898e-04
 Reference value :  8.56898e-04
 Reference value :  8.86898e-04
 Reference value :  9.16898e-04
 Reference value :  9.46898e-04
 Reference value :  9.76898e-04
 Reference value :  1.00690e-03
 Reference value :  1.04690e-03
 Reference value :  1.08690e-03
 Reference value :  1.12690e-03
 Reference value :  1.16690e-03
 Reference value :  1.20690e-03
 Reference value :  1.24690e-03
 Reference value :  1.28690e-03
 Reference value :  1.32690e-03
 Reference value :  1.36690e-03
 Reference value :  1.40690e-03
 Reference value :  1.44690e-03
 Reference value :  1.48690e-03
 Reference value :  1.52690e-03
 Reference value :  1.56690e-03
 Reference value :  1.60690e-03
 Reference value :  1.63690e-03
 Reference value :  1.66690e-03
 Reference value :  1.69690e-03
 Reference value :  1.73690e-03
 Reference value :  1.77690e-03
 Reference value :  1.80690e-03
 Reference value :  1.84690e-03
 Reference value :  1.88690e-03
 Reference value :  1.92690e-03
 Reference value :  1.96690e-03
 Reference value :  1.99690e-03
 Reference value :  2.02690e-03
 Reference value :  2.05690e-03
 Reference value :  2.09690e-03
 Reference value :  2.13690e-03
 Reference value :  2.16690e-03
 Reference value :  2.19690e-03
 Reference value :  2.23690e-03
 Reference value :  2.27690e-03
 Reference value :  2.31690e-03
 Reference value :  2.35690e-03
 Reference value :  2.39690e-03
 Reference value :  2.43690e-03
 Reference value :  2.47690e-03
 Reference value :  2.50690e-03
 Reference value :  2.54690e-03
 Reference value :  2.57690e-03
 Reference value :  2.61690e-03
 Reference value :  2.65690e-03
 Reference value :  2.68690e-03
 Reference value :  2.72690e-03
 Reference value :  2.76690e-03
 Reference value :  2.80690e-03
 Reference value :  2.84690e-03
 Reference value :  2.87690e-03
 Reference value :  2.91690e-03
 Reference value :  2.94690e-03
 Reference value :  2.98690e-03
 Reference value :  3.02690e-03
 Reference value :  3.06690e-03
 Reference value :  3.10690e-03
 Reference value :  3.13690e-03
 Reference value :  3.17690e-03
 Reference value :  3.21690e-03
 Reference value :  3.25690e-03
 Reference value :  3.29690e-03
 Reference value :  3.33690e-03
 Reference value :  3.37690e-03
 Reference value :  3.41690e-03
 Reference value :  3.45690e-03
 Reference value :  3.49690e-03
 Reference value :  3.53690e-03
 Reference value :  3.56690e-03
 Reference value :  3.59690e-03
 Reference value :  3.63690e-03
 Reference value :  3.66690e-03
 Reference value :  3.70690e-03
 Reference value :  3.74690e-03
 Reference value :  3.77690e-03
 Reference value :  3.81690e-03
 Reference value :  3.84690e-03
 Reference value :  3.88690e-03
 Reference value :  3.91690e-03
 Reference value :  3.95690e-03
 Reference value :  3.99345e-03
No. of Data Rows : 443
vpk                 =  1.79800e+00 at=  1.39690e-03
vfloor              =  1.79800e+00 at=  3.99345e-03
tset                =  4.02198e-04
Doing analysis at TEMP = 27.000000 and TNOM = 27.000000

Using KLU as Direct Linear Solver
 Reference value :  0.00000e+00
 Reference value :  4.00000e-07
 Reference value :  6.40000e-06
 Reference value :  3.28000e-05
 Reference value :  7.28000e-05
 Reference value :  1.00100e-04
 Reference value :  1.00300e-04
 Reference value :  1.00410e-04
 Reference value :  1.00492e-04
 Reference value :  1.00556e-04
 Reference value :  1.00689e-04
 Reference value :  1.00772e-04
 Reference value :  1.00781e-04
 Reference value :  1.00816e-04
 Reference value :  1.00827e-04
 Reference value :  1.00850e-04
 Reference value :  1.00863e-04
 Reference value :  1.00901e-04
 Reference value :  1.00950e-04
 Reference value :  1.01005e-04
 Reference value :  1.01154e-04
 Reference value :  1.01897e-04
 Reference value :  1.10087e-04
 Reference value :  1.17189e-04
 Reference value :  1.24055e-04
 Reference value :  1.37763e-04
 Reference value :  1.57416e-04
 Reference value :  1.87416e-04
 Reference value :  2.27416e-04
 Reference value :  2.57416e-04
 Reference value :  2.97416e-04
 Reference value :  3.27416e-04
 Reference value :  3.57416e-04
 Reference value :  3.77416e-04
 Reference value :  4.07416e-04
 Reference value :  4.37416e-04
 Reference value :  4.77416e-04
 Reference value :  5.07416e-04
 Reference value :  5.37416e-04
 Reference value :  5.57416e-04
 Reference value :  5.77416e-04
 Reference value :  5.97416e-04
 Reference value :  6.27416e-04
 Reference value :  6.57416e-04
 Reference value :  6.97416e-04
 Reference value :  7.37416e-04
 Reference value :  7.67416e-04
 Reference value :  7.97416e-04
 Reference value :  8.27416e-04
 Reference value :  8.57416e-04
 Reference value :  8.87416e-04
 Reference value :  9.27416e-04
 Reference value :  9.67416e-04
 Reference value :  1.00742e-03
 Reference value :  1.04742e-03
 Reference value :  1.08742e-03
 Reference value :  1.12742e-03
 Reference value :  1.16742e-03
 Reference value :  1.20742e-03
 Reference value :  1.23742e-03
 Reference value :  1.27742e-03
 Reference value :  1.30742e-03
 Reference value :  1.33742e-03
 Reference value :  1.37742e-03
 Reference value :  1.41742e-03
 Reference value :  1.44742e-03
 Reference value :  1.48742e-03
 Reference value :  1.51742e-03
 Reference value :  1.55742e-03
 Reference value :  1.59742e-03
 Reference value :  1.63742e-03
 Reference value :  1.67742e-03
 Reference value :  1.71742e-03
 Reference value :  1.75742e-03
 Reference value :  1.79742e-03
 Reference value :  1.83742e-03
 Reference value :  1.86742e-03
 Reference value :  1.90742e-03
 Reference value :  1.94742e-03
 Reference value :  1.98742e-03
 Reference value :  2.02742e-03
 Reference value :  2.06742e-03
 Reference value :  2.09742e-03
 Reference value :  2.12742e-03
 Reference value :  2.15742e-03
 Reference value :  2.18742e-03
 Reference value :  2.21742e-03
 Reference value :  2.24742e-03
 Reference value :  2.27742e-03
 Reference value :  2.30742e-03
 Reference value :  2.33742e-03
 Reference value :  2.36742e-03
 Reference value :  2.40742e-03
 Reference value :  2.43742e-03
 Reference value :  2.46742e-03
 Reference value :  2.49742e-03
 Reference value :  2.53742e-03
 Reference value :  2.57742e-03
 Reference value :  2.60742e-03
 Reference value :  2.63742e-03
 Reference value :  2.67742e-03
 Reference value :  2.72742e-03
 Reference value :  2.76742e-03
 Reference value :  2.81742e-03
 Reference value :  2.85742e-03
 Reference value :  2.89742e-03
 Reference value :  2.93742e-03
 Reference value :  2.97742e-03
 Reference value :  3.01742e-03
 Reference value :  3.05742e-03
 Reference value :  3.08742e-03
 Reference value :  3.11742e-03
 Reference value :  3.14742e-03
 Reference value :  3.17742e-03
 Reference value :  3.21742e-03
 Reference value :  3.24742e-03
 Reference value :  3.28742e-03
 Reference value :  3.32742e-03
 Reference value :  3.36742e-03
 Reference value :  3.40742e-03
 Reference value :  3.43742e-03
 Reference value :  3.46742e-03
 Reference value :  3.50742e-03
 Reference value :  3.54742e-03
 Reference value :  3.58742e-03
 Reference value :  3.61742e-03
 Reference value :  3.64742e-03
 Reference value :  3.68742e-03
 Reference value :  3.72742e-03
 Reference value :  3.76742e-03
 Reference value :  3.79742e-03
 Reference value :  3.83742e-03
 Reference value :  3.87742e-03
 Reference value :  3.91742e-03
 Reference value :  3.94742e-03
 Reference value :  3.98742e-03
No. of Data Rows : 442
vpk                 =  1.82270e+00 at=  6.17416e-04
vfloor              =  1.82230e+00 at=  4.00000e-03
tset                =  3.64823e-04
Doing analysis at TEMP = 27.000000 and TNOM = 27.000000

Using KLU as Direct Linear Solver
 Reference value :  0.00000e+00
 Reference value :  8.00000e-07
 Reference value :  1.28000e-05
 Reference value :  5.28000e-05
 Reference value :  9.14000e-05
 Reference value :  1.00300e-04
 Reference value :  1.00410e-04
 Reference value :  1.00492e-04
 Reference value :  1.00556e-04
 Reference value :  1.00689e-04
 Reference value :  1.00772e-04
 Reference value :  1.00781e-04
 Reference value :  1.00816e-04
 Reference value :  1.00827e-04
 Reference value :  1.00863e-04
 Reference value :  1.00901e-04
 Reference value :  1.00950e-04
 Reference value :  1.01005e-04
 Reference value :  1.01163e-04
 Reference value :  1.01926e-04
 Reference value :  1.05870e-04
 Reference value :  1.15269e-04
 Reference value :  1.20819e-04
 Reference value :  1.31294e-04
 Reference value :  1.45008e-04
 Reference value :  1.65008e-04
 Reference value :  1.95008e-04
 Reference value :  2.35008e-04
 Reference value :  2.75008e-04
 Reference value :  3.15008e-04
 Reference value :  3.45008e-04
 Reference value :  3.75008e-04
 Reference value :  4.05008e-04
 Reference value :  4.45008e-04
 Reference value :  4.85008e-04
 Reference value :  5.25008e-04
 Reference value :  5.65008e-04
 Reference value :  6.05008e-04
 Reference value :  6.45008e-04
 Reference value :  6.85008e-04
 Reference value :  7.25008e-04
 Reference value :  7.65008e-04
 Reference value :  7.95008e-04
 Reference value :  8.35008e-04
 Reference value :  8.65008e-04
 Reference value :  8.95008e-04
 Reference value :  9.35008e-04
 Reference value :  9.75008e-04
 Reference value :  1.01501e-03
 Reference value :  1.04501e-03
 Reference value :  1.07501e-03
 Reference value :  1.10501e-03
 Reference value :  1.14501e-03
 Reference value :  1.18501e-03
 Reference value :  1.22501e-03
 Reference value :  1.26501e-03
 Reference value :  1.30501e-03
 Reference value :  1.34501e-03
 Reference value :  1.37501e-03
 Reference value :  1.40501e-03
 Reference value :  1.44501e-03
 Reference value :  1.48501e-03
 Reference value :  1.53501e-03
 Reference value :  1.57501e-03
 Reference value :  1.62501e-03
 Reference value :  1.66501e-03
 Reference value :  1.70501e-03
 Reference value :  1.74501e-03
 Reference value :  1.77501e-03
 Reference value :  1.81501e-03
 Reference value :  1.86501e-03
 Reference value :  1.90501e-03
 Reference value :  1.94501e-03
 Reference value :  1.98501e-03
 Reference value :  2.01501e-03
 Reference value :  2.05501e-03
 Reference value :  2.09501e-03
 Reference value :  2.13501e-03
 Reference value :  2.17501e-03
 Reference value :  2.21501e-03
 Reference value :  2.25501e-03
 Reference value :  2.29501e-03
 Reference value :  2.33501e-03
 Reference value :  2.38501e-03
 Reference value :  2.42501e-03
 Reference value :  2.46501e-03
 Reference value :  2.50501e-03
 Reference value :  2.54501e-03
 Reference value :  2.58501e-03
 Reference value :  2.62501e-03
 Reference value :  2.66501e-03
 Reference value :  2.70501e-03
 Reference value :  2.73501e-03
 Reference value :  2.76501e-03
 Reference value :  2.79501e-03
 Reference value :  2.82501e-03
 Reference value :  2.85501e-03
 Reference value :  2.88501e-03
 Reference value :  2.92501e-03
 Reference value :  2.95501e-03
 Reference value :  2.98501e-03
 Reference value :  3.01501e-03
 Reference value :  3.05501e-03
 Reference value :  3.08501e-03
 Reference value :  3.11501e-03
 Reference value :  3.15501e-03
 Reference value :  3.18501e-03
 Reference value :  3.22501e-03
 Reference value :  3.25501e-03
 Reference value :  3.29501e-03
 Reference value :  3.33501e-03
 Reference value :  3.37501e-03
 Reference value :  3.40501e-03
 Reference value :  3.43501e-03
 Reference value :  3.47501e-03
 Reference value :  3.50501e-03
 Reference value :  3.53501e-03
 Reference value :  3.57501e-03
 Reference value :  3.61501e-03
 Reference value :  3.65501e-03
 Reference value :  3.69501e-03
 Reference value :  3.73501e-03
 Reference value :  3.76501e-03
 Reference value :  3.80501e-03
 Reference value :  3.84501e-03
 Reference value :  3.89501e-03
 Reference value :  3.92501e-03
 Reference value :  3.97501e-03
No. of Data Rows : 443
vpk                 =  1.79800e+00 at=  1.32501e-03
vfloor              =  1.79800e+00 at=  4.00000e-03
tset                =  3.78578e-04
meas_vpk_c033_0ma_v = 1.811301e+00
meas_vfloor_c033_0ma_v = 1.805750e+00
meas_tramp_c033_0ma_ms = 2.751502e-01
meas_vpk_c033_50ma_v = 1.798004e+00
meas_vfloor_c033_50ma_v = 1.798004e+00
meas_tramp_c033_50ma_ms = 3.021983e-01
meas_vpk_c47_0ma_v = 1.822705e+00
meas_vfloor_c47_0ma_v = 1.822303e+00
meas_tramp_c47_0ma_ms = 2.648229e-01
meas_vpk_c47_50ma_v = 1.798004e+00
meas_vfloor_c47_50ma_v = 1.798004e+00
meas_tramp_c47_50ma_ms = 2.785782e-01
ngspice-46 done

# ==== ngspice stderr ====
Note: Starting dynamic gmin stepping
Warning: Dynamic gmin stepping failed
Note: Starting true gmin stepping
Note: True gmin stepping completed
Note: Starting dynamic gmin stepping
Warning: Dynamic gmin stepping failed
Note: Starting true gmin stepping
Note: True gmin stepping completed
Note: Starting dynamic gmin stepping
Warning: Dynamic gmin stepping failed
Note: Starting true gmin stepping
Note: True gmin stepping completed
Note: Starting dynamic gmin stepping
Warning: Dynamic gmin stepping failed
Note: Starting true gmin stepping
Note: True gmin stepping completed
