# corner: tt_-40c_2.97v
# process=tt temp=-40C supply=2.97V
# ngspice exit: 0
# wall clock: 165.3s (--timeout was 300s)
# result: PASS

# ==== deck (exact input given to ngspice) ====
| * startup corner deck -- generated by sim/bin/corner-run.py, do not edit
| * corner: tt_-40c_2.97v
| .param vsup=2.97
| .option wnflag=1
| .temp -40
| .lib "/home/ubuntu/.volare/sky130A/libs.tech/combined/sky130.lib.spice" tt
| ** sch_path: sim/startup/testbench/tb_startup.sch
| **.subckt tb_startup
| VVIN VIN 0 'vsup'
| .save i(vvin)
| VEN EN 0 PULSE(0 'vsup' 100u 1u 1u 100 200)
| .save i(ven)
| VVREF VREF 0 1.2
| .save i(vvref)
| xldo VOUT VREF EN VIN ldo_3v3in_1v8out
| COUT VOUT VESR 0.33u m=1
| RESR VESR 0 10m m=1
| RLOAD VOUT 0 1e12 m=1
| **.ends
| 
| * expanding   symbol:  design/ldo_3v3in_1v8out.sym # of pins=4
| ** sym_path: design/ldo_3v3in_1v8out.sym
| ** sch_path: design/ldo_3v3in_1v8out.sch
| .subckt ldo_3v3in_1v8out VOUT VREF EN VIN
| *.ipin VIN
| *.ipin EN
| *.ipin VREF
| *.opin VOUT
| XR_BIAS VIN NB 0 sky130_fd_pr__res_high_po W=0.42 L=1500 mult=1 m=1
| XM_BIASN1 NB NB BIAS_ENN 0 sky130_fd_pr__nfet_g5v0d10v5 L=1 W=4 nf=1 ad=1.16 as=1.16 pd=8.58 ps=8.58 nrd=0.0725 nrs=0.0725 sa=0
| + sb=0 sd=0 mult=1 m=1
| XM_ENN BIAS_ENN EN 0 0 sky130_fd_pr__nfet_g5v0d10v5 L=0.5 W=10 nf=1 ad=2.9 as=2.9 pd=20.58 ps=20.58 nrd=0.029 nrs=0.029 sa=0 sb=0
| + sd=0 mult=1 m=1
| XM_BIASN2 BIASP NB BIAS_ENN 0 sky130_fd_pr__nfet_g5v0d10v5 L=1 W=4 nf=1 ad=1.16 as=1.16 pd=8.58 ps=8.58 nrd=0.0725 nrs=0.0725 sa=0
| + sb=0 sd=0 mult=1 m=1
| XM_BIASP1 BIASP BIASP VIN VIN sky130_fd_pr__pfet_g5v0d10v5 L=1 W=10 nf=2 ad=1.45 as=2.9 pd=10.58 ps=21.16 nrd=0.029 nrs=0.029 sa=0
| + sb=0 sd=0 mult=1 m=1
| XM_ENP2 BIASP EN VIN VIN sky130_fd_pr__pfet_g5v0d10v5 L=0.5 W=10 nf=1 ad=2.9 as=2.9 pd=20.58 ps=20.58 nrd=0.029 nrs=0.029 sa=0
| + sb=0 sd=0 mult=1 m=1
| XM_TAIL EA_TAIL BIASP VIN VIN sky130_fd_pr__pfet_g5v0d10v5 L=2 W=40 nf=8 ad=5.8 as=7.25 pd=42.32 ps=52.9 nrd=0.00725 nrs=0.00725
| + sa=0 sb=0 sd=0 mult=1 m=1
| XM_IN1 EA_D1 FB EA_TAIL VIN sky130_fd_pr__pfet_g5v0d10v5 L=2 W=10 nf=2 ad=1.45 as=2.9 pd=10.58 ps=21.16 nrd=0.029 nrs=0.029 sa=0
| + sb=0 sd=0 mult=1 m=1
| XM_IN2 EA_D2 VREF EA_TAIL VIN sky130_fd_pr__pfet_g5v0d10v5 L=2 W=10 nf=2 ad=1.45 as=2.9 pd=10.58 ps=21.16 nrd=0.029 nrs=0.029 sa=0
| + sb=0 sd=0 mult=1 m=1
| XM_MIR1 EA_D1 EA_D1 AMP_ENN 0 sky130_fd_pr__nfet_g5v0d10v5 L=4 W=10 nf=2 ad=1.45 as=2.9 pd=10.58 ps=21.16 nrd=0.029 nrs=0.029 sa=0
| + sb=0 sd=0 mult=1 m=1
| XM_MIR2 EA_OUT EA_D1 AMP_ENN 0 sky130_fd_pr__nfet_g5v0d10v5 L=4 W=10 nf=2 ad=1.45 as=2.9 pd=10.58 ps=21.16 nrd=0.029 nrs=0.029
| + sa=0 sb=0 sd=0 mult=1 m=1
| XM_ENN2 AMP_ENN EN 0 0 sky130_fd_pr__nfet_g5v0d10v5 L=0.5 W=10 nf=1 ad=2.9 as=2.9 pd=20.58 ps=20.58 nrd=0.029 nrs=0.029 sa=0 sb=0
| + sd=0 mult=1 m=1
| XM_ENP EA_OUT EN VIN VIN sky130_fd_pr__pfet_g5v0d10v5 L=0.5 W=10 nf=1 ad=2.9 as=2.9 pd=20.58 ps=20.58 nrd=0.029 nrs=0.029 sa=0
| + sb=0 sd=0 mult=1 m=1
| XM_MIR3 EA_D2 EA_D2 AMP_ENN 0 sky130_fd_pr__nfet_g5v0d10v5 L=4 W=10 nf=2 ad=1.45 as=2.9 pd=10.58 ps=21.16 nrd=0.029 nrs=0.029 sa=0
| + sb=0 sd=0 mult=1 m=1
| XM_MIR4 PB EA_D2 AMP_ENN 0 sky130_fd_pr__nfet_g5v0d10v5 L=4 W=10 nf=2 ad=1.45 as=2.9 pd=10.58 ps=21.16 nrd=0.029 nrs=0.029 sa=0
| + sb=0 sd=0 mult=1 m=1
| XM_MIRP1 PB PB VIN VIN sky130_fd_pr__pfet_g5v0d10v5 L=4 W=20 nf=4 ad=2.9 as=4.35 pd=21.16 ps=31.74 nrd=0.0145 nrs=0.0145 sa=0 sb=0
| + sd=0 mult=1 m=1
| XM_MIRP2 EA_OUT PB VIN VIN sky130_fd_pr__pfet_g5v0d10v5 L=4 W=20 nf=4 ad=2.9 as=4.35 pd=21.16 ps=31.74 nrd=0.0145 nrs=0.0145 sa=0
| + sb=0 sd=0 mult=1 m=1
| XM_ENP5 PB EN VIN VIN sky130_fd_pr__pfet_g5v0d10v5 L=0.5 W=2 nf=1 ad=0.58 as=0.58 pd=4.58 ps=4.58 nrd=0.145 nrs=0.145 sa=0 sb=0
| + sd=0 mult=1 m=1
| XM_PASS VOUT EA_OUT VIN VIN sky130_fd_pr__pfet_g5v0d10v5 L=0.5 W=100 nf=25 ad=15.08 as=15.08 pd=111.54 ps=111.54 nrd=0.0029
| + nrs=0.0029 sa=0 sb=0 sd=0 mult=25 m=25
| C_COMP VOUT EA_CZ 150p m=1
| XR_CZ EA_CZ EA_OUT 0 sky130_fd_pr__res_xhigh_po W=0.42 L=52 mult=1 m=1
| XR_FB_A VOUT FB 0 sky130_fd_pr__res_xhigh_po W=0.42 L=180 mult=1 m=1
| XR_FB_B FB N_FBB 0 sky130_fd_pr__res_xhigh_po W=0.42 L=180 mult=1 m=1
| XR_FB_C N_FBB 0 0 sky130_fd_pr__res_xhigh_po W=0.42 L=180 mult=1 m=1
| XM_SENSE CL_SNS EA_OUT VIN VIN sky130_fd_pr__pfet_g5v0d10v5 L=0.5 W=0.42 nf=1 ad=0.1218 as=0.1218 pd=1.42 ps=1.42
| + nrd=0.69047619047619 nrs=0.69047619047619 sa=0 sb=0 sd=0 mult=1 m=1
| XM_CLN1 CL_SNS CL_SNS AMP_ENN 0 sky130_fd_pr__nfet_g5v0d10v5 L=1 W=20 nf=1 ad=5.8 as=5.8 pd=40.58 ps=40.58 nrd=0.0145 nrs=0.0145
| + sa=0 sb=0 sd=0 mult=1 m=1
| XM_CLN2 CL_CMP CL_SNS AMP_ENN 0 sky130_fd_pr__nfet_g5v0d10v5 L=1 W=1.6 nf=1 ad=0.464 as=0.464 pd=3.78 ps=3.78 nrd=0.18125
| + nrs=0.18125 sa=0 sb=0 sd=0 mult=1 m=1
| XM_CLP CL_CMP BIASP VIN VIN sky130_fd_pr__pfet_g5v0d10v5 L=1 W=10 nf=2 ad=1.45 as=2.9 pd=10.58 ps=21.16 nrd=0.029 nrs=0.029 sa=0
| + sb=0 sd=0 mult=1 m=1
| XM_CLIM EA_OUT CL_CMP VIN VIN sky130_fd_pr__pfet_g5v0d10v5 L=0.5 W=20 nf=4 ad=2.9 as=4.35 pd=21.16 ps=31.74 nrd=0.0145 nrs=0.0145
| + sa=0 sb=0 sd=0 mult=1 m=1
| XM_ENP3 CL_CMP EN VIN VIN sky130_fd_pr__pfet_g5v0d10v5 L=0.5 W=2 nf=1 ad=0.58 as=0.58 pd=4.58 ps=4.58 nrd=0.145 nrs=0.145 sa=0
| + sb=0 sd=0 mult=1 m=1
| C_CL VIN CL_CMP 1p m=1
| XM_INVP ENB EN VIN VIN sky130_fd_pr__pfet_g5v0d10v5 L=0.5 W=2 nf=1 ad=0.58 as=0.58 pd=4.58 ps=4.58 nrd=0.145 nrs=0.145 sa=0 sb=0
| + sd=0 mult=1 m=1
| XM_INVN ENB EN 0 0 sky130_fd_pr__nfet_g5v0d10v5 L=0.5 W=1 nf=1 ad=0.29 as=0.29 pd=2.58 ps=2.58 nrd=0.29 nrs=0.29 sa=0 sb=0 sd=0
| + mult=1 m=1
| XM_SSDIS SS ENB 0 0 sky130_fd_pr__nfet_g5v0d10v5 L=0.5 W=2 nf=1 ad=0.58 as=0.58 pd=4.58 ps=4.58 nrd=0.145 nrs=0.145 sa=0 sb=0 sd=0
| + mult=1 m=1
| XM_SSCHG SS BIASP VIN VIN sky130_fd_pr__pfet_g5v0d10v5 L=8 W=1 nf=1 ad=0.29 as=0.29 pd=2.58 ps=2.58 nrd=0.29 nrs=0.29 sa=0 sb=0
| + sd=0 mult=1 m=1
| C_SS SS 0 10p m=1
| XM_IN2S EA_D2 SS EA_TAIL VIN sky130_fd_pr__pfet_g5v0d10v5 L=2 W=10 nf=2 ad=1.45 as=2.9 pd=10.58 ps=21.16 nrd=0.029 nrs=0.029 sa=0
| + sb=0 sd=0 mult=1 m=1
| XM_TSPS TS_SNS BIASP VIN VIN sky130_fd_pr__pfet_g5v0d10v5 L=1 W=2.5 nf=1 ad=0.725 as=0.725 pd=5.58 ps=5.58 nrd=0.116 nrs=0.116
| + sa=0 sb=0 sd=0 mult=1 m=1
| XM_TSD1 TS_SNS TS_SNS TS_MID 0 sky130_fd_pr__nfet_g5v0d10v5 L=1 W=80 nf=16 ad=11.6 as=13.05 pd=84.64 ps=95.22 nrd=0.003625
| + nrs=0.003625 sa=0 sb=0 sd=0 mult=1 m=1
| XM_TSD2 TS_MID TS_MID AMP_ENN 0 sky130_fd_pr__nfet_g5v0d10v5 L=1 W=80 nf=16 ad=11.6 as=13.05 pd=84.64 ps=95.22 nrd=0.003625
| + nrs=0.003625 sa=0 sb=0 sd=0 mult=1 m=1
| XM_TSPR TS_REF BIASP VIN VIN sky130_fd_pr__pfet_g5v0d10v5 L=1 W=2.5 nf=1 ad=0.725 as=0.725 pd=5.58 ps=5.58 nrd=0.116 nrs=0.116
| + sa=0 sb=0 sd=0 mult=1 m=1
| XM_TSR1 TS_REF TS_REF AMP_ENN 0 sky130_fd_pr__nfet_g5v0d10v5 L=10 W=2 nf=1 ad=0.58 as=0.58 pd=4.58 ps=4.58 nrd=0.145 nrs=0.145
| + sa=0 sb=0 sd=0 mult=1 m=1
| XM_TCTAIL TC_TAIL NB AMP_ENN 0 sky130_fd_pr__nfet_g5v0d10v5 L=1 W=1 nf=1 ad=0.29 as=0.29 pd=2.58 ps=2.58 nrd=0.29 nrs=0.29 sa=0
| + sb=0 sd=0 mult=1 m=1
| XM_TCN1 TC_D1 TS_SNS TC_TAIL 0 sky130_fd_pr__nfet_g5v0d10v5 L=2 W=10 nf=2 ad=1.45 as=2.9 pd=10.58 ps=21.16 nrd=0.029 nrs=0.029
| + sa=0 sb=0 sd=0 mult=1 m=1
| XM_TCN2 TS_CMP TS_REF TC_TAIL 0 sky130_fd_pr__nfet_g5v0d10v5 L=2 W=10 nf=2 ad=1.45 as=2.9 pd=10.58 ps=21.16 nrd=0.029 nrs=0.029
| + sa=0 sb=0 sd=0 mult=1 m=1
| XM_TCP1 TC_D1 TC_D1 VIN VIN sky130_fd_pr__pfet_g5v0d10v5 L=2 W=10 nf=2 ad=1.45 as=2.9 pd=10.58 ps=21.16 nrd=0.029 nrs=0.029 sa=0
| + sb=0 sd=0 mult=1 m=1
| XM_TCP2 TS_CMP TC_D1 VIN VIN sky130_fd_pr__pfet_g5v0d10v5 L=2 W=10 nf=2 ad=1.45 as=2.9 pd=10.58 ps=21.16 nrd=0.029 nrs=0.029 sa=0
| + sb=0 sd=0 mult=1 m=1
| XM_TSHUT EA_OUT TS_CMP VIN VIN sky130_fd_pr__pfet_g5v0d10v5 L=0.5 W=20 nf=4 ad=2.9 as=4.35 pd=21.16 ps=31.74 nrd=0.0145 nrs=0.0145
| + sa=0 sb=0 sd=0 mult=1 m=1
| XM_TSHYSB TS_HYS BIASP VIN VIN sky130_fd_pr__pfet_g5v0d10v5 L=2 W=1.5 nf=1 ad=0.435 as=0.435 pd=3.58 ps=3.58 nrd=0.193333333333333
| + nrs=0.193333333333333 sa=0 sb=0 sd=0 mult=1 m=1
| XM_TSHYS TS_REF TS_CMP TS_HYS VIN sky130_fd_pr__pfet_g5v0d10v5 L=0.5 W=2 nf=1 ad=0.58 as=0.58 pd=4.58 ps=4.58 nrd=0.145 nrs=0.145
| + sa=0 sb=0 sd=0 mult=1 m=1
| XM_ENP4 TS_CMP EN VIN VIN sky130_fd_pr__pfet_g5v0d10v5 L=0.5 W=2 nf=1 ad=0.58 as=0.58 pd=4.58 ps=4.58 nrd=0.145 nrs=0.145 sa=0
| + sb=0 sd=0 mult=1 m=1
| C_TS VIN TS_CMP 1p m=1
| .ends
| 
| .control
| save all
| * --- leg 1: C_out 0.33uF, 0 mA (feedback divider is the only preload) ---
| tran 10u 4m
| meas tran vpk max v(vout) from=100u to=4m
| meas tran vfloor min v(vout) from=3.1m to=4m
| meas tran tset when v(vout)=1.764 rise=1
| * --- leg 2: C_out 0.33uF, 50 mA ---
| alter rload = 36
| tran 10u 4m
| meas tran vpk max v(vout) from=100u to=4m
| meas tran vfloor min v(vout) from=3.1m to=4m
| meas tran tset when v(vout)=1.764 rise=1
| * --- leg 3: C_out 4.7uF, 0 mA ---
| alter cout = 4.7u
| alter rload = 1e12
| tran 10u 4m
| meas tran vpk max v(vout) from=100u to=4m
| meas tran vfloor min v(vout) from=3.1m to=4m
| meas tran tset when v(vout)=1.764 rise=1
| * --- leg 4: C_out 4.7uF, 50 mA ---
| alter rload = 36
| tran 10u 4m
| meas tran vpk max v(vout) from=100u to=4m
| meas tran vfloor min v(vout) from=3.1m to=4m
| meas tran tset when v(vout)=1.764 rise=1
| let meas_vpk_c033_0ma_v = tran1.vpk
| let meas_vfloor_c033_0ma_v = tran1.vfloor
| let meas_tramp_c033_0ma_ms = 1000*(tran1.tset - 100u)
| let meas_vpk_c033_50ma_v = tran2.vpk
| let meas_vfloor_c033_50ma_v = tran2.vfloor
| let meas_tramp_c033_50ma_ms = 1000*(tran2.tset - 100u)
| let meas_vpk_c47_0ma_v = tran3.vpk
| let meas_vfloor_c47_0ma_v = tran3.vfloor
| let meas_tramp_c47_0ma_ms = 1000*(tran3.tset - 100u)
| let meas_vpk_c47_50ma_v = tran4.vpk
| let meas_vfloor_c47_50ma_v = tran4.vfloor
| let meas_tramp_c47_50ma_ms = 1000*(tran4.tset - 100u)
| print meas_vpk_c033_0ma_v
| print meas_vfloor_c033_0ma_v
| print meas_tramp_c033_0ma_ms
| print meas_vpk_c033_50ma_v
| print meas_vfloor_c033_50ma_v
| print meas_tramp_c033_50ma_ms
| print meas_vpk_c47_0ma_v
| print meas_vfloor_c47_0ma_v
| print meas_tramp_c47_0ma_ms
| print meas_vpk_c47_50ma_v
| print meas_vfloor_c47_50ma_v
| print meas_tramp_c47_50ma_ms
| quit
| .endc
| .end

# ==== ngspice stdout ====

Note: Compatibility modes selected: hs a


Circuit: * startup corner deck -- generated by sim/bin/corner-run.py, do not edit

option SCALE: Scale is set to 1e-06 for instance and model parameters
option SCALE: Scale is set to 1e-06 for instance and model parameters
option SCALE: Scale is set to 1e-06 for instance and model parameters
option SCALE: Scale is set to 1e-06 for instance and model parameters
Doing analysis at TEMP = -40.000000 and TNOM = 27.000000

Using KLU as Direct Linear Solver
 Reference value :  0.00000e+00
 Reference value :  4.00000e-07
 Reference value :  6.40000e-06
 Reference value :  4.28000e-05
 Reference value :  8.28000e-05
 Reference value :  1.00100e-04
 Reference value :  1.00300e-04
 Reference value :  1.00412e-04
 Reference value :  1.00516e-04
 Reference value :  1.00589e-04
 Reference value :  1.00734e-04
 Reference value :  1.00741e-04
 Reference value :  1.00766e-04
 Reference value :  1.00793e-04
 Reference value :  1.00812e-04
 Reference value :  1.00871e-04
 Reference value :  1.00944e-04
 Reference value :  1.01006e-04
 Reference value :  1.01173e-04
 Reference value :  1.02084e-04
 Reference value :  1.11694e-04
 Reference value :  1.25307e-04
 Reference value :  1.39892e-04
 Reference value :  1.68185e-04
 Reference value :  2.08185e-04
 Reference value :  2.48185e-04
 Reference value :  2.88185e-04
 Reference value :  3.28185e-04
 Reference value :  3.58185e-04
 Reference value :  3.88185e-04
 Reference value :  4.18185e-04
 Reference value :  4.58185e-04
 Reference value :  4.98185e-04
 Reference value :  5.38185e-04
 Reference value :  5.78185e-04
 Reference value :  6.18185e-04
 Reference value :  6.58185e-04
 Reference value :  6.88185e-04
 Reference value :  7.28185e-04
 Reference value :  7.68185e-04
 Reference value :  8.08185e-04
 Reference value :  8.38185e-04
 Reference value :  8.78185e-04
 Reference value :  9.18185e-04
 Reference value :  9.58185e-04
 Reference value :  9.98185e-04
 Reference value :  1.03818e-03
 Reference value :  1.07818e-03
 Reference value :  1.12818e-03
 Reference value :  1.17818e-03
 Reference value :  1.21818e-03
 Reference value :  1.25818e-03
 Reference value :  1.30818e-03
 Reference value :  1.34818e-03
 Reference value :  1.38818e-03
 Reference value :  1.42818e-03
 Reference value :  1.45818e-03
 Reference value :  1.49818e-03
 Reference value :  1.53818e-03
 Reference value :  1.59818e-03
 Reference value :  1.63818e-03
 Reference value :  1.67818e-03
 Reference value :  1.71818e-03
 Reference value :  1.74818e-03
 Reference value :  1.77818e-03
 Reference value :  1.80818e-03
 Reference value :  1.85818e-03
 Reference value :  1.89818e-03
 Reference value :  1.93818e-03
 Reference value :  1.98818e-03
 Reference value :  2.02818e-03
 Reference value :  2.07818e-03
 Reference value :  2.11818e-03
 Reference value :  2.14818e-03
 Reference value :  2.17818e-03
 Reference value :  2.20818e-03
 Reference value :  2.24818e-03
 Reference value :  2.28818e-03
 Reference value :  2.32818e-03
 Reference value :  2.36818e-03
 Reference value :  2.40818e-03
 Reference value :  2.46818e-03
 Reference value :  2.50818e-03
 Reference value :  2.55818e-03
 Reference value :  2.58818e-03
 Reference value :  2.62818e-03
 Reference value :  2.65818e-03
 Reference value :  2.68818e-03
 Reference value :  2.72818e-03
 Reference value :  2.75818e-03
 Reference value :  2.80818e-03
 Reference value :  2.83818e-03
 Reference value :  2.87818e-03
 Reference value :  2.92818e-03
 Reference value :  2.96818e-03
 Reference value :  3.00818e-03
 Reference value :  3.04818e-03
 Reference value :  3.07818e-03
 Reference value :  3.11818e-03
 Reference value :  3.15818e-03
 Reference value :  3.18818e-03
 Reference value :  3.23818e-03
 Reference value :  3.27818e-03
 Reference value :  3.31818e-03
 Reference value :  3.35818e-03
 Reference value :  3.39818e-03
 Reference value :  3.43818e-03
 Reference value :  3.46818e-03
 Reference value :  3.49818e-03
 Reference value :  3.53818e-03
 Reference value :  3.56818e-03
 Reference value :  3.62818e-03
 Reference value :  3.65818e-03
 Reference value :  3.68818e-03
 Reference value :  3.72818e-03
 Reference value :  3.76818e-03
 Reference value :  3.80818e-03
 Reference value :  3.83818e-03
 Reference value :  3.86818e-03
 Reference value :  3.89818e-03
 Reference value :  3.93818e-03
 Reference value :  3.96818e-03
 Reference value :  3.99409e-03
No. of Data Rows : 441
vpk                 =  1.80936e+00 at=  7.18185e-04
vfloor              =  1.80394e+00 at=  4.00000e-03
tset                =  3.95396e-04
Doing analysis at TEMP = -40.000000 and TNOM = 27.000000

Using KLU as Direct Linear Solver
 Reference value :  0.00000e+00
 Reference value :  8.00000e-07
 Reference value :  6.40000e-06
 Reference value :  3.28000e-05
 Reference value :  7.28000e-05
 Reference value :  1.00000e-04
 Reference value :  1.00300e-04
 Reference value :  1.00412e-04
 Reference value :  1.00516e-04
 Reference value :  1.00589e-04
 Reference value :  1.00734e-04
 Reference value :  1.00741e-04
 Reference value :  1.00766e-04
 Reference value :  1.00793e-04
 Reference value :  1.00812e-04
 Reference value :  1.00871e-04
 Reference value :  1.00944e-04
 Reference value :  1.01000e-04
 Reference value :  1.01039e-04
 Reference value :  1.01508e-04
 Reference value :  1.02724e-04
 Reference value :  1.11694e-04
 Reference value :  1.23285e-04
 Reference value :  1.29505e-04
 Reference value :  1.41962e-04
 Reference value :  1.60993e-04
 Reference value :  2.00993e-04
 Reference value :  2.30993e-04
 Reference value :  2.70993e-04
 Reference value :  3.10993e-04
 Reference value :  3.40993e-04
 Reference value :  3.70993e-04
 Reference value :  4.00993e-04
 Reference value :  4.40993e-04
 Reference value :  4.70993e-04
 Reference value :  5.00993e-04
 Reference value :  5.30993e-04
 Reference value :  5.60993e-04
 Reference value :  5.90993e-04
 Reference value :  6.30993e-04
 Reference value :  6.70993e-04
 Reference value :  7.10993e-04
 Reference value :  7.50993e-04
 Reference value :  7.90993e-04
 Reference value :  8.30993e-04
 Reference value :  8.70993e-04
 Reference value :  9.10993e-04
 Reference value :  9.50993e-04
 Reference value :  9.90993e-04
 Reference value :  1.02099e-03
 Reference value :  1.06099e-03
 Reference value :  1.09099e-03
 Reference value :  1.12099e-03
 Reference value :  1.16099e-03
 Reference value :  1.19099e-03
 Reference value :  1.23099e-03
 Reference value :  1.26099e-03
 Reference value :  1.32099e-03
 Reference value :  1.36099e-03
 Reference value :  1.40099e-03
 Reference value :  1.44099e-03
 Reference value :  1.47099e-03
 Reference value :  1.50099e-03
 Reference value :  1.54099e-03
 Reference value :  1.58099e-03
 Reference value :  1.62099e-03
 Reference value :  1.66099e-03
 Reference value :  1.70099e-03
 Reference value :  1.74099e-03
 Reference value :  1.78099e-03
 Reference value :  1.81099e-03
 Reference value :  1.84099e-03
 Reference value :  1.88099e-03
 Reference value :  1.92099e-03
 Reference value :  1.95099e-03
 Reference value :  1.99099e-03
 Reference value :  2.03099e-03
 Reference value :  2.06099e-03
 Reference value :  2.10099e-03
 Reference value :  2.13099e-03
 Reference value :  2.16099e-03
 Reference value :  2.20099e-03
 Reference value :  2.23099e-03
 Reference value :  2.26099e-03
 Reference value :  2.30099e-03
 Reference value :  2.33099e-03
 Reference value :  2.36099e-03
 Reference value :  2.39099e-03
 Reference value :  2.43099e-03
 Reference value :  2.47099e-03
 Reference value :  2.51099e-03
 Reference value :  2.54099e-03
 Reference value :  2.57099e-03
 Reference value :  2.61099e-03
 Reference value :  2.65099e-03
 Reference value :  2.69099e-03
 Reference value :  2.73099e-03
 Reference value :  2.77099e-03
 Reference value :  2.81099e-03
 Reference value :  2.85099e-03
 Reference value :  2.88099e-03
 Reference value :  2.91099e-03
 Reference value :  2.94099e-03
 Reference value :  2.97099e-03
 Reference value :  3.01099e-03
 Reference value :  3.04099e-03
 Reference value :  3.07099e-03
 Reference value :  3.11099e-03
 Reference value :  3.14099e-03
 Reference value :  3.18099e-03
 Reference value :  3.21099e-03
 Reference value :  3.25099e-03
 Reference value :  3.28099e-03
 Reference value :  3.31099e-03
 Reference value :  3.35099e-03
 Reference value :  3.38099e-03
 Reference value :  3.41099e-03
 Reference value :  3.45099e-03
 Reference value :  3.48099e-03
 Reference value :  3.51099e-03
 Reference value :  3.54099e-03
 Reference value :  3.57099e-03
 Reference value :  3.61099e-03
 Reference value :  3.65099e-03
 Reference value :  3.68099e-03
 Reference value :  3.71099e-03
 Reference value :  3.74099e-03
 Reference value :  3.77099e-03
 Reference value :  3.80099e-03
 Reference value :  3.83099e-03
 Reference value :  3.86099e-03
 Reference value :  3.89099e-03
 Reference value :  3.92099e-03
 Reference value :  3.96099e-03
 Reference value :  4.00000e-03
No. of Data Rows : 441
vpk                 =  1.79816e+00 at=  1.39099e-03
vfloor              =  1.79816e+00 at=  4.00000e-03
tset                =  4.25826e-04
Doing analysis at TEMP = -40.000000 and TNOM = 27.000000

Using KLU as Direct Linear Solver
 Reference value :  0.00000e+00
 Reference value :  4.00000e-07
 Reference value :  3.20000e-06
 Reference value :  3.28000e-05
 Reference value :  7.28000e-05
 Reference value :  1.00000e-04
 Reference value :  1.00300e-04
 Reference value :  1.00412e-04
 Reference value :  1.00516e-04
 Reference value :  1.00589e-04
 Reference value :  1.00734e-04
 Reference value :  1.00741e-04
 Reference value :  1.00766e-04
 Reference value :  1.00793e-04
 Reference value :  1.00812e-04
 Reference value :  1.00871e-04
 Reference value :  1.00944e-04
 Reference value :  1.01017e-04
 Reference value :  1.01345e-04
 Reference value :  1.02724e-04
 Reference value :  1.11694e-04
 Reference value :  1.25308e-04
 Reference value :  1.33764e-04
 Reference value :  1.50343e-04
 Reference value :  1.80343e-04
 Reference value :  2.10343e-04
 Reference value :  2.40343e-04
 Reference value :  2.80343e-04
 Reference value :  3.20343e-04
 Reference value :  3.50343e-04
 Reference value :  3.80343e-04
 Reference value :  4.10343e-04
 Reference value :  4.40343e-04
 Reference value :  4.70343e-04
 Reference value :  5.10343e-04
 Reference value :  5.40343e-04
 Reference value :  5.80343e-04
 Reference value :  6.20343e-04
 Reference value :  6.80343e-04
 Reference value :  7.20343e-04
 Reference value :  7.50343e-04
 Reference value :  7.80343e-04
 Reference value :  8.10343e-04
 Reference value :  8.40343e-04
 Reference value :  8.70343e-04
 Reference value :  9.10343e-04
 Reference value :  9.50343e-04
 Reference value :  9.80343e-04
 Reference value :  1.03034e-03
 Reference value :  1.07034e-03
 Reference value :  1.10034e-03
 Reference value :  1.14034e-03
 Reference value :  1.19034e-03
 Reference value :  1.23034e-03
 Reference value :  1.27034e-03
 Reference value :  1.30034e-03
 Reference value :  1.33034e-03
 Reference value :  1.37034e-03
 Reference value :  1.40034e-03
 Reference value :  1.44034e-03
 Reference value :  1.48034e-03
 Reference value :  1.52034e-03
 Reference value :  1.56034e-03
 Reference value :  1.60034e-03
 Reference value :  1.63034e-03
 Reference value :  1.66034e-03
 Reference value :  1.70034e-03
 Reference value :  1.74034e-03
 Reference value :  1.77034e-03
 Reference value :  1.80034e-03
 Reference value :  1.84034e-03
 Reference value :  1.87034e-03
 Reference value :  1.91034e-03
 Reference value :  1.94034e-03
 Reference value :  1.97034e-03
 Reference value :  2.01034e-03
 Reference value :  2.05034e-03
 Reference value :  2.08034e-03
 Reference value :  2.12034e-03
 Reference value :  2.15034e-03
 Reference value :  2.18034e-03
 Reference value :  2.21034e-03
 Reference value :  2.25034e-03
 Reference value :  2.29034e-03
 Reference value :  2.33034e-03
 Reference value :  2.36034e-03
 Reference value :  2.40034e-03
 Reference value :  2.44034e-03
 Reference value :  2.47034e-03
 Reference value :  2.51034e-03
 Reference value :  2.54034e-03
 Reference value :  2.58034e-03
 Reference value :  2.61034e-03
 Reference value :  2.65034e-03
 Reference value :  2.69034e-03
 Reference value :  2.72034e-03
 Reference value :  2.75034e-03
 Reference value :  2.79034e-03
 Reference value :  2.82034e-03
 Reference value :  2.86034e-03
 Reference value :  2.89034e-03
 Reference value :  2.94034e-03
 Reference value :  2.98034e-03
 Reference value :  3.02034e-03
 Reference value :  3.06034e-03
 Reference value :  3.10034e-03
 Reference value :  3.14034e-03
 Reference value :  3.17034e-03
 Reference value :  3.21034e-03
 Reference value :  3.24034e-03
 Reference value :  3.28034e-03
 Reference value :  3.31034e-03
 Reference value :  3.34034e-03
 Reference value :  3.39034e-03
 Reference value :  3.43034e-03
 Reference value :  3.47034e-03
 Reference value :  3.51034e-03
 Reference value :  3.54034e-03
 Reference value :  3.57034e-03
 Reference value :  3.60034e-03
 Reference value :  3.63034e-03
 Reference value :  3.67034e-03
 Reference value :  3.71034e-03
 Reference value :  3.74034e-03
 Reference value :  3.78034e-03
 Reference value :  3.81034e-03
 Reference value :  3.85034e-03
 Reference value :  3.89034e-03
 Reference value :  3.93034e-03
 Reference value :  3.96034e-03
 Reference value :  4.00000e-03
No. of Data Rows : 440
vpk                 =  1.81963e+00 at=  6.40343e-04
vfloor              =  1.81924e+00 at=  4.00000e-03
tset                =  3.83983e-04
Doing analysis at TEMP = -40.000000 and TNOM = 27.000000

Using KLU as Direct Linear Solver
 Reference value :  0.00000e+00
 Reference value :  8.00000e-07
 Reference value :  1.28000e-05
 Reference value :  6.28000e-05
 Reference value :  1.00100e-04
 Reference value :  1.00300e-04
 Reference value :  1.00412e-04
 Reference value :  1.00516e-04
 Reference value :  1.00589e-04
 Reference value :  1.00734e-04
 Reference value :  1.00741e-04
 Reference value :  1.00766e-04
 Reference value :  1.00793e-04
 Reference value :  1.00812e-04
 Reference value :  1.00908e-04
 Reference value :  1.00943e-04
 Reference value :  1.01006e-04
 Reference value :  1.01177e-04
 Reference value :  1.02095e-04
 Reference value :  1.11889e-04
 Reference value :  1.23361e-04
 Reference value :  1.29996e-04
 Reference value :  1.36162e-04
 Reference value :  1.60355e-04
 Reference value :  2.00355e-04
 Reference value :  2.40355e-04
 Reference value :  2.80355e-04
 Reference value :  3.20355e-04
 Reference value :  3.50355e-04
 Reference value :  3.80355e-04
 Reference value :  4.10355e-04
 Reference value :  4.50355e-04
 Reference value :  4.90355e-04
 Reference value :  5.30355e-04
 Reference value :  5.60355e-04
 Reference value :  5.90355e-04
 Reference value :  6.20355e-04
 Reference value :  6.60355e-04
 Reference value :  6.90355e-04
 Reference value :  7.30355e-04
 Reference value :  7.60355e-04
 Reference value :  7.90355e-04
 Reference value :  8.20355e-04
 Reference value :  8.60355e-04
 Reference value :  9.00355e-04
 Reference value :  9.30355e-04
 Reference value :  9.60355e-04
 Reference value :  1.00036e-03
 Reference value :  1.04036e-03
 Reference value :  1.08036e-03
 Reference value :  1.12036e-03
 Reference value :  1.16036e-03
 Reference value :  1.20036e-03
 Reference value :  1.23036e-03
 Reference value :  1.27036e-03
 Reference value :  1.31036e-03
 Reference value :  1.35036e-03
 Reference value :  1.39036e-03
 Reference value :  1.43036e-03
 Reference value :  1.46036e-03
 Reference value :  1.49036e-03
 Reference value :  1.53036e-03
 Reference value :  1.57036e-03
 Reference value :  1.61036e-03
 Reference value :  1.65036e-03
 Reference value :  1.69036e-03
 Reference value :  1.74036e-03
 Reference value :  1.77036e-03
 Reference value :  1.81036e-03
 Reference value :  1.85036e-03
 Reference value :  1.89036e-03
 Reference value :  1.93036e-03
 Reference value :  1.97036e-03
 Reference value :  2.01036e-03
 Reference value :  2.06036e-03
 Reference value :  2.10036e-03
 Reference value :  2.14036e-03
 Reference value :  2.18036e-03
 Reference value :  2.22036e-03
 Reference value :  2.26036e-03
 Reference value :  2.30036e-03
 Reference value :  2.34036e-03
 Reference value :  2.38036e-03
 Reference value :  2.42036e-03
 Reference value :  2.46036e-03
 Reference value :  2.50036e-03
 Reference value :  2.54036e-03
 Reference value :  2.58036e-03
 Reference value :  2.62036e-03
 Reference value :  2.66036e-03
 Reference value :  2.70036e-03
 Reference value :  2.74036e-03
 Reference value :  2.78036e-03
 Reference value :  2.81036e-03
 Reference value :  2.85036e-03
 Reference value :  2.90036e-03
 Reference value :  2.94036e-03
 Reference value :  2.98036e-03
 Reference value :  3.02036e-03
 Reference value :  3.06036e-03
 Reference value :  3.10036e-03
 Reference value :  3.13036e-03
 Reference value :  3.17036e-03
 Reference value :  3.21036e-03
 Reference value :  3.25036e-03
 Reference value :  3.28036e-03
 Reference value :  3.31036e-03
 Reference value :  3.35036e-03
 Reference value :  3.39036e-03
 Reference value :  3.43036e-03
 Reference value :  3.47036e-03
 Reference value :  3.52036e-03
 Reference value :  3.57036e-03
 Reference value :  3.62036e-03
 Reference value :  3.68036e-03
 Reference value :  3.73036e-03
 Reference value :  3.77036e-03
 Reference value :  3.82036e-03
 Reference value :  3.87036e-03
 Reference value :  3.92036e-03
 Reference value :  3.96036e-03
No. of Data Rows : 441
vpk                 =  1.79816e+00 at=  1.28036e-03
vfloor              =  1.79816e+00 at=  3.99036e-03
tset                =  3.99970e-04
meas_vpk_c033_0ma_v = 1.809357e+00
meas_vfloor_c033_0ma_v = 1.803944e+00
meas_tramp_c033_0ma_ms = 2.953956e-01
meas_vpk_c033_50ma_v = 1.798156e+00
meas_vfloor_c033_50ma_v = 1.798156e+00
meas_tramp_c033_50ma_ms = 3.258262e-01
meas_vpk_c47_0ma_v = 1.819630e+00
meas_vfloor_c47_0ma_v = 1.819238e+00
meas_tramp_c47_0ma_ms = 2.839834e-01
meas_vpk_c47_50ma_v = 1.798156e+00
meas_vfloor_c47_50ma_v = 1.798156e+00
meas_tramp_c47_50ma_ms = 2.999703e-01
ngspice-46 done

# ==== ngspice stderr ====
Note: Starting dynamic gmin stepping
Note: Dynamic gmin stepping completed
Note: Starting dynamic gmin stepping
Note: Dynamic gmin stepping completed
Note: Starting dynamic gmin stepping
Note: Dynamic gmin stepping completed
Note: Starting dynamic gmin stepping
Note: Dynamic gmin stepping completed
