# corner: tt_-40c_3.63v
# process=tt temp=-40C supply=3.63V
# ngspice exit: 0
# wall clock: 160.1s (--timeout was 300s)
# result: PASS

# ==== deck (exact input given to ngspice) ====
| * startup corner deck -- generated by sim/bin/corner-run.py, do not edit
| * corner: tt_-40c_3.63v
| .param vsup=3.63
| .option wnflag=1
| .temp -40
| .lib "/home/ubuntu/.volare/sky130A/libs.tech/combined/sky130.lib.spice" tt
| ** sch_path: sim/startup/testbench/tb_startup.sch
| **.subckt tb_startup
| VVIN VIN 0 'vsup'
| .save i(vvin)
| VEN EN 0 PULSE(0 'vsup' 100u 1u 1u 100 200)
| .save i(ven)
| VVREF VREF 0 1.2
| .save i(vvref)
| xldo VOUT VREF EN VIN ldo_3v3in_1v8out
| COUT VOUT VESR 0.33u m=1
| RESR VESR 0 10m m=1
| RLOAD VOUT 0 1e12 m=1
| **.ends
| 
| * expanding   symbol:  design/ldo_3v3in_1v8out.sym # of pins=4
| ** sym_path: design/ldo_3v3in_1v8out.sym
| ** sch_path: design/ldo_3v3in_1v8out.sch
| .subckt ldo_3v3in_1v8out VOUT VREF EN VIN
| *.ipin VIN
| *.ipin EN
| *.ipin VREF
| *.opin VOUT
| XR_BIAS VIN NB 0 sky130_fd_pr__res_high_po W=0.42 L=1500 mult=1 m=1
| XM_BIASN1 NB NB BIAS_ENN 0 sky130_fd_pr__nfet_g5v0d10v5 L=1 W=4 nf=1 ad=1.16 as=1.16 pd=8.58 ps=8.58 nrd=0.0725 nrs=0.0725 sa=0
| + sb=0 sd=0 mult=1 m=1
| XM_ENN BIAS_ENN EN 0 0 sky130_fd_pr__nfet_g5v0d10v5 L=0.5 W=10 nf=1 ad=2.9 as=2.9 pd=20.58 ps=20.58 nrd=0.029 nrs=0.029 sa=0 sb=0
| + sd=0 mult=1 m=1
| XM_BIASN2 BIASP NB BIAS_ENN 0 sky130_fd_pr__nfet_g5v0d10v5 L=1 W=4 nf=1 ad=1.16 as=1.16 pd=8.58 ps=8.58 nrd=0.0725 nrs=0.0725 sa=0
| + sb=0 sd=0 mult=1 m=1
| XM_BIASP1 BIASP BIASP VIN VIN sky130_fd_pr__pfet_g5v0d10v5 L=1 W=10 nf=2 ad=1.45 as=2.9 pd=10.58 ps=21.16 nrd=0.029 nrs=0.029 sa=0
| + sb=0 sd=0 mult=1 m=1
| XM_ENP2 BIASP EN VIN VIN sky130_fd_pr__pfet_g5v0d10v5 L=0.5 W=10 nf=1 ad=2.9 as=2.9 pd=20.58 ps=20.58 nrd=0.029 nrs=0.029 sa=0
| + sb=0 sd=0 mult=1 m=1
| XM_TAIL EA_TAIL BIASP VIN VIN sky130_fd_pr__pfet_g5v0d10v5 L=2 W=40 nf=8 ad=5.8 as=7.25 pd=42.32 ps=52.9 nrd=0.00725 nrs=0.00725
| + sa=0 sb=0 sd=0 mult=1 m=1
| XM_IN1 EA_D1 FB EA_TAIL VIN sky130_fd_pr__pfet_g5v0d10v5 L=2 W=10 nf=2 ad=1.45 as=2.9 pd=10.58 ps=21.16 nrd=0.029 nrs=0.029 sa=0
| + sb=0 sd=0 mult=1 m=1
| XM_IN2 EA_D2 VREF EA_TAIL VIN sky130_fd_pr__pfet_g5v0d10v5 L=2 W=10 nf=2 ad=1.45 as=2.9 pd=10.58 ps=21.16 nrd=0.029 nrs=0.029 sa=0
| + sb=0 sd=0 mult=1 m=1
| XM_MIR1 EA_D1 EA_D1 AMP_ENN 0 sky130_fd_pr__nfet_g5v0d10v5 L=4 W=10 nf=2 ad=1.45 as=2.9 pd=10.58 ps=21.16 nrd=0.029 nrs=0.029 sa=0
| + sb=0 sd=0 mult=1 m=1
| XM_MIR2 EA_OUT EA_D1 AMP_ENN 0 sky130_fd_pr__nfet_g5v0d10v5 L=4 W=10 nf=2 ad=1.45 as=2.9 pd=10.58 ps=21.16 nrd=0.029 nrs=0.029
| + sa=0 sb=0 sd=0 mult=1 m=1
| XM_ENN2 AMP_ENN EN 0 0 sky130_fd_pr__nfet_g5v0d10v5 L=0.5 W=10 nf=1 ad=2.9 as=2.9 pd=20.58 ps=20.58 nrd=0.029 nrs=0.029 sa=0 sb=0
| + sd=0 mult=1 m=1
| XM_ENP EA_OUT EN VIN VIN sky130_fd_pr__pfet_g5v0d10v5 L=0.5 W=10 nf=1 ad=2.9 as=2.9 pd=20.58 ps=20.58 nrd=0.029 nrs=0.029 sa=0
| + sb=0 sd=0 mult=1 m=1
| XM_MIR3 EA_D2 EA_D2 AMP_ENN 0 sky130_fd_pr__nfet_g5v0d10v5 L=4 W=10 nf=2 ad=1.45 as=2.9 pd=10.58 ps=21.16 nrd=0.029 nrs=0.029 sa=0
| + sb=0 sd=0 mult=1 m=1
| XM_MIR4 PB EA_D2 AMP_ENN 0 sky130_fd_pr__nfet_g5v0d10v5 L=4 W=10 nf=2 ad=1.45 as=2.9 pd=10.58 ps=21.16 nrd=0.029 nrs=0.029 sa=0
| + sb=0 sd=0 mult=1 m=1
| XM_MIRP1 PB PB VIN VIN sky130_fd_pr__pfet_g5v0d10v5 L=4 W=20 nf=4 ad=2.9 as=4.35 pd=21.16 ps=31.74 nrd=0.0145 nrs=0.0145 sa=0 sb=0
| + sd=0 mult=1 m=1
| XM_MIRP2 EA_OUT PB VIN VIN sky130_fd_pr__pfet_g5v0d10v5 L=4 W=20 nf=4 ad=2.9 as=4.35 pd=21.16 ps=31.74 nrd=0.0145 nrs=0.0145 sa=0
| + sb=0 sd=0 mult=1 m=1
| XM_ENP5 PB EN VIN VIN sky130_fd_pr__pfet_g5v0d10v5 L=0.5 W=2 nf=1 ad=0.58 as=0.58 pd=4.58 ps=4.58 nrd=0.145 nrs=0.145 sa=0 sb=0
| + sd=0 mult=1 m=1
| XM_PASS VOUT EA_OUT VIN VIN sky130_fd_pr__pfet_g5v0d10v5 L=0.5 W=100 nf=25 ad=15.08 as=15.08 pd=111.54 ps=111.54 nrd=0.0029
| + nrs=0.0029 sa=0 sb=0 sd=0 mult=25 m=25
| C_COMP VOUT EA_CZ 150p m=1
| XR_CZ EA_CZ EA_OUT 0 sky130_fd_pr__res_xhigh_po W=0.42 L=52 mult=1 m=1
| XR_FB_A VOUT FB 0 sky130_fd_pr__res_xhigh_po W=0.42 L=180 mult=1 m=1
| XR_FB_B FB N_FBB 0 sky130_fd_pr__res_xhigh_po W=0.42 L=180 mult=1 m=1
| XR_FB_C N_FBB 0 0 sky130_fd_pr__res_xhigh_po W=0.42 L=180 mult=1 m=1
| XM_SENSE CL_SNS EA_OUT VIN VIN sky130_fd_pr__pfet_g5v0d10v5 L=0.5 W=0.42 nf=1 ad=0.1218 as=0.1218 pd=1.42 ps=1.42
| + nrd=0.69047619047619 nrs=0.69047619047619 sa=0 sb=0 sd=0 mult=1 m=1
| XM_CLN1 CL_SNS CL_SNS AMP_ENN 0 sky130_fd_pr__nfet_g5v0d10v5 L=1 W=20 nf=1 ad=5.8 as=5.8 pd=40.58 ps=40.58 nrd=0.0145 nrs=0.0145
| + sa=0 sb=0 sd=0 mult=1 m=1
| XM_CLN2 CL_CMP CL_SNS AMP_ENN 0 sky130_fd_pr__nfet_g5v0d10v5 L=1 W=1.6 nf=1 ad=0.464 as=0.464 pd=3.78 ps=3.78 nrd=0.18125
| + nrs=0.18125 sa=0 sb=0 sd=0 mult=1 m=1
| XM_CLP CL_CMP BIASP VIN VIN sky130_fd_pr__pfet_g5v0d10v5 L=1 W=10 nf=2 ad=1.45 as=2.9 pd=10.58 ps=21.16 nrd=0.029 nrs=0.029 sa=0
| + sb=0 sd=0 mult=1 m=1
| XM_CLIM EA_OUT CL_CMP VIN VIN sky130_fd_pr__pfet_g5v0d10v5 L=0.5 W=20 nf=4 ad=2.9 as=4.35 pd=21.16 ps=31.74 nrd=0.0145 nrs=0.0145
| + sa=0 sb=0 sd=0 mult=1 m=1
| XM_ENP3 CL_CMP EN VIN VIN sky130_fd_pr__pfet_g5v0d10v5 L=0.5 W=2 nf=1 ad=0.58 as=0.58 pd=4.58 ps=4.58 nrd=0.145 nrs=0.145 sa=0
| + sb=0 sd=0 mult=1 m=1
| C_CL VIN CL_CMP 1p m=1
| XM_INVP ENB EN VIN VIN sky130_fd_pr__pfet_g5v0d10v5 L=0.5 W=2 nf=1 ad=0.58 as=0.58 pd=4.58 ps=4.58 nrd=0.145 nrs=0.145 sa=0 sb=0
| + sd=0 mult=1 m=1
| XM_INVN ENB EN 0 0 sky130_fd_pr__nfet_g5v0d10v5 L=0.5 W=1 nf=1 ad=0.29 as=0.29 pd=2.58 ps=2.58 nrd=0.29 nrs=0.29 sa=0 sb=0 sd=0
| + mult=1 m=1
| XM_SSDIS SS ENB 0 0 sky130_fd_pr__nfet_g5v0d10v5 L=0.5 W=2 nf=1 ad=0.58 as=0.58 pd=4.58 ps=4.58 nrd=0.145 nrs=0.145 sa=0 sb=0 sd=0
| + mult=1 m=1
| XM_SSCHG SS BIASP VIN VIN sky130_fd_pr__pfet_g5v0d10v5 L=8 W=1 nf=1 ad=0.29 as=0.29 pd=2.58 ps=2.58 nrd=0.29 nrs=0.29 sa=0 sb=0
| + sd=0 mult=1 m=1
| C_SS SS 0 10p m=1
| XM_IN2S EA_D2 SS EA_TAIL VIN sky130_fd_pr__pfet_g5v0d10v5 L=2 W=10 nf=2 ad=1.45 as=2.9 pd=10.58 ps=21.16 nrd=0.029 nrs=0.029 sa=0
| + sb=0 sd=0 mult=1 m=1
| XM_TSPS TS_SNS BIASP VIN VIN sky130_fd_pr__pfet_g5v0d10v5 L=1 W=2.5 nf=1 ad=0.725 as=0.725 pd=5.58 ps=5.58 nrd=0.116 nrs=0.116
| + sa=0 sb=0 sd=0 mult=1 m=1
| XM_TSD1 TS_SNS TS_SNS TS_MID 0 sky130_fd_pr__nfet_g5v0d10v5 L=1 W=80 nf=16 ad=11.6 as=13.05 pd=84.64 ps=95.22 nrd=0.003625
| + nrs=0.003625 sa=0 sb=0 sd=0 mult=1 m=1
| XM_TSD2 TS_MID TS_MID AMP_ENN 0 sky130_fd_pr__nfet_g5v0d10v5 L=1 W=80 nf=16 ad=11.6 as=13.05 pd=84.64 ps=95.22 nrd=0.003625
| + nrs=0.003625 sa=0 sb=0 sd=0 mult=1 m=1
| XM_TSPR TS_REF BIASP VIN VIN sky130_fd_pr__pfet_g5v0d10v5 L=1 W=2.5 nf=1 ad=0.725 as=0.725 pd=5.58 ps=5.58 nrd=0.116 nrs=0.116
| + sa=0 sb=0 sd=0 mult=1 m=1
| XM_TSR1 TS_REF TS_REF AMP_ENN 0 sky130_fd_pr__nfet_g5v0d10v5 L=10 W=2 nf=1 ad=0.58 as=0.58 pd=4.58 ps=4.58 nrd=0.145 nrs=0.145
| + sa=0 sb=0 sd=0 mult=1 m=1
| XM_TCTAIL TC_TAIL NB AMP_ENN 0 sky130_fd_pr__nfet_g5v0d10v5 L=1 W=1 nf=1 ad=0.29 as=0.29 pd=2.58 ps=2.58 nrd=0.29 nrs=0.29 sa=0
| + sb=0 sd=0 mult=1 m=1
| XM_TCN1 TC_D1 TS_SNS TC_TAIL 0 sky130_fd_pr__nfet_g5v0d10v5 L=2 W=10 nf=2 ad=1.45 as=2.9 pd=10.58 ps=21.16 nrd=0.029 nrs=0.029
| + sa=0 sb=0 sd=0 mult=1 m=1
| XM_TCN2 TS_CMP TS_REF TC_TAIL 0 sky130_fd_pr__nfet_g5v0d10v5 L=2 W=10 nf=2 ad=1.45 as=2.9 pd=10.58 ps=21.16 nrd=0.029 nrs=0.029
| + sa=0 sb=0 sd=0 mult=1 m=1
| XM_TCP1 TC_D1 TC_D1 VIN VIN sky130_fd_pr__pfet_g5v0d10v5 L=2 W=10 nf=2 ad=1.45 as=2.9 pd=10.58 ps=21.16 nrd=0.029 nrs=0.029 sa=0
| + sb=0 sd=0 mult=1 m=1
| XM_TCP2 TS_CMP TC_D1 VIN VIN sky130_fd_pr__pfet_g5v0d10v5 L=2 W=10 nf=2 ad=1.45 as=2.9 pd=10.58 ps=21.16 nrd=0.029 nrs=0.029 sa=0
| + sb=0 sd=0 mult=1 m=1
| XM_TSHUT EA_OUT TS_CMP VIN VIN sky130_fd_pr__pfet_g5v0d10v5 L=0.5 W=20 nf=4 ad=2.9 as=4.35 pd=21.16 ps=31.74 nrd=0.0145 nrs=0.0145
| + sa=0 sb=0 sd=0 mult=1 m=1
| XM_TSHYSB TS_HYS BIASP VIN VIN sky130_fd_pr__pfet_g5v0d10v5 L=2 W=1.5 nf=1 ad=0.435 as=0.435 pd=3.58 ps=3.58 nrd=0.193333333333333
| + nrs=0.193333333333333 sa=0 sb=0 sd=0 mult=1 m=1
| XM_TSHYS TS_REF TS_CMP TS_HYS VIN sky130_fd_pr__pfet_g5v0d10v5 L=0.5 W=2 nf=1 ad=0.58 as=0.58 pd=4.58 ps=4.58 nrd=0.145 nrs=0.145
| + sa=0 sb=0 sd=0 mult=1 m=1
| XM_ENP4 TS_CMP EN VIN VIN sky130_fd_pr__pfet_g5v0d10v5 L=0.5 W=2 nf=1 ad=0.58 as=0.58 pd=4.58 ps=4.58 nrd=0.145 nrs=0.145 sa=0
| + sb=0 sd=0 mult=1 m=1
| C_TS VIN TS_CMP 1p m=1
| .ends
| 
| .control
| save all
| * --- leg 1: C_out 0.33uF, 0 mA (feedback divider is the only preload) ---
| tran 10u 4m
| meas tran vpk max v(vout) from=100u to=4m
| meas tran vfloor min v(vout) from=3.1m to=4m
| meas tran tset when v(vout)=1.764 rise=1
| * --- leg 2: C_out 0.33uF, 50 mA ---
| alter rload = 36
| tran 10u 4m
| meas tran vpk max v(vout) from=100u to=4m
| meas tran vfloor min v(vout) from=3.1m to=4m
| meas tran tset when v(vout)=1.764 rise=1
| * --- leg 3: C_out 4.7uF, 0 mA ---
| alter cout = 4.7u
| alter rload = 1e12
| tran 10u 4m
| meas tran vpk max v(vout) from=100u to=4m
| meas tran vfloor min v(vout) from=3.1m to=4m
| meas tran tset when v(vout)=1.764 rise=1
| * --- leg 4: C_out 4.7uF, 50 mA ---
| alter rload = 36
| tran 10u 4m
| meas tran vpk max v(vout) from=100u to=4m
| meas tran vfloor min v(vout) from=3.1m to=4m
| meas tran tset when v(vout)=1.764 rise=1
| let meas_vpk_c033_0ma_v = tran1.vpk
| let meas_vfloor_c033_0ma_v = tran1.vfloor
| let meas_tramp_c033_0ma_ms = 1000*(tran1.tset - 100u)
| let meas_vpk_c033_50ma_v = tran2.vpk
| let meas_vfloor_c033_50ma_v = tran2.vfloor
| let meas_tramp_c033_50ma_ms = 1000*(tran2.tset - 100u)
| let meas_vpk_c47_0ma_v = tran3.vpk
| let meas_vfloor_c47_0ma_v = tran3.vfloor
| let meas_tramp_c47_0ma_ms = 1000*(tran3.tset - 100u)
| let meas_vpk_c47_50ma_v = tran4.vpk
| let meas_vfloor_c47_50ma_v = tran4.vfloor
| let meas_tramp_c47_50ma_ms = 1000*(tran4.tset - 100u)
| print meas_vpk_c033_0ma_v
| print meas_vfloor_c033_0ma_v
| print meas_tramp_c033_0ma_ms
| print meas_vpk_c033_50ma_v
| print meas_vfloor_c033_50ma_v
| print meas_tramp_c033_50ma_ms
| print meas_vpk_c47_0ma_v
| print meas_vfloor_c47_0ma_v
| print meas_tramp_c47_0ma_ms
| print meas_vpk_c47_50ma_v
| print meas_vfloor_c47_50ma_v
| print meas_tramp_c47_50ma_ms
| quit
| .endc
| .end

# ==== ngspice stdout ====

Note: Compatibility modes selected: hs a


Circuit: * startup corner deck -- generated by sim/bin/corner-run.py, do not edit

option SCALE: Scale is set to 1e-06 for instance and model parameters
option SCALE: Scale is set to 1e-06 for instance and model parameters
option SCALE: Scale is set to 1e-06 for instance and model parameters
option SCALE: Scale is set to 1e-06 for instance and model parameters
Doing analysis at TEMP = -40.000000 and TNOM = 27.000000

Using KLU as Direct Linear Solver
 Reference value :  0.00000e+00
 Reference value :  8.00000e-07
 Reference value :  1.28000e-05
 Reference value :  5.28000e-05
 Reference value :  9.14000e-05
 Reference value :  1.00100e-04
 Reference value :  1.00300e-04
 Reference value :  1.00410e-04
 Reference value :  1.00492e-04
 Reference value :  1.00555e-04
 Reference value :  1.00684e-04
 Reference value :  1.00761e-04
 Reference value :  1.00817e-04
 Reference value :  1.00857e-04
 Reference value :  1.00927e-04
 Reference value :  1.00981e-04
 Reference value :  1.01003e-04
 Reference value :  1.01023e-04
 Reference value :  1.01064e-04
 Reference value :  1.01383e-04
 Reference value :  1.02430e-04
 Reference value :  1.10452e-04
 Reference value :  1.20166e-04
 Reference value :  1.30148e-04
 Reference value :  1.42430e-04
 Reference value :  1.72430e-04
 Reference value :  1.92430e-04
 Reference value :  2.12430e-04
 Reference value :  2.42430e-04
 Reference value :  2.72430e-04
 Reference value :  3.02430e-04
 Reference value :  3.22430e-04
 Reference value :  3.42430e-04
 Reference value :  3.72430e-04
 Reference value :  3.92430e-04
 Reference value :  4.12430e-04
 Reference value :  4.32430e-04
 Reference value :  4.62430e-04
 Reference value :  4.92430e-04
 Reference value :  5.12430e-04
 Reference value :  5.32430e-04
 Reference value :  5.52430e-04
 Reference value :  5.72430e-04
 Reference value :  5.92430e-04
 Reference value :  6.12430e-04
 Reference value :  6.42430e-04
 Reference value :  6.62430e-04
 Reference value :  6.82430e-04
 Reference value :  7.12430e-04
 Reference value :  7.52430e-04
 Reference value :  7.82430e-04
 Reference value :  8.12430e-04
 Reference value :  8.42430e-04
 Reference value :  8.82430e-04
 Reference value :  9.32430e-04
 Reference value :  9.72430e-04
 Reference value :  1.01243e-03
 Reference value :  1.05243e-03
 Reference value :  1.08243e-03
 Reference value :  1.11243e-03
 Reference value :  1.14243e-03
 Reference value :  1.17243e-03
 Reference value :  1.21243e-03
 Reference value :  1.24243e-03
 Reference value :  1.27243e-03
 Reference value :  1.31243e-03
 Reference value :  1.34243e-03
 Reference value :  1.37243e-03
 Reference value :  1.40243e-03
 Reference value :  1.44243e-03
 Reference value :  1.47243e-03
 Reference value :  1.51243e-03
 Reference value :  1.55243e-03
 Reference value :  1.58243e-03
 Reference value :  1.61243e-03
 Reference value :  1.64243e-03
 Reference value :  1.67243e-03
 Reference value :  1.71243e-03
 Reference value :  1.75243e-03
 Reference value :  1.79243e-03
 Reference value :  1.82243e-03
 Reference value :  1.86243e-03
 Reference value :  1.90243e-03
 Reference value :  1.94243e-03
 Reference value :  1.98243e-03
 Reference value :  2.02243e-03
 Reference value :  2.06243e-03
 Reference value :  2.10243e-03
 Reference value :  2.14243e-03
 Reference value :  2.18243e-03
 Reference value :  2.22243e-03
 Reference value :  2.25243e-03
 Reference value :  2.29243e-03
 Reference value :  2.33243e-03
 Reference value :  2.37243e-03
 Reference value :  2.41243e-03
 Reference value :  2.45243e-03
 Reference value :  2.49243e-03
 Reference value :  2.53243e-03
 Reference value :  2.57243e-03
 Reference value :  2.62243e-03
 Reference value :  2.67243e-03
 Reference value :  2.71243e-03
 Reference value :  2.74243e-03
 Reference value :  2.78243e-03
 Reference value :  2.82243e-03
 Reference value :  2.86243e-03
 Reference value :  2.90243e-03
 Reference value :  2.94243e-03
 Reference value :  2.98243e-03
 Reference value :  3.02243e-03
 Reference value :  3.06243e-03
 Reference value :  3.10243e-03
 Reference value :  3.14243e-03
 Reference value :  3.18243e-03
 Reference value :  3.23243e-03
 Reference value :  3.28243e-03
 Reference value :  3.32243e-03
 Reference value :  3.37243e-03
 Reference value :  3.42243e-03
 Reference value :  3.47243e-03
 Reference value :  3.51243e-03
 Reference value :  3.55243e-03
 Reference value :  3.59243e-03
 Reference value :  3.63243e-03
 Reference value :  3.66243e-03
 Reference value :  3.69243e-03
 Reference value :  3.72243e-03
 Reference value :  3.76243e-03
 Reference value :  3.80243e-03
 Reference value :  3.84243e-03
 Reference value :  3.88243e-03
 Reference value :  3.92243e-03
 Reference value :  3.96243e-03
 Reference value :  4.00000e-03
No. of Data Rows : 438
vpk                 =  1.80780e+00 at=  6.62430e-04
vfloor              =  1.80220e+00 at=  4.00000e-03
tset                =  3.39979e-04
Doing analysis at TEMP = -40.000000 and TNOM = 27.000000

Using KLU as Direct Linear Solver
 Reference value :  0.00000e+00
 Reference value :  8.00000e-07
 Reference value :  6.40000e-06
 Reference value :  4.28000e-05
 Reference value :  8.28000e-05
 Reference value :  1.00100e-04
 Reference value :  1.00300e-04
 Reference value :  1.00410e-04
 Reference value :  1.00492e-04
 Reference value :  1.00555e-04
 Reference value :  1.00684e-04
 Reference value :  1.00761e-04
 Reference value :  1.00817e-04
 Reference value :  1.00857e-04
 Reference value :  1.00927e-04
 Reference value :  1.00981e-04
 Reference value :  1.01003e-04
 Reference value :  1.01023e-04
 Reference value :  1.01064e-04
 Reference value :  1.01384e-04
 Reference value :  1.03731e-04
 Reference value :  1.10601e-04
 Reference value :  1.19902e-04
 Reference value :  1.29429e-04
 Reference value :  1.42900e-04
 Reference value :  1.72900e-04
 Reference value :  2.02900e-04
 Reference value :  2.42900e-04
 Reference value :  2.72900e-04
 Reference value :  3.12900e-04
 Reference value :  3.42900e-04
 Reference value :  3.82900e-04
 Reference value :  4.22900e-04
 Reference value :  4.62900e-04
 Reference value :  5.02900e-04
 Reference value :  5.42900e-04
 Reference value :  5.82900e-04
 Reference value :  6.22900e-04
 Reference value :  6.62900e-04
 Reference value :  7.02900e-04
 Reference value :  7.42900e-04
 Reference value :  7.82900e-04
 Reference value :  8.22900e-04
 Reference value :  8.62900e-04
 Reference value :  9.02900e-04
 Reference value :  9.42900e-04
 Reference value :  9.82900e-04
 Reference value :  1.02290e-03
 Reference value :  1.06290e-03
 Reference value :  1.10290e-03
 Reference value :  1.14290e-03
 Reference value :  1.18290e-03
 Reference value :  1.22290e-03
 Reference value :  1.26290e-03
 Reference value :  1.30290e-03
 Reference value :  1.33290e-03
 Reference value :  1.36290e-03
 Reference value :  1.39290e-03
 Reference value :  1.43290e-03
 Reference value :  1.46290e-03
 Reference value :  1.50290e-03
 Reference value :  1.55290e-03
 Reference value :  1.60290e-03
 Reference value :  1.65290e-03
 Reference value :  1.69290e-03
 Reference value :  1.73290e-03
 Reference value :  1.77290e-03
 Reference value :  1.81290e-03
 Reference value :  1.85290e-03
 Reference value :  1.89290e-03
 Reference value :  1.93290e-03
 Reference value :  1.97290e-03
 Reference value :  2.01290e-03
 Reference value :  2.05290e-03
 Reference value :  2.10290e-03
 Reference value :  2.14290e-03
 Reference value :  2.18290e-03
 Reference value :  2.22290e-03
 Reference value :  2.25290e-03
 Reference value :  2.29290e-03
 Reference value :  2.33290e-03
 Reference value :  2.37290e-03
 Reference value :  2.42290e-03
 Reference value :  2.46290e-03
 Reference value :  2.50290e-03
 Reference value :  2.54290e-03
 Reference value :  2.58290e-03
 Reference value :  2.63290e-03
 Reference value :  2.67290e-03
 Reference value :  2.71290e-03
 Reference value :  2.74290e-03
 Reference value :  2.77290e-03
 Reference value :  2.81290e-03
 Reference value :  2.85290e-03
 Reference value :  2.91290e-03
 Reference value :  2.96290e-03
 Reference value :  3.00290e-03
 Reference value :  3.04290e-03
 Reference value :  3.09290e-03
 Reference value :  3.15290e-03
 Reference value :  3.19290e-03
 Reference value :  3.24290e-03
 Reference value :  3.28290e-03
 Reference value :  3.32290e-03
 Reference value :  3.36290e-03
 Reference value :  3.40290e-03
 Reference value :  3.45290e-03
 Reference value :  3.49290e-03
 Reference value :  3.53290e-03
 Reference value :  3.57290e-03
 Reference value :  3.61290e-03
 Reference value :  3.65290e-03
 Reference value :  3.69290e-03
 Reference value :  3.73290e-03
 Reference value :  3.77290e-03
 Reference value :  3.81290e-03
 Reference value :  3.85290e-03
 Reference value :  3.89290e-03
 Reference value :  3.92290e-03
 Reference value :  3.96290e-03
 Reference value :  4.00000e-03
No. of Data Rows : 438
vpk                 =  1.79855e+00 at=  8.82900e-04
vfloor              =  1.79850e+00 at=  3.99145e-03
tset                =  3.66905e-04
Doing analysis at TEMP = -40.000000 and TNOM = 27.000000

Using KLU as Direct Linear Solver
 Reference value :  0.00000e+00
 Reference value :  8.00000e-07
 Reference value :  1.28000e-05
 Reference value :  5.28000e-05
 Reference value :  9.14000e-05
 Reference value :  1.00300e-04
 Reference value :  1.00410e-04
 Reference value :  1.00492e-04
 Reference value :  1.00555e-04
 Reference value :  1.00684e-04
 Reference value :  1.00761e-04
 Reference value :  1.00817e-04
 Reference value :  1.00857e-04
 Reference value :  1.00927e-04
 Reference value :  1.00981e-04
 Reference value :  1.01003e-04
 Reference value :  1.01023e-04
 Reference value :  1.01114e-04
 Reference value :  1.01383e-04
 Reference value :  1.02430e-04
 Reference value :  1.10452e-04
 Reference value :  1.20075e-04
 Reference value :  1.25023e-04
 Reference value :  1.36581e-04
 Reference value :  1.56581e-04
 Reference value :  1.86581e-04
 Reference value :  2.16581e-04
 Reference value :  2.46581e-04
 Reference value :  2.76581e-04
 Reference value :  3.06581e-04
 Reference value :  3.36581e-04
 Reference value :  3.66581e-04
 Reference value :  3.96581e-04
 Reference value :  4.16581e-04
 Reference value :  4.46581e-04
 Reference value :  4.66581e-04
 Reference value :  4.96581e-04
 Reference value :  5.16581e-04
 Reference value :  5.36581e-04
 Reference value :  5.56581e-04
 Reference value :  5.76581e-04
 Reference value :  5.96581e-04
 Reference value :  6.26581e-04
 Reference value :  6.56581e-04
 Reference value :  6.86581e-04
 Reference value :  7.26581e-04
 Reference value :  7.66581e-04
 Reference value :  8.06581e-04
 Reference value :  8.36581e-04
 Reference value :  8.66581e-04
 Reference value :  9.06581e-04
 Reference value :  9.36581e-04
 Reference value :  9.76581e-04
 Reference value :  1.01658e-03
 Reference value :  1.04658e-03
 Reference value :  1.07658e-03
 Reference value :  1.10658e-03
 Reference value :  1.13658e-03
 Reference value :  1.16658e-03
 Reference value :  1.19658e-03
 Reference value :  1.23658e-03
 Reference value :  1.26658e-03
 Reference value :  1.29658e-03
 Reference value :  1.33658e-03
 Reference value :  1.36658e-03
 Reference value :  1.40658e-03
 Reference value :  1.43658e-03
 Reference value :  1.46658e-03
 Reference value :  1.49658e-03
 Reference value :  1.53658e-03
 Reference value :  1.57658e-03
 Reference value :  1.60658e-03
 Reference value :  1.63658e-03
 Reference value :  1.66658e-03
 Reference value :  1.69658e-03
 Reference value :  1.73658e-03
 Reference value :  1.76658e-03
 Reference value :  1.79658e-03
 Reference value :  1.83658e-03
 Reference value :  1.87658e-03
 Reference value :  1.90658e-03
 Reference value :  1.93658e-03
 Reference value :  1.97658e-03
 Reference value :  2.00658e-03
 Reference value :  2.04658e-03
 Reference value :  2.07658e-03
 Reference value :  2.10658e-03
 Reference value :  2.14658e-03
 Reference value :  2.18658e-03
 Reference value :  2.21658e-03
 Reference value :  2.25658e-03
 Reference value :  2.29658e-03
 Reference value :  2.33658e-03
 Reference value :  2.36658e-03
 Reference value :  2.39658e-03
 Reference value :  2.43658e-03
 Reference value :  2.47658e-03
 Reference value :  2.51658e-03
 Reference value :  2.55658e-03
 Reference value :  2.58658e-03
 Reference value :  2.61658e-03
 Reference value :  2.64658e-03
 Reference value :  2.68658e-03
 Reference value :  2.72658e-03
 Reference value :  2.76658e-03
 Reference value :  2.80658e-03
 Reference value :  2.84658e-03
 Reference value :  2.88658e-03
 Reference value :  2.91658e-03
 Reference value :  2.95658e-03
 Reference value :  2.98658e-03
 Reference value :  3.01658e-03
 Reference value :  3.05658e-03
 Reference value :  3.09658e-03
 Reference value :  3.13658e-03
 Reference value :  3.17658e-03
 Reference value :  3.20658e-03
 Reference value :  3.23658e-03
 Reference value :  3.26658e-03
 Reference value :  3.29658e-03
 Reference value :  3.32658e-03
 Reference value :  3.36658e-03
 Reference value :  3.39658e-03
 Reference value :  3.42658e-03
 Reference value :  3.45658e-03
 Reference value :  3.49658e-03
 Reference value :  3.53658e-03
 Reference value :  3.56658e-03
 Reference value :  3.59658e-03
 Reference value :  3.63658e-03
 Reference value :  3.66658e-03
 Reference value :  3.69658e-03
 Reference value :  3.72658e-03
 Reference value :  3.76658e-03
 Reference value :  3.79658e-03
 Reference value :  3.83658e-03
 Reference value :  3.86658e-03
 Reference value :  3.89658e-03
 Reference value :  3.92658e-03
 Reference value :  3.95658e-03
 Reference value :  3.99329e-03
No. of Data Rows : 438
vpk                 =  1.81577e+00 at=  5.76581e-04
vfloor              =  1.81537e+00 at=  4.00000e-03
tset                =  3.29213e-04
Doing analysis at TEMP = -40.000000 and TNOM = 27.000000

Using KLU as Direct Linear Solver
 Reference value :  0.00000e+00
 Reference value :  4.00000e-07
 Reference value :  6.40000e-06
 Reference value :  3.28000e-05
 Reference value :  7.28000e-05
 Reference value :  1.00100e-04
 Reference value :  1.00300e-04
 Reference value :  1.00410e-04
 Reference value :  1.00492e-04
 Reference value :  1.00555e-04
 Reference value :  1.00684e-04
 Reference value :  1.00765e-04
 Reference value :  1.00823e-04
 Reference value :  1.00864e-04
 Reference value :  1.00941e-04
 Reference value :  1.01000e-04
 Reference value :  1.01010e-04
 Reference value :  1.01022e-04
 Reference value :  1.01060e-04
 Reference value :  1.01323e-04
 Reference value :  1.03163e-04
 Reference value :  1.14387e-04
 Reference value :  1.19654e-04
 Reference value :  1.30165e-04
 Reference value :  1.54449e-04
 Reference value :  1.84449e-04
 Reference value :  2.14449e-04
 Reference value :  2.44449e-04
 Reference value :  2.74449e-04
 Reference value :  3.04449e-04
 Reference value :  3.34449e-04
 Reference value :  3.74449e-04
 Reference value :  4.04449e-04
 Reference value :  4.34449e-04
 Reference value :  4.54449e-04
 Reference value :  4.84449e-04
 Reference value :  5.14449e-04
 Reference value :  5.44449e-04
 Reference value :  5.74449e-04
 Reference value :  6.04449e-04
 Reference value :  6.34449e-04
 Reference value :  6.64449e-04
 Reference value :  6.94449e-04
 Reference value :  7.24449e-04
 Reference value :  7.54449e-04
 Reference value :  7.84449e-04
 Reference value :  8.04449e-04
 Reference value :  8.24449e-04
 Reference value :  8.54449e-04
 Reference value :  8.84449e-04
 Reference value :  9.14449e-04
 Reference value :  9.44449e-04
 Reference value :  9.74449e-04
 Reference value :  1.00445e-03
 Reference value :  1.03445e-03
 Reference value :  1.05445e-03
 Reference value :  1.08445e-03
 Reference value :  1.10445e-03
 Reference value :  1.13445e-03
 Reference value :  1.15445e-03
 Reference value :  1.18445e-03
 Reference value :  1.21445e-03
 Reference value :  1.24445e-03
 Reference value :  1.27445e-03
 Reference value :  1.30445e-03
 Reference value :  1.32445e-03
 Reference value :  1.35445e-03
 Reference value :  1.37445e-03
 Reference value :  1.40445e-03
 Reference value :  1.43445e-03
 Reference value :  1.45445e-03
 Reference value :  1.48445e-03
 Reference value :  1.50445e-03
 Reference value :  1.53445e-03
 Reference value :  1.56445e-03
 Reference value :  1.58445e-03
 Reference value :  1.60445e-03
 Reference value :  1.62445e-03
 Reference value :  1.65445e-03
 Reference value :  1.67445e-03
 Reference value :  1.70445e-03
 Reference value :  1.72445e-03
 Reference value :  1.75445e-03
 Reference value :  1.78445e-03
 Reference value :  1.80445e-03
 Reference value :  1.82445e-03
 Reference value :  1.85445e-03
 Reference value :  1.87445e-03
 Reference value :  1.90445e-03
 Reference value :  1.92445e-03
 Reference value :  1.94445e-03
 Reference value :  1.97445e-03
 Reference value :  2.00445e-03
 Reference value :  2.03445e-03
 Reference value :  2.05445e-03
 Reference value :  2.07445e-03
 Reference value :  2.10445e-03
 Reference value :  2.13445e-03
 Reference value :  2.16445e-03
 Reference value :  2.19445e-03
 Reference value :  2.21445e-03
 Reference value :  2.23445e-03
 Reference value :  2.26445e-03
 Reference value :  2.29445e-03
 Reference value :  2.32445e-03
 Reference value :  2.34445e-03
 Reference value :  2.37445e-03
 Reference value :  2.40445e-03
 Reference value :  2.43445e-03
 Reference value :  2.45445e-03
 Reference value :  2.47445e-03
 Reference value :  2.49445e-03
 Reference value :  2.51445e-03
 Reference value :  2.54445e-03
 Reference value :  2.57445e-03
 Reference value :  2.59445e-03
 Reference value :  2.61445e-03
 Reference value :  2.64445e-03
 Reference value :  2.67445e-03
 Reference value :  2.70445e-03
 Reference value :  2.72445e-03
 Reference value :  2.75445e-03
 Reference value :  2.78445e-03
 Reference value :  2.81445e-03
 Reference value :  2.84445e-03
 Reference value :  2.86445e-03
 Reference value :  2.88445e-03
 Reference value :  2.91445e-03
 Reference value :  2.94445e-03
 Reference value :  2.97445e-03
 Reference value :  3.00445e-03
 Reference value :  3.03445e-03
 Reference value :  3.06445e-03
 Reference value :  3.09445e-03
 Reference value :  3.12445e-03
 Reference value :  3.15445e-03
 Reference value :  3.18445e-03
 Reference value :  3.21445e-03
 Reference value :  3.24445e-03
 Reference value :  3.27445e-03
 Reference value :  3.30445e-03
 Reference value :  3.33445e-03
 Reference value :  3.36445e-03
 Reference value :  3.38445e-03
 Reference value :  3.41445e-03
 Reference value :  3.43445e-03
 Reference value :  3.46445e-03
 Reference value :  3.49445e-03
 Reference value :  3.52445e-03
 Reference value :  3.55445e-03
 Reference value :  3.58445e-03
 Reference value :  3.60445e-03
 Reference value :  3.63445e-03
 Reference value :  3.66445e-03
 Reference value :  3.68445e-03
 Reference value :  3.71445e-03
 Reference value :  3.74445e-03
 Reference value :  3.77445e-03
 Reference value :  3.79445e-03
 Reference value :  3.81445e-03
 Reference value :  3.83445e-03
 Reference value :  3.85445e-03
 Reference value :  3.88445e-03
 Reference value :  3.91445e-03
 Reference value :  3.93445e-03
 Reference value :  3.95445e-03
 Reference value :  3.98445e-03
No. of Data Rows : 437
vpk                 =  1.79845e+00 at=  4.00000e-03
vfloor              =  1.79838e+00 at=  3.11445e-03
tset                =  3.42563e-04
meas_vpk_c033_0ma_v = 1.807797e+00
meas_vfloor_c033_0ma_v = 1.802199e+00
meas_tramp_c033_0ma_ms = 2.399790e-01
meas_vpk_c033_50ma_v = 1.798552e+00
meas_vfloor_c033_50ma_v = 1.798498e+00
meas_tramp_c033_50ma_ms = 2.669054e-01
meas_vpk_c47_0ma_v = 1.815766e+00
meas_vfloor_c47_0ma_v = 1.815366e+00
meas_tramp_c47_0ma_ms = 2.292127e-01
meas_vpk_c47_50ma_v = 1.798445e+00
meas_vfloor_c47_50ma_v = 1.798382e+00
meas_tramp_c47_50ma_ms = 2.425632e-01
ngspice-46 done

# ==== ngspice stderr ====
Note: Starting dynamic gmin stepping
Note: Dynamic gmin stepping completed
Note: Starting dynamic gmin stepping
Note: Dynamic gmin stepping completed
Note: Starting dynamic gmin stepping
Note: Dynamic gmin stepping completed
Note: Starting dynamic gmin stepping
Note: Dynamic gmin stepping completed
