# corner: tt_-40c_3.30v
# process=tt temp=-40C supply=3.30V
# ngspice exit: 0
# wall clock: 142.1s (--timeout was 300s)
# result: PASS

# ==== deck (exact input given to ngspice) ====
| * startup corner deck -- generated by sim/bin/corner-run.py, do not edit
| * corner: tt_-40c_3.30v
| .param vsup=3.3
| .option wnflag=1
| .temp -40
| .lib "/home/ubuntu/.volare/sky130A/libs.tech/combined/sky130.lib.spice" tt
| ** sch_path: sim/startup/testbench/tb_startup.sch
| **.subckt tb_startup
| VVIN VIN 0 'vsup'
| .save i(vvin)
| VEN EN 0 PULSE(0 'vsup' 100u 1u 1u 100 200)
| .save i(ven)
| VVREF VREF 0 1.2
| .save i(vvref)
| xldo VOUT VREF EN VIN ldo_3v3in_1v8out
| COUT VOUT VESR 0.33u m=1
| RESR VESR 0 10m m=1
| RLOAD VOUT 0 1e12 m=1
| **.ends
| 
| * expanding   symbol:  design/ldo_3v3in_1v8out.sym # of pins=4
| ** sym_path: design/ldo_3v3in_1v8out.sym
| ** sch_path: design/ldo_3v3in_1v8out.sch
| .subckt ldo_3v3in_1v8out VOUT VREF EN VIN
| *.ipin VIN
| *.ipin EN
| *.ipin VREF
| *.opin VOUT
| XR_BIAS VIN NB 0 sky130_fd_pr__res_high_po W=0.42 L=1500 mult=1 m=1
| XM_BIASN1 NB NB BIAS_ENN 0 sky130_fd_pr__nfet_g5v0d10v5 L=1 W=4 nf=1 ad=1.16 as=1.16 pd=8.58 ps=8.58 nrd=0.0725 nrs=0.0725 sa=0
| + sb=0 sd=0 mult=1 m=1
| XM_ENN BIAS_ENN EN 0 0 sky130_fd_pr__nfet_g5v0d10v5 L=0.5 W=10 nf=1 ad=2.9 as=2.9 pd=20.58 ps=20.58 nrd=0.029 nrs=0.029 sa=0 sb=0
| + sd=0 mult=1 m=1
| XM_BIASN2 BIASP NB BIAS_ENN 0 sky130_fd_pr__nfet_g5v0d10v5 L=1 W=4 nf=1 ad=1.16 as=1.16 pd=8.58 ps=8.58 nrd=0.0725 nrs=0.0725 sa=0
| + sb=0 sd=0 mult=1 m=1
| XM_BIASP1 BIASP BIASP VIN VIN sky130_fd_pr__pfet_g5v0d10v5 L=1 W=10 nf=2 ad=1.45 as=2.9 pd=10.58 ps=21.16 nrd=0.029 nrs=0.029 sa=0
| + sb=0 sd=0 mult=1 m=1
| XM_ENP2 BIASP EN VIN VIN sky130_fd_pr__pfet_g5v0d10v5 L=0.5 W=10 nf=1 ad=2.9 as=2.9 pd=20.58 ps=20.58 nrd=0.029 nrs=0.029 sa=0
| + sb=0 sd=0 mult=1 m=1
| XM_TAIL EA_TAIL BIASP VIN VIN sky130_fd_pr__pfet_g5v0d10v5 L=2 W=40 nf=8 ad=5.8 as=7.25 pd=42.32 ps=52.9 nrd=0.00725 nrs=0.00725
| + sa=0 sb=0 sd=0 mult=1 m=1
| XM_IN1 EA_D1 FB EA_TAIL VIN sky130_fd_pr__pfet_g5v0d10v5 L=2 W=10 nf=2 ad=1.45 as=2.9 pd=10.58 ps=21.16 nrd=0.029 nrs=0.029 sa=0
| + sb=0 sd=0 mult=1 m=1
| XM_IN2 EA_D2 VREF EA_TAIL VIN sky130_fd_pr__pfet_g5v0d10v5 L=2 W=10 nf=2 ad=1.45 as=2.9 pd=10.58 ps=21.16 nrd=0.029 nrs=0.029 sa=0
| + sb=0 sd=0 mult=1 m=1
| XM_MIR1 EA_D1 EA_D1 AMP_ENN 0 sky130_fd_pr__nfet_g5v0d10v5 L=4 W=10 nf=2 ad=1.45 as=2.9 pd=10.58 ps=21.16 nrd=0.029 nrs=0.029 sa=0
| + sb=0 sd=0 mult=1 m=1
| XM_MIR2 EA_OUT EA_D1 AMP_ENN 0 sky130_fd_pr__nfet_g5v0d10v5 L=4 W=10 nf=2 ad=1.45 as=2.9 pd=10.58 ps=21.16 nrd=0.029 nrs=0.029
| + sa=0 sb=0 sd=0 mult=1 m=1
| XM_ENN2 AMP_ENN EN 0 0 sky130_fd_pr__nfet_g5v0d10v5 L=0.5 W=10 nf=1 ad=2.9 as=2.9 pd=20.58 ps=20.58 nrd=0.029 nrs=0.029 sa=0 sb=0
| + sd=0 mult=1 m=1
| XM_ENP EA_OUT EN VIN VIN sky130_fd_pr__pfet_g5v0d10v5 L=0.5 W=10 nf=1 ad=2.9 as=2.9 pd=20.58 ps=20.58 nrd=0.029 nrs=0.029 sa=0
| + sb=0 sd=0 mult=1 m=1
| XM_MIR3 EA_D2 EA_D2 AMP_ENN 0 sky130_fd_pr__nfet_g5v0d10v5 L=4 W=10 nf=2 ad=1.45 as=2.9 pd=10.58 ps=21.16 nrd=0.029 nrs=0.029 sa=0
| + sb=0 sd=0 mult=1 m=1
| XM_MIR4 PB EA_D2 AMP_ENN 0 sky130_fd_pr__nfet_g5v0d10v5 L=4 W=10 nf=2 ad=1.45 as=2.9 pd=10.58 ps=21.16 nrd=0.029 nrs=0.029 sa=0
| + sb=0 sd=0 mult=1 m=1
| XM_MIRP1 PB PB VIN VIN sky130_fd_pr__pfet_g5v0d10v5 L=4 W=20 nf=4 ad=2.9 as=4.35 pd=21.16 ps=31.74 nrd=0.0145 nrs=0.0145 sa=0 sb=0
| + sd=0 mult=1 m=1
| XM_MIRP2 EA_OUT PB VIN VIN sky130_fd_pr__pfet_g5v0d10v5 L=4 W=20 nf=4 ad=2.9 as=4.35 pd=21.16 ps=31.74 nrd=0.0145 nrs=0.0145 sa=0
| + sb=0 sd=0 mult=1 m=1
| XM_ENP5 PB EN VIN VIN sky130_fd_pr__pfet_g5v0d10v5 L=0.5 W=2 nf=1 ad=0.58 as=0.58 pd=4.58 ps=4.58 nrd=0.145 nrs=0.145 sa=0 sb=0
| + sd=0 mult=1 m=1
| XM_PASS VOUT EA_OUT VIN VIN sky130_fd_pr__pfet_g5v0d10v5 L=0.5 W=100 nf=25 ad=15.08 as=15.08 pd=111.54 ps=111.54 nrd=0.0029
| + nrs=0.0029 sa=0 sb=0 sd=0 mult=25 m=25
| C_COMP VOUT EA_CZ 150p m=1
| XR_CZ EA_CZ EA_OUT 0 sky130_fd_pr__res_xhigh_po W=0.42 L=52 mult=1 m=1
| XR_FB_A VOUT FB 0 sky130_fd_pr__res_xhigh_po W=0.42 L=180 mult=1 m=1
| XR_FB_B FB N_FBB 0 sky130_fd_pr__res_xhigh_po W=0.42 L=180 mult=1 m=1
| XR_FB_C N_FBB 0 0 sky130_fd_pr__res_xhigh_po W=0.42 L=180 mult=1 m=1
| XM_SENSE CL_SNS EA_OUT VIN VIN sky130_fd_pr__pfet_g5v0d10v5 L=0.5 W=0.42 nf=1 ad=0.1218 as=0.1218 pd=1.42 ps=1.42
| + nrd=0.69047619047619 nrs=0.69047619047619 sa=0 sb=0 sd=0 mult=1 m=1
| XM_CLN1 CL_SNS CL_SNS AMP_ENN 0 sky130_fd_pr__nfet_g5v0d10v5 L=1 W=20 nf=1 ad=5.8 as=5.8 pd=40.58 ps=40.58 nrd=0.0145 nrs=0.0145
| + sa=0 sb=0 sd=0 mult=1 m=1
| XM_CLN2 CL_CMP CL_SNS AMP_ENN 0 sky130_fd_pr__nfet_g5v0d10v5 L=1 W=1.6 nf=1 ad=0.464 as=0.464 pd=3.78 ps=3.78 nrd=0.18125
| + nrs=0.18125 sa=0 sb=0 sd=0 mult=1 m=1
| XM_CLP CL_CMP BIASP VIN VIN sky130_fd_pr__pfet_g5v0d10v5 L=1 W=10 nf=2 ad=1.45 as=2.9 pd=10.58 ps=21.16 nrd=0.029 nrs=0.029 sa=0
| + sb=0 sd=0 mult=1 m=1
| XM_CLIM EA_OUT CL_CMP VIN VIN sky130_fd_pr__pfet_g5v0d10v5 L=0.5 W=20 nf=4 ad=2.9 as=4.35 pd=21.16 ps=31.74 nrd=0.0145 nrs=0.0145
| + sa=0 sb=0 sd=0 mult=1 m=1
| XM_ENP3 CL_CMP EN VIN VIN sky130_fd_pr__pfet_g5v0d10v5 L=0.5 W=2 nf=1 ad=0.58 as=0.58 pd=4.58 ps=4.58 nrd=0.145 nrs=0.145 sa=0
| + sb=0 sd=0 mult=1 m=1
| C_CL VIN CL_CMP 1p m=1
| XM_INVP ENB EN VIN VIN sky130_fd_pr__pfet_g5v0d10v5 L=0.5 W=2 nf=1 ad=0.58 as=0.58 pd=4.58 ps=4.58 nrd=0.145 nrs=0.145 sa=0 sb=0
| + sd=0 mult=1 m=1
| XM_INVN ENB EN 0 0 sky130_fd_pr__nfet_g5v0d10v5 L=0.5 W=1 nf=1 ad=0.29 as=0.29 pd=2.58 ps=2.58 nrd=0.29 nrs=0.29 sa=0 sb=0 sd=0
| + mult=1 m=1
| XM_SSDIS SS ENB 0 0 sky130_fd_pr__nfet_g5v0d10v5 L=0.5 W=2 nf=1 ad=0.58 as=0.58 pd=4.58 ps=4.58 nrd=0.145 nrs=0.145 sa=0 sb=0 sd=0
| + mult=1 m=1
| XM_SSCHG SS BIASP VIN VIN sky130_fd_pr__pfet_g5v0d10v5 L=8 W=1 nf=1 ad=0.29 as=0.29 pd=2.58 ps=2.58 nrd=0.29 nrs=0.29 sa=0 sb=0
| + sd=0 mult=1 m=1
| C_SS SS 0 10p m=1
| XM_IN2S EA_D2 SS EA_TAIL VIN sky130_fd_pr__pfet_g5v0d10v5 L=2 W=10 nf=2 ad=1.45 as=2.9 pd=10.58 ps=21.16 nrd=0.029 nrs=0.029 sa=0
| + sb=0 sd=0 mult=1 m=1
| XM_TSPS TS_SNS BIASP VIN VIN sky130_fd_pr__pfet_g5v0d10v5 L=1 W=2.5 nf=1 ad=0.725 as=0.725 pd=5.58 ps=5.58 nrd=0.116 nrs=0.116
| + sa=0 sb=0 sd=0 mult=1 m=1
| XM_TSD1 TS_SNS TS_SNS TS_MID 0 sky130_fd_pr__nfet_g5v0d10v5 L=1 W=80 nf=16 ad=11.6 as=13.05 pd=84.64 ps=95.22 nrd=0.003625
| + nrs=0.003625 sa=0 sb=0 sd=0 mult=1 m=1
| XM_TSD2 TS_MID TS_MID AMP_ENN 0 sky130_fd_pr__nfet_g5v0d10v5 L=1 W=80 nf=16 ad=11.6 as=13.05 pd=84.64 ps=95.22 nrd=0.003625
| + nrs=0.003625 sa=0 sb=0 sd=0 mult=1 m=1
| XM_TSPR TS_REF BIASP VIN VIN sky130_fd_pr__pfet_g5v0d10v5 L=1 W=2.5 nf=1 ad=0.725 as=0.725 pd=5.58 ps=5.58 nrd=0.116 nrs=0.116
| + sa=0 sb=0 sd=0 mult=1 m=1
| XM_TSR1 TS_REF TS_REF AMP_ENN 0 sky130_fd_pr__nfet_g5v0d10v5 L=10 W=2 nf=1 ad=0.58 as=0.58 pd=4.58 ps=4.58 nrd=0.145 nrs=0.145
| + sa=0 sb=0 sd=0 mult=1 m=1
| XM_TCTAIL TC_TAIL NB AMP_ENN 0 sky130_fd_pr__nfet_g5v0d10v5 L=1 W=1 nf=1 ad=0.29 as=0.29 pd=2.58 ps=2.58 nrd=0.29 nrs=0.29 sa=0
| + sb=0 sd=0 mult=1 m=1
| XM_TCN1 TC_D1 TS_SNS TC_TAIL 0 sky130_fd_pr__nfet_g5v0d10v5 L=2 W=10 nf=2 ad=1.45 as=2.9 pd=10.58 ps=21.16 nrd=0.029 nrs=0.029
| + sa=0 sb=0 sd=0 mult=1 m=1
| XM_TCN2 TS_CMP TS_REF TC_TAIL 0 sky130_fd_pr__nfet_g5v0d10v5 L=2 W=10 nf=2 ad=1.45 as=2.9 pd=10.58 ps=21.16 nrd=0.029 nrs=0.029
| + sa=0 sb=0 sd=0 mult=1 m=1
| XM_TCP1 TC_D1 TC_D1 VIN VIN sky130_fd_pr__pfet_g5v0d10v5 L=2 W=10 nf=2 ad=1.45 as=2.9 pd=10.58 ps=21.16 nrd=0.029 nrs=0.029 sa=0
| + sb=0 sd=0 mult=1 m=1
| XM_TCP2 TS_CMP TC_D1 VIN VIN sky130_fd_pr__pfet_g5v0d10v5 L=2 W=10 nf=2 ad=1.45 as=2.9 pd=10.58 ps=21.16 nrd=0.029 nrs=0.029 sa=0
| + sb=0 sd=0 mult=1 m=1
| XM_TSHUT EA_OUT TS_CMP VIN VIN sky130_fd_pr__pfet_g5v0d10v5 L=0.5 W=20 nf=4 ad=2.9 as=4.35 pd=21.16 ps=31.74 nrd=0.0145 nrs=0.0145
| + sa=0 sb=0 sd=0 mult=1 m=1
| XM_TSHYSB TS_HYS BIASP VIN VIN sky130_fd_pr__pfet_g5v0d10v5 L=2 W=1.5 nf=1 ad=0.435 as=0.435 pd=3.58 ps=3.58 nrd=0.193333333333333
| + nrs=0.193333333333333 sa=0 sb=0 sd=0 mult=1 m=1
| XM_TSHYS TS_REF TS_CMP TS_HYS VIN sky130_fd_pr__pfet_g5v0d10v5 L=0.5 W=2 nf=1 ad=0.58 as=0.58 pd=4.58 ps=4.58 nrd=0.145 nrs=0.145
| + sa=0 sb=0 sd=0 mult=1 m=1
| XM_ENP4 TS_CMP EN VIN VIN sky130_fd_pr__pfet_g5v0d10v5 L=0.5 W=2 nf=1 ad=0.58 as=0.58 pd=4.58 ps=4.58 nrd=0.145 nrs=0.145 sa=0
| + sb=0 sd=0 mult=1 m=1
| C_TS VIN TS_CMP 1p m=1
| .ends
| 
| .control
| save all
| * --- leg 1: C_out 0.33uF, 0 mA (feedback divider is the only preload) ---
| tran 10u 4m
| meas tran vpk max v(vout) from=100u to=4m
| meas tran vfloor min v(vout) from=3.1m to=4m
| meas tran tset when v(vout)=1.764 rise=1
| * --- leg 2: C_out 0.33uF, 50 mA ---
| alter rload = 36
| tran 10u 4m
| meas tran vpk max v(vout) from=100u to=4m
| meas tran vfloor min v(vout) from=3.1m to=4m
| meas tran tset when v(vout)=1.764 rise=1
| * --- leg 3: C_out 4.7uF, 0 mA ---
| alter cout = 4.7u
| alter rload = 1e12
| tran 10u 4m
| meas tran vpk max v(vout) from=100u to=4m
| meas tran vfloor min v(vout) from=3.1m to=4m
| meas tran tset when v(vout)=1.764 rise=1
| * --- leg 4: C_out 4.7uF, 50 mA ---
| alter rload = 36
| tran 10u 4m
| meas tran vpk max v(vout) from=100u to=4m
| meas tran vfloor min v(vout) from=3.1m to=4m
| meas tran tset when v(vout)=1.764 rise=1
| let meas_vpk_c033_0ma_v = tran1.vpk
| let meas_vfloor_c033_0ma_v = tran1.vfloor
| let meas_tramp_c033_0ma_ms = 1000*(tran1.tset - 100u)
| let meas_vpk_c033_50ma_v = tran2.vpk
| let meas_vfloor_c033_50ma_v = tran2.vfloor
| let meas_tramp_c033_50ma_ms = 1000*(tran2.tset - 100u)
| let meas_vpk_c47_0ma_v = tran3.vpk
| let meas_vfloor_c47_0ma_v = tran3.vfloor
| let meas_tramp_c47_0ma_ms = 1000*(tran3.tset - 100u)
| let meas_vpk_c47_50ma_v = tran4.vpk
| let meas_vfloor_c47_50ma_v = tran4.vfloor
| let meas_tramp_c47_50ma_ms = 1000*(tran4.tset - 100u)
| print meas_vpk_c033_0ma_v
| print meas_vfloor_c033_0ma_v
| print meas_tramp_c033_0ma_ms
| print meas_vpk_c033_50ma_v
| print meas_vfloor_c033_50ma_v
| print meas_tramp_c033_50ma_ms
| print meas_vpk_c47_0ma_v
| print meas_vfloor_c47_0ma_v
| print meas_tramp_c47_0ma_ms
| print meas_vpk_c47_50ma_v
| print meas_vfloor_c47_50ma_v
| print meas_tramp_c47_50ma_ms
| quit
| .endc
| .end

# ==== ngspice stdout ====

Note: Compatibility modes selected: hs a


Circuit: * startup corner deck -- generated by sim/bin/corner-run.py, do not edit

option SCALE: Scale is set to 1e-06 for instance and model parameters
option SCALE: Scale is set to 1e-06 for instance and model parameters
option SCALE: Scale is set to 1e-06 for instance and model parameters
option SCALE: Scale is set to 1e-06 for instance and model parameters
Doing analysis at TEMP = -40.000000 and TNOM = 27.000000

Using KLU as Direct Linear Solver
 Reference value :  0.00000e+00
 Reference value :  8.00000e-07
 Reference value :  1.28000e-05
 Reference value :  5.28000e-05
 Reference value :  9.14000e-05
 Reference value :  1.00300e-04
 Reference value :  1.00411e-04
 Reference value :  1.00493e-04
 Reference value :  1.00558e-04
 Reference value :  1.00680e-04
 Reference value :  1.00786e-04
 Reference value :  1.00818e-04
 Reference value :  1.00872e-04
 Reference value :  1.00923e-04
 Reference value :  1.00975e-04
 Reference value :  1.01010e-04
 Reference value :  1.01079e-04
 Reference value :  1.01301e-04
 Reference value :  1.02541e-04
 Reference value :  1.11307e-04
 Reference value :  1.21554e-04
 Reference value :  1.31707e-04
 Reference value :  1.45978e-04
 Reference value :  1.65370e-04
 Reference value :  1.95370e-04
 Reference value :  2.25370e-04
 Reference value :  2.55370e-04
 Reference value :  2.85370e-04
 Reference value :  3.15370e-04
 Reference value :  3.35370e-04
 Reference value :  3.65370e-04
 Reference value :  3.95370e-04
 Reference value :  4.25370e-04
 Reference value :  4.45370e-04
 Reference value :  4.75370e-04
 Reference value :  5.05370e-04
 Reference value :  5.25370e-04
 Reference value :  5.55370e-04
 Reference value :  5.75370e-04
 Reference value :  6.05370e-04
 Reference value :  6.35370e-04
 Reference value :  6.65370e-04
 Reference value :  6.95370e-04
 Reference value :  7.35370e-04
 Reference value :  7.65370e-04
 Reference value :  8.05370e-04
 Reference value :  8.35370e-04
 Reference value :  8.75370e-04
 Reference value :  9.15370e-04
 Reference value :  9.45370e-04
 Reference value :  9.85370e-04
 Reference value :  1.02537e-03
 Reference value :  1.06537e-03
 Reference value :  1.10537e-03
 Reference value :  1.14537e-03
 Reference value :  1.17537e-03
 Reference value :  1.20537e-03
 Reference value :  1.23537e-03
 Reference value :  1.26537e-03
 Reference value :  1.29537e-03
 Reference value :  1.33537e-03
 Reference value :  1.37537e-03
 Reference value :  1.41537e-03
 Reference value :  1.45537e-03
 Reference value :  1.49537e-03
 Reference value :  1.53537e-03
 Reference value :  1.56537e-03
 Reference value :  1.60537e-03
 Reference value :  1.64537e-03
 Reference value :  1.68537e-03
 Reference value :  1.72537e-03
 Reference value :  1.76537e-03
 Reference value :  1.80537e-03
 Reference value :  1.83537e-03
 Reference value :  1.87537e-03
 Reference value :  1.92537e-03
 Reference value :  1.96537e-03
 Reference value :  2.00537e-03
 Reference value :  2.04537e-03
 Reference value :  2.08537e-03
 Reference value :  2.12537e-03
 Reference value :  2.17537e-03
 Reference value :  2.22537e-03
 Reference value :  2.26537e-03
 Reference value :  2.31537e-03
 Reference value :  2.35537e-03
 Reference value :  2.39537e-03
 Reference value :  2.43537e-03
 Reference value :  2.48537e-03
 Reference value :  2.53537e-03
 Reference value :  2.58537e-03
 Reference value :  2.62537e-03
 Reference value :  2.66537e-03
 Reference value :  2.70537e-03
 Reference value :  2.74537e-03
 Reference value :  2.79537e-03
 Reference value :  2.83537e-03
 Reference value :  2.87537e-03
 Reference value :  2.91537e-03
 Reference value :  2.94537e-03
 Reference value :  2.98537e-03
 Reference value :  3.01537e-03
 Reference value :  3.04537e-03
 Reference value :  3.08537e-03
 Reference value :  3.12537e-03
 Reference value :  3.16537e-03
 Reference value :  3.20537e-03
 Reference value :  3.24537e-03
 Reference value :  3.28537e-03
 Reference value :  3.32537e-03
 Reference value :  3.36537e-03
 Reference value :  3.40537e-03
 Reference value :  3.44537e-03
 Reference value :  3.48537e-03
 Reference value :  3.51537e-03
 Reference value :  3.55537e-03
 Reference value :  3.58537e-03
 Reference value :  3.62537e-03
 Reference value :  3.65537e-03
 Reference value :  3.68537e-03
 Reference value :  3.72537e-03
 Reference value :  3.77537e-03
 Reference value :  3.81537e-03
 Reference value :  3.86537e-03
 Reference value :  3.90537e-03
 Reference value :  3.93537e-03
 Reference value :  3.97537e-03
 Reference value :  4.00000e-03
No. of Data Rows : 440
vpk                 =  1.80844e+00 at=  6.85370e-04
vfloor              =  1.80294e+00 at=  4.00000e-03
tset                =  3.64046e-04
Doing analysis at TEMP = -40.000000 and TNOM = 27.000000

Using KLU as Direct Linear Solver
 Reference value :  0.00000e+00
 Reference value :  8.00000e-07
 Reference value :  1.28000e-05
 Reference value :  4.28000e-05
 Reference value :  8.28000e-05
 Reference value :  1.00300e-04
 Reference value :  1.00411e-04
 Reference value :  1.00493e-04
 Reference value :  1.00558e-04
 Reference value :  1.00680e-04
 Reference value :  1.00786e-04
 Reference value :  1.00818e-04
 Reference value :  1.00873e-04
 Reference value :  1.00923e-04
 Reference value :  1.00975e-04
 Reference value :  1.01003e-04
 Reference value :  1.01023e-04
 Reference value :  1.01078e-04
 Reference value :  1.01301e-04
 Reference value :  1.02540e-04
 Reference value :  1.11300e-04
 Reference value :  1.21586e-04
 Reference value :  1.31888e-04
 Reference value :  1.46465e-04
 Reference value :  1.76465e-04
 Reference value :  2.16465e-04
 Reference value :  2.56465e-04
 Reference value :  2.86465e-04
 Reference value :  3.26465e-04
 Reference value :  3.56465e-04
 Reference value :  3.86465e-04
 Reference value :  4.16465e-04
 Reference value :  4.56465e-04
 Reference value :  4.86465e-04
 Reference value :  5.26465e-04
 Reference value :  5.66465e-04
 Reference value :  5.96465e-04
 Reference value :  6.36465e-04
 Reference value :  6.76465e-04
 Reference value :  7.06465e-04
 Reference value :  7.46465e-04
 Reference value :  7.86465e-04
 Reference value :  8.26465e-04
 Reference value :  8.56465e-04
 Reference value :  8.96465e-04
 Reference value :  9.26465e-04
 Reference value :  9.66465e-04
 Reference value :  9.96465e-04
 Reference value :  1.03646e-03
 Reference value :  1.06646e-03
 Reference value :  1.09646e-03
 Reference value :  1.12646e-03
 Reference value :  1.15646e-03
 Reference value :  1.18646e-03
 Reference value :  1.22646e-03
 Reference value :  1.26646e-03
 Reference value :  1.30646e-03
 Reference value :  1.34646e-03
 Reference value :  1.38646e-03
 Reference value :  1.41646e-03
 Reference value :  1.44646e-03
 Reference value :  1.47646e-03
 Reference value :  1.50646e-03
 Reference value :  1.54646e-03
 Reference value :  1.58646e-03
 Reference value :  1.61646e-03
 Reference value :  1.65646e-03
 Reference value :  1.69646e-03
 Reference value :  1.73646e-03
 Reference value :  1.77646e-03
 Reference value :  1.80646e-03
 Reference value :  1.84646e-03
 Reference value :  1.88646e-03
 Reference value :  1.92646e-03
 Reference value :  1.95646e-03
 Reference value :  1.98646e-03
 Reference value :  2.02646e-03
 Reference value :  2.06646e-03
 Reference value :  2.09646e-03
 Reference value :  2.12646e-03
 Reference value :  2.15646e-03
 Reference value :  2.18646e-03
 Reference value :  2.22646e-03
 Reference value :  2.26646e-03
 Reference value :  2.30646e-03
 Reference value :  2.34646e-03
 Reference value :  2.38646e-03
 Reference value :  2.42646e-03
 Reference value :  2.46646e-03
 Reference value :  2.51646e-03
 Reference value :  2.55646e-03
 Reference value :  2.59646e-03
 Reference value :  2.63646e-03
 Reference value :  2.66646e-03
 Reference value :  2.70646e-03
 Reference value :  2.73646e-03
 Reference value :  2.76646e-03
 Reference value :  2.80646e-03
 Reference value :  2.84646e-03
 Reference value :  2.87646e-03
 Reference value :  2.91646e-03
 Reference value :  2.95646e-03
 Reference value :  2.99646e-03
 Reference value :  3.02646e-03
 Reference value :  3.06646e-03
 Reference value :  3.09646e-03
 Reference value :  3.13646e-03
 Reference value :  3.18646e-03
 Reference value :  3.22646e-03
 Reference value :  3.26646e-03
 Reference value :  3.30646e-03
 Reference value :  3.34646e-03
 Reference value :  3.39646e-03
 Reference value :  3.43646e-03
 Reference value :  3.47646e-03
 Reference value :  3.50646e-03
 Reference value :  3.54646e-03
 Reference value :  3.58646e-03
 Reference value :  3.62646e-03
 Reference value :  3.65646e-03
 Reference value :  3.68646e-03
 Reference value :  3.71646e-03
 Reference value :  3.75646e-03
 Reference value :  3.79646e-03
 Reference value :  3.83646e-03
 Reference value :  3.87646e-03
 Reference value :  3.91646e-03
 Reference value :  3.95646e-03
 Reference value :  3.99323e-03
No. of Data Rows : 440
vpk                 =  1.79836e+00 at=  9.96465e-04
vfloor              =  1.79833e+00 at=  3.99323e-03
tset                =  3.92466e-04
Doing analysis at TEMP = -40.000000 and TNOM = 27.000000

Using KLU as Direct Linear Solver
 Reference value :  0.00000e+00
 Reference value :  8.00000e-07
 Reference value :  1.28000e-05
 Reference value :  4.28000e-05
 Reference value :  7.28000e-05
 Reference value :  1.00000e-04
 Reference value :  1.00300e-04
 Reference value :  1.00411e-04
 Reference value :  1.00493e-04
 Reference value :  1.00558e-04
 Reference value :  1.00680e-04
 Reference value :  1.00786e-04
 Reference value :  1.00818e-04
 Reference value :  1.00872e-04
 Reference value :  1.00923e-04
 Reference value :  1.00975e-04
 Reference value :  1.01010e-04
 Reference value :  1.01079e-04
 Reference value :  1.01576e-04
 Reference value :  1.02541e-04
 Reference value :  1.11307e-04
 Reference value :  1.22605e-04
 Reference value :  1.29755e-04
 Reference value :  1.44504e-04
 Reference value :  1.74504e-04
 Reference value :  2.04504e-04
 Reference value :  2.34504e-04
 Reference value :  2.74504e-04
 Reference value :  3.14504e-04
 Reference value :  3.44504e-04
 Reference value :  3.74504e-04
 Reference value :  4.04504e-04
 Reference value :  4.34504e-04
 Reference value :  4.64504e-04
 Reference value :  4.94504e-04
 Reference value :  5.24504e-04
 Reference value :  5.54504e-04
 Reference value :  5.74504e-04
 Reference value :  5.94504e-04
 Reference value :  6.14504e-04
 Reference value :  6.54504e-04
 Reference value :  6.94504e-04
 Reference value :  7.44504e-04
 Reference value :  7.84504e-04
 Reference value :  8.24504e-04
 Reference value :  8.54504e-04
 Reference value :  8.84504e-04
 Reference value :  9.14504e-04
 Reference value :  9.54504e-04
 Reference value :  9.94504e-04
 Reference value :  1.03450e-03
 Reference value :  1.07450e-03
 Reference value :  1.11450e-03
 Reference value :  1.15450e-03
 Reference value :  1.19450e-03
 Reference value :  1.25450e-03
 Reference value :  1.31450e-03
 Reference value :  1.35450e-03
 Reference value :  1.39450e-03
 Reference value :  1.43450e-03
 Reference value :  1.46450e-03
 Reference value :  1.50450e-03
 Reference value :  1.54450e-03
 Reference value :  1.57450e-03
 Reference value :  1.60450e-03
 Reference value :  1.64450e-03
 Reference value :  1.68450e-03
 Reference value :  1.72450e-03
 Reference value :  1.75450e-03
 Reference value :  1.78450e-03
 Reference value :  1.82450e-03
 Reference value :  1.85450e-03
 Reference value :  1.88450e-03
 Reference value :  1.91450e-03
 Reference value :  1.94450e-03
 Reference value :  1.97450e-03
 Reference value :  2.00450e-03
 Reference value :  2.03450e-03
 Reference value :  2.07450e-03
 Reference value :  2.10450e-03
 Reference value :  2.13450e-03
 Reference value :  2.16450e-03
 Reference value :  2.19450e-03
 Reference value :  2.22450e-03
 Reference value :  2.25450e-03
 Reference value :  2.28450e-03
 Reference value :  2.31450e-03
 Reference value :  2.35450e-03
 Reference value :  2.39450e-03
 Reference value :  2.43450e-03
 Reference value :  2.47450e-03
 Reference value :  2.51450e-03
 Reference value :  2.54450e-03
 Reference value :  2.58450e-03
 Reference value :  2.63450e-03
 Reference value :  2.67450e-03
 Reference value :  2.71450e-03
 Reference value :  2.74450e-03
 Reference value :  2.79450e-03
 Reference value :  2.83450e-03
 Reference value :  2.87450e-03
 Reference value :  2.91450e-03
 Reference value :  2.95450e-03
 Reference value :  2.99450e-03
 Reference value :  3.03450e-03
 Reference value :  3.07450e-03
 Reference value :  3.11450e-03
 Reference value :  3.15450e-03
 Reference value :  3.19450e-03
 Reference value :  3.23450e-03
 Reference value :  3.27450e-03
 Reference value :  3.31450e-03
 Reference value :  3.35450e-03
 Reference value :  3.39450e-03
 Reference value :  3.43450e-03
 Reference value :  3.47450e-03
 Reference value :  3.51450e-03
 Reference value :  3.55450e-03
 Reference value :  3.59450e-03
 Reference value :  3.62450e-03
 Reference value :  3.66450e-03
 Reference value :  3.70450e-03
 Reference value :  3.73450e-03
 Reference value :  3.77450e-03
 Reference value :  3.81450e-03
 Reference value :  3.85450e-03
 Reference value :  3.89450e-03
 Reference value :  3.93450e-03
 Reference value :  3.97450e-03
 Reference value :  4.00000e-03
No. of Data Rows : 439
vpk                 =  1.81755e+00 at=  6.04504e-04
vfloor              =  1.81716e+00 at=  4.00000e-03
tset                =  3.53016e-04
Doing analysis at TEMP = -40.000000 and TNOM = 27.000000

Using KLU as Direct Linear Solver
 Reference value :  0.00000e+00
 Reference value :  8.00000e-07
 Reference value :  6.40000e-06
 Reference value :  3.28000e-05
 Reference value :  7.28000e-05
 Reference value :  1.00000e-04
 Reference value :  1.00300e-04
 Reference value :  1.00411e-04
 Reference value :  1.00493e-04
 Reference value :  1.00558e-04
 Reference value :  1.00680e-04
 Reference value :  1.00786e-04
 Reference value :  1.00818e-04
 Reference value :  1.00873e-04
 Reference value :  1.00923e-04
 Reference value :  1.00975e-04
 Reference value :  1.01010e-04
 Reference value :  1.01079e-04
 Reference value :  1.01301e-04
 Reference value :  1.02541e-04
 Reference value :  1.11308e-04
 Reference value :  1.21573e-04
 Reference value :  1.31750e-04
 Reference value :  1.45256e-04
 Reference value :  1.65256e-04
 Reference value :  1.95256e-04
 Reference value :  2.25256e-04
 Reference value :  2.55256e-04
 Reference value :  3.05256e-04
 Reference value :  3.45256e-04
 Reference value :  3.75256e-04
 Reference value :  4.05256e-04
 Reference value :  4.45256e-04
 Reference value :  4.85256e-04
 Reference value :  5.15256e-04
 Reference value :  5.45256e-04
 Reference value :  5.75256e-04
 Reference value :  6.15256e-04
 Reference value :  6.45256e-04
 Reference value :  6.85256e-04
 Reference value :  7.15256e-04
 Reference value :  7.45256e-04
 Reference value :  7.85256e-04
 Reference value :  8.25256e-04
 Reference value :  8.65256e-04
 Reference value :  9.05256e-04
 Reference value :  9.45256e-04
 Reference value :  9.85256e-04
 Reference value :  1.03526e-03
 Reference value :  1.07526e-03
 Reference value :  1.11526e-03
 Reference value :  1.15526e-03
 Reference value :  1.19526e-03
 Reference value :  1.23526e-03
 Reference value :  1.27526e-03
 Reference value :  1.31526e-03
 Reference value :  1.35526e-03
 Reference value :  1.39526e-03
 Reference value :  1.42526e-03
 Reference value :  1.45526e-03
 Reference value :  1.49526e-03
 Reference value :  1.53526e-03
 Reference value :  1.57526e-03
 Reference value :  1.62526e-03
 Reference value :  1.66526e-03
 Reference value :  1.70526e-03
 Reference value :  1.74526e-03
 Reference value :  1.78526e-03
 Reference value :  1.82526e-03
 Reference value :  1.87526e-03
 Reference value :  1.91526e-03
 Reference value :  1.95526e-03
 Reference value :  2.00526e-03
 Reference value :  2.04526e-03
 Reference value :  2.08526e-03
 Reference value :  2.12526e-03
 Reference value :  2.16526e-03
 Reference value :  2.20526e-03
 Reference value :  2.24526e-03
 Reference value :  2.28526e-03
 Reference value :  2.32526e-03
 Reference value :  2.36526e-03
 Reference value :  2.41526e-03
 Reference value :  2.45526e-03
 Reference value :  2.48526e-03
 Reference value :  2.51526e-03
 Reference value :  2.55526e-03
 Reference value :  2.59526e-03
 Reference value :  2.63526e-03
 Reference value :  2.67526e-03
 Reference value :  2.72526e-03
 Reference value :  2.77526e-03
 Reference value :  2.81526e-03
 Reference value :  2.85526e-03
 Reference value :  2.88526e-03
 Reference value :  2.92526e-03
 Reference value :  2.96526e-03
 Reference value :  3.00526e-03
 Reference value :  3.04526e-03
 Reference value :  3.09526e-03
 Reference value :  3.14526e-03
 Reference value :  3.19526e-03
 Reference value :  3.23526e-03
 Reference value :  3.28526e-03
 Reference value :  3.32526e-03
 Reference value :  3.36526e-03
 Reference value :  3.40526e-03
 Reference value :  3.44526e-03
 Reference value :  3.48526e-03
 Reference value :  3.52526e-03
 Reference value :  3.55526e-03
 Reference value :  3.59526e-03
 Reference value :  3.62526e-03
 Reference value :  3.66526e-03
 Reference value :  3.70526e-03
 Reference value :  3.74526e-03
 Reference value :  3.78526e-03
 Reference value :  3.82526e-03
 Reference value :  3.86526e-03
 Reference value :  3.90526e-03
 Reference value :  3.94526e-03
 Reference value :  3.98526e-03
No. of Data Rows : 440
vpk                 =  1.79836e+00 at=  9.15256e-04
vfloor              =  1.79834e+00 at=  4.00000e-03
tset                =  3.67602e-04
meas_vpk_c033_0ma_v = 1.808445e+00
meas_vfloor_c033_0ma_v = 1.802939e+00
meas_tramp_c033_0ma_ms = 2.640458e-01
meas_vpk_c033_50ma_v = 1.798361e+00
meas_vfloor_c033_50ma_v = 1.798333e+00
meas_tramp_c033_50ma_ms = 2.924656e-01
meas_vpk_c47_0ma_v = 1.817554e+00
meas_vfloor_c47_0ma_v = 1.817157e+00
meas_tramp_c47_0ma_ms = 2.530165e-01
meas_vpk_c47_50ma_v = 1.798363e+00
meas_vfloor_c47_50ma_v = 1.798338e+00
meas_tramp_c47_50ma_ms = 2.676021e-01
ngspice-46 done

# ==== ngspice stderr ====
Note: Starting dynamic gmin stepping
Note: Dynamic gmin stepping completed
Note: Starting dynamic gmin stepping
Note: Dynamic gmin stepping completed
Note: Starting dynamic gmin stepping
Note: Dynamic gmin stepping completed
Note: Starting dynamic gmin stepping
Note: Dynamic gmin stepping completed
