# corner: tt_125c_3.63v
# process=tt temp=125C supply=3.63V
# ngspice exit: 0
# wall clock: 94.7s (--timeout was 300s)
# result: PASS

# ==== deck (exact input given to ngspice) ====
| * startup corner deck -- generated by sim/bin/corner-run.py, do not edit
| * corner: tt_125c_3.63v
| .param vsup=3.63
| .option wnflag=1
| .temp 125
| .lib "/home/ubuntu/.volare/sky130A/libs.tech/combined/sky130.lib.spice" tt
| ** sch_path: sim/startup/testbench/tb_startup.sch
| **.subckt tb_startup
| VVIN VIN 0 'vsup'
| .save i(vvin)
| VEN EN 0 PULSE(0 'vsup' 100u 1u 1u 100 200)
| .save i(ven)
| VVREF VREF 0 1.2
| .save i(vvref)
| xldo VOUT VREF EN VIN ldo_3v3in_1v8out
| COUT VOUT VESR 0.33u m=1
| RESR VESR 0 10m m=1
| RLOAD VOUT 0 1e12 m=1
| **.ends
| 
| * expanding   symbol:  design/ldo_3v3in_1v8out.sym # of pins=4
| ** sym_path: design/ldo_3v3in_1v8out.sym
| ** sch_path: design/ldo_3v3in_1v8out.sch
| .subckt ldo_3v3in_1v8out VOUT VREF EN VIN
| *.ipin VIN
| *.ipin EN
| *.ipin VREF
| *.opin VOUT
| XR_BIAS VIN NB 0 sky130_fd_pr__res_high_po W=0.42 L=1500 mult=1 m=1
| XM_BIASN1 NB NB BIAS_ENN 0 sky130_fd_pr__nfet_g5v0d10v5 L=1 W=4 nf=1 ad=1.16 as=1.16 pd=8.58 ps=8.58 nrd=0.0725 nrs=0.0725 sa=0
| + sb=0 sd=0 mult=1 m=1
| XM_ENN BIAS_ENN EN 0 0 sky130_fd_pr__nfet_g5v0d10v5 L=0.5 W=10 nf=1 ad=2.9 as=2.9 pd=20.58 ps=20.58 nrd=0.029 nrs=0.029 sa=0 sb=0
| + sd=0 mult=1 m=1
| XM_BIASN2 BIASP NB BIAS_ENN 0 sky130_fd_pr__nfet_g5v0d10v5 L=1 W=4 nf=1 ad=1.16 as=1.16 pd=8.58 ps=8.58 nrd=0.0725 nrs=0.0725 sa=0
| + sb=0 sd=0 mult=1 m=1
| XM_BIASP1 BIASP BIASP VIN VIN sky130_fd_pr__pfet_g5v0d10v5 L=1 W=10 nf=2 ad=1.45 as=2.9 pd=10.58 ps=21.16 nrd=0.029 nrs=0.029 sa=0
| + sb=0 sd=0 mult=1 m=1
| XM_ENP2 BIASP EN VIN VIN sky130_fd_pr__pfet_g5v0d10v5 L=0.5 W=10 nf=1 ad=2.9 as=2.9 pd=20.58 ps=20.58 nrd=0.029 nrs=0.029 sa=0
| + sb=0 sd=0 mult=1 m=1
| XM_TAIL EA_TAIL BIASP VIN VIN sky130_fd_pr__pfet_g5v0d10v5 L=2 W=40 nf=8 ad=5.8 as=7.25 pd=42.32 ps=52.9 nrd=0.00725 nrs=0.00725
| + sa=0 sb=0 sd=0 mult=1 m=1
| XM_IN1 EA_D1 FB EA_TAIL VIN sky130_fd_pr__pfet_g5v0d10v5 L=2 W=10 nf=2 ad=1.45 as=2.9 pd=10.58 ps=21.16 nrd=0.029 nrs=0.029 sa=0
| + sb=0 sd=0 mult=1 m=1
| XM_IN2 EA_D2 VREF EA_TAIL VIN sky130_fd_pr__pfet_g5v0d10v5 L=2 W=10 nf=2 ad=1.45 as=2.9 pd=10.58 ps=21.16 nrd=0.029 nrs=0.029 sa=0
| + sb=0 sd=0 mult=1 m=1
| XM_MIR1 EA_D1 EA_D1 AMP_ENN 0 sky130_fd_pr__nfet_g5v0d10v5 L=4 W=10 nf=2 ad=1.45 as=2.9 pd=10.58 ps=21.16 nrd=0.029 nrs=0.029 sa=0
| + sb=0 sd=0 mult=1 m=1
| XM_MIR2 EA_OUT EA_D1 AMP_ENN 0 sky130_fd_pr__nfet_g5v0d10v5 L=4 W=10 nf=2 ad=1.45 as=2.9 pd=10.58 ps=21.16 nrd=0.029 nrs=0.029
| + sa=0 sb=0 sd=0 mult=1 m=1
| XM_ENN2 AMP_ENN EN 0 0 sky130_fd_pr__nfet_g5v0d10v5 L=0.5 W=10 nf=1 ad=2.9 as=2.9 pd=20.58 ps=20.58 nrd=0.029 nrs=0.029 sa=0 sb=0
| + sd=0 mult=1 m=1
| XM_ENP EA_OUT EN VIN VIN sky130_fd_pr__pfet_g5v0d10v5 L=0.5 W=10 nf=1 ad=2.9 as=2.9 pd=20.58 ps=20.58 nrd=0.029 nrs=0.029 sa=0
| + sb=0 sd=0 mult=1 m=1
| XM_MIR3 EA_D2 EA_D2 AMP_ENN 0 sky130_fd_pr__nfet_g5v0d10v5 L=4 W=10 nf=2 ad=1.45 as=2.9 pd=10.58 ps=21.16 nrd=0.029 nrs=0.029 sa=0
| + sb=0 sd=0 mult=1 m=1
| XM_MIR4 PB EA_D2 AMP_ENN 0 sky130_fd_pr__nfet_g5v0d10v5 L=4 W=10 nf=2 ad=1.45 as=2.9 pd=10.58 ps=21.16 nrd=0.029 nrs=0.029 sa=0
| + sb=0 sd=0 mult=1 m=1
| XM_MIRP1 PB PB VIN VIN sky130_fd_pr__pfet_g5v0d10v5 L=4 W=20 nf=4 ad=2.9 as=4.35 pd=21.16 ps=31.74 nrd=0.0145 nrs=0.0145 sa=0 sb=0
| + sd=0 mult=1 m=1
| XM_MIRP2 EA_OUT PB VIN VIN sky130_fd_pr__pfet_g5v0d10v5 L=4 W=20 nf=4 ad=2.9 as=4.35 pd=21.16 ps=31.74 nrd=0.0145 nrs=0.0145 sa=0
| + sb=0 sd=0 mult=1 m=1
| XM_ENP5 PB EN VIN VIN sky130_fd_pr__pfet_g5v0d10v5 L=0.5 W=2 nf=1 ad=0.58 as=0.58 pd=4.58 ps=4.58 nrd=0.145 nrs=0.145 sa=0 sb=0
| + sd=0 mult=1 m=1
| XM_PASS VOUT EA_OUT VIN VIN sky130_fd_pr__pfet_g5v0d10v5 L=0.5 W=100 nf=25 ad=15.08 as=15.08 pd=111.54 ps=111.54 nrd=0.0029
| + nrs=0.0029 sa=0 sb=0 sd=0 mult=25 m=25
| C_COMP VOUT EA_CZ 150p m=1
| XR_CZ EA_CZ EA_OUT 0 sky130_fd_pr__res_xhigh_po W=0.42 L=52 mult=1 m=1
| XR_FB_A VOUT FB 0 sky130_fd_pr__res_xhigh_po W=0.42 L=180 mult=1 m=1
| XR_FB_B FB N_FBB 0 sky130_fd_pr__res_xhigh_po W=0.42 L=180 mult=1 m=1
| XR_FB_C N_FBB 0 0 sky130_fd_pr__res_xhigh_po W=0.42 L=180 mult=1 m=1
| XM_SENSE CL_SNS EA_OUT VIN VIN sky130_fd_pr__pfet_g5v0d10v5 L=0.5 W=0.42 nf=1 ad=0.1218 as=0.1218 pd=1.42 ps=1.42
| + nrd=0.69047619047619 nrs=0.69047619047619 sa=0 sb=0 sd=0 mult=1 m=1
| XM_CLN1 CL_SNS CL_SNS AMP_ENN 0 sky130_fd_pr__nfet_g5v0d10v5 L=1 W=20 nf=1 ad=5.8 as=5.8 pd=40.58 ps=40.58 nrd=0.0145 nrs=0.0145
| + sa=0 sb=0 sd=0 mult=1 m=1
| XM_CLN2 CL_CMP CL_SNS AMP_ENN 0 sky130_fd_pr__nfet_g5v0d10v5 L=1 W=1.6 nf=1 ad=0.464 as=0.464 pd=3.78 ps=3.78 nrd=0.18125
| + nrs=0.18125 sa=0 sb=0 sd=0 mult=1 m=1
| XM_CLP CL_CMP BIASP VIN VIN sky130_fd_pr__pfet_g5v0d10v5 L=1 W=10 nf=2 ad=1.45 as=2.9 pd=10.58 ps=21.16 nrd=0.029 nrs=0.029 sa=0
| + sb=0 sd=0 mult=1 m=1
| XM_CLIM EA_OUT CL_CMP VIN VIN sky130_fd_pr__pfet_g5v0d10v5 L=0.5 W=20 nf=4 ad=2.9 as=4.35 pd=21.16 ps=31.74 nrd=0.0145 nrs=0.0145
| + sa=0 sb=0 sd=0 mult=1 m=1
| XM_ENP3 CL_CMP EN VIN VIN sky130_fd_pr__pfet_g5v0d10v5 L=0.5 W=2 nf=1 ad=0.58 as=0.58 pd=4.58 ps=4.58 nrd=0.145 nrs=0.145 sa=0
| + sb=0 sd=0 mult=1 m=1
| C_CL VIN CL_CMP 1p m=1
| XM_INVP ENB EN VIN VIN sky130_fd_pr__pfet_g5v0d10v5 L=0.5 W=2 nf=1 ad=0.58 as=0.58 pd=4.58 ps=4.58 nrd=0.145 nrs=0.145 sa=0 sb=0
| + sd=0 mult=1 m=1
| XM_INVN ENB EN 0 0 sky130_fd_pr__nfet_g5v0d10v5 L=0.5 W=1 nf=1 ad=0.29 as=0.29 pd=2.58 ps=2.58 nrd=0.29 nrs=0.29 sa=0 sb=0 sd=0
| + mult=1 m=1
| XM_SSDIS SS ENB 0 0 sky130_fd_pr__nfet_g5v0d10v5 L=0.5 W=2 nf=1 ad=0.58 as=0.58 pd=4.58 ps=4.58 nrd=0.145 nrs=0.145 sa=0 sb=0 sd=0
| + mult=1 m=1
| XM_SSCHG SS BIASP VIN VIN sky130_fd_pr__pfet_g5v0d10v5 L=8 W=1 nf=1 ad=0.29 as=0.29 pd=2.58 ps=2.58 nrd=0.29 nrs=0.29 sa=0 sb=0
| + sd=0 mult=1 m=1
| C_SS SS 0 10p m=1
| XM_IN2S EA_D2 SS EA_TAIL VIN sky130_fd_pr__pfet_g5v0d10v5 L=2 W=10 nf=2 ad=1.45 as=2.9 pd=10.58 ps=21.16 nrd=0.029 nrs=0.029 sa=0
| + sb=0 sd=0 mult=1 m=1
| XM_TSPS TS_SNS BIASP VIN VIN sky130_fd_pr__pfet_g5v0d10v5 L=1 W=2.5 nf=1 ad=0.725 as=0.725 pd=5.58 ps=5.58 nrd=0.116 nrs=0.116
| + sa=0 sb=0 sd=0 mult=1 m=1
| XM_TSD1 TS_SNS TS_SNS TS_MID 0 sky130_fd_pr__nfet_g5v0d10v5 L=1 W=80 nf=16 ad=11.6 as=13.05 pd=84.64 ps=95.22 nrd=0.003625
| + nrs=0.003625 sa=0 sb=0 sd=0 mult=1 m=1
| XM_TSD2 TS_MID TS_MID AMP_ENN 0 sky130_fd_pr__nfet_g5v0d10v5 L=1 W=80 nf=16 ad=11.6 as=13.05 pd=84.64 ps=95.22 nrd=0.003625
| + nrs=0.003625 sa=0 sb=0 sd=0 mult=1 m=1
| XM_TSPR TS_REF BIASP VIN VIN sky130_fd_pr__pfet_g5v0d10v5 L=1 W=2.5 nf=1 ad=0.725 as=0.725 pd=5.58 ps=5.58 nrd=0.116 nrs=0.116
| + sa=0 sb=0 sd=0 mult=1 m=1
| XM_TSR1 TS_REF TS_REF AMP_ENN 0 sky130_fd_pr__nfet_g5v0d10v5 L=10 W=2 nf=1 ad=0.58 as=0.58 pd=4.58 ps=4.58 nrd=0.145 nrs=0.145
| + sa=0 sb=0 sd=0 mult=1 m=1
| XM_TCTAIL TC_TAIL NB AMP_ENN 0 sky130_fd_pr__nfet_g5v0d10v5 L=1 W=1 nf=1 ad=0.29 as=0.29 pd=2.58 ps=2.58 nrd=0.29 nrs=0.29 sa=0
| + sb=0 sd=0 mult=1 m=1
| XM_TCN1 TC_D1 TS_SNS TC_TAIL 0 sky130_fd_pr__nfet_g5v0d10v5 L=2 W=10 nf=2 ad=1.45 as=2.9 pd=10.58 ps=21.16 nrd=0.029 nrs=0.029
| + sa=0 sb=0 sd=0 mult=1 m=1
| XM_TCN2 TS_CMP TS_REF TC_TAIL 0 sky130_fd_pr__nfet_g5v0d10v5 L=2 W=10 nf=2 ad=1.45 as=2.9 pd=10.58 ps=21.16 nrd=0.029 nrs=0.029
| + sa=0 sb=0 sd=0 mult=1 m=1
| XM_TCP1 TC_D1 TC_D1 VIN VIN sky130_fd_pr__pfet_g5v0d10v5 L=2 W=10 nf=2 ad=1.45 as=2.9 pd=10.58 ps=21.16 nrd=0.029 nrs=0.029 sa=0
| + sb=0 sd=0 mult=1 m=1
| XM_TCP2 TS_CMP TC_D1 VIN VIN sky130_fd_pr__pfet_g5v0d10v5 L=2 W=10 nf=2 ad=1.45 as=2.9 pd=10.58 ps=21.16 nrd=0.029 nrs=0.029 sa=0
| + sb=0 sd=0 mult=1 m=1
| XM_TSHUT EA_OUT TS_CMP VIN VIN sky130_fd_pr__pfet_g5v0d10v5 L=0.5 W=20 nf=4 ad=2.9 as=4.35 pd=21.16 ps=31.74 nrd=0.0145 nrs=0.0145
| + sa=0 sb=0 sd=0 mult=1 m=1
| XM_TSHYSB TS_HYS BIASP VIN VIN sky130_fd_pr__pfet_g5v0d10v5 L=2 W=1.5 nf=1 ad=0.435 as=0.435 pd=3.58 ps=3.58 nrd=0.193333333333333
| + nrs=0.193333333333333 sa=0 sb=0 sd=0 mult=1 m=1
| XM_TSHYS TS_REF TS_CMP TS_HYS VIN sky130_fd_pr__pfet_g5v0d10v5 L=0.5 W=2 nf=1 ad=0.58 as=0.58 pd=4.58 ps=4.58 nrd=0.145 nrs=0.145
| + sa=0 sb=0 sd=0 mult=1 m=1
| XM_ENP4 TS_CMP EN VIN VIN sky130_fd_pr__pfet_g5v0d10v5 L=0.5 W=2 nf=1 ad=0.58 as=0.58 pd=4.58 ps=4.58 nrd=0.145 nrs=0.145 sa=0
| + sb=0 sd=0 mult=1 m=1
| C_TS VIN TS_CMP 1p m=1
| .ends
| 
| .control
| save all
| * --- leg 1: C_out 0.33uF, 0 mA (feedback divider is the only preload) ---
| tran 10u 4m
| meas tran vpk max v(vout) from=100u to=4m
| meas tran vfloor min v(vout) from=3.1m to=4m
| meas tran tset when v(vout)=1.764 rise=1
| * --- leg 2: C_out 0.33uF, 50 mA ---
| alter rload = 36
| tran 10u 4m
| meas tran vpk max v(vout) from=100u to=4m
| meas tran vfloor min v(vout) from=3.1m to=4m
| meas tran tset when v(vout)=1.764 rise=1
| * --- leg 3: C_out 4.7uF, 0 mA ---
| alter cout = 4.7u
| alter rload = 1e12
| tran 10u 4m
| meas tran vpk max v(vout) from=100u to=4m
| meas tran vfloor min v(vout) from=3.1m to=4m
| meas tran tset when v(vout)=1.764 rise=1
| * --- leg 4: C_out 4.7uF, 50 mA ---
| alter rload = 36
| tran 10u 4m
| meas tran vpk max v(vout) from=100u to=4m
| meas tran vfloor min v(vout) from=3.1m to=4m
| meas tran tset when v(vout)=1.764 rise=1
| let meas_vpk_c033_0ma_v = tran1.vpk
| let meas_vfloor_c033_0ma_v = tran1.vfloor
| let meas_tramp_c033_0ma_ms = 1000*(tran1.tset - 100u)
| let meas_vpk_c033_50ma_v = tran2.vpk
| let meas_vfloor_c033_50ma_v = tran2.vfloor
| let meas_tramp_c033_50ma_ms = 1000*(tran2.tset - 100u)
| let meas_vpk_c47_0ma_v = tran3.vpk
| let meas_vfloor_c47_0ma_v = tran3.vfloor
| let meas_tramp_c47_0ma_ms = 1000*(tran3.tset - 100u)
| let meas_vpk_c47_50ma_v = tran4.vpk
| let meas_vfloor_c47_50ma_v = tran4.vfloor
| let meas_tramp_c47_50ma_ms = 1000*(tran4.tset - 100u)
| print meas_vpk_c033_0ma_v
| print meas_vfloor_c033_0ma_v
| print meas_tramp_c033_0ma_ms
| print meas_vpk_c033_50ma_v
| print meas_vfloor_c033_50ma_v
| print meas_tramp_c033_50ma_ms
| print meas_vpk_c47_0ma_v
| print meas_vfloor_c47_0ma_v
| print meas_tramp_c47_0ma_ms
| print meas_vpk_c47_50ma_v
| print meas_vfloor_c47_50ma_v
| print meas_tramp_c47_50ma_ms
| quit
| .endc
| .end

# ==== ngspice stdout ====

Note: Compatibility modes selected: hs a


Circuit: * startup corner deck -- generated by sim/bin/corner-run.py, do not edit

option SCALE: Scale is set to 1e-06 for instance and model parameters
option SCALE: Scale is set to 1e-06 for instance and model parameters
option SCALE: Scale is set to 1e-06 for instance and model parameters
option SCALE: Scale is set to 1e-06 for instance and model parameters
Doing analysis at TEMP = 125.000000 and TNOM = 27.000000

Using KLU as Direct Linear Solver
 Reference value :  0.00000e+00
 Reference value :  8.00000e-07
 Reference value :  1.28000e-05
 Reference value :  5.28000e-05
 Reference value :  9.14000e-05
 Reference value :  1.00100e-04
 Reference value :  1.00411e-04
 Reference value :  1.00515e-04
 Reference value :  1.00587e-04
 Reference value :  1.00658e-04
 Reference value :  1.00849e-04
 Reference value :  1.00925e-04
 Reference value :  1.01000e-04
 Reference value :  1.01039e-04
 Reference value :  1.01163e-04
 Reference value :  1.01323e-04
 Reference value :  1.01830e-04
 Reference value :  1.02917e-04
 Reference value :  1.10365e-04
 Reference value :  1.27829e-04
 Reference value :  1.47829e-04
 Reference value :  1.77829e-04
 Reference value :  2.07829e-04
 Reference value :  2.37829e-04
 Reference value :  2.77829e-04
 Reference value :  3.17829e-04
 Reference value :  3.47829e-04
 Reference value :  3.77829e-04
 Reference value :  4.07829e-04
 Reference value :  4.37829e-04
 Reference value :  4.67829e-04
 Reference value :  4.97829e-04
 Reference value :  5.37829e-04
 Reference value :  5.67829e-04
 Reference value :  5.97829e-04
 Reference value :  6.17829e-04
 Reference value :  6.47829e-04
 Reference value :  6.77829e-04
 Reference value :  7.07829e-04
 Reference value :  7.37829e-04
 Reference value :  7.67829e-04
 Reference value :  7.97829e-04
 Reference value :  8.27829e-04
 Reference value :  8.57829e-04
 Reference value :  8.97829e-04
 Reference value :  9.37829e-04
 Reference value :  9.77829e-04
 Reference value :  1.01783e-03
 Reference value :  1.05783e-03
 Reference value :  1.09783e-03
 Reference value :  1.13783e-03
 Reference value :  1.17783e-03
 Reference value :  1.21783e-03
 Reference value :  1.25783e-03
 Reference value :  1.29783e-03
 Reference value :  1.33783e-03
 Reference value :  1.37783e-03
 Reference value :  1.41783e-03
 Reference value :  1.45783e-03
 Reference value :  1.49783e-03
 Reference value :  1.53783e-03
 Reference value :  1.57783e-03
 Reference value :  1.61783e-03
 Reference value :  1.65783e-03
 Reference value :  1.69783e-03
 Reference value :  1.73783e-03
 Reference value :  1.77783e-03
 Reference value :  1.81783e-03
 Reference value :  1.85783e-03
 Reference value :  1.89783e-03
 Reference value :  1.93783e-03
 Reference value :  1.97783e-03
 Reference value :  2.01783e-03
 Reference value :  2.05783e-03
 Reference value :  2.09783e-03
 Reference value :  2.13783e-03
 Reference value :  2.16783e-03
 Reference value :  2.19783e-03
 Reference value :  2.22783e-03
 Reference value :  2.27783e-03
 Reference value :  2.31783e-03
 Reference value :  2.36783e-03
 Reference value :  2.42783e-03
 Reference value :  2.47783e-03
 Reference value :  2.52783e-03
 Reference value :  2.57783e-03
 Reference value :  2.62783e-03
 Reference value :  2.67783e-03
 Reference value :  2.71783e-03
 Reference value :  2.76783e-03
 Reference value :  2.80783e-03
 Reference value :  2.85783e-03
 Reference value :  2.90783e-03
 Reference value :  2.94783e-03
 Reference value :  2.99783e-03
 Reference value :  3.04783e-03
 Reference value :  3.09783e-03
 Reference value :  3.12783e-03
 Reference value :  3.15783e-03
 Reference value :  3.18783e-03
 Reference value :  3.21783e-03
 Reference value :  3.24783e-03
 Reference value :  3.27783e-03
 Reference value :  3.30783e-03
 Reference value :  3.33783e-03
 Reference value :  3.36783e-03
 Reference value :  3.39783e-03
 Reference value :  3.42783e-03
 Reference value :  3.45783e-03
 Reference value :  3.48783e-03
 Reference value :  3.51783e-03
 Reference value :  3.54783e-03
 Reference value :  3.57783e-03
 Reference value :  3.60783e-03
 Reference value :  3.63783e-03
 Reference value :  3.67783e-03
 Reference value :  3.70783e-03
 Reference value :  3.74783e-03
 Reference value :  3.78783e-03
 Reference value :  3.82783e-03
 Reference value :  3.86783e-03
 Reference value :  3.90783e-03
 Reference value :  3.93783e-03
 Reference value :  3.97783e-03
No. of Data Rows : 437
vpk                 =  1.81912e+00 at=  8.27829e-04
vfloor              =  1.81437e+00 at=  4.00000e-03
tset                =  4.95836e-04
Doing analysis at TEMP = 125.000000 and TNOM = 27.000000

Using KLU as Direct Linear Solver
 Reference value :  0.00000e+00
 Reference value :  4.00000e-07
 Reference value :  6.40000e-06
 Reference value :  4.28000e-05
 Reference value :  8.28000e-05
 Reference value :  1.00100e-04
 Reference value :  1.00411e-04
 Reference value :  1.00587e-04
 Reference value :  1.00753e-04
 Reference value :  1.00925e-04
 Reference value :  1.01006e-04
 Reference value :  1.01068e-04
 Reference value :  1.01236e-04
 Reference value :  1.01564e-04
 Reference value :  1.02073e-04
 Reference value :  1.03440e-04
 Reference value :  1.09646e-04
 Reference value :  1.17016e-04
 Reference value :  1.30313e-04
 Reference value :  1.44047e-04
 Reference value :  1.84047e-04
 Reference value :  2.24047e-04
 Reference value :  2.64047e-04
 Reference value :  3.04047e-04
 Reference value :  3.44047e-04
 Reference value :  3.84047e-04
 Reference value :  4.24047e-04
 Reference value :  4.64047e-04
 Reference value :  5.04047e-04
 Reference value :  5.34047e-04
 Reference value :  5.64047e-04
 Reference value :  5.94047e-04
 Reference value :  6.24047e-04
 Reference value :  6.64047e-04
 Reference value :  7.04047e-04
 Reference value :  7.54047e-04
 Reference value :  7.84047e-04
 Reference value :  8.14047e-04
 Reference value :  8.54047e-04
 Reference value :  8.94047e-04
 Reference value :  9.34047e-04
 Reference value :  9.64047e-04
 Reference value :  1.00405e-03
 Reference value :  1.04405e-03
 Reference value :  1.08405e-03
 Reference value :  1.12405e-03
 Reference value :  1.16405e-03
 Reference value :  1.19405e-03
 Reference value :  1.22405e-03
 Reference value :  1.25405e-03
 Reference value :  1.29405e-03
 Reference value :  1.32405e-03
 Reference value :  1.36405e-03
 Reference value :  1.40405e-03
 Reference value :  1.44405e-03
 Reference value :  1.48405e-03
 Reference value :  1.52405e-03
 Reference value :  1.56405e-03
 Reference value :  1.60405e-03
 Reference value :  1.64405e-03
 Reference value :  1.69405e-03
 Reference value :  1.73405e-03
 Reference value :  1.77405e-03
 Reference value :  1.81405e-03
 Reference value :  1.85405e-03
 Reference value :  1.91405e-03
 Reference value :  1.96405e-03
 Reference value :  2.01405e-03
 Reference value :  2.05405e-03
 Reference value :  2.09405e-03
 Reference value :  2.13405e-03
 Reference value :  2.17405e-03
 Reference value :  2.22405e-03
 Reference value :  2.30405e-03
 Reference value :  2.34405e-03
 Reference value :  2.38405e-03
 Reference value :  2.43405e-03
 Reference value :  2.49405e-03
 Reference value :  2.53405e-03
 Reference value :  2.57405e-03
 Reference value :  2.60405e-03
 Reference value :  2.63405e-03
 Reference value :  2.67405e-03
 Reference value :  2.70405e-03
 Reference value :  2.74405e-03
 Reference value :  2.78405e-03
 Reference value :  2.82405e-03
 Reference value :  2.85405e-03
 Reference value :  2.89405e-03
 Reference value :  2.93405e-03
 Reference value :  2.96405e-03
 Reference value :  3.00405e-03
 Reference value :  3.04405e-03
 Reference value :  3.08405e-03
 Reference value :  3.11405e-03
 Reference value :  3.15405e-03
 Reference value :  3.18405e-03
 Reference value :  3.21405e-03
 Reference value :  3.24405e-03
 Reference value :  3.27405e-03
 Reference value :  3.31405e-03
 Reference value :  3.35405e-03
 Reference value :  3.38405e-03
 Reference value :  3.42405e-03
 Reference value :  3.46405e-03
 Reference value :  3.50405e-03
 Reference value :  3.53405e-03
 Reference value :  3.57405e-03
 Reference value :  3.61405e-03
 Reference value :  3.65405e-03
 Reference value :  3.69405e-03
 Reference value :  3.75405e-03
 Reference value :  3.81405e-03
 Reference value :  3.87405e-03
 Reference value :  3.91405e-03
 Reference value :  3.96405e-03
No. of Data Rows : 440
vpk                 =  1.79763e+00 at=  1.26405e-03
vfloor              =  1.79762e+00 at=  3.99202e-03
tset                =  5.21418e-04
Doing analysis at TEMP = 125.000000 and TNOM = 27.000000

Using KLU as Direct Linear Solver
 Reference value :  0.00000e+00
 Reference value :  8.00000e-07
 Reference value :  6.40000e-06
 Reference value :  4.28000e-05
 Reference value :  7.28000e-05
 Reference value :  1.00100e-04
 Reference value :  1.00411e-04
 Reference value :  1.00587e-04
 Reference value :  1.00658e-04
 Reference value :  1.00849e-04
 Reference value :  1.00925e-04
 Reference value :  1.01000e-04
 Reference value :  1.01039e-04
 Reference value :  1.01163e-04
 Reference value :  1.01323e-04
 Reference value :  1.01830e-04
 Reference value :  1.02917e-04
 Reference value :  1.10365e-04
 Reference value :  1.27829e-04
 Reference value :  1.47829e-04
 Reference value :  1.67829e-04
 Reference value :  1.97829e-04
 Reference value :  2.27829e-04
 Reference value :  2.67829e-04
 Reference value :  3.07829e-04
 Reference value :  3.47829e-04
 Reference value :  3.87829e-04
 Reference value :  4.17829e-04
 Reference value :  4.47829e-04
 Reference value :  4.77829e-04
 Reference value :  5.07829e-04
 Reference value :  5.37829e-04
 Reference value :  5.67829e-04
 Reference value :  5.97829e-04
 Reference value :  6.27829e-04
 Reference value :  6.47829e-04
 Reference value :  6.67829e-04
 Reference value :  6.87829e-04
 Reference value :  7.17829e-04
 Reference value :  7.37829e-04
 Reference value :  7.67829e-04
 Reference value :  7.97829e-04
 Reference value :  8.37829e-04
 Reference value :  8.77829e-04
 Reference value :  9.27829e-04
 Reference value :  9.67829e-04
 Reference value :  9.97829e-04
 Reference value :  1.02783e-03
 Reference value :  1.05783e-03
 Reference value :  1.08783e-03
 Reference value :  1.11783e-03
 Reference value :  1.14783e-03
 Reference value :  1.18783e-03
 Reference value :  1.22783e-03
 Reference value :  1.26783e-03
 Reference value :  1.30783e-03
 Reference value :  1.34783e-03
 Reference value :  1.37783e-03
 Reference value :  1.41783e-03
 Reference value :  1.45783e-03
 Reference value :  1.49783e-03
 Reference value :  1.53783e-03
 Reference value :  1.57783e-03
 Reference value :  1.60783e-03
 Reference value :  1.64783e-03
 Reference value :  1.68783e-03
 Reference value :  1.72783e-03
 Reference value :  1.77783e-03
 Reference value :  1.81783e-03
 Reference value :  1.85783e-03
 Reference value :  1.89783e-03
 Reference value :  1.93783e-03
 Reference value :  1.97783e-03
 Reference value :  2.01783e-03
 Reference value :  2.05783e-03
 Reference value :  2.09783e-03
 Reference value :  2.13783e-03
 Reference value :  2.17783e-03
 Reference value :  2.21783e-03
 Reference value :  2.25783e-03
 Reference value :  2.28783e-03
 Reference value :  2.31783e-03
 Reference value :  2.34783e-03
 Reference value :  2.37783e-03
 Reference value :  2.40783e-03
 Reference value :  2.43783e-03
 Reference value :  2.47783e-03
 Reference value :  2.51783e-03
 Reference value :  2.55783e-03
 Reference value :  2.59783e-03
 Reference value :  2.62783e-03
 Reference value :  2.66783e-03
 Reference value :  2.70783e-03
 Reference value :  2.73783e-03
 Reference value :  2.76783e-03
 Reference value :  2.79783e-03
 Reference value :  2.82783e-03
 Reference value :  2.85783e-03
 Reference value :  2.89783e-03
 Reference value :  2.92783e-03
 Reference value :  2.95783e-03
 Reference value :  2.98783e-03
 Reference value :  3.01783e-03
 Reference value :  3.04783e-03
 Reference value :  3.07783e-03
 Reference value :  3.10783e-03
 Reference value :  3.13783e-03
 Reference value :  3.16783e-03
 Reference value :  3.19783e-03
 Reference value :  3.22783e-03
 Reference value :  3.25783e-03
 Reference value :  3.28783e-03
 Reference value :  3.31783e-03
 Reference value :  3.34783e-03
 Reference value :  3.37783e-03
 Reference value :  3.40783e-03
 Reference value :  3.44783e-03
 Reference value :  3.48783e-03
 Reference value :  3.51783e-03
 Reference value :  3.55783e-03
 Reference value :  3.59783e-03
 Reference value :  3.63783e-03
 Reference value :  3.67783e-03
 Reference value :  3.71783e-03
 Reference value :  3.75783e-03
 Reference value :  3.79783e-03
 Reference value :  3.83783e-03
 Reference value :  3.87783e-03
 Reference value :  3.91783e-03
 Reference value :  3.95783e-03
 Reference value :  3.99391e-03
No. of Data Rows : 437
vpk                 =  1.82733e+00 at=  8.27829e-04
vfloor              =  1.82698e+00 at=  4.00000e-03
tset                =  4.86902e-04
Doing analysis at TEMP = 125.000000 and TNOM = 27.000000

Using KLU as Direct Linear Solver
 Reference value :  0.00000e+00
 Reference value :  8.00000e-07
 Reference value :  1.28000e-05
 Reference value :  5.28000e-05
 Reference value :  9.14000e-05
 Reference value :  1.00100e-04
 Reference value :  1.00411e-04
 Reference value :  1.00587e-04
 Reference value :  1.00753e-04
 Reference value :  1.00849e-04
 Reference value :  1.00925e-04
 Reference value :  1.00962e-04
 Reference value :  1.01006e-04
 Reference value :  1.01039e-04
 Reference value :  1.01100e-04
 Reference value :  1.01236e-04
 Reference value :  1.01427e-04
 Reference value :  1.02073e-04
 Reference value :  1.03440e-04
 Reference value :  1.09252e-04
 Reference value :  1.14755e-04
 Reference value :  1.25387e-04
 Reference value :  1.34317e-04
 Reference value :  1.46956e-04
 Reference value :  1.66956e-04
 Reference value :  2.06956e-04
 Reference value :  2.46956e-04
 Reference value :  2.76956e-04
 Reference value :  3.16956e-04
 Reference value :  3.56956e-04
 Reference value :  3.86956e-04
 Reference value :  4.16956e-04
 Reference value :  4.46956e-04
 Reference value :  4.76956e-04
 Reference value :  5.06956e-04
 Reference value :  5.36956e-04
 Reference value :  5.66956e-04
 Reference value :  6.06956e-04
 Reference value :  6.36956e-04
 Reference value :  6.76956e-04
 Reference value :  7.06956e-04
 Reference value :  7.36956e-04
 Reference value :  7.76956e-04
 Reference value :  8.16956e-04
 Reference value :  8.56956e-04
 Reference value :  8.96956e-04
 Reference value :  9.36956e-04
 Reference value :  9.76956e-04
 Reference value :  1.01696e-03
 Reference value :  1.04696e-03
 Reference value :  1.08696e-03
 Reference value :  1.12696e-03
 Reference value :  1.16696e-03
 Reference value :  1.20696e-03
 Reference value :  1.24696e-03
 Reference value :  1.28696e-03
 Reference value :  1.32696e-03
 Reference value :  1.35696e-03
 Reference value :  1.38696e-03
 Reference value :  1.42696e-03
 Reference value :  1.46696e-03
 Reference value :  1.50696e-03
 Reference value :  1.54696e-03
 Reference value :  1.58696e-03
 Reference value :  1.62696e-03
 Reference value :  1.66696e-03
 Reference value :  1.70696e-03
 Reference value :  1.74696e-03
 Reference value :  1.78696e-03
 Reference value :  1.82696e-03
 Reference value :  1.85696e-03
 Reference value :  1.89696e-03
 Reference value :  1.92696e-03
 Reference value :  1.95696e-03
 Reference value :  1.98696e-03
 Reference value :  2.02696e-03
 Reference value :  2.06696e-03
 Reference value :  2.10696e-03
 Reference value :  2.14696e-03
 Reference value :  2.18696e-03
 Reference value :  2.22696e-03
 Reference value :  2.25696e-03
 Reference value :  2.28696e-03
 Reference value :  2.31696e-03
 Reference value :  2.34696e-03
 Reference value :  2.38696e-03
 Reference value :  2.42696e-03
 Reference value :  2.46696e-03
 Reference value :  2.49696e-03
 Reference value :  2.52696e-03
 Reference value :  2.55696e-03
 Reference value :  2.58696e-03
 Reference value :  2.62696e-03
 Reference value :  2.66696e-03
 Reference value :  2.70696e-03
 Reference value :  2.74696e-03
 Reference value :  2.77696e-03
 Reference value :  2.80696e-03
 Reference value :  2.83696e-03
 Reference value :  2.87696e-03
 Reference value :  2.90696e-03
 Reference value :  2.94696e-03
 Reference value :  2.97696e-03
 Reference value :  3.01696e-03
 Reference value :  3.05696e-03
 Reference value :  3.09696e-03
 Reference value :  3.13696e-03
 Reference value :  3.17696e-03
 Reference value :  3.20696e-03
 Reference value :  3.23696e-03
 Reference value :  3.26696e-03
 Reference value :  3.29696e-03
 Reference value :  3.32696e-03
 Reference value :  3.36696e-03
 Reference value :  3.39696e-03
 Reference value :  3.42696e-03
 Reference value :  3.45696e-03
 Reference value :  3.49696e-03
 Reference value :  3.53696e-03
 Reference value :  3.57696e-03
 Reference value :  3.61696e-03
 Reference value :  3.65696e-03
 Reference value :  3.69696e-03
 Reference value :  3.73696e-03
 Reference value :  3.77696e-03
 Reference value :  3.81696e-03
 Reference value :  3.85696e-03
 Reference value :  3.89696e-03
 Reference value :  3.93696e-03
 Reference value :  3.97696e-03
No. of Data Rows : 442
vpk                 =  1.79763e+00 at=  1.07696e-03
vfloor              =  1.79762e+00 at=  4.00000e-03
tset                =  5.04064e-04
meas_vpk_c033_0ma_v = 1.819122e+00
meas_vfloor_c033_0ma_v = 1.814367e+00
meas_tramp_c033_0ma_ms = 3.958362e-01
meas_vpk_c033_50ma_v = 1.797632e+00
meas_vfloor_c033_50ma_v = 1.797621e+00
meas_tramp_c033_50ma_ms = 4.214175e-01
meas_vpk_c47_0ma_v = 1.827330e+00
meas_vfloor_c47_0ma_v = 1.826976e+00
meas_tramp_c47_0ma_ms = 3.869017e-01
meas_vpk_c47_50ma_v = 1.797632e+00
meas_vfloor_c47_50ma_v = 1.797621e+00
meas_tramp_c47_50ma_ms = 4.040642e-01
ngspice-46 done

# ==== ngspice stderr ====

