# corner: tt_125c_2.97v
# process=tt temp=125C supply=2.97V
# ngspice exit: 0
# wall clock: 109.2s (--timeout was 300s)
# result: PASS

# ==== deck (exact input given to ngspice) ====
| * startup corner deck -- generated by sim/bin/corner-run.py, do not edit
| * corner: tt_125c_2.97v
| .param vsup=2.97
| .option wnflag=1
| .temp 125
| .lib "/home/ubuntu/.volare/sky130A/libs.tech/combined/sky130.lib.spice" tt
| ** sch_path: sim/startup/testbench/tb_startup.sch
| **.subckt tb_startup
| VVIN VIN 0 'vsup'
| .save i(vvin)
| VEN EN 0 PULSE(0 'vsup' 100u 1u 1u 100 200)
| .save i(ven)
| VVREF VREF 0 1.2
| .save i(vvref)
| xldo VOUT VREF EN VIN ldo_3v3in_1v8out
| COUT VOUT VESR 0.33u m=1
| RESR VESR 0 10m m=1
| RLOAD VOUT 0 1e12 m=1
| **.ends
| 
| * expanding   symbol:  design/ldo_3v3in_1v8out.sym # of pins=4
| ** sym_path: design/ldo_3v3in_1v8out.sym
| ** sch_path: design/ldo_3v3in_1v8out.sch
| .subckt ldo_3v3in_1v8out VOUT VREF EN VIN
| *.ipin VIN
| *.ipin EN
| *.ipin VREF
| *.opin VOUT
| XR_BIAS VIN NB 0 sky130_fd_pr__res_high_po W=0.42 L=1500 mult=1 m=1
| XM_BIASN1 NB NB BIAS_ENN 0 sky130_fd_pr__nfet_g5v0d10v5 L=1 W=4 nf=1 ad=1.16 as=1.16 pd=8.58 ps=8.58 nrd=0.0725 nrs=0.0725 sa=0
| + sb=0 sd=0 mult=1 m=1
| XM_ENN BIAS_ENN EN 0 0 sky130_fd_pr__nfet_g5v0d10v5 L=0.5 W=10 nf=1 ad=2.9 as=2.9 pd=20.58 ps=20.58 nrd=0.029 nrs=0.029 sa=0 sb=0
| + sd=0 mult=1 m=1
| XM_BIASN2 BIASP NB BIAS_ENN 0 sky130_fd_pr__nfet_g5v0d10v5 L=1 W=4 nf=1 ad=1.16 as=1.16 pd=8.58 ps=8.58 nrd=0.0725 nrs=0.0725 sa=0
| + sb=0 sd=0 mult=1 m=1
| XM_BIASP1 BIASP BIASP VIN VIN sky130_fd_pr__pfet_g5v0d10v5 L=1 W=10 nf=2 ad=1.45 as=2.9 pd=10.58 ps=21.16 nrd=0.029 nrs=0.029 sa=0
| + sb=0 sd=0 mult=1 m=1
| XM_ENP2 BIASP EN VIN VIN sky130_fd_pr__pfet_g5v0d10v5 L=0.5 W=10 nf=1 ad=2.9 as=2.9 pd=20.58 ps=20.58 nrd=0.029 nrs=0.029 sa=0
| + sb=0 sd=0 mult=1 m=1
| XM_TAIL EA_TAIL BIASP VIN VIN sky130_fd_pr__pfet_g5v0d10v5 L=2 W=40 nf=8 ad=5.8 as=7.25 pd=42.32 ps=52.9 nrd=0.00725 nrs=0.00725
| + sa=0 sb=0 sd=0 mult=1 m=1
| XM_IN1 EA_D1 FB EA_TAIL VIN sky130_fd_pr__pfet_g5v0d10v5 L=2 W=10 nf=2 ad=1.45 as=2.9 pd=10.58 ps=21.16 nrd=0.029 nrs=0.029 sa=0
| + sb=0 sd=0 mult=1 m=1
| XM_IN2 EA_D2 VREF EA_TAIL VIN sky130_fd_pr__pfet_g5v0d10v5 L=2 W=10 nf=2 ad=1.45 as=2.9 pd=10.58 ps=21.16 nrd=0.029 nrs=0.029 sa=0
| + sb=0 sd=0 mult=1 m=1
| XM_MIR1 EA_D1 EA_D1 AMP_ENN 0 sky130_fd_pr__nfet_g5v0d10v5 L=4 W=10 nf=2 ad=1.45 as=2.9 pd=10.58 ps=21.16 nrd=0.029 nrs=0.029 sa=0
| + sb=0 sd=0 mult=1 m=1
| XM_MIR2 EA_OUT EA_D1 AMP_ENN 0 sky130_fd_pr__nfet_g5v0d10v5 L=4 W=10 nf=2 ad=1.45 as=2.9 pd=10.58 ps=21.16 nrd=0.029 nrs=0.029
| + sa=0 sb=0 sd=0 mult=1 m=1
| XM_ENN2 AMP_ENN EN 0 0 sky130_fd_pr__nfet_g5v0d10v5 L=0.5 W=10 nf=1 ad=2.9 as=2.9 pd=20.58 ps=20.58 nrd=0.029 nrs=0.029 sa=0 sb=0
| + sd=0 mult=1 m=1
| XM_ENP EA_OUT EN VIN VIN sky130_fd_pr__pfet_g5v0d10v5 L=0.5 W=10 nf=1 ad=2.9 as=2.9 pd=20.58 ps=20.58 nrd=0.029 nrs=0.029 sa=0
| + sb=0 sd=0 mult=1 m=1
| XM_MIR3 EA_D2 EA_D2 AMP_ENN 0 sky130_fd_pr__nfet_g5v0d10v5 L=4 W=10 nf=2 ad=1.45 as=2.9 pd=10.58 ps=21.16 nrd=0.029 nrs=0.029 sa=0
| + sb=0 sd=0 mult=1 m=1
| XM_MIR4 PB EA_D2 AMP_ENN 0 sky130_fd_pr__nfet_g5v0d10v5 L=4 W=10 nf=2 ad=1.45 as=2.9 pd=10.58 ps=21.16 nrd=0.029 nrs=0.029 sa=0
| + sb=0 sd=0 mult=1 m=1
| XM_MIRP1 PB PB VIN VIN sky130_fd_pr__pfet_g5v0d10v5 L=4 W=20 nf=4 ad=2.9 as=4.35 pd=21.16 ps=31.74 nrd=0.0145 nrs=0.0145 sa=0 sb=0
| + sd=0 mult=1 m=1
| XM_MIRP2 EA_OUT PB VIN VIN sky130_fd_pr__pfet_g5v0d10v5 L=4 W=20 nf=4 ad=2.9 as=4.35 pd=21.16 ps=31.74 nrd=0.0145 nrs=0.0145 sa=0
| + sb=0 sd=0 mult=1 m=1
| XM_ENP5 PB EN VIN VIN sky130_fd_pr__pfet_g5v0d10v5 L=0.5 W=2 nf=1 ad=0.58 as=0.58 pd=4.58 ps=4.58 nrd=0.145 nrs=0.145 sa=0 sb=0
| + sd=0 mult=1 m=1
| XM_PASS VOUT EA_OUT VIN VIN sky130_fd_pr__pfet_g5v0d10v5 L=0.5 W=100 nf=25 ad=15.08 as=15.08 pd=111.54 ps=111.54 nrd=0.0029
| + nrs=0.0029 sa=0 sb=0 sd=0 mult=25 m=25
| C_COMP VOUT EA_CZ 150p m=1
| XR_CZ EA_CZ EA_OUT 0 sky130_fd_pr__res_xhigh_po W=0.42 L=52 mult=1 m=1
| XR_FB_A VOUT FB 0 sky130_fd_pr__res_xhigh_po W=0.42 L=180 mult=1 m=1
| XR_FB_B FB N_FBB 0 sky130_fd_pr__res_xhigh_po W=0.42 L=180 mult=1 m=1
| XR_FB_C N_FBB 0 0 sky130_fd_pr__res_xhigh_po W=0.42 L=180 mult=1 m=1
| XM_SENSE CL_SNS EA_OUT VIN VIN sky130_fd_pr__pfet_g5v0d10v5 L=0.5 W=0.42 nf=1 ad=0.1218 as=0.1218 pd=1.42 ps=1.42
| + nrd=0.69047619047619 nrs=0.69047619047619 sa=0 sb=0 sd=0 mult=1 m=1
| XM_CLN1 CL_SNS CL_SNS AMP_ENN 0 sky130_fd_pr__nfet_g5v0d10v5 L=1 W=20 nf=1 ad=5.8 as=5.8 pd=40.58 ps=40.58 nrd=0.0145 nrs=0.0145
| + sa=0 sb=0 sd=0 mult=1 m=1
| XM_CLN2 CL_CMP CL_SNS AMP_ENN 0 sky130_fd_pr__nfet_g5v0d10v5 L=1 W=1.6 nf=1 ad=0.464 as=0.464 pd=3.78 ps=3.78 nrd=0.18125
| + nrs=0.18125 sa=0 sb=0 sd=0 mult=1 m=1
| XM_CLP CL_CMP BIASP VIN VIN sky130_fd_pr__pfet_g5v0d10v5 L=1 W=10 nf=2 ad=1.45 as=2.9 pd=10.58 ps=21.16 nrd=0.029 nrs=0.029 sa=0
| + sb=0 sd=0 mult=1 m=1
| XM_CLIM EA_OUT CL_CMP VIN VIN sky130_fd_pr__pfet_g5v0d10v5 L=0.5 W=20 nf=4 ad=2.9 as=4.35 pd=21.16 ps=31.74 nrd=0.0145 nrs=0.0145
| + sa=0 sb=0 sd=0 mult=1 m=1
| XM_ENP3 CL_CMP EN VIN VIN sky130_fd_pr__pfet_g5v0d10v5 L=0.5 W=2 nf=1 ad=0.58 as=0.58 pd=4.58 ps=4.58 nrd=0.145 nrs=0.145 sa=0
| + sb=0 sd=0 mult=1 m=1
| C_CL VIN CL_CMP 1p m=1
| XM_INVP ENB EN VIN VIN sky130_fd_pr__pfet_g5v0d10v5 L=0.5 W=2 nf=1 ad=0.58 as=0.58 pd=4.58 ps=4.58 nrd=0.145 nrs=0.145 sa=0 sb=0
| + sd=0 mult=1 m=1
| XM_INVN ENB EN 0 0 sky130_fd_pr__nfet_g5v0d10v5 L=0.5 W=1 nf=1 ad=0.29 as=0.29 pd=2.58 ps=2.58 nrd=0.29 nrs=0.29 sa=0 sb=0 sd=0
| + mult=1 m=1
| XM_SSDIS SS ENB 0 0 sky130_fd_pr__nfet_g5v0d10v5 L=0.5 W=2 nf=1 ad=0.58 as=0.58 pd=4.58 ps=4.58 nrd=0.145 nrs=0.145 sa=0 sb=0 sd=0
| + mult=1 m=1
| XM_SSCHG SS BIASP VIN VIN sky130_fd_pr__pfet_g5v0d10v5 L=8 W=1 nf=1 ad=0.29 as=0.29 pd=2.58 ps=2.58 nrd=0.29 nrs=0.29 sa=0 sb=0
| + sd=0 mult=1 m=1
| C_SS SS 0 10p m=1
| XM_IN2S EA_D2 SS EA_TAIL VIN sky130_fd_pr__pfet_g5v0d10v5 L=2 W=10 nf=2 ad=1.45 as=2.9 pd=10.58 ps=21.16 nrd=0.029 nrs=0.029 sa=0
| + sb=0 sd=0 mult=1 m=1
| XM_TSPS TS_SNS BIASP VIN VIN sky130_fd_pr__pfet_g5v0d10v5 L=1 W=2.5 nf=1 ad=0.725 as=0.725 pd=5.58 ps=5.58 nrd=0.116 nrs=0.116
| + sa=0 sb=0 sd=0 mult=1 m=1
| XM_TSD1 TS_SNS TS_SNS TS_MID 0 sky130_fd_pr__nfet_g5v0d10v5 L=1 W=80 nf=16 ad=11.6 as=13.05 pd=84.64 ps=95.22 nrd=0.003625
| + nrs=0.003625 sa=0 sb=0 sd=0 mult=1 m=1
| XM_TSD2 TS_MID TS_MID AMP_ENN 0 sky130_fd_pr__nfet_g5v0d10v5 L=1 W=80 nf=16 ad=11.6 as=13.05 pd=84.64 ps=95.22 nrd=0.003625
| + nrs=0.003625 sa=0 sb=0 sd=0 mult=1 m=1
| XM_TSPR TS_REF BIASP VIN VIN sky130_fd_pr__pfet_g5v0d10v5 L=1 W=2.5 nf=1 ad=0.725 as=0.725 pd=5.58 ps=5.58 nrd=0.116 nrs=0.116
| + sa=0 sb=0 sd=0 mult=1 m=1
| XM_TSR1 TS_REF TS_REF AMP_ENN 0 sky130_fd_pr__nfet_g5v0d10v5 L=10 W=2 nf=1 ad=0.58 as=0.58 pd=4.58 ps=4.58 nrd=0.145 nrs=0.145
| + sa=0 sb=0 sd=0 mult=1 m=1
| XM_TCTAIL TC_TAIL NB AMP_ENN 0 sky130_fd_pr__nfet_g5v0d10v5 L=1 W=1 nf=1 ad=0.29 as=0.29 pd=2.58 ps=2.58 nrd=0.29 nrs=0.29 sa=0
| + sb=0 sd=0 mult=1 m=1
| XM_TCN1 TC_D1 TS_SNS TC_TAIL 0 sky130_fd_pr__nfet_g5v0d10v5 L=2 W=10 nf=2 ad=1.45 as=2.9 pd=10.58 ps=21.16 nrd=0.029 nrs=0.029
| + sa=0 sb=0 sd=0 mult=1 m=1
| XM_TCN2 TS_CMP TS_REF TC_TAIL 0 sky130_fd_pr__nfet_g5v0d10v5 L=2 W=10 nf=2 ad=1.45 as=2.9 pd=10.58 ps=21.16 nrd=0.029 nrs=0.029
| + sa=0 sb=0 sd=0 mult=1 m=1
| XM_TCP1 TC_D1 TC_D1 VIN VIN sky130_fd_pr__pfet_g5v0d10v5 L=2 W=10 nf=2 ad=1.45 as=2.9 pd=10.58 ps=21.16 nrd=0.029 nrs=0.029 sa=0
| + sb=0 sd=0 mult=1 m=1
| XM_TCP2 TS_CMP TC_D1 VIN VIN sky130_fd_pr__pfet_g5v0d10v5 L=2 W=10 nf=2 ad=1.45 as=2.9 pd=10.58 ps=21.16 nrd=0.029 nrs=0.029 sa=0
| + sb=0 sd=0 mult=1 m=1
| XM_TSHUT EA_OUT TS_CMP VIN VIN sky130_fd_pr__pfet_g5v0d10v5 L=0.5 W=20 nf=4 ad=2.9 as=4.35 pd=21.16 ps=31.74 nrd=0.0145 nrs=0.0145
| + sa=0 sb=0 sd=0 mult=1 m=1
| XM_TSHYSB TS_HYS BIASP VIN VIN sky130_fd_pr__pfet_g5v0d10v5 L=2 W=1.5 nf=1 ad=0.435 as=0.435 pd=3.58 ps=3.58 nrd=0.193333333333333
| + nrs=0.193333333333333 sa=0 sb=0 sd=0 mult=1 m=1
| XM_TSHYS TS_REF TS_CMP TS_HYS VIN sky130_fd_pr__pfet_g5v0d10v5 L=0.5 W=2 nf=1 ad=0.58 as=0.58 pd=4.58 ps=4.58 nrd=0.145 nrs=0.145
| + sa=0 sb=0 sd=0 mult=1 m=1
| XM_ENP4 TS_CMP EN VIN VIN sky130_fd_pr__pfet_g5v0d10v5 L=0.5 W=2 nf=1 ad=0.58 as=0.58 pd=4.58 ps=4.58 nrd=0.145 nrs=0.145 sa=0
| + sb=0 sd=0 mult=1 m=1
| C_TS VIN TS_CMP 1p m=1
| .ends
| 
| .control
| save all
| * --- leg 1: C_out 0.33uF, 0 mA (feedback divider is the only preload) ---
| tran 10u 4m
| meas tran vpk max v(vout) from=100u to=4m
| meas tran vfloor min v(vout) from=3.1m to=4m
| meas tran tset when v(vout)=1.764 rise=1
| * --- leg 2: C_out 0.33uF, 50 mA ---
| alter rload = 36
| tran 10u 4m
| meas tran vpk max v(vout) from=100u to=4m
| meas tran vfloor min v(vout) from=3.1m to=4m
| meas tran tset when v(vout)=1.764 rise=1
| * --- leg 3: C_out 4.7uF, 0 mA ---
| alter cout = 4.7u
| alter rload = 1e12
| tran 10u 4m
| meas tran vpk max v(vout) from=100u to=4m
| meas tran vfloor min v(vout) from=3.1m to=4m
| meas tran tset when v(vout)=1.764 rise=1
| * --- leg 4: C_out 4.7uF, 50 mA ---
| alter rload = 36
| tran 10u 4m
| meas tran vpk max v(vout) from=100u to=4m
| meas tran vfloor min v(vout) from=3.1m to=4m
| meas tran tset when v(vout)=1.764 rise=1
| let meas_vpk_c033_0ma_v = tran1.vpk
| let meas_vfloor_c033_0ma_v = tran1.vfloor
| let meas_tramp_c033_0ma_ms = 1000*(tran1.tset - 100u)
| let meas_vpk_c033_50ma_v = tran2.vpk
| let meas_vfloor_c033_50ma_v = tran2.vfloor
| let meas_tramp_c033_50ma_ms = 1000*(tran2.tset - 100u)
| let meas_vpk_c47_0ma_v = tran3.vpk
| let meas_vfloor_c47_0ma_v = tran3.vfloor
| let meas_tramp_c47_0ma_ms = 1000*(tran3.tset - 100u)
| let meas_vpk_c47_50ma_v = tran4.vpk
| let meas_vfloor_c47_50ma_v = tran4.vfloor
| let meas_tramp_c47_50ma_ms = 1000*(tran4.tset - 100u)
| print meas_vpk_c033_0ma_v
| print meas_vfloor_c033_0ma_v
| print meas_tramp_c033_0ma_ms
| print meas_vpk_c033_50ma_v
| print meas_vfloor_c033_50ma_v
| print meas_tramp_c033_50ma_ms
| print meas_vpk_c47_0ma_v
| print meas_vfloor_c47_0ma_v
| print meas_tramp_c47_0ma_ms
| print meas_vpk_c47_50ma_v
| print meas_vfloor_c47_50ma_v
| print meas_tramp_c47_50ma_ms
| quit
| .endc
| .end

# ==== ngspice stdout ====

Note: Compatibility modes selected: hs a


Circuit: * startup corner deck -- generated by sim/bin/corner-run.py, do not edit

option SCALE: Scale is set to 1e-06 for instance and model parameters
option SCALE: Scale is set to 1e-06 for instance and model parameters
option SCALE: Scale is set to 1e-06 for instance and model parameters
option SCALE: Scale is set to 1e-06 for instance and model parameters
Doing analysis at TEMP = 125.000000 and TNOM = 27.000000

Using KLU as Direct Linear Solver
 Reference value :  0.00000e+00
 Reference value :  8.00000e-07
 Reference value :  2.28000e-05
 Reference value :  6.28000e-05
 Reference value :  1.00000e-04
 Reference value :  1.00100e-04
 Reference value :  1.00412e-04
 Reference value :  1.00588e-04
 Reference value :  1.00758e-04
 Reference value :  1.00843e-04
 Reference value :  1.00910e-04
 Reference value :  1.00994e-04
 Reference value :  1.01012e-04
 Reference value :  1.01109e-04
 Reference value :  1.01326e-04
 Reference value :  1.01778e-04
 Reference value :  1.02367e-04
 Reference value :  1.05192e-04
 Reference value :  1.22607e-04
 Reference value :  1.42607e-04
 Reference value :  1.62607e-04
 Reference value :  1.92607e-04
 Reference value :  2.22607e-04
 Reference value :  2.62607e-04
 Reference value :  3.02607e-04
 Reference value :  3.42607e-04
 Reference value :  3.82607e-04
 Reference value :  4.12607e-04
 Reference value :  4.42607e-04
 Reference value :  4.82607e-04
 Reference value :  5.22607e-04
 Reference value :  5.52607e-04
 Reference value :  5.82607e-04
 Reference value :  6.12607e-04
 Reference value :  6.42607e-04
 Reference value :  6.82607e-04
 Reference value :  7.22607e-04
 Reference value :  7.52607e-04
 Reference value :  7.92607e-04
 Reference value :  8.32607e-04
 Reference value :  8.72607e-04
 Reference value :  9.12607e-04
 Reference value :  9.52607e-04
 Reference value :  9.92607e-04
 Reference value :  1.03261e-03
 Reference value :  1.07261e-03
 Reference value :  1.11261e-03
 Reference value :  1.15261e-03
 Reference value :  1.19261e-03
 Reference value :  1.23261e-03
 Reference value :  1.27261e-03
 Reference value :  1.31261e-03
 Reference value :  1.35261e-03
 Reference value :  1.39261e-03
 Reference value :  1.44261e-03
 Reference value :  1.48261e-03
 Reference value :  1.52261e-03
 Reference value :  1.56261e-03
 Reference value :  1.60261e-03
 Reference value :  1.64261e-03
 Reference value :  1.68261e-03
 Reference value :  1.72261e-03
 Reference value :  1.77261e-03
 Reference value :  1.82261e-03
 Reference value :  1.87261e-03
 Reference value :  1.91261e-03
 Reference value :  1.95261e-03
 Reference value :  1.98261e-03
 Reference value :  2.01261e-03
 Reference value :  2.05261e-03
 Reference value :  2.09261e-03
 Reference value :  2.14261e-03
 Reference value :  2.18261e-03
 Reference value :  2.23261e-03
 Reference value :  2.27261e-03
 Reference value :  2.31261e-03
 Reference value :  2.35261e-03
 Reference value :  2.39261e-03
 Reference value :  2.43261e-03
 Reference value :  2.47261e-03
 Reference value :  2.51261e-03
 Reference value :  2.55261e-03
 Reference value :  2.59261e-03
 Reference value :  2.63261e-03
 Reference value :  2.67261e-03
 Reference value :  2.71261e-03
 Reference value :  2.75261e-03
 Reference value :  2.79261e-03
 Reference value :  2.83261e-03
 Reference value :  2.87261e-03
 Reference value :  2.90261e-03
 Reference value :  2.94261e-03
 Reference value :  2.98261e-03
 Reference value :  3.02261e-03
 Reference value :  3.06261e-03
 Reference value :  3.10261e-03
 Reference value :  3.14261e-03
 Reference value :  3.18261e-03
 Reference value :  3.21261e-03
 Reference value :  3.24261e-03
 Reference value :  3.27261e-03
 Reference value :  3.31261e-03
 Reference value :  3.35261e-03
 Reference value :  3.39261e-03
 Reference value :  3.43261e-03
 Reference value :  3.47261e-03
 Reference value :  3.51261e-03
 Reference value :  3.54261e-03
 Reference value :  3.58261e-03
 Reference value :  3.63261e-03
 Reference value :  3.67261e-03
 Reference value :  3.72261e-03
 Reference value :  3.76261e-03
 Reference value :  3.81261e-03
 Reference value :  3.84261e-03
 Reference value :  3.87261e-03
 Reference value :  3.91261e-03
 Reference value :  3.95261e-03
 Reference value :  3.99130e-03
No. of Data Rows : 438
vpk                 =  1.82060e+00 at=  9.62607e-04
vfloor              =  1.81572e+00 at=  4.00000e-03
tset                =  6.01839e-04
Doing analysis at TEMP = 125.000000 and TNOM = 27.000000

Using KLU as Direct Linear Solver
 Reference value :  0.00000e+00
 Reference value :  4.00000e-07
 Reference value :  3.20000e-06
 Reference value :  2.28000e-05
 Reference value :  5.28000e-05
 Reference value :  9.14000e-05
 Reference value :  1.00100e-04
 Reference value :  1.00300e-04
 Reference value :  1.00412e-04
 Reference value :  1.00517e-04
 Reference value :  1.00588e-04
 Reference value :  1.00758e-04
 Reference value :  1.00844e-04
 Reference value :  1.00911e-04
 Reference value :  1.01000e-04
 Reference value :  1.01017e-04
 Reference value :  1.01074e-04
 Reference value :  1.01173e-04
 Reference value :  1.01337e-04
 Reference value :  1.01824e-04
 Reference value :  1.02538e-04
 Reference value :  1.06397e-04
 Reference value :  1.14466e-04
 Reference value :  1.19637e-04
 Reference value :  1.29928e-04
 Reference value :  1.42263e-04
 Reference value :  1.58783e-04
 Reference value :  1.88783e-04
 Reference value :  2.28783e-04
 Reference value :  2.68783e-04
 Reference value :  2.98783e-04
 Reference value :  3.38783e-04
 Reference value :  3.68783e-04
 Reference value :  4.08783e-04
 Reference value :  4.48783e-04
 Reference value :  4.88783e-04
 Reference value :  5.28783e-04
 Reference value :  5.68783e-04
 Reference value :  6.08783e-04
 Reference value :  6.48783e-04
 Reference value :  6.88783e-04
 Reference value :  7.28783e-04
 Reference value :  7.68783e-04
 Reference value :  8.08783e-04
 Reference value :  8.38783e-04
 Reference value :  8.68783e-04
 Reference value :  8.98783e-04
 Reference value :  9.38783e-04
 Reference value :  9.78783e-04
 Reference value :  1.00878e-03
 Reference value :  1.04878e-03
 Reference value :  1.07878e-03
 Reference value :  1.10878e-03
 Reference value :  1.14878e-03
 Reference value :  1.19878e-03
 Reference value :  1.23878e-03
 Reference value :  1.27878e-03
 Reference value :  1.31878e-03
 Reference value :  1.35878e-03
 Reference value :  1.39878e-03
 Reference value :  1.43878e-03
 Reference value :  1.47878e-03
 Reference value :  1.51878e-03
 Reference value :  1.55878e-03
 Reference value :  1.59878e-03
 Reference value :  1.63878e-03
 Reference value :  1.66878e-03
 Reference value :  1.69878e-03
 Reference value :  1.72878e-03
 Reference value :  1.75878e-03
 Reference value :  1.79878e-03
 Reference value :  1.82878e-03
 Reference value :  1.85878e-03
 Reference value :  1.88878e-03
 Reference value :  1.91878e-03
 Reference value :  1.94878e-03
 Reference value :  1.97878e-03
 Reference value :  2.01878e-03
 Reference value :  2.05878e-03
 Reference value :  2.08878e-03
 Reference value :  2.11878e-03
 Reference value :  2.15878e-03
 Reference value :  2.18878e-03
 Reference value :  2.21878e-03
 Reference value :  2.24878e-03
 Reference value :  2.27878e-03
 Reference value :  2.31878e-03
 Reference value :  2.35878e-03
 Reference value :  2.38878e-03
 Reference value :  2.41878e-03
 Reference value :  2.45878e-03
 Reference value :  2.48878e-03
 Reference value :  2.52878e-03
 Reference value :  2.56878e-03
 Reference value :  2.60878e-03
 Reference value :  2.64878e-03
 Reference value :  2.67878e-03
 Reference value :  2.71878e-03
 Reference value :  2.75878e-03
 Reference value :  2.78878e-03
 Reference value :  2.81878e-03
 Reference value :  2.85878e-03
 Reference value :  2.89878e-03
 Reference value :  2.93878e-03
 Reference value :  2.96878e-03
 Reference value :  3.00878e-03
 Reference value :  3.03878e-03
 Reference value :  3.06878e-03
 Reference value :  3.09878e-03
 Reference value :  3.13878e-03
 Reference value :  3.16878e-03
 Reference value :  3.20878e-03
 Reference value :  3.24878e-03
 Reference value :  3.27878e-03
 Reference value :  3.30878e-03
 Reference value :  3.34878e-03
 Reference value :  3.38878e-03
 Reference value :  3.41878e-03
 Reference value :  3.44878e-03
 Reference value :  3.47878e-03
 Reference value :  3.51878e-03
 Reference value :  3.54878e-03
 Reference value :  3.58878e-03
 Reference value :  3.62878e-03
 Reference value :  3.66878e-03
 Reference value :  3.69878e-03
 Reference value :  3.73878e-03
 Reference value :  3.77878e-03
 Reference value :  3.81878e-03
 Reference value :  3.85878e-03
 Reference value :  3.90878e-03
 Reference value :  3.94878e-03
 Reference value :  3.98878e-03
No. of Data Rows : 440
vpk                 =  1.79732e+00 at=  1.60878e-03
vfloor              =  1.79732e+00 at=  3.99439e-03
tset                =  6.32353e-04
Doing analysis at TEMP = 125.000000 and TNOM = 27.000000

Using KLU as Direct Linear Solver
 Reference value :  0.00000e+00
 Reference value :  8.00000e-07
 Reference value :  1.28000e-05
 Reference value :  5.28000e-05
 Reference value :  9.14000e-05
 Reference value :  1.00100e-04
 Reference value :  1.00412e-04
 Reference value :  1.00588e-04
 Reference value :  1.00758e-04
 Reference value :  1.00843e-04
 Reference value :  1.00910e-04
 Reference value :  1.00994e-04
 Reference value :  1.01012e-04
 Reference value :  1.01060e-04
 Reference value :  1.01154e-04
 Reference value :  1.01326e-04
 Reference value :  1.01778e-04
 Reference value :  1.02367e-04
 Reference value :  1.03948e-04
 Reference value :  1.22607e-04
 Reference value :  1.42607e-04
 Reference value :  1.72607e-04
 Reference value :  2.02607e-04
 Reference value :  2.42607e-04
 Reference value :  2.82607e-04
 Reference value :  3.22607e-04
 Reference value :  3.52607e-04
 Reference value :  3.92607e-04
 Reference value :  4.32607e-04
 Reference value :  4.72607e-04
 Reference value :  5.12607e-04
 Reference value :  5.52607e-04
 Reference value :  5.92607e-04
 Reference value :  6.32607e-04
 Reference value :  6.62607e-04
 Reference value :  7.02607e-04
 Reference value :  7.42607e-04
 Reference value :  7.72607e-04
 Reference value :  8.02607e-04
 Reference value :  8.42607e-04
 Reference value :  8.72607e-04
 Reference value :  8.92607e-04
 Reference value :  9.12607e-04
 Reference value :  9.42607e-04
 Reference value :  9.82607e-04
 Reference value :  1.02261e-03
 Reference value :  1.05261e-03
 Reference value :  1.08261e-03
 Reference value :  1.11261e-03
 Reference value :  1.15261e-03
 Reference value :  1.18261e-03
 Reference value :  1.21261e-03
 Reference value :  1.24261e-03
 Reference value :  1.28261e-03
 Reference value :  1.31261e-03
 Reference value :  1.35261e-03
 Reference value :  1.40261e-03
 Reference value :  1.43261e-03
 Reference value :  1.47261e-03
 Reference value :  1.51261e-03
 Reference value :  1.55261e-03
 Reference value :  1.59261e-03
 Reference value :  1.62261e-03
 Reference value :  1.65261e-03
 Reference value :  1.68261e-03
 Reference value :  1.72261e-03
 Reference value :  1.76261e-03
 Reference value :  1.79261e-03
 Reference value :  1.82261e-03
 Reference value :  1.85261e-03
 Reference value :  1.88261e-03
 Reference value :  1.91261e-03
 Reference value :  1.94261e-03
 Reference value :  1.98261e-03
 Reference value :  2.01261e-03
 Reference value :  2.04261e-03
 Reference value :  2.07261e-03
 Reference value :  2.11261e-03
 Reference value :  2.15261e-03
 Reference value :  2.19261e-03
 Reference value :  2.23261e-03
 Reference value :  2.27261e-03
 Reference value :  2.31261e-03
 Reference value :  2.35261e-03
 Reference value :  2.38261e-03
 Reference value :  2.41261e-03
 Reference value :  2.44261e-03
 Reference value :  2.47261e-03
 Reference value :  2.51261e-03
 Reference value :  2.54261e-03
 Reference value :  2.58261e-03
 Reference value :  2.62261e-03
 Reference value :  2.66261e-03
 Reference value :  2.69261e-03
 Reference value :  2.73261e-03
 Reference value :  2.77261e-03
 Reference value :  2.80261e-03
 Reference value :  2.83261e-03
 Reference value :  2.87261e-03
 Reference value :  2.90261e-03
 Reference value :  2.93261e-03
 Reference value :  2.96261e-03
 Reference value :  3.00261e-03
 Reference value :  3.03261e-03
 Reference value :  3.07261e-03
 Reference value :  3.10261e-03
 Reference value :  3.13261e-03
 Reference value :  3.17261e-03
 Reference value :  3.20261e-03
 Reference value :  3.24261e-03
 Reference value :  3.28261e-03
 Reference value :  3.32261e-03
 Reference value :  3.36261e-03
 Reference value :  3.40261e-03
 Reference value :  3.44261e-03
 Reference value :  3.48261e-03
 Reference value :  3.52261e-03
 Reference value :  3.56261e-03
 Reference value :  3.60261e-03
 Reference value :  3.63261e-03
 Reference value :  3.66261e-03
 Reference value :  3.70261e-03
 Reference value :  3.74261e-03
 Reference value :  3.78261e-03
 Reference value :  3.82261e-03
 Reference value :  3.86261e-03
 Reference value :  3.89261e-03
 Reference value :  3.93261e-03
 Reference value :  3.96261e-03
 Reference value :  4.00000e-03
No. of Data Rows : 438
vpk                 =  1.82839e+00 at=  9.82607e-04
vfloor              =  1.82804e+00 at=  4.00000e-03
tset                =  5.92201e-04
Doing analysis at TEMP = 125.000000 and TNOM = 27.000000

Using KLU as Direct Linear Solver
 Reference value :  0.00000e+00
 Reference value :  8.00000e-07
 Reference value :  6.40000e-06
 Reference value :  4.28000e-05
 Reference value :  8.28000e-05
 Reference value :  1.00100e-04
 Reference value :  1.00300e-04
 Reference value :  1.00412e-04
 Reference value :  1.00517e-04
 Reference value :  1.00588e-04
 Reference value :  1.00758e-04
 Reference value :  1.00844e-04
 Reference value :  1.00911e-04
 Reference value :  1.01000e-04
 Reference value :  1.01040e-04
 Reference value :  1.01114e-04
 Reference value :  1.01234e-04
 Reference value :  1.01457e-04
 Reference value :  1.02189e-04
 Reference value :  1.04536e-04
 Reference value :  1.14174e-04
 Reference value :  1.18169e-04
 Reference value :  1.31917e-04
 Reference value :  1.50097e-04
 Reference value :  1.77732e-04
 Reference value :  2.07732e-04
 Reference value :  2.47732e-04
 Reference value :  2.87732e-04
 Reference value :  3.27732e-04
 Reference value :  3.67732e-04
 Reference value :  4.07732e-04
 Reference value :  4.37732e-04
 Reference value :  4.77732e-04
 Reference value :  5.17732e-04
 Reference value :  5.57732e-04
 Reference value :  5.97732e-04
 Reference value :  6.37732e-04
 Reference value :  6.77732e-04
 Reference value :  7.17732e-04
 Reference value :  7.57732e-04
 Reference value :  7.87732e-04
 Reference value :  8.17732e-04
 Reference value :  8.47732e-04
 Reference value :  8.77732e-04
 Reference value :  9.17732e-04
 Reference value :  9.47732e-04
 Reference value :  9.77732e-04
 Reference value :  1.01773e-03
 Reference value :  1.04773e-03
 Reference value :  1.08773e-03
 Reference value :  1.11773e-03
 Reference value :  1.15773e-03
 Reference value :  1.19773e-03
 Reference value :  1.22773e-03
 Reference value :  1.25773e-03
 Reference value :  1.28773e-03
 Reference value :  1.32773e-03
 Reference value :  1.36773e-03
 Reference value :  1.40773e-03
 Reference value :  1.43773e-03
 Reference value :  1.47773e-03
 Reference value :  1.51773e-03
 Reference value :  1.55773e-03
 Reference value :  1.59773e-03
 Reference value :  1.63773e-03
 Reference value :  1.67773e-03
 Reference value :  1.71773e-03
 Reference value :  1.74773e-03
 Reference value :  1.78773e-03
 Reference value :  1.81773e-03
 Reference value :  1.85773e-03
 Reference value :  1.89773e-03
 Reference value :  1.92773e-03
 Reference value :  1.96773e-03
 Reference value :  1.99773e-03
 Reference value :  2.02773e-03
 Reference value :  2.06773e-03
 Reference value :  2.09773e-03
 Reference value :  2.12773e-03
 Reference value :  2.16773e-03
 Reference value :  2.20773e-03
 Reference value :  2.24773e-03
 Reference value :  2.28773e-03
 Reference value :  2.32773e-03
 Reference value :  2.35773e-03
 Reference value :  2.39773e-03
 Reference value :  2.43773e-03
 Reference value :  2.47773e-03
 Reference value :  2.51773e-03
 Reference value :  2.55773e-03
 Reference value :  2.59773e-03
 Reference value :  2.63773e-03
 Reference value :  2.67773e-03
 Reference value :  2.71773e-03
 Reference value :  2.75773e-03
 Reference value :  2.78773e-03
 Reference value :  2.82773e-03
 Reference value :  2.87773e-03
 Reference value :  2.91773e-03
 Reference value :  2.95773e-03
 Reference value :  2.99773e-03
 Reference value :  3.03773e-03
 Reference value :  3.07773e-03
 Reference value :  3.11773e-03
 Reference value :  3.15773e-03
 Reference value :  3.19773e-03
 Reference value :  3.23773e-03
 Reference value :  3.27773e-03
 Reference value :  3.31773e-03
 Reference value :  3.35773e-03
 Reference value :  3.39773e-03
 Reference value :  3.43773e-03
 Reference value :  3.47773e-03
 Reference value :  3.50773e-03
 Reference value :  3.54773e-03
 Reference value :  3.57773e-03
 Reference value :  3.61773e-03
 Reference value :  3.65773e-03
 Reference value :  3.69773e-03
 Reference value :  3.72773e-03
 Reference value :  3.76773e-03
 Reference value :  3.80773e-03
 Reference value :  3.84773e-03
 Reference value :  3.88773e-03
 Reference value :  3.92773e-03
 Reference value :  3.96773e-03
 Reference value :  4.00000e-03
No. of Data Rows : 441
vpk                 =  1.79732e+00 at=  1.44773e-03
vfloor              =  1.79732e+00 at=  4.00000e-03
tset                =  6.14561e-04
meas_vpk_c033_0ma_v = 1.820601e+00
meas_vfloor_c033_0ma_v = 1.815723e+00
meas_tramp_c033_0ma_ms = 5.018387e-01
meas_vpk_c033_50ma_v = 1.797319e+00
meas_vfloor_c033_50ma_v = 1.797318e+00
meas_tramp_c033_50ma_ms = 5.323530e-01
meas_vpk_c47_0ma_v = 1.828389e+00
meas_vfloor_c47_0ma_v = 1.828039e+00
meas_tramp_c47_0ma_ms = 4.922013e-01
meas_vpk_c47_50ma_v = 1.797319e+00
meas_vfloor_c47_50ma_v = 1.797318e+00
meas_tramp_c47_50ma_ms = 5.145611e-01
ngspice-46 done

# ==== ngspice stderr ====
Note: Starting dynamic gmin stepping
Note: Dynamic gmin stepping completed
Note: Starting dynamic gmin stepping
Note: Dynamic gmin stepping completed
