# corner: tt_125c_3.30v
# process=tt temp=125C supply=3.30V
# ngspice exit: 0
# wall clock: 104.0s (--timeout was 300s)
# result: PASS

# ==== deck (exact input given to ngspice) ====
| * startup corner deck -- generated by sim/bin/corner-run.py, do not edit
| * corner: tt_125c_3.30v
| .param vsup=3.3
| .option wnflag=1
| .temp 125
| .lib "/home/ubuntu/.volare/sky130A/libs.tech/combined/sky130.lib.spice" tt
| ** sch_path: sim/startup/testbench/tb_startup.sch
| **.subckt tb_startup
| VVIN VIN 0 'vsup'
| .save i(vvin)
| VEN EN 0 PULSE(0 'vsup' 100u 1u 1u 100 200)
| .save i(ven)
| VVREF VREF 0 1.2
| .save i(vvref)
| xldo VOUT VREF EN VIN ldo_3v3in_1v8out
| COUT VOUT VESR 0.33u m=1
| RESR VESR 0 10m m=1
| RLOAD VOUT 0 1e12 m=1
| **.ends
| 
| * expanding   symbol:  design/ldo_3v3in_1v8out.sym # of pins=4
| ** sym_path: design/ldo_3v3in_1v8out.sym
| ** sch_path: design/ldo_3v3in_1v8out.sch
| .subckt ldo_3v3in_1v8out VOUT VREF EN VIN
| *.ipin VIN
| *.ipin EN
| *.ipin VREF
| *.opin VOUT
| XR_BIAS VIN NB 0 sky130_fd_pr__res_high_po W=0.42 L=1500 mult=1 m=1
| XM_BIASN1 NB NB BIAS_ENN 0 sky130_fd_pr__nfet_g5v0d10v5 L=1 W=4 nf=1 ad=1.16 as=1.16 pd=8.58 ps=8.58 nrd=0.0725 nrs=0.0725 sa=0
| + sb=0 sd=0 mult=1 m=1
| XM_ENN BIAS_ENN EN 0 0 sky130_fd_pr__nfet_g5v0d10v5 L=0.5 W=10 nf=1 ad=2.9 as=2.9 pd=20.58 ps=20.58 nrd=0.029 nrs=0.029 sa=0 sb=0
| + sd=0 mult=1 m=1
| XM_BIASN2 BIASP NB BIAS_ENN 0 sky130_fd_pr__nfet_g5v0d10v5 L=1 W=4 nf=1 ad=1.16 as=1.16 pd=8.58 ps=8.58 nrd=0.0725 nrs=0.0725 sa=0
| + sb=0 sd=0 mult=1 m=1
| XM_BIASP1 BIASP BIASP VIN VIN sky130_fd_pr__pfet_g5v0d10v5 L=1 W=10 nf=2 ad=1.45 as=2.9 pd=10.58 ps=21.16 nrd=0.029 nrs=0.029 sa=0
| + sb=0 sd=0 mult=1 m=1
| XM_ENP2 BIASP EN VIN VIN sky130_fd_pr__pfet_g5v0d10v5 L=0.5 W=10 nf=1 ad=2.9 as=2.9 pd=20.58 ps=20.58 nrd=0.029 nrs=0.029 sa=0
| + sb=0 sd=0 mult=1 m=1
| XM_TAIL EA_TAIL BIASP VIN VIN sky130_fd_pr__pfet_g5v0d10v5 L=2 W=40 nf=8 ad=5.8 as=7.25 pd=42.32 ps=52.9 nrd=0.00725 nrs=0.00725
| + sa=0 sb=0 sd=0 mult=1 m=1
| XM_IN1 EA_D1 FB EA_TAIL VIN sky130_fd_pr__pfet_g5v0d10v5 L=2 W=10 nf=2 ad=1.45 as=2.9 pd=10.58 ps=21.16 nrd=0.029 nrs=0.029 sa=0
| + sb=0 sd=0 mult=1 m=1
| XM_IN2 EA_D2 VREF EA_TAIL VIN sky130_fd_pr__pfet_g5v0d10v5 L=2 W=10 nf=2 ad=1.45 as=2.9 pd=10.58 ps=21.16 nrd=0.029 nrs=0.029 sa=0
| + sb=0 sd=0 mult=1 m=1
| XM_MIR1 EA_D1 EA_D1 AMP_ENN 0 sky130_fd_pr__nfet_g5v0d10v5 L=4 W=10 nf=2 ad=1.45 as=2.9 pd=10.58 ps=21.16 nrd=0.029 nrs=0.029 sa=0
| + sb=0 sd=0 mult=1 m=1
| XM_MIR2 EA_OUT EA_D1 AMP_ENN 0 sky130_fd_pr__nfet_g5v0d10v5 L=4 W=10 nf=2 ad=1.45 as=2.9 pd=10.58 ps=21.16 nrd=0.029 nrs=0.029
| + sa=0 sb=0 sd=0 mult=1 m=1
| XM_ENN2 AMP_ENN EN 0 0 sky130_fd_pr__nfet_g5v0d10v5 L=0.5 W=10 nf=1 ad=2.9 as=2.9 pd=20.58 ps=20.58 nrd=0.029 nrs=0.029 sa=0 sb=0
| + sd=0 mult=1 m=1
| XM_ENP EA_OUT EN VIN VIN sky130_fd_pr__pfet_g5v0d10v5 L=0.5 W=10 nf=1 ad=2.9 as=2.9 pd=20.58 ps=20.58 nrd=0.029 nrs=0.029 sa=0
| + sb=0 sd=0 mult=1 m=1
| XM_MIR3 EA_D2 EA_D2 AMP_ENN 0 sky130_fd_pr__nfet_g5v0d10v5 L=4 W=10 nf=2 ad=1.45 as=2.9 pd=10.58 ps=21.16 nrd=0.029 nrs=0.029 sa=0
| + sb=0 sd=0 mult=1 m=1
| XM_MIR4 PB EA_D2 AMP_ENN 0 sky130_fd_pr__nfet_g5v0d10v5 L=4 W=10 nf=2 ad=1.45 as=2.9 pd=10.58 ps=21.16 nrd=0.029 nrs=0.029 sa=0
| + sb=0 sd=0 mult=1 m=1
| XM_MIRP1 PB PB VIN VIN sky130_fd_pr__pfet_g5v0d10v5 L=4 W=20 nf=4 ad=2.9 as=4.35 pd=21.16 ps=31.74 nrd=0.0145 nrs=0.0145 sa=0 sb=0
| + sd=0 mult=1 m=1
| XM_MIRP2 EA_OUT PB VIN VIN sky130_fd_pr__pfet_g5v0d10v5 L=4 W=20 nf=4 ad=2.9 as=4.35 pd=21.16 ps=31.74 nrd=0.0145 nrs=0.0145 sa=0
| + sb=0 sd=0 mult=1 m=1
| XM_ENP5 PB EN VIN VIN sky130_fd_pr__pfet_g5v0d10v5 L=0.5 W=2 nf=1 ad=0.58 as=0.58 pd=4.58 ps=4.58 nrd=0.145 nrs=0.145 sa=0 sb=0
| + sd=0 mult=1 m=1
| XM_PASS VOUT EA_OUT VIN VIN sky130_fd_pr__pfet_g5v0d10v5 L=0.5 W=100 nf=25 ad=15.08 as=15.08 pd=111.54 ps=111.54 nrd=0.0029
| + nrs=0.0029 sa=0 sb=0 sd=0 mult=25 m=25
| C_COMP VOUT EA_CZ 150p m=1
| XR_CZ EA_CZ EA_OUT 0 sky130_fd_pr__res_xhigh_po W=0.42 L=52 mult=1 m=1
| XR_FB_A VOUT FB 0 sky130_fd_pr__res_xhigh_po W=0.42 L=180 mult=1 m=1
| XR_FB_B FB N_FBB 0 sky130_fd_pr__res_xhigh_po W=0.42 L=180 mult=1 m=1
| XR_FB_C N_FBB 0 0 sky130_fd_pr__res_xhigh_po W=0.42 L=180 mult=1 m=1
| XM_SENSE CL_SNS EA_OUT VIN VIN sky130_fd_pr__pfet_g5v0d10v5 L=0.5 W=0.42 nf=1 ad=0.1218 as=0.1218 pd=1.42 ps=1.42
| + nrd=0.69047619047619 nrs=0.69047619047619 sa=0 sb=0 sd=0 mult=1 m=1
| XM_CLN1 CL_SNS CL_SNS AMP_ENN 0 sky130_fd_pr__nfet_g5v0d10v5 L=1 W=20 nf=1 ad=5.8 as=5.8 pd=40.58 ps=40.58 nrd=0.0145 nrs=0.0145
| + sa=0 sb=0 sd=0 mult=1 m=1
| XM_CLN2 CL_CMP CL_SNS AMP_ENN 0 sky130_fd_pr__nfet_g5v0d10v5 L=1 W=1.6 nf=1 ad=0.464 as=0.464 pd=3.78 ps=3.78 nrd=0.18125
| + nrs=0.18125 sa=0 sb=0 sd=0 mult=1 m=1
| XM_CLP CL_CMP BIASP VIN VIN sky130_fd_pr__pfet_g5v0d10v5 L=1 W=10 nf=2 ad=1.45 as=2.9 pd=10.58 ps=21.16 nrd=0.029 nrs=0.029 sa=0
| + sb=0 sd=0 mult=1 m=1
| XM_CLIM EA_OUT CL_CMP VIN VIN sky130_fd_pr__pfet_g5v0d10v5 L=0.5 W=20 nf=4 ad=2.9 as=4.35 pd=21.16 ps=31.74 nrd=0.0145 nrs=0.0145
| + sa=0 sb=0 sd=0 mult=1 m=1
| XM_ENP3 CL_CMP EN VIN VIN sky130_fd_pr__pfet_g5v0d10v5 L=0.5 W=2 nf=1 ad=0.58 as=0.58 pd=4.58 ps=4.58 nrd=0.145 nrs=0.145 sa=0
| + sb=0 sd=0 mult=1 m=1
| C_CL VIN CL_CMP 1p m=1
| XM_INVP ENB EN VIN VIN sky130_fd_pr__pfet_g5v0d10v5 L=0.5 W=2 nf=1 ad=0.58 as=0.58 pd=4.58 ps=4.58 nrd=0.145 nrs=0.145 sa=0 sb=0
| + sd=0 mult=1 m=1
| XM_INVN ENB EN 0 0 sky130_fd_pr__nfet_g5v0d10v5 L=0.5 W=1 nf=1 ad=0.29 as=0.29 pd=2.58 ps=2.58 nrd=0.29 nrs=0.29 sa=0 sb=0 sd=0
| + mult=1 m=1
| XM_SSDIS SS ENB 0 0 sky130_fd_pr__nfet_g5v0d10v5 L=0.5 W=2 nf=1 ad=0.58 as=0.58 pd=4.58 ps=4.58 nrd=0.145 nrs=0.145 sa=0 sb=0 sd=0
| + mult=1 m=1
| XM_SSCHG SS BIASP VIN VIN sky130_fd_pr__pfet_g5v0d10v5 L=8 W=1 nf=1 ad=0.29 as=0.29 pd=2.58 ps=2.58 nrd=0.29 nrs=0.29 sa=0 sb=0
| + sd=0 mult=1 m=1
| C_SS SS 0 10p m=1
| XM_IN2S EA_D2 SS EA_TAIL VIN sky130_fd_pr__pfet_g5v0d10v5 L=2 W=10 nf=2 ad=1.45 as=2.9 pd=10.58 ps=21.16 nrd=0.029 nrs=0.029 sa=0
| + sb=0 sd=0 mult=1 m=1
| XM_TSPS TS_SNS BIASP VIN VIN sky130_fd_pr__pfet_g5v0d10v5 L=1 W=2.5 nf=1 ad=0.725 as=0.725 pd=5.58 ps=5.58 nrd=0.116 nrs=0.116
| + sa=0 sb=0 sd=0 mult=1 m=1
| XM_TSD1 TS_SNS TS_SNS TS_MID 0 sky130_fd_pr__nfet_g5v0d10v5 L=1 W=80 nf=16 ad=11.6 as=13.05 pd=84.64 ps=95.22 nrd=0.003625
| + nrs=0.003625 sa=0 sb=0 sd=0 mult=1 m=1
| XM_TSD2 TS_MID TS_MID AMP_ENN 0 sky130_fd_pr__nfet_g5v0d10v5 L=1 W=80 nf=16 ad=11.6 as=13.05 pd=84.64 ps=95.22 nrd=0.003625
| + nrs=0.003625 sa=0 sb=0 sd=0 mult=1 m=1
| XM_TSPR TS_REF BIASP VIN VIN sky130_fd_pr__pfet_g5v0d10v5 L=1 W=2.5 nf=1 ad=0.725 as=0.725 pd=5.58 ps=5.58 nrd=0.116 nrs=0.116
| + sa=0 sb=0 sd=0 mult=1 m=1
| XM_TSR1 TS_REF TS_REF AMP_ENN 0 sky130_fd_pr__nfet_g5v0d10v5 L=10 W=2 nf=1 ad=0.58 as=0.58 pd=4.58 ps=4.58 nrd=0.145 nrs=0.145
| + sa=0 sb=0 sd=0 mult=1 m=1
| XM_TCTAIL TC_TAIL NB AMP_ENN 0 sky130_fd_pr__nfet_g5v0d10v5 L=1 W=1 nf=1 ad=0.29 as=0.29 pd=2.58 ps=2.58 nrd=0.29 nrs=0.29 sa=0
| + sb=0 sd=0 mult=1 m=1
| XM_TCN1 TC_D1 TS_SNS TC_TAIL 0 sky130_fd_pr__nfet_g5v0d10v5 L=2 W=10 nf=2 ad=1.45 as=2.9 pd=10.58 ps=21.16 nrd=0.029 nrs=0.029
| + sa=0 sb=0 sd=0 mult=1 m=1
| XM_TCN2 TS_CMP TS_REF TC_TAIL 0 sky130_fd_pr__nfet_g5v0d10v5 L=2 W=10 nf=2 ad=1.45 as=2.9 pd=10.58 ps=21.16 nrd=0.029 nrs=0.029
| + sa=0 sb=0 sd=0 mult=1 m=1
| XM_TCP1 TC_D1 TC_D1 VIN VIN sky130_fd_pr__pfet_g5v0d10v5 L=2 W=10 nf=2 ad=1.45 as=2.9 pd=10.58 ps=21.16 nrd=0.029 nrs=0.029 sa=0
| + sb=0 sd=0 mult=1 m=1
| XM_TCP2 TS_CMP TC_D1 VIN VIN sky130_fd_pr__pfet_g5v0d10v5 L=2 W=10 nf=2 ad=1.45 as=2.9 pd=10.58 ps=21.16 nrd=0.029 nrs=0.029 sa=0
| + sb=0 sd=0 mult=1 m=1
| XM_TSHUT EA_OUT TS_CMP VIN VIN sky130_fd_pr__pfet_g5v0d10v5 L=0.5 W=20 nf=4 ad=2.9 as=4.35 pd=21.16 ps=31.74 nrd=0.0145 nrs=0.0145
| + sa=0 sb=0 sd=0 mult=1 m=1
| XM_TSHYSB TS_HYS BIASP VIN VIN sky130_fd_pr__pfet_g5v0d10v5 L=2 W=1.5 nf=1 ad=0.435 as=0.435 pd=3.58 ps=3.58 nrd=0.193333333333333
| + nrs=0.193333333333333 sa=0 sb=0 sd=0 mult=1 m=1
| XM_TSHYS TS_REF TS_CMP TS_HYS VIN sky130_fd_pr__pfet_g5v0d10v5 L=0.5 W=2 nf=1 ad=0.58 as=0.58 pd=4.58 ps=4.58 nrd=0.145 nrs=0.145
| + sa=0 sb=0 sd=0 mult=1 m=1
| XM_ENP4 TS_CMP EN VIN VIN sky130_fd_pr__pfet_g5v0d10v5 L=0.5 W=2 nf=1 ad=0.58 as=0.58 pd=4.58 ps=4.58 nrd=0.145 nrs=0.145 sa=0
| + sb=0 sd=0 mult=1 m=1
| C_TS VIN TS_CMP 1p m=1
| .ends
| 
| .control
| save all
| * --- leg 1: C_out 0.33uF, 0 mA (feedback divider is the only preload) ---
| tran 10u 4m
| meas tran vpk max v(vout) from=100u to=4m
| meas tran vfloor min v(vout) from=3.1m to=4m
| meas tran tset when v(vout)=1.764 rise=1
| * --- leg 2: C_out 0.33uF, 50 mA ---
| alter rload = 36
| tran 10u 4m
| meas tran vpk max v(vout) from=100u to=4m
| meas tran vfloor min v(vout) from=3.1m to=4m
| meas tran tset when v(vout)=1.764 rise=1
| * --- leg 3: C_out 4.7uF, 0 mA ---
| alter cout = 4.7u
| alter rload = 1e12
| tran 10u 4m
| meas tran vpk max v(vout) from=100u to=4m
| meas tran vfloor min v(vout) from=3.1m to=4m
| meas tran tset when v(vout)=1.764 rise=1
| * --- leg 4: C_out 4.7uF, 50 mA ---
| alter rload = 36
| tran 10u 4m
| meas tran vpk max v(vout) from=100u to=4m
| meas tran vfloor min v(vout) from=3.1m to=4m
| meas tran tset when v(vout)=1.764 rise=1
| let meas_vpk_c033_0ma_v = tran1.vpk
| let meas_vfloor_c033_0ma_v = tran1.vfloor
| let meas_tramp_c033_0ma_ms = 1000*(tran1.tset - 100u)
| let meas_vpk_c033_50ma_v = tran2.vpk
| let meas_vfloor_c033_50ma_v = tran2.vfloor
| let meas_tramp_c033_50ma_ms = 1000*(tran2.tset - 100u)
| let meas_vpk_c47_0ma_v = tran3.vpk
| let meas_vfloor_c47_0ma_v = tran3.vfloor
| let meas_tramp_c47_0ma_ms = 1000*(tran3.tset - 100u)
| let meas_vpk_c47_50ma_v = tran4.vpk
| let meas_vfloor_c47_50ma_v = tran4.vfloor
| let meas_tramp_c47_50ma_ms = 1000*(tran4.tset - 100u)
| print meas_vpk_c033_0ma_v
| print meas_vfloor_c033_0ma_v
| print meas_tramp_c033_0ma_ms
| print meas_vpk_c033_50ma_v
| print meas_vfloor_c033_50ma_v
| print meas_tramp_c033_50ma_ms
| print meas_vpk_c47_0ma_v
| print meas_vfloor_c47_0ma_v
| print meas_tramp_c47_0ma_ms
| print meas_vpk_c47_50ma_v
| print meas_vfloor_c47_50ma_v
| print meas_tramp_c47_50ma_ms
| quit
| .endc
| .end

# ==== ngspice stdout ====

Note: Compatibility modes selected: hs a


Circuit: * startup corner deck -- generated by sim/bin/corner-run.py, do not edit

option SCALE: Scale is set to 1e-06 for instance and model parameters
option SCALE: Scale is set to 1e-06 for instance and model parameters
option SCALE: Scale is set to 1e-06 for instance and model parameters
option SCALE: Scale is set to 1e-06 for instance and model parameters
Doing analysis at TEMP = 125.000000 and TNOM = 27.000000

Using KLU as Direct Linear Solver
 Reference value :  0.00000e+00
 Reference value :  8.00000e-07
 Reference value :  6.40000e-06
 Reference value :  4.28000e-05
 Reference value :  7.28000e-05
 Reference value :  1.00000e-04
 Reference value :  1.00100e-04
 Reference value :  1.00300e-04
 Reference value :  1.00411e-04
 Reference value :  1.00516e-04
 Reference value :  1.00587e-04
 Reference value :  1.00659e-04
 Reference value :  1.00854e-04
 Reference value :  1.00927e-04
 Reference value :  1.00989e-04
 Reference value :  1.01002e-04
 Reference value :  1.01032e-04
 Reference value :  1.01098e-04
 Reference value :  1.01225e-04
 Reference value :  1.01413e-04
 Reference value :  1.02137e-04
 Reference value :  1.03431e-04
 Reference value :  1.16771e-04
 Reference value :  1.36771e-04
 Reference value :  1.56771e-04
 Reference value :  1.86771e-04
 Reference value :  2.16771e-04
 Reference value :  2.46771e-04
 Reference value :  2.76771e-04
 Reference value :  3.16771e-04
 Reference value :  3.46771e-04
 Reference value :  3.76771e-04
 Reference value :  4.16771e-04
 Reference value :  4.46771e-04
 Reference value :  4.76771e-04
 Reference value :  5.06771e-04
 Reference value :  5.36771e-04
 Reference value :  5.66771e-04
 Reference value :  6.06771e-04
 Reference value :  6.36771e-04
 Reference value :  6.76771e-04
 Reference value :  7.06771e-04
 Reference value :  7.46771e-04
 Reference value :  7.86771e-04
 Reference value :  8.26771e-04
 Reference value :  8.76771e-04
 Reference value :  9.16771e-04
 Reference value :  9.56771e-04
 Reference value :  9.96771e-04
 Reference value :  1.03677e-03
 Reference value :  1.07677e-03
 Reference value :  1.12677e-03
 Reference value :  1.16677e-03
 Reference value :  1.20677e-03
 Reference value :  1.24677e-03
 Reference value :  1.27677e-03
 Reference value :  1.30677e-03
 Reference value :  1.33677e-03
 Reference value :  1.36677e-03
 Reference value :  1.40677e-03
 Reference value :  1.43677e-03
 Reference value :  1.46677e-03
 Reference value :  1.49677e-03
 Reference value :  1.52677e-03
 Reference value :  1.55677e-03
 Reference value :  1.58677e-03
 Reference value :  1.61677e-03
 Reference value :  1.65677e-03
 Reference value :  1.69677e-03
 Reference value :  1.72677e-03
 Reference value :  1.76677e-03
 Reference value :  1.80677e-03
 Reference value :  1.83677e-03
 Reference value :  1.87677e-03
 Reference value :  1.91677e-03
 Reference value :  1.95677e-03
 Reference value :  1.99677e-03
 Reference value :  2.02677e-03
 Reference value :  2.06677e-03
 Reference value :  2.09677e-03
 Reference value :  2.12677e-03
 Reference value :  2.15677e-03
 Reference value :  2.19677e-03
 Reference value :  2.23677e-03
 Reference value :  2.27677e-03
 Reference value :  2.31677e-03
 Reference value :  2.35677e-03
 Reference value :  2.38677e-03
 Reference value :  2.42677e-03
 Reference value :  2.45677e-03
 Reference value :  2.48677e-03
 Reference value :  2.52677e-03
 Reference value :  2.55677e-03
 Reference value :  2.58677e-03
 Reference value :  2.61677e-03
 Reference value :  2.64677e-03
 Reference value :  2.67677e-03
 Reference value :  2.70677e-03
 Reference value :  2.73677e-03
 Reference value :  2.77677e-03
 Reference value :  2.81677e-03
 Reference value :  2.85677e-03
 Reference value :  2.89677e-03
 Reference value :  2.93677e-03
 Reference value :  2.97677e-03
 Reference value :  3.01677e-03
 Reference value :  3.04677e-03
 Reference value :  3.08677e-03
 Reference value :  3.12677e-03
 Reference value :  3.16677e-03
 Reference value :  3.19677e-03
 Reference value :  3.23677e-03
 Reference value :  3.26677e-03
 Reference value :  3.29677e-03
 Reference value :  3.33677e-03
 Reference value :  3.36677e-03
 Reference value :  3.40677e-03
 Reference value :  3.44677e-03
 Reference value :  3.48677e-03
 Reference value :  3.52677e-03
 Reference value :  3.56677e-03
 Reference value :  3.59677e-03
 Reference value :  3.63677e-03
 Reference value :  3.66677e-03
 Reference value :  3.69677e-03
 Reference value :  3.73677e-03
 Reference value :  3.77677e-03
 Reference value :  3.80677e-03
 Reference value :  3.84677e-03
 Reference value :  3.88677e-03
 Reference value :  3.91677e-03
 Reference value :  3.95677e-03
 Reference value :  3.98677e-03
No. of Data Rows : 438
vpk                 =  1.81977e+00 at=  8.86771e-04
vfloor              =  1.81491e+00 at=  4.00000e-03
tset                =  5.42317e-04
Doing analysis at TEMP = 125.000000 and TNOM = 27.000000

Using KLU as Direct Linear Solver
 Reference value :  0.00000e+00
 Reference value :  8.00000e-07
 Reference value :  1.28000e-05
 Reference value :  5.28000e-05
 Reference value :  9.14000e-05
 Reference value :  1.00100e-04
 Reference value :  1.00411e-04
 Reference value :  1.00587e-04
 Reference value :  1.00755e-04
 Reference value :  1.00927e-04
 Reference value :  1.00989e-04
 Reference value :  1.01002e-04
 Reference value :  1.01016e-04
 Reference value :  1.01056e-04
 Reference value :  1.01146e-04
 Reference value :  1.01298e-04
 Reference value :  1.01737e-04
 Reference value :  1.02697e-04
 Reference value :  1.08158e-04
 Reference value :  1.15854e-04
 Reference value :  1.24243e-04
 Reference value :  1.40252e-04
 Reference value :  1.57828e-04
 Reference value :  1.87828e-04
 Reference value :  2.47828e-04
 Reference value :  3.07828e-04
 Reference value :  3.57828e-04
 Reference value :  4.07828e-04
 Reference value :  4.67828e-04
 Reference value :  5.17828e-04
 Reference value :  5.77828e-04
 Reference value :  6.17828e-04
 Reference value :  6.77828e-04
 Reference value :  7.27828e-04
 Reference value :  7.67828e-04
 Reference value :  7.97828e-04
 Reference value :  8.37828e-04
 Reference value :  8.87828e-04
 Reference value :  9.47828e-04
 Reference value :  9.97828e-04
 Reference value :  1.04783e-03
 Reference value :  1.10783e-03
 Reference value :  1.16783e-03
 Reference value :  1.21783e-03
 Reference value :  1.27783e-03
 Reference value :  1.32783e-03
 Reference value :  1.35783e-03
 Reference value :  1.38783e-03
 Reference value :  1.41783e-03
 Reference value :  1.44783e-03
 Reference value :  1.48783e-03
 Reference value :  1.52783e-03
 Reference value :  1.56783e-03
 Reference value :  1.60783e-03
 Reference value :  1.64783e-03
 Reference value :  1.67783e-03
 Reference value :  1.71783e-03
 Reference value :  1.74783e-03
 Reference value :  1.78783e-03
 Reference value :  1.82783e-03
 Reference value :  1.85783e-03
 Reference value :  1.88783e-03
 Reference value :  1.92783e-03
 Reference value :  1.96783e-03
 Reference value :  2.00783e-03
 Reference value :  2.03783e-03
 Reference value :  2.07783e-03
 Reference value :  2.11783e-03
 Reference value :  2.15783e-03
 Reference value :  2.19783e-03
 Reference value :  2.23783e-03
 Reference value :  2.26783e-03
 Reference value :  2.30783e-03
 Reference value :  2.33783e-03
 Reference value :  2.36783e-03
 Reference value :  2.40783e-03
 Reference value :  2.44783e-03
 Reference value :  2.48783e-03
 Reference value :  2.52783e-03
 Reference value :  2.56783e-03
 Reference value :  2.60783e-03
 Reference value :  2.64783e-03
 Reference value :  2.68783e-03
 Reference value :  2.71783e-03
 Reference value :  2.74783e-03
 Reference value :  2.77783e-03
 Reference value :  2.81783e-03
 Reference value :  2.84783e-03
 Reference value :  2.88783e-03
 Reference value :  2.92783e-03
 Reference value :  2.96783e-03
 Reference value :  3.00783e-03
 Reference value :  3.04783e-03
 Reference value :  3.07783e-03
 Reference value :  3.11783e-03
 Reference value :  3.15783e-03
 Reference value :  3.18783e-03
 Reference value :  3.21783e-03
 Reference value :  3.25783e-03
 Reference value :  3.28783e-03
 Reference value :  3.32783e-03
 Reference value :  3.36783e-03
 Reference value :  3.40783e-03
 Reference value :  3.43783e-03
 Reference value :  3.47783e-03
 Reference value :  3.51783e-03
 Reference value :  3.55783e-03
 Reference value :  3.60783e-03
 Reference value :  3.65783e-03
 Reference value :  3.68783e-03
 Reference value :  3.71783e-03
 Reference value :  3.74783e-03
 Reference value :  3.77783e-03
 Reference value :  3.81783e-03
 Reference value :  3.85783e-03
 Reference value :  3.89783e-03
 Reference value :  3.93783e-03
 Reference value :  3.97783e-03
 Reference value :  4.00000e-03
No. of Data Rows : 442
vpk                 =  1.79749e+00 at=  1.38783e-03
vfloor              =  1.79749e+00 at=  3.99391e-03
tset                =  5.69589e-04
Doing analysis at TEMP = 125.000000 and TNOM = 27.000000

Using KLU as Direct Linear Solver
 Reference value :  0.00000e+00
 Reference value :  8.00000e-07
 Reference value :  1.28000e-05
 Reference value :  5.28000e-05
 Reference value :  8.28000e-05
 Reference value :  1.00100e-04
 Reference value :  1.00411e-04
 Reference value :  1.00587e-04
 Reference value :  1.00755e-04
 Reference value :  1.00854e-04
 Reference value :  1.00927e-04
 Reference value :  1.00989e-04
 Reference value :  1.01002e-04
 Reference value :  1.01032e-04
 Reference value :  1.01098e-04
 Reference value :  1.01225e-04
 Reference value :  1.01413e-04
 Reference value :  1.02137e-04
 Reference value :  1.02880e-04
 Reference value :  1.09937e-04
 Reference value :  1.26771e-04
 Reference value :  1.36771e-04
 Reference value :  1.56771e-04
 Reference value :  1.86771e-04
 Reference value :  2.26771e-04
 Reference value :  2.66771e-04
 Reference value :  3.06771e-04
 Reference value :  3.46771e-04
 Reference value :  3.86771e-04
 Reference value :  4.26771e-04
 Reference value :  4.66771e-04
 Reference value :  4.96771e-04
 Reference value :  5.26771e-04
 Reference value :  5.56771e-04
 Reference value :  5.86771e-04
 Reference value :  6.26771e-04
 Reference value :  6.66771e-04
 Reference value :  7.06771e-04
 Reference value :  7.46771e-04
 Reference value :  7.86771e-04
 Reference value :  8.26771e-04
 Reference value :  8.66771e-04
 Reference value :  9.06771e-04
 Reference value :  9.46771e-04
 Reference value :  9.86771e-04
 Reference value :  1.02677e-03
 Reference value :  1.06677e-03
 Reference value :  1.10677e-03
 Reference value :  1.14677e-03
 Reference value :  1.18677e-03
 Reference value :  1.22677e-03
 Reference value :  1.26677e-03
 Reference value :  1.30677e-03
 Reference value :  1.34677e-03
 Reference value :  1.38677e-03
 Reference value :  1.42677e-03
 Reference value :  1.46677e-03
 Reference value :  1.50677e-03
 Reference value :  1.54677e-03
 Reference value :  1.58677e-03
 Reference value :  1.62677e-03
 Reference value :  1.65677e-03
 Reference value :  1.70677e-03
 Reference value :  1.76677e-03
 Reference value :  1.81677e-03
 Reference value :  1.86677e-03
 Reference value :  1.91677e-03
 Reference value :  1.97677e-03
 Reference value :  2.03677e-03
 Reference value :  2.08677e-03
 Reference value :  2.14677e-03
 Reference value :  2.18677e-03
 Reference value :  2.22677e-03
 Reference value :  2.26677e-03
 Reference value :  2.30677e-03
 Reference value :  2.34677e-03
 Reference value :  2.38677e-03
 Reference value :  2.42677e-03
 Reference value :  2.46677e-03
 Reference value :  2.49677e-03
 Reference value :  2.53677e-03
 Reference value :  2.57677e-03
 Reference value :  2.61677e-03
 Reference value :  2.66677e-03
 Reference value :  2.72677e-03
 Reference value :  2.77677e-03
 Reference value :  2.82677e-03
 Reference value :  2.87677e-03
 Reference value :  2.92677e-03
 Reference value :  2.96677e-03
 Reference value :  3.01677e-03
 Reference value :  3.04677e-03
 Reference value :  3.09677e-03
 Reference value :  3.13677e-03
 Reference value :  3.17677e-03
 Reference value :  3.21677e-03
 Reference value :  3.25677e-03
 Reference value :  3.29677e-03
 Reference value :  3.33677e-03
 Reference value :  3.37677e-03
 Reference value :  3.41677e-03
 Reference value :  3.47677e-03
 Reference value :  3.52677e-03
 Reference value :  3.57677e-03
 Reference value :  3.61677e-03
 Reference value :  3.65677e-03
 Reference value :  3.69677e-03
 Reference value :  3.73677e-03
 Reference value :  3.76677e-03
 Reference value :  3.81677e-03
 Reference value :  3.84677e-03
 Reference value :  3.89677e-03
 Reference value :  3.93677e-03
 Reference value :  3.97677e-03
 Reference value :  4.00000e-03
No. of Data Rows : 438
vpk                 =  1.82781e+00 at=  8.96771e-04
vfloor              =  1.82746e+00 at=  4.00000e-03
tset                =  5.33103e-04
Doing analysis at TEMP = 125.000000 and TNOM = 27.000000

Using KLU as Direct Linear Solver
 Reference value :  0.00000e+00
 Reference value :  8.00000e-07
 Reference value :  1.28000e-05
 Reference value :  5.28000e-05
 Reference value :  9.14000e-05
 Reference value :  1.00100e-04
 Reference value :  1.00411e-04
 Reference value :  1.00587e-04
 Reference value :  1.00659e-04
 Reference value :  1.00854e-04
 Reference value :  1.00927e-04
 Reference value :  1.00989e-04
 Reference value :  1.01002e-04
 Reference value :  1.01033e-04
 Reference value :  1.01103e-04
 Reference value :  1.01298e-04
 Reference value :  1.01737e-04
 Reference value :  1.02697e-04
 Reference value :  1.05463e-04
 Reference value :  1.11330e-04
 Reference value :  1.13976e-04
 Reference value :  1.23785e-04
 Reference value :  1.37529e-04
 Reference value :  1.59919e-04
 Reference value :  1.89919e-04
 Reference value :  2.29919e-04
 Reference value :  2.69919e-04
 Reference value :  3.09919e-04
 Reference value :  3.49919e-04
 Reference value :  3.89919e-04
 Reference value :  4.19919e-04
 Reference value :  4.59919e-04
 Reference value :  4.99919e-04
 Reference value :  5.29919e-04
 Reference value :  5.69919e-04
 Reference value :  6.29919e-04
 Reference value :  6.79919e-04
 Reference value :  7.19919e-04
 Reference value :  7.59919e-04
 Reference value :  7.99919e-04
 Reference value :  8.29919e-04
 Reference value :  8.79919e-04
 Reference value :  9.19919e-04
 Reference value :  9.69919e-04
 Reference value :  1.00992e-03
 Reference value :  1.03992e-03
 Reference value :  1.06992e-03
 Reference value :  1.10992e-03
 Reference value :  1.14992e-03
 Reference value :  1.18992e-03
 Reference value :  1.23992e-03
 Reference value :  1.29992e-03
 Reference value :  1.34992e-03
 Reference value :  1.38992e-03
 Reference value :  1.42992e-03
 Reference value :  1.46992e-03
 Reference value :  1.50992e-03
 Reference value :  1.54992e-03
 Reference value :  1.58992e-03
 Reference value :  1.61992e-03
 Reference value :  1.65992e-03
 Reference value :  1.69992e-03
 Reference value :  1.73992e-03
 Reference value :  1.77992e-03
 Reference value :  1.81992e-03
 Reference value :  1.85992e-03
 Reference value :  1.89992e-03
 Reference value :  1.93992e-03
 Reference value :  1.96992e-03
 Reference value :  1.99992e-03
 Reference value :  2.03992e-03
 Reference value :  2.07992e-03
 Reference value :  2.11992e-03
 Reference value :  2.15992e-03
 Reference value :  2.19992e-03
 Reference value :  2.23992e-03
 Reference value :  2.27992e-03
 Reference value :  2.31992e-03
 Reference value :  2.35992e-03
 Reference value :  2.38992e-03
 Reference value :  2.43992e-03
 Reference value :  2.47992e-03
 Reference value :  2.51992e-03
 Reference value :  2.55992e-03
 Reference value :  2.60992e-03
 Reference value :  2.65992e-03
 Reference value :  2.71992e-03
 Reference value :  2.77992e-03
 Reference value :  2.83992e-03
 Reference value :  2.89992e-03
 Reference value :  2.93992e-03
 Reference value :  2.97992e-03
 Reference value :  3.00992e-03
 Reference value :  3.04992e-03
 Reference value :  3.07992e-03
 Reference value :  3.10992e-03
 Reference value :  3.14992e-03
 Reference value :  3.17992e-03
 Reference value :  3.20992e-03
 Reference value :  3.23992e-03
 Reference value :  3.27992e-03
 Reference value :  3.30992e-03
 Reference value :  3.33992e-03
 Reference value :  3.36992e-03
 Reference value :  3.39992e-03
 Reference value :  3.43992e-03
 Reference value :  3.47992e-03
 Reference value :  3.52992e-03
 Reference value :  3.57992e-03
 Reference value :  3.62992e-03
 Reference value :  3.66992e-03
 Reference value :  3.70992e-03
 Reference value :  3.74992e-03
 Reference value :  3.78992e-03
 Reference value :  3.82992e-03
 Reference value :  3.86992e-03
 Reference value :  3.91992e-03
 Reference value :  3.94992e-03
 Reference value :  3.98992e-03
No. of Data Rows : 444
vpk                 =  1.79749e+00 at=  1.31992e-03
vfloor              =  1.79749e+00 at=  4.00000e-03
tset                =  5.52132e-04
meas_vpk_c033_0ma_v = 1.819775e+00
meas_vfloor_c033_0ma_v = 1.814907e+00
meas_tramp_c033_0ma_ms = 4.423166e-01
meas_vpk_c033_50ma_v = 1.797493e+00
meas_vfloor_c033_50ma_v = 1.797490e+00
meas_tramp_c033_50ma_ms = 4.695893e-01
meas_vpk_c47_0ma_v = 1.827812e+00
meas_vfloor_c47_0ma_v = 1.827457e+00
meas_tramp_c47_0ma_ms = 4.331034e-01
meas_vpk_c47_50ma_v = 1.797493e+00
meas_vfloor_c47_50ma_v = 1.797490e+00
meas_tramp_c47_50ma_ms = 4.521319e-01
ngspice-46 done

# ==== ngspice stderr ====
Note: Starting dynamic gmin stepping
Note: Dynamic gmin stepping completed
Note: Starting dynamic gmin stepping
Note: Dynamic gmin stepping completed
