# corner: tt_27c_3.63v
# process=tt temp=27C supply=3.63V
# ngspice exit: 0
# wall clock: 107.4s (--timeout was 300s)
# result: PASS

# ==== deck (exact input given to ngspice) ====
| * startup corner deck -- generated by sim/bin/corner-run.py, do not edit
| * corner: tt_27c_3.63v
| .param vsup=3.63
| .option wnflag=1
| .temp 27
| .lib "/home/ubuntu/.volare/sky130A/libs.tech/combined/sky130.lib.spice" tt
| ** sch_path: sim/startup/testbench/tb_startup.sch
| **.subckt tb_startup
| VVIN VIN 0 'vsup'
| .save i(vvin)
| VEN EN 0 PULSE(0 'vsup' 100u 1u 1u 100 200)
| .save i(ven)
| VVREF VREF 0 1.2
| .save i(vvref)
| xldo VOUT VREF EN VIN ldo_3v3in_1v8out
| COUT VOUT VESR 0.33u m=1
| RESR VESR 0 10m m=1
| RLOAD VOUT 0 1e12 m=1
| **.ends
| 
| * expanding   symbol:  design/ldo_3v3in_1v8out.sym # of pins=4
| ** sym_path: design/ldo_3v3in_1v8out.sym
| ** sch_path: design/ldo_3v3in_1v8out.sch
| .subckt ldo_3v3in_1v8out VOUT VREF EN VIN
| *.ipin VIN
| *.ipin EN
| *.ipin VREF
| *.opin VOUT
| XR_BIAS VIN NB 0 sky130_fd_pr__res_high_po W=0.42 L=1500 mult=1 m=1
| XM_BIASN1 NB NB BIAS_ENN 0 sky130_fd_pr__nfet_g5v0d10v5 L=1 W=4 nf=1 ad=1.16 as=1.16 pd=8.58 ps=8.58 nrd=0.0725 nrs=0.0725 sa=0
| + sb=0 sd=0 mult=1 m=1
| XM_ENN BIAS_ENN EN 0 0 sky130_fd_pr__nfet_g5v0d10v5 L=0.5 W=10 nf=1 ad=2.9 as=2.9 pd=20.58 ps=20.58 nrd=0.029 nrs=0.029 sa=0 sb=0
| + sd=0 mult=1 m=1
| XM_BIASN2 BIASP NB BIAS_ENN 0 sky130_fd_pr__nfet_g5v0d10v5 L=1 W=4 nf=1 ad=1.16 as=1.16 pd=8.58 ps=8.58 nrd=0.0725 nrs=0.0725 sa=0
| + sb=0 sd=0 mult=1 m=1
| XM_BIASP1 BIASP BIASP VIN VIN sky130_fd_pr__pfet_g5v0d10v5 L=1 W=10 nf=2 ad=1.45 as=2.9 pd=10.58 ps=21.16 nrd=0.029 nrs=0.029 sa=0
| + sb=0 sd=0 mult=1 m=1
| XM_ENP2 BIASP EN VIN VIN sky130_fd_pr__pfet_g5v0d10v5 L=0.5 W=10 nf=1 ad=2.9 as=2.9 pd=20.58 ps=20.58 nrd=0.029 nrs=0.029 sa=0
| + sb=0 sd=0 mult=1 m=1
| XM_TAIL EA_TAIL BIASP VIN VIN sky130_fd_pr__pfet_g5v0d10v5 L=2 W=40 nf=8 ad=5.8 as=7.25 pd=42.32 ps=52.9 nrd=0.00725 nrs=0.00725
| + sa=0 sb=0 sd=0 mult=1 m=1
| XM_IN1 EA_D1 FB EA_TAIL VIN sky130_fd_pr__pfet_g5v0d10v5 L=2 W=10 nf=2 ad=1.45 as=2.9 pd=10.58 ps=21.16 nrd=0.029 nrs=0.029 sa=0
| + sb=0 sd=0 mult=1 m=1
| XM_IN2 EA_D2 VREF EA_TAIL VIN sky130_fd_pr__pfet_g5v0d10v5 L=2 W=10 nf=2 ad=1.45 as=2.9 pd=10.58 ps=21.16 nrd=0.029 nrs=0.029 sa=0
| + sb=0 sd=0 mult=1 m=1
| XM_MIR1 EA_D1 EA_D1 AMP_ENN 0 sky130_fd_pr__nfet_g5v0d10v5 L=4 W=10 nf=2 ad=1.45 as=2.9 pd=10.58 ps=21.16 nrd=0.029 nrs=0.029 sa=0
| + sb=0 sd=0 mult=1 m=1
| XM_MIR2 EA_OUT EA_D1 AMP_ENN 0 sky130_fd_pr__nfet_g5v0d10v5 L=4 W=10 nf=2 ad=1.45 as=2.9 pd=10.58 ps=21.16 nrd=0.029 nrs=0.029
| + sa=0 sb=0 sd=0 mult=1 m=1
| XM_ENN2 AMP_ENN EN 0 0 sky130_fd_pr__nfet_g5v0d10v5 L=0.5 W=10 nf=1 ad=2.9 as=2.9 pd=20.58 ps=20.58 nrd=0.029 nrs=0.029 sa=0 sb=0
| + sd=0 mult=1 m=1
| XM_ENP EA_OUT EN VIN VIN sky130_fd_pr__pfet_g5v0d10v5 L=0.5 W=10 nf=1 ad=2.9 as=2.9 pd=20.58 ps=20.58 nrd=0.029 nrs=0.029 sa=0
| + sb=0 sd=0 mult=1 m=1
| XM_MIR3 EA_D2 EA_D2 AMP_ENN 0 sky130_fd_pr__nfet_g5v0d10v5 L=4 W=10 nf=2 ad=1.45 as=2.9 pd=10.58 ps=21.16 nrd=0.029 nrs=0.029 sa=0
| + sb=0 sd=0 mult=1 m=1
| XM_MIR4 PB EA_D2 AMP_ENN 0 sky130_fd_pr__nfet_g5v0d10v5 L=4 W=10 nf=2 ad=1.45 as=2.9 pd=10.58 ps=21.16 nrd=0.029 nrs=0.029 sa=0
| + sb=0 sd=0 mult=1 m=1
| XM_MIRP1 PB PB VIN VIN sky130_fd_pr__pfet_g5v0d10v5 L=4 W=20 nf=4 ad=2.9 as=4.35 pd=21.16 ps=31.74 nrd=0.0145 nrs=0.0145 sa=0 sb=0
| + sd=0 mult=1 m=1
| XM_MIRP2 EA_OUT PB VIN VIN sky130_fd_pr__pfet_g5v0d10v5 L=4 W=20 nf=4 ad=2.9 as=4.35 pd=21.16 ps=31.74 nrd=0.0145 nrs=0.0145 sa=0
| + sb=0 sd=0 mult=1 m=1
| XM_ENP5 PB EN VIN VIN sky130_fd_pr__pfet_g5v0d10v5 L=0.5 W=2 nf=1 ad=0.58 as=0.58 pd=4.58 ps=4.58 nrd=0.145 nrs=0.145 sa=0 sb=0
| + sd=0 mult=1 m=1
| XM_PASS VOUT EA_OUT VIN VIN sky130_fd_pr__pfet_g5v0d10v5 L=0.5 W=100 nf=25 ad=15.08 as=15.08 pd=111.54 ps=111.54 nrd=0.0029
| + nrs=0.0029 sa=0 sb=0 sd=0 mult=25 m=25
| C_COMP VOUT EA_CZ 150p m=1
| XR_CZ EA_CZ EA_OUT 0 sky130_fd_pr__res_xhigh_po W=0.42 L=52 mult=1 m=1
| XR_FB_A VOUT FB 0 sky130_fd_pr__res_xhigh_po W=0.42 L=180 mult=1 m=1
| XR_FB_B FB N_FBB 0 sky130_fd_pr__res_xhigh_po W=0.42 L=180 mult=1 m=1
| XR_FB_C N_FBB 0 0 sky130_fd_pr__res_xhigh_po W=0.42 L=180 mult=1 m=1
| XM_SENSE CL_SNS EA_OUT VIN VIN sky130_fd_pr__pfet_g5v0d10v5 L=0.5 W=0.42 nf=1 ad=0.1218 as=0.1218 pd=1.42 ps=1.42
| + nrd=0.69047619047619 nrs=0.69047619047619 sa=0 sb=0 sd=0 mult=1 m=1
| XM_CLN1 CL_SNS CL_SNS AMP_ENN 0 sky130_fd_pr__nfet_g5v0d10v5 L=1 W=20 nf=1 ad=5.8 as=5.8 pd=40.58 ps=40.58 nrd=0.0145 nrs=0.0145
| + sa=0 sb=0 sd=0 mult=1 m=1
| XM_CLN2 CL_CMP CL_SNS AMP_ENN 0 sky130_fd_pr__nfet_g5v0d10v5 L=1 W=1.6 nf=1 ad=0.464 as=0.464 pd=3.78 ps=3.78 nrd=0.18125
| + nrs=0.18125 sa=0 sb=0 sd=0 mult=1 m=1
| XM_CLP CL_CMP BIASP VIN VIN sky130_fd_pr__pfet_g5v0d10v5 L=1 W=10 nf=2 ad=1.45 as=2.9 pd=10.58 ps=21.16 nrd=0.029 nrs=0.029 sa=0
| + sb=0 sd=0 mult=1 m=1
| XM_CLIM EA_OUT CL_CMP VIN VIN sky130_fd_pr__pfet_g5v0d10v5 L=0.5 W=20 nf=4 ad=2.9 as=4.35 pd=21.16 ps=31.74 nrd=0.0145 nrs=0.0145
| + sa=0 sb=0 sd=0 mult=1 m=1
| XM_ENP3 CL_CMP EN VIN VIN sky130_fd_pr__pfet_g5v0d10v5 L=0.5 W=2 nf=1 ad=0.58 as=0.58 pd=4.58 ps=4.58 nrd=0.145 nrs=0.145 sa=0
| + sb=0 sd=0 mult=1 m=1
| C_CL VIN CL_CMP 1p m=1
| XM_INVP ENB EN VIN VIN sky130_fd_pr__pfet_g5v0d10v5 L=0.5 W=2 nf=1 ad=0.58 as=0.58 pd=4.58 ps=4.58 nrd=0.145 nrs=0.145 sa=0 sb=0
| + sd=0 mult=1 m=1
| XM_INVN ENB EN 0 0 sky130_fd_pr__nfet_g5v0d10v5 L=0.5 W=1 nf=1 ad=0.29 as=0.29 pd=2.58 ps=2.58 nrd=0.29 nrs=0.29 sa=0 sb=0 sd=0
| + mult=1 m=1
| XM_SSDIS SS ENB 0 0 sky130_fd_pr__nfet_g5v0d10v5 L=0.5 W=2 nf=1 ad=0.58 as=0.58 pd=4.58 ps=4.58 nrd=0.145 nrs=0.145 sa=0 sb=0 sd=0
| + mult=1 m=1
| XM_SSCHG SS BIASP VIN VIN sky130_fd_pr__pfet_g5v0d10v5 L=8 W=1 nf=1 ad=0.29 as=0.29 pd=2.58 ps=2.58 nrd=0.29 nrs=0.29 sa=0 sb=0
| + sd=0 mult=1 m=1
| C_SS SS 0 10p m=1
| XM_IN2S EA_D2 SS EA_TAIL VIN sky130_fd_pr__pfet_g5v0d10v5 L=2 W=10 nf=2 ad=1.45 as=2.9 pd=10.58 ps=21.16 nrd=0.029 nrs=0.029 sa=0
| + sb=0 sd=0 mult=1 m=1
| XM_TSPS TS_SNS BIASP VIN VIN sky130_fd_pr__pfet_g5v0d10v5 L=1 W=2.5 nf=1 ad=0.725 as=0.725 pd=5.58 ps=5.58 nrd=0.116 nrs=0.116
| + sa=0 sb=0 sd=0 mult=1 m=1
| XM_TSD1 TS_SNS TS_SNS TS_MID 0 sky130_fd_pr__nfet_g5v0d10v5 L=1 W=80 nf=16 ad=11.6 as=13.05 pd=84.64 ps=95.22 nrd=0.003625
| + nrs=0.003625 sa=0 sb=0 sd=0 mult=1 m=1
| XM_TSD2 TS_MID TS_MID AMP_ENN 0 sky130_fd_pr__nfet_g5v0d10v5 L=1 W=80 nf=16 ad=11.6 as=13.05 pd=84.64 ps=95.22 nrd=0.003625
| + nrs=0.003625 sa=0 sb=0 sd=0 mult=1 m=1
| XM_TSPR TS_REF BIASP VIN VIN sky130_fd_pr__pfet_g5v0d10v5 L=1 W=2.5 nf=1 ad=0.725 as=0.725 pd=5.58 ps=5.58 nrd=0.116 nrs=0.116
| + sa=0 sb=0 sd=0 mult=1 m=1
| XM_TSR1 TS_REF TS_REF AMP_ENN 0 sky130_fd_pr__nfet_g5v0d10v5 L=10 W=2 nf=1 ad=0.58 as=0.58 pd=4.58 ps=4.58 nrd=0.145 nrs=0.145
| + sa=0 sb=0 sd=0 mult=1 m=1
| XM_TCTAIL TC_TAIL NB AMP_ENN 0 sky130_fd_pr__nfet_g5v0d10v5 L=1 W=1 nf=1 ad=0.29 as=0.29 pd=2.58 ps=2.58 nrd=0.29 nrs=0.29 sa=0
| + sb=0 sd=0 mult=1 m=1
| XM_TCN1 TC_D1 TS_SNS TC_TAIL 0 sky130_fd_pr__nfet_g5v0d10v5 L=2 W=10 nf=2 ad=1.45 as=2.9 pd=10.58 ps=21.16 nrd=0.029 nrs=0.029
| + sa=0 sb=0 sd=0 mult=1 m=1
| XM_TCN2 TS_CMP TS_REF TC_TAIL 0 sky130_fd_pr__nfet_g5v0d10v5 L=2 W=10 nf=2 ad=1.45 as=2.9 pd=10.58 ps=21.16 nrd=0.029 nrs=0.029
| + sa=0 sb=0 sd=0 mult=1 m=1
| XM_TCP1 TC_D1 TC_D1 VIN VIN sky130_fd_pr__pfet_g5v0d10v5 L=2 W=10 nf=2 ad=1.45 as=2.9 pd=10.58 ps=21.16 nrd=0.029 nrs=0.029 sa=0
| + sb=0 sd=0 mult=1 m=1
| XM_TCP2 TS_CMP TC_D1 VIN VIN sky130_fd_pr__pfet_g5v0d10v5 L=2 W=10 nf=2 ad=1.45 as=2.9 pd=10.58 ps=21.16 nrd=0.029 nrs=0.029 sa=0
| + sb=0 sd=0 mult=1 m=1
| XM_TSHUT EA_OUT TS_CMP VIN VIN sky130_fd_pr__pfet_g5v0d10v5 L=0.5 W=20 nf=4 ad=2.9 as=4.35 pd=21.16 ps=31.74 nrd=0.0145 nrs=0.0145
| + sa=0 sb=0 sd=0 mult=1 m=1
| XM_TSHYSB TS_HYS BIASP VIN VIN sky130_fd_pr__pfet_g5v0d10v5 L=2 W=1.5 nf=1 ad=0.435 as=0.435 pd=3.58 ps=3.58 nrd=0.193333333333333
| + nrs=0.193333333333333 sa=0 sb=0 sd=0 mult=1 m=1
| XM_TSHYS TS_REF TS_CMP TS_HYS VIN sky130_fd_pr__pfet_g5v0d10v5 L=0.5 W=2 nf=1 ad=0.58 as=0.58 pd=4.58 ps=4.58 nrd=0.145 nrs=0.145
| + sa=0 sb=0 sd=0 mult=1 m=1
| XM_ENP4 TS_CMP EN VIN VIN sky130_fd_pr__pfet_g5v0d10v5 L=0.5 W=2 nf=1 ad=0.58 as=0.58 pd=4.58 ps=4.58 nrd=0.145 nrs=0.145 sa=0
| + sb=0 sd=0 mult=1 m=1
| C_TS VIN TS_CMP 1p m=1
| .ends
| 
| .control
| save all
| * --- leg 1: C_out 0.33uF, 0 mA (feedback divider is the only preload) ---
| tran 10u 4m
| meas tran vpk max v(vout) from=100u to=4m
| meas tran vfloor min v(vout) from=3.1m to=4m
| meas tran tset when v(vout)=1.764 rise=1
| * --- leg 2: C_out 0.33uF, 50 mA ---
| alter rload = 36
| tran 10u 4m
| meas tran vpk max v(vout) from=100u to=4m
| meas tran vfloor min v(vout) from=3.1m to=4m
| meas tran tset when v(vout)=1.764 rise=1
| * --- leg 3: C_out 4.7uF, 0 mA ---
| alter cout = 4.7u
| alter rload = 1e12
| tran 10u 4m
| meas tran vpk max v(vout) from=100u to=4m
| meas tran vfloor min v(vout) from=3.1m to=4m
| meas tran tset when v(vout)=1.764 rise=1
| * --- leg 4: C_out 4.7uF, 50 mA ---
| alter rload = 36
| tran 10u 4m
| meas tran vpk max v(vout) from=100u to=4m
| meas tran vfloor min v(vout) from=3.1m to=4m
| meas tran tset when v(vout)=1.764 rise=1
| let meas_vpk_c033_0ma_v = tran1.vpk
| let meas_vfloor_c033_0ma_v = tran1.vfloor
| let meas_tramp_c033_0ma_ms = 1000*(tran1.tset - 100u)
| let meas_vpk_c033_50ma_v = tran2.vpk
| let meas_vfloor_c033_50ma_v = tran2.vfloor
| let meas_tramp_c033_50ma_ms = 1000*(tran2.tset - 100u)
| let meas_vpk_c47_0ma_v = tran3.vpk
| let meas_vfloor_c47_0ma_v = tran3.vfloor
| let meas_tramp_c47_0ma_ms = 1000*(tran3.tset - 100u)
| let meas_vpk_c47_50ma_v = tran4.vpk
| let meas_vfloor_c47_50ma_v = tran4.vfloor
| let meas_tramp_c47_50ma_ms = 1000*(tran4.tset - 100u)
| print meas_vpk_c033_0ma_v
| print meas_vfloor_c033_0ma_v
| print meas_tramp_c033_0ma_ms
| print meas_vpk_c033_50ma_v
| print meas_vfloor_c033_50ma_v
| print meas_tramp_c033_50ma_ms
| print meas_vpk_c47_0ma_v
| print meas_vfloor_c47_0ma_v
| print meas_tramp_c47_0ma_ms
| print meas_vpk_c47_50ma_v
| print meas_vfloor_c47_50ma_v
| print meas_tramp_c47_50ma_ms
| quit
| .endc
| .end

# ==== ngspice stdout ====

Note: Compatibility modes selected: hs a


Circuit: * startup corner deck -- generated by sim/bin/corner-run.py, do not edit

option SCALE: Scale is set to 1e-06 for instance and model parameters
option SCALE: Scale is set to 1e-06 for instance and model parameters
option SCALE: Scale is set to 1e-06 for instance and model parameters
option SCALE: Scale is set to 1e-06 for instance and model parameters
Doing analysis at TEMP = 27.000000 and TNOM = 27.000000

Using KLU as Direct Linear Solver
 Reference value :  0.00000e+00
 Reference value :  1.60000e-06
 Reference value :  3.28000e-05
 Reference value :  9.14000e-05
 Reference value :  1.00300e-04
 Reference value :  1.00410e-04
 Reference value :  1.00492e-04
 Reference value :  1.00555e-04
 Reference value :  1.00689e-04
 Reference value :  1.00771e-04
 Reference value :  1.00833e-04
 Reference value :  1.00871e-04
 Reference value :  1.00947e-04
 Reference value :  1.01000e-04
 Reference value :  1.01010e-04
 Reference value :  1.01059e-04
 Reference value :  1.01291e-04
 Reference value :  1.02493e-04
 Reference value :  1.16885e-04
 Reference value :  1.23692e-04
 Reference value :  1.29898e-04
 Reference value :  1.43971e-04
 Reference value :  1.71819e-04
 Reference value :  2.01819e-04
 Reference value :  2.21819e-04
 Reference value :  2.51819e-04
 Reference value :  2.91819e-04
 Reference value :  3.21819e-04
 Reference value :  3.51819e-04
 Reference value :  3.81819e-04
 Reference value :  4.21819e-04
 Reference value :  4.51819e-04
 Reference value :  4.71819e-04
 Reference value :  5.01819e-04
 Reference value :  5.31819e-04
 Reference value :  5.61819e-04
 Reference value :  5.91819e-04
 Reference value :  6.21819e-04
 Reference value :  6.51819e-04
 Reference value :  6.81819e-04
 Reference value :  7.11819e-04
 Reference value :  7.41819e-04
 Reference value :  7.81819e-04
 Reference value :  8.21819e-04
 Reference value :  8.71819e-04
 Reference value :  9.11819e-04
 Reference value :  9.51819e-04
 Reference value :  9.91819e-04
 Reference value :  1.03182e-03
 Reference value :  1.07182e-03
 Reference value :  1.11182e-03
 Reference value :  1.15182e-03
 Reference value :  1.19182e-03
 Reference value :  1.23182e-03
 Reference value :  1.28182e-03
 Reference value :  1.32182e-03
 Reference value :  1.36182e-03
 Reference value :  1.40182e-03
 Reference value :  1.44182e-03
 Reference value :  1.48182e-03
 Reference value :  1.52182e-03
 Reference value :  1.56182e-03
 Reference value :  1.60182e-03
 Reference value :  1.64182e-03
 Reference value :  1.68182e-03
 Reference value :  1.72182e-03
 Reference value :  1.75182e-03
 Reference value :  1.79182e-03
 Reference value :  1.83182e-03
 Reference value :  1.87182e-03
 Reference value :  1.91182e-03
 Reference value :  1.94182e-03
 Reference value :  1.97182e-03
 Reference value :  2.01182e-03
 Reference value :  2.05182e-03
 Reference value :  2.08182e-03
 Reference value :  2.12182e-03
 Reference value :  2.16182e-03
 Reference value :  2.20182e-03
 Reference value :  2.24182e-03
 Reference value :  2.28182e-03
 Reference value :  2.32182e-03
 Reference value :  2.36182e-03
 Reference value :  2.40182e-03
 Reference value :  2.44182e-03
 Reference value :  2.48182e-03
 Reference value :  2.52182e-03
 Reference value :  2.55182e-03
 Reference value :  2.59182e-03
 Reference value :  2.64182e-03
 Reference value :  2.67182e-03
 Reference value :  2.70182e-03
 Reference value :  2.73182e-03
 Reference value :  2.77182e-03
 Reference value :  2.81182e-03
 Reference value :  2.84182e-03
 Reference value :  2.88182e-03
 Reference value :  2.91182e-03
 Reference value :  2.95182e-03
 Reference value :  2.99182e-03
 Reference value :  3.02182e-03
 Reference value :  3.06182e-03
 Reference value :  3.10182e-03
 Reference value :  3.14182e-03
 Reference value :  3.18182e-03
 Reference value :  3.22182e-03
 Reference value :  3.26182e-03
 Reference value :  3.30182e-03
 Reference value :  3.34182e-03
 Reference value :  3.37182e-03
 Reference value :  3.41182e-03
 Reference value :  3.45182e-03
 Reference value :  3.49182e-03
 Reference value :  3.53182e-03
 Reference value :  3.57182e-03
 Reference value :  3.61182e-03
 Reference value :  3.65182e-03
 Reference value :  3.69182e-03
 Reference value :  3.73182e-03
 Reference value :  3.77182e-03
 Reference value :  3.81182e-03
 Reference value :  3.85182e-03
 Reference value :  3.88182e-03
 Reference value :  3.92182e-03
 Reference value :  3.95182e-03
 Reference value :  3.98182e-03
No. of Data Rows : 437
vpk                 =  1.81184e+00 at=  7.01819e-04
vfloor              =  1.80631e+00 at=  4.00000e-03
tset                =  3.95086e-04
Doing analysis at TEMP = 27.000000 and TNOM = 27.000000

Using KLU as Direct Linear Solver
 Reference value :  0.00000e+00
 Reference value :  8.00000e-07
 Reference value :  1.28000e-05
 Reference value :  5.28000e-05
 Reference value :  1.00000e-04
 Reference value :  1.00300e-04
 Reference value :  1.00410e-04
 Reference value :  1.00492e-04
 Reference value :  1.00555e-04
 Reference value :  1.00689e-04
 Reference value :  1.00771e-04
 Reference value :  1.00833e-04
 Reference value :  1.00871e-04
 Reference value :  1.00947e-04
 Reference value :  1.01000e-04
 Reference value :  1.01010e-04
 Reference value :  1.01059e-04
 Reference value :  1.01291e-04
 Reference value :  1.02492e-04
 Reference value :  1.06044e-04
 Reference value :  1.14246e-04
 Reference value :  1.18570e-04
 Reference value :  1.26662e-04
 Reference value :  1.38771e-04
 Reference value :  1.56133e-04
 Reference value :  1.86133e-04
 Reference value :  2.16133e-04
 Reference value :  2.56133e-04
 Reference value :  2.96133e-04
 Reference value :  3.36133e-04
 Reference value :  3.66133e-04
 Reference value :  3.86133e-04
 Reference value :  4.16133e-04
 Reference value :  4.46133e-04
 Reference value :  4.76133e-04
 Reference value :  5.16133e-04
 Reference value :  5.56133e-04
 Reference value :  5.96133e-04
 Reference value :  6.36133e-04
 Reference value :  6.66133e-04
 Reference value :  7.06133e-04
 Reference value :  7.46133e-04
 Reference value :  7.86133e-04
 Reference value :  8.26133e-04
 Reference value :  8.66133e-04
 Reference value :  9.06133e-04
 Reference value :  9.46133e-04
 Reference value :  9.86133e-04
 Reference value :  1.02613e-03
 Reference value :  1.06613e-03
 Reference value :  1.10613e-03
 Reference value :  1.14613e-03
 Reference value :  1.18613e-03
 Reference value :  1.22613e-03
 Reference value :  1.26613e-03
 Reference value :  1.30613e-03
 Reference value :  1.34613e-03
 Reference value :  1.38613e-03
 Reference value :  1.42613e-03
 Reference value :  1.46613e-03
 Reference value :  1.50613e-03
 Reference value :  1.53613e-03
 Reference value :  1.56613e-03
 Reference value :  1.59613e-03
 Reference value :  1.63613e-03
 Reference value :  1.67613e-03
 Reference value :  1.71613e-03
 Reference value :  1.74613e-03
 Reference value :  1.77613e-03
 Reference value :  1.80613e-03
 Reference value :  1.84613e-03
 Reference value :  1.88613e-03
 Reference value :  1.92613e-03
 Reference value :  1.95613e-03
 Reference value :  1.99613e-03
 Reference value :  2.03613e-03
 Reference value :  2.07613e-03
 Reference value :  2.11613e-03
 Reference value :  2.15613e-03
 Reference value :  2.18613e-03
 Reference value :  2.22613e-03
 Reference value :  2.25613e-03
 Reference value :  2.28613e-03
 Reference value :  2.32613e-03
 Reference value :  2.36613e-03
 Reference value :  2.40613e-03
 Reference value :  2.44613e-03
 Reference value :  2.48613e-03
 Reference value :  2.52613e-03
 Reference value :  2.56613e-03
 Reference value :  2.60613e-03
 Reference value :  2.63613e-03
 Reference value :  2.67613e-03
 Reference value :  2.71613e-03
 Reference value :  2.74613e-03
 Reference value :  2.78613e-03
 Reference value :  2.82613e-03
 Reference value :  2.86613e-03
 Reference value :  2.90613e-03
 Reference value :  2.94613e-03
 Reference value :  2.98613e-03
 Reference value :  3.02613e-03
 Reference value :  3.06613e-03
 Reference value :  3.10613e-03
 Reference value :  3.14613e-03
 Reference value :  3.17613e-03
 Reference value :  3.20613e-03
 Reference value :  3.23613e-03
 Reference value :  3.27613e-03
 Reference value :  3.31613e-03
 Reference value :  3.35613e-03
 Reference value :  3.39613e-03
 Reference value :  3.43613e-03
 Reference value :  3.47613e-03
 Reference value :  3.51613e-03
 Reference value :  3.55613e-03
 Reference value :  3.58613e-03
 Reference value :  3.62613e-03
 Reference value :  3.66613e-03
 Reference value :  3.70613e-03
 Reference value :  3.73613e-03
 Reference value :  3.77613e-03
 Reference value :  3.81613e-03
 Reference value :  3.85613e-03
 Reference value :  3.88613e-03
 Reference value :  3.91613e-03
 Reference value :  3.94613e-03
 Reference value :  3.99307e-03
No. of Data Rows : 439
vpk                 =  1.79823e+00 at=  1.01613e-03
vfloor              =  1.79817e+00 at=  3.99307e-03
tset                =  4.20041e-04
Doing analysis at TEMP = 27.000000 and TNOM = 27.000000

Using KLU as Direct Linear Solver
 Reference value :  0.00000e+00
 Reference value :  8.00000e-07
 Reference value :  1.28000e-05
 Reference value :  5.28000e-05
 Reference value :  8.28000e-05
 Reference value :  1.00100e-04
 Reference value :  1.00300e-04
 Reference value :  1.00410e-04
 Reference value :  1.00492e-04
 Reference value :  1.00555e-04
 Reference value :  1.00689e-04
 Reference value :  1.00771e-04
 Reference value :  1.00833e-04
 Reference value :  1.00871e-04
 Reference value :  1.00947e-04
 Reference value :  1.01000e-04
 Reference value :  1.01023e-04
 Reference value :  1.01162e-04
 Reference value :  1.02493e-04
 Reference value :  1.10781e-04
 Reference value :  1.18516e-04
 Reference value :  1.26177e-04
 Reference value :  1.41486e-04
 Reference value :  1.71486e-04
 Reference value :  2.01486e-04
 Reference value :  2.31486e-04
 Reference value :  2.71486e-04
 Reference value :  2.91486e-04
 Reference value :  3.11486e-04
 Reference value :  3.41486e-04
 Reference value :  3.81486e-04
 Reference value :  4.21486e-04
 Reference value :  4.51486e-04
 Reference value :  4.81486e-04
 Reference value :  5.11486e-04
 Reference value :  5.41486e-04
 Reference value :  5.71486e-04
 Reference value :  5.91486e-04
 Reference value :  6.21486e-04
 Reference value :  6.51486e-04
 Reference value :  6.91486e-04
 Reference value :  7.31486e-04
 Reference value :  7.61486e-04
 Reference value :  8.01486e-04
 Reference value :  8.41486e-04
 Reference value :  8.91486e-04
 Reference value :  9.31486e-04
 Reference value :  9.81486e-04
 Reference value :  1.03149e-03
 Reference value :  1.08149e-03
 Reference value :  1.13149e-03
 Reference value :  1.17149e-03
 Reference value :  1.22149e-03
 Reference value :  1.27149e-03
 Reference value :  1.31149e-03
 Reference value :  1.35149e-03
 Reference value :  1.40149e-03
 Reference value :  1.45149e-03
 Reference value :  1.50149e-03
 Reference value :  1.55149e-03
 Reference value :  1.60149e-03
 Reference value :  1.64149e-03
 Reference value :  1.69149e-03
 Reference value :  1.74149e-03
 Reference value :  1.79149e-03
 Reference value :  1.84149e-03
 Reference value :  1.88149e-03
 Reference value :  1.92149e-03
 Reference value :  1.96149e-03
 Reference value :  2.00149e-03
 Reference value :  2.05149e-03
 Reference value :  2.09149e-03
 Reference value :  2.13149e-03
 Reference value :  2.17149e-03
 Reference value :  2.22149e-03
 Reference value :  2.26149e-03
 Reference value :  2.29149e-03
 Reference value :  2.33149e-03
 Reference value :  2.37149e-03
 Reference value :  2.41149e-03
 Reference value :  2.45149e-03
 Reference value :  2.49149e-03
 Reference value :  2.52149e-03
 Reference value :  2.56149e-03
 Reference value :  2.60149e-03
 Reference value :  2.64149e-03
 Reference value :  2.68149e-03
 Reference value :  2.72149e-03
 Reference value :  2.76149e-03
 Reference value :  2.80149e-03
 Reference value :  2.84149e-03
 Reference value :  2.87149e-03
 Reference value :  2.91149e-03
 Reference value :  2.94149e-03
 Reference value :  2.98149e-03
 Reference value :  3.02149e-03
 Reference value :  3.06149e-03
 Reference value :  3.10149e-03
 Reference value :  3.14149e-03
 Reference value :  3.18149e-03
 Reference value :  3.22149e-03
 Reference value :  3.26149e-03
 Reference value :  3.30149e-03
 Reference value :  3.34149e-03
 Reference value :  3.38149e-03
 Reference value :  3.41149e-03
 Reference value :  3.44149e-03
 Reference value :  3.47149e-03
 Reference value :  3.51149e-03
 Reference value :  3.56149e-03
 Reference value :  3.60149e-03
 Reference value :  3.64149e-03
 Reference value :  3.68149e-03
 Reference value :  3.73149e-03
 Reference value :  3.76149e-03
 Reference value :  3.79149e-03
 Reference value :  3.83149e-03
 Reference value :  3.87149e-03
 Reference value :  3.91149e-03
 Reference value :  3.95149e-03
 Reference value :  3.98149e-03
No. of Data Rows : 436
vpk                 =  1.82234e+00 at=  6.41486e-04
vfloor              =  1.82194e+00 at=  4.00000e-03
tset                =  3.85564e-04
Doing analysis at TEMP = 27.000000 and TNOM = 27.000000

Using KLU as Direct Linear Solver
 Reference value :  0.00000e+00
 Reference value :  8.00000e-07
 Reference value :  1.28000e-05
 Reference value :  4.28000e-05
 Reference value :  8.28000e-05
 Reference value :  1.00100e-04
 Reference value :  1.00300e-04
 Reference value :  1.00410e-04
 Reference value :  1.00492e-04
 Reference value :  1.00555e-04
 Reference value :  1.00689e-04
 Reference value :  1.00771e-04
 Reference value :  1.00833e-04
 Reference value :  1.00871e-04
 Reference value :  1.00947e-04
 Reference value :  1.01000e-04
 Reference value :  1.01023e-04
 Reference value :  1.01097e-04
 Reference value :  1.01549e-04
 Reference value :  1.03676e-04
 Reference value :  1.14332e-04
 Reference value :  1.18700e-04
 Reference value :  1.26802e-04
 Reference value :  1.43700e-04
 Reference value :  1.73700e-04
 Reference value :  2.13700e-04
 Reference value :  2.43700e-04
 Reference value :  2.73700e-04
 Reference value :  3.03700e-04
 Reference value :  3.33700e-04
 Reference value :  3.73700e-04
 Reference value :  4.13700e-04
 Reference value :  4.53700e-04
 Reference value :  4.83700e-04
 Reference value :  5.23700e-04
 Reference value :  5.53700e-04
 Reference value :  5.83700e-04
 Reference value :  6.23700e-04
 Reference value :  6.63700e-04
 Reference value :  7.03700e-04
 Reference value :  7.43700e-04
 Reference value :  7.83700e-04
 Reference value :  8.23700e-04
 Reference value :  8.63700e-04
 Reference value :  9.03700e-04
 Reference value :  9.43700e-04
 Reference value :  9.83700e-04
 Reference value :  1.02370e-03
 Reference value :  1.06370e-03
 Reference value :  1.10370e-03
 Reference value :  1.14370e-03
 Reference value :  1.18370e-03
 Reference value :  1.22370e-03
 Reference value :  1.26370e-03
 Reference value :  1.30370e-03
 Reference value :  1.34370e-03
 Reference value :  1.38370e-03
 Reference value :  1.42370e-03
 Reference value :  1.46370e-03
 Reference value :  1.50370e-03
 Reference value :  1.54370e-03
 Reference value :  1.58370e-03
 Reference value :  1.62370e-03
 Reference value :  1.66370e-03
 Reference value :  1.70370e-03
 Reference value :  1.74370e-03
 Reference value :  1.78370e-03
 Reference value :  1.82370e-03
 Reference value :  1.87370e-03
 Reference value :  1.93370e-03
 Reference value :  1.97370e-03
 Reference value :  2.00370e-03
 Reference value :  2.04370e-03
 Reference value :  2.07370e-03
 Reference value :  2.10370e-03
 Reference value :  2.14370e-03
 Reference value :  2.18370e-03
 Reference value :  2.21370e-03
 Reference value :  2.25370e-03
 Reference value :  2.28370e-03
 Reference value :  2.32370e-03
 Reference value :  2.35370e-03
 Reference value :  2.38370e-03
 Reference value :  2.41370e-03
 Reference value :  2.45370e-03
 Reference value :  2.49370e-03
 Reference value :  2.52370e-03
 Reference value :  2.55370e-03
 Reference value :  2.58370e-03
 Reference value :  2.62370e-03
 Reference value :  2.66370e-03
 Reference value :  2.70370e-03
 Reference value :  2.74370e-03
 Reference value :  2.77370e-03
 Reference value :  2.80370e-03
 Reference value :  2.84370e-03
 Reference value :  2.88370e-03
 Reference value :  2.92370e-03
 Reference value :  2.95370e-03
 Reference value :  2.99370e-03
 Reference value :  3.02370e-03
 Reference value :  3.06370e-03
 Reference value :  3.10370e-03
 Reference value :  3.15370e-03
 Reference value :  3.20370e-03
 Reference value :  3.25370e-03
 Reference value :  3.29370e-03
 Reference value :  3.34370e-03
 Reference value :  3.38370e-03
 Reference value :  3.42370e-03
 Reference value :  3.47370e-03
 Reference value :  3.52370e-03
 Reference value :  3.57370e-03
 Reference value :  3.62370e-03
 Reference value :  3.67370e-03
 Reference value :  3.72370e-03
 Reference value :  3.77370e-03
 Reference value :  3.82370e-03
 Reference value :  3.87370e-03
 Reference value :  3.92370e-03
 Reference value :  3.97370e-03
No. of Data Rows : 439
vpk                 =  1.79823e+00 at=  9.23700e-04
vfloor              =  1.79819e+00 at=  4.00000e-03
tset                =  3.99270e-04
meas_vpk_c033_0ma_v = 1.811844e+00
meas_vfloor_c033_0ma_v = 1.806307e+00
meas_tramp_c033_0ma_ms = 2.950862e-01
meas_vpk_c033_50ma_v = 1.798231e+00
meas_vfloor_c033_50ma_v = 1.798175e+00
meas_tramp_c033_50ma_ms = 3.200408e-01
meas_vpk_c47_0ma_v = 1.822344e+00
meas_vfloor_c47_0ma_v = 1.821945e+00
meas_tramp_c47_0ma_ms = 2.855637e-01
meas_vpk_c47_50ma_v = 1.798234e+00
meas_vfloor_c47_50ma_v = 1.798186e+00
meas_tramp_c47_50ma_ms = 2.992698e-01
ngspice-46 done

# ==== ngspice stderr ====
Note: Starting dynamic gmin stepping
Warning: Dynamic gmin stepping failed
Note: Starting true gmin stepping
Note: True gmin stepping completed
Note: Starting dynamic gmin stepping
Warning: Dynamic gmin stepping failed
Note: Starting true gmin stepping
Note: True gmin stepping completed
Note: Starting dynamic gmin stepping
Warning: Dynamic gmin stepping failed
Note: Starting true gmin stepping
Note: True gmin stepping completed
Note: Starting dynamic gmin stepping
Warning: Dynamic gmin stepping failed
Note: Starting true gmin stepping
Note: True gmin stepping completed
