# corner: tt_27c_3.30v
# process=tt temp=27C supply=3.30V
# ngspice exit: 0
# wall clock: 148.6s (--timeout was 300s)
# result: PASS

# ==== deck (exact input given to ngspice) ====
| * startup corner deck -- generated by sim/bin/corner-run.py, do not edit
| * corner: tt_27c_3.30v
| .param vsup=3.3
| .option wnflag=1
| .temp 27
| .lib "/home/ubuntu/.volare/sky130A/libs.tech/combined/sky130.lib.spice" tt
| ** sch_path: sim/startup/testbench/tb_startup.sch
| **.subckt tb_startup
| VVIN VIN 0 'vsup'
| .save i(vvin)
| VEN EN 0 PULSE(0 'vsup' 100u 1u 1u 100 200)
| .save i(ven)
| VVREF VREF 0 1.2
| .save i(vvref)
| xldo VOUT VREF EN VIN ldo_3v3in_1v8out
| COUT VOUT VESR 0.33u m=1
| RESR VESR 0 10m m=1
| RLOAD VOUT 0 1e12 m=1
| **.ends
| 
| * expanding   symbol:  design/ldo_3v3in_1v8out.sym # of pins=4
| ** sym_path: design/ldo_3v3in_1v8out.sym
| ** sch_path: design/ldo_3v3in_1v8out.sch
| .subckt ldo_3v3in_1v8out VOUT VREF EN VIN
| *.ipin VIN
| *.ipin EN
| *.ipin VREF
| *.opin VOUT
| XR_BIAS VIN NB 0 sky130_fd_pr__res_high_po W=0.42 L=1500 mult=1 m=1
| XM_BIASN1 NB NB BIAS_ENN 0 sky130_fd_pr__nfet_g5v0d10v5 L=1 W=4 nf=1 ad=1.16 as=1.16 pd=8.58 ps=8.58 nrd=0.0725 nrs=0.0725 sa=0
| + sb=0 sd=0 mult=1 m=1
| XM_ENN BIAS_ENN EN 0 0 sky130_fd_pr__nfet_g5v0d10v5 L=0.5 W=10 nf=1 ad=2.9 as=2.9 pd=20.58 ps=20.58 nrd=0.029 nrs=0.029 sa=0 sb=0
| + sd=0 mult=1 m=1
| XM_BIASN2 BIASP NB BIAS_ENN 0 sky130_fd_pr__nfet_g5v0d10v5 L=1 W=4 nf=1 ad=1.16 as=1.16 pd=8.58 ps=8.58 nrd=0.0725 nrs=0.0725 sa=0
| + sb=0 sd=0 mult=1 m=1
| XM_BIASP1 BIASP BIASP VIN VIN sky130_fd_pr__pfet_g5v0d10v5 L=1 W=10 nf=2 ad=1.45 as=2.9 pd=10.58 ps=21.16 nrd=0.029 nrs=0.029 sa=0
| + sb=0 sd=0 mult=1 m=1
| XM_ENP2 BIASP EN VIN VIN sky130_fd_pr__pfet_g5v0d10v5 L=0.5 W=10 nf=1 ad=2.9 as=2.9 pd=20.58 ps=20.58 nrd=0.029 nrs=0.029 sa=0
| + sb=0 sd=0 mult=1 m=1
| XM_TAIL EA_TAIL BIASP VIN VIN sky130_fd_pr__pfet_g5v0d10v5 L=2 W=40 nf=8 ad=5.8 as=7.25 pd=42.32 ps=52.9 nrd=0.00725 nrs=0.00725
| + sa=0 sb=0 sd=0 mult=1 m=1
| XM_IN1 EA_D1 FB EA_TAIL VIN sky130_fd_pr__pfet_g5v0d10v5 L=2 W=10 nf=2 ad=1.45 as=2.9 pd=10.58 ps=21.16 nrd=0.029 nrs=0.029 sa=0
| + sb=0 sd=0 mult=1 m=1
| XM_IN2 EA_D2 VREF EA_TAIL VIN sky130_fd_pr__pfet_g5v0d10v5 L=2 W=10 nf=2 ad=1.45 as=2.9 pd=10.58 ps=21.16 nrd=0.029 nrs=0.029 sa=0
| + sb=0 sd=0 mult=1 m=1
| XM_MIR1 EA_D1 EA_D1 AMP_ENN 0 sky130_fd_pr__nfet_g5v0d10v5 L=4 W=10 nf=2 ad=1.45 as=2.9 pd=10.58 ps=21.16 nrd=0.029 nrs=0.029 sa=0
| + sb=0 sd=0 mult=1 m=1
| XM_MIR2 EA_OUT EA_D1 AMP_ENN 0 sky130_fd_pr__nfet_g5v0d10v5 L=4 W=10 nf=2 ad=1.45 as=2.9 pd=10.58 ps=21.16 nrd=0.029 nrs=0.029
| + sa=0 sb=0 sd=0 mult=1 m=1
| XM_ENN2 AMP_ENN EN 0 0 sky130_fd_pr__nfet_g5v0d10v5 L=0.5 W=10 nf=1 ad=2.9 as=2.9 pd=20.58 ps=20.58 nrd=0.029 nrs=0.029 sa=0 sb=0
| + sd=0 mult=1 m=1
| XM_ENP EA_OUT EN VIN VIN sky130_fd_pr__pfet_g5v0d10v5 L=0.5 W=10 nf=1 ad=2.9 as=2.9 pd=20.58 ps=20.58 nrd=0.029 nrs=0.029 sa=0
| + sb=0 sd=0 mult=1 m=1
| XM_MIR3 EA_D2 EA_D2 AMP_ENN 0 sky130_fd_pr__nfet_g5v0d10v5 L=4 W=10 nf=2 ad=1.45 as=2.9 pd=10.58 ps=21.16 nrd=0.029 nrs=0.029 sa=0
| + sb=0 sd=0 mult=1 m=1
| XM_MIR4 PB EA_D2 AMP_ENN 0 sky130_fd_pr__nfet_g5v0d10v5 L=4 W=10 nf=2 ad=1.45 as=2.9 pd=10.58 ps=21.16 nrd=0.029 nrs=0.029 sa=0
| + sb=0 sd=0 mult=1 m=1
| XM_MIRP1 PB PB VIN VIN sky130_fd_pr__pfet_g5v0d10v5 L=4 W=20 nf=4 ad=2.9 as=4.35 pd=21.16 ps=31.74 nrd=0.0145 nrs=0.0145 sa=0 sb=0
| + sd=0 mult=1 m=1
| XM_MIRP2 EA_OUT PB VIN VIN sky130_fd_pr__pfet_g5v0d10v5 L=4 W=20 nf=4 ad=2.9 as=4.35 pd=21.16 ps=31.74 nrd=0.0145 nrs=0.0145 sa=0
| + sb=0 sd=0 mult=1 m=1
| XM_ENP5 PB EN VIN VIN sky130_fd_pr__pfet_g5v0d10v5 L=0.5 W=2 nf=1 ad=0.58 as=0.58 pd=4.58 ps=4.58 nrd=0.145 nrs=0.145 sa=0 sb=0
| + sd=0 mult=1 m=1
| XM_PASS VOUT EA_OUT VIN VIN sky130_fd_pr__pfet_g5v0d10v5 L=0.5 W=100 nf=25 ad=15.08 as=15.08 pd=111.54 ps=111.54 nrd=0.0029
| + nrs=0.0029 sa=0 sb=0 sd=0 mult=25 m=25
| C_COMP VOUT EA_CZ 150p m=1
| XR_CZ EA_CZ EA_OUT 0 sky130_fd_pr__res_xhigh_po W=0.42 L=52 mult=1 m=1
| XR_FB_A VOUT FB 0 sky130_fd_pr__res_xhigh_po W=0.42 L=180 mult=1 m=1
| XR_FB_B FB N_FBB 0 sky130_fd_pr__res_xhigh_po W=0.42 L=180 mult=1 m=1
| XR_FB_C N_FBB 0 0 sky130_fd_pr__res_xhigh_po W=0.42 L=180 mult=1 m=1
| XM_SENSE CL_SNS EA_OUT VIN VIN sky130_fd_pr__pfet_g5v0d10v5 L=0.5 W=0.42 nf=1 ad=0.1218 as=0.1218 pd=1.42 ps=1.42
| + nrd=0.69047619047619 nrs=0.69047619047619 sa=0 sb=0 sd=0 mult=1 m=1
| XM_CLN1 CL_SNS CL_SNS AMP_ENN 0 sky130_fd_pr__nfet_g5v0d10v5 L=1 W=20 nf=1 ad=5.8 as=5.8 pd=40.58 ps=40.58 nrd=0.0145 nrs=0.0145
| + sa=0 sb=0 sd=0 mult=1 m=1
| XM_CLN2 CL_CMP CL_SNS AMP_ENN 0 sky130_fd_pr__nfet_g5v0d10v5 L=1 W=1.6 nf=1 ad=0.464 as=0.464 pd=3.78 ps=3.78 nrd=0.18125
| + nrs=0.18125 sa=0 sb=0 sd=0 mult=1 m=1
| XM_CLP CL_CMP BIASP VIN VIN sky130_fd_pr__pfet_g5v0d10v5 L=1 W=10 nf=2 ad=1.45 as=2.9 pd=10.58 ps=21.16 nrd=0.029 nrs=0.029 sa=0
| + sb=0 sd=0 mult=1 m=1
| XM_CLIM EA_OUT CL_CMP VIN VIN sky130_fd_pr__pfet_g5v0d10v5 L=0.5 W=20 nf=4 ad=2.9 as=4.35 pd=21.16 ps=31.74 nrd=0.0145 nrs=0.0145
| + sa=0 sb=0 sd=0 mult=1 m=1
| XM_ENP3 CL_CMP EN VIN VIN sky130_fd_pr__pfet_g5v0d10v5 L=0.5 W=2 nf=1 ad=0.58 as=0.58 pd=4.58 ps=4.58 nrd=0.145 nrs=0.145 sa=0
| + sb=0 sd=0 mult=1 m=1
| C_CL VIN CL_CMP 1p m=1
| XM_INVP ENB EN VIN VIN sky130_fd_pr__pfet_g5v0d10v5 L=0.5 W=2 nf=1 ad=0.58 as=0.58 pd=4.58 ps=4.58 nrd=0.145 nrs=0.145 sa=0 sb=0
| + sd=0 mult=1 m=1
| XM_INVN ENB EN 0 0 sky130_fd_pr__nfet_g5v0d10v5 L=0.5 W=1 nf=1 ad=0.29 as=0.29 pd=2.58 ps=2.58 nrd=0.29 nrs=0.29 sa=0 sb=0 sd=0
| + mult=1 m=1
| XM_SSDIS SS ENB 0 0 sky130_fd_pr__nfet_g5v0d10v5 L=0.5 W=2 nf=1 ad=0.58 as=0.58 pd=4.58 ps=4.58 nrd=0.145 nrs=0.145 sa=0 sb=0 sd=0
| + mult=1 m=1
| XM_SSCHG SS BIASP VIN VIN sky130_fd_pr__pfet_g5v0d10v5 L=8 W=1 nf=1 ad=0.29 as=0.29 pd=2.58 ps=2.58 nrd=0.29 nrs=0.29 sa=0 sb=0
| + sd=0 mult=1 m=1
| C_SS SS 0 10p m=1
| XM_IN2S EA_D2 SS EA_TAIL VIN sky130_fd_pr__pfet_g5v0d10v5 L=2 W=10 nf=2 ad=1.45 as=2.9 pd=10.58 ps=21.16 nrd=0.029 nrs=0.029 sa=0
| + sb=0 sd=0 mult=1 m=1
| XM_TSPS TS_SNS BIASP VIN VIN sky130_fd_pr__pfet_g5v0d10v5 L=1 W=2.5 nf=1 ad=0.725 as=0.725 pd=5.58 ps=5.58 nrd=0.116 nrs=0.116
| + sa=0 sb=0 sd=0 mult=1 m=1
| XM_TSD1 TS_SNS TS_SNS TS_MID 0 sky130_fd_pr__nfet_g5v0d10v5 L=1 W=80 nf=16 ad=11.6 as=13.05 pd=84.64 ps=95.22 nrd=0.003625
| + nrs=0.003625 sa=0 sb=0 sd=0 mult=1 m=1
| XM_TSD2 TS_MID TS_MID AMP_ENN 0 sky130_fd_pr__nfet_g5v0d10v5 L=1 W=80 nf=16 ad=11.6 as=13.05 pd=84.64 ps=95.22 nrd=0.003625
| + nrs=0.003625 sa=0 sb=0 sd=0 mult=1 m=1
| XM_TSPR TS_REF BIASP VIN VIN sky130_fd_pr__pfet_g5v0d10v5 L=1 W=2.5 nf=1 ad=0.725 as=0.725 pd=5.58 ps=5.58 nrd=0.116 nrs=0.116
| + sa=0 sb=0 sd=0 mult=1 m=1
| XM_TSR1 TS_REF TS_REF AMP_ENN 0 sky130_fd_pr__nfet_g5v0d10v5 L=10 W=2 nf=1 ad=0.58 as=0.58 pd=4.58 ps=4.58 nrd=0.145 nrs=0.145
| + sa=0 sb=0 sd=0 mult=1 m=1
| XM_TCTAIL TC_TAIL NB AMP_ENN 0 sky130_fd_pr__nfet_g5v0d10v5 L=1 W=1 nf=1 ad=0.29 as=0.29 pd=2.58 ps=2.58 nrd=0.29 nrs=0.29 sa=0
| + sb=0 sd=0 mult=1 m=1
| XM_TCN1 TC_D1 TS_SNS TC_TAIL 0 sky130_fd_pr__nfet_g5v0d10v5 L=2 W=10 nf=2 ad=1.45 as=2.9 pd=10.58 ps=21.16 nrd=0.029 nrs=0.029
| + sa=0 sb=0 sd=0 mult=1 m=1
| XM_TCN2 TS_CMP TS_REF TC_TAIL 0 sky130_fd_pr__nfet_g5v0d10v5 L=2 W=10 nf=2 ad=1.45 as=2.9 pd=10.58 ps=21.16 nrd=0.029 nrs=0.029
| + sa=0 sb=0 sd=0 mult=1 m=1
| XM_TCP1 TC_D1 TC_D1 VIN VIN sky130_fd_pr__pfet_g5v0d10v5 L=2 W=10 nf=2 ad=1.45 as=2.9 pd=10.58 ps=21.16 nrd=0.029 nrs=0.029 sa=0
| + sb=0 sd=0 mult=1 m=1
| XM_TCP2 TS_CMP TC_D1 VIN VIN sky130_fd_pr__pfet_g5v0d10v5 L=2 W=10 nf=2 ad=1.45 as=2.9 pd=10.58 ps=21.16 nrd=0.029 nrs=0.029 sa=0
| + sb=0 sd=0 mult=1 m=1
| XM_TSHUT EA_OUT TS_CMP VIN VIN sky130_fd_pr__pfet_g5v0d10v5 L=0.5 W=20 nf=4 ad=2.9 as=4.35 pd=21.16 ps=31.74 nrd=0.0145 nrs=0.0145
| + sa=0 sb=0 sd=0 mult=1 m=1
| XM_TSHYSB TS_HYS BIASP VIN VIN sky130_fd_pr__pfet_g5v0d10v5 L=2 W=1.5 nf=1 ad=0.435 as=0.435 pd=3.58 ps=3.58 nrd=0.193333333333333
| + nrs=0.193333333333333 sa=0 sb=0 sd=0 mult=1 m=1
| XM_TSHYS TS_REF TS_CMP TS_HYS VIN sky130_fd_pr__pfet_g5v0d10v5 L=0.5 W=2 nf=1 ad=0.58 as=0.58 pd=4.58 ps=4.58 nrd=0.145 nrs=0.145
| + sa=0 sb=0 sd=0 mult=1 m=1
| XM_ENP4 TS_CMP EN VIN VIN sky130_fd_pr__pfet_g5v0d10v5 L=0.5 W=2 nf=1 ad=0.58 as=0.58 pd=4.58 ps=4.58 nrd=0.145 nrs=0.145 sa=0
| + sb=0 sd=0 mult=1 m=1
| C_TS VIN TS_CMP 1p m=1
| .ends
| 
| .control
| save all
| * --- leg 1: C_out 0.33uF, 0 mA (feedback divider is the only preload) ---
| tran 10u 4m
| meas tran vpk max v(vout) from=100u to=4m
| meas tran vfloor min v(vout) from=3.1m to=4m
| meas tran tset when v(vout)=1.764 rise=1
| * --- leg 2: C_out 0.33uF, 50 mA ---
| alter rload = 36
| tran 10u 4m
| meas tran vpk max v(vout) from=100u to=4m
| meas tran vfloor min v(vout) from=3.1m to=4m
| meas tran tset when v(vout)=1.764 rise=1
| * --- leg 3: C_out 4.7uF, 0 mA ---
| alter cout = 4.7u
| alter rload = 1e12
| tran 10u 4m
| meas tran vpk max v(vout) from=100u to=4m
| meas tran vfloor min v(vout) from=3.1m to=4m
| meas tran tset when v(vout)=1.764 rise=1
| * --- leg 4: C_out 4.7uF, 50 mA ---
| alter rload = 36
| tran 10u 4m
| meas tran vpk max v(vout) from=100u to=4m
| meas tran vfloor min v(vout) from=3.1m to=4m
| meas tran tset when v(vout)=1.764 rise=1
| let meas_vpk_c033_0ma_v = tran1.vpk
| let meas_vfloor_c033_0ma_v = tran1.vfloor
| let meas_tramp_c033_0ma_ms = 1000*(tran1.tset - 100u)
| let meas_vpk_c033_50ma_v = tran2.vpk
| let meas_vfloor_c033_50ma_v = tran2.vfloor
| let meas_tramp_c033_50ma_ms = 1000*(tran2.tset - 100u)
| let meas_vpk_c47_0ma_v = tran3.vpk
| let meas_vfloor_c47_0ma_v = tran3.vfloor
| let meas_tramp_c47_0ma_ms = 1000*(tran3.tset - 100u)
| let meas_vpk_c47_50ma_v = tran4.vpk
| let meas_vfloor_c47_50ma_v = tran4.vfloor
| let meas_tramp_c47_50ma_ms = 1000*(tran4.tset - 100u)
| print meas_vpk_c033_0ma_v
| print meas_vfloor_c033_0ma_v
| print meas_tramp_c033_0ma_ms
| print meas_vpk_c033_50ma_v
| print meas_vfloor_c033_50ma_v
| print meas_tramp_c033_50ma_ms
| print meas_vpk_c47_0ma_v
| print meas_vfloor_c47_0ma_v
| print meas_tramp_c47_0ma_ms
| print meas_vpk_c47_50ma_v
| print meas_vfloor_c47_50ma_v
| print meas_tramp_c47_50ma_ms
| quit
| .endc
| .end

# ==== ngspice stdout ====

Note: Compatibility modes selected: hs a


Circuit: * startup corner deck -- generated by sim/bin/corner-run.py, do not edit

option SCALE: Scale is set to 1e-06 for instance and model parameters
option SCALE: Scale is set to 1e-06 for instance and model parameters
option SCALE: Scale is set to 1e-06 for instance and model parameters
option SCALE: Scale is set to 1e-06 for instance and model parameters
Doing analysis at TEMP = 27.000000 and TNOM = 27.000000

Using KLU as Direct Linear Solver
 Reference value :  0.00000e+00
 Reference value :  8.00000e-07
 Reference value :  1.28000e-05
 Reference value :  4.28000e-05
 Reference value :  7.28000e-05
 Reference value :  1.00000e-04
 Reference value :  1.00300e-04
 Reference value :  1.00411e-04
 Reference value :  1.00498e-04
 Reference value :  1.00566e-04
 Reference value :  1.00705e-04
 Reference value :  1.00797e-04
 Reference value :  1.00863e-04
 Reference value :  1.00902e-04
 Reference value :  1.00970e-04
 Reference value :  1.01003e-04
 Reference value :  1.01023e-04
 Reference value :  1.01060e-04
 Reference value :  1.01290e-04
 Reference value :  1.02103e-04
 Reference value :  1.04056e-04
 Reference value :  1.19919e-04
 Reference value :  1.28327e-04
 Reference value :  1.36081e-04
 Reference value :  1.54798e-04
 Reference value :  1.84798e-04
 Reference value :  2.14798e-04
 Reference value :  2.44798e-04
 Reference value :  2.64798e-04
 Reference value :  2.84798e-04
 Reference value :  3.14798e-04
 Reference value :  3.44798e-04
 Reference value :  3.74798e-04
 Reference value :  3.94798e-04
 Reference value :  4.24798e-04
 Reference value :  4.54798e-04
 Reference value :  4.84798e-04
 Reference value :  5.04798e-04
 Reference value :  5.24798e-04
 Reference value :  5.54798e-04
 Reference value :  5.84798e-04
 Reference value :  6.14798e-04
 Reference value :  6.44798e-04
 Reference value :  6.74798e-04
 Reference value :  7.04798e-04
 Reference value :  7.34798e-04
 Reference value :  7.64798e-04
 Reference value :  8.04798e-04
 Reference value :  8.34798e-04
 Reference value :  8.74798e-04
 Reference value :  9.14798e-04
 Reference value :  9.54798e-04
 Reference value :  9.94798e-04
 Reference value :  1.02480e-03
 Reference value :  1.05480e-03
 Reference value :  1.09480e-03
 Reference value :  1.13480e-03
 Reference value :  1.16480e-03
 Reference value :  1.20480e-03
 Reference value :  1.24480e-03
 Reference value :  1.28480e-03
 Reference value :  1.32480e-03
 Reference value :  1.37480e-03
 Reference value :  1.41480e-03
 Reference value :  1.45480e-03
 Reference value :  1.48480e-03
 Reference value :  1.52480e-03
 Reference value :  1.56480e-03
 Reference value :  1.60480e-03
 Reference value :  1.64480e-03
 Reference value :  1.68480e-03
 Reference value :  1.72480e-03
 Reference value :  1.75480e-03
 Reference value :  1.78480e-03
 Reference value :  1.82480e-03
 Reference value :  1.86480e-03
 Reference value :  1.89480e-03
 Reference value :  1.93480e-03
 Reference value :  1.96480e-03
 Reference value :  2.00480e-03
 Reference value :  2.03480e-03
 Reference value :  2.06480e-03
 Reference value :  2.09480e-03
 Reference value :  2.13480e-03
 Reference value :  2.16480e-03
 Reference value :  2.20480e-03
 Reference value :  2.24480e-03
 Reference value :  2.28480e-03
 Reference value :  2.32480e-03
 Reference value :  2.35480e-03
 Reference value :  2.38480e-03
 Reference value :  2.41480e-03
 Reference value :  2.45480e-03
 Reference value :  2.49480e-03
 Reference value :  2.53480e-03
 Reference value :  2.57480e-03
 Reference value :  2.61480e-03
 Reference value :  2.64480e-03
 Reference value :  2.68480e-03
 Reference value :  2.72480e-03
 Reference value :  2.75480e-03
 Reference value :  2.79480e-03
 Reference value :  2.82480e-03
 Reference value :  2.87480e-03
 Reference value :  2.91480e-03
 Reference value :  2.94480e-03
 Reference value :  2.98480e-03
 Reference value :  3.02480e-03
 Reference value :  3.05480e-03
 Reference value :  3.09480e-03
 Reference value :  3.13480e-03
 Reference value :  3.17480e-03
 Reference value :  3.21480e-03
 Reference value :  3.25480e-03
 Reference value :  3.29480e-03
 Reference value :  3.33480e-03
 Reference value :  3.37480e-03
 Reference value :  3.41480e-03
 Reference value :  3.45480e-03
 Reference value :  3.49480e-03
 Reference value :  3.53480e-03
 Reference value :  3.57480e-03
 Reference value :  3.60480e-03
 Reference value :  3.63480e-03
 Reference value :  3.67480e-03
 Reference value :  3.71480e-03
 Reference value :  3.75480e-03
 Reference value :  3.79480e-03
 Reference value :  3.83480e-03
 Reference value :  3.87480e-03
 Reference value :  3.91480e-03
 Reference value :  3.95480e-03
 Reference value :  4.00000e-03
No. of Data Rows : 436
vpk                 =  1.81271e+00 at=  7.34798e-04
vfloor              =  1.80724e+00 at=  4.00000e-03
tset                =  4.26786e-04
Doing analysis at TEMP = 27.000000 and TNOM = 27.000000

Using KLU as Direct Linear Solver
 Reference value :  0.00000e+00
 Reference value :  8.00000e-07
 Reference value :  1.28000e-05
 Reference value :  4.28000e-05
 Reference value :  7.28000e-05
 Reference value :  1.00100e-04
 Reference value :  1.00300e-04
 Reference value :  1.00411e-04
 Reference value :  1.00498e-04
 Reference value :  1.00566e-04
 Reference value :  1.00705e-04
 Reference value :  1.00797e-04
 Reference value :  1.00863e-04
 Reference value :  1.00902e-04
 Reference value :  1.00970e-04
 Reference value :  1.01003e-04
 Reference value :  1.01023e-04
 Reference value :  1.01099e-04
 Reference value :  1.01290e-04
 Reference value :  1.02103e-04
 Reference value :  1.06651e-04
 Reference value :  1.16813e-04
 Reference value :  1.22547e-04
 Reference value :  1.33263e-04
 Reference value :  1.49260e-04
 Reference value :  1.68802e-04
 Reference value :  1.98802e-04
 Reference value :  2.28802e-04
 Reference value :  2.68802e-04
 Reference value :  3.08802e-04
 Reference value :  3.38802e-04
 Reference value :  3.78802e-04
 Reference value :  4.08802e-04
 Reference value :  4.38802e-04
 Reference value :  4.78802e-04
 Reference value :  5.18802e-04
 Reference value :  5.58802e-04
 Reference value :  5.98802e-04
 Reference value :  6.38802e-04
 Reference value :  6.78802e-04
 Reference value :  7.18802e-04
 Reference value :  7.58802e-04
 Reference value :  7.98802e-04
 Reference value :  8.28802e-04
 Reference value :  8.68802e-04
 Reference value :  9.08802e-04
 Reference value :  9.38802e-04
 Reference value :  9.78802e-04
 Reference value :  1.00880e-03
 Reference value :  1.03880e-03
 Reference value :  1.07880e-03
 Reference value :  1.11880e-03
 Reference value :  1.14880e-03
 Reference value :  1.18880e-03
 Reference value :  1.24880e-03
 Reference value :  1.29880e-03
 Reference value :  1.35880e-03
 Reference value :  1.40880e-03
 Reference value :  1.45880e-03
 Reference value :  1.50880e-03
 Reference value :  1.55880e-03
 Reference value :  1.60880e-03
 Reference value :  1.66880e-03
 Reference value :  1.71880e-03
 Reference value :  1.76880e-03
 Reference value :  1.80880e-03
 Reference value :  1.84880e-03
 Reference value :  1.88880e-03
 Reference value :  1.93880e-03
 Reference value :  1.98880e-03
 Reference value :  2.02880e-03
 Reference value :  2.07880e-03
 Reference value :  2.12880e-03
 Reference value :  2.17880e-03
 Reference value :  2.22880e-03
 Reference value :  2.27880e-03
 Reference value :  2.32880e-03
 Reference value :  2.36880e-03
 Reference value :  2.40880e-03
 Reference value :  2.44880e-03
 Reference value :  2.47880e-03
 Reference value :  2.50880e-03
 Reference value :  2.53880e-03
 Reference value :  2.56880e-03
 Reference value :  2.59880e-03
 Reference value :  2.63880e-03
 Reference value :  2.67880e-03
 Reference value :  2.70880e-03
 Reference value :  2.73880e-03
 Reference value :  2.77880e-03
 Reference value :  2.81880e-03
 Reference value :  2.85880e-03
 Reference value :  2.89880e-03
 Reference value :  2.93880e-03
 Reference value :  2.97880e-03
 Reference value :  3.01880e-03
 Reference value :  3.05880e-03
 Reference value :  3.09880e-03
 Reference value :  3.13880e-03
 Reference value :  3.16880e-03
 Reference value :  3.19880e-03
 Reference value :  3.22880e-03
 Reference value :  3.25880e-03
 Reference value :  3.28880e-03
 Reference value :  3.32880e-03
 Reference value :  3.36880e-03
 Reference value :  3.40880e-03
 Reference value :  3.44880e-03
 Reference value :  3.48880e-03
 Reference value :  3.52880e-03
 Reference value :  3.55880e-03
 Reference value :  3.59880e-03
 Reference value :  3.63880e-03
 Reference value :  3.67880e-03
 Reference value :  3.71880e-03
 Reference value :  3.75880e-03
 Reference value :  3.79880e-03
 Reference value :  3.82880e-03
 Reference value :  3.86880e-03
 Reference value :  3.90880e-03
 Reference value :  3.94880e-03
 Reference value :  3.97880e-03
No. of Data Rows : 438
vpk                 =  1.79814e+00 at=  1.04880e-03
vfloor              =  1.79807e+00 at=  3.99440e-03
tset                =  4.52824e-04
Doing analysis at TEMP = 27.000000 and TNOM = 27.000000

Using KLU as Direct Linear Solver
 Reference value :  0.00000e+00
 Reference value :  8.00000e-07
 Reference value :  1.28000e-05
 Reference value :  5.28000e-05
 Reference value :  1.00000e-04
 Reference value :  1.00300e-04
 Reference value :  1.00411e-04
 Reference value :  1.00498e-04
 Reference value :  1.00566e-04
 Reference value :  1.00705e-04
 Reference value :  1.00797e-04
 Reference value :  1.00863e-04
 Reference value :  1.00902e-04
 Reference value :  1.00970e-04
 Reference value :  1.01003e-04
 Reference value :  1.01023e-04
 Reference value :  1.01099e-04
 Reference value :  1.01495e-04
 Reference value :  1.02754e-04
 Reference value :  1.11867e-04
 Reference value :  1.28327e-04
 Reference value :  1.44424e-04
 Reference value :  1.64424e-04
 Reference value :  2.04424e-04
 Reference value :  2.34424e-04
 Reference value :  2.64424e-04
 Reference value :  2.94424e-04
 Reference value :  3.24424e-04
 Reference value :  3.44424e-04
 Reference value :  3.64424e-04
 Reference value :  3.94424e-04
 Reference value :  4.24424e-04
 Reference value :  4.54424e-04
 Reference value :  4.84424e-04
 Reference value :  5.14424e-04
 Reference value :  5.44424e-04
 Reference value :  5.74424e-04
 Reference value :  6.04424e-04
 Reference value :  6.34424e-04
 Reference value :  6.64424e-04
 Reference value :  6.94424e-04
 Reference value :  7.34424e-04
 Reference value :  7.74424e-04
 Reference value :  8.14424e-04
 Reference value :  8.54424e-04
 Reference value :  8.94424e-04
 Reference value :  9.34424e-04
 Reference value :  9.74424e-04
 Reference value :  1.01442e-03
 Reference value :  1.05442e-03
 Reference value :  1.09442e-03
 Reference value :  1.13442e-03
 Reference value :  1.17442e-03
 Reference value :  1.21442e-03
 Reference value :  1.25442e-03
 Reference value :  1.29442e-03
 Reference value :  1.33442e-03
 Reference value :  1.38442e-03
 Reference value :  1.42442e-03
 Reference value :  1.46442e-03
 Reference value :  1.51442e-03
 Reference value :  1.55442e-03
 Reference value :  1.59442e-03
 Reference value :  1.62442e-03
 Reference value :  1.65442e-03
 Reference value :  1.69442e-03
 Reference value :  1.73442e-03
 Reference value :  1.77442e-03
 Reference value :  1.81442e-03
 Reference value :  1.85442e-03
 Reference value :  1.89442e-03
 Reference value :  1.92442e-03
 Reference value :  1.96442e-03
 Reference value :  2.00442e-03
 Reference value :  2.04442e-03
 Reference value :  2.08442e-03
 Reference value :  2.12442e-03
 Reference value :  2.16442e-03
 Reference value :  2.20442e-03
 Reference value :  2.24442e-03
 Reference value :  2.28442e-03
 Reference value :  2.31442e-03
 Reference value :  2.35442e-03
 Reference value :  2.38442e-03
 Reference value :  2.42442e-03
 Reference value :  2.46442e-03
 Reference value :  2.50442e-03
 Reference value :  2.54442e-03
 Reference value :  2.57442e-03
 Reference value :  2.61442e-03
 Reference value :  2.65442e-03
 Reference value :  2.69442e-03
 Reference value :  2.73442e-03
 Reference value :  2.77442e-03
 Reference value :  2.81442e-03
 Reference value :  2.84442e-03
 Reference value :  2.87442e-03
 Reference value :  2.90442e-03
 Reference value :  2.93442e-03
 Reference value :  2.97442e-03
 Reference value :  3.00442e-03
 Reference value :  3.04442e-03
 Reference value :  3.08442e-03
 Reference value :  3.12442e-03
 Reference value :  3.16442e-03
 Reference value :  3.19442e-03
 Reference value :  3.23442e-03
 Reference value :  3.26442e-03
 Reference value :  3.29442e-03
 Reference value :  3.32442e-03
 Reference value :  3.36442e-03
 Reference value :  3.40442e-03
 Reference value :  3.44442e-03
 Reference value :  3.47442e-03
 Reference value :  3.50442e-03
 Reference value :  3.53442e-03
 Reference value :  3.57442e-03
 Reference value :  3.61442e-03
 Reference value :  3.65442e-03
 Reference value :  3.69442e-03
 Reference value :  3.72442e-03
 Reference value :  3.76442e-03
 Reference value :  3.80442e-03
 Reference value :  3.84442e-03
 Reference value :  3.88442e-03
 Reference value :  3.92442e-03
 Reference value :  3.95442e-03
 Reference value :  3.98442e-03
No. of Data Rows : 436
vpk                 =  1.82361e+00 at=  6.84424e-04
vfloor              =  1.82322e+00 at=  4.00000e-03
tset                =  4.16952e-04
Doing analysis at TEMP = 27.000000 and TNOM = 27.000000

Using KLU as Direct Linear Solver
 Reference value :  0.00000e+00
 Reference value :  8.00000e-07
 Reference value :  6.40000e-06
 Reference value :  3.28000e-05
 Reference value :  6.28000e-05
 Reference value :  9.14000e-05
 Reference value :  1.00300e-04
 Reference value :  1.00411e-04
 Reference value :  1.00498e-04
 Reference value :  1.00566e-04
 Reference value :  1.00705e-04
 Reference value :  1.00863e-04
 Reference value :  1.00902e-04
 Reference value :  1.00970e-04
 Reference value :  1.01003e-04
 Reference value :  1.01023e-04
 Reference value :  1.01060e-04
 Reference value :  1.01162e-04
 Reference value :  1.01494e-04
 Reference value :  1.02748e-04
 Reference value :  1.06628e-04
 Reference value :  1.16295e-04
 Reference value :  1.20049e-04
 Reference value :  1.24524e-04
 Reference value :  1.33256e-04
 Reference value :  1.44233e-04
 Reference value :  1.64233e-04
 Reference value :  1.84233e-04
 Reference value :  2.24233e-04
 Reference value :  2.54233e-04
 Reference value :  2.84233e-04
 Reference value :  3.14233e-04
 Reference value :  3.44233e-04
 Reference value :  3.74233e-04
 Reference value :  4.04233e-04
 Reference value :  4.34233e-04
 Reference value :  4.64233e-04
 Reference value :  4.94233e-04
 Reference value :  5.24233e-04
 Reference value :  5.54233e-04
 Reference value :  5.84233e-04
 Reference value :  6.24233e-04
 Reference value :  6.64233e-04
 Reference value :  7.04233e-04
 Reference value :  7.34233e-04
 Reference value :  7.64233e-04
 Reference value :  7.94233e-04
 Reference value :  8.34233e-04
 Reference value :  8.64233e-04
 Reference value :  8.94233e-04
 Reference value :  9.24233e-04
 Reference value :  9.64233e-04
 Reference value :  1.00423e-03
 Reference value :  1.03423e-03
 Reference value :  1.07423e-03
 Reference value :  1.10423e-03
 Reference value :  1.14423e-03
 Reference value :  1.18423e-03
 Reference value :  1.22423e-03
 Reference value :  1.26423e-03
 Reference value :  1.30423e-03
 Reference value :  1.34423e-03
 Reference value :  1.38423e-03
 Reference value :  1.42423e-03
 Reference value :  1.46423e-03
 Reference value :  1.50423e-03
 Reference value :  1.54423e-03
 Reference value :  1.58423e-03
 Reference value :  1.61423e-03
 Reference value :  1.64423e-03
 Reference value :  1.68423e-03
 Reference value :  1.71423e-03
 Reference value :  1.75423e-03
 Reference value :  1.78423e-03
 Reference value :  1.82423e-03
 Reference value :  1.86423e-03
 Reference value :  1.90423e-03
 Reference value :  1.93423e-03
 Reference value :  1.97423e-03
 Reference value :  2.01423e-03
 Reference value :  2.05423e-03
 Reference value :  2.09423e-03
 Reference value :  2.13423e-03
 Reference value :  2.17423e-03
 Reference value :  2.21423e-03
 Reference value :  2.25423e-03
 Reference value :  2.29423e-03
 Reference value :  2.32423e-03
 Reference value :  2.35423e-03
 Reference value :  2.39423e-03
 Reference value :  2.43423e-03
 Reference value :  2.47423e-03
 Reference value :  2.50423e-03
 Reference value :  2.54423e-03
 Reference value :  2.58423e-03
 Reference value :  2.62423e-03
 Reference value :  2.66423e-03
 Reference value :  2.70423e-03
 Reference value :  2.74423e-03
 Reference value :  2.77423e-03
 Reference value :  2.80423e-03
 Reference value :  2.84423e-03
 Reference value :  2.88423e-03
 Reference value :  2.92423e-03
 Reference value :  2.97423e-03
 Reference value :  3.01423e-03
 Reference value :  3.04423e-03
 Reference value :  3.08423e-03
 Reference value :  3.12423e-03
 Reference value :  3.16423e-03
 Reference value :  3.20423e-03
 Reference value :  3.24423e-03
 Reference value :  3.28423e-03
 Reference value :  3.32423e-03
 Reference value :  3.36423e-03
 Reference value :  3.40423e-03
 Reference value :  3.43423e-03
 Reference value :  3.46423e-03
 Reference value :  3.49423e-03
 Reference value :  3.52423e-03
 Reference value :  3.55423e-03
 Reference value :  3.58423e-03
 Reference value :  3.62423e-03
 Reference value :  3.66423e-03
 Reference value :  3.70423e-03
 Reference value :  3.74423e-03
 Reference value :  3.78423e-03
 Reference value :  3.82423e-03
 Reference value :  3.86423e-03
 Reference value :  3.90423e-03
 Reference value :  3.94423e-03
 Reference value :  3.98423e-03
No. of Data Rows : 439
vpk                 =  1.79814e+00 at=  9.44233e-04
vfloor              =  1.79809e+00 at=  4.00000e-03
tset                =  4.32009e-04
meas_vpk_c033_0ma_v = 1.812710e+00
meas_vfloor_c033_0ma_v = 1.807244e+00
meas_tramp_c033_0ma_ms = 3.267864e-01
meas_vpk_c033_50ma_v = 1.798138e+00
meas_vfloor_c033_50ma_v = 1.798070e+00
meas_tramp_c033_50ma_ms = 3.528244e-01
meas_vpk_c47_0ma_v = 1.823611e+00
meas_vfloor_c47_0ma_v = 1.823217e+00
meas_tramp_c47_0ma_ms = 3.169524e-01
meas_vpk_c47_50ma_v = 1.798142e+00
meas_vfloor_c47_50ma_v = 1.798087e+00
meas_tramp_c47_50ma_ms = 3.320087e-01
ngspice-46 done

# ==== ngspice stderr ====
Note: Starting dynamic gmin stepping
Warning: Dynamic gmin stepping failed
Note: Starting true gmin stepping
Note: True gmin stepping completed
Note: Starting dynamic gmin stepping
Warning: Dynamic gmin stepping failed
Note: Starting true gmin stepping
Note: True gmin stepping completed
Note: Starting dynamic gmin stepping
Warning: Dynamic gmin stepping failed
Note: Starting true gmin stepping
Note: True gmin stepping completed
Note: Starting dynamic gmin stepping
Warning: Dynamic gmin stepping failed
Note: Starting true gmin stepping
Note: True gmin stepping completed
