# corner: tt_27c_2.97v
# process=tt temp=27C supply=2.97V
# ngspice exit: 0
# wall clock: 146.8s (--timeout was 300s)
# result: PASS

# ==== deck (exact input given to ngspice) ====
| * startup corner deck -- generated by sim/bin/corner-run.py, do not edit
| * corner: tt_27c_2.97v
| .param vsup=2.97
| .option wnflag=1
| .temp 27
| .lib "/home/ubuntu/.volare/sky130A/libs.tech/combined/sky130.lib.spice" tt
| ** sch_path: sim/startup/testbench/tb_startup.sch
| **.subckt tb_startup
| VVIN VIN 0 'vsup'
| .save i(vvin)
| VEN EN 0 PULSE(0 'vsup' 100u 1u 1u 100 200)
| .save i(ven)
| VVREF VREF 0 1.2
| .save i(vvref)
| xldo VOUT VREF EN VIN ldo_3v3in_1v8out
| COUT VOUT VESR 0.33u m=1
| RESR VESR 0 10m m=1
| RLOAD VOUT 0 1e12 m=1
| **.ends
| 
| * expanding   symbol:  design/ldo_3v3in_1v8out.sym # of pins=4
| ** sym_path: design/ldo_3v3in_1v8out.sym
| ** sch_path: design/ldo_3v3in_1v8out.sch
| .subckt ldo_3v3in_1v8out VOUT VREF EN VIN
| *.ipin VIN
| *.ipin EN
| *.ipin VREF
| *.opin VOUT
| XR_BIAS VIN NB 0 sky130_fd_pr__res_high_po W=0.42 L=1500 mult=1 m=1
| XM_BIASN1 NB NB BIAS_ENN 0 sky130_fd_pr__nfet_g5v0d10v5 L=1 W=4 nf=1 ad=1.16 as=1.16 pd=8.58 ps=8.58 nrd=0.0725 nrs=0.0725 sa=0
| + sb=0 sd=0 mult=1 m=1
| XM_ENN BIAS_ENN EN 0 0 sky130_fd_pr__nfet_g5v0d10v5 L=0.5 W=10 nf=1 ad=2.9 as=2.9 pd=20.58 ps=20.58 nrd=0.029 nrs=0.029 sa=0 sb=0
| + sd=0 mult=1 m=1
| XM_BIASN2 BIASP NB BIAS_ENN 0 sky130_fd_pr__nfet_g5v0d10v5 L=1 W=4 nf=1 ad=1.16 as=1.16 pd=8.58 ps=8.58 nrd=0.0725 nrs=0.0725 sa=0
| + sb=0 sd=0 mult=1 m=1
| XM_BIASP1 BIASP BIASP VIN VIN sky130_fd_pr__pfet_g5v0d10v5 L=1 W=10 nf=2 ad=1.45 as=2.9 pd=10.58 ps=21.16 nrd=0.029 nrs=0.029 sa=0
| + sb=0 sd=0 mult=1 m=1
| XM_ENP2 BIASP EN VIN VIN sky130_fd_pr__pfet_g5v0d10v5 L=0.5 W=10 nf=1 ad=2.9 as=2.9 pd=20.58 ps=20.58 nrd=0.029 nrs=0.029 sa=0
| + sb=0 sd=0 mult=1 m=1
| XM_TAIL EA_TAIL BIASP VIN VIN sky130_fd_pr__pfet_g5v0d10v5 L=2 W=40 nf=8 ad=5.8 as=7.25 pd=42.32 ps=52.9 nrd=0.00725 nrs=0.00725
| + sa=0 sb=0 sd=0 mult=1 m=1
| XM_IN1 EA_D1 FB EA_TAIL VIN sky130_fd_pr__pfet_g5v0d10v5 L=2 W=10 nf=2 ad=1.45 as=2.9 pd=10.58 ps=21.16 nrd=0.029 nrs=0.029 sa=0
| + sb=0 sd=0 mult=1 m=1
| XM_IN2 EA_D2 VREF EA_TAIL VIN sky130_fd_pr__pfet_g5v0d10v5 L=2 W=10 nf=2 ad=1.45 as=2.9 pd=10.58 ps=21.16 nrd=0.029 nrs=0.029 sa=0
| + sb=0 sd=0 mult=1 m=1
| XM_MIR1 EA_D1 EA_D1 AMP_ENN 0 sky130_fd_pr__nfet_g5v0d10v5 L=4 W=10 nf=2 ad=1.45 as=2.9 pd=10.58 ps=21.16 nrd=0.029 nrs=0.029 sa=0
| + sb=0 sd=0 mult=1 m=1
| XM_MIR2 EA_OUT EA_D1 AMP_ENN 0 sky130_fd_pr__nfet_g5v0d10v5 L=4 W=10 nf=2 ad=1.45 as=2.9 pd=10.58 ps=21.16 nrd=0.029 nrs=0.029
| + sa=0 sb=0 sd=0 mult=1 m=1
| XM_ENN2 AMP_ENN EN 0 0 sky130_fd_pr__nfet_g5v0d10v5 L=0.5 W=10 nf=1 ad=2.9 as=2.9 pd=20.58 ps=20.58 nrd=0.029 nrs=0.029 sa=0 sb=0
| + sd=0 mult=1 m=1
| XM_ENP EA_OUT EN VIN VIN sky130_fd_pr__pfet_g5v0d10v5 L=0.5 W=10 nf=1 ad=2.9 as=2.9 pd=20.58 ps=20.58 nrd=0.029 nrs=0.029 sa=0
| + sb=0 sd=0 mult=1 m=1
| XM_MIR3 EA_D2 EA_D2 AMP_ENN 0 sky130_fd_pr__nfet_g5v0d10v5 L=4 W=10 nf=2 ad=1.45 as=2.9 pd=10.58 ps=21.16 nrd=0.029 nrs=0.029 sa=0
| + sb=0 sd=0 mult=1 m=1
| XM_MIR4 PB EA_D2 AMP_ENN 0 sky130_fd_pr__nfet_g5v0d10v5 L=4 W=10 nf=2 ad=1.45 as=2.9 pd=10.58 ps=21.16 nrd=0.029 nrs=0.029 sa=0
| + sb=0 sd=0 mult=1 m=1
| XM_MIRP1 PB PB VIN VIN sky130_fd_pr__pfet_g5v0d10v5 L=4 W=20 nf=4 ad=2.9 as=4.35 pd=21.16 ps=31.74 nrd=0.0145 nrs=0.0145 sa=0 sb=0
| + sd=0 mult=1 m=1
| XM_MIRP2 EA_OUT PB VIN VIN sky130_fd_pr__pfet_g5v0d10v5 L=4 W=20 nf=4 ad=2.9 as=4.35 pd=21.16 ps=31.74 nrd=0.0145 nrs=0.0145 sa=0
| + sb=0 sd=0 mult=1 m=1
| XM_ENP5 PB EN VIN VIN sky130_fd_pr__pfet_g5v0d10v5 L=0.5 W=2 nf=1 ad=0.58 as=0.58 pd=4.58 ps=4.58 nrd=0.145 nrs=0.145 sa=0 sb=0
| + sd=0 mult=1 m=1
| XM_PASS VOUT EA_OUT VIN VIN sky130_fd_pr__pfet_g5v0d10v5 L=0.5 W=100 nf=25 ad=15.08 as=15.08 pd=111.54 ps=111.54 nrd=0.0029
| + nrs=0.0029 sa=0 sb=0 sd=0 mult=25 m=25
| C_COMP VOUT EA_CZ 150p m=1
| XR_CZ EA_CZ EA_OUT 0 sky130_fd_pr__res_xhigh_po W=0.42 L=52 mult=1 m=1
| XR_FB_A VOUT FB 0 sky130_fd_pr__res_xhigh_po W=0.42 L=180 mult=1 m=1
| XR_FB_B FB N_FBB 0 sky130_fd_pr__res_xhigh_po W=0.42 L=180 mult=1 m=1
| XR_FB_C N_FBB 0 0 sky130_fd_pr__res_xhigh_po W=0.42 L=180 mult=1 m=1
| XM_SENSE CL_SNS EA_OUT VIN VIN sky130_fd_pr__pfet_g5v0d10v5 L=0.5 W=0.42 nf=1 ad=0.1218 as=0.1218 pd=1.42 ps=1.42
| + nrd=0.69047619047619 nrs=0.69047619047619 sa=0 sb=0 sd=0 mult=1 m=1
| XM_CLN1 CL_SNS CL_SNS AMP_ENN 0 sky130_fd_pr__nfet_g5v0d10v5 L=1 W=20 nf=1 ad=5.8 as=5.8 pd=40.58 ps=40.58 nrd=0.0145 nrs=0.0145
| + sa=0 sb=0 sd=0 mult=1 m=1
| XM_CLN2 CL_CMP CL_SNS AMP_ENN 0 sky130_fd_pr__nfet_g5v0d10v5 L=1 W=1.6 nf=1 ad=0.464 as=0.464 pd=3.78 ps=3.78 nrd=0.18125
| + nrs=0.18125 sa=0 sb=0 sd=0 mult=1 m=1
| XM_CLP CL_CMP BIASP VIN VIN sky130_fd_pr__pfet_g5v0d10v5 L=1 W=10 nf=2 ad=1.45 as=2.9 pd=10.58 ps=21.16 nrd=0.029 nrs=0.029 sa=0
| + sb=0 sd=0 mult=1 m=1
| XM_CLIM EA_OUT CL_CMP VIN VIN sky130_fd_pr__pfet_g5v0d10v5 L=0.5 W=20 nf=4 ad=2.9 as=4.35 pd=21.16 ps=31.74 nrd=0.0145 nrs=0.0145
| + sa=0 sb=0 sd=0 mult=1 m=1
| XM_ENP3 CL_CMP EN VIN VIN sky130_fd_pr__pfet_g5v0d10v5 L=0.5 W=2 nf=1 ad=0.58 as=0.58 pd=4.58 ps=4.58 nrd=0.145 nrs=0.145 sa=0
| + sb=0 sd=0 mult=1 m=1
| C_CL VIN CL_CMP 1p m=1
| XM_INVP ENB EN VIN VIN sky130_fd_pr__pfet_g5v0d10v5 L=0.5 W=2 nf=1 ad=0.58 as=0.58 pd=4.58 ps=4.58 nrd=0.145 nrs=0.145 sa=0 sb=0
| + sd=0 mult=1 m=1
| XM_INVN ENB EN 0 0 sky130_fd_pr__nfet_g5v0d10v5 L=0.5 W=1 nf=1 ad=0.29 as=0.29 pd=2.58 ps=2.58 nrd=0.29 nrs=0.29 sa=0 sb=0 sd=0
| + mult=1 m=1
| XM_SSDIS SS ENB 0 0 sky130_fd_pr__nfet_g5v0d10v5 L=0.5 W=2 nf=1 ad=0.58 as=0.58 pd=4.58 ps=4.58 nrd=0.145 nrs=0.145 sa=0 sb=0 sd=0
| + mult=1 m=1
| XM_SSCHG SS BIASP VIN VIN sky130_fd_pr__pfet_g5v0d10v5 L=8 W=1 nf=1 ad=0.29 as=0.29 pd=2.58 ps=2.58 nrd=0.29 nrs=0.29 sa=0 sb=0
| + sd=0 mult=1 m=1
| C_SS SS 0 10p m=1
| XM_IN2S EA_D2 SS EA_TAIL VIN sky130_fd_pr__pfet_g5v0d10v5 L=2 W=10 nf=2 ad=1.45 as=2.9 pd=10.58 ps=21.16 nrd=0.029 nrs=0.029 sa=0
| + sb=0 sd=0 mult=1 m=1
| XM_TSPS TS_SNS BIASP VIN VIN sky130_fd_pr__pfet_g5v0d10v5 L=1 W=2.5 nf=1 ad=0.725 as=0.725 pd=5.58 ps=5.58 nrd=0.116 nrs=0.116
| + sa=0 sb=0 sd=0 mult=1 m=1
| XM_TSD1 TS_SNS TS_SNS TS_MID 0 sky130_fd_pr__nfet_g5v0d10v5 L=1 W=80 nf=16 ad=11.6 as=13.05 pd=84.64 ps=95.22 nrd=0.003625
| + nrs=0.003625 sa=0 sb=0 sd=0 mult=1 m=1
| XM_TSD2 TS_MID TS_MID AMP_ENN 0 sky130_fd_pr__nfet_g5v0d10v5 L=1 W=80 nf=16 ad=11.6 as=13.05 pd=84.64 ps=95.22 nrd=0.003625
| + nrs=0.003625 sa=0 sb=0 sd=0 mult=1 m=1
| XM_TSPR TS_REF BIASP VIN VIN sky130_fd_pr__pfet_g5v0d10v5 L=1 W=2.5 nf=1 ad=0.725 as=0.725 pd=5.58 ps=5.58 nrd=0.116 nrs=0.116
| + sa=0 sb=0 sd=0 mult=1 m=1
| XM_TSR1 TS_REF TS_REF AMP_ENN 0 sky130_fd_pr__nfet_g5v0d10v5 L=10 W=2 nf=1 ad=0.58 as=0.58 pd=4.58 ps=4.58 nrd=0.145 nrs=0.145
| + sa=0 sb=0 sd=0 mult=1 m=1
| XM_TCTAIL TC_TAIL NB AMP_ENN 0 sky130_fd_pr__nfet_g5v0d10v5 L=1 W=1 nf=1 ad=0.29 as=0.29 pd=2.58 ps=2.58 nrd=0.29 nrs=0.29 sa=0
| + sb=0 sd=0 mult=1 m=1
| XM_TCN1 TC_D1 TS_SNS TC_TAIL 0 sky130_fd_pr__nfet_g5v0d10v5 L=2 W=10 nf=2 ad=1.45 as=2.9 pd=10.58 ps=21.16 nrd=0.029 nrs=0.029
| + sa=0 sb=0 sd=0 mult=1 m=1
| XM_TCN2 TS_CMP TS_REF TC_TAIL 0 sky130_fd_pr__nfet_g5v0d10v5 L=2 W=10 nf=2 ad=1.45 as=2.9 pd=10.58 ps=21.16 nrd=0.029 nrs=0.029
| + sa=0 sb=0 sd=0 mult=1 m=1
| XM_TCP1 TC_D1 TC_D1 VIN VIN sky130_fd_pr__pfet_g5v0d10v5 L=2 W=10 nf=2 ad=1.45 as=2.9 pd=10.58 ps=21.16 nrd=0.029 nrs=0.029 sa=0
| + sb=0 sd=0 mult=1 m=1
| XM_TCP2 TS_CMP TC_D1 VIN VIN sky130_fd_pr__pfet_g5v0d10v5 L=2 W=10 nf=2 ad=1.45 as=2.9 pd=10.58 ps=21.16 nrd=0.029 nrs=0.029 sa=0
| + sb=0 sd=0 mult=1 m=1
| XM_TSHUT EA_OUT TS_CMP VIN VIN sky130_fd_pr__pfet_g5v0d10v5 L=0.5 W=20 nf=4 ad=2.9 as=4.35 pd=21.16 ps=31.74 nrd=0.0145 nrs=0.0145
| + sa=0 sb=0 sd=0 mult=1 m=1
| XM_TSHYSB TS_HYS BIASP VIN VIN sky130_fd_pr__pfet_g5v0d10v5 L=2 W=1.5 nf=1 ad=0.435 as=0.435 pd=3.58 ps=3.58 nrd=0.193333333333333
| + nrs=0.193333333333333 sa=0 sb=0 sd=0 mult=1 m=1
| XM_TSHYS TS_REF TS_CMP TS_HYS VIN sky130_fd_pr__pfet_g5v0d10v5 L=0.5 W=2 nf=1 ad=0.58 as=0.58 pd=4.58 ps=4.58 nrd=0.145 nrs=0.145
| + sa=0 sb=0 sd=0 mult=1 m=1
| XM_ENP4 TS_CMP EN VIN VIN sky130_fd_pr__pfet_g5v0d10v5 L=0.5 W=2 nf=1 ad=0.58 as=0.58 pd=4.58 ps=4.58 nrd=0.145 nrs=0.145 sa=0
| + sb=0 sd=0 mult=1 m=1
| C_TS VIN TS_CMP 1p m=1
| .ends
| 
| .control
| save all
| * --- leg 1: C_out 0.33uF, 0 mA (feedback divider is the only preload) ---
| tran 10u 4m
| meas tran vpk max v(vout) from=100u to=4m
| meas tran vfloor min v(vout) from=3.1m to=4m
| meas tran tset when v(vout)=1.764 rise=1
| * --- leg 2: C_out 0.33uF, 50 mA ---
| alter rload = 36
| tran 10u 4m
| meas tran vpk max v(vout) from=100u to=4m
| meas tran vfloor min v(vout) from=3.1m to=4m
| meas tran tset when v(vout)=1.764 rise=1
| * --- leg 3: C_out 4.7uF, 0 mA ---
| alter cout = 4.7u
| alter rload = 1e12
| tran 10u 4m
| meas tran vpk max v(vout) from=100u to=4m
| meas tran vfloor min v(vout) from=3.1m to=4m
| meas tran tset when v(vout)=1.764 rise=1
| * --- leg 4: C_out 4.7uF, 50 mA ---
| alter rload = 36
| tran 10u 4m
| meas tran vpk max v(vout) from=100u to=4m
| meas tran vfloor min v(vout) from=3.1m to=4m
| meas tran tset when v(vout)=1.764 rise=1
| let meas_vpk_c033_0ma_v = tran1.vpk
| let meas_vfloor_c033_0ma_v = tran1.vfloor
| let meas_tramp_c033_0ma_ms = 1000*(tran1.tset - 100u)
| let meas_vpk_c033_50ma_v = tran2.vpk
| let meas_vfloor_c033_50ma_v = tran2.vfloor
| let meas_tramp_c033_50ma_ms = 1000*(tran2.tset - 100u)
| let meas_vpk_c47_0ma_v = tran3.vpk
| let meas_vfloor_c47_0ma_v = tran3.vfloor
| let meas_tramp_c47_0ma_ms = 1000*(tran3.tset - 100u)
| let meas_vpk_c47_50ma_v = tran4.vpk
| let meas_vfloor_c47_50ma_v = tran4.vfloor
| let meas_tramp_c47_50ma_ms = 1000*(tran4.tset - 100u)
| print meas_vpk_c033_0ma_v
| print meas_vfloor_c033_0ma_v
| print meas_tramp_c033_0ma_ms
| print meas_vpk_c033_50ma_v
| print meas_vfloor_c033_50ma_v
| print meas_tramp_c033_50ma_ms
| print meas_vpk_c47_0ma_v
| print meas_vfloor_c47_0ma_v
| print meas_tramp_c47_0ma_ms
| print meas_vpk_c47_50ma_v
| print meas_vfloor_c47_50ma_v
| print meas_tramp_c47_50ma_ms
| quit
| .endc
| .end

# ==== ngspice stdout ====

Note: Compatibility modes selected: hs a


Circuit: * startup corner deck -- generated by sim/bin/corner-run.py, do not edit

option SCALE: Scale is set to 1e-06 for instance and model parameters
option SCALE: Scale is set to 1e-06 for instance and model parameters
option SCALE: Scale is set to 1e-06 for instance and model parameters
option SCALE: Scale is set to 1e-06 for instance and model parameters
Doing analysis at TEMP = 27.000000 and TNOM = 27.000000

Using KLU as Direct Linear Solver
 Reference value :  0.00000e+00
 Reference value :  8.00000e-07
 Reference value :  1.28000e-05
 Reference value :  5.28000e-05
 Reference value :  9.14000e-05
 Reference value :  1.00300e-04
 Reference value :  1.00411e-04
 Reference value :  1.00592e-04
 Reference value :  1.00751e-04
 Reference value :  1.00834e-04
 Reference value :  1.00899e-04
 Reference value :  1.01000e-04
 Reference value :  1.01038e-04
 Reference value :  1.01187e-04
 Reference value :  1.01671e-04
 Reference value :  1.03095e-04
 Reference value :  1.13463e-04
 Reference value :  1.33447e-04
 Reference value :  1.52763e-04
 Reference value :  1.82763e-04
 Reference value :  2.22763e-04
 Reference value :  2.52763e-04
 Reference value :  2.82763e-04
 Reference value :  3.02763e-04
 Reference value :  3.32763e-04
 Reference value :  3.62763e-04
 Reference value :  3.92763e-04
 Reference value :  4.22763e-04
 Reference value :  4.52763e-04
 Reference value :  4.82763e-04
 Reference value :  5.12763e-04
 Reference value :  5.42763e-04
 Reference value :  5.72763e-04
 Reference value :  6.02763e-04
 Reference value :  6.22763e-04
 Reference value :  6.52763e-04
 Reference value :  6.72763e-04
 Reference value :  7.02763e-04
 Reference value :  7.22763e-04
 Reference value :  7.42763e-04
 Reference value :  7.72763e-04
 Reference value :  8.12763e-04
 Reference value :  8.52763e-04
 Reference value :  8.82763e-04
 Reference value :  9.12763e-04
 Reference value :  9.52763e-04
 Reference value :  9.92763e-04
 Reference value :  1.03276e-03
 Reference value :  1.07276e-03
 Reference value :  1.10276e-03
 Reference value :  1.13276e-03
 Reference value :  1.17276e-03
 Reference value :  1.23276e-03
 Reference value :  1.28276e-03
 Reference value :  1.33276e-03
 Reference value :  1.37276e-03
 Reference value :  1.42276e-03
 Reference value :  1.46276e-03
 Reference value :  1.50276e-03
 Reference value :  1.54276e-03
 Reference value :  1.58276e-03
 Reference value :  1.61276e-03
 Reference value :  1.65276e-03
 Reference value :  1.69276e-03
 Reference value :  1.73276e-03
 Reference value :  1.77276e-03
 Reference value :  1.81276e-03
 Reference value :  1.86276e-03
 Reference value :  1.90276e-03
 Reference value :  1.94276e-03
 Reference value :  1.98276e-03
 Reference value :  2.01276e-03
 Reference value :  2.05276e-03
 Reference value :  2.09276e-03
 Reference value :  2.12276e-03
 Reference value :  2.15276e-03
 Reference value :  2.19276e-03
 Reference value :  2.22276e-03
 Reference value :  2.26276e-03
 Reference value :  2.30276e-03
 Reference value :  2.34276e-03
 Reference value :  2.38276e-03
 Reference value :  2.42276e-03
 Reference value :  2.47276e-03
 Reference value :  2.50276e-03
 Reference value :  2.54276e-03
 Reference value :  2.58276e-03
 Reference value :  2.62276e-03
 Reference value :  2.66276e-03
 Reference value :  2.70276e-03
 Reference value :  2.74276e-03
 Reference value :  2.77276e-03
 Reference value :  2.81276e-03
 Reference value :  2.85276e-03
 Reference value :  2.89276e-03
 Reference value :  2.93276e-03
 Reference value :  2.97276e-03
 Reference value :  3.01276e-03
 Reference value :  3.05276e-03
 Reference value :  3.09276e-03
 Reference value :  3.12276e-03
 Reference value :  3.16276e-03
 Reference value :  3.20276e-03
 Reference value :  3.24276e-03
 Reference value :  3.27276e-03
 Reference value :  3.30276e-03
 Reference value :  3.34276e-03
 Reference value :  3.37276e-03
 Reference value :  3.40276e-03
 Reference value :  3.44276e-03
 Reference value :  3.47276e-03
 Reference value :  3.51276e-03
 Reference value :  3.55276e-03
 Reference value :  3.59276e-03
 Reference value :  3.63276e-03
 Reference value :  3.67276e-03
 Reference value :  3.71276e-03
 Reference value :  3.75276e-03
 Reference value :  3.79276e-03
 Reference value :  3.83276e-03
 Reference value :  3.87276e-03
 Reference value :  3.90276e-03
 Reference value :  3.93276e-03
 Reference value :  3.96276e-03
 Reference value :  4.00000e-03
No. of Data Rows : 433
vpk                 =  1.81383e+00 at=  7.82763e-04
vfloor              =  1.80846e+00 at=  4.00000e-03
tset                =  4.67829e-04
Doing analysis at TEMP = 27.000000 and TNOM = 27.000000

Using KLU as Direct Linear Solver
 Reference value :  0.00000e+00
 Reference value :  4.00000e-07
 Reference value :  6.40000e-06
 Reference value :  4.28000e-05
 Reference value :  7.28000e-05
 Reference value :  1.00000e-04
 Reference value :  1.00300e-04
 Reference value :  1.00411e-04
 Reference value :  1.00516e-04
 Reference value :  1.00592e-04
 Reference value :  1.00751e-04
 Reference value :  1.00834e-04
 Reference value :  1.00899e-04
 Reference value :  1.01000e-04
 Reference value :  1.01016e-04
 Reference value :  1.01062e-04
 Reference value :  1.01325e-04
 Reference value :  1.01913e-04
 Reference value :  1.04575e-04
 Reference value :  1.13461e-04
 Reference value :  1.18798e-04
 Reference value :  1.23598e-04
 Reference value :  1.29324e-04
 Reference value :  1.40373e-04
 Reference value :  1.56793e-04
 Reference value :  1.86793e-04
 Reference value :  2.16793e-04
 Reference value :  2.46793e-04
 Reference value :  2.76793e-04
 Reference value :  3.06793e-04
 Reference value :  3.36793e-04
 Reference value :  3.86793e-04
 Reference value :  4.16793e-04
 Reference value :  4.46793e-04
 Reference value :  4.86793e-04
 Reference value :  5.16793e-04
 Reference value :  5.46793e-04
 Reference value :  5.76793e-04
 Reference value :  6.06793e-04
 Reference value :  6.46793e-04
 Reference value :  6.86793e-04
 Reference value :  7.26793e-04
 Reference value :  7.56793e-04
 Reference value :  7.86793e-04
 Reference value :  8.26793e-04
 Reference value :  8.56793e-04
 Reference value :  8.86793e-04
 Reference value :  9.26793e-04
 Reference value :  9.56793e-04
 Reference value :  9.96793e-04
 Reference value :  1.02679e-03
 Reference value :  1.07679e-03
 Reference value :  1.11679e-03
 Reference value :  1.14679e-03
 Reference value :  1.17679e-03
 Reference value :  1.21679e-03
 Reference value :  1.24679e-03
 Reference value :  1.27679e-03
 Reference value :  1.31679e-03
 Reference value :  1.35679e-03
 Reference value :  1.38679e-03
 Reference value :  1.42679e-03
 Reference value :  1.45679e-03
 Reference value :  1.50679e-03
 Reference value :  1.54679e-03
 Reference value :  1.57679e-03
 Reference value :  1.60679e-03
 Reference value :  1.64679e-03
 Reference value :  1.67679e-03
 Reference value :  1.71679e-03
 Reference value :  1.74679e-03
 Reference value :  1.77679e-03
 Reference value :  1.80679e-03
 Reference value :  1.83679e-03
 Reference value :  1.86679e-03
 Reference value :  1.90679e-03
 Reference value :  1.93679e-03
 Reference value :  1.97679e-03
 Reference value :  2.00679e-03
 Reference value :  2.03679e-03
 Reference value :  2.07679e-03
 Reference value :  2.10679e-03
 Reference value :  2.14679e-03
 Reference value :  2.17679e-03
 Reference value :  2.21679e-03
 Reference value :  2.25679e-03
 Reference value :  2.28679e-03
 Reference value :  2.32679e-03
 Reference value :  2.35679e-03
 Reference value :  2.38679e-03
 Reference value :  2.41679e-03
 Reference value :  2.45679e-03
 Reference value :  2.49679e-03
 Reference value :  2.52679e-03
 Reference value :  2.56679e-03
 Reference value :  2.59679e-03
 Reference value :  2.62679e-03
 Reference value :  2.66679e-03
 Reference value :  2.69679e-03
 Reference value :  2.72679e-03
 Reference value :  2.75679e-03
 Reference value :  2.78679e-03
 Reference value :  2.82679e-03
 Reference value :  2.85679e-03
 Reference value :  2.89679e-03
 Reference value :  2.93679e-03
 Reference value :  2.97679e-03
 Reference value :  3.01679e-03
 Reference value :  3.05679e-03
 Reference value :  3.09679e-03
 Reference value :  3.12679e-03
 Reference value :  3.16679e-03
 Reference value :  3.20679e-03
 Reference value :  3.23679e-03
 Reference value :  3.28679e-03
 Reference value :  3.31679e-03
 Reference value :  3.34679e-03
 Reference value :  3.37679e-03
 Reference value :  3.41679e-03
 Reference value :  3.44679e-03
 Reference value :  3.47679e-03
 Reference value :  3.51679e-03
 Reference value :  3.55679e-03
 Reference value :  3.58679e-03
 Reference value :  3.61679e-03
 Reference value :  3.65679e-03
 Reference value :  3.68679e-03
 Reference value :  3.72679e-03
 Reference value :  3.75679e-03
 Reference value :  3.78679e-03
 Reference value :  3.81679e-03
 Reference value :  3.85679e-03
 Reference value :  3.89679e-03
 Reference value :  3.92679e-03
 Reference value :  3.95679e-03
 Reference value :  3.98679e-03
No. of Data Rows : 436
vpk                 =  1.79793e+00 at=  1.09679e-03
vfloor              =  1.79788e+00 at=  3.99340e-03
tset                =  4.95746e-04
Doing analysis at TEMP = 27.000000 and TNOM = 27.000000

Using KLU as Direct Linear Solver
 Reference value :  0.00000e+00
 Reference value :  4.00000e-07
 Reference value :  6.40000e-06
 Reference value :  4.28000e-05
 Reference value :  8.28000e-05
 Reference value :  1.00100e-04
 Reference value :  1.00300e-04
 Reference value :  1.00411e-04
 Reference value :  1.00592e-04
 Reference value :  1.00751e-04
 Reference value :  1.00834e-04
 Reference value :  1.00899e-04
 Reference value :  1.01000e-04
 Reference value :  1.01038e-04
 Reference value :  1.01187e-04
 Reference value :  1.01671e-04
 Reference value :  1.03095e-04
 Reference value :  1.13463e-04
 Reference value :  1.33450e-04
 Reference value :  1.52766e-04
 Reference value :  1.72766e-04
 Reference value :  1.92766e-04
 Reference value :  2.22766e-04
 Reference value :  2.52766e-04
 Reference value :  2.82766e-04
 Reference value :  3.12766e-04
 Reference value :  3.32766e-04
 Reference value :  3.52766e-04
 Reference value :  3.72766e-04
 Reference value :  4.02766e-04
 Reference value :  4.32766e-04
 Reference value :  4.62766e-04
 Reference value :  4.92766e-04
 Reference value :  5.12766e-04
 Reference value :  5.32766e-04
 Reference value :  5.52766e-04
 Reference value :  5.72766e-04
 Reference value :  6.02766e-04
 Reference value :  6.22766e-04
 Reference value :  6.42766e-04
 Reference value :  6.72766e-04
 Reference value :  6.92766e-04
 Reference value :  7.22766e-04
 Reference value :  7.52766e-04
 Reference value :  7.92766e-04
 Reference value :  8.32766e-04
 Reference value :  8.72766e-04
 Reference value :  9.02766e-04
 Reference value :  9.32766e-04
 Reference value :  9.62766e-04
 Reference value :  9.92766e-04
 Reference value :  1.03277e-03
 Reference value :  1.07277e-03
 Reference value :  1.10277e-03
 Reference value :  1.13277e-03
 Reference value :  1.17277e-03
 Reference value :  1.21277e-03
 Reference value :  1.25277e-03
 Reference value :  1.30277e-03
 Reference value :  1.34277e-03
 Reference value :  1.37277e-03
 Reference value :  1.41277e-03
 Reference value :  1.44277e-03
 Reference value :  1.48277e-03
 Reference value :  1.51277e-03
 Reference value :  1.56277e-03
 Reference value :  1.60277e-03
 Reference value :  1.63277e-03
 Reference value :  1.67277e-03
 Reference value :  1.71277e-03
 Reference value :  1.75277e-03
 Reference value :  1.78277e-03
 Reference value :  1.82277e-03
 Reference value :  1.86277e-03
 Reference value :  1.90277e-03
 Reference value :  1.93277e-03
 Reference value :  1.97277e-03
 Reference value :  2.00277e-03
 Reference value :  2.03277e-03
 Reference value :  2.07277e-03
 Reference value :  2.10277e-03
 Reference value :  2.13277e-03
 Reference value :  2.17277e-03
 Reference value :  2.21277e-03
 Reference value :  2.24277e-03
 Reference value :  2.27277e-03
 Reference value :  2.30277e-03
 Reference value :  2.34277e-03
 Reference value :  2.38277e-03
 Reference value :  2.41277e-03
 Reference value :  2.44277e-03
 Reference value :  2.47277e-03
 Reference value :  2.51277e-03
 Reference value :  2.55277e-03
 Reference value :  2.59277e-03
 Reference value :  2.63277e-03
 Reference value :  2.67277e-03
 Reference value :  2.71277e-03
 Reference value :  2.75277e-03
 Reference value :  2.78277e-03
 Reference value :  2.81277e-03
 Reference value :  2.85277e-03
 Reference value :  2.89277e-03
 Reference value :  2.92277e-03
 Reference value :  2.95277e-03
 Reference value :  2.99277e-03
 Reference value :  3.03277e-03
 Reference value :  3.07277e-03
 Reference value :  3.11277e-03
 Reference value :  3.15277e-03
 Reference value :  3.18277e-03
 Reference value :  3.21277e-03
 Reference value :  3.25277e-03
 Reference value :  3.29277e-03
 Reference value :  3.33277e-03
 Reference value :  3.36277e-03
 Reference value :  3.39277e-03
 Reference value :  3.42277e-03
 Reference value :  3.46277e-03
 Reference value :  3.50277e-03
 Reference value :  3.54277e-03
 Reference value :  3.57277e-03
 Reference value :  3.61277e-03
 Reference value :  3.65277e-03
 Reference value :  3.69277e-03
 Reference value :  3.73277e-03
 Reference value :  3.77277e-03
 Reference value :  3.81277e-03
 Reference value :  3.85277e-03
 Reference value :  3.89277e-03
 Reference value :  3.93277e-03
 Reference value :  3.97277e-03
No. of Data Rows : 433
vpk                 =  1.82504e+00 at=  7.42766e-04
vfloor              =  1.82465e+00 at=  4.00000e-03
tset                =  4.57559e-04
Doing analysis at TEMP = 27.000000 and TNOM = 27.000000

Using KLU as Direct Linear Solver
 Reference value :  0.00000e+00
 Reference value :  8.00000e-07
 Reference value :  2.28000e-05
 Reference value :  7.28000e-05
 Reference value :  1.00100e-04
 Reference value :  1.00300e-04
 Reference value :  1.00411e-04
 Reference value :  1.00589e-04
 Reference value :  1.00738e-04
 Reference value :  1.00876e-04
 Reference value :  1.00960e-04
 Reference value :  1.01006e-04
 Reference value :  1.01125e-04
 Reference value :  1.01542e-04
 Reference value :  1.02545e-04
 Reference value :  1.09558e-04
 Reference value :  1.23637e-04
 Reference value :  1.31580e-04
 Reference value :  1.46309e-04
 Reference value :  1.74800e-04
 Reference value :  2.04800e-04
 Reference value :  2.44800e-04
 Reference value :  2.84800e-04
 Reference value :  3.44800e-04
 Reference value :  3.84800e-04
 Reference value :  4.14800e-04
 Reference value :  4.44800e-04
 Reference value :  4.84800e-04
 Reference value :  5.24800e-04
 Reference value :  5.64800e-04
 Reference value :  6.14800e-04
 Reference value :  6.54800e-04
 Reference value :  6.94800e-04
 Reference value :  7.34800e-04
 Reference value :  7.74800e-04
 Reference value :  8.14800e-04
 Reference value :  8.54800e-04
 Reference value :  8.94800e-04
 Reference value :  9.34800e-04
 Reference value :  9.74800e-04
 Reference value :  1.02480e-03
 Reference value :  1.06480e-03
 Reference value :  1.10480e-03
 Reference value :  1.15480e-03
 Reference value :  1.20480e-03
 Reference value :  1.24480e-03
 Reference value :  1.28480e-03
 Reference value :  1.34480e-03
 Reference value :  1.39480e-03
 Reference value :  1.44480e-03
 Reference value :  1.48480e-03
 Reference value :  1.52480e-03
 Reference value :  1.56480e-03
 Reference value :  1.61480e-03
 Reference value :  1.66480e-03
 Reference value :  1.71480e-03
 Reference value :  1.75480e-03
 Reference value :  1.79480e-03
 Reference value :  1.83480e-03
 Reference value :  1.87480e-03
 Reference value :  1.91480e-03
 Reference value :  1.97480e-03
 Reference value :  2.01480e-03
 Reference value :  2.06480e-03
 Reference value :  2.12480e-03
 Reference value :  2.17480e-03
 Reference value :  2.22480e-03
 Reference value :  2.28480e-03
 Reference value :  2.32480e-03
 Reference value :  2.36480e-03
 Reference value :  2.40480e-03
 Reference value :  2.45480e-03
 Reference value :  2.50480e-03
 Reference value :  2.55480e-03
 Reference value :  2.59480e-03
 Reference value :  2.63480e-03
 Reference value :  2.66480e-03
 Reference value :  2.69480e-03
 Reference value :  2.73480e-03
 Reference value :  2.77480e-03
 Reference value :  2.81480e-03
 Reference value :  2.85480e-03
 Reference value :  2.89480e-03
 Reference value :  2.94480e-03
 Reference value :  2.99480e-03
 Reference value :  3.04480e-03
 Reference value :  3.08480e-03
 Reference value :  3.12480e-03
 Reference value :  3.17480e-03
 Reference value :  3.21480e-03
 Reference value :  3.26480e-03
 Reference value :  3.30480e-03
 Reference value :  3.35480e-03
 Reference value :  3.38480e-03
 Reference value :  3.43480e-03
 Reference value :  3.47480e-03
 Reference value :  3.51480e-03
 Reference value :  3.55480e-03
 Reference value :  3.60480e-03
 Reference value :  3.65480e-03
 Reference value :  3.69480e-03
 Reference value :  3.74480e-03
 Reference value :  3.78480e-03
 Reference value :  3.82480e-03
 Reference value :  3.86480e-03
 Reference value :  3.92480e-03
 Reference value :  3.97480e-03
No. of Data Rows : 435
vpk                 =  1.79790e+00 at=  1.01480e-03
vfloor              =  1.79787e+00 at=  4.00000e-03
tset                =  4.74364e-04
meas_vpk_c033_0ma_v = 1.813828e+00
meas_vfloor_c033_0ma_v = 1.808455e+00
meas_tramp_c033_0ma_ms = 3.678286e-01
meas_vpk_c033_50ma_v = 1.797931e+00
meas_vfloor_c033_50ma_v = 1.797883e+00
meas_tramp_c033_50ma_ms = 3.957465e-01
meas_vpk_c47_0ma_v = 1.825040e+00
meas_vfloor_c47_0ma_v = 1.824653e+00
meas_tramp_c47_0ma_ms = 3.575589e-01
meas_vpk_c47_50ma_v = 1.797897e+00
meas_vfloor_c47_50ma_v = 1.797870e+00
meas_tramp_c47_50ma_ms = 3.743641e-01
ngspice-46 done

# ==== ngspice stderr ====
Note: Starting dynamic gmin stepping
Warning: Dynamic gmin stepping failed
Note: Starting true gmin stepping
Note: True gmin stepping completed
Note: Starting dynamic gmin stepping
Warning: Dynamic gmin stepping failed
Note: Starting true gmin stepping
Note: True gmin stepping completed
Note: Starting dynamic gmin stepping
Warning: Dynamic gmin stepping failed
Note: Starting true gmin stepping
Note: True gmin stepping completed
Note: Starting dynamic gmin stepping
Warning: Dynamic gmin stepping failed
Note: Starting true gmin stepping
Note: True gmin stepping completed
