# corner: sf_27c_2.97v
# process=sf temp=27C supply=2.97V
# ngspice exit: 0
# wall clock: 67.6s (--timeout was 1800s)
# result: PASS

# ngspice was given TWO inputs: the deck below and the .spiceinit below
# it. To reproduce this corner by hand, write the `|`-prefixed deck to
# sf_27c_2.97v.spice, write the `|`-prefixed .spiceinit block to
# `.spiceinit` in the SAME directory, then run
#     ngspice -b sf_27c_2.97v.spice
# Both are required: .spiceinit selects the linear solver, so a run
# without it can differ in its solver diagnostics (issue #190).

# ==== deck (1st input: the .spice file given to ngspice) ====
| * line-regulation corner deck -- generated by sim/bin/corner-run.py, do not edit
| * corner: sf_27c_2.97v
| .param vsup=2.97
| .option wnflag=1
| .temp 27
| .lib "/Users/rwalters/.volare/sky130A/libs.tech/combined/sky130.lib.spice" sf
| ** sch_path: sim/line-regulation/testbench/tb_line_regulation.sch
| **.subckt tb_line_regulation
| VVIN VIN 0 3.3
| .save i(vvin)
| VEN EN 0 dc 0 pwl(0 0 100u 0 101u 3.3 10 3.3)
| .save i(ven)
| VVREF VREF 0 1.2
| .save i(vvref)
| xldo VOUT VREF EN VIN ldo_3v3in_1v8out
| COUT VOUT VESR 1u m=1
| RESR VESR 0 10m m=1
| ILOAD VOUT 0 1m
| **.ends
| 
| * expanding   symbol:  design/ldo_3v3in_1v8out.sym # of pins=4
| ** sym_path: design/ldo_3v3in_1v8out.sym
| ** sch_path: design/ldo_3v3in_1v8out.sch
| .subckt ldo_3v3in_1v8out VOUT VREF EN VIN
| *.ipin VIN
| *.ipin EN
| *.ipin VREF
| *.opin VOUT
| XR_BIAS VIN NB 0 sky130_fd_pr__res_high_po W=0.42 L=1500 mult=1 m=1
| XM_BIASN1 NB NB BIAS_ENN 0 sky130_fd_pr__nfet_g5v0d10v5 L=1 W=4 nf=1 ad=1.16 as=1.16 pd=8.58 ps=8.58 nrd=0.0725 nrs=0.0725 sa=0
| + sb=0 sd=0 mult=1 m=1
| XM_ENN BIAS_ENN EN 0 0 sky130_fd_pr__nfet_g5v0d10v5 L=0.5 W=10 nf=1 ad=2.9 as=2.9 pd=20.58 ps=20.58 nrd=0.029 nrs=0.029 sa=0 sb=0
| + sd=0 mult=1 m=1
| XM_BIASN2 BIASP NB BIAS_ENN 0 sky130_fd_pr__nfet_g5v0d10v5 L=1 W=4 nf=1 ad=1.16 as=1.16 pd=8.58 ps=8.58 nrd=0.0725 nrs=0.0725 sa=0
| + sb=0 sd=0 mult=1 m=1
| XM_BIASP1 BIASP BIASP VIN VIN sky130_fd_pr__pfet_g5v0d10v5 L=1 W=10 nf=2 ad=1.45 as=2.9 pd=10.58 ps=21.16 nrd=0.029 nrs=0.029 sa=0
| + sb=0 sd=0 mult=1 m=1
| XM_ENP2 BIASP EN VIN VIN sky130_fd_pr__pfet_g5v0d10v5 L=0.5 W=10 nf=1 ad=2.9 as=2.9 pd=20.58 ps=20.58 nrd=0.029 nrs=0.029 sa=0
| + sb=0 sd=0 mult=1 m=1
| XM_TAIL EA_TAIL BIASP VIN VIN sky130_fd_pr__pfet_g5v0d10v5 L=2 W=40 nf=8 ad=5.8 as=7.25 pd=42.32 ps=52.9 nrd=0.00725 nrs=0.00725
| + sa=0 sb=0 sd=0 mult=1 m=1
| XM_IN1 EA_D1 FB EA_TAIL VIN sky130_fd_pr__pfet_g5v0d10v5 L=2 W=10 nf=2 ad=1.45 as=2.9 pd=10.58 ps=21.16 nrd=0.029 nrs=0.029 sa=0
| + sb=0 sd=0 mult=1 m=1
| XM_IN2 EA_D2 VREF EA_TAIL VIN sky130_fd_pr__pfet_g5v0d10v5 L=2 W=10 nf=2 ad=1.45 as=2.9 pd=10.58 ps=21.16 nrd=0.029 nrs=0.029 sa=0
| + sb=0 sd=0 mult=1 m=1
| XM_MIR1 EA_D1 EA_D1 AMP_ENN 0 sky130_fd_pr__nfet_g5v0d10v5 L=4 W=10 nf=2 ad=1.45 as=2.9 pd=10.58 ps=21.16 nrd=0.029 nrs=0.029 sa=0
| + sb=0 sd=0 mult=1 m=1
| XM_MIR2 EA_OUT EA_D1 AMP_ENN 0 sky130_fd_pr__nfet_g5v0d10v5 L=4 W=10 nf=2 ad=1.45 as=2.9 pd=10.58 ps=21.16 nrd=0.029 nrs=0.029
| + sa=0 sb=0 sd=0 mult=1 m=1
| XM_ENN2 AMP_ENN EN 0 0 sky130_fd_pr__nfet_g5v0d10v5 L=0.5 W=10 nf=1 ad=2.9 as=2.9 pd=20.58 ps=20.58 nrd=0.029 nrs=0.029 sa=0 sb=0
| + sd=0 mult=1 m=1
| XM_ENP EA_OUT EN VIN VIN sky130_fd_pr__pfet_g5v0d10v5 L=0.5 W=10 nf=1 ad=2.9 as=2.9 pd=20.58 ps=20.58 nrd=0.029 nrs=0.029 sa=0
| + sb=0 sd=0 mult=1 m=1
| XM_MIR3 EA_D2 EA_D2 AMP_ENN 0 sky130_fd_pr__nfet_g5v0d10v5 L=4 W=10 nf=2 ad=1.45 as=2.9 pd=10.58 ps=21.16 nrd=0.029 nrs=0.029 sa=0
| + sb=0 sd=0 mult=1 m=1
| XM_MIR4 PB EA_D2 AMP_ENN 0 sky130_fd_pr__nfet_g5v0d10v5 L=4 W=10 nf=2 ad=1.45 as=2.9 pd=10.58 ps=21.16 nrd=0.029 nrs=0.029 sa=0
| + sb=0 sd=0 mult=1 m=1
| XM_MIRP1 PB PB VIN VIN sky130_fd_pr__pfet_g5v0d10v5 L=4 W=20 nf=4 ad=2.9 as=4.35 pd=21.16 ps=31.74 nrd=0.0145 nrs=0.0145 sa=0 sb=0
| + sd=0 mult=1 m=1
| XM_MIRP2 EA_OUT PB VIN VIN sky130_fd_pr__pfet_g5v0d10v5 L=4 W=20 nf=4 ad=2.9 as=4.35 pd=21.16 ps=31.74 nrd=0.0145 nrs=0.0145 sa=0
| + sb=0 sd=0 mult=1 m=1
| XM_ENP5 PB EN VIN VIN sky130_fd_pr__pfet_g5v0d10v5 L=0.5 W=2 nf=1 ad=0.58 as=0.58 pd=4.58 ps=4.58 nrd=0.145 nrs=0.145 sa=0 sb=0
| + sd=0 mult=1 m=1
| XM_PASS VOUT EA_OUT VIN VIN sky130_fd_pr__pfet_g5v0d10v5 L=0.5 W=100 nf=25 ad=15.08 as=15.08 pd=111.54 ps=111.54 nrd=0.0029
| + nrs=0.0029 sa=0 sb=0 sd=0 mult=50 m=50
| C_COMP VOUT EA_CZ 150p m=1
| XR_CZ EA_CZ EA_OUT 0 sky130_fd_pr__res_xhigh_po W=0.42 L=52 mult=1 m=1
| XR_FB_A VOUT FB 0 sky130_fd_pr__res_xhigh_po W=0.42 L=180 mult=1 m=1
| XR_FB_B FB N_FBB 0 sky130_fd_pr__res_xhigh_po W=0.42 L=180 mult=1 m=1
| XR_FB_C N_FBB 0 0 sky130_fd_pr__res_xhigh_po W=0.42 L=180 mult=1 m=1
| XM_SENSE CL_SNS EA_OUT VIN VIN sky130_fd_pr__pfet_g5v0d10v5 L=0.5 W=0.42 nf=1 ad=0.1218 as=0.1218 pd=1.42 ps=1.42
| + nrd=0.69047619047619 nrs=0.69047619047619 sa=0 sb=0 sd=0 mult=2 m=2
| XM_CLN1 CL_SNS CL_SNS AMP_ENN 0 sky130_fd_pr__nfet_g5v0d10v5 L=1 W=20 nf=1 ad=5.8 as=5.8 pd=40.58 ps=40.58 nrd=0.0145 nrs=0.0145
| + sa=0 sb=0 sd=0 mult=1 m=1
| XM_CLN2 CL_CMP CL_SNS AMP_ENN 0 sky130_fd_pr__nfet_g5v0d10v5 L=1 W=1.6 nf=1 ad=0.464 as=0.464 pd=3.78 ps=3.78 nrd=0.18125
| + nrs=0.18125 sa=0 sb=0 sd=0 mult=1 m=1
| XM_CLP CL_CMP BIASP VIN VIN sky130_fd_pr__pfet_g5v0d10v5 L=1 W=10 nf=2 ad=1.45 as=2.9 pd=10.58 ps=21.16 nrd=0.029 nrs=0.029 sa=0
| + sb=0 sd=0 mult=1 m=1
| XM_CLIM EA_OUT CL_CMP VIN VIN sky130_fd_pr__pfet_g5v0d10v5 L=0.5 W=20 nf=4 ad=2.9 as=4.35 pd=21.16 ps=31.74 nrd=0.0145 nrs=0.0145
| + sa=0 sb=0 sd=0 mult=1 m=1
| XM_ENP3 CL_CMP EN VIN VIN sky130_fd_pr__pfet_g5v0d10v5 L=0.5 W=2 nf=1 ad=0.58 as=0.58 pd=4.58 ps=4.58 nrd=0.145 nrs=0.145 sa=0
| + sb=0 sd=0 mult=1 m=1
| C_CL VIN CL_CMP 1p m=1
| XM_INVP ENB EN VIN VIN sky130_fd_pr__pfet_g5v0d10v5 L=0.5 W=2 nf=1 ad=0.58 as=0.58 pd=4.58 ps=4.58 nrd=0.145 nrs=0.145 sa=0 sb=0
| + sd=0 mult=1 m=1
| XM_INVN ENB EN 0 0 sky130_fd_pr__nfet_g5v0d10v5 L=0.5 W=1 nf=1 ad=0.29 as=0.29 pd=2.58 ps=2.58 nrd=0.29 nrs=0.29 sa=0 sb=0 sd=0
| + mult=1 m=1
| XM_SSDIS SS ENB 0 0 sky130_fd_pr__nfet_g5v0d10v5 L=0.5 W=2 nf=1 ad=0.58 as=0.58 pd=4.58 ps=4.58 nrd=0.145 nrs=0.145 sa=0 sb=0 sd=0
| + mult=1 m=1
| XM_SSCHG SS BIASP VIN VIN sky130_fd_pr__pfet_g5v0d10v5 L=8 W=1 nf=1 ad=0.29 as=0.29 pd=2.58 ps=2.58 nrd=0.29 nrs=0.29 sa=0 sb=0
| + sd=0 mult=1 m=1
| C_SS SS 0 10p m=1
| XM_IN2S EA_D2 SS EA_TAIL VIN sky130_fd_pr__pfet_g5v0d10v5 L=2 W=10 nf=2 ad=1.45 as=2.9 pd=10.58 ps=21.16 nrd=0.029 nrs=0.029 sa=0
| + sb=0 sd=0 mult=1 m=1
| XM_TSPS TS_SNS BIASP VIN VIN sky130_fd_pr__pfet_g5v0d10v5 L=1 W=1.25 nf=1 ad=0.3625 as=0.3625 pd=3.08 ps=3.08 nrd=0.232 nrs=0.232
| + sa=0 sb=0 sd=0 mult=1 m=1
| XM_TSD1 TS_SNS TS_SNS TS_MID 0 sky130_fd_pr__nfet_g5v0d10v5 L=4 W=80 nf=16 ad=11.6 as=13.05 pd=84.64 ps=95.22 nrd=0.003625
| + nrs=0.003625 sa=0 sb=0 sd=0 mult=1 m=1
| XM_TSD2 TS_MID TS_MID AMP_ENN 0 sky130_fd_pr__nfet_g5v0d10v5 L=4 W=80 nf=16 ad=11.6 as=13.05 pd=84.64 ps=95.22 nrd=0.003625
| + nrs=0.003625 sa=0 sb=0 sd=0 mult=1 m=1
| XM_TSPR TS_REF BIASP VIN VIN sky130_fd_pr__pfet_g5v0d10v5 L=1 W=7 nf=1 ad=2.03 as=2.03 pd=14.58 ps=14.58 nrd=0.0414285714285714
| + nrs=0.0414285714285714 sa=0 sb=0 sd=0 mult=1 m=1
| XM_TSR1 TS_REF TS_REF AMP_ENN 0 sky130_fd_pr__nfet_g5v0d10v5 L=2 W=0.42 nf=1 ad=0.1218 as=0.1218 pd=1.42 ps=1.42
| + nrd=0.69047619047619 nrs=0.69047619047619 sa=0 sb=0 sd=0 mult=1 m=1
| XM_TCTAIL TC_TAIL NB AMP_ENN 0 sky130_fd_pr__nfet_g5v0d10v5 L=1 W=1 nf=1 ad=0.29 as=0.29 pd=2.58 ps=2.58 nrd=0.29 nrs=0.29 sa=0
| + sb=0 sd=0 mult=1 m=1
| XM_TCN1 TC_D1 TS_SNS TC_TAIL 0 sky130_fd_pr__nfet_g5v0d10v5 L=2 W=10 nf=2 ad=1.45 as=2.9 pd=10.58 ps=21.16 nrd=0.029 nrs=0.029
| + sa=0 sb=0 sd=0 mult=1 m=1
| XM_TCN2 TS_CMP TS_REF TC_TAIL 0 sky130_fd_pr__nfet_g5v0d10v5 L=2 W=10 nf=2 ad=1.45 as=2.9 pd=10.58 ps=21.16 nrd=0.029 nrs=0.029
| + sa=0 sb=0 sd=0 mult=1 m=1
| XM_TCP1 TC_D1 TC_D1 VIN VIN sky130_fd_pr__pfet_g5v0d10v5 L=2 W=10 nf=2 ad=1.45 as=2.9 pd=10.58 ps=21.16 nrd=0.029 nrs=0.029 sa=0
| + sb=0 sd=0 mult=1 m=1
| XM_TCP2 TS_CMP TC_D1 VIN VIN sky130_fd_pr__pfet_g5v0d10v5 L=2 W=10 nf=2 ad=1.45 as=2.9 pd=10.58 ps=21.16 nrd=0.029 nrs=0.029 sa=0
| + sb=0 sd=0 mult=1 m=1
| XM_TSHUT EA_OUT TS_CMP VIN VIN sky130_fd_pr__pfet_g5v0d10v5 L=0.5 W=20 nf=4 ad=2.9 as=4.35 pd=21.16 ps=31.74 nrd=0.0145 nrs=0.0145
| + sa=0 sb=0 sd=0 mult=1 m=1
| XM_TSHYSB TS_HYS BIASP VIN VIN sky130_fd_pr__pfet_g5v0d10v5 L=2 W=4.5 nf=1 ad=1.305 as=1.305 pd=9.58 ps=9.58
| + nrd=0.0644444444444444 nrs=0.0644444444444444 sa=0 sb=0 sd=0 mult=1 m=1
| XM_TSHYS TS_REF TS_CMP TS_HYS VIN sky130_fd_pr__pfet_g5v0d10v5 L=0.5 W=2 nf=1 ad=0.58 as=0.58 pd=4.58 ps=4.58 nrd=0.145 nrs=0.145
| + sa=0 sb=0 sd=0 mult=1 m=1
| XM_ENP4 TS_CMP EN VIN VIN sky130_fd_pr__pfet_g5v0d10v5 L=0.5 W=2 nf=1 ad=0.58 as=0.58 pd=4.58 ps=4.58 nrd=0.145 nrs=0.145 sa=0
| + sb=0 sd=0 mult=1 m=1
| C_TS VIN TS_CMP 1p m=1
| .ends
| 
| .control
| save all
| * Each point is a COLD-START, SETTLED transient, not a bare
| * unconstrained .op (issue #172, contract #171): `uic` starts every node
| * at its natural cold value with EN low (the testbench's VEN steps high
| * at 101us), so the block powers up through its own soft-start ramp and
| * no operating-point solve happens at all. v(vout) is averaged over the
| * settled 199ms-200ms tail. See the testbench header for why a seeded
| * `op` cannot deliver this, and sim/load-regulation for why the window
| * is this long (that bench's 0mA point needs it; these four do not, but
| * both benches carry one convention).
| * EN convention (issue #196): EN's high level is the INSTANTANEOUS VIN,
| * not the corner runner's 'vsup' label. On this bench those are
| * different quantities -- VVIN is the bench's own source, 'alter'ed
| * between 2.97V and 3.63V INSIDE every corner, while 'vsup' is fixed per
| * corner -- so the old convention put EN 0.66V BELOW VIN at the
| * VIN=3.63V point of every *_2.97v corner. That is #187's EN-below-VIN
| * geometry (five PMOS shutdown clamps whose sources are VIN; gate drive
| * is VIN-EN), and it leaves no solver diagnostic. Each point below
| * therefore sets ONE literal (`vinpt`) and points BOTH VVIN and VEN's
| * pwl high level at it, so the two cannot drift apart in a later edit.
| * design/README.md -> 'Enable/shutdown' specifies EN as 'active-high,
| * full-rail (0V / VIN)', so this restores the documented interface at
| * every measured point; no spec or schematic line moves.
| * --- point 1: VIN=2.97V, I_LOAD=1mA (deck default) ---
| set vinpt = 2.97
| alter vvin = $vinpt
| alter @ven[pwl] = [ 0 0 100u 0 101u $vinpt 10 $vinpt ]
| tran 10u 200m uic
| meas tran vout_1ma_lo avg v(vout) from=199m to=200m
| * --- point 2: VIN=3.63V, I_LOAD=1mA ---
| set vinpt = 3.63
| alter vvin = $vinpt
| alter @ven[pwl] = [ 0 0 100u 0 101u $vinpt 10 $vinpt ]
| tran 10u 200m uic
| meas tran vout_1ma_hi avg v(vout) from=199m to=200m
| * --- point 3: VIN=2.97V, I_LOAD=50mA (altered) ---
| alter iload = 50m
| set vinpt = 2.97
| alter vvin = $vinpt
| alter @ven[pwl] = [ 0 0 100u 0 101u $vinpt 10 $vinpt ]
| tran 10u 200m uic
| meas tran vout_50ma_lo avg v(vout) from=199m to=200m
| * --- point 4: VIN=3.63V, I_LOAD=50mA ---
| set vinpt = 3.63
| alter vvin = $vinpt
| alter @ven[pwl] = [ 0 0 100u 0 101u $vinpt 10 $vinpt ]
| tran 10u 200m uic
| meas tran vout_50ma_hi avg v(vout) from=199m to=200m
| let meas_line_reg_1ma_mv_per_v = abs(1000*(tran2.vout_1ma_hi - tran1.vout_1ma_lo)/(3.63-2.97))
| let meas_line_reg_50ma_mv_per_v = abs(1000*(tran4.vout_50ma_hi - tran3.vout_50ma_lo)/(3.63-2.97))
| print meas_line_reg_1ma_mv_per_v
| print meas_line_reg_50ma_mv_per_v
| quit
| .endc
| .end

# ==== .spiceinit (2nd input: ngspice reads it from the run directory) ====
# sha256: 3cf811e1ae5fc75dd0bbe56205016c387c3538304be0cbdab7cb658fb9adf960
| * ngspice init settings for the sky130 PDK model libraries.
| *
| * The corner runner copies this file into its scratch run directory as
| * `.spiceinit` before invoking ngspice, so runs do not depend on whatever
| * happens to be in ~/.spiceinit. To drive ngspice by hand with the same
| * settings, copy this file to `.spiceinit` in your working directory.
| *
| * Same settings as the sibling sky130-bandgap harness (same PDK, same pin):
| * derived from the PDK's own libs.tech/ngspice/spinit, kept in-repo so the
| * settings a record was produced under are versioned with the harness.
| 
| set ngbehavior=hsa     ; HSPICE-ish compatibility, required to read PDK libs
| set skywaterpdk        ; skip some checks for faster lib loading
| set ng_nomodcheck      ; do not check model parameters
| option noinit          ; do not dump operating point data into the log
| option klu             ; KLU direct linear solver

# ==== ngspice stdout ====

Note: Compatibility modes selected: hs a


Circuit: * line-regulation corner deck -- generated by sim/bin/corner-run.py, do not edit

option SCALE: Scale is set to 1e-06 for instance and model parameters
option SCALE: Scale is set to 1e-06 for instance and model parameters
option SCALE: Scale is set to 1e-06 for instance and model parameters
option SCALE: Scale is set to 1e-06 for instance and model parameters
Doing analysis at TEMP = 27.000000 and TNOM = 27.000000

Using KLU as Direct Linear Solver
Operating point simulation skipped by 'uic',
  now using transient initial conditions.
 Reference value :  1.00000e-07
 Reference value :  5.05708e-03
 Reference value :  1.11671e-02
 Reference value :  1.91371e-02
 Reference value :  2.77171e-02
 Reference value :  3.63371e-02
 Reference value :  4.45871e-02
 Reference value :  5.28271e-02
 Reference value :  6.14071e-02
 Reference value :  6.93971e-02
 Reference value :  7.80771e-02
 Reference value :  8.67171e-02
 Reference value :  9.54871e-02
 Reference value :  1.04187e-01
 Reference value :  1.13177e-01
 Reference value :  1.21447e-01
 Reference value :  1.29667e-01
 Reference value :  1.38697e-01
 Reference value :  1.47637e-01
 Reference value :  1.57157e-01
 Reference value :  1.65567e-01
 Reference value :  1.74337e-01
 Reference value :  1.83617e-01
 Reference value :  1.92077e-01
No. of Data Rows : 20057
vout_1ma_lo         =  1.80046e+00 from=  1.99000e-01 to=  2.00000e-01
Doing analysis at TEMP = 27.000000 and TNOM = 27.000000

Using KLU as Direct Linear Solver
Operating point simulation skipped by 'uic',
  now using transient initial conditions.
 Reference value :  1.00515e-04
 Reference value :  1.12142e-02
 Reference value :  1.99542e-02
 Reference value :  2.83742e-02
 Reference value :  3.71142e-02
 Reference value :  4.52742e-02
 Reference value :  5.40142e-02
 Reference value :  6.35842e-02
 Reference value :  7.22142e-02
 Reference value :  8.11942e-02
 Reference value :  8.95142e-02
 Reference value :  9.86042e-02
 Reference value :  1.07074e-01
 Reference value :  1.15464e-01
 Reference value :  1.23944e-01
 Reference value :  1.31694e-01
 Reference value :  1.40114e-01
 Reference value :  1.48354e-01
 Reference value :  1.56674e-01
 Reference value :  1.66154e-01
 Reference value :  1.74704e-01
 Reference value :  1.82914e-01
 Reference value :  1.90864e-01
 Reference value :  1.98864e-01
No. of Data Rows : 20060
vout_1ma_hi         =  1.80065e+00 from=  1.99000e-01 to=  2.00000e-01
Doing analysis at TEMP = 27.000000 and TNOM = 27.000000

Using KLU as Direct Linear Solver
Operating point simulation skipped by 'uic',
  now using transient initial conditions.
 Reference value :  5.40607e-03
 Reference value :  1.40161e-02
 Reference value :  2.24561e-02
 Reference value :  3.08961e-02
 Reference value :  3.93461e-02
 Reference value :  4.78761e-02
 Reference value :  5.63761e-02
 Reference value :  6.44661e-02
 Reference value :  7.28061e-02
 Reference value :  8.06261e-02
 Reference value :  8.89561e-02
 Reference value :  9.75161e-02
 Reference value :  1.06046e-01
 Reference value :  1.14776e-01
 Reference value :  1.23146e-01
 Reference value :  1.32326e-01
 Reference value :  1.40946e-01
 Reference value :  1.48886e-01
 Reference value :  1.57126e-01
 Reference value :  1.66176e-01
 Reference value :  1.75326e-01
 Reference value :  1.83956e-01
 Reference value :  1.91916e-01
No. of Data Rows : 20062
vout_50ma_lo        =  1.79868e+00 from=  1.99000e-01 to=  2.00000e-01
Doing analysis at TEMP = 27.000000 and TNOM = 27.000000

Using KLU as Direct Linear Solver
Operating point simulation skipped by 'uic',
  now using transient initial conditions.
 Reference value :  5.55656e-05
 Reference value :  6.47819e-03
 Reference value :  1.58082e-02
 Reference value :  2.42182e-02
 Reference value :  3.23182e-02
 Reference value :  4.10482e-02
 Reference value :  4.99382e-02
 Reference value :  5.88582e-02
 Reference value :  6.76082e-02
 Reference value :  7.58582e-02
 Reference value :  8.46682e-02
 Reference value :  9.35582e-02
 Reference value :  1.01658e-01
 Reference value :  1.10298e-01
 Reference value :  1.19498e-01
 Reference value :  1.27528e-01
 Reference value :  1.36288e-01
 Reference value :  1.44798e-01
 Reference value :  1.53258e-01
 Reference value :  1.62578e-01
 Reference value :  1.70528e-01
 Reference value :  1.78968e-01
 Reference value :  1.87588e-01
 Reference value :  1.96308e-01
No. of Data Rows : 20064
vout_50ma_hi        =  1.79888e+00 from=  1.99000e-01 to=  2.00000e-01
meas_line_reg_1ma_mv_per_v = 2.893939e-01
meas_line_reg_50ma_mv_per_v = 3.060606e-01
ngspice-46 done

# ==== ngspice stderr ====

