# corner: ss_125c_3.30v
# process=ss temp=125C supply=3.30V
# ngspice exit: 0
# wall clock: 55.7s (--timeout was 1800s)
# result: PASS

# ngspice was given TWO inputs: the deck below and the .spiceinit below
# it. To reproduce this corner by hand, write the `|`-prefixed deck to
# ss_125c_3.30v.spice, write the `|`-prefixed .spiceinit block to
# `.spiceinit` in the SAME directory, then run
#     ngspice -b ss_125c_3.30v.spice
# Both are required: .spiceinit selects the linear solver, so a run
# without it can differ in its solver diagnostics (issue #190).

# ==== deck (1st input: the .spice file given to ngspice) ====
| * line-regulation corner deck -- generated by sim/bin/corner-run.py, do not edit
| * corner: ss_125c_3.30v
| .param vsup=3.3
| .option wnflag=1
| .temp 125
| .lib "/Users/rwalters/.volare/sky130A/libs.tech/combined/sky130.lib.spice" ss
| ** sch_path: sim/line-regulation/testbench/tb_line_regulation.sch
| **.subckt tb_line_regulation
| VVIN VIN 0 3.3
| .save i(vvin)
| VEN EN 0 dc 0 pwl(0 0 100u 0 101u 3.3 10 3.3)
| .save i(ven)
| VVREF VREF 0 1.2
| .save i(vvref)
| xldo VOUT VREF EN VIN ldo_3v3in_1v8out
| COUT VOUT VESR 1u m=1
| RESR VESR 0 10m m=1
| ILOAD VOUT 0 1m
| **.ends
| 
| * expanding   symbol:  design/ldo_3v3in_1v8out.sym # of pins=4
| ** sym_path: design/ldo_3v3in_1v8out.sym
| ** sch_path: design/ldo_3v3in_1v8out.sch
| .subckt ldo_3v3in_1v8out VOUT VREF EN VIN
| *.ipin VIN
| *.ipin EN
| *.ipin VREF
| *.opin VOUT
| XR_BIAS VIN NB 0 sky130_fd_pr__res_high_po W=0.42 L=1500 mult=1 m=1
| XM_BIASN1 NB NB BIAS_ENN 0 sky130_fd_pr__nfet_g5v0d10v5 L=1 W=4 nf=1 ad=1.16 as=1.16 pd=8.58 ps=8.58 nrd=0.0725 nrs=0.0725 sa=0
| + sb=0 sd=0 mult=1 m=1
| XM_ENN BIAS_ENN EN 0 0 sky130_fd_pr__nfet_g5v0d10v5 L=0.5 W=10 nf=1 ad=2.9 as=2.9 pd=20.58 ps=20.58 nrd=0.029 nrs=0.029 sa=0 sb=0
| + sd=0 mult=1 m=1
| XM_BIASN2 BIASP NB BIAS_ENN 0 sky130_fd_pr__nfet_g5v0d10v5 L=1 W=4 nf=1 ad=1.16 as=1.16 pd=8.58 ps=8.58 nrd=0.0725 nrs=0.0725 sa=0
| + sb=0 sd=0 mult=1 m=1
| XM_BIASP1 BIASP BIASP VIN VIN sky130_fd_pr__pfet_g5v0d10v5 L=1 W=10 nf=2 ad=1.45 as=2.9 pd=10.58 ps=21.16 nrd=0.029 nrs=0.029 sa=0
| + sb=0 sd=0 mult=1 m=1
| XM_ENP2 BIASP EN VIN VIN sky130_fd_pr__pfet_g5v0d10v5 L=0.5 W=10 nf=1 ad=2.9 as=2.9 pd=20.58 ps=20.58 nrd=0.029 nrs=0.029 sa=0
| + sb=0 sd=0 mult=1 m=1
| XM_TAIL EA_TAIL BIASP VIN VIN sky130_fd_pr__pfet_g5v0d10v5 L=2 W=40 nf=8 ad=5.8 as=7.25 pd=42.32 ps=52.9 nrd=0.00725 nrs=0.00725
| + sa=0 sb=0 sd=0 mult=1 m=1
| XM_IN1 EA_D1 FB EA_TAIL VIN sky130_fd_pr__pfet_g5v0d10v5 L=2 W=10 nf=2 ad=1.45 as=2.9 pd=10.58 ps=21.16 nrd=0.029 nrs=0.029 sa=0
| + sb=0 sd=0 mult=1 m=1
| XM_IN2 EA_D2 VREF EA_TAIL VIN sky130_fd_pr__pfet_g5v0d10v5 L=2 W=10 nf=2 ad=1.45 as=2.9 pd=10.58 ps=21.16 nrd=0.029 nrs=0.029 sa=0
| + sb=0 sd=0 mult=1 m=1
| XM_MIR1 EA_D1 EA_D1 AMP_ENN 0 sky130_fd_pr__nfet_g5v0d10v5 L=4 W=10 nf=2 ad=1.45 as=2.9 pd=10.58 ps=21.16 nrd=0.029 nrs=0.029 sa=0
| + sb=0 sd=0 mult=1 m=1
| XM_MIR2 EA_OUT EA_D1 AMP_ENN 0 sky130_fd_pr__nfet_g5v0d10v5 L=4 W=10 nf=2 ad=1.45 as=2.9 pd=10.58 ps=21.16 nrd=0.029 nrs=0.029
| + sa=0 sb=0 sd=0 mult=1 m=1
| XM_ENN2 AMP_ENN EN 0 0 sky130_fd_pr__nfet_g5v0d10v5 L=0.5 W=10 nf=1 ad=2.9 as=2.9 pd=20.58 ps=20.58 nrd=0.029 nrs=0.029 sa=0 sb=0
| + sd=0 mult=1 m=1
| XM_ENP EA_OUT EN VIN VIN sky130_fd_pr__pfet_g5v0d10v5 L=0.5 W=10 nf=1 ad=2.9 as=2.9 pd=20.58 ps=20.58 nrd=0.029 nrs=0.029 sa=0
| + sb=0 sd=0 mult=1 m=1
| XM_MIR3 EA_D2 EA_D2 AMP_ENN 0 sky130_fd_pr__nfet_g5v0d10v5 L=4 W=10 nf=2 ad=1.45 as=2.9 pd=10.58 ps=21.16 nrd=0.029 nrs=0.029 sa=0
| + sb=0 sd=0 mult=1 m=1
| XM_MIR4 PB EA_D2 AMP_ENN 0 sky130_fd_pr__nfet_g5v0d10v5 L=4 W=10 nf=2 ad=1.45 as=2.9 pd=10.58 ps=21.16 nrd=0.029 nrs=0.029 sa=0
| + sb=0 sd=0 mult=1 m=1
| XM_MIRP1 PB PB VIN VIN sky130_fd_pr__pfet_g5v0d10v5 L=4 W=20 nf=4 ad=2.9 as=4.35 pd=21.16 ps=31.74 nrd=0.0145 nrs=0.0145 sa=0 sb=0
| + sd=0 mult=1 m=1
| XM_MIRP2 EA_OUT PB VIN VIN sky130_fd_pr__pfet_g5v0d10v5 L=4 W=20 nf=4 ad=2.9 as=4.35 pd=21.16 ps=31.74 nrd=0.0145 nrs=0.0145 sa=0
| + sb=0 sd=0 mult=1 m=1
| XM_ENP5 PB EN VIN VIN sky130_fd_pr__pfet_g5v0d10v5 L=0.5 W=2 nf=1 ad=0.58 as=0.58 pd=4.58 ps=4.58 nrd=0.145 nrs=0.145 sa=0 sb=0
| + sd=0 mult=1 m=1
| XM_PASS VOUT EA_OUT VIN VIN sky130_fd_pr__pfet_g5v0d10v5 L=0.5 W=100 nf=25 ad=15.08 as=15.08 pd=111.54 ps=111.54 nrd=0.0029
| + nrs=0.0029 sa=0 sb=0 sd=0 mult=50 m=50
| C_COMP VOUT EA_CZ 150p m=1
| XR_CZ EA_CZ EA_OUT 0 sky130_fd_pr__res_xhigh_po W=0.42 L=52 mult=1 m=1
| XR_FB_A VOUT FB 0 sky130_fd_pr__res_xhigh_po W=0.42 L=180 mult=1 m=1
| XR_FB_B FB N_FBB 0 sky130_fd_pr__res_xhigh_po W=0.42 L=180 mult=1 m=1
| XR_FB_C N_FBB 0 0 sky130_fd_pr__res_xhigh_po W=0.42 L=180 mult=1 m=1
| XM_SENSE CL_SNS EA_OUT VIN VIN sky130_fd_pr__pfet_g5v0d10v5 L=0.5 W=0.42 nf=1 ad=0.1218 as=0.1218 pd=1.42 ps=1.42
| + nrd=0.69047619047619 nrs=0.69047619047619 sa=0 sb=0 sd=0 mult=2 m=2
| XM_CLN1 CL_SNS CL_SNS AMP_ENN 0 sky130_fd_pr__nfet_g5v0d10v5 L=1 W=20 nf=1 ad=5.8 as=5.8 pd=40.58 ps=40.58 nrd=0.0145 nrs=0.0145
| + sa=0 sb=0 sd=0 mult=1 m=1
| XM_CLN2 CL_CMP CL_SNS AMP_ENN 0 sky130_fd_pr__nfet_g5v0d10v5 L=1 W=1.6 nf=1 ad=0.464 as=0.464 pd=3.78 ps=3.78 nrd=0.18125
| + nrs=0.18125 sa=0 sb=0 sd=0 mult=1 m=1
| XM_CLP CL_CMP BIASP VIN VIN sky130_fd_pr__pfet_g5v0d10v5 L=1 W=10 nf=2 ad=1.45 as=2.9 pd=10.58 ps=21.16 nrd=0.029 nrs=0.029 sa=0
| + sb=0 sd=0 mult=1 m=1
| XM_CLIM EA_OUT CL_CMP VIN VIN sky130_fd_pr__pfet_g5v0d10v5 L=0.5 W=20 nf=4 ad=2.9 as=4.35 pd=21.16 ps=31.74 nrd=0.0145 nrs=0.0145
| + sa=0 sb=0 sd=0 mult=1 m=1
| XM_ENP3 CL_CMP EN VIN VIN sky130_fd_pr__pfet_g5v0d10v5 L=0.5 W=2 nf=1 ad=0.58 as=0.58 pd=4.58 ps=4.58 nrd=0.145 nrs=0.145 sa=0
| + sb=0 sd=0 mult=1 m=1
| C_CL VIN CL_CMP 1p m=1
| XM_INVP ENB EN VIN VIN sky130_fd_pr__pfet_g5v0d10v5 L=0.5 W=2 nf=1 ad=0.58 as=0.58 pd=4.58 ps=4.58 nrd=0.145 nrs=0.145 sa=0 sb=0
| + sd=0 mult=1 m=1
| XM_INVN ENB EN 0 0 sky130_fd_pr__nfet_g5v0d10v5 L=0.5 W=1 nf=1 ad=0.29 as=0.29 pd=2.58 ps=2.58 nrd=0.29 nrs=0.29 sa=0 sb=0 sd=0
| + mult=1 m=1
| XM_SSDIS SS ENB 0 0 sky130_fd_pr__nfet_g5v0d10v5 L=0.5 W=2 nf=1 ad=0.58 as=0.58 pd=4.58 ps=4.58 nrd=0.145 nrs=0.145 sa=0 sb=0 sd=0
| + mult=1 m=1
| XM_SSCHG SS BIASP VIN VIN sky130_fd_pr__pfet_g5v0d10v5 L=8 W=1 nf=1 ad=0.29 as=0.29 pd=2.58 ps=2.58 nrd=0.29 nrs=0.29 sa=0 sb=0
| + sd=0 mult=1 m=1
| C_SS SS 0 10p m=1
| XM_IN2S EA_D2 SS EA_TAIL VIN sky130_fd_pr__pfet_g5v0d10v5 L=2 W=10 nf=2 ad=1.45 as=2.9 pd=10.58 ps=21.16 nrd=0.029 nrs=0.029 sa=0
| + sb=0 sd=0 mult=1 m=1
| XM_TSPS TS_SNS BIASP VIN VIN sky130_fd_pr__pfet_g5v0d10v5 L=1 W=1.25 nf=1 ad=0.3625 as=0.3625 pd=3.08 ps=3.08 nrd=0.232 nrs=0.232
| + sa=0 sb=0 sd=0 mult=1 m=1
| XM_TSD1 TS_SNS TS_SNS TS_MID 0 sky130_fd_pr__nfet_g5v0d10v5 L=4 W=80 nf=16 ad=11.6 as=13.05 pd=84.64 ps=95.22 nrd=0.003625
| + nrs=0.003625 sa=0 sb=0 sd=0 mult=1 m=1
| XM_TSD2 TS_MID TS_MID AMP_ENN 0 sky130_fd_pr__nfet_g5v0d10v5 L=4 W=80 nf=16 ad=11.6 as=13.05 pd=84.64 ps=95.22 nrd=0.003625
| + nrs=0.003625 sa=0 sb=0 sd=0 mult=1 m=1
| XM_TSPR TS_REF BIASP VIN VIN sky130_fd_pr__pfet_g5v0d10v5 L=1 W=7 nf=1 ad=2.03 as=2.03 pd=14.58 ps=14.58 nrd=0.0414285714285714
| + nrs=0.0414285714285714 sa=0 sb=0 sd=0 mult=1 m=1
| XM_TSR1 TS_REF TS_REF AMP_ENN 0 sky130_fd_pr__nfet_g5v0d10v5 L=2 W=0.42 nf=1 ad=0.1218 as=0.1218 pd=1.42 ps=1.42
| + nrd=0.69047619047619 nrs=0.69047619047619 sa=0 sb=0 sd=0 mult=1 m=1
| XM_TCTAIL TC_TAIL NB AMP_ENN 0 sky130_fd_pr__nfet_g5v0d10v5 L=1 W=1 nf=1 ad=0.29 as=0.29 pd=2.58 ps=2.58 nrd=0.29 nrs=0.29 sa=0
| + sb=0 sd=0 mult=1 m=1
| XM_TCN1 TC_D1 TS_SNS TC_TAIL 0 sky130_fd_pr__nfet_g5v0d10v5 L=2 W=10 nf=2 ad=1.45 as=2.9 pd=10.58 ps=21.16 nrd=0.029 nrs=0.029
| + sa=0 sb=0 sd=0 mult=1 m=1
| XM_TCN2 TS_CMP TS_REF TC_TAIL 0 sky130_fd_pr__nfet_g5v0d10v5 L=2 W=10 nf=2 ad=1.45 as=2.9 pd=10.58 ps=21.16 nrd=0.029 nrs=0.029
| + sa=0 sb=0 sd=0 mult=1 m=1
| XM_TCP1 TC_D1 TC_D1 VIN VIN sky130_fd_pr__pfet_g5v0d10v5 L=2 W=10 nf=2 ad=1.45 as=2.9 pd=10.58 ps=21.16 nrd=0.029 nrs=0.029 sa=0
| + sb=0 sd=0 mult=1 m=1
| XM_TCP2 TS_CMP TC_D1 VIN VIN sky130_fd_pr__pfet_g5v0d10v5 L=2 W=10 nf=2 ad=1.45 as=2.9 pd=10.58 ps=21.16 nrd=0.029 nrs=0.029 sa=0
| + sb=0 sd=0 mult=1 m=1
| XM_TSHUT EA_OUT TS_CMP VIN VIN sky130_fd_pr__pfet_g5v0d10v5 L=0.5 W=20 nf=4 ad=2.9 as=4.35 pd=21.16 ps=31.74 nrd=0.0145 nrs=0.0145
| + sa=0 sb=0 sd=0 mult=1 m=1
| XM_TSHYSB TS_HYS BIASP VIN VIN sky130_fd_pr__pfet_g5v0d10v5 L=2 W=4.5 nf=1 ad=1.305 as=1.305 pd=9.58 ps=9.58
| + nrd=0.0644444444444444 nrs=0.0644444444444444 sa=0 sb=0 sd=0 mult=1 m=1
| XM_TSHYS TS_REF TS_CMP TS_HYS VIN sky130_fd_pr__pfet_g5v0d10v5 L=0.5 W=2 nf=1 ad=0.58 as=0.58 pd=4.58 ps=4.58 nrd=0.145 nrs=0.145
| + sa=0 sb=0 sd=0 mult=1 m=1
| XM_ENP4 TS_CMP EN VIN VIN sky130_fd_pr__pfet_g5v0d10v5 L=0.5 W=2 nf=1 ad=0.58 as=0.58 pd=4.58 ps=4.58 nrd=0.145 nrs=0.145 sa=0
| + sb=0 sd=0 mult=1 m=1
| C_TS VIN TS_CMP 1p m=1
| .ends
| 
| .control
| save all
| * Each point is a COLD-START, SETTLED transient, not a bare
| * unconstrained .op (issue #172, contract #171): `uic` starts every node
| * at its natural cold value with EN low (the testbench's VEN steps high
| * at 101us), so the block powers up through its own soft-start ramp and
| * no operating-point solve happens at all. v(vout) is averaged over the
| * settled 199ms-200ms tail. See the testbench header for why a seeded
| * `op` cannot deliver this, and sim/load-regulation for why the window
| * is this long (that bench's 0mA point needs it; these four do not, but
| * both benches carry one convention).
| * EN convention (issue #196): EN's high level is the INSTANTANEOUS VIN,
| * not the corner runner's 'vsup' label. On this bench those are
| * different quantities -- VVIN is the bench's own source, 'alter'ed
| * between 2.97V and 3.63V INSIDE every corner, while 'vsup' is fixed per
| * corner -- so the old convention put EN 0.66V BELOW VIN at the
| * VIN=3.63V point of every *_2.97v corner. That is #187's EN-below-VIN
| * geometry (five PMOS shutdown clamps whose sources are VIN; gate drive
| * is VIN-EN), and it leaves no solver diagnostic. Each point below
| * therefore sets ONE literal (`vinpt`) and points BOTH VVIN and VEN's
| * pwl high level at it, so the two cannot drift apart in a later edit.
| * design/README.md -> 'Enable/shutdown' specifies EN as 'active-high,
| * full-rail (0V / VIN)', so this restores the documented interface at
| * every measured point; no spec or schematic line moves.
| * --- point 1: VIN=2.97V, I_LOAD=1mA (deck default) ---
| set vinpt = 2.97
| alter vvin = $vinpt
| alter @ven[pwl] = [ 0 0 100u 0 101u $vinpt 10 $vinpt ]
| tran 10u 200m uic
| meas tran vout_1ma_lo avg v(vout) from=199m to=200m
| * --- point 2: VIN=3.63V, I_LOAD=1mA ---
| set vinpt = 3.63
| alter vvin = $vinpt
| alter @ven[pwl] = [ 0 0 100u 0 101u $vinpt 10 $vinpt ]
| tran 10u 200m uic
| meas tran vout_1ma_hi avg v(vout) from=199m to=200m
| * --- point 3: VIN=2.97V, I_LOAD=50mA (altered) ---
| alter iload = 50m
| set vinpt = 2.97
| alter vvin = $vinpt
| alter @ven[pwl] = [ 0 0 100u 0 101u $vinpt 10 $vinpt ]
| tran 10u 200m uic
| meas tran vout_50ma_lo avg v(vout) from=199m to=200m
| * --- point 4: VIN=3.63V, I_LOAD=50mA ---
| set vinpt = 3.63
| alter vvin = $vinpt
| alter @ven[pwl] = [ 0 0 100u 0 101u $vinpt 10 $vinpt ]
| tran 10u 200m uic
| meas tran vout_50ma_hi avg v(vout) from=199m to=200m
| let meas_line_reg_1ma_mv_per_v = abs(1000*(tran2.vout_1ma_hi - tran1.vout_1ma_lo)/(3.63-2.97))
| let meas_line_reg_50ma_mv_per_v = abs(1000*(tran4.vout_50ma_hi - tran3.vout_50ma_lo)/(3.63-2.97))
| print meas_line_reg_1ma_mv_per_v
| print meas_line_reg_50ma_mv_per_v
| quit
| .endc
| .end

# ==== .spiceinit (2nd input: ngspice reads it from the run directory) ====
# sha256: 3cf811e1ae5fc75dd0bbe56205016c387c3538304be0cbdab7cb658fb9adf960
| * ngspice init settings for the sky130 PDK model libraries.
| *
| * The corner runner copies this file into its scratch run directory as
| * `.spiceinit` before invoking ngspice, so runs do not depend on whatever
| * happens to be in ~/.spiceinit. To drive ngspice by hand with the same
| * settings, copy this file to `.spiceinit` in your working directory.
| *
| * Same settings as the sibling sky130-bandgap harness (same PDK, same pin):
| * derived from the PDK's own libs.tech/ngspice/spinit, kept in-repo so the
| * settings a record was produced under are versioned with the harness.
| 
| set ngbehavior=hsa     ; HSPICE-ish compatibility, required to read PDK libs
| set skywaterpdk        ; skip some checks for faster lib loading
| set ng_nomodcheck      ; do not check model parameters
| option noinit          ; do not dump operating point data into the log
| option klu             ; KLU direct linear solver

# ==== ngspice stdout ====

Note: Compatibility modes selected: hs a


Circuit: * line-regulation corner deck -- generated by sim/bin/corner-run.py, do not edit

option SCALE: Scale is set to 1e-06 for instance and model parameters
option SCALE: Scale is set to 1e-06 for instance and model parameters
option SCALE: Scale is set to 1e-06 for instance and model parameters
option SCALE: Scale is set to 1e-06 for instance and model parameters
Doing analysis at TEMP = 125.000000 and TNOM = 27.000000

Using KLU as Direct Linear Solver
Operating point simulation skipped by 'uic',
  now using transient initial conditions.
 Reference value :  1.00000e-07
 Reference value :  7.42956e-03
 Reference value :  1.65696e-02
 Reference value :  2.51796e-02
 Reference value :  3.34696e-02
 Reference value :  4.24696e-02
 Reference value :  5.08896e-02
 Reference value :  5.87896e-02
 Reference value :  6.76596e-02
 Reference value :  7.61696e-02
 Reference value :  8.48496e-02
 Reference value :  9.40596e-02
 Reference value :  1.02300e-01
 Reference value :  1.11120e-01
 Reference value :  1.19600e-01
 Reference value :  1.27520e-01
 Reference value :  1.36780e-01
 Reference value :  1.45390e-01
 Reference value :  1.54760e-01
 Reference value :  1.63600e-01
 Reference value :  1.72330e-01
 Reference value :  1.80620e-01
 Reference value :  1.88810e-01
 Reference value :  1.97610e-01
No. of Data Rows : 20057
vout_1ma_lo         =  1.80074e+00 from=  1.99000e-01 to=  2.00000e-01
Doing analysis at TEMP = 125.000000 and TNOM = 27.000000

Using KLU as Direct Linear Solver
Operating point simulation skipped by 'uic',
  now using transient initial conditions.
 Reference value :  3.54586e-03
 Reference value :  9.91586e-03
 Reference value :  1.72559e-02
 Reference value :  2.60859e-02
 Reference value :  3.43159e-02
 Reference value :  4.26659e-02
 Reference value :  5.19759e-02
 Reference value :  6.17059e-02
 Reference value :  7.10959e-02
 Reference value :  8.05259e-02
 Reference value :  8.91759e-02
 Reference value :  9.88959e-02
 Reference value :  1.08176e-01
 Reference value :  1.17456e-01
 Reference value :  1.26296e-01
 Reference value :  1.35226e-01
 Reference value :  1.43536e-01
 Reference value :  1.53126e-01
 Reference value :  1.61496e-01
 Reference value :  1.70546e-01
 Reference value :  1.79386e-01
 Reference value :  1.88196e-01
 Reference value :  1.97746e-01
No. of Data Rows : 20054
vout_1ma_hi         =  1.80106e+00 from=  1.99000e-01 to=  2.00000e-01
Doing analysis at TEMP = 125.000000 and TNOM = 27.000000

Using KLU as Direct Linear Solver
Operating point simulation skipped by 'uic',
  now using transient initial conditions.
 Reference value :  4.92065e-03
 Reference value :  1.38707e-02
 Reference value :  2.22907e-02
 Reference value :  3.04007e-02
 Reference value :  3.91207e-02
 Reference value :  4.70407e-02
 Reference value :  5.52107e-02
 Reference value :  6.32707e-02
 Reference value :  7.23007e-02
 Reference value :  8.02507e-02
 Reference value :  8.89607e-02
 Reference value :  9.75407e-02
 Reference value :  1.05931e-01
 Reference value :  1.14991e-01
 Reference value :  1.23441e-01
 Reference value :  1.32721e-01
 Reference value :  1.41631e-01
 Reference value :  1.50271e-01
 Reference value :  1.58571e-01
 Reference value :  1.67891e-01
 Reference value :  1.76871e-01
 Reference value :  1.86021e-01
 Reference value :  1.95761e-01
No. of Data Rows : 20059
vout_50ma_lo        =  1.79836e+00 from=  1.99000e-01 to=  2.00000e-01
Doing analysis at TEMP = 125.000000 and TNOM = 27.000000

Using KLU as Direct Linear Solver
Operating point simulation skipped by 'uic',
  now using transient initial conditions.
 Reference value :  2.50839e-03
 Reference value :  1.06884e-02
 Reference value :  1.88284e-02
 Reference value :  2.77584e-02
 Reference value :  3.59584e-02
 Reference value :  4.41084e-02
 Reference value :  5.29584e-02
 Reference value :  6.14884e-02
 Reference value :  7.31084e-02
 Reference value :  8.23584e-02
 Reference value :  9.08984e-02
 Reference value :  1.00628e-01
 Reference value :  1.09098e-01
 Reference value :  1.17498e-01
 Reference value :  1.25548e-01
 Reference value :  1.35828e-01
 Reference value :  1.45778e-01
 Reference value :  1.54698e-01
 Reference value :  1.63728e-01
 Reference value :  1.72818e-01
 Reference value :  1.81138e-01
 Reference value :  1.89458e-01
 Reference value :  1.98918e-01
No. of Data Rows : 20062
vout_50ma_hi        =  1.79858e+00 from=  1.99000e-01 to=  2.00000e-01
meas_line_reg_1ma_mv_per_v = 4.833333e-01
meas_line_reg_50ma_mv_per_v = 3.363636e-01
ngspice-46 done

# ==== ngspice stderr ====

