# corner: ff_-40c_2.97v
# process=ff temp=-40C supply=2.97V
# ngspice exit: 0
# wall clock: 78.3s (--timeout was 300s)
# result: PASS

# ==== deck (exact input given to ngspice) ====
| * enable-shutdown corner deck -- generated by sim/bin/corner-run.py, do not edit
| * corner: ff_-40c_2.97v
| .param vsup=2.97
| .option wnflag=1
| .temp -40
| .lib "/home/ubuntu/.volare/sky130A/libs.tech/combined/sky130.lib.spice" ff
| ** sch_path: sim/enable-shutdown/testbench/tb_enable_shutdown.sch
| **.subckt tb_enable_shutdown
| VVIN VIN 0 'vsup'
| .save i(vvin)
| VEN EN 0 dc 0 pwl(0 0 100u 0 101u 'vsup' 2m 'vsup' 2.001m 0 10 0)
| .save i(ven)
| VVREF VREF 0 1.2
| .save i(vvref)
| xldo VOUT VREF EN VIN ldo_3v3in_1v8out
| COUT VOUT VESR 1u m=1
| RESR VESR 0 10m m=1
| RLOAD VOUT 0 1e12 m=1
| RFORCE VOUT VF 1e12 m=1
| VFORCE VF 0 0
| .save i(vforce)
| **.ends
| 
| * expanding   symbol:  design/ldo_3v3in_1v8out.sym # of pins=4
| ** sym_path: design/ldo_3v3in_1v8out.sym
| ** sch_path: design/ldo_3v3in_1v8out.sch
| .subckt ldo_3v3in_1v8out VOUT VREF EN VIN
| *.ipin VIN
| *.ipin EN
| *.ipin VREF
| *.opin VOUT
| XR_BIAS VIN NB 0 sky130_fd_pr__res_high_po W=0.42 L=1500 mult=1 m=1
| XM_BIASN1 NB NB BIAS_ENN 0 sky130_fd_pr__nfet_g5v0d10v5 L=1 W=4 nf=1 ad=1.16 as=1.16 pd=8.58 ps=8.58 nrd=0.0725 nrs=0.0725 sa=0
| + sb=0 sd=0 mult=1 m=1
| XM_ENN BIAS_ENN EN 0 0 sky130_fd_pr__nfet_g5v0d10v5 L=0.5 W=10 nf=1 ad=2.9 as=2.9 pd=20.58 ps=20.58 nrd=0.029 nrs=0.029 sa=0 sb=0
| + sd=0 mult=1 m=1
| XM_BIASN2 BIASP NB BIAS_ENN 0 sky130_fd_pr__nfet_g5v0d10v5 L=1 W=4 nf=1 ad=1.16 as=1.16 pd=8.58 ps=8.58 nrd=0.0725 nrs=0.0725 sa=0
| + sb=0 sd=0 mult=1 m=1
| XM_BIASP1 BIASP BIASP VIN VIN sky130_fd_pr__pfet_g5v0d10v5 L=1 W=10 nf=2 ad=1.45 as=2.9 pd=10.58 ps=21.16 nrd=0.029 nrs=0.029 sa=0
| + sb=0 sd=0 mult=1 m=1
| XM_ENP2 BIASP EN VIN VIN sky130_fd_pr__pfet_g5v0d10v5 L=0.5 W=10 nf=1 ad=2.9 as=2.9 pd=20.58 ps=20.58 nrd=0.029 nrs=0.029 sa=0
| + sb=0 sd=0 mult=1 m=1
| XM_TAIL EA_TAIL BIASP VIN VIN sky130_fd_pr__pfet_g5v0d10v5 L=2 W=40 nf=8 ad=5.8 as=7.25 pd=42.32 ps=52.9 nrd=0.00725 nrs=0.00725
| + sa=0 sb=0 sd=0 mult=1 m=1
| XM_IN1 EA_D1 FB EA_TAIL VIN sky130_fd_pr__pfet_g5v0d10v5 L=2 W=10 nf=2 ad=1.45 as=2.9 pd=10.58 ps=21.16 nrd=0.029 nrs=0.029 sa=0
| + sb=0 sd=0 mult=1 m=1
| XM_IN2 EA_D2 VREF EA_TAIL VIN sky130_fd_pr__pfet_g5v0d10v5 L=2 W=10 nf=2 ad=1.45 as=2.9 pd=10.58 ps=21.16 nrd=0.029 nrs=0.029 sa=0
| + sb=0 sd=0 mult=1 m=1
| XM_MIR1 EA_D1 EA_D1 AMP_ENN 0 sky130_fd_pr__nfet_g5v0d10v5 L=4 W=10 nf=2 ad=1.45 as=2.9 pd=10.58 ps=21.16 nrd=0.029 nrs=0.029 sa=0
| + sb=0 sd=0 mult=1 m=1
| XM_MIR2 EA_OUT EA_D1 AMP_ENN 0 sky130_fd_pr__nfet_g5v0d10v5 L=4 W=10 nf=2 ad=1.45 as=2.9 pd=10.58 ps=21.16 nrd=0.029 nrs=0.029
| + sa=0 sb=0 sd=0 mult=1 m=1
| XM_ENN2 AMP_ENN EN 0 0 sky130_fd_pr__nfet_g5v0d10v5 L=0.5 W=10 nf=1 ad=2.9 as=2.9 pd=20.58 ps=20.58 nrd=0.029 nrs=0.029 sa=0 sb=0
| + sd=0 mult=1 m=1
| XM_ENP EA_OUT EN VIN VIN sky130_fd_pr__pfet_g5v0d10v5 L=0.5 W=10 nf=1 ad=2.9 as=2.9 pd=20.58 ps=20.58 nrd=0.029 nrs=0.029 sa=0
| + sb=0 sd=0 mult=1 m=1
| XM_MIR3 EA_D2 EA_D2 AMP_ENN 0 sky130_fd_pr__nfet_g5v0d10v5 L=4 W=10 nf=2 ad=1.45 as=2.9 pd=10.58 ps=21.16 nrd=0.029 nrs=0.029 sa=0
| + sb=0 sd=0 mult=1 m=1
| XM_MIR4 PB EA_D2 AMP_ENN 0 sky130_fd_pr__nfet_g5v0d10v5 L=4 W=10 nf=2 ad=1.45 as=2.9 pd=10.58 ps=21.16 nrd=0.029 nrs=0.029 sa=0
| + sb=0 sd=0 mult=1 m=1
| XM_MIRP1 PB PB VIN VIN sky130_fd_pr__pfet_g5v0d10v5 L=4 W=20 nf=4 ad=2.9 as=4.35 pd=21.16 ps=31.74 nrd=0.0145 nrs=0.0145 sa=0 sb=0
| + sd=0 mult=1 m=1
| XM_MIRP2 EA_OUT PB VIN VIN sky130_fd_pr__pfet_g5v0d10v5 L=4 W=20 nf=4 ad=2.9 as=4.35 pd=21.16 ps=31.74 nrd=0.0145 nrs=0.0145 sa=0
| + sb=0 sd=0 mult=1 m=1
| XM_ENP5 PB EN VIN VIN sky130_fd_pr__pfet_g5v0d10v5 L=0.5 W=2 nf=1 ad=0.58 as=0.58 pd=4.58 ps=4.58 nrd=0.145 nrs=0.145 sa=0 sb=0
| + sd=0 mult=1 m=1
| XM_PASS VOUT EA_OUT VIN VIN sky130_fd_pr__pfet_g5v0d10v5 L=0.5 W=100 nf=25 ad=15.08 as=15.08 pd=111.54 ps=111.54 nrd=0.0029
| + nrs=0.0029 sa=0 sb=0 sd=0 mult=25 m=25
| C_COMP VOUT EA_CZ 150p m=1
| XR_CZ EA_CZ EA_OUT 0 sky130_fd_pr__res_xhigh_po W=0.42 L=52 mult=1 m=1
| XR_FB_A VOUT FB 0 sky130_fd_pr__res_xhigh_po W=0.42 L=180 mult=1 m=1
| XR_FB_B FB N_FBB 0 sky130_fd_pr__res_xhigh_po W=0.42 L=180 mult=1 m=1
| XR_FB_C N_FBB 0 0 sky130_fd_pr__res_xhigh_po W=0.42 L=180 mult=1 m=1
| XM_SENSE CL_SNS EA_OUT VIN VIN sky130_fd_pr__pfet_g5v0d10v5 L=0.5 W=0.42 nf=1 ad=0.1218 as=0.1218 pd=1.42 ps=1.42
| + nrd=0.69047619047619 nrs=0.69047619047619 sa=0 sb=0 sd=0 mult=1 m=1
| XM_CLN1 CL_SNS CL_SNS AMP_ENN 0 sky130_fd_pr__nfet_g5v0d10v5 L=1 W=20 nf=1 ad=5.8 as=5.8 pd=40.58 ps=40.58 nrd=0.0145 nrs=0.0145
| + sa=0 sb=0 sd=0 mult=1 m=1
| XM_CLN2 CL_CMP CL_SNS AMP_ENN 0 sky130_fd_pr__nfet_g5v0d10v5 L=1 W=1.6 nf=1 ad=0.464 as=0.464 pd=3.78 ps=3.78 nrd=0.18125
| + nrs=0.18125 sa=0 sb=0 sd=0 mult=1 m=1
| XM_CLP CL_CMP BIASP VIN VIN sky130_fd_pr__pfet_g5v0d10v5 L=1 W=10 nf=2 ad=1.45 as=2.9 pd=10.58 ps=21.16 nrd=0.029 nrs=0.029 sa=0
| + sb=0 sd=0 mult=1 m=1
| XM_CLIM EA_OUT CL_CMP VIN VIN sky130_fd_pr__pfet_g5v0d10v5 L=0.5 W=20 nf=4 ad=2.9 as=4.35 pd=21.16 ps=31.74 nrd=0.0145 nrs=0.0145
| + sa=0 sb=0 sd=0 mult=1 m=1
| XM_ENP3 CL_CMP EN VIN VIN sky130_fd_pr__pfet_g5v0d10v5 L=0.5 W=2 nf=1 ad=0.58 as=0.58 pd=4.58 ps=4.58 nrd=0.145 nrs=0.145 sa=0
| + sb=0 sd=0 mult=1 m=1
| C_CL VIN CL_CMP 1p m=1
| XM_INVP ENB EN VIN VIN sky130_fd_pr__pfet_g5v0d10v5 L=0.5 W=2 nf=1 ad=0.58 as=0.58 pd=4.58 ps=4.58 nrd=0.145 nrs=0.145 sa=0 sb=0
| + sd=0 mult=1 m=1
| XM_INVN ENB EN 0 0 sky130_fd_pr__nfet_g5v0d10v5 L=0.5 W=1 nf=1 ad=0.29 as=0.29 pd=2.58 ps=2.58 nrd=0.29 nrs=0.29 sa=0 sb=0 sd=0
| + mult=1 m=1
| XM_SSDIS SS ENB 0 0 sky130_fd_pr__nfet_g5v0d10v5 L=0.5 W=2 nf=1 ad=0.58 as=0.58 pd=4.58 ps=4.58 nrd=0.145 nrs=0.145 sa=0 sb=0 sd=0
| + mult=1 m=1
| XM_SSCHG SS BIASP VIN VIN sky130_fd_pr__pfet_g5v0d10v5 L=8 W=1 nf=1 ad=0.29 as=0.29 pd=2.58 ps=2.58 nrd=0.29 nrs=0.29 sa=0 sb=0
| + sd=0 mult=1 m=1
| C_SS SS 0 10p m=1
| XM_IN2S EA_D2 SS EA_TAIL VIN sky130_fd_pr__pfet_g5v0d10v5 L=2 W=10 nf=2 ad=1.45 as=2.9 pd=10.58 ps=21.16 nrd=0.029 nrs=0.029 sa=0
| + sb=0 sd=0 mult=1 m=1
| XM_TSPS TS_SNS BIASP VIN VIN sky130_fd_pr__pfet_g5v0d10v5 L=1 W=2.5 nf=1 ad=0.725 as=0.725 pd=5.58 ps=5.58 nrd=0.116 nrs=0.116
| + sa=0 sb=0 sd=0 mult=1 m=1
| XM_TSD1 TS_SNS TS_SNS TS_MID 0 sky130_fd_pr__nfet_g5v0d10v5 L=1 W=80 nf=16 ad=11.6 as=13.05 pd=84.64 ps=95.22 nrd=0.003625
| + nrs=0.003625 sa=0 sb=0 sd=0 mult=1 m=1
| XM_TSD2 TS_MID TS_MID AMP_ENN 0 sky130_fd_pr__nfet_g5v0d10v5 L=1 W=80 nf=16 ad=11.6 as=13.05 pd=84.64 ps=95.22 nrd=0.003625
| + nrs=0.003625 sa=0 sb=0 sd=0 mult=1 m=1
| XM_TSPR TS_REF BIASP VIN VIN sky130_fd_pr__pfet_g5v0d10v5 L=1 W=2.5 nf=1 ad=0.725 as=0.725 pd=5.58 ps=5.58 nrd=0.116 nrs=0.116
| + sa=0 sb=0 sd=0 mult=1 m=1
| XM_TSR1 TS_REF TS_REF AMP_ENN 0 sky130_fd_pr__nfet_g5v0d10v5 L=10 W=2 nf=1 ad=0.58 as=0.58 pd=4.58 ps=4.58 nrd=0.145 nrs=0.145
| + sa=0 sb=0 sd=0 mult=1 m=1
| XM_TCTAIL TC_TAIL NB AMP_ENN 0 sky130_fd_pr__nfet_g5v0d10v5 L=1 W=1 nf=1 ad=0.29 as=0.29 pd=2.58 ps=2.58 nrd=0.29 nrs=0.29 sa=0
| + sb=0 sd=0 mult=1 m=1
| XM_TCN1 TC_D1 TS_SNS TC_TAIL 0 sky130_fd_pr__nfet_g5v0d10v5 L=2 W=10 nf=2 ad=1.45 as=2.9 pd=10.58 ps=21.16 nrd=0.029 nrs=0.029
| + sa=0 sb=0 sd=0 mult=1 m=1
| XM_TCN2 TS_CMP TS_REF TC_TAIL 0 sky130_fd_pr__nfet_g5v0d10v5 L=2 W=10 nf=2 ad=1.45 as=2.9 pd=10.58 ps=21.16 nrd=0.029 nrs=0.029
| + sa=0 sb=0 sd=0 mult=1 m=1
| XM_TCP1 TC_D1 TC_D1 VIN VIN sky130_fd_pr__pfet_g5v0d10v5 L=2 W=10 nf=2 ad=1.45 as=2.9 pd=10.58 ps=21.16 nrd=0.029 nrs=0.029 sa=0
| + sb=0 sd=0 mult=1 m=1
| XM_TCP2 TS_CMP TC_D1 VIN VIN sky130_fd_pr__pfet_g5v0d10v5 L=2 W=10 nf=2 ad=1.45 as=2.9 pd=10.58 ps=21.16 nrd=0.029 nrs=0.029 sa=0
| + sb=0 sd=0 mult=1 m=1
| XM_TSHUT EA_OUT TS_CMP VIN VIN sky130_fd_pr__pfet_g5v0d10v5 L=0.5 W=20 nf=4 ad=2.9 as=4.35 pd=21.16 ps=31.74 nrd=0.0145 nrs=0.0145
| + sa=0 sb=0 sd=0 mult=1 m=1
| XM_TSHYSB TS_HYS BIASP VIN VIN sky130_fd_pr__pfet_g5v0d10v5 L=2 W=1.5 nf=1 ad=0.435 as=0.435 pd=3.58 ps=3.58 nrd=0.193333333333333
| + nrs=0.193333333333333 sa=0 sb=0 sd=0 mult=1 m=1
| XM_TSHYS TS_REF TS_CMP TS_HYS VIN sky130_fd_pr__pfet_g5v0d10v5 L=0.5 W=2 nf=1 ad=0.58 as=0.58 pd=4.58 ps=4.58 nrd=0.145 nrs=0.145
| + sa=0 sb=0 sd=0 mult=1 m=1
| XM_ENP4 TS_CMP EN VIN VIN sky130_fd_pr__pfet_g5v0d10v5 L=0.5 W=2 nf=1 ad=0.58 as=0.58 pd=4.58 ps=4.58 nrd=0.145 nrs=0.145 sa=0
| + sb=0 sd=0 mult=1 m=1
| C_TS VIN TS_CMP 1p m=1
| .ends
| 
| .control
| save all
| * --- leg 1: full cycle -- EN rises at t=100us, block regulates, EN falls at t=2ms ---
| tran 5u 4.5m
| meas tran vpre find v(vout) at=1.9m
| meas tran iq_avg avg i(vvin) from=3.5m to=4.5m
| meas tran iq_worst min i(vvin) from=3.5m to=4.5m
| meas tran vhold find v(vout) at=4m
| * --- leg 2: static disabled state, output free-floating ---
| op
| * --- leg 3: static disabled state, VOUT forced to 0 V (Vin->Vout leakage) ---
| alter rforce = 1m
| op
| * --- leg 4: static disabled state, VOUT held at the 1.8 V nominal output ---
| alter vforce = 1.8
| op
| let meas_iq_shutdown_static_ua = -1e6*op1.i(vvin)
| let meas_iq_shutdown_after_edge_ua = -1e6*tran1.iq_worst
| let meas_iq_shutdown_after_edge_mean_ua = -1e6*tran1.iq_avg
| let meas_leak_vin_vout_ua = 1e6*op2.i(vforce)
| let meas_vout_pre_disable_v = tran1.vpre
| let meas_vout_hold_2ms_v = tran1.vhold
| let meas_vout_disabled_static_v = op1.v(vout)
| let meas_ivout_held_1v8_ua = -1e6*op3.i(vforce)
| print meas_iq_shutdown_static_ua
| print meas_iq_shutdown_after_edge_ua
| print meas_iq_shutdown_after_edge_mean_ua
| print meas_leak_vin_vout_ua
| print meas_vout_pre_disable_v
| print meas_vout_hold_2ms_v
| print meas_vout_disabled_static_v
| print meas_ivout_held_1v8_ua
| quit
| .endc
| .end

# ==== ngspice stdout ====

Note: Compatibility modes selected: hs a


Circuit: * enable-shutdown corner deck -- generated by sim/bin/corner-run.py, do not edit

option SCALE: Scale is set to 1e-06 for instance and model parameters
option SCALE: Scale is set to 1e-06 for instance and model parameters
option SCALE: Scale is set to 1e-06 for instance and model parameters
option SCALE: Scale is set to 1e-06 for instance and model parameters
Doing analysis at TEMP = -40.000000 and TNOM = 27.000000

Using KLU as Direct Linear Solver
 Reference value :  0.00000e+00
 Reference value :  4.00000e-07
 Reference value :  3.20000e-06
 Reference value :  2.14000e-05
 Reference value :  4.14000e-05
 Reference value :  6.64000e-05
 Reference value :  8.64000e-05
 Reference value :  1.00000e-04
 Reference value :  1.00300e-04
 Reference value :  1.00411e-04
 Reference value :  1.00589e-04
 Reference value :  1.00738e-04
 Reference value :  1.00805e-04
 Reference value :  1.00857e-04
 Reference value :  1.00954e-04
 Reference value :  1.01000e-04
 Reference value :  1.01014e-04
 Reference value :  1.01056e-04
 Reference value :  1.01353e-04
 Reference value :  1.01793e-04
 Reference value :  1.04381e-04
 Reference value :  1.17339e-04
 Reference value :  1.27339e-04
 Reference value :  1.37339e-04
 Reference value :  1.47339e-04
 Reference value :  1.57339e-04
 Reference value :  1.72339e-04
 Reference value :  1.82339e-04
 Reference value :  1.97339e-04
 Reference value :  2.07339e-04
 Reference value :  2.17339e-04
 Reference value :  2.32339e-04
 Reference value :  2.47339e-04
 Reference value :  2.57339e-04
 Reference value :  2.72339e-04
 Reference value :  2.82339e-04
 Reference value :  2.97339e-04
 Reference value :  3.12339e-04
 Reference value :  3.27339e-04
 Reference value :  3.42339e-04
 Reference value :  3.57339e-04
 Reference value :  3.67339e-04
 Reference value :  3.77339e-04
 Reference value :  3.92339e-04
 Reference value :  4.02339e-04
 Reference value :  4.17339e-04
 Reference value :  4.32339e-04
 Reference value :  4.42339e-04
 Reference value :  4.52339e-04
 Reference value :  4.67339e-04
 Reference value :  4.82339e-04
 Reference value :  4.97339e-04
 Reference value :  5.12339e-04
 Reference value :  5.27339e-04
 Reference value :  5.42339e-04
 Reference value :  5.57339e-04
 Reference value :  5.72339e-04
 Reference value :  5.82339e-04
 Reference value :  5.97339e-04
 Reference value :  6.12339e-04
 Reference value :  6.27339e-04
 Reference value :  6.37339e-04
 Reference value :  6.52339e-04
 Reference value :  6.67339e-04
 Reference value :  6.82339e-04
 Reference value :  6.97339e-04
 Reference value :  7.17339e-04
 Reference value :  7.37339e-04
 Reference value :  7.52339e-04
 Reference value :  7.72339e-04
 Reference value :  7.87339e-04
 Reference value :  8.07339e-04
 Reference value :  8.27339e-04
 Reference value :  8.52339e-04
 Reference value :  8.72339e-04
 Reference value :  8.87339e-04
 Reference value :  9.02339e-04
 Reference value :  9.22339e-04
 Reference value :  9.42339e-04
 Reference value :  9.67339e-04
 Reference value :  9.87339e-04
 Reference value :  1.00734e-03
 Reference value :  1.02734e-03
 Reference value :  1.04734e-03
 Reference value :  1.06734e-03
 Reference value :  1.08234e-03
 Reference value :  1.10234e-03
 Reference value :  1.12234e-03
 Reference value :  1.14234e-03
 Reference value :  1.15734e-03
 Reference value :  1.17234e-03
 Reference value :  1.19234e-03
 Reference value :  1.21234e-03
 Reference value :  1.23234e-03
 Reference value :  1.25234e-03
 Reference value :  1.27234e-03
 Reference value :  1.28734e-03
 Reference value :  1.30734e-03
 Reference value :  1.32734e-03
 Reference value :  1.34734e-03
 Reference value :  1.36734e-03
 Reference value :  1.38234e-03
 Reference value :  1.39734e-03
 Reference value :  1.41234e-03
 Reference value :  1.43234e-03
 Reference value :  1.44734e-03
 Reference value :  1.46734e-03
 Reference value :  1.48734e-03
 Reference value :  1.50734e-03
 Reference value :  1.52734e-03
 Reference value :  1.54734e-03
 Reference value :  1.56734e-03
 Reference value :  1.58734e-03
 Reference value :  1.60734e-03
 Reference value :  1.62234e-03
 Reference value :  1.63734e-03
 Reference value :  1.65734e-03
 Reference value :  1.67734e-03
 Reference value :  1.69734e-03
 Reference value :  1.71234e-03
 Reference value :  1.72734e-03
 Reference value :  1.74734e-03
 Reference value :  1.76734e-03
 Reference value :  1.78234e-03
 Reference value :  1.79734e-03
 Reference value :  1.81734e-03
 Reference value :  1.83734e-03
 Reference value :  1.85234e-03
 Reference value :  1.86734e-03
 Reference value :  1.88734e-03
 Reference value :  1.90734e-03
 Reference value :  1.92734e-03
 Reference value :  1.94734e-03
 Reference value :  1.96734e-03
 Reference value :  1.98734e-03
 Reference value :  2.00010e-03
 Reference value :  2.00050e-03
 Reference value :  2.00064e-03
 Reference value :  2.00076e-03
 Reference value :  2.00085e-03
 Reference value :  2.00091e-03
 Reference value :  2.00094e-03
 Reference value :  2.00096e-03
 Reference value :  2.00097e-03
 Reference value :  2.00098e-03
 Reference value :  2.00100e-03
 Reference value :  2.00102e-03
 Reference value :  2.00114e-03
 Reference value :  2.00156e-03
 Reference value :  2.00546e-03
 Reference value :  2.01992e-03
 Reference value :  2.03492e-03
 Reference value :  2.04992e-03
 Reference value :  2.06492e-03
 Reference value :  2.07992e-03
 Reference value :  2.09492e-03
 Reference value :  2.10992e-03
 Reference value :  2.12492e-03
 Reference value :  2.14492e-03
 Reference value :  2.16492e-03
 Reference value :  2.18492e-03
 Reference value :  2.20992e-03
 Reference value :  2.22992e-03
 Reference value :  2.24992e-03
 Reference value :  2.26992e-03
 Reference value :  2.28492e-03
 Reference value :  2.29992e-03
 Reference value :  2.31992e-03
 Reference value :  2.33492e-03
 Reference value :  2.35492e-03
 Reference value :  2.37492e-03
 Reference value :  2.39492e-03
 Reference value :  2.41492e-03
 Reference value :  2.43492e-03
 Reference value :  2.45492e-03
 Reference value :  2.47492e-03
 Reference value :  2.49492e-03
 Reference value :  2.51492e-03
 Reference value :  2.53492e-03
 Reference value :  2.55492e-03
 Reference value :  2.57492e-03
 Reference value :  2.59492e-03
 Reference value :  2.61492e-03
 Reference value :  2.63492e-03
 Reference value :  2.65492e-03
 Reference value :  2.67492e-03
 Reference value :  2.69492e-03
 Reference value :  2.71492e-03
 Reference value :  2.73492e-03
 Reference value :  2.75492e-03
 Reference value :  2.77492e-03
 Reference value :  2.78992e-03
 Reference value :  2.80492e-03
 Reference value :  2.81992e-03
 Reference value :  2.83492e-03
 Reference value :  2.84992e-03
 Reference value :  2.86492e-03
 Reference value :  2.87992e-03
 Reference value :  2.89992e-03
 Reference value :  2.91992e-03
 Reference value :  2.93492e-03
 Reference value :  2.95492e-03
 Reference value :  2.96992e-03
 Reference value :  2.98492e-03
 Reference value :  2.99992e-03
 Reference value :  3.01492e-03
 Reference value :  3.02992e-03
 Reference value :  3.04492e-03
 Reference value :  3.05992e-03
 Reference value :  3.07992e-03
 Reference value :  3.09992e-03
 Reference value :  3.11492e-03
 Reference value :  3.13492e-03
 Reference value :  3.14992e-03
 Reference value :  3.16992e-03
 Reference value :  3.18992e-03
 Reference value :  3.20992e-03
 Reference value :  3.22992e-03
 Reference value :  3.24492e-03
 Reference value :  3.26492e-03
 Reference value :  3.28492e-03
 Reference value :  3.29992e-03
 Reference value :  3.31492e-03
 Reference value :  3.33492e-03
 Reference value :  3.35492e-03
 Reference value :  3.37492e-03
 Reference value :  3.39492e-03
 Reference value :  3.40992e-03
 Reference value :  3.42992e-03
 Reference value :  3.44992e-03
 Reference value :  3.46992e-03
 Reference value :  3.49492e-03
 Reference value :  3.51492e-03
 Reference value :  3.53492e-03
 Reference value :  3.55492e-03
 Reference value :  3.57492e-03
 Reference value :  3.59492e-03
 Reference value :  3.60992e-03
 Reference value :  3.62992e-03
 Reference value :  3.64992e-03
 Reference value :  3.66992e-03
 Reference value :  3.68992e-03
 Reference value :  3.70992e-03
 Reference value :  3.72992e-03
 Reference value :  3.74992e-03
 Reference value :  3.76992e-03
 Reference value :  3.78992e-03
 Reference value :  3.80492e-03
 Reference value :  3.82492e-03
 Reference value :  3.83992e-03
 Reference value :  3.85492e-03
 Reference value :  3.86992e-03
 Reference value :  3.88992e-03
 Reference value :  3.90492e-03
 Reference value :  3.91992e-03
 Reference value :  3.93492e-03
 Reference value :  3.94992e-03
 Reference value :  3.96992e-03
 Reference value :  3.98992e-03
 Reference value :  4.00992e-03
 Reference value :  4.02992e-03
 Reference value :  4.04492e-03
 Reference value :  4.05992e-03
 Reference value :  4.07992e-03
 Reference value :  4.09992e-03
 Reference value :  4.11992e-03
 Reference value :  4.13992e-03
 Reference value :  4.15492e-03
 Reference value :  4.16992e-03
 Reference value :  4.18992e-03
 Reference value :  4.20992e-03
 Reference value :  4.22992e-03
 Reference value :  4.24992e-03
 Reference value :  4.27492e-03
 Reference value :  4.29992e-03
 Reference value :  4.32492e-03
 Reference value :  4.34492e-03
 Reference value :  4.36492e-03
 Reference value :  4.38492e-03
 Reference value :  4.40492e-03
 Reference value :  4.42492e-03
 Reference value :  4.44492e-03
 Reference value :  4.46492e-03
 Reference value :  4.48492e-03
 Reference value :  4.50000e-03
No. of Data Rows : 961
vpre                =  1.81051e+00
iq_avg              =  -1.70589e-10 from=  3.50000e-03 to=  4.50000e-03
iq_worst            =  -1.21120e-09 at=  4.49746e-03
vhold               =  1.80931e+00
Doing analysis at TEMP = -40.000000 and TNOM = 27.000000

Using KLU as Direct Linear Solver
 Reference value :  0.00000e+00
No. of Data Rows : 1
Doing analysis at TEMP = -40.000000 and TNOM = 27.000000

Using KLU as Direct Linear Solver
 Reference value :  0.00000e+00
No. of Data Rows : 1
Doing analysis at TEMP = -40.000000 and TNOM = 27.000000

Using KLU as Direct Linear Solver
 Reference value :  0.00000e+00
No. of Data Rows : 1
meas_iq_shutdown_static_ua = 1.311247e-04
meas_iq_shutdown_after_edge_ua = 1.211196e-03
meas_iq_shutdown_after_edge_mean_ua = 1.705886e-04
meas_leak_vin_vout_ua = 7.425508e-05
meas_vout_pre_disable_v = 1.810513e+00
meas_vout_hold_2ms_v = 1.809312e+00
meas_vout_disabled_static_v = 2.318260e-04
meas_ivout_held_1v8_ua = 5.766569e-01
ngspice-46 done

# ==== ngspice stderr ====
Note: Starting dynamic gmin stepping
Note: Dynamic gmin stepping completed
Note: Starting dynamic gmin stepping
Note: Dynamic gmin stepping completed
Note: Starting dynamic gmin stepping
Note: Dynamic gmin stepping completed
Note: Starting dynamic gmin stepping
Note: Dynamic gmin stepping completed
