# corner: ff_-40c_3.30v
# process=ff temp=-40C supply=3.30V
# ngspice exit: 0
# wall clock: 88.6s (--timeout was 300s)
# result: PASS

# ==== deck (exact input given to ngspice) ====
| * enable-shutdown corner deck -- generated by sim/bin/corner-run.py, do not edit
| * corner: ff_-40c_3.30v
| .param vsup=3.3
| .option wnflag=1
| .temp -40
| .lib "/home/ubuntu/.volare/sky130A/libs.tech/combined/sky130.lib.spice" ff
| ** sch_path: sim/enable-shutdown/testbench/tb_enable_shutdown.sch
| **.subckt tb_enable_shutdown
| VVIN VIN 0 'vsup'
| .save i(vvin)
| VEN EN 0 dc 0 pwl(0 0 100u 0 101u 'vsup' 2m 'vsup' 2.001m 0 10 0)
| .save i(ven)
| VVREF VREF 0 1.2
| .save i(vvref)
| xldo VOUT VREF EN VIN ldo_3v3in_1v8out
| COUT VOUT VESR 1u m=1
| RESR VESR 0 10m m=1
| RLOAD VOUT 0 1e12 m=1
| RFORCE VOUT VF 1e12 m=1
| VFORCE VF 0 0
| .save i(vforce)
| **.ends
| 
| * expanding   symbol:  design/ldo_3v3in_1v8out.sym # of pins=4
| ** sym_path: design/ldo_3v3in_1v8out.sym
| ** sch_path: design/ldo_3v3in_1v8out.sch
| .subckt ldo_3v3in_1v8out VOUT VREF EN VIN
| *.ipin VIN
| *.ipin EN
| *.ipin VREF
| *.opin VOUT
| XR_BIAS VIN NB 0 sky130_fd_pr__res_high_po W=0.42 L=1500 mult=1 m=1
| XM_BIASN1 NB NB BIAS_ENN 0 sky130_fd_pr__nfet_g5v0d10v5 L=1 W=4 nf=1 ad=1.16 as=1.16 pd=8.58 ps=8.58 nrd=0.0725 nrs=0.0725 sa=0
| + sb=0 sd=0 mult=1 m=1
| XM_ENN BIAS_ENN EN 0 0 sky130_fd_pr__nfet_g5v0d10v5 L=0.5 W=10 nf=1 ad=2.9 as=2.9 pd=20.58 ps=20.58 nrd=0.029 nrs=0.029 sa=0 sb=0
| + sd=0 mult=1 m=1
| XM_BIASN2 BIASP NB BIAS_ENN 0 sky130_fd_pr__nfet_g5v0d10v5 L=1 W=4 nf=1 ad=1.16 as=1.16 pd=8.58 ps=8.58 nrd=0.0725 nrs=0.0725 sa=0
| + sb=0 sd=0 mult=1 m=1
| XM_BIASP1 BIASP BIASP VIN VIN sky130_fd_pr__pfet_g5v0d10v5 L=1 W=10 nf=2 ad=1.45 as=2.9 pd=10.58 ps=21.16 nrd=0.029 nrs=0.029 sa=0
| + sb=0 sd=0 mult=1 m=1
| XM_ENP2 BIASP EN VIN VIN sky130_fd_pr__pfet_g5v0d10v5 L=0.5 W=10 nf=1 ad=2.9 as=2.9 pd=20.58 ps=20.58 nrd=0.029 nrs=0.029 sa=0
| + sb=0 sd=0 mult=1 m=1
| XM_TAIL EA_TAIL BIASP VIN VIN sky130_fd_pr__pfet_g5v0d10v5 L=2 W=40 nf=8 ad=5.8 as=7.25 pd=42.32 ps=52.9 nrd=0.00725 nrs=0.00725
| + sa=0 sb=0 sd=0 mult=1 m=1
| XM_IN1 EA_D1 FB EA_TAIL VIN sky130_fd_pr__pfet_g5v0d10v5 L=2 W=10 nf=2 ad=1.45 as=2.9 pd=10.58 ps=21.16 nrd=0.029 nrs=0.029 sa=0
| + sb=0 sd=0 mult=1 m=1
| XM_IN2 EA_D2 VREF EA_TAIL VIN sky130_fd_pr__pfet_g5v0d10v5 L=2 W=10 nf=2 ad=1.45 as=2.9 pd=10.58 ps=21.16 nrd=0.029 nrs=0.029 sa=0
| + sb=0 sd=0 mult=1 m=1
| XM_MIR1 EA_D1 EA_D1 AMP_ENN 0 sky130_fd_pr__nfet_g5v0d10v5 L=4 W=10 nf=2 ad=1.45 as=2.9 pd=10.58 ps=21.16 nrd=0.029 nrs=0.029 sa=0
| + sb=0 sd=0 mult=1 m=1
| XM_MIR2 EA_OUT EA_D1 AMP_ENN 0 sky130_fd_pr__nfet_g5v0d10v5 L=4 W=10 nf=2 ad=1.45 as=2.9 pd=10.58 ps=21.16 nrd=0.029 nrs=0.029
| + sa=0 sb=0 sd=0 mult=1 m=1
| XM_ENN2 AMP_ENN EN 0 0 sky130_fd_pr__nfet_g5v0d10v5 L=0.5 W=10 nf=1 ad=2.9 as=2.9 pd=20.58 ps=20.58 nrd=0.029 nrs=0.029 sa=0 sb=0
| + sd=0 mult=1 m=1
| XM_ENP EA_OUT EN VIN VIN sky130_fd_pr__pfet_g5v0d10v5 L=0.5 W=10 nf=1 ad=2.9 as=2.9 pd=20.58 ps=20.58 nrd=0.029 nrs=0.029 sa=0
| + sb=0 sd=0 mult=1 m=1
| XM_MIR3 EA_D2 EA_D2 AMP_ENN 0 sky130_fd_pr__nfet_g5v0d10v5 L=4 W=10 nf=2 ad=1.45 as=2.9 pd=10.58 ps=21.16 nrd=0.029 nrs=0.029 sa=0
| + sb=0 sd=0 mult=1 m=1
| XM_MIR4 PB EA_D2 AMP_ENN 0 sky130_fd_pr__nfet_g5v0d10v5 L=4 W=10 nf=2 ad=1.45 as=2.9 pd=10.58 ps=21.16 nrd=0.029 nrs=0.029 sa=0
| + sb=0 sd=0 mult=1 m=1
| XM_MIRP1 PB PB VIN VIN sky130_fd_pr__pfet_g5v0d10v5 L=4 W=20 nf=4 ad=2.9 as=4.35 pd=21.16 ps=31.74 nrd=0.0145 nrs=0.0145 sa=0 sb=0
| + sd=0 mult=1 m=1
| XM_MIRP2 EA_OUT PB VIN VIN sky130_fd_pr__pfet_g5v0d10v5 L=4 W=20 nf=4 ad=2.9 as=4.35 pd=21.16 ps=31.74 nrd=0.0145 nrs=0.0145 sa=0
| + sb=0 sd=0 mult=1 m=1
| XM_ENP5 PB EN VIN VIN sky130_fd_pr__pfet_g5v0d10v5 L=0.5 W=2 nf=1 ad=0.58 as=0.58 pd=4.58 ps=4.58 nrd=0.145 nrs=0.145 sa=0 sb=0
| + sd=0 mult=1 m=1
| XM_PASS VOUT EA_OUT VIN VIN sky130_fd_pr__pfet_g5v0d10v5 L=0.5 W=100 nf=25 ad=15.08 as=15.08 pd=111.54 ps=111.54 nrd=0.0029
| + nrs=0.0029 sa=0 sb=0 sd=0 mult=25 m=25
| C_COMP VOUT EA_CZ 150p m=1
| XR_CZ EA_CZ EA_OUT 0 sky130_fd_pr__res_xhigh_po W=0.42 L=52 mult=1 m=1
| XR_FB_A VOUT FB 0 sky130_fd_pr__res_xhigh_po W=0.42 L=180 mult=1 m=1
| XR_FB_B FB N_FBB 0 sky130_fd_pr__res_xhigh_po W=0.42 L=180 mult=1 m=1
| XR_FB_C N_FBB 0 0 sky130_fd_pr__res_xhigh_po W=0.42 L=180 mult=1 m=1
| XM_SENSE CL_SNS EA_OUT VIN VIN sky130_fd_pr__pfet_g5v0d10v5 L=0.5 W=0.42 nf=1 ad=0.1218 as=0.1218 pd=1.42 ps=1.42
| + nrd=0.69047619047619 nrs=0.69047619047619 sa=0 sb=0 sd=0 mult=1 m=1
| XM_CLN1 CL_SNS CL_SNS AMP_ENN 0 sky130_fd_pr__nfet_g5v0d10v5 L=1 W=20 nf=1 ad=5.8 as=5.8 pd=40.58 ps=40.58 nrd=0.0145 nrs=0.0145
| + sa=0 sb=0 sd=0 mult=1 m=1
| XM_CLN2 CL_CMP CL_SNS AMP_ENN 0 sky130_fd_pr__nfet_g5v0d10v5 L=1 W=1.6 nf=1 ad=0.464 as=0.464 pd=3.78 ps=3.78 nrd=0.18125
| + nrs=0.18125 sa=0 sb=0 sd=0 mult=1 m=1
| XM_CLP CL_CMP BIASP VIN VIN sky130_fd_pr__pfet_g5v0d10v5 L=1 W=10 nf=2 ad=1.45 as=2.9 pd=10.58 ps=21.16 nrd=0.029 nrs=0.029 sa=0
| + sb=0 sd=0 mult=1 m=1
| XM_CLIM EA_OUT CL_CMP VIN VIN sky130_fd_pr__pfet_g5v0d10v5 L=0.5 W=20 nf=4 ad=2.9 as=4.35 pd=21.16 ps=31.74 nrd=0.0145 nrs=0.0145
| + sa=0 sb=0 sd=0 mult=1 m=1
| XM_ENP3 CL_CMP EN VIN VIN sky130_fd_pr__pfet_g5v0d10v5 L=0.5 W=2 nf=1 ad=0.58 as=0.58 pd=4.58 ps=4.58 nrd=0.145 nrs=0.145 sa=0
| + sb=0 sd=0 mult=1 m=1
| C_CL VIN CL_CMP 1p m=1
| XM_INVP ENB EN VIN VIN sky130_fd_pr__pfet_g5v0d10v5 L=0.5 W=2 nf=1 ad=0.58 as=0.58 pd=4.58 ps=4.58 nrd=0.145 nrs=0.145 sa=0 sb=0
| + sd=0 mult=1 m=1
| XM_INVN ENB EN 0 0 sky130_fd_pr__nfet_g5v0d10v5 L=0.5 W=1 nf=1 ad=0.29 as=0.29 pd=2.58 ps=2.58 nrd=0.29 nrs=0.29 sa=0 sb=0 sd=0
| + mult=1 m=1
| XM_SSDIS SS ENB 0 0 sky130_fd_pr__nfet_g5v0d10v5 L=0.5 W=2 nf=1 ad=0.58 as=0.58 pd=4.58 ps=4.58 nrd=0.145 nrs=0.145 sa=0 sb=0 sd=0
| + mult=1 m=1
| XM_SSCHG SS BIASP VIN VIN sky130_fd_pr__pfet_g5v0d10v5 L=8 W=1 nf=1 ad=0.29 as=0.29 pd=2.58 ps=2.58 nrd=0.29 nrs=0.29 sa=0 sb=0
| + sd=0 mult=1 m=1
| C_SS SS 0 10p m=1
| XM_IN2S EA_D2 SS EA_TAIL VIN sky130_fd_pr__pfet_g5v0d10v5 L=2 W=10 nf=2 ad=1.45 as=2.9 pd=10.58 ps=21.16 nrd=0.029 nrs=0.029 sa=0
| + sb=0 sd=0 mult=1 m=1
| XM_TSPS TS_SNS BIASP VIN VIN sky130_fd_pr__pfet_g5v0d10v5 L=1 W=2.5 nf=1 ad=0.725 as=0.725 pd=5.58 ps=5.58 nrd=0.116 nrs=0.116
| + sa=0 sb=0 sd=0 mult=1 m=1
| XM_TSD1 TS_SNS TS_SNS TS_MID 0 sky130_fd_pr__nfet_g5v0d10v5 L=1 W=80 nf=16 ad=11.6 as=13.05 pd=84.64 ps=95.22 nrd=0.003625
| + nrs=0.003625 sa=0 sb=0 sd=0 mult=1 m=1
| XM_TSD2 TS_MID TS_MID AMP_ENN 0 sky130_fd_pr__nfet_g5v0d10v5 L=1 W=80 nf=16 ad=11.6 as=13.05 pd=84.64 ps=95.22 nrd=0.003625
| + nrs=0.003625 sa=0 sb=0 sd=0 mult=1 m=1
| XM_TSPR TS_REF BIASP VIN VIN sky130_fd_pr__pfet_g5v0d10v5 L=1 W=2.5 nf=1 ad=0.725 as=0.725 pd=5.58 ps=5.58 nrd=0.116 nrs=0.116
| + sa=0 sb=0 sd=0 mult=1 m=1
| XM_TSR1 TS_REF TS_REF AMP_ENN 0 sky130_fd_pr__nfet_g5v0d10v5 L=10 W=2 nf=1 ad=0.58 as=0.58 pd=4.58 ps=4.58 nrd=0.145 nrs=0.145
| + sa=0 sb=0 sd=0 mult=1 m=1
| XM_TCTAIL TC_TAIL NB AMP_ENN 0 sky130_fd_pr__nfet_g5v0d10v5 L=1 W=1 nf=1 ad=0.29 as=0.29 pd=2.58 ps=2.58 nrd=0.29 nrs=0.29 sa=0
| + sb=0 sd=0 mult=1 m=1
| XM_TCN1 TC_D1 TS_SNS TC_TAIL 0 sky130_fd_pr__nfet_g5v0d10v5 L=2 W=10 nf=2 ad=1.45 as=2.9 pd=10.58 ps=21.16 nrd=0.029 nrs=0.029
| + sa=0 sb=0 sd=0 mult=1 m=1
| XM_TCN2 TS_CMP TS_REF TC_TAIL 0 sky130_fd_pr__nfet_g5v0d10v5 L=2 W=10 nf=2 ad=1.45 as=2.9 pd=10.58 ps=21.16 nrd=0.029 nrs=0.029
| + sa=0 sb=0 sd=0 mult=1 m=1
| XM_TCP1 TC_D1 TC_D1 VIN VIN sky130_fd_pr__pfet_g5v0d10v5 L=2 W=10 nf=2 ad=1.45 as=2.9 pd=10.58 ps=21.16 nrd=0.029 nrs=0.029 sa=0
| + sb=0 sd=0 mult=1 m=1
| XM_TCP2 TS_CMP TC_D1 VIN VIN sky130_fd_pr__pfet_g5v0d10v5 L=2 W=10 nf=2 ad=1.45 as=2.9 pd=10.58 ps=21.16 nrd=0.029 nrs=0.029 sa=0
| + sb=0 sd=0 mult=1 m=1
| XM_TSHUT EA_OUT TS_CMP VIN VIN sky130_fd_pr__pfet_g5v0d10v5 L=0.5 W=20 nf=4 ad=2.9 as=4.35 pd=21.16 ps=31.74 nrd=0.0145 nrs=0.0145
| + sa=0 sb=0 sd=0 mult=1 m=1
| XM_TSHYSB TS_HYS BIASP VIN VIN sky130_fd_pr__pfet_g5v0d10v5 L=2 W=1.5 nf=1 ad=0.435 as=0.435 pd=3.58 ps=3.58 nrd=0.193333333333333
| + nrs=0.193333333333333 sa=0 sb=0 sd=0 mult=1 m=1
| XM_TSHYS TS_REF TS_CMP TS_HYS VIN sky130_fd_pr__pfet_g5v0d10v5 L=0.5 W=2 nf=1 ad=0.58 as=0.58 pd=4.58 ps=4.58 nrd=0.145 nrs=0.145
| + sa=0 sb=0 sd=0 mult=1 m=1
| XM_ENP4 TS_CMP EN VIN VIN sky130_fd_pr__pfet_g5v0d10v5 L=0.5 W=2 nf=1 ad=0.58 as=0.58 pd=4.58 ps=4.58 nrd=0.145 nrs=0.145 sa=0
| + sb=0 sd=0 mult=1 m=1
| C_TS VIN TS_CMP 1p m=1
| .ends
| 
| .control
| save all
| * --- leg 1: full cycle -- EN rises at t=100us, block regulates, EN falls at t=2ms ---
| tran 5u 4.5m
| meas tran vpre find v(vout) at=1.9m
| meas tran iq_avg avg i(vvin) from=3.5m to=4.5m
| meas tran iq_worst min i(vvin) from=3.5m to=4.5m
| meas tran vhold find v(vout) at=4m
| * --- leg 2: static disabled state, output free-floating ---
| op
| * --- leg 3: static disabled state, VOUT forced to 0 V (Vin->Vout leakage) ---
| alter rforce = 1m
| op
| * --- leg 4: static disabled state, VOUT held at the 1.8 V nominal output ---
| alter vforce = 1.8
| op
| let meas_iq_shutdown_static_ua = -1e6*op1.i(vvin)
| let meas_iq_shutdown_after_edge_ua = -1e6*tran1.iq_worst
| let meas_iq_shutdown_after_edge_mean_ua = -1e6*tran1.iq_avg
| let meas_leak_vin_vout_ua = 1e6*op2.i(vforce)
| let meas_vout_pre_disable_v = tran1.vpre
| let meas_vout_hold_2ms_v = tran1.vhold
| let meas_vout_disabled_static_v = op1.v(vout)
| let meas_ivout_held_1v8_ua = -1e6*op3.i(vforce)
| print meas_iq_shutdown_static_ua
| print meas_iq_shutdown_after_edge_ua
| print meas_iq_shutdown_after_edge_mean_ua
| print meas_leak_vin_vout_ua
| print meas_vout_pre_disable_v
| print meas_vout_hold_2ms_v
| print meas_vout_disabled_static_v
| print meas_ivout_held_1v8_ua
| quit
| .endc
| .end

# ==== ngspice stdout ====

Note: Compatibility modes selected: hs a


Circuit: * enable-shutdown corner deck -- generated by sim/bin/corner-run.py, do not edit

option SCALE: Scale is set to 1e-06 for instance and model parameters
option SCALE: Scale is set to 1e-06 for instance and model parameters
option SCALE: Scale is set to 1e-06 for instance and model parameters
option SCALE: Scale is set to 1e-06 for instance and model parameters
Doing analysis at TEMP = -40.000000 and TNOM = 27.000000

Using KLU as Direct Linear Solver
 Reference value :  0.00000e+00
 Reference value :  2.00000e-07
 Reference value :  3.20000e-06
 Reference value :  2.14000e-05
 Reference value :  3.64000e-05
 Reference value :  5.64000e-05
 Reference value :  7.64000e-05
 Reference value :  9.14000e-05
 Reference value :  1.00100e-04
 Reference value :  1.00300e-04
 Reference value :  1.00411e-04
 Reference value :  1.00492e-04
 Reference value :  1.00555e-04
 Reference value :  1.00684e-04
 Reference value :  1.00769e-04
 Reference value :  1.00830e-04
 Reference value :  1.00833e-04
 Reference value :  1.00849e-04
 Reference value :  1.00897e-04
 Reference value :  1.00958e-04
 Reference value :  1.00986e-04
 Reference value :  1.01010e-04
 Reference value :  1.01201e-04
 Reference value :  1.02112e-04
 Reference value :  1.08222e-04
 Reference value :  1.23222e-04
 Reference value :  1.28205e-04
 Reference value :  1.38205e-04
 Reference value :  1.53205e-04
 Reference value :  1.68205e-04
 Reference value :  1.88205e-04
 Reference value :  2.08205e-04
 Reference value :  2.28205e-04
 Reference value :  2.48205e-04
 Reference value :  2.68205e-04
 Reference value :  2.88205e-04
 Reference value :  3.08205e-04
 Reference value :  3.23205e-04
 Reference value :  3.38205e-04
 Reference value :  3.53205e-04
 Reference value :  3.68205e-04
 Reference value :  3.83205e-04
 Reference value :  4.03205e-04
 Reference value :  4.23205e-04
 Reference value :  4.43205e-04
 Reference value :  4.58205e-04
 Reference value :  4.73205e-04
 Reference value :  4.93205e-04
 Reference value :  5.13205e-04
 Reference value :  5.28205e-04
 Reference value :  5.48205e-04
 Reference value :  5.68205e-04
 Reference value :  5.83205e-04
 Reference value :  6.03205e-04
 Reference value :  6.23205e-04
 Reference value :  6.43205e-04
 Reference value :  6.58205e-04
 Reference value :  6.78205e-04
 Reference value :  6.98205e-04
 Reference value :  7.18205e-04
 Reference value :  7.33205e-04
 Reference value :  7.53205e-04
 Reference value :  7.73205e-04
 Reference value :  7.88205e-04
 Reference value :  8.03205e-04
 Reference value :  8.23205e-04
 Reference value :  8.43205e-04
 Reference value :  8.58205e-04
 Reference value :  8.78205e-04
 Reference value :  8.93205e-04
 Reference value :  9.13205e-04
 Reference value :  9.33205e-04
 Reference value :  9.53205e-04
 Reference value :  9.73205e-04
 Reference value :  9.88205e-04
 Reference value :  1.00821e-03
 Reference value :  1.02821e-03
 Reference value :  1.04321e-03
 Reference value :  1.06321e-03
 Reference value :  1.08321e-03
 Reference value :  1.10321e-03
 Reference value :  1.12821e-03
 Reference value :  1.14821e-03
 Reference value :  1.16821e-03
 Reference value :  1.18821e-03
 Reference value :  1.20821e-03
 Reference value :  1.22321e-03
 Reference value :  1.23821e-03
 Reference value :  1.25821e-03
 Reference value :  1.27321e-03
 Reference value :  1.29321e-03
 Reference value :  1.31321e-03
 Reference value :  1.33321e-03
 Reference value :  1.35321e-03
 Reference value :  1.37321e-03
 Reference value :  1.39821e-03
 Reference value :  1.41821e-03
 Reference value :  1.43821e-03
 Reference value :  1.45821e-03
 Reference value :  1.47821e-03
 Reference value :  1.49821e-03
 Reference value :  1.51821e-03
 Reference value :  1.53321e-03
 Reference value :  1.55321e-03
 Reference value :  1.57821e-03
 Reference value :  1.59821e-03
 Reference value :  1.61821e-03
 Reference value :  1.64321e-03
 Reference value :  1.66321e-03
 Reference value :  1.68821e-03
 Reference value :  1.70821e-03
 Reference value :  1.72821e-03
 Reference value :  1.74821e-03
 Reference value :  1.76821e-03
 Reference value :  1.78821e-03
 Reference value :  1.80821e-03
 Reference value :  1.82821e-03
 Reference value :  1.84821e-03
 Reference value :  1.86821e-03
 Reference value :  1.88821e-03
 Reference value :  1.90821e-03
 Reference value :  1.92321e-03
 Reference value :  1.93821e-03
 Reference value :  1.95821e-03
 Reference value :  1.97321e-03
 Reference value :  1.98821e-03
 Reference value :  2.00010e-03
 Reference value :  2.00045e-03
 Reference value :  2.00056e-03
 Reference value :  2.00070e-03
 Reference value :  2.00071e-03
 Reference value :  2.00072e-03
 Reference value :  2.00074e-03
 Reference value :  2.00077e-03
 Reference value :  2.00080e-03
 Reference value :  2.00089e-03
 Reference value :  2.00101e-03
 Reference value :  2.00116e-03
 Reference value :  2.00167e-03
 Reference value :  2.00371e-03
 Reference value :  2.01498e-03
 Reference value :  2.02998e-03
 Reference value :  2.04498e-03
 Reference value :  2.05998e-03
 Reference value :  2.07498e-03
 Reference value :  2.08998e-03
 Reference value :  2.10498e-03
 Reference value :  2.11998e-03
 Reference value :  2.13498e-03
 Reference value :  2.14998e-03
 Reference value :  2.16998e-03
 Reference value :  2.18998e-03
 Reference value :  2.20998e-03
 Reference value :  2.22498e-03
 Reference value :  2.23998e-03
 Reference value :  2.25998e-03
 Reference value :  2.27998e-03
 Reference value :  2.29998e-03
 Reference value :  2.31498e-03
 Reference value :  2.32998e-03
 Reference value :  2.34998e-03
 Reference value :  2.36498e-03
 Reference value :  2.37998e-03
 Reference value :  2.39998e-03
 Reference value :  2.41998e-03
 Reference value :  2.43498e-03
 Reference value :  2.45498e-03
 Reference value :  2.47498e-03
 Reference value :  2.49498e-03
 Reference value :  2.51498e-03
 Reference value :  2.52998e-03
 Reference value :  2.54998e-03
 Reference value :  2.56498e-03
 Reference value :  2.58498e-03
 Reference value :  2.60498e-03
 Reference value :  2.62498e-03
 Reference value :  2.64498e-03
 Reference value :  2.66498e-03
 Reference value :  2.67998e-03
 Reference value :  2.69998e-03
 Reference value :  2.71998e-03
 Reference value :  2.73998e-03
 Reference value :  2.75498e-03
 Reference value :  2.77498e-03
 Reference value :  2.79498e-03
 Reference value :  2.81498e-03
 Reference value :  2.83498e-03
 Reference value :  2.85498e-03
 Reference value :  2.87498e-03
 Reference value :  2.88998e-03
 Reference value :  2.90998e-03
 Reference value :  2.92998e-03
 Reference value :  2.94998e-03
 Reference value :  2.96498e-03
 Reference value :  2.97998e-03
 Reference value :  2.99998e-03
 Reference value :  3.01498e-03
 Reference value :  3.02998e-03
 Reference value :  3.04998e-03
 Reference value :  3.06498e-03
 Reference value :  3.07998e-03
 Reference value :  3.09498e-03
 Reference value :  3.10998e-03
 Reference value :  3.12998e-03
 Reference value :  3.14498e-03
 Reference value :  3.15998e-03
 Reference value :  3.17998e-03
 Reference value :  3.19498e-03
 Reference value :  3.21498e-03
 Reference value :  3.22998e-03
 Reference value :  3.24498e-03
 Reference value :  3.26498e-03
 Reference value :  3.27998e-03
 Reference value :  3.29498e-03
 Reference value :  3.31498e-03
 Reference value :  3.33498e-03
 Reference value :  3.35498e-03
 Reference value :  3.36998e-03
 Reference value :  3.38998e-03
 Reference value :  3.40998e-03
 Reference value :  3.42498e-03
 Reference value :  3.43998e-03
 Reference value :  3.45998e-03
 Reference value :  3.47998e-03
 Reference value :  3.49498e-03
 Reference value :  3.50998e-03
 Reference value :  3.52498e-03
 Reference value :  3.53998e-03
 Reference value :  3.55498e-03
 Reference value :  3.56998e-03
 Reference value :  3.58998e-03
 Reference value :  3.60498e-03
 Reference value :  3.62498e-03
 Reference value :  3.63998e-03
 Reference value :  3.65498e-03
 Reference value :  3.66998e-03
 Reference value :  3.68998e-03
 Reference value :  3.70998e-03
 Reference value :  3.72498e-03
 Reference value :  3.73998e-03
 Reference value :  3.75998e-03
 Reference value :  3.77998e-03
 Reference value :  3.79498e-03
 Reference value :  3.80998e-03
 Reference value :  3.82998e-03
 Reference value :  3.84998e-03
 Reference value :  3.86498e-03
 Reference value :  3.88498e-03
 Reference value :  3.90498e-03
 Reference value :  3.91998e-03
 Reference value :  3.93498e-03
 Reference value :  3.95498e-03
 Reference value :  3.97498e-03
 Reference value :  3.99498e-03
 Reference value :  4.01498e-03
 Reference value :  4.03498e-03
 Reference value :  4.05498e-03
 Reference value :  4.07498e-03
 Reference value :  4.09498e-03
 Reference value :  4.11498e-03
 Reference value :  4.13498e-03
 Reference value :  4.15498e-03
 Reference value :  4.17498e-03
 Reference value :  4.19498e-03
 Reference value :  4.21498e-03
 Reference value :  4.23498e-03
 Reference value :  4.25498e-03
 Reference value :  4.27498e-03
 Reference value :  4.29498e-03
 Reference value :  4.30998e-03
 Reference value :  4.32998e-03
 Reference value :  4.34998e-03
 Reference value :  4.36998e-03
 Reference value :  4.38998e-03
 Reference value :  4.40998e-03
 Reference value :  4.42498e-03
 Reference value :  4.44498e-03
 Reference value :  4.46498e-03
 Reference value :  4.48498e-03
 Reference value :  4.49749e-03
No. of Data Rows : 969
vpre                =  1.80933e+00
iq_avg              =  -1.86920e-10 from=  3.50000e-03 to=  4.50000e-03
iq_worst            =  -2.75122e-10 at=  4.49749e-03
vhold               =  1.80813e+00
Doing analysis at TEMP = -40.000000 and TNOM = 27.000000

Using KLU as Direct Linear Solver
 Reference value :  0.00000e+00
No. of Data Rows : 1
Doing analysis at TEMP = -40.000000 and TNOM = 27.000000

Using KLU as Direct Linear Solver
 Reference value :  0.00000e+00
No. of Data Rows : 1
Doing analysis at TEMP = -40.000000 and TNOM = 27.000000

Using KLU as Direct Linear Solver
 Reference value :  0.00000e+00
No. of Data Rows : 1
meas_iq_shutdown_static_ua = 1.464654e-04
meas_iq_shutdown_after_edge_ua = 2.751219e-04
meas_iq_shutdown_after_edge_mean_ua = 1.869201e-04
meas_leak_vin_vout_ua = 8.250789e-05
meas_vout_pre_disable_v = 1.809332e+00
meas_vout_hold_2ms_v = 1.808135e+00
meas_vout_disabled_static_v = 2.575915e-04
meas_ivout_held_1v8_ua = 5.766485e-01
ngspice-46 done

# ==== ngspice stderr ====
Note: Starting dynamic gmin stepping
Note: Dynamic gmin stepping completed
Note: Starting dynamic gmin stepping
Note: Dynamic gmin stepping completed
Note: Starting dynamic gmin stepping
Note: Dynamic gmin stepping completed
Note: Starting dynamic gmin stepping
Warning: Dynamic gmin stepping failed
Note: Starting true gmin stepping
Note: True gmin stepping completed
