# corner: ff_-40c_3.63v
# process=ff temp=-40C supply=3.63V
# ngspice exit: 0
# wall clock: 90.2s (--timeout was 300s)
# result: PASS

# ==== deck (exact input given to ngspice) ====
| * enable-shutdown corner deck -- generated by sim/bin/corner-run.py, do not edit
| * corner: ff_-40c_3.63v
| .param vsup=3.63
| .option wnflag=1
| .temp -40
| .lib "/home/ubuntu/.volare/sky130A/libs.tech/combined/sky130.lib.spice" ff
| ** sch_path: sim/enable-shutdown/testbench/tb_enable_shutdown.sch
| **.subckt tb_enable_shutdown
| VVIN VIN 0 'vsup'
| .save i(vvin)
| VEN EN 0 dc 0 pwl(0 0 100u 0 101u 'vsup' 2m 'vsup' 2.001m 0 10 0)
| .save i(ven)
| VVREF VREF 0 1.2
| .save i(vvref)
| xldo VOUT VREF EN VIN ldo_3v3in_1v8out
| COUT VOUT VESR 1u m=1
| RESR VESR 0 10m m=1
| RLOAD VOUT 0 1e12 m=1
| RFORCE VOUT VF 1e12 m=1
| VFORCE VF 0 0
| .save i(vforce)
| **.ends
| 
| * expanding   symbol:  design/ldo_3v3in_1v8out.sym # of pins=4
| ** sym_path: design/ldo_3v3in_1v8out.sym
| ** sch_path: design/ldo_3v3in_1v8out.sch
| .subckt ldo_3v3in_1v8out VOUT VREF EN VIN
| *.ipin VIN
| *.ipin EN
| *.ipin VREF
| *.opin VOUT
| XR_BIAS VIN NB 0 sky130_fd_pr__res_high_po W=0.42 L=1500 mult=1 m=1
| XM_BIASN1 NB NB BIAS_ENN 0 sky130_fd_pr__nfet_g5v0d10v5 L=1 W=4 nf=1 ad=1.16 as=1.16 pd=8.58 ps=8.58 nrd=0.0725 nrs=0.0725 sa=0
| + sb=0 sd=0 mult=1 m=1
| XM_ENN BIAS_ENN EN 0 0 sky130_fd_pr__nfet_g5v0d10v5 L=0.5 W=10 nf=1 ad=2.9 as=2.9 pd=20.58 ps=20.58 nrd=0.029 nrs=0.029 sa=0 sb=0
| + sd=0 mult=1 m=1
| XM_BIASN2 BIASP NB BIAS_ENN 0 sky130_fd_pr__nfet_g5v0d10v5 L=1 W=4 nf=1 ad=1.16 as=1.16 pd=8.58 ps=8.58 nrd=0.0725 nrs=0.0725 sa=0
| + sb=0 sd=0 mult=1 m=1
| XM_BIASP1 BIASP BIASP VIN VIN sky130_fd_pr__pfet_g5v0d10v5 L=1 W=10 nf=2 ad=1.45 as=2.9 pd=10.58 ps=21.16 nrd=0.029 nrs=0.029 sa=0
| + sb=0 sd=0 mult=1 m=1
| XM_ENP2 BIASP EN VIN VIN sky130_fd_pr__pfet_g5v0d10v5 L=0.5 W=10 nf=1 ad=2.9 as=2.9 pd=20.58 ps=20.58 nrd=0.029 nrs=0.029 sa=0
| + sb=0 sd=0 mult=1 m=1
| XM_TAIL EA_TAIL BIASP VIN VIN sky130_fd_pr__pfet_g5v0d10v5 L=2 W=40 nf=8 ad=5.8 as=7.25 pd=42.32 ps=52.9 nrd=0.00725 nrs=0.00725
| + sa=0 sb=0 sd=0 mult=1 m=1
| XM_IN1 EA_D1 FB EA_TAIL VIN sky130_fd_pr__pfet_g5v0d10v5 L=2 W=10 nf=2 ad=1.45 as=2.9 pd=10.58 ps=21.16 nrd=0.029 nrs=0.029 sa=0
| + sb=0 sd=0 mult=1 m=1
| XM_IN2 EA_D2 VREF EA_TAIL VIN sky130_fd_pr__pfet_g5v0d10v5 L=2 W=10 nf=2 ad=1.45 as=2.9 pd=10.58 ps=21.16 nrd=0.029 nrs=0.029 sa=0
| + sb=0 sd=0 mult=1 m=1
| XM_MIR1 EA_D1 EA_D1 AMP_ENN 0 sky130_fd_pr__nfet_g5v0d10v5 L=4 W=10 nf=2 ad=1.45 as=2.9 pd=10.58 ps=21.16 nrd=0.029 nrs=0.029 sa=0
| + sb=0 sd=0 mult=1 m=1
| XM_MIR2 EA_OUT EA_D1 AMP_ENN 0 sky130_fd_pr__nfet_g5v0d10v5 L=4 W=10 nf=2 ad=1.45 as=2.9 pd=10.58 ps=21.16 nrd=0.029 nrs=0.029
| + sa=0 sb=0 sd=0 mult=1 m=1
| XM_ENN2 AMP_ENN EN 0 0 sky130_fd_pr__nfet_g5v0d10v5 L=0.5 W=10 nf=1 ad=2.9 as=2.9 pd=20.58 ps=20.58 nrd=0.029 nrs=0.029 sa=0 sb=0
| + sd=0 mult=1 m=1
| XM_ENP EA_OUT EN VIN VIN sky130_fd_pr__pfet_g5v0d10v5 L=0.5 W=10 nf=1 ad=2.9 as=2.9 pd=20.58 ps=20.58 nrd=0.029 nrs=0.029 sa=0
| + sb=0 sd=0 mult=1 m=1
| XM_MIR3 EA_D2 EA_D2 AMP_ENN 0 sky130_fd_pr__nfet_g5v0d10v5 L=4 W=10 nf=2 ad=1.45 as=2.9 pd=10.58 ps=21.16 nrd=0.029 nrs=0.029 sa=0
| + sb=0 sd=0 mult=1 m=1
| XM_MIR4 PB EA_D2 AMP_ENN 0 sky130_fd_pr__nfet_g5v0d10v5 L=4 W=10 nf=2 ad=1.45 as=2.9 pd=10.58 ps=21.16 nrd=0.029 nrs=0.029 sa=0
| + sb=0 sd=0 mult=1 m=1
| XM_MIRP1 PB PB VIN VIN sky130_fd_pr__pfet_g5v0d10v5 L=4 W=20 nf=4 ad=2.9 as=4.35 pd=21.16 ps=31.74 nrd=0.0145 nrs=0.0145 sa=0 sb=0
| + sd=0 mult=1 m=1
| XM_MIRP2 EA_OUT PB VIN VIN sky130_fd_pr__pfet_g5v0d10v5 L=4 W=20 nf=4 ad=2.9 as=4.35 pd=21.16 ps=31.74 nrd=0.0145 nrs=0.0145 sa=0
| + sb=0 sd=0 mult=1 m=1
| XM_ENP5 PB EN VIN VIN sky130_fd_pr__pfet_g5v0d10v5 L=0.5 W=2 nf=1 ad=0.58 as=0.58 pd=4.58 ps=4.58 nrd=0.145 nrs=0.145 sa=0 sb=0
| + sd=0 mult=1 m=1
| XM_PASS VOUT EA_OUT VIN VIN sky130_fd_pr__pfet_g5v0d10v5 L=0.5 W=100 nf=25 ad=15.08 as=15.08 pd=111.54 ps=111.54 nrd=0.0029
| + nrs=0.0029 sa=0 sb=0 sd=0 mult=25 m=25
| C_COMP VOUT EA_CZ 150p m=1
| XR_CZ EA_CZ EA_OUT 0 sky130_fd_pr__res_xhigh_po W=0.42 L=52 mult=1 m=1
| XR_FB_A VOUT FB 0 sky130_fd_pr__res_xhigh_po W=0.42 L=180 mult=1 m=1
| XR_FB_B FB N_FBB 0 sky130_fd_pr__res_xhigh_po W=0.42 L=180 mult=1 m=1
| XR_FB_C N_FBB 0 0 sky130_fd_pr__res_xhigh_po W=0.42 L=180 mult=1 m=1
| XM_SENSE CL_SNS EA_OUT VIN VIN sky130_fd_pr__pfet_g5v0d10v5 L=0.5 W=0.42 nf=1 ad=0.1218 as=0.1218 pd=1.42 ps=1.42
| + nrd=0.69047619047619 nrs=0.69047619047619 sa=0 sb=0 sd=0 mult=1 m=1
| XM_CLN1 CL_SNS CL_SNS AMP_ENN 0 sky130_fd_pr__nfet_g5v0d10v5 L=1 W=20 nf=1 ad=5.8 as=5.8 pd=40.58 ps=40.58 nrd=0.0145 nrs=0.0145
| + sa=0 sb=0 sd=0 mult=1 m=1
| XM_CLN2 CL_CMP CL_SNS AMP_ENN 0 sky130_fd_pr__nfet_g5v0d10v5 L=1 W=1.6 nf=1 ad=0.464 as=0.464 pd=3.78 ps=3.78 nrd=0.18125
| + nrs=0.18125 sa=0 sb=0 sd=0 mult=1 m=1
| XM_CLP CL_CMP BIASP VIN VIN sky130_fd_pr__pfet_g5v0d10v5 L=1 W=10 nf=2 ad=1.45 as=2.9 pd=10.58 ps=21.16 nrd=0.029 nrs=0.029 sa=0
| + sb=0 sd=0 mult=1 m=1
| XM_CLIM EA_OUT CL_CMP VIN VIN sky130_fd_pr__pfet_g5v0d10v5 L=0.5 W=20 nf=4 ad=2.9 as=4.35 pd=21.16 ps=31.74 nrd=0.0145 nrs=0.0145
| + sa=0 sb=0 sd=0 mult=1 m=1
| XM_ENP3 CL_CMP EN VIN VIN sky130_fd_pr__pfet_g5v0d10v5 L=0.5 W=2 nf=1 ad=0.58 as=0.58 pd=4.58 ps=4.58 nrd=0.145 nrs=0.145 sa=0
| + sb=0 sd=0 mult=1 m=1
| C_CL VIN CL_CMP 1p m=1
| XM_INVP ENB EN VIN VIN sky130_fd_pr__pfet_g5v0d10v5 L=0.5 W=2 nf=1 ad=0.58 as=0.58 pd=4.58 ps=4.58 nrd=0.145 nrs=0.145 sa=0 sb=0
| + sd=0 mult=1 m=1
| XM_INVN ENB EN 0 0 sky130_fd_pr__nfet_g5v0d10v5 L=0.5 W=1 nf=1 ad=0.29 as=0.29 pd=2.58 ps=2.58 nrd=0.29 nrs=0.29 sa=0 sb=0 sd=0
| + mult=1 m=1
| XM_SSDIS SS ENB 0 0 sky130_fd_pr__nfet_g5v0d10v5 L=0.5 W=2 nf=1 ad=0.58 as=0.58 pd=4.58 ps=4.58 nrd=0.145 nrs=0.145 sa=0 sb=0 sd=0
| + mult=1 m=1
| XM_SSCHG SS BIASP VIN VIN sky130_fd_pr__pfet_g5v0d10v5 L=8 W=1 nf=1 ad=0.29 as=0.29 pd=2.58 ps=2.58 nrd=0.29 nrs=0.29 sa=0 sb=0
| + sd=0 mult=1 m=1
| C_SS SS 0 10p m=1
| XM_IN2S EA_D2 SS EA_TAIL VIN sky130_fd_pr__pfet_g5v0d10v5 L=2 W=10 nf=2 ad=1.45 as=2.9 pd=10.58 ps=21.16 nrd=0.029 nrs=0.029 sa=0
| + sb=0 sd=0 mult=1 m=1
| XM_TSPS TS_SNS BIASP VIN VIN sky130_fd_pr__pfet_g5v0d10v5 L=1 W=2.5 nf=1 ad=0.725 as=0.725 pd=5.58 ps=5.58 nrd=0.116 nrs=0.116
| + sa=0 sb=0 sd=0 mult=1 m=1
| XM_TSD1 TS_SNS TS_SNS TS_MID 0 sky130_fd_pr__nfet_g5v0d10v5 L=1 W=80 nf=16 ad=11.6 as=13.05 pd=84.64 ps=95.22 nrd=0.003625
| + nrs=0.003625 sa=0 sb=0 sd=0 mult=1 m=1
| XM_TSD2 TS_MID TS_MID AMP_ENN 0 sky130_fd_pr__nfet_g5v0d10v5 L=1 W=80 nf=16 ad=11.6 as=13.05 pd=84.64 ps=95.22 nrd=0.003625
| + nrs=0.003625 sa=0 sb=0 sd=0 mult=1 m=1
| XM_TSPR TS_REF BIASP VIN VIN sky130_fd_pr__pfet_g5v0d10v5 L=1 W=2.5 nf=1 ad=0.725 as=0.725 pd=5.58 ps=5.58 nrd=0.116 nrs=0.116
| + sa=0 sb=0 sd=0 mult=1 m=1
| XM_TSR1 TS_REF TS_REF AMP_ENN 0 sky130_fd_pr__nfet_g5v0d10v5 L=10 W=2 nf=1 ad=0.58 as=0.58 pd=4.58 ps=4.58 nrd=0.145 nrs=0.145
| + sa=0 sb=0 sd=0 mult=1 m=1
| XM_TCTAIL TC_TAIL NB AMP_ENN 0 sky130_fd_pr__nfet_g5v0d10v5 L=1 W=1 nf=1 ad=0.29 as=0.29 pd=2.58 ps=2.58 nrd=0.29 nrs=0.29 sa=0
| + sb=0 sd=0 mult=1 m=1
| XM_TCN1 TC_D1 TS_SNS TC_TAIL 0 sky130_fd_pr__nfet_g5v0d10v5 L=2 W=10 nf=2 ad=1.45 as=2.9 pd=10.58 ps=21.16 nrd=0.029 nrs=0.029
| + sa=0 sb=0 sd=0 mult=1 m=1
| XM_TCN2 TS_CMP TS_REF TC_TAIL 0 sky130_fd_pr__nfet_g5v0d10v5 L=2 W=10 nf=2 ad=1.45 as=2.9 pd=10.58 ps=21.16 nrd=0.029 nrs=0.029
| + sa=0 sb=0 sd=0 mult=1 m=1
| XM_TCP1 TC_D1 TC_D1 VIN VIN sky130_fd_pr__pfet_g5v0d10v5 L=2 W=10 nf=2 ad=1.45 as=2.9 pd=10.58 ps=21.16 nrd=0.029 nrs=0.029 sa=0
| + sb=0 sd=0 mult=1 m=1
| XM_TCP2 TS_CMP TC_D1 VIN VIN sky130_fd_pr__pfet_g5v0d10v5 L=2 W=10 nf=2 ad=1.45 as=2.9 pd=10.58 ps=21.16 nrd=0.029 nrs=0.029 sa=0
| + sb=0 sd=0 mult=1 m=1
| XM_TSHUT EA_OUT TS_CMP VIN VIN sky130_fd_pr__pfet_g5v0d10v5 L=0.5 W=20 nf=4 ad=2.9 as=4.35 pd=21.16 ps=31.74 nrd=0.0145 nrs=0.0145
| + sa=0 sb=0 sd=0 mult=1 m=1
| XM_TSHYSB TS_HYS BIASP VIN VIN sky130_fd_pr__pfet_g5v0d10v5 L=2 W=1.5 nf=1 ad=0.435 as=0.435 pd=3.58 ps=3.58 nrd=0.193333333333333
| + nrs=0.193333333333333 sa=0 sb=0 sd=0 mult=1 m=1
| XM_TSHYS TS_REF TS_CMP TS_HYS VIN sky130_fd_pr__pfet_g5v0d10v5 L=0.5 W=2 nf=1 ad=0.58 as=0.58 pd=4.58 ps=4.58 nrd=0.145 nrs=0.145
| + sa=0 sb=0 sd=0 mult=1 m=1
| XM_ENP4 TS_CMP EN VIN VIN sky130_fd_pr__pfet_g5v0d10v5 L=0.5 W=2 nf=1 ad=0.58 as=0.58 pd=4.58 ps=4.58 nrd=0.145 nrs=0.145 sa=0
| + sb=0 sd=0 mult=1 m=1
| C_TS VIN TS_CMP 1p m=1
| .ends
| 
| .control
| save all
| * --- leg 1: full cycle -- EN rises at t=100us, block regulates, EN falls at t=2ms ---
| tran 5u 4.5m
| meas tran vpre find v(vout) at=1.9m
| meas tran iq_avg avg i(vvin) from=3.5m to=4.5m
| meas tran iq_worst min i(vvin) from=3.5m to=4.5m
| meas tran vhold find v(vout) at=4m
| * --- leg 2: static disabled state, output free-floating ---
| op
| * --- leg 3: static disabled state, VOUT forced to 0 V (Vin->Vout leakage) ---
| alter rforce = 1m
| op
| * --- leg 4: static disabled state, VOUT held at the 1.8 V nominal output ---
| alter vforce = 1.8
| op
| let meas_iq_shutdown_static_ua = -1e6*op1.i(vvin)
| let meas_iq_shutdown_after_edge_ua = -1e6*tran1.iq_worst
| let meas_iq_shutdown_after_edge_mean_ua = -1e6*tran1.iq_avg
| let meas_leak_vin_vout_ua = 1e6*op2.i(vforce)
| let meas_vout_pre_disable_v = tran1.vpre
| let meas_vout_hold_2ms_v = tran1.vhold
| let meas_vout_disabled_static_v = op1.v(vout)
| let meas_ivout_held_1v8_ua = -1e6*op3.i(vforce)
| print meas_iq_shutdown_static_ua
| print meas_iq_shutdown_after_edge_ua
| print meas_iq_shutdown_after_edge_mean_ua
| print meas_leak_vin_vout_ua
| print meas_vout_pre_disable_v
| print meas_vout_hold_2ms_v
| print meas_vout_disabled_static_v
| print meas_ivout_held_1v8_ua
| quit
| .endc
| .end

# ==== ngspice stdout ====

Note: Compatibility modes selected: hs a


Circuit: * enable-shutdown corner deck -- generated by sim/bin/corner-run.py, do not edit

option SCALE: Scale is set to 1e-06 for instance and model parameters
option SCALE: Scale is set to 1e-06 for instance and model parameters
option SCALE: Scale is set to 1e-06 for instance and model parameters
option SCALE: Scale is set to 1e-06 for instance and model parameters
Doing analysis at TEMP = -40.000000 and TNOM = 27.000000

Using KLU as Direct Linear Solver
 Reference value :  0.00000e+00
 Reference value :  2.00000e-07
 Reference value :  3.20000e-06
 Reference value :  2.64000e-05
 Reference value :  4.64000e-05
 Reference value :  6.14000e-05
 Reference value :  8.14000e-05
 Reference value :  1.00000e-04
 Reference value :  1.00300e-04
 Reference value :  1.00410e-04
 Reference value :  1.00492e-04
 Reference value :  1.00554e-04
 Reference value :  1.00683e-04
 Reference value :  1.00757e-04
 Reference value :  1.00813e-04
 Reference value :  1.00816e-04
 Reference value :  1.00832e-04
 Reference value :  1.00870e-04
 Reference value :  1.00950e-04
 Reference value :  1.01004e-04
 Reference value :  1.01124e-04
 Reference value :  1.02011e-04
 Reference value :  1.12853e-04
 Reference value :  1.17853e-04
 Reference value :  1.27853e-04
 Reference value :  1.37853e-04
 Reference value :  1.52853e-04
 Reference value :  1.72853e-04
 Reference value :  1.92853e-04
 Reference value :  2.12853e-04
 Reference value :  2.37853e-04
 Reference value :  2.57853e-04
 Reference value :  2.77853e-04
 Reference value :  2.97853e-04
 Reference value :  3.17853e-04
 Reference value :  3.32853e-04
 Reference value :  3.47853e-04
 Reference value :  3.62853e-04
 Reference value :  3.77853e-04
 Reference value :  3.92853e-04
 Reference value :  4.07853e-04
 Reference value :  4.27853e-04
 Reference value :  4.42853e-04
 Reference value :  4.57853e-04
 Reference value :  4.72853e-04
 Reference value :  4.87853e-04
 Reference value :  5.02853e-04
 Reference value :  5.27853e-04
 Reference value :  5.47853e-04
 Reference value :  5.67853e-04
 Reference value :  5.87853e-04
 Reference value :  6.02853e-04
 Reference value :  6.22853e-04
 Reference value :  6.42853e-04
 Reference value :  6.62853e-04
 Reference value :  6.82853e-04
 Reference value :  7.02853e-04
 Reference value :  7.22853e-04
 Reference value :  7.37853e-04
 Reference value :  7.57853e-04
 Reference value :  7.77853e-04
 Reference value :  7.92853e-04
 Reference value :  8.07853e-04
 Reference value :  8.22853e-04
 Reference value :  8.42853e-04
 Reference value :  8.62853e-04
 Reference value :  8.82853e-04
 Reference value :  9.02853e-04
 Reference value :  9.22853e-04
 Reference value :  9.42853e-04
 Reference value :  9.57853e-04
 Reference value :  9.77853e-04
 Reference value :  9.97853e-04
 Reference value :  1.01785e-03
 Reference value :  1.03285e-03
 Reference value :  1.05285e-03
 Reference value :  1.07285e-03
 Reference value :  1.09285e-03
 Reference value :  1.11285e-03
 Reference value :  1.13285e-03
 Reference value :  1.15285e-03
 Reference value :  1.17285e-03
 Reference value :  1.19285e-03
 Reference value :  1.21285e-03
 Reference value :  1.23285e-03
 Reference value :  1.25285e-03
 Reference value :  1.27285e-03
 Reference value :  1.29285e-03
 Reference value :  1.31285e-03
 Reference value :  1.32785e-03
 Reference value :  1.34785e-03
 Reference value :  1.36785e-03
 Reference value :  1.38285e-03
 Reference value :  1.40285e-03
 Reference value :  1.42285e-03
 Reference value :  1.44285e-03
 Reference value :  1.46285e-03
 Reference value :  1.48285e-03
 Reference value :  1.50285e-03
 Reference value :  1.52785e-03
 Reference value :  1.55285e-03
 Reference value :  1.57285e-03
 Reference value :  1.59285e-03
 Reference value :  1.61285e-03
 Reference value :  1.63285e-03
 Reference value :  1.65285e-03
 Reference value :  1.67285e-03
 Reference value :  1.69285e-03
 Reference value :  1.71285e-03
 Reference value :  1.73285e-03
 Reference value :  1.75285e-03
 Reference value :  1.77285e-03
 Reference value :  1.79285e-03
 Reference value :  1.81285e-03
 Reference value :  1.83285e-03
 Reference value :  1.85285e-03
 Reference value :  1.87285e-03
 Reference value :  1.89285e-03
 Reference value :  1.91285e-03
 Reference value :  1.93285e-03
 Reference value :  1.95285e-03
 Reference value :  1.96785e-03
 Reference value :  1.98285e-03
 Reference value :  2.00000e-03
 Reference value :  2.00030e-03
 Reference value :  2.00041e-03
 Reference value :  2.00061e-03
 Reference value :  2.00068e-03
 Reference value :  2.00075e-03
 Reference value :  2.00078e-03
 Reference value :  2.00079e-03
 Reference value :  2.00080e-03
 Reference value :  2.00080e-03
 Reference value :  2.00082e-03
 Reference value :  2.00084e-03
 Reference value :  2.00092e-03
 Reference value :  2.00101e-03
 Reference value :  2.00112e-03
 Reference value :  2.00205e-03
 Reference value :  2.00817e-03
 Reference value :  2.02317e-03
 Reference value :  2.03817e-03
 Reference value :  2.05317e-03
 Reference value :  2.06817e-03
 Reference value :  2.08317e-03
 Reference value :  2.09817e-03
 Reference value :  2.11317e-03
 Reference value :  2.12817e-03
 Reference value :  2.14317e-03
 Reference value :  2.15817e-03
 Reference value :  2.17317e-03
 Reference value :  2.18817e-03
 Reference value :  2.20817e-03
 Reference value :  2.22817e-03
 Reference value :  2.24817e-03
 Reference value :  2.26317e-03
 Reference value :  2.27817e-03
 Reference value :  2.29317e-03
 Reference value :  2.30817e-03
 Reference value :  2.32817e-03
 Reference value :  2.34817e-03
 Reference value :  2.37317e-03
 Reference value :  2.39317e-03
 Reference value :  2.41317e-03
 Reference value :  2.43317e-03
 Reference value :  2.45817e-03
 Reference value :  2.47817e-03
 Reference value :  2.49817e-03
 Reference value :  2.51817e-03
 Reference value :  2.53817e-03
 Reference value :  2.55817e-03
 Reference value :  2.57817e-03
 Reference value :  2.59317e-03
 Reference value :  2.61317e-03
 Reference value :  2.63317e-03
 Reference value :  2.65317e-03
 Reference value :  2.67317e-03
 Reference value :  2.69317e-03
 Reference value :  2.71317e-03
 Reference value :  2.73317e-03
 Reference value :  2.75317e-03
 Reference value :  2.77317e-03
 Reference value :  2.79317e-03
 Reference value :  2.80817e-03
 Reference value :  2.82317e-03
 Reference value :  2.83817e-03
 Reference value :  2.85317e-03
 Reference value :  2.86817e-03
 Reference value :  2.88317e-03
 Reference value :  2.89817e-03
 Reference value :  2.91317e-03
 Reference value :  2.92817e-03
 Reference value :  2.94317e-03
 Reference value :  2.96317e-03
 Reference value :  2.98317e-03
 Reference value :  3.00817e-03
 Reference value :  3.02817e-03
 Reference value :  3.04317e-03
 Reference value :  3.05817e-03
 Reference value :  3.07817e-03
 Reference value :  3.09317e-03
 Reference value :  3.10817e-03
 Reference value :  3.12817e-03
 Reference value :  3.14817e-03
 Reference value :  3.16317e-03
 Reference value :  3.17817e-03
 Reference value :  3.19317e-03
 Reference value :  3.21317e-03
 Reference value :  3.23317e-03
 Reference value :  3.25317e-03
 Reference value :  3.27317e-03
 Reference value :  3.28817e-03
 Reference value :  3.30317e-03
 Reference value :  3.31817e-03
 Reference value :  3.33317e-03
 Reference value :  3.34817e-03
 Reference value :  3.36317e-03
 Reference value :  3.37817e-03
 Reference value :  3.39317e-03
 Reference value :  3.40817e-03
 Reference value :  3.42317e-03
 Reference value :  3.43817e-03
 Reference value :  3.45317e-03
 Reference value :  3.47317e-03
 Reference value :  3.48817e-03
 Reference value :  3.50317e-03
 Reference value :  3.51817e-03
 Reference value :  3.54317e-03
 Reference value :  3.56317e-03
 Reference value :  3.58317e-03
 Reference value :  3.60817e-03
 Reference value :  3.62817e-03
 Reference value :  3.64817e-03
 Reference value :  3.66817e-03
 Reference value :  3.68317e-03
 Reference value :  3.70817e-03
 Reference value :  3.72817e-03
 Reference value :  3.74817e-03
 Reference value :  3.76817e-03
 Reference value :  3.78817e-03
 Reference value :  3.80817e-03
 Reference value :  3.82317e-03
 Reference value :  3.83817e-03
 Reference value :  3.85817e-03
 Reference value :  3.87317e-03
 Reference value :  3.88817e-03
 Reference value :  3.90817e-03
 Reference value :  3.92817e-03
 Reference value :  3.94317e-03
 Reference value :  3.96317e-03
 Reference value :  3.98317e-03
 Reference value :  4.00317e-03
 Reference value :  4.01817e-03
 Reference value :  4.03817e-03
 Reference value :  4.05817e-03
 Reference value :  4.07817e-03
 Reference value :  4.09817e-03
 Reference value :  4.11817e-03
 Reference value :  4.13817e-03
 Reference value :  4.15817e-03
 Reference value :  4.18317e-03
 Reference value :  4.20317e-03
 Reference value :  4.22317e-03
 Reference value :  4.24317e-03
 Reference value :  4.26317e-03
 Reference value :  4.28317e-03
 Reference value :  4.29817e-03
 Reference value :  4.31817e-03
 Reference value :  4.33817e-03
 Reference value :  4.35817e-03
 Reference value :  4.37817e-03
 Reference value :  4.39817e-03
 Reference value :  4.41317e-03
 Reference value :  4.43317e-03
 Reference value :  4.45317e-03
 Reference value :  4.47317e-03
 Reference value :  4.49317e-03
No. of Data Rows : 969
vpre                =  1.80844e+00
iq_avg              =  -2.02865e-10 from=  3.50000e-03 to=  4.50000e-03
iq_worst            =  -6.66711e-10 at=  3.50317e-03
vhold               =  1.80724e+00
Doing analysis at TEMP = -40.000000 and TNOM = 27.000000

Using KLU as Direct Linear Solver
 Reference value :  0.00000e+00
No. of Data Rows : 1
Doing analysis at TEMP = -40.000000 and TNOM = 27.000000

Using KLU as Direct Linear Solver
 Reference value :  0.00000e+00
No. of Data Rows : 1
Doing analysis at TEMP = -40.000000 and TNOM = 27.000000

Using KLU as Direct Linear Solver
 Reference value :  0.00000e+00
No. of Data Rows : 1
meas_iq_shutdown_static_ua = 1.617409e-04
meas_iq_shutdown_after_edge_ua = 6.667107e-04
meas_iq_shutdown_after_edge_mean_ua = 2.028649e-04
meas_leak_vin_vout_ua = 9.081450e-05
meas_vout_pre_disable_v = 1.808437e+00
meas_vout_hold_2ms_v = 1.807243e+00
meas_vout_disabled_static_v = 2.835243e-04
meas_ivout_held_1v8_ua = 5.766403e-01
ngspice-46 done

# ==== ngspice stderr ====
Note: Starting dynamic gmin stepping
Note: Dynamic gmin stepping completed
Note: Starting dynamic gmin stepping
Note: Dynamic gmin stepping completed
Note: Starting dynamic gmin stepping
Note: Dynamic gmin stepping completed
Note: Starting dynamic gmin stepping
Warning: Dynamic gmin stepping failed
Note: Starting true gmin stepping
Note: True gmin stepping completed
