# corner: ff_125c_3.63v
# process=ff temp=125C supply=3.63V
# ngspice exit: 0
# wall clock: 74.4s (--timeout was 300s)
# result: PASS

# ==== deck (exact input given to ngspice) ====
| * enable-shutdown corner deck -- generated by sim/bin/corner-run.py, do not edit
| * corner: ff_125c_3.63v
| .param vsup=3.63
| .option wnflag=1
| .temp 125
| .lib "/home/ubuntu/.volare/sky130A/libs.tech/combined/sky130.lib.spice" ff
| ** sch_path: sim/enable-shutdown/testbench/tb_enable_shutdown.sch
| **.subckt tb_enable_shutdown
| VVIN VIN 0 'vsup'
| .save i(vvin)
| VEN EN 0 dc 0 pwl(0 0 100u 0 101u 'vsup' 2m 'vsup' 2.001m 0 10 0)
| .save i(ven)
| VVREF VREF 0 1.2
| .save i(vvref)
| xldo VOUT VREF EN VIN ldo_3v3in_1v8out
| COUT VOUT VESR 1u m=1
| RESR VESR 0 10m m=1
| RLOAD VOUT 0 1e12 m=1
| RFORCE VOUT VF 1e12 m=1
| VFORCE VF 0 0
| .save i(vforce)
| **.ends
| 
| * expanding   symbol:  design/ldo_3v3in_1v8out.sym # of pins=4
| ** sym_path: design/ldo_3v3in_1v8out.sym
| ** sch_path: design/ldo_3v3in_1v8out.sch
| .subckt ldo_3v3in_1v8out VOUT VREF EN VIN
| *.ipin VIN
| *.ipin EN
| *.ipin VREF
| *.opin VOUT
| XR_BIAS VIN NB 0 sky130_fd_pr__res_high_po W=0.42 L=1500 mult=1 m=1
| XM_BIASN1 NB NB BIAS_ENN 0 sky130_fd_pr__nfet_g5v0d10v5 L=1 W=4 nf=1 ad=1.16 as=1.16 pd=8.58 ps=8.58 nrd=0.0725 nrs=0.0725 sa=0
| + sb=0 sd=0 mult=1 m=1
| XM_ENN BIAS_ENN EN 0 0 sky130_fd_pr__nfet_g5v0d10v5 L=0.5 W=10 nf=1 ad=2.9 as=2.9 pd=20.58 ps=20.58 nrd=0.029 nrs=0.029 sa=0 sb=0
| + sd=0 mult=1 m=1
| XM_BIASN2 BIASP NB BIAS_ENN 0 sky130_fd_pr__nfet_g5v0d10v5 L=1 W=4 nf=1 ad=1.16 as=1.16 pd=8.58 ps=8.58 nrd=0.0725 nrs=0.0725 sa=0
| + sb=0 sd=0 mult=1 m=1
| XM_BIASP1 BIASP BIASP VIN VIN sky130_fd_pr__pfet_g5v0d10v5 L=1 W=10 nf=2 ad=1.45 as=2.9 pd=10.58 ps=21.16 nrd=0.029 nrs=0.029 sa=0
| + sb=0 sd=0 mult=1 m=1
| XM_ENP2 BIASP EN VIN VIN sky130_fd_pr__pfet_g5v0d10v5 L=0.5 W=10 nf=1 ad=2.9 as=2.9 pd=20.58 ps=20.58 nrd=0.029 nrs=0.029 sa=0
| + sb=0 sd=0 mult=1 m=1
| XM_TAIL EA_TAIL BIASP VIN VIN sky130_fd_pr__pfet_g5v0d10v5 L=2 W=40 nf=8 ad=5.8 as=7.25 pd=42.32 ps=52.9 nrd=0.00725 nrs=0.00725
| + sa=0 sb=0 sd=0 mult=1 m=1
| XM_IN1 EA_D1 FB EA_TAIL VIN sky130_fd_pr__pfet_g5v0d10v5 L=2 W=10 nf=2 ad=1.45 as=2.9 pd=10.58 ps=21.16 nrd=0.029 nrs=0.029 sa=0
| + sb=0 sd=0 mult=1 m=1
| XM_IN2 EA_D2 VREF EA_TAIL VIN sky130_fd_pr__pfet_g5v0d10v5 L=2 W=10 nf=2 ad=1.45 as=2.9 pd=10.58 ps=21.16 nrd=0.029 nrs=0.029 sa=0
| + sb=0 sd=0 mult=1 m=1
| XM_MIR1 EA_D1 EA_D1 AMP_ENN 0 sky130_fd_pr__nfet_g5v0d10v5 L=4 W=10 nf=2 ad=1.45 as=2.9 pd=10.58 ps=21.16 nrd=0.029 nrs=0.029 sa=0
| + sb=0 sd=0 mult=1 m=1
| XM_MIR2 EA_OUT EA_D1 AMP_ENN 0 sky130_fd_pr__nfet_g5v0d10v5 L=4 W=10 nf=2 ad=1.45 as=2.9 pd=10.58 ps=21.16 nrd=0.029 nrs=0.029
| + sa=0 sb=0 sd=0 mult=1 m=1
| XM_ENN2 AMP_ENN EN 0 0 sky130_fd_pr__nfet_g5v0d10v5 L=0.5 W=10 nf=1 ad=2.9 as=2.9 pd=20.58 ps=20.58 nrd=0.029 nrs=0.029 sa=0 sb=0
| + sd=0 mult=1 m=1
| XM_ENP EA_OUT EN VIN VIN sky130_fd_pr__pfet_g5v0d10v5 L=0.5 W=10 nf=1 ad=2.9 as=2.9 pd=20.58 ps=20.58 nrd=0.029 nrs=0.029 sa=0
| + sb=0 sd=0 mult=1 m=1
| XM_MIR3 EA_D2 EA_D2 AMP_ENN 0 sky130_fd_pr__nfet_g5v0d10v5 L=4 W=10 nf=2 ad=1.45 as=2.9 pd=10.58 ps=21.16 nrd=0.029 nrs=0.029 sa=0
| + sb=0 sd=0 mult=1 m=1
| XM_MIR4 PB EA_D2 AMP_ENN 0 sky130_fd_pr__nfet_g5v0d10v5 L=4 W=10 nf=2 ad=1.45 as=2.9 pd=10.58 ps=21.16 nrd=0.029 nrs=0.029 sa=0
| + sb=0 sd=0 mult=1 m=1
| XM_MIRP1 PB PB VIN VIN sky130_fd_pr__pfet_g5v0d10v5 L=4 W=20 nf=4 ad=2.9 as=4.35 pd=21.16 ps=31.74 nrd=0.0145 nrs=0.0145 sa=0 sb=0
| + sd=0 mult=1 m=1
| XM_MIRP2 EA_OUT PB VIN VIN sky130_fd_pr__pfet_g5v0d10v5 L=4 W=20 nf=4 ad=2.9 as=4.35 pd=21.16 ps=31.74 nrd=0.0145 nrs=0.0145 sa=0
| + sb=0 sd=0 mult=1 m=1
| XM_ENP5 PB EN VIN VIN sky130_fd_pr__pfet_g5v0d10v5 L=0.5 W=2 nf=1 ad=0.58 as=0.58 pd=4.58 ps=4.58 nrd=0.145 nrs=0.145 sa=0 sb=0
| + sd=0 mult=1 m=1
| XM_PASS VOUT EA_OUT VIN VIN sky130_fd_pr__pfet_g5v0d10v5 L=0.5 W=100 nf=25 ad=15.08 as=15.08 pd=111.54 ps=111.54 nrd=0.0029
| + nrs=0.0029 sa=0 sb=0 sd=0 mult=25 m=25
| C_COMP VOUT EA_CZ 150p m=1
| XR_CZ EA_CZ EA_OUT 0 sky130_fd_pr__res_xhigh_po W=0.42 L=52 mult=1 m=1
| XR_FB_A VOUT FB 0 sky130_fd_pr__res_xhigh_po W=0.42 L=180 mult=1 m=1
| XR_FB_B FB N_FBB 0 sky130_fd_pr__res_xhigh_po W=0.42 L=180 mult=1 m=1
| XR_FB_C N_FBB 0 0 sky130_fd_pr__res_xhigh_po W=0.42 L=180 mult=1 m=1
| XM_SENSE CL_SNS EA_OUT VIN VIN sky130_fd_pr__pfet_g5v0d10v5 L=0.5 W=0.42 nf=1 ad=0.1218 as=0.1218 pd=1.42 ps=1.42
| + nrd=0.69047619047619 nrs=0.69047619047619 sa=0 sb=0 sd=0 mult=1 m=1
| XM_CLN1 CL_SNS CL_SNS AMP_ENN 0 sky130_fd_pr__nfet_g5v0d10v5 L=1 W=20 nf=1 ad=5.8 as=5.8 pd=40.58 ps=40.58 nrd=0.0145 nrs=0.0145
| + sa=0 sb=0 sd=0 mult=1 m=1
| XM_CLN2 CL_CMP CL_SNS AMP_ENN 0 sky130_fd_pr__nfet_g5v0d10v5 L=1 W=1.6 nf=1 ad=0.464 as=0.464 pd=3.78 ps=3.78 nrd=0.18125
| + nrs=0.18125 sa=0 sb=0 sd=0 mult=1 m=1
| XM_CLP CL_CMP BIASP VIN VIN sky130_fd_pr__pfet_g5v0d10v5 L=1 W=10 nf=2 ad=1.45 as=2.9 pd=10.58 ps=21.16 nrd=0.029 nrs=0.029 sa=0
| + sb=0 sd=0 mult=1 m=1
| XM_CLIM EA_OUT CL_CMP VIN VIN sky130_fd_pr__pfet_g5v0d10v5 L=0.5 W=20 nf=4 ad=2.9 as=4.35 pd=21.16 ps=31.74 nrd=0.0145 nrs=0.0145
| + sa=0 sb=0 sd=0 mult=1 m=1
| XM_ENP3 CL_CMP EN VIN VIN sky130_fd_pr__pfet_g5v0d10v5 L=0.5 W=2 nf=1 ad=0.58 as=0.58 pd=4.58 ps=4.58 nrd=0.145 nrs=0.145 sa=0
| + sb=0 sd=0 mult=1 m=1
| C_CL VIN CL_CMP 1p m=1
| XM_INVP ENB EN VIN VIN sky130_fd_pr__pfet_g5v0d10v5 L=0.5 W=2 nf=1 ad=0.58 as=0.58 pd=4.58 ps=4.58 nrd=0.145 nrs=0.145 sa=0 sb=0
| + sd=0 mult=1 m=1
| XM_INVN ENB EN 0 0 sky130_fd_pr__nfet_g5v0d10v5 L=0.5 W=1 nf=1 ad=0.29 as=0.29 pd=2.58 ps=2.58 nrd=0.29 nrs=0.29 sa=0 sb=0 sd=0
| + mult=1 m=1
| XM_SSDIS SS ENB 0 0 sky130_fd_pr__nfet_g5v0d10v5 L=0.5 W=2 nf=1 ad=0.58 as=0.58 pd=4.58 ps=4.58 nrd=0.145 nrs=0.145 sa=0 sb=0 sd=0
| + mult=1 m=1
| XM_SSCHG SS BIASP VIN VIN sky130_fd_pr__pfet_g5v0d10v5 L=8 W=1 nf=1 ad=0.29 as=0.29 pd=2.58 ps=2.58 nrd=0.29 nrs=0.29 sa=0 sb=0
| + sd=0 mult=1 m=1
| C_SS SS 0 10p m=1
| XM_IN2S EA_D2 SS EA_TAIL VIN sky130_fd_pr__pfet_g5v0d10v5 L=2 W=10 nf=2 ad=1.45 as=2.9 pd=10.58 ps=21.16 nrd=0.029 nrs=0.029 sa=0
| + sb=0 sd=0 mult=1 m=1
| XM_TSPS TS_SNS BIASP VIN VIN sky130_fd_pr__pfet_g5v0d10v5 L=1 W=2.5 nf=1 ad=0.725 as=0.725 pd=5.58 ps=5.58 nrd=0.116 nrs=0.116
| + sa=0 sb=0 sd=0 mult=1 m=1
| XM_TSD1 TS_SNS TS_SNS TS_MID 0 sky130_fd_pr__nfet_g5v0d10v5 L=1 W=80 nf=16 ad=11.6 as=13.05 pd=84.64 ps=95.22 nrd=0.003625
| + nrs=0.003625 sa=0 sb=0 sd=0 mult=1 m=1
| XM_TSD2 TS_MID TS_MID AMP_ENN 0 sky130_fd_pr__nfet_g5v0d10v5 L=1 W=80 nf=16 ad=11.6 as=13.05 pd=84.64 ps=95.22 nrd=0.003625
| + nrs=0.003625 sa=0 sb=0 sd=0 mult=1 m=1
| XM_TSPR TS_REF BIASP VIN VIN sky130_fd_pr__pfet_g5v0d10v5 L=1 W=2.5 nf=1 ad=0.725 as=0.725 pd=5.58 ps=5.58 nrd=0.116 nrs=0.116
| + sa=0 sb=0 sd=0 mult=1 m=1
| XM_TSR1 TS_REF TS_REF AMP_ENN 0 sky130_fd_pr__nfet_g5v0d10v5 L=10 W=2 nf=1 ad=0.58 as=0.58 pd=4.58 ps=4.58 nrd=0.145 nrs=0.145
| + sa=0 sb=0 sd=0 mult=1 m=1
| XM_TCTAIL TC_TAIL NB AMP_ENN 0 sky130_fd_pr__nfet_g5v0d10v5 L=1 W=1 nf=1 ad=0.29 as=0.29 pd=2.58 ps=2.58 nrd=0.29 nrs=0.29 sa=0
| + sb=0 sd=0 mult=1 m=1
| XM_TCN1 TC_D1 TS_SNS TC_TAIL 0 sky130_fd_pr__nfet_g5v0d10v5 L=2 W=10 nf=2 ad=1.45 as=2.9 pd=10.58 ps=21.16 nrd=0.029 nrs=0.029
| + sa=0 sb=0 sd=0 mult=1 m=1
| XM_TCN2 TS_CMP TS_REF TC_TAIL 0 sky130_fd_pr__nfet_g5v0d10v5 L=2 W=10 nf=2 ad=1.45 as=2.9 pd=10.58 ps=21.16 nrd=0.029 nrs=0.029
| + sa=0 sb=0 sd=0 mult=1 m=1
| XM_TCP1 TC_D1 TC_D1 VIN VIN sky130_fd_pr__pfet_g5v0d10v5 L=2 W=10 nf=2 ad=1.45 as=2.9 pd=10.58 ps=21.16 nrd=0.029 nrs=0.029 sa=0
| + sb=0 sd=0 mult=1 m=1
| XM_TCP2 TS_CMP TC_D1 VIN VIN sky130_fd_pr__pfet_g5v0d10v5 L=2 W=10 nf=2 ad=1.45 as=2.9 pd=10.58 ps=21.16 nrd=0.029 nrs=0.029 sa=0
| + sb=0 sd=0 mult=1 m=1
| XM_TSHUT EA_OUT TS_CMP VIN VIN sky130_fd_pr__pfet_g5v0d10v5 L=0.5 W=20 nf=4 ad=2.9 as=4.35 pd=21.16 ps=31.74 nrd=0.0145 nrs=0.0145
| + sa=0 sb=0 sd=0 mult=1 m=1
| XM_TSHYSB TS_HYS BIASP VIN VIN sky130_fd_pr__pfet_g5v0d10v5 L=2 W=1.5 nf=1 ad=0.435 as=0.435 pd=3.58 ps=3.58 nrd=0.193333333333333
| + nrs=0.193333333333333 sa=0 sb=0 sd=0 mult=1 m=1
| XM_TSHYS TS_REF TS_CMP TS_HYS VIN sky130_fd_pr__pfet_g5v0d10v5 L=0.5 W=2 nf=1 ad=0.58 as=0.58 pd=4.58 ps=4.58 nrd=0.145 nrs=0.145
| + sa=0 sb=0 sd=0 mult=1 m=1
| XM_ENP4 TS_CMP EN VIN VIN sky130_fd_pr__pfet_g5v0d10v5 L=0.5 W=2 nf=1 ad=0.58 as=0.58 pd=4.58 ps=4.58 nrd=0.145 nrs=0.145 sa=0
| + sb=0 sd=0 mult=1 m=1
| C_TS VIN TS_CMP 1p m=1
| .ends
| 
| .control
| save all
| * --- leg 1: full cycle -- EN rises at t=100us, block regulates, EN falls at t=2ms ---
| tran 5u 4.5m
| meas tran vpre find v(vout) at=1.9m
| meas tran iq_avg avg i(vvin) from=3.5m to=4.5m
| meas tran iq_worst min i(vvin) from=3.5m to=4.5m
| meas tran vhold find v(vout) at=4m
| * --- leg 2: static disabled state, output free-floating ---
| op
| * --- leg 3: static disabled state, VOUT forced to 0 V (Vin->Vout leakage) ---
| alter rforce = 1m
| op
| * --- leg 4: static disabled state, VOUT held at the 1.8 V nominal output ---
| alter vforce = 1.8
| op
| let meas_iq_shutdown_static_ua = -1e6*op1.i(vvin)
| let meas_iq_shutdown_after_edge_ua = -1e6*tran1.iq_worst
| let meas_iq_shutdown_after_edge_mean_ua = -1e6*tran1.iq_avg
| let meas_leak_vin_vout_ua = 1e6*op2.i(vforce)
| let meas_vout_pre_disable_v = tran1.vpre
| let meas_vout_hold_2ms_v = tran1.vhold
| let meas_vout_disabled_static_v = op1.v(vout)
| let meas_ivout_held_1v8_ua = -1e6*op3.i(vforce)
| print meas_iq_shutdown_static_ua
| print meas_iq_shutdown_after_edge_ua
| print meas_iq_shutdown_after_edge_mean_ua
| print meas_leak_vin_vout_ua
| print meas_vout_pre_disable_v
| print meas_vout_hold_2ms_v
| print meas_vout_disabled_static_v
| print meas_ivout_held_1v8_ua
| quit
| .endc
| .end

# ==== ngspice stdout ====

Note: Compatibility modes selected: hs a


Circuit: * enable-shutdown corner deck -- generated by sim/bin/corner-run.py, do not edit

option SCALE: Scale is set to 1e-06 for instance and model parameters
option SCALE: Scale is set to 1e-06 for instance and model parameters
option SCALE: Scale is set to 1e-06 for instance and model parameters
option SCALE: Scale is set to 1e-06 for instance and model parameters
Doing analysis at TEMP = 125.000000 and TNOM = 27.000000

Using KLU as Direct Linear Solver
 Reference value :  0.00000e+00
 Reference value :  8.00000e-07
 Reference value :  1.14000e-05
 Reference value :  3.14000e-05
 Reference value :  4.64000e-05
 Reference value :  6.64000e-05
 Reference value :  8.64000e-05
 Reference value :  1.00100e-04
 Reference value :  1.00411e-04
 Reference value :  1.00515e-04
 Reference value :  1.00588e-04
 Reference value :  1.00658e-04
 Reference value :  1.00852e-04
 Reference value :  1.00926e-04
 Reference value :  1.00986e-04
 Reference value :  1.01003e-04
 Reference value :  1.01018e-04
 Reference value :  1.01106e-04
 Reference value :  1.01183e-04
 Reference value :  1.01380e-04
 Reference value :  1.02190e-04
 Reference value :  1.06860e-04
 Reference value :  1.26860e-04
 Reference value :  1.41860e-04
 Reference value :  1.56860e-04
 Reference value :  1.66860e-04
 Reference value :  1.81860e-04
 Reference value :  1.96860e-04
 Reference value :  2.11860e-04
 Reference value :  2.26860e-04
 Reference value :  2.41860e-04
 Reference value :  2.61860e-04
 Reference value :  2.81860e-04
 Reference value :  3.01860e-04
 Reference value :  3.16860e-04
 Reference value :  3.36860e-04
 Reference value :  3.56860e-04
 Reference value :  3.71860e-04
 Reference value :  3.91860e-04
 Reference value :  4.11860e-04
 Reference value :  4.26860e-04
 Reference value :  4.41860e-04
 Reference value :  4.56860e-04
 Reference value :  4.71860e-04
 Reference value :  4.86860e-04
 Reference value :  5.01860e-04
 Reference value :  5.16860e-04
 Reference value :  5.31860e-04
 Reference value :  5.46860e-04
 Reference value :  5.61860e-04
 Reference value :  5.71860e-04
 Reference value :  5.81860e-04
 Reference value :  5.96860e-04
 Reference value :  6.11860e-04
 Reference value :  6.21860e-04
 Reference value :  6.31860e-04
 Reference value :  6.41860e-04
 Reference value :  6.51860e-04
 Reference value :  6.66860e-04
 Reference value :  6.86860e-04
 Reference value :  7.06860e-04
 Reference value :  7.26860e-04
 Reference value :  7.46860e-04
 Reference value :  7.61860e-04
 Reference value :  7.81860e-04
 Reference value :  8.01860e-04
 Reference value :  8.21860e-04
 Reference value :  8.41860e-04
 Reference value :  8.56860e-04
 Reference value :  8.71860e-04
 Reference value :  8.86860e-04
 Reference value :  9.01860e-04
 Reference value :  9.16860e-04
 Reference value :  9.31860e-04
 Reference value :  9.46860e-04
 Reference value :  9.66860e-04
 Reference value :  9.86860e-04
 Reference value :  1.00686e-03
 Reference value :  1.02186e-03
 Reference value :  1.04186e-03
 Reference value :  1.05686e-03
 Reference value :  1.07686e-03
 Reference value :  1.09686e-03
 Reference value :  1.11686e-03
 Reference value :  1.13186e-03
 Reference value :  1.14686e-03
 Reference value :  1.16186e-03
 Reference value :  1.17686e-03
 Reference value :  1.19686e-03
 Reference value :  1.21686e-03
 Reference value :  1.23186e-03
 Reference value :  1.25186e-03
 Reference value :  1.27186e-03
 Reference value :  1.29186e-03
 Reference value :  1.31186e-03
 Reference value :  1.33186e-03
 Reference value :  1.35186e-03
 Reference value :  1.37186e-03
 Reference value :  1.39186e-03
 Reference value :  1.41186e-03
 Reference value :  1.42686e-03
 Reference value :  1.44686e-03
 Reference value :  1.46686e-03
 Reference value :  1.48186e-03
 Reference value :  1.50186e-03
 Reference value :  1.52186e-03
 Reference value :  1.53686e-03
 Reference value :  1.55686e-03
 Reference value :  1.57686e-03
 Reference value :  1.59686e-03
 Reference value :  1.61186e-03
 Reference value :  1.63186e-03
 Reference value :  1.65186e-03
 Reference value :  1.66686e-03
 Reference value :  1.68686e-03
 Reference value :  1.70186e-03
 Reference value :  1.71686e-03
 Reference value :  1.73686e-03
 Reference value :  1.75686e-03
 Reference value :  1.77686e-03
 Reference value :  1.79186e-03
 Reference value :  1.81186e-03
 Reference value :  1.83186e-03
 Reference value :  1.85186e-03
 Reference value :  1.86686e-03
 Reference value :  1.88686e-03
 Reference value :  1.90186e-03
 Reference value :  1.92186e-03
 Reference value :  1.93686e-03
 Reference value :  1.95186e-03
 Reference value :  1.96686e-03
 Reference value :  1.98686e-03
 Reference value :  2.00010e-03
 Reference value :  2.00030e-03
 Reference value :  2.00041e-03
 Reference value :  2.00058e-03
 Reference value :  2.00064e-03
 Reference value :  2.00065e-03
 Reference value :  2.00066e-03
 Reference value :  2.00068e-03
 Reference value :  2.00072e-03
 Reference value :  2.00077e-03
 Reference value :  2.00084e-03
 Reference value :  2.00094e-03
 Reference value :  2.00102e-03
 Reference value :  2.00119e-03
 Reference value :  2.00169e-03
 Reference value :  2.00511e-03
 Reference value :  2.01317e-03
 Reference value :  2.02817e-03
 Reference value :  2.04317e-03
 Reference value :  2.05817e-03
 Reference value :  2.07317e-03
 Reference value :  2.08817e-03
 Reference value :  2.10317e-03
 Reference value :  2.12317e-03
 Reference value :  2.14817e-03
 Reference value :  2.17317e-03
 Reference value :  2.19317e-03
 Reference value :  2.21317e-03
 Reference value :  2.23317e-03
 Reference value :  2.25317e-03
 Reference value :  2.27317e-03
 Reference value :  2.29317e-03
 Reference value :  2.31817e-03
 Reference value :  2.33817e-03
 Reference value :  2.35817e-03
 Reference value :  2.37317e-03
 Reference value :  2.39317e-03
 Reference value :  2.41317e-03
 Reference value :  2.43317e-03
 Reference value :  2.45317e-03
 Reference value :  2.47317e-03
 Reference value :  2.49317e-03
 Reference value :  2.51317e-03
 Reference value :  2.53317e-03
 Reference value :  2.55317e-03
 Reference value :  2.57317e-03
 Reference value :  2.59317e-03
 Reference value :  2.61317e-03
 Reference value :  2.63317e-03
 Reference value :  2.65317e-03
 Reference value :  2.67817e-03
 Reference value :  2.69817e-03
 Reference value :  2.71817e-03
 Reference value :  2.73817e-03
 Reference value :  2.75817e-03
 Reference value :  2.77817e-03
 Reference value :  2.79817e-03
 Reference value :  2.81817e-03
 Reference value :  2.83817e-03
 Reference value :  2.85817e-03
 Reference value :  2.87817e-03
 Reference value :  2.90317e-03
 Reference value :  2.92317e-03
 Reference value :  2.93817e-03
 Reference value :  2.95317e-03
 Reference value :  2.97317e-03
 Reference value :  2.99317e-03
 Reference value :  3.01317e-03
 Reference value :  3.03317e-03
 Reference value :  3.04817e-03
 Reference value :  3.06317e-03
 Reference value :  3.08317e-03
 Reference value :  3.10317e-03
 Reference value :  3.12317e-03
 Reference value :  3.14317e-03
 Reference value :  3.16317e-03
 Reference value :  3.18317e-03
 Reference value :  3.19817e-03
 Reference value :  3.21317e-03
 Reference value :  3.22817e-03
 Reference value :  3.24317e-03
 Reference value :  3.25817e-03
 Reference value :  3.27317e-03
 Reference value :  3.28817e-03
 Reference value :  3.30317e-03
 Reference value :  3.32317e-03
 Reference value :  3.34317e-03
 Reference value :  3.36317e-03
 Reference value :  3.38317e-03
 Reference value :  3.39817e-03
 Reference value :  3.41817e-03
 Reference value :  3.43317e-03
 Reference value :  3.44817e-03
 Reference value :  3.46817e-03
 Reference value :  3.48817e-03
 Reference value :  3.50817e-03
 Reference value :  3.52817e-03
 Reference value :  3.54317e-03
 Reference value :  3.55817e-03
 Reference value :  3.57817e-03
 Reference value :  3.59817e-03
 Reference value :  3.61817e-03
 Reference value :  3.63817e-03
 Reference value :  3.65817e-03
 Reference value :  3.67817e-03
 Reference value :  3.69817e-03
 Reference value :  3.71817e-03
 Reference value :  3.73817e-03
 Reference value :  3.75817e-03
 Reference value :  3.77817e-03
 Reference value :  3.79817e-03
 Reference value :  3.81817e-03
 Reference value :  3.83817e-03
 Reference value :  3.85817e-03
 Reference value :  3.87817e-03
 Reference value :  3.89817e-03
 Reference value :  3.91817e-03
 Reference value :  3.93817e-03
 Reference value :  3.95317e-03
 Reference value :  3.96817e-03
 Reference value :  3.98817e-03
 Reference value :  4.00317e-03
 Reference value :  4.02317e-03
 Reference value :  4.04317e-03
 Reference value :  4.06317e-03
 Reference value :  4.08317e-03
 Reference value :  4.10317e-03
 Reference value :  4.12317e-03
 Reference value :  4.14317e-03
 Reference value :  4.15817e-03
 Reference value :  4.17817e-03
 Reference value :  4.19817e-03
 Reference value :  4.21817e-03
 Reference value :  4.23817e-03
 Reference value :  4.25317e-03
 Reference value :  4.26817e-03
 Reference value :  4.28817e-03
 Reference value :  4.30817e-03
 Reference value :  4.32817e-03
 Reference value :  4.35317e-03
 Reference value :  4.37817e-03
 Reference value :  4.39817e-03
 Reference value :  4.41817e-03
 Reference value :  4.44317e-03
 Reference value :  4.46317e-03
 Reference value :  4.48317e-03
No. of Data Rows : 965
vpre                =  1.81978e+00
iq_avg              =  -2.00852e-08 from=  3.50000e-03 to=  4.50000e-03
iq_worst            =  -2.14398e-08 at=  3.50817e-03
vhold               =  1.81862e+00
Doing analysis at TEMP = 125.000000 and TNOM = 27.000000

Using KLU as Direct Linear Solver
 Reference value :  0.00000e+00
No. of Data Rows : 1
Doing analysis at TEMP = 125.000000 and TNOM = 27.000000

Using KLU as Direct Linear Solver
 Reference value :  0.00000e+00
No. of Data Rows : 1
Doing analysis at TEMP = 125.000000 and TNOM = 27.000000

Using KLU as Direct Linear Solver
 Reference value :  0.00000e+00
No. of Data Rows : 1
meas_iq_shutdown_static_ua = 4.882693e-02
meas_iq_shutdown_after_edge_ua = 2.143982e-02
meas_iq_shutdown_after_edge_mean_ua = 2.008525e-02
meas_leak_vin_vout_ua = 5.164267e-02
meas_vout_pre_disable_v = 1.819781e+00
meas_vout_hold_2ms_v = 1.818624e+00
meas_vout_disabled_static_v = 1.379016e-01
meas_ivout_held_1v8_ua = 5.614553e-01
ngspice-46 done

# ==== ngspice stderr ====

