# corner: ff_125c_3.30v
# process=ff temp=125C supply=3.30V
# ngspice exit: 0
# wall clock: 65.4s (--timeout was 300s)
# result: PASS

# ==== deck (exact input given to ngspice) ====
| * enable-shutdown corner deck -- generated by sim/bin/corner-run.py, do not edit
| * corner: ff_125c_3.30v
| .param vsup=3.3
| .option wnflag=1
| .temp 125
| .lib "/home/ubuntu/.volare/sky130A/libs.tech/combined/sky130.lib.spice" ff
| ** sch_path: sim/enable-shutdown/testbench/tb_enable_shutdown.sch
| **.subckt tb_enable_shutdown
| VVIN VIN 0 'vsup'
| .save i(vvin)
| VEN EN 0 dc 0 pwl(0 0 100u 0 101u 'vsup' 2m 'vsup' 2.001m 0 10 0)
| .save i(ven)
| VVREF VREF 0 1.2
| .save i(vvref)
| xldo VOUT VREF EN VIN ldo_3v3in_1v8out
| COUT VOUT VESR 1u m=1
| RESR VESR 0 10m m=1
| RLOAD VOUT 0 1e12 m=1
| RFORCE VOUT VF 1e12 m=1
| VFORCE VF 0 0
| .save i(vforce)
| **.ends
| 
| * expanding   symbol:  design/ldo_3v3in_1v8out.sym # of pins=4
| ** sym_path: design/ldo_3v3in_1v8out.sym
| ** sch_path: design/ldo_3v3in_1v8out.sch
| .subckt ldo_3v3in_1v8out VOUT VREF EN VIN
| *.ipin VIN
| *.ipin EN
| *.ipin VREF
| *.opin VOUT
| XR_BIAS VIN NB 0 sky130_fd_pr__res_high_po W=0.42 L=1500 mult=1 m=1
| XM_BIASN1 NB NB BIAS_ENN 0 sky130_fd_pr__nfet_g5v0d10v5 L=1 W=4 nf=1 ad=1.16 as=1.16 pd=8.58 ps=8.58 nrd=0.0725 nrs=0.0725 sa=0
| + sb=0 sd=0 mult=1 m=1
| XM_ENN BIAS_ENN EN 0 0 sky130_fd_pr__nfet_g5v0d10v5 L=0.5 W=10 nf=1 ad=2.9 as=2.9 pd=20.58 ps=20.58 nrd=0.029 nrs=0.029 sa=0 sb=0
| + sd=0 mult=1 m=1
| XM_BIASN2 BIASP NB BIAS_ENN 0 sky130_fd_pr__nfet_g5v0d10v5 L=1 W=4 nf=1 ad=1.16 as=1.16 pd=8.58 ps=8.58 nrd=0.0725 nrs=0.0725 sa=0
| + sb=0 sd=0 mult=1 m=1
| XM_BIASP1 BIASP BIASP VIN VIN sky130_fd_pr__pfet_g5v0d10v5 L=1 W=10 nf=2 ad=1.45 as=2.9 pd=10.58 ps=21.16 nrd=0.029 nrs=0.029 sa=0
| + sb=0 sd=0 mult=1 m=1
| XM_ENP2 BIASP EN VIN VIN sky130_fd_pr__pfet_g5v0d10v5 L=0.5 W=10 nf=1 ad=2.9 as=2.9 pd=20.58 ps=20.58 nrd=0.029 nrs=0.029 sa=0
| + sb=0 sd=0 mult=1 m=1
| XM_TAIL EA_TAIL BIASP VIN VIN sky130_fd_pr__pfet_g5v0d10v5 L=2 W=40 nf=8 ad=5.8 as=7.25 pd=42.32 ps=52.9 nrd=0.00725 nrs=0.00725
| + sa=0 sb=0 sd=0 mult=1 m=1
| XM_IN1 EA_D1 FB EA_TAIL VIN sky130_fd_pr__pfet_g5v0d10v5 L=2 W=10 nf=2 ad=1.45 as=2.9 pd=10.58 ps=21.16 nrd=0.029 nrs=0.029 sa=0
| + sb=0 sd=0 mult=1 m=1
| XM_IN2 EA_D2 VREF EA_TAIL VIN sky130_fd_pr__pfet_g5v0d10v5 L=2 W=10 nf=2 ad=1.45 as=2.9 pd=10.58 ps=21.16 nrd=0.029 nrs=0.029 sa=0
| + sb=0 sd=0 mult=1 m=1
| XM_MIR1 EA_D1 EA_D1 AMP_ENN 0 sky130_fd_pr__nfet_g5v0d10v5 L=4 W=10 nf=2 ad=1.45 as=2.9 pd=10.58 ps=21.16 nrd=0.029 nrs=0.029 sa=0
| + sb=0 sd=0 mult=1 m=1
| XM_MIR2 EA_OUT EA_D1 AMP_ENN 0 sky130_fd_pr__nfet_g5v0d10v5 L=4 W=10 nf=2 ad=1.45 as=2.9 pd=10.58 ps=21.16 nrd=0.029 nrs=0.029
| + sa=0 sb=0 sd=0 mult=1 m=1
| XM_ENN2 AMP_ENN EN 0 0 sky130_fd_pr__nfet_g5v0d10v5 L=0.5 W=10 nf=1 ad=2.9 as=2.9 pd=20.58 ps=20.58 nrd=0.029 nrs=0.029 sa=0 sb=0
| + sd=0 mult=1 m=1
| XM_ENP EA_OUT EN VIN VIN sky130_fd_pr__pfet_g5v0d10v5 L=0.5 W=10 nf=1 ad=2.9 as=2.9 pd=20.58 ps=20.58 nrd=0.029 nrs=0.029 sa=0
| + sb=0 sd=0 mult=1 m=1
| XM_MIR3 EA_D2 EA_D2 AMP_ENN 0 sky130_fd_pr__nfet_g5v0d10v5 L=4 W=10 nf=2 ad=1.45 as=2.9 pd=10.58 ps=21.16 nrd=0.029 nrs=0.029 sa=0
| + sb=0 sd=0 mult=1 m=1
| XM_MIR4 PB EA_D2 AMP_ENN 0 sky130_fd_pr__nfet_g5v0d10v5 L=4 W=10 nf=2 ad=1.45 as=2.9 pd=10.58 ps=21.16 nrd=0.029 nrs=0.029 sa=0
| + sb=0 sd=0 mult=1 m=1
| XM_MIRP1 PB PB VIN VIN sky130_fd_pr__pfet_g5v0d10v5 L=4 W=20 nf=4 ad=2.9 as=4.35 pd=21.16 ps=31.74 nrd=0.0145 nrs=0.0145 sa=0 sb=0
| + sd=0 mult=1 m=1
| XM_MIRP2 EA_OUT PB VIN VIN sky130_fd_pr__pfet_g5v0d10v5 L=4 W=20 nf=4 ad=2.9 as=4.35 pd=21.16 ps=31.74 nrd=0.0145 nrs=0.0145 sa=0
| + sb=0 sd=0 mult=1 m=1
| XM_ENP5 PB EN VIN VIN sky130_fd_pr__pfet_g5v0d10v5 L=0.5 W=2 nf=1 ad=0.58 as=0.58 pd=4.58 ps=4.58 nrd=0.145 nrs=0.145 sa=0 sb=0
| + sd=0 mult=1 m=1
| XM_PASS VOUT EA_OUT VIN VIN sky130_fd_pr__pfet_g5v0d10v5 L=0.5 W=100 nf=25 ad=15.08 as=15.08 pd=111.54 ps=111.54 nrd=0.0029
| + nrs=0.0029 sa=0 sb=0 sd=0 mult=25 m=25
| C_COMP VOUT EA_CZ 150p m=1
| XR_CZ EA_CZ EA_OUT 0 sky130_fd_pr__res_xhigh_po W=0.42 L=52 mult=1 m=1
| XR_FB_A VOUT FB 0 sky130_fd_pr__res_xhigh_po W=0.42 L=180 mult=1 m=1
| XR_FB_B FB N_FBB 0 sky130_fd_pr__res_xhigh_po W=0.42 L=180 mult=1 m=1
| XR_FB_C N_FBB 0 0 sky130_fd_pr__res_xhigh_po W=0.42 L=180 mult=1 m=1
| XM_SENSE CL_SNS EA_OUT VIN VIN sky130_fd_pr__pfet_g5v0d10v5 L=0.5 W=0.42 nf=1 ad=0.1218 as=0.1218 pd=1.42 ps=1.42
| + nrd=0.69047619047619 nrs=0.69047619047619 sa=0 sb=0 sd=0 mult=1 m=1
| XM_CLN1 CL_SNS CL_SNS AMP_ENN 0 sky130_fd_pr__nfet_g5v0d10v5 L=1 W=20 nf=1 ad=5.8 as=5.8 pd=40.58 ps=40.58 nrd=0.0145 nrs=0.0145
| + sa=0 sb=0 sd=0 mult=1 m=1
| XM_CLN2 CL_CMP CL_SNS AMP_ENN 0 sky130_fd_pr__nfet_g5v0d10v5 L=1 W=1.6 nf=1 ad=0.464 as=0.464 pd=3.78 ps=3.78 nrd=0.18125
| + nrs=0.18125 sa=0 sb=0 sd=0 mult=1 m=1
| XM_CLP CL_CMP BIASP VIN VIN sky130_fd_pr__pfet_g5v0d10v5 L=1 W=10 nf=2 ad=1.45 as=2.9 pd=10.58 ps=21.16 nrd=0.029 nrs=0.029 sa=0
| + sb=0 sd=0 mult=1 m=1
| XM_CLIM EA_OUT CL_CMP VIN VIN sky130_fd_pr__pfet_g5v0d10v5 L=0.5 W=20 nf=4 ad=2.9 as=4.35 pd=21.16 ps=31.74 nrd=0.0145 nrs=0.0145
| + sa=0 sb=0 sd=0 mult=1 m=1
| XM_ENP3 CL_CMP EN VIN VIN sky130_fd_pr__pfet_g5v0d10v5 L=0.5 W=2 nf=1 ad=0.58 as=0.58 pd=4.58 ps=4.58 nrd=0.145 nrs=0.145 sa=0
| + sb=0 sd=0 mult=1 m=1
| C_CL VIN CL_CMP 1p m=1
| XM_INVP ENB EN VIN VIN sky130_fd_pr__pfet_g5v0d10v5 L=0.5 W=2 nf=1 ad=0.58 as=0.58 pd=4.58 ps=4.58 nrd=0.145 nrs=0.145 sa=0 sb=0
| + sd=0 mult=1 m=1
| XM_INVN ENB EN 0 0 sky130_fd_pr__nfet_g5v0d10v5 L=0.5 W=1 nf=1 ad=0.29 as=0.29 pd=2.58 ps=2.58 nrd=0.29 nrs=0.29 sa=0 sb=0 sd=0
| + mult=1 m=1
| XM_SSDIS SS ENB 0 0 sky130_fd_pr__nfet_g5v0d10v5 L=0.5 W=2 nf=1 ad=0.58 as=0.58 pd=4.58 ps=4.58 nrd=0.145 nrs=0.145 sa=0 sb=0 sd=0
| + mult=1 m=1
| XM_SSCHG SS BIASP VIN VIN sky130_fd_pr__pfet_g5v0d10v5 L=8 W=1 nf=1 ad=0.29 as=0.29 pd=2.58 ps=2.58 nrd=0.29 nrs=0.29 sa=0 sb=0
| + sd=0 mult=1 m=1
| C_SS SS 0 10p m=1
| XM_IN2S EA_D2 SS EA_TAIL VIN sky130_fd_pr__pfet_g5v0d10v5 L=2 W=10 nf=2 ad=1.45 as=2.9 pd=10.58 ps=21.16 nrd=0.029 nrs=0.029 sa=0
| + sb=0 sd=0 mult=1 m=1
| XM_TSPS TS_SNS BIASP VIN VIN sky130_fd_pr__pfet_g5v0d10v5 L=1 W=2.5 nf=1 ad=0.725 as=0.725 pd=5.58 ps=5.58 nrd=0.116 nrs=0.116
| + sa=0 sb=0 sd=0 mult=1 m=1
| XM_TSD1 TS_SNS TS_SNS TS_MID 0 sky130_fd_pr__nfet_g5v0d10v5 L=1 W=80 nf=16 ad=11.6 as=13.05 pd=84.64 ps=95.22 nrd=0.003625
| + nrs=0.003625 sa=0 sb=0 sd=0 mult=1 m=1
| XM_TSD2 TS_MID TS_MID AMP_ENN 0 sky130_fd_pr__nfet_g5v0d10v5 L=1 W=80 nf=16 ad=11.6 as=13.05 pd=84.64 ps=95.22 nrd=0.003625
| + nrs=0.003625 sa=0 sb=0 sd=0 mult=1 m=1
| XM_TSPR TS_REF BIASP VIN VIN sky130_fd_pr__pfet_g5v0d10v5 L=1 W=2.5 nf=1 ad=0.725 as=0.725 pd=5.58 ps=5.58 nrd=0.116 nrs=0.116
| + sa=0 sb=0 sd=0 mult=1 m=1
| XM_TSR1 TS_REF TS_REF AMP_ENN 0 sky130_fd_pr__nfet_g5v0d10v5 L=10 W=2 nf=1 ad=0.58 as=0.58 pd=4.58 ps=4.58 nrd=0.145 nrs=0.145
| + sa=0 sb=0 sd=0 mult=1 m=1
| XM_TCTAIL TC_TAIL NB AMP_ENN 0 sky130_fd_pr__nfet_g5v0d10v5 L=1 W=1 nf=1 ad=0.29 as=0.29 pd=2.58 ps=2.58 nrd=0.29 nrs=0.29 sa=0
| + sb=0 sd=0 mult=1 m=1
| XM_TCN1 TC_D1 TS_SNS TC_TAIL 0 sky130_fd_pr__nfet_g5v0d10v5 L=2 W=10 nf=2 ad=1.45 as=2.9 pd=10.58 ps=21.16 nrd=0.029 nrs=0.029
| + sa=0 sb=0 sd=0 mult=1 m=1
| XM_TCN2 TS_CMP TS_REF TC_TAIL 0 sky130_fd_pr__nfet_g5v0d10v5 L=2 W=10 nf=2 ad=1.45 as=2.9 pd=10.58 ps=21.16 nrd=0.029 nrs=0.029
| + sa=0 sb=0 sd=0 mult=1 m=1
| XM_TCP1 TC_D1 TC_D1 VIN VIN sky130_fd_pr__pfet_g5v0d10v5 L=2 W=10 nf=2 ad=1.45 as=2.9 pd=10.58 ps=21.16 nrd=0.029 nrs=0.029 sa=0
| + sb=0 sd=0 mult=1 m=1
| XM_TCP2 TS_CMP TC_D1 VIN VIN sky130_fd_pr__pfet_g5v0d10v5 L=2 W=10 nf=2 ad=1.45 as=2.9 pd=10.58 ps=21.16 nrd=0.029 nrs=0.029 sa=0
| + sb=0 sd=0 mult=1 m=1
| XM_TSHUT EA_OUT TS_CMP VIN VIN sky130_fd_pr__pfet_g5v0d10v5 L=0.5 W=20 nf=4 ad=2.9 as=4.35 pd=21.16 ps=31.74 nrd=0.0145 nrs=0.0145
| + sa=0 sb=0 sd=0 mult=1 m=1
| XM_TSHYSB TS_HYS BIASP VIN VIN sky130_fd_pr__pfet_g5v0d10v5 L=2 W=1.5 nf=1 ad=0.435 as=0.435 pd=3.58 ps=3.58 nrd=0.193333333333333
| + nrs=0.193333333333333 sa=0 sb=0 sd=0 mult=1 m=1
| XM_TSHYS TS_REF TS_CMP TS_HYS VIN sky130_fd_pr__pfet_g5v0d10v5 L=0.5 W=2 nf=1 ad=0.58 as=0.58 pd=4.58 ps=4.58 nrd=0.145 nrs=0.145
| + sa=0 sb=0 sd=0 mult=1 m=1
| XM_ENP4 TS_CMP EN VIN VIN sky130_fd_pr__pfet_g5v0d10v5 L=0.5 W=2 nf=1 ad=0.58 as=0.58 pd=4.58 ps=4.58 nrd=0.145 nrs=0.145 sa=0
| + sb=0 sd=0 mult=1 m=1
| C_TS VIN TS_CMP 1p m=1
| .ends
| 
| .control
| save all
| * --- leg 1: full cycle -- EN rises at t=100us, block regulates, EN falls at t=2ms ---
| tran 5u 4.5m
| meas tran vpre find v(vout) at=1.9m
| meas tran iq_avg avg i(vvin) from=3.5m to=4.5m
| meas tran iq_worst min i(vvin) from=3.5m to=4.5m
| meas tran vhold find v(vout) at=4m
| * --- leg 2: static disabled state, output free-floating ---
| op
| * --- leg 3: static disabled state, VOUT forced to 0 V (Vin->Vout leakage) ---
| alter rforce = 1m
| op
| * --- leg 4: static disabled state, VOUT held at the 1.8 V nominal output ---
| alter vforce = 1.8
| op
| let meas_iq_shutdown_static_ua = -1e6*op1.i(vvin)
| let meas_iq_shutdown_after_edge_ua = -1e6*tran1.iq_worst
| let meas_iq_shutdown_after_edge_mean_ua = -1e6*tran1.iq_avg
| let meas_leak_vin_vout_ua = 1e6*op2.i(vforce)
| let meas_vout_pre_disable_v = tran1.vpre
| let meas_vout_hold_2ms_v = tran1.vhold
| let meas_vout_disabled_static_v = op1.v(vout)
| let meas_ivout_held_1v8_ua = -1e6*op3.i(vforce)
| print meas_iq_shutdown_static_ua
| print meas_iq_shutdown_after_edge_ua
| print meas_iq_shutdown_after_edge_mean_ua
| print meas_leak_vin_vout_ua
| print meas_vout_pre_disable_v
| print meas_vout_hold_2ms_v
| print meas_vout_disabled_static_v
| print meas_ivout_held_1v8_ua
| quit
| .endc
| .end

# ==== ngspice stdout ====

Note: Compatibility modes selected: hs a


Circuit: * enable-shutdown corner deck -- generated by sim/bin/corner-run.py, do not edit

option SCALE: Scale is set to 1e-06 for instance and model parameters
option SCALE: Scale is set to 1e-06 for instance and model parameters
option SCALE: Scale is set to 1e-06 for instance and model parameters
option SCALE: Scale is set to 1e-06 for instance and model parameters
Doing analysis at TEMP = 125.000000 and TNOM = 27.000000

Using KLU as Direct Linear Solver
 Reference value :  0.00000e+00
 Reference value :  2.00000e-07
 Reference value :  3.20000e-06
 Reference value :  2.14000e-05
 Reference value :  4.14000e-05
 Reference value :  6.14000e-05
 Reference value :  8.14000e-05
 Reference value :  1.00000e-04
 Reference value :  1.00100e-04
 Reference value :  1.00300e-04
 Reference value :  1.00411e-04
 Reference value :  1.00516e-04
 Reference value :  1.00588e-04
 Reference value :  1.00756e-04
 Reference value :  1.00856e-04
 Reference value :  1.00928e-04
 Reference value :  1.00989e-04
 Reference value :  1.01002e-04
 Reference value :  1.01015e-04
 Reference value :  1.01055e-04
 Reference value :  1.01156e-04
 Reference value :  1.01239e-04
 Reference value :  1.01456e-04
 Reference value :  1.03498e-04
 Reference value :  1.13326e-04
 Reference value :  1.28326e-04
 Reference value :  1.38326e-04
 Reference value :  1.48326e-04
 Reference value :  1.58326e-04
 Reference value :  1.68326e-04
 Reference value :  1.83326e-04
 Reference value :  2.03326e-04
 Reference value :  2.23326e-04
 Reference value :  2.38326e-04
 Reference value :  2.53326e-04
 Reference value :  2.78326e-04
 Reference value :  2.93326e-04
 Reference value :  3.08326e-04
 Reference value :  3.28326e-04
 Reference value :  3.43326e-04
 Reference value :  3.63326e-04
 Reference value :  3.83326e-04
 Reference value :  4.03326e-04
 Reference value :  4.23326e-04
 Reference value :  4.43326e-04
 Reference value :  4.63326e-04
 Reference value :  4.83326e-04
 Reference value :  4.98326e-04
 Reference value :  5.13326e-04
 Reference value :  5.28326e-04
 Reference value :  5.48326e-04
 Reference value :  5.63326e-04
 Reference value :  5.78326e-04
 Reference value :  5.98326e-04
 Reference value :  6.13326e-04
 Reference value :  6.33326e-04
 Reference value :  6.53326e-04
 Reference value :  6.73326e-04
 Reference value :  6.88326e-04
 Reference value :  7.08326e-04
 Reference value :  7.28326e-04
 Reference value :  7.48326e-04
 Reference value :  7.68326e-04
 Reference value :  7.88326e-04
 Reference value :  8.03326e-04
 Reference value :  8.23326e-04
 Reference value :  8.38326e-04
 Reference value :  8.58326e-04
 Reference value :  8.78326e-04
 Reference value :  8.98326e-04
 Reference value :  9.18326e-04
 Reference value :  9.38326e-04
 Reference value :  9.58326e-04
 Reference value :  9.78326e-04
 Reference value :  9.93326e-04
 Reference value :  1.00833e-03
 Reference value :  1.02833e-03
 Reference value :  1.05333e-03
 Reference value :  1.07333e-03
 Reference value :  1.09333e-03
 Reference value :  1.11333e-03
 Reference value :  1.13833e-03
 Reference value :  1.15833e-03
 Reference value :  1.17833e-03
 Reference value :  1.19333e-03
 Reference value :  1.20833e-03
 Reference value :  1.22833e-03
 Reference value :  1.24833e-03
 Reference value :  1.26833e-03
 Reference value :  1.28833e-03
 Reference value :  1.30333e-03
 Reference value :  1.31833e-03
 Reference value :  1.33833e-03
 Reference value :  1.35833e-03
 Reference value :  1.38333e-03
 Reference value :  1.40833e-03
 Reference value :  1.43333e-03
 Reference value :  1.45333e-03
 Reference value :  1.47333e-03
 Reference value :  1.49333e-03
 Reference value :  1.50833e-03
 Reference value :  1.52833e-03
 Reference value :  1.54333e-03
 Reference value :  1.55833e-03
 Reference value :  1.57833e-03
 Reference value :  1.59833e-03
 Reference value :  1.61833e-03
 Reference value :  1.63833e-03
 Reference value :  1.66333e-03
 Reference value :  1.68333e-03
 Reference value :  1.70333e-03
 Reference value :  1.72333e-03
 Reference value :  1.74333e-03
 Reference value :  1.75833e-03
 Reference value :  1.77833e-03
 Reference value :  1.79833e-03
 Reference value :  1.81833e-03
 Reference value :  1.83833e-03
 Reference value :  1.86333e-03
 Reference value :  1.88333e-03
 Reference value :  1.90333e-03
 Reference value :  1.92833e-03
 Reference value :  1.95333e-03
 Reference value :  1.97333e-03
 Reference value :  1.99333e-03
 Reference value :  2.00030e-03
 Reference value :  2.00041e-03
 Reference value :  2.00057e-03
 Reference value :  2.00062e-03
 Reference value :  2.00065e-03
 Reference value :  2.00067e-03
 Reference value :  2.00068e-03
 Reference value :  2.00070e-03
 Reference value :  2.00074e-03
 Reference value :  2.00081e-03
 Reference value :  2.00093e-03
 Reference value :  2.00101e-03
 Reference value :  2.00110e-03
 Reference value :  2.00175e-03
 Reference value :  2.00546e-03
 Reference value :  2.01867e-03
 Reference value :  2.03867e-03
 Reference value :  2.06367e-03
 Reference value :  2.08867e-03
 Reference value :  2.10867e-03
 Reference value :  2.12867e-03
 Reference value :  2.14867e-03
 Reference value :  2.17367e-03
 Reference value :  2.19367e-03
 Reference value :  2.21367e-03
 Reference value :  2.23367e-03
 Reference value :  2.25367e-03
 Reference value :  2.27367e-03
 Reference value :  2.29367e-03
 Reference value :  2.31367e-03
 Reference value :  2.33867e-03
 Reference value :  2.35867e-03
 Reference value :  2.37867e-03
 Reference value :  2.39867e-03
 Reference value :  2.41867e-03
 Reference value :  2.43867e-03
 Reference value :  2.45867e-03
 Reference value :  2.47867e-03
 Reference value :  2.49867e-03
 Reference value :  2.51867e-03
 Reference value :  2.53867e-03
 Reference value :  2.55367e-03
 Reference value :  2.57367e-03
 Reference value :  2.59367e-03
 Reference value :  2.61367e-03
 Reference value :  2.63367e-03
 Reference value :  2.65367e-03
 Reference value :  2.67367e-03
 Reference value :  2.69367e-03
 Reference value :  2.71367e-03
 Reference value :  2.73367e-03
 Reference value :  2.74867e-03
 Reference value :  2.76867e-03
 Reference value :  2.78867e-03
 Reference value :  2.80867e-03
 Reference value :  2.82867e-03
 Reference value :  2.84867e-03
 Reference value :  2.86867e-03
 Reference value :  2.88867e-03
 Reference value :  2.90867e-03
 Reference value :  2.92867e-03
 Reference value :  2.94867e-03
 Reference value :  2.97867e-03
 Reference value :  3.00367e-03
 Reference value :  3.02367e-03
 Reference value :  3.04867e-03
 Reference value :  3.07367e-03
 Reference value :  3.10367e-03
 Reference value :  3.12367e-03
 Reference value :  3.14367e-03
 Reference value :  3.16367e-03
 Reference value :  3.18367e-03
 Reference value :  3.20367e-03
 Reference value :  3.22367e-03
 Reference value :  3.23867e-03
 Reference value :  3.25867e-03
 Reference value :  3.27867e-03
 Reference value :  3.29867e-03
 Reference value :  3.31367e-03
 Reference value :  3.33367e-03
 Reference value :  3.35367e-03
 Reference value :  3.37367e-03
 Reference value :  3.39367e-03
 Reference value :  3.41367e-03
 Reference value :  3.43867e-03
 Reference value :  3.45867e-03
 Reference value :  3.47867e-03
 Reference value :  3.49867e-03
 Reference value :  3.51867e-03
 Reference value :  3.53367e-03
 Reference value :  3.55367e-03
 Reference value :  3.56867e-03
 Reference value :  3.58367e-03
 Reference value :  3.59867e-03
 Reference value :  3.61367e-03
 Reference value :  3.62867e-03
 Reference value :  3.64367e-03
 Reference value :  3.66367e-03
 Reference value :  3.68367e-03
 Reference value :  3.70367e-03
 Reference value :  3.72367e-03
 Reference value :  3.74367e-03
 Reference value :  3.76367e-03
 Reference value :  3.78367e-03
 Reference value :  3.80367e-03
 Reference value :  3.82367e-03
 Reference value :  3.83867e-03
 Reference value :  3.85867e-03
 Reference value :  3.87867e-03
 Reference value :  3.89867e-03
 Reference value :  3.91867e-03
 Reference value :  3.93867e-03
 Reference value :  3.95867e-03
 Reference value :  3.97867e-03
 Reference value :  4.00367e-03
 Reference value :  4.01867e-03
 Reference value :  4.03367e-03
 Reference value :  4.04867e-03
 Reference value :  4.06367e-03
 Reference value :  4.07867e-03
 Reference value :  4.09367e-03
 Reference value :  4.10867e-03
 Reference value :  4.12367e-03
 Reference value :  4.13867e-03
 Reference value :  4.15367e-03
 Reference value :  4.17367e-03
 Reference value :  4.18867e-03
 Reference value :  4.20367e-03
 Reference value :  4.21867e-03
 Reference value :  4.23867e-03
 Reference value :  4.25867e-03
 Reference value :  4.27367e-03
 Reference value :  4.29367e-03
 Reference value :  4.31367e-03
 Reference value :  4.33367e-03
 Reference value :  4.35367e-03
 Reference value :  4.37367e-03
 Reference value :  4.39367e-03
 Reference value :  4.41367e-03
 Reference value :  4.43367e-03
 Reference value :  4.44867e-03
 Reference value :  4.46867e-03
 Reference value :  4.48867e-03
No. of Data Rows : 966
vpre                =  1.82033e+00
iq_avg              =  -1.75426e-08 from=  3.50000e-03 to=  4.50000e-03
iq_worst            =  -1.83629e-08 at=  3.50867e-03
vhold               =  1.81916e+00
Doing analysis at TEMP = 125.000000 and TNOM = 27.000000

Using KLU as Direct Linear Solver
 Reference value :  0.00000e+00
No. of Data Rows : 1
Doing analysis at TEMP = 125.000000 and TNOM = 27.000000

Using KLU as Direct Linear Solver
 Reference value :  0.00000e+00
No. of Data Rows : 1
Doing analysis at TEMP = 125.000000 and TNOM = 27.000000

Using KLU as Direct Linear Solver
 Reference value :  0.00000e+00
No. of Data Rows : 1
meas_iq_shutdown_static_ua = 3.738170e-02
meas_iq_shutdown_after_edge_ua = 1.836285e-02
meas_iq_shutdown_after_edge_mean_ua = 1.754265e-02
meas_leak_vin_vout_ua = 3.634401e-02
meas_vout_pre_disable_v = 1.820332e+00
meas_vout_hold_2ms_v = 1.819164e+00
meas_vout_disabled_static_v = 1.033400e-01
meas_ivout_held_1v8_ua = 5.636192e-01
ngspice-46 done

# ==== ngspice stderr ====
Note: Starting dynamic gmin stepping
Note: Dynamic gmin stepping completed
