# corner: ff_125c_2.97v
# process=ff temp=125C supply=2.97V
# ngspice exit: 0
# wall clock: 66.9s (--timeout was 300s)
# result: PASS

# ==== deck (exact input given to ngspice) ====
| * enable-shutdown corner deck -- generated by sim/bin/corner-run.py, do not edit
| * corner: ff_125c_2.97v
| .param vsup=2.97
| .option wnflag=1
| .temp 125
| .lib "/home/ubuntu/.volare/sky130A/libs.tech/combined/sky130.lib.spice" ff
| ** sch_path: sim/enable-shutdown/testbench/tb_enable_shutdown.sch
| **.subckt tb_enable_shutdown
| VVIN VIN 0 'vsup'
| .save i(vvin)
| VEN EN 0 dc 0 pwl(0 0 100u 0 101u 'vsup' 2m 'vsup' 2.001m 0 10 0)
| .save i(ven)
| VVREF VREF 0 1.2
| .save i(vvref)
| xldo VOUT VREF EN VIN ldo_3v3in_1v8out
| COUT VOUT VESR 1u m=1
| RESR VESR 0 10m m=1
| RLOAD VOUT 0 1e12 m=1
| RFORCE VOUT VF 1e12 m=1
| VFORCE VF 0 0
| .save i(vforce)
| **.ends
| 
| * expanding   symbol:  design/ldo_3v3in_1v8out.sym # of pins=4
| ** sym_path: design/ldo_3v3in_1v8out.sym
| ** sch_path: design/ldo_3v3in_1v8out.sch
| .subckt ldo_3v3in_1v8out VOUT VREF EN VIN
| *.ipin VIN
| *.ipin EN
| *.ipin VREF
| *.opin VOUT
| XR_BIAS VIN NB 0 sky130_fd_pr__res_high_po W=0.42 L=1500 mult=1 m=1
| XM_BIASN1 NB NB BIAS_ENN 0 sky130_fd_pr__nfet_g5v0d10v5 L=1 W=4 nf=1 ad=1.16 as=1.16 pd=8.58 ps=8.58 nrd=0.0725 nrs=0.0725 sa=0
| + sb=0 sd=0 mult=1 m=1
| XM_ENN BIAS_ENN EN 0 0 sky130_fd_pr__nfet_g5v0d10v5 L=0.5 W=10 nf=1 ad=2.9 as=2.9 pd=20.58 ps=20.58 nrd=0.029 nrs=0.029 sa=0 sb=0
| + sd=0 mult=1 m=1
| XM_BIASN2 BIASP NB BIAS_ENN 0 sky130_fd_pr__nfet_g5v0d10v5 L=1 W=4 nf=1 ad=1.16 as=1.16 pd=8.58 ps=8.58 nrd=0.0725 nrs=0.0725 sa=0
| + sb=0 sd=0 mult=1 m=1
| XM_BIASP1 BIASP BIASP VIN VIN sky130_fd_pr__pfet_g5v0d10v5 L=1 W=10 nf=2 ad=1.45 as=2.9 pd=10.58 ps=21.16 nrd=0.029 nrs=0.029 sa=0
| + sb=0 sd=0 mult=1 m=1
| XM_ENP2 BIASP EN VIN VIN sky130_fd_pr__pfet_g5v0d10v5 L=0.5 W=10 nf=1 ad=2.9 as=2.9 pd=20.58 ps=20.58 nrd=0.029 nrs=0.029 sa=0
| + sb=0 sd=0 mult=1 m=1
| XM_TAIL EA_TAIL BIASP VIN VIN sky130_fd_pr__pfet_g5v0d10v5 L=2 W=40 nf=8 ad=5.8 as=7.25 pd=42.32 ps=52.9 nrd=0.00725 nrs=0.00725
| + sa=0 sb=0 sd=0 mult=1 m=1
| XM_IN1 EA_D1 FB EA_TAIL VIN sky130_fd_pr__pfet_g5v0d10v5 L=2 W=10 nf=2 ad=1.45 as=2.9 pd=10.58 ps=21.16 nrd=0.029 nrs=0.029 sa=0
| + sb=0 sd=0 mult=1 m=1
| XM_IN2 EA_D2 VREF EA_TAIL VIN sky130_fd_pr__pfet_g5v0d10v5 L=2 W=10 nf=2 ad=1.45 as=2.9 pd=10.58 ps=21.16 nrd=0.029 nrs=0.029 sa=0
| + sb=0 sd=0 mult=1 m=1
| XM_MIR1 EA_D1 EA_D1 AMP_ENN 0 sky130_fd_pr__nfet_g5v0d10v5 L=4 W=10 nf=2 ad=1.45 as=2.9 pd=10.58 ps=21.16 nrd=0.029 nrs=0.029 sa=0
| + sb=0 sd=0 mult=1 m=1
| XM_MIR2 EA_OUT EA_D1 AMP_ENN 0 sky130_fd_pr__nfet_g5v0d10v5 L=4 W=10 nf=2 ad=1.45 as=2.9 pd=10.58 ps=21.16 nrd=0.029 nrs=0.029
| + sa=0 sb=0 sd=0 mult=1 m=1
| XM_ENN2 AMP_ENN EN 0 0 sky130_fd_pr__nfet_g5v0d10v5 L=0.5 W=10 nf=1 ad=2.9 as=2.9 pd=20.58 ps=20.58 nrd=0.029 nrs=0.029 sa=0 sb=0
| + sd=0 mult=1 m=1
| XM_ENP EA_OUT EN VIN VIN sky130_fd_pr__pfet_g5v0d10v5 L=0.5 W=10 nf=1 ad=2.9 as=2.9 pd=20.58 ps=20.58 nrd=0.029 nrs=0.029 sa=0
| + sb=0 sd=0 mult=1 m=1
| XM_MIR3 EA_D2 EA_D2 AMP_ENN 0 sky130_fd_pr__nfet_g5v0d10v5 L=4 W=10 nf=2 ad=1.45 as=2.9 pd=10.58 ps=21.16 nrd=0.029 nrs=0.029 sa=0
| + sb=0 sd=0 mult=1 m=1
| XM_MIR4 PB EA_D2 AMP_ENN 0 sky130_fd_pr__nfet_g5v0d10v5 L=4 W=10 nf=2 ad=1.45 as=2.9 pd=10.58 ps=21.16 nrd=0.029 nrs=0.029 sa=0
| + sb=0 sd=0 mult=1 m=1
| XM_MIRP1 PB PB VIN VIN sky130_fd_pr__pfet_g5v0d10v5 L=4 W=20 nf=4 ad=2.9 as=4.35 pd=21.16 ps=31.74 nrd=0.0145 nrs=0.0145 sa=0 sb=0
| + sd=0 mult=1 m=1
| XM_MIRP2 EA_OUT PB VIN VIN sky130_fd_pr__pfet_g5v0d10v5 L=4 W=20 nf=4 ad=2.9 as=4.35 pd=21.16 ps=31.74 nrd=0.0145 nrs=0.0145 sa=0
| + sb=0 sd=0 mult=1 m=1
| XM_ENP5 PB EN VIN VIN sky130_fd_pr__pfet_g5v0d10v5 L=0.5 W=2 nf=1 ad=0.58 as=0.58 pd=4.58 ps=4.58 nrd=0.145 nrs=0.145 sa=0 sb=0
| + sd=0 mult=1 m=1
| XM_PASS VOUT EA_OUT VIN VIN sky130_fd_pr__pfet_g5v0d10v5 L=0.5 W=100 nf=25 ad=15.08 as=15.08 pd=111.54 ps=111.54 nrd=0.0029
| + nrs=0.0029 sa=0 sb=0 sd=0 mult=25 m=25
| C_COMP VOUT EA_CZ 150p m=1
| XR_CZ EA_CZ EA_OUT 0 sky130_fd_pr__res_xhigh_po W=0.42 L=52 mult=1 m=1
| XR_FB_A VOUT FB 0 sky130_fd_pr__res_xhigh_po W=0.42 L=180 mult=1 m=1
| XR_FB_B FB N_FBB 0 sky130_fd_pr__res_xhigh_po W=0.42 L=180 mult=1 m=1
| XR_FB_C N_FBB 0 0 sky130_fd_pr__res_xhigh_po W=0.42 L=180 mult=1 m=1
| XM_SENSE CL_SNS EA_OUT VIN VIN sky130_fd_pr__pfet_g5v0d10v5 L=0.5 W=0.42 nf=1 ad=0.1218 as=0.1218 pd=1.42 ps=1.42
| + nrd=0.69047619047619 nrs=0.69047619047619 sa=0 sb=0 sd=0 mult=1 m=1
| XM_CLN1 CL_SNS CL_SNS AMP_ENN 0 sky130_fd_pr__nfet_g5v0d10v5 L=1 W=20 nf=1 ad=5.8 as=5.8 pd=40.58 ps=40.58 nrd=0.0145 nrs=0.0145
| + sa=0 sb=0 sd=0 mult=1 m=1
| XM_CLN2 CL_CMP CL_SNS AMP_ENN 0 sky130_fd_pr__nfet_g5v0d10v5 L=1 W=1.6 nf=1 ad=0.464 as=0.464 pd=3.78 ps=3.78 nrd=0.18125
| + nrs=0.18125 sa=0 sb=0 sd=0 mult=1 m=1
| XM_CLP CL_CMP BIASP VIN VIN sky130_fd_pr__pfet_g5v0d10v5 L=1 W=10 nf=2 ad=1.45 as=2.9 pd=10.58 ps=21.16 nrd=0.029 nrs=0.029 sa=0
| + sb=0 sd=0 mult=1 m=1
| XM_CLIM EA_OUT CL_CMP VIN VIN sky130_fd_pr__pfet_g5v0d10v5 L=0.5 W=20 nf=4 ad=2.9 as=4.35 pd=21.16 ps=31.74 nrd=0.0145 nrs=0.0145
| + sa=0 sb=0 sd=0 mult=1 m=1
| XM_ENP3 CL_CMP EN VIN VIN sky130_fd_pr__pfet_g5v0d10v5 L=0.5 W=2 nf=1 ad=0.58 as=0.58 pd=4.58 ps=4.58 nrd=0.145 nrs=0.145 sa=0
| + sb=0 sd=0 mult=1 m=1
| C_CL VIN CL_CMP 1p m=1
| XM_INVP ENB EN VIN VIN sky130_fd_pr__pfet_g5v0d10v5 L=0.5 W=2 nf=1 ad=0.58 as=0.58 pd=4.58 ps=4.58 nrd=0.145 nrs=0.145 sa=0 sb=0
| + sd=0 mult=1 m=1
| XM_INVN ENB EN 0 0 sky130_fd_pr__nfet_g5v0d10v5 L=0.5 W=1 nf=1 ad=0.29 as=0.29 pd=2.58 ps=2.58 nrd=0.29 nrs=0.29 sa=0 sb=0 sd=0
| + mult=1 m=1
| XM_SSDIS SS ENB 0 0 sky130_fd_pr__nfet_g5v0d10v5 L=0.5 W=2 nf=1 ad=0.58 as=0.58 pd=4.58 ps=4.58 nrd=0.145 nrs=0.145 sa=0 sb=0 sd=0
| + mult=1 m=1
| XM_SSCHG SS BIASP VIN VIN sky130_fd_pr__pfet_g5v0d10v5 L=8 W=1 nf=1 ad=0.29 as=0.29 pd=2.58 ps=2.58 nrd=0.29 nrs=0.29 sa=0 sb=0
| + sd=0 mult=1 m=1
| C_SS SS 0 10p m=1
| XM_IN2S EA_D2 SS EA_TAIL VIN sky130_fd_pr__pfet_g5v0d10v5 L=2 W=10 nf=2 ad=1.45 as=2.9 pd=10.58 ps=21.16 nrd=0.029 nrs=0.029 sa=0
| + sb=0 sd=0 mult=1 m=1
| XM_TSPS TS_SNS BIASP VIN VIN sky130_fd_pr__pfet_g5v0d10v5 L=1 W=2.5 nf=1 ad=0.725 as=0.725 pd=5.58 ps=5.58 nrd=0.116 nrs=0.116
| + sa=0 sb=0 sd=0 mult=1 m=1
| XM_TSD1 TS_SNS TS_SNS TS_MID 0 sky130_fd_pr__nfet_g5v0d10v5 L=1 W=80 nf=16 ad=11.6 as=13.05 pd=84.64 ps=95.22 nrd=0.003625
| + nrs=0.003625 sa=0 sb=0 sd=0 mult=1 m=1
| XM_TSD2 TS_MID TS_MID AMP_ENN 0 sky130_fd_pr__nfet_g5v0d10v5 L=1 W=80 nf=16 ad=11.6 as=13.05 pd=84.64 ps=95.22 nrd=0.003625
| + nrs=0.003625 sa=0 sb=0 sd=0 mult=1 m=1
| XM_TSPR TS_REF BIASP VIN VIN sky130_fd_pr__pfet_g5v0d10v5 L=1 W=2.5 nf=1 ad=0.725 as=0.725 pd=5.58 ps=5.58 nrd=0.116 nrs=0.116
| + sa=0 sb=0 sd=0 mult=1 m=1
| XM_TSR1 TS_REF TS_REF AMP_ENN 0 sky130_fd_pr__nfet_g5v0d10v5 L=10 W=2 nf=1 ad=0.58 as=0.58 pd=4.58 ps=4.58 nrd=0.145 nrs=0.145
| + sa=0 sb=0 sd=0 mult=1 m=1
| XM_TCTAIL TC_TAIL NB AMP_ENN 0 sky130_fd_pr__nfet_g5v0d10v5 L=1 W=1 nf=1 ad=0.29 as=0.29 pd=2.58 ps=2.58 nrd=0.29 nrs=0.29 sa=0
| + sb=0 sd=0 mult=1 m=1
| XM_TCN1 TC_D1 TS_SNS TC_TAIL 0 sky130_fd_pr__nfet_g5v0d10v5 L=2 W=10 nf=2 ad=1.45 as=2.9 pd=10.58 ps=21.16 nrd=0.029 nrs=0.029
| + sa=0 sb=0 sd=0 mult=1 m=1
| XM_TCN2 TS_CMP TS_REF TC_TAIL 0 sky130_fd_pr__nfet_g5v0d10v5 L=2 W=10 nf=2 ad=1.45 as=2.9 pd=10.58 ps=21.16 nrd=0.029 nrs=0.029
| + sa=0 sb=0 sd=0 mult=1 m=1
| XM_TCP1 TC_D1 TC_D1 VIN VIN sky130_fd_pr__pfet_g5v0d10v5 L=2 W=10 nf=2 ad=1.45 as=2.9 pd=10.58 ps=21.16 nrd=0.029 nrs=0.029 sa=0
| + sb=0 sd=0 mult=1 m=1
| XM_TCP2 TS_CMP TC_D1 VIN VIN sky130_fd_pr__pfet_g5v0d10v5 L=2 W=10 nf=2 ad=1.45 as=2.9 pd=10.58 ps=21.16 nrd=0.029 nrs=0.029 sa=0
| + sb=0 sd=0 mult=1 m=1
| XM_TSHUT EA_OUT TS_CMP VIN VIN sky130_fd_pr__pfet_g5v0d10v5 L=0.5 W=20 nf=4 ad=2.9 as=4.35 pd=21.16 ps=31.74 nrd=0.0145 nrs=0.0145
| + sa=0 sb=0 sd=0 mult=1 m=1
| XM_TSHYSB TS_HYS BIASP VIN VIN sky130_fd_pr__pfet_g5v0d10v5 L=2 W=1.5 nf=1 ad=0.435 as=0.435 pd=3.58 ps=3.58 nrd=0.193333333333333
| + nrs=0.193333333333333 sa=0 sb=0 sd=0 mult=1 m=1
| XM_TSHYS TS_REF TS_CMP TS_HYS VIN sky130_fd_pr__pfet_g5v0d10v5 L=0.5 W=2 nf=1 ad=0.58 as=0.58 pd=4.58 ps=4.58 nrd=0.145 nrs=0.145
| + sa=0 sb=0 sd=0 mult=1 m=1
| XM_ENP4 TS_CMP EN VIN VIN sky130_fd_pr__pfet_g5v0d10v5 L=0.5 W=2 nf=1 ad=0.58 as=0.58 pd=4.58 ps=4.58 nrd=0.145 nrs=0.145 sa=0
| + sb=0 sd=0 mult=1 m=1
| C_TS VIN TS_CMP 1p m=1
| .ends
| 
| .control
| save all
| * --- leg 1: full cycle -- EN rises at t=100us, block regulates, EN falls at t=2ms ---
| tran 5u 4.5m
| meas tran vpre find v(vout) at=1.9m
| meas tran iq_avg avg i(vvin) from=3.5m to=4.5m
| meas tran iq_worst min i(vvin) from=3.5m to=4.5m
| meas tran vhold find v(vout) at=4m
| * --- leg 2: static disabled state, output free-floating ---
| op
| * --- leg 3: static disabled state, VOUT forced to 0 V (Vin->Vout leakage) ---
| alter rforce = 1m
| op
| * --- leg 4: static disabled state, VOUT held at the 1.8 V nominal output ---
| alter vforce = 1.8
| op
| let meas_iq_shutdown_static_ua = -1e6*op1.i(vvin)
| let meas_iq_shutdown_after_edge_ua = -1e6*tran1.iq_worst
| let meas_iq_shutdown_after_edge_mean_ua = -1e6*tran1.iq_avg
| let meas_leak_vin_vout_ua = 1e6*op2.i(vforce)
| let meas_vout_pre_disable_v = tran1.vpre
| let meas_vout_hold_2ms_v = tran1.vhold
| let meas_vout_disabled_static_v = op1.v(vout)
| let meas_ivout_held_1v8_ua = -1e6*op3.i(vforce)
| print meas_iq_shutdown_static_ua
| print meas_iq_shutdown_after_edge_ua
| print meas_iq_shutdown_after_edge_mean_ua
| print meas_leak_vin_vout_ua
| print meas_vout_pre_disable_v
| print meas_vout_hold_2ms_v
| print meas_vout_disabled_static_v
| print meas_ivout_held_1v8_ua
| quit
| .endc
| .end

# ==== ngspice stdout ====

Note: Compatibility modes selected: hs a


Circuit: * enable-shutdown corner deck -- generated by sim/bin/corner-run.py, do not edit

option SCALE: Scale is set to 1e-06 for instance and model parameters
option SCALE: Scale is set to 1e-06 for instance and model parameters
option SCALE: Scale is set to 1e-06 for instance and model parameters
option SCALE: Scale is set to 1e-06 for instance and model parameters
Doing analysis at TEMP = 125.000000 and TNOM = 27.000000

Using KLU as Direct Linear Solver
 Reference value :  0.00000e+00
 Reference value :  4.00000e-07
 Reference value :  6.40000e-06
 Reference value :  2.64000e-05
 Reference value :  4.64000e-05
 Reference value :  6.64000e-05
 Reference value :  8.64000e-05
 Reference value :  1.00100e-04
 Reference value :  1.00411e-04
 Reference value :  1.00516e-04
 Reference value :  1.00588e-04
 Reference value :  1.00759e-04
 Reference value :  1.00866e-04
 Reference value :  1.00933e-04
 Reference value :  1.01007e-04
 Reference value :  1.01050e-04
 Reference value :  1.01114e-04
 Reference value :  1.01358e-04
 Reference value :  1.01657e-04
 Reference value :  1.02867e-04
 Reference value :  1.07919e-04
 Reference value :  1.22112e-04
 Reference value :  1.32112e-04
 Reference value :  1.42112e-04
 Reference value :  1.57112e-04
 Reference value :  1.72112e-04
 Reference value :  1.87112e-04
 Reference value :  2.07112e-04
 Reference value :  2.27112e-04
 Reference value :  2.47112e-04
 Reference value :  2.67112e-04
 Reference value :  2.87112e-04
 Reference value :  3.07112e-04
 Reference value :  3.32112e-04
 Reference value :  3.57112e-04
 Reference value :  3.77112e-04
 Reference value :  4.07112e-04
 Reference value :  4.27112e-04
 Reference value :  4.52112e-04
 Reference value :  4.77112e-04
 Reference value :  5.02112e-04
 Reference value :  5.27112e-04
 Reference value :  5.47112e-04
 Reference value :  5.67112e-04
 Reference value :  5.87112e-04
 Reference value :  6.07112e-04
 Reference value :  6.27112e-04
 Reference value :  6.47112e-04
 Reference value :  6.67112e-04
 Reference value :  6.87112e-04
 Reference value :  7.07112e-04
 Reference value :  7.27112e-04
 Reference value :  7.47112e-04
 Reference value :  7.67112e-04
 Reference value :  7.87112e-04
 Reference value :  8.07112e-04
 Reference value :  8.27112e-04
 Reference value :  8.47112e-04
 Reference value :  8.67112e-04
 Reference value :  8.87112e-04
 Reference value :  9.07112e-04
 Reference value :  9.27112e-04
 Reference value :  9.47112e-04
 Reference value :  9.72112e-04
 Reference value :  9.92112e-04
 Reference value :  1.01211e-03
 Reference value :  1.03211e-03
 Reference value :  1.05211e-03
 Reference value :  1.07211e-03
 Reference value :  1.09211e-03
 Reference value :  1.11211e-03
 Reference value :  1.13211e-03
 Reference value :  1.15711e-03
 Reference value :  1.18711e-03
 Reference value :  1.21711e-03
 Reference value :  1.24711e-03
 Reference value :  1.27711e-03
 Reference value :  1.30711e-03
 Reference value :  1.33711e-03
 Reference value :  1.36711e-03
 Reference value :  1.39211e-03
 Reference value :  1.40711e-03
 Reference value :  1.42211e-03
 Reference value :  1.43711e-03
 Reference value :  1.45711e-03
 Reference value :  1.47211e-03
 Reference value :  1.48711e-03
 Reference value :  1.50211e-03
 Reference value :  1.52711e-03
 Reference value :  1.54711e-03
 Reference value :  1.56711e-03
 Reference value :  1.58711e-03
 Reference value :  1.60711e-03
 Reference value :  1.62711e-03
 Reference value :  1.64711e-03
 Reference value :  1.67211e-03
 Reference value :  1.69211e-03
 Reference value :  1.71211e-03
 Reference value :  1.72711e-03
 Reference value :  1.74711e-03
 Reference value :  1.76711e-03
 Reference value :  1.78711e-03
 Reference value :  1.80711e-03
 Reference value :  1.82711e-03
 Reference value :  1.84711e-03
 Reference value :  1.86711e-03
 Reference value :  1.88711e-03
 Reference value :  1.90711e-03
 Reference value :  1.92711e-03
 Reference value :  1.94711e-03
 Reference value :  1.96711e-03
 Reference value :  1.98711e-03
 Reference value :  2.00010e-03
 Reference value :  2.00030e-03
 Reference value :  2.00041e-03
 Reference value :  2.00048e-03
 Reference value :  2.00053e-03
 Reference value :  2.00063e-03
 Reference value :  2.00066e-03
 Reference value :  2.00068e-03
 Reference value :  2.00072e-03
 Reference value :  2.00078e-03
 Reference value :  2.00091e-03
 Reference value :  2.00103e-03
 Reference value :  2.00127e-03
 Reference value :  2.00288e-03
 Reference value :  2.01079e-03
 Reference value :  2.03079e-03
 Reference value :  2.06079e-03
 Reference value :  2.08579e-03
 Reference value :  2.11579e-03
 Reference value :  2.14579e-03
 Reference value :  2.16579e-03
 Reference value :  2.18579e-03
 Reference value :  2.20579e-03
 Reference value :  2.22579e-03
 Reference value :  2.24579e-03
 Reference value :  2.26579e-03
 Reference value :  2.28579e-03
 Reference value :  2.30579e-03
 Reference value :  2.32579e-03
 Reference value :  2.34579e-03
 Reference value :  2.36579e-03
 Reference value :  2.38579e-03
 Reference value :  2.40579e-03
 Reference value :  2.42579e-03
 Reference value :  2.44579e-03
 Reference value :  2.46079e-03
 Reference value :  2.48079e-03
 Reference value :  2.50079e-03
 Reference value :  2.51579e-03
 Reference value :  2.53079e-03
 Reference value :  2.55079e-03
 Reference value :  2.57079e-03
 Reference value :  2.59079e-03
 Reference value :  2.60579e-03
 Reference value :  2.62579e-03
 Reference value :  2.64579e-03
 Reference value :  2.66579e-03
 Reference value :  2.68579e-03
 Reference value :  2.70579e-03
 Reference value :  2.72579e-03
 Reference value :  2.74579e-03
 Reference value :  2.76579e-03
 Reference value :  2.78579e-03
 Reference value :  2.80579e-03
 Reference value :  2.82579e-03
 Reference value :  2.84579e-03
 Reference value :  2.86079e-03
 Reference value :  2.88079e-03
 Reference value :  2.90079e-03
 Reference value :  2.91579e-03
 Reference value :  2.93079e-03
 Reference value :  2.95079e-03
 Reference value :  2.97579e-03
 Reference value :  2.99079e-03
 Reference value :  3.01079e-03
 Reference value :  3.03079e-03
 Reference value :  3.04579e-03
 Reference value :  3.06579e-03
 Reference value :  3.08579e-03
 Reference value :  3.10579e-03
 Reference value :  3.12579e-03
 Reference value :  3.14579e-03
 Reference value :  3.16079e-03
 Reference value :  3.18079e-03
 Reference value :  3.19579e-03
 Reference value :  3.21579e-03
 Reference value :  3.23079e-03
 Reference value :  3.24579e-03
 Reference value :  3.26079e-03
 Reference value :  3.27579e-03
 Reference value :  3.29579e-03
 Reference value :  3.31579e-03
 Reference value :  3.33579e-03
 Reference value :  3.36079e-03
 Reference value :  3.38079e-03
 Reference value :  3.40579e-03
 Reference value :  3.43079e-03
 Reference value :  3.45579e-03
 Reference value :  3.47579e-03
 Reference value :  3.49579e-03
 Reference value :  3.51579e-03
 Reference value :  3.53079e-03
 Reference value :  3.54579e-03
 Reference value :  3.56079e-03
 Reference value :  3.57579e-03
 Reference value :  3.59079e-03
 Reference value :  3.60579e-03
 Reference value :  3.62079e-03
 Reference value :  3.64079e-03
 Reference value :  3.66079e-03
 Reference value :  3.68079e-03
 Reference value :  3.69579e-03
 Reference value :  3.71579e-03
 Reference value :  3.73579e-03
 Reference value :  3.75579e-03
 Reference value :  3.77079e-03
 Reference value :  3.79079e-03
 Reference value :  3.81079e-03
 Reference value :  3.82579e-03
 Reference value :  3.84579e-03
 Reference value :  3.86079e-03
 Reference value :  3.88579e-03
 Reference value :  3.90579e-03
 Reference value :  3.92079e-03
 Reference value :  3.94079e-03
 Reference value :  3.96079e-03
 Reference value :  3.97579e-03
 Reference value :  3.99579e-03
 Reference value :  4.01079e-03
 Reference value :  4.02579e-03
 Reference value :  4.04079e-03
 Reference value :  4.05579e-03
 Reference value :  4.07579e-03
 Reference value :  4.09079e-03
 Reference value :  4.10579e-03
 Reference value :  4.12579e-03
 Reference value :  4.14579e-03
 Reference value :  4.16079e-03
 Reference value :  4.17579e-03
 Reference value :  4.19079e-03
 Reference value :  4.21079e-03
 Reference value :  4.22579e-03
 Reference value :  4.24579e-03
 Reference value :  4.26079e-03
 Reference value :  4.27579e-03
 Reference value :  4.29579e-03
 Reference value :  4.31579e-03
 Reference value :  4.33079e-03
 Reference value :  4.34579e-03
 Reference value :  4.36079e-03
 Reference value :  4.37579e-03
 Reference value :  4.39079e-03
 Reference value :  4.41079e-03
 Reference value :  4.43079e-03
 Reference value :  4.44579e-03
 Reference value :  4.46579e-03
 Reference value :  4.48579e-03
No. of Data Rows : 965
vpre                =  1.82105e+00
iq_avg              =  -1.52610e-08 from=  3.50000e-03 to=  4.50000e-03
iq_worst            =  -1.56722e-08 at=  3.50579e-03
vhold               =  1.81988e+00
Doing analysis at TEMP = 125.000000 and TNOM = 27.000000

Using KLU as Direct Linear Solver
 Reference value :  0.00000e+00
No. of Data Rows : 1
Doing analysis at TEMP = 125.000000 and TNOM = 27.000000

Using KLU as Direct Linear Solver
 Reference value :  0.00000e+00
No. of Data Rows : 1
Doing analysis at TEMP = 125.000000 and TNOM = 27.000000

Using KLU as Direct Linear Solver
 Reference value :  0.00000e+00
No. of Data Rows : 1
meas_iq_shutdown_static_ua = 3.009951e-02
meas_iq_shutdown_after_edge_ua = 1.567221e-02
meas_iq_shutdown_after_edge_mean_ua = 1.526099e-02
meas_leak_vin_vout_ua = 2.768902e-02
meas_vout_pre_disable_v = 1.821054e+00
meas_vout_hold_2ms_v = 1.819877e+00
meas_vout_disabled_static_v = 8.171912e-02
meas_ivout_held_1v8_ua = 5.655345e-01
ngspice-46 done

# ==== ngspice stderr ====
Note: Starting dynamic gmin stepping
Note: Dynamic gmin stepping completed
Note: Starting dynamic gmin stepping
Note: Dynamic gmin stepping completed
Note: Starting dynamic gmin stepping
Note: Dynamic gmin stepping completed
Note: Starting dynamic gmin stepping
Note: Dynamic gmin stepping completed
