# corner: ff_27c_2.97v
# process=ff temp=27C supply=2.97V
# ngspice exit: 0
# wall clock: 59.1s (--timeout was 300s)
# result: PASS

# ==== deck (exact input given to ngspice) ====
| * enable-shutdown corner deck -- generated by sim/bin/corner-run.py, do not edit
| * corner: ff_27c_2.97v
| .param vsup=2.97
| .option wnflag=1
| .temp 27
| .lib "/home/ubuntu/.volare/sky130A/libs.tech/combined/sky130.lib.spice" ff
| ** sch_path: sim/enable-shutdown/testbench/tb_enable_shutdown.sch
| **.subckt tb_enable_shutdown
| VVIN VIN 0 'vsup'
| .save i(vvin)
| VEN EN 0 dc 0 pwl(0 0 100u 0 101u 'vsup' 2m 'vsup' 2.001m 0 10 0)
| .save i(ven)
| VVREF VREF 0 1.2
| .save i(vvref)
| xldo VOUT VREF EN VIN ldo_3v3in_1v8out
| COUT VOUT VESR 1u m=1
| RESR VESR 0 10m m=1
| RLOAD VOUT 0 1e12 m=1
| RFORCE VOUT VF 1e12 m=1
| VFORCE VF 0 0
| .save i(vforce)
| **.ends
| 
| * expanding   symbol:  design/ldo_3v3in_1v8out.sym # of pins=4
| ** sym_path: design/ldo_3v3in_1v8out.sym
| ** sch_path: design/ldo_3v3in_1v8out.sch
| .subckt ldo_3v3in_1v8out VOUT VREF EN VIN
| *.ipin VIN
| *.ipin EN
| *.ipin VREF
| *.opin VOUT
| XR_BIAS VIN NB 0 sky130_fd_pr__res_high_po W=0.42 L=1500 mult=1 m=1
| XM_BIASN1 NB NB BIAS_ENN 0 sky130_fd_pr__nfet_g5v0d10v5 L=1 W=4 nf=1 ad=1.16 as=1.16 pd=8.58 ps=8.58 nrd=0.0725 nrs=0.0725 sa=0
| + sb=0 sd=0 mult=1 m=1
| XM_ENN BIAS_ENN EN 0 0 sky130_fd_pr__nfet_g5v0d10v5 L=0.5 W=10 nf=1 ad=2.9 as=2.9 pd=20.58 ps=20.58 nrd=0.029 nrs=0.029 sa=0 sb=0
| + sd=0 mult=1 m=1
| XM_BIASN2 BIASP NB BIAS_ENN 0 sky130_fd_pr__nfet_g5v0d10v5 L=1 W=4 nf=1 ad=1.16 as=1.16 pd=8.58 ps=8.58 nrd=0.0725 nrs=0.0725 sa=0
| + sb=0 sd=0 mult=1 m=1
| XM_BIASP1 BIASP BIASP VIN VIN sky130_fd_pr__pfet_g5v0d10v5 L=1 W=10 nf=2 ad=1.45 as=2.9 pd=10.58 ps=21.16 nrd=0.029 nrs=0.029 sa=0
| + sb=0 sd=0 mult=1 m=1
| XM_ENP2 BIASP EN VIN VIN sky130_fd_pr__pfet_g5v0d10v5 L=0.5 W=10 nf=1 ad=2.9 as=2.9 pd=20.58 ps=20.58 nrd=0.029 nrs=0.029 sa=0
| + sb=0 sd=0 mult=1 m=1
| XM_TAIL EA_TAIL BIASP VIN VIN sky130_fd_pr__pfet_g5v0d10v5 L=2 W=40 nf=8 ad=5.8 as=7.25 pd=42.32 ps=52.9 nrd=0.00725 nrs=0.00725
| + sa=0 sb=0 sd=0 mult=1 m=1
| XM_IN1 EA_D1 FB EA_TAIL VIN sky130_fd_pr__pfet_g5v0d10v5 L=2 W=10 nf=2 ad=1.45 as=2.9 pd=10.58 ps=21.16 nrd=0.029 nrs=0.029 sa=0
| + sb=0 sd=0 mult=1 m=1
| XM_IN2 EA_D2 VREF EA_TAIL VIN sky130_fd_pr__pfet_g5v0d10v5 L=2 W=10 nf=2 ad=1.45 as=2.9 pd=10.58 ps=21.16 nrd=0.029 nrs=0.029 sa=0
| + sb=0 sd=0 mult=1 m=1
| XM_MIR1 EA_D1 EA_D1 AMP_ENN 0 sky130_fd_pr__nfet_g5v0d10v5 L=4 W=10 nf=2 ad=1.45 as=2.9 pd=10.58 ps=21.16 nrd=0.029 nrs=0.029 sa=0
| + sb=0 sd=0 mult=1 m=1
| XM_MIR2 EA_OUT EA_D1 AMP_ENN 0 sky130_fd_pr__nfet_g5v0d10v5 L=4 W=10 nf=2 ad=1.45 as=2.9 pd=10.58 ps=21.16 nrd=0.029 nrs=0.029
| + sa=0 sb=0 sd=0 mult=1 m=1
| XM_ENN2 AMP_ENN EN 0 0 sky130_fd_pr__nfet_g5v0d10v5 L=0.5 W=10 nf=1 ad=2.9 as=2.9 pd=20.58 ps=20.58 nrd=0.029 nrs=0.029 sa=0 sb=0
| + sd=0 mult=1 m=1
| XM_ENP EA_OUT EN VIN VIN sky130_fd_pr__pfet_g5v0d10v5 L=0.5 W=10 nf=1 ad=2.9 as=2.9 pd=20.58 ps=20.58 nrd=0.029 nrs=0.029 sa=0
| + sb=0 sd=0 mult=1 m=1
| XM_MIR3 EA_D2 EA_D2 AMP_ENN 0 sky130_fd_pr__nfet_g5v0d10v5 L=4 W=10 nf=2 ad=1.45 as=2.9 pd=10.58 ps=21.16 nrd=0.029 nrs=0.029 sa=0
| + sb=0 sd=0 mult=1 m=1
| XM_MIR4 PB EA_D2 AMP_ENN 0 sky130_fd_pr__nfet_g5v0d10v5 L=4 W=10 nf=2 ad=1.45 as=2.9 pd=10.58 ps=21.16 nrd=0.029 nrs=0.029 sa=0
| + sb=0 sd=0 mult=1 m=1
| XM_MIRP1 PB PB VIN VIN sky130_fd_pr__pfet_g5v0d10v5 L=4 W=20 nf=4 ad=2.9 as=4.35 pd=21.16 ps=31.74 nrd=0.0145 nrs=0.0145 sa=0 sb=0
| + sd=0 mult=1 m=1
| XM_MIRP2 EA_OUT PB VIN VIN sky130_fd_pr__pfet_g5v0d10v5 L=4 W=20 nf=4 ad=2.9 as=4.35 pd=21.16 ps=31.74 nrd=0.0145 nrs=0.0145 sa=0
| + sb=0 sd=0 mult=1 m=1
| XM_ENP5 PB EN VIN VIN sky130_fd_pr__pfet_g5v0d10v5 L=0.5 W=2 nf=1 ad=0.58 as=0.58 pd=4.58 ps=4.58 nrd=0.145 nrs=0.145 sa=0 sb=0
| + sd=0 mult=1 m=1
| XM_PASS VOUT EA_OUT VIN VIN sky130_fd_pr__pfet_g5v0d10v5 L=0.5 W=100 nf=25 ad=15.08 as=15.08 pd=111.54 ps=111.54 nrd=0.0029
| + nrs=0.0029 sa=0 sb=0 sd=0 mult=25 m=25
| C_COMP VOUT EA_CZ 150p m=1
| XR_CZ EA_CZ EA_OUT 0 sky130_fd_pr__res_xhigh_po W=0.42 L=52 mult=1 m=1
| XR_FB_A VOUT FB 0 sky130_fd_pr__res_xhigh_po W=0.42 L=180 mult=1 m=1
| XR_FB_B FB N_FBB 0 sky130_fd_pr__res_xhigh_po W=0.42 L=180 mult=1 m=1
| XR_FB_C N_FBB 0 0 sky130_fd_pr__res_xhigh_po W=0.42 L=180 mult=1 m=1
| XM_SENSE CL_SNS EA_OUT VIN VIN sky130_fd_pr__pfet_g5v0d10v5 L=0.5 W=0.42 nf=1 ad=0.1218 as=0.1218 pd=1.42 ps=1.42
| + nrd=0.69047619047619 nrs=0.69047619047619 sa=0 sb=0 sd=0 mult=1 m=1
| XM_CLN1 CL_SNS CL_SNS AMP_ENN 0 sky130_fd_pr__nfet_g5v0d10v5 L=1 W=20 nf=1 ad=5.8 as=5.8 pd=40.58 ps=40.58 nrd=0.0145 nrs=0.0145
| + sa=0 sb=0 sd=0 mult=1 m=1
| XM_CLN2 CL_CMP CL_SNS AMP_ENN 0 sky130_fd_pr__nfet_g5v0d10v5 L=1 W=1.6 nf=1 ad=0.464 as=0.464 pd=3.78 ps=3.78 nrd=0.18125
| + nrs=0.18125 sa=0 sb=0 sd=0 mult=1 m=1
| XM_CLP CL_CMP BIASP VIN VIN sky130_fd_pr__pfet_g5v0d10v5 L=1 W=10 nf=2 ad=1.45 as=2.9 pd=10.58 ps=21.16 nrd=0.029 nrs=0.029 sa=0
| + sb=0 sd=0 mult=1 m=1
| XM_CLIM EA_OUT CL_CMP VIN VIN sky130_fd_pr__pfet_g5v0d10v5 L=0.5 W=20 nf=4 ad=2.9 as=4.35 pd=21.16 ps=31.74 nrd=0.0145 nrs=0.0145
| + sa=0 sb=0 sd=0 mult=1 m=1
| XM_ENP3 CL_CMP EN VIN VIN sky130_fd_pr__pfet_g5v0d10v5 L=0.5 W=2 nf=1 ad=0.58 as=0.58 pd=4.58 ps=4.58 nrd=0.145 nrs=0.145 sa=0
| + sb=0 sd=0 mult=1 m=1
| C_CL VIN CL_CMP 1p m=1
| XM_INVP ENB EN VIN VIN sky130_fd_pr__pfet_g5v0d10v5 L=0.5 W=2 nf=1 ad=0.58 as=0.58 pd=4.58 ps=4.58 nrd=0.145 nrs=0.145 sa=0 sb=0
| + sd=0 mult=1 m=1
| XM_INVN ENB EN 0 0 sky130_fd_pr__nfet_g5v0d10v5 L=0.5 W=1 nf=1 ad=0.29 as=0.29 pd=2.58 ps=2.58 nrd=0.29 nrs=0.29 sa=0 sb=0 sd=0
| + mult=1 m=1
| XM_SSDIS SS ENB 0 0 sky130_fd_pr__nfet_g5v0d10v5 L=0.5 W=2 nf=1 ad=0.58 as=0.58 pd=4.58 ps=4.58 nrd=0.145 nrs=0.145 sa=0 sb=0 sd=0
| + mult=1 m=1
| XM_SSCHG SS BIASP VIN VIN sky130_fd_pr__pfet_g5v0d10v5 L=8 W=1 nf=1 ad=0.29 as=0.29 pd=2.58 ps=2.58 nrd=0.29 nrs=0.29 sa=0 sb=0
| + sd=0 mult=1 m=1
| C_SS SS 0 10p m=1
| XM_IN2S EA_D2 SS EA_TAIL VIN sky130_fd_pr__pfet_g5v0d10v5 L=2 W=10 nf=2 ad=1.45 as=2.9 pd=10.58 ps=21.16 nrd=0.029 nrs=0.029 sa=0
| + sb=0 sd=0 mult=1 m=1
| XM_TSPS TS_SNS BIASP VIN VIN sky130_fd_pr__pfet_g5v0d10v5 L=1 W=2.5 nf=1 ad=0.725 as=0.725 pd=5.58 ps=5.58 nrd=0.116 nrs=0.116
| + sa=0 sb=0 sd=0 mult=1 m=1
| XM_TSD1 TS_SNS TS_SNS TS_MID 0 sky130_fd_pr__nfet_g5v0d10v5 L=1 W=80 nf=16 ad=11.6 as=13.05 pd=84.64 ps=95.22 nrd=0.003625
| + nrs=0.003625 sa=0 sb=0 sd=0 mult=1 m=1
| XM_TSD2 TS_MID TS_MID AMP_ENN 0 sky130_fd_pr__nfet_g5v0d10v5 L=1 W=80 nf=16 ad=11.6 as=13.05 pd=84.64 ps=95.22 nrd=0.003625
| + nrs=0.003625 sa=0 sb=0 sd=0 mult=1 m=1
| XM_TSPR TS_REF BIASP VIN VIN sky130_fd_pr__pfet_g5v0d10v5 L=1 W=2.5 nf=1 ad=0.725 as=0.725 pd=5.58 ps=5.58 nrd=0.116 nrs=0.116
| + sa=0 sb=0 sd=0 mult=1 m=1
| XM_TSR1 TS_REF TS_REF AMP_ENN 0 sky130_fd_pr__nfet_g5v0d10v5 L=10 W=2 nf=1 ad=0.58 as=0.58 pd=4.58 ps=4.58 nrd=0.145 nrs=0.145
| + sa=0 sb=0 sd=0 mult=1 m=1
| XM_TCTAIL TC_TAIL NB AMP_ENN 0 sky130_fd_pr__nfet_g5v0d10v5 L=1 W=1 nf=1 ad=0.29 as=0.29 pd=2.58 ps=2.58 nrd=0.29 nrs=0.29 sa=0
| + sb=0 sd=0 mult=1 m=1
| XM_TCN1 TC_D1 TS_SNS TC_TAIL 0 sky130_fd_pr__nfet_g5v0d10v5 L=2 W=10 nf=2 ad=1.45 as=2.9 pd=10.58 ps=21.16 nrd=0.029 nrs=0.029
| + sa=0 sb=0 sd=0 mult=1 m=1
| XM_TCN2 TS_CMP TS_REF TC_TAIL 0 sky130_fd_pr__nfet_g5v0d10v5 L=2 W=10 nf=2 ad=1.45 as=2.9 pd=10.58 ps=21.16 nrd=0.029 nrs=0.029
| + sa=0 sb=0 sd=0 mult=1 m=1
| XM_TCP1 TC_D1 TC_D1 VIN VIN sky130_fd_pr__pfet_g5v0d10v5 L=2 W=10 nf=2 ad=1.45 as=2.9 pd=10.58 ps=21.16 nrd=0.029 nrs=0.029 sa=0
| + sb=0 sd=0 mult=1 m=1
| XM_TCP2 TS_CMP TC_D1 VIN VIN sky130_fd_pr__pfet_g5v0d10v5 L=2 W=10 nf=2 ad=1.45 as=2.9 pd=10.58 ps=21.16 nrd=0.029 nrs=0.029 sa=0
| + sb=0 sd=0 mult=1 m=1
| XM_TSHUT EA_OUT TS_CMP VIN VIN sky130_fd_pr__pfet_g5v0d10v5 L=0.5 W=20 nf=4 ad=2.9 as=4.35 pd=21.16 ps=31.74 nrd=0.0145 nrs=0.0145
| + sa=0 sb=0 sd=0 mult=1 m=1
| XM_TSHYSB TS_HYS BIASP VIN VIN sky130_fd_pr__pfet_g5v0d10v5 L=2 W=1.5 nf=1 ad=0.435 as=0.435 pd=3.58 ps=3.58 nrd=0.193333333333333
| + nrs=0.193333333333333 sa=0 sb=0 sd=0 mult=1 m=1
| XM_TSHYS TS_REF TS_CMP TS_HYS VIN sky130_fd_pr__pfet_g5v0d10v5 L=0.5 W=2 nf=1 ad=0.58 as=0.58 pd=4.58 ps=4.58 nrd=0.145 nrs=0.145
| + sa=0 sb=0 sd=0 mult=1 m=1
| XM_ENP4 TS_CMP EN VIN VIN sky130_fd_pr__pfet_g5v0d10v5 L=0.5 W=2 nf=1 ad=0.58 as=0.58 pd=4.58 ps=4.58 nrd=0.145 nrs=0.145 sa=0
| + sb=0 sd=0 mult=1 m=1
| C_TS VIN TS_CMP 1p m=1
| .ends
| 
| .control
| save all
| * --- leg 1: full cycle -- EN rises at t=100us, block regulates, EN falls at t=2ms ---
| tran 5u 4.5m
| meas tran vpre find v(vout) at=1.9m
| meas tran iq_avg avg i(vvin) from=3.5m to=4.5m
| meas tran iq_worst min i(vvin) from=3.5m to=4.5m
| meas tran vhold find v(vout) at=4m
| * --- leg 2: static disabled state, output free-floating ---
| op
| * --- leg 3: static disabled state, VOUT forced to 0 V (Vin->Vout leakage) ---
| alter rforce = 1m
| op
| * --- leg 4: static disabled state, VOUT held at the 1.8 V nominal output ---
| alter vforce = 1.8
| op
| let meas_iq_shutdown_static_ua = -1e6*op1.i(vvin)
| let meas_iq_shutdown_after_edge_ua = -1e6*tran1.iq_worst
| let meas_iq_shutdown_after_edge_mean_ua = -1e6*tran1.iq_avg
| let meas_leak_vin_vout_ua = 1e6*op2.i(vforce)
| let meas_vout_pre_disable_v = tran1.vpre
| let meas_vout_hold_2ms_v = tran1.vhold
| let meas_vout_disabled_static_v = op1.v(vout)
| let meas_ivout_held_1v8_ua = -1e6*op3.i(vforce)
| print meas_iq_shutdown_static_ua
| print meas_iq_shutdown_after_edge_ua
| print meas_iq_shutdown_after_edge_mean_ua
| print meas_leak_vin_vout_ua
| print meas_vout_pre_disable_v
| print meas_vout_hold_2ms_v
| print meas_vout_disabled_static_v
| print meas_ivout_held_1v8_ua
| quit
| .endc
| .end

# ==== ngspice stdout ====

Note: Compatibility modes selected: hs a


Circuit: * enable-shutdown corner deck -- generated by sim/bin/corner-run.py, do not edit

option SCALE: Scale is set to 1e-06 for instance and model parameters
option SCALE: Scale is set to 1e-06 for instance and model parameters
option SCALE: Scale is set to 1e-06 for instance and model parameters
option SCALE: Scale is set to 1e-06 for instance and model parameters
Doing analysis at TEMP = 27.000000 and TNOM = 27.000000

Using KLU as Direct Linear Solver
 Reference value :  0.00000e+00
 Reference value :  4.00000e-07
 Reference value :  3.20000e-06
 Reference value :  2.14000e-05
 Reference value :  4.14000e-05
 Reference value :  5.64000e-05
 Reference value :  7.14000e-05
 Reference value :  8.64000e-05
 Reference value :  1.00000e-04
 Reference value :  1.00300e-04
 Reference value :  1.00411e-04
 Reference value :  1.00590e-04
 Reference value :  1.00736e-04
 Reference value :  1.00810e-04
 Reference value :  1.00872e-04
 Reference value :  1.00911e-04
 Reference value :  1.00955e-04
 Reference value :  1.00995e-04
 Reference value :  1.01004e-04
 Reference value :  1.01029e-04
 Reference value :  1.01255e-04
 Reference value :  1.01748e-04
 Reference value :  1.06067e-04
 Reference value :  1.20602e-04
 Reference value :  1.30602e-04
 Reference value :  1.40602e-04
 Reference value :  1.50602e-04
 Reference value :  1.60602e-04
 Reference value :  1.75602e-04
 Reference value :  1.90602e-04
 Reference value :  2.10602e-04
 Reference value :  2.25602e-04
 Reference value :  2.40602e-04
 Reference value :  2.55602e-04
 Reference value :  2.75602e-04
 Reference value :  2.95602e-04
 Reference value :  3.10602e-04
 Reference value :  3.30602e-04
 Reference value :  3.50602e-04
 Reference value :  3.70602e-04
 Reference value :  3.90602e-04
 Reference value :  4.10602e-04
 Reference value :  4.30602e-04
 Reference value :  4.50602e-04
 Reference value :  4.75602e-04
 Reference value :  5.00602e-04
 Reference value :  5.25602e-04
 Reference value :  5.50602e-04
 Reference value :  5.70602e-04
 Reference value :  5.90602e-04
 Reference value :  6.10602e-04
 Reference value :  6.30602e-04
 Reference value :  6.50602e-04
 Reference value :  6.65602e-04
 Reference value :  6.80602e-04
 Reference value :  6.95602e-04
 Reference value :  7.15602e-04
 Reference value :  7.30602e-04
 Reference value :  7.45602e-04
 Reference value :  7.65602e-04
 Reference value :  7.85602e-04
 Reference value :  8.05602e-04
 Reference value :  8.25602e-04
 Reference value :  8.45602e-04
 Reference value :  8.65602e-04
 Reference value :  8.85602e-04
 Reference value :  9.05602e-04
 Reference value :  9.25602e-04
 Reference value :  9.45602e-04
 Reference value :  9.65602e-04
 Reference value :  9.80602e-04
 Reference value :  1.00560e-03
 Reference value :  1.02560e-03
 Reference value :  1.04560e-03
 Reference value :  1.06060e-03
 Reference value :  1.07560e-03
 Reference value :  1.09560e-03
 Reference value :  1.11060e-03
 Reference value :  1.12560e-03
 Reference value :  1.14060e-03
 Reference value :  1.16060e-03
 Reference value :  1.17560e-03
 Reference value :  1.19560e-03
 Reference value :  1.21560e-03
 Reference value :  1.23560e-03
 Reference value :  1.25560e-03
 Reference value :  1.27560e-03
 Reference value :  1.29560e-03
 Reference value :  1.31560e-03
 Reference value :  1.33060e-03
 Reference value :  1.34560e-03
 Reference value :  1.36560e-03
 Reference value :  1.38060e-03
 Reference value :  1.40560e-03
 Reference value :  1.43560e-03
 Reference value :  1.46060e-03
 Reference value :  1.48560e-03
 Reference value :  1.51060e-03
 Reference value :  1.53560e-03
 Reference value :  1.56060e-03
 Reference value :  1.58560e-03
 Reference value :  1.61060e-03
 Reference value :  1.63560e-03
 Reference value :  1.65560e-03
 Reference value :  1.67560e-03
 Reference value :  1.69560e-03
 Reference value :  1.71560e-03
 Reference value :  1.73560e-03
 Reference value :  1.75560e-03
 Reference value :  1.77560e-03
 Reference value :  1.79560e-03
 Reference value :  1.81560e-03
 Reference value :  1.83560e-03
 Reference value :  1.85560e-03
 Reference value :  1.87560e-03
 Reference value :  1.89560e-03
 Reference value :  1.91560e-03
 Reference value :  1.94060e-03
 Reference value :  1.96060e-03
 Reference value :  1.98060e-03
 Reference value :  2.00000e-03
 Reference value :  2.00030e-03
 Reference value :  2.00042e-03
 Reference value :  2.00051e-03
 Reference value :  2.00067e-03
 Reference value :  2.00071e-03
 Reference value :  2.00073e-03
 Reference value :  2.00075e-03
 Reference value :  2.00078e-03
 Reference value :  2.00084e-03
 Reference value :  2.00101e-03
 Reference value :  2.00132e-03
 Reference value :  2.00359e-03
 Reference value :  2.01405e-03
 Reference value :  2.03405e-03
 Reference value :  2.05905e-03
 Reference value :  2.07905e-03
 Reference value :  2.09905e-03
 Reference value :  2.12405e-03
 Reference value :  2.14905e-03
 Reference value :  2.17405e-03
 Reference value :  2.19405e-03
 Reference value :  2.21905e-03
 Reference value :  2.24405e-03
 Reference value :  2.26405e-03
 Reference value :  2.28905e-03
 Reference value :  2.30905e-03
 Reference value :  2.33405e-03
 Reference value :  2.35905e-03
 Reference value :  2.37905e-03
 Reference value :  2.40405e-03
 Reference value :  2.42405e-03
 Reference value :  2.44905e-03
 Reference value :  2.47405e-03
 Reference value :  2.49905e-03
 Reference value :  2.51905e-03
 Reference value :  2.53905e-03
 Reference value :  2.56405e-03
 Reference value :  2.58905e-03
 Reference value :  2.60905e-03
 Reference value :  2.63905e-03
 Reference value :  2.65905e-03
 Reference value :  2.67905e-03
 Reference value :  2.69905e-03
 Reference value :  2.71905e-03
 Reference value :  2.73905e-03
 Reference value :  2.75905e-03
 Reference value :  2.78405e-03
 Reference value :  2.80905e-03
 Reference value :  2.82905e-03
 Reference value :  2.84905e-03
 Reference value :  2.86905e-03
 Reference value :  2.88905e-03
 Reference value :  2.90905e-03
 Reference value :  2.92905e-03
 Reference value :  2.94905e-03
 Reference value :  2.96905e-03
 Reference value :  2.99405e-03
 Reference value :  3.01905e-03
 Reference value :  3.03905e-03
 Reference value :  3.05905e-03
 Reference value :  3.07905e-03
 Reference value :  3.09905e-03
 Reference value :  3.12405e-03
 Reference value :  3.14905e-03
 Reference value :  3.17405e-03
 Reference value :  3.19905e-03
 Reference value :  3.22405e-03
 Reference value :  3.24905e-03
 Reference value :  3.26905e-03
 Reference value :  3.28905e-03
 Reference value :  3.30905e-03
 Reference value :  3.32905e-03
 Reference value :  3.35405e-03
 Reference value :  3.37905e-03
 Reference value :  3.40405e-03
 Reference value :  3.42405e-03
 Reference value :  3.44905e-03
 Reference value :  3.47405e-03
 Reference value :  3.49405e-03
 Reference value :  3.51905e-03
 Reference value :  3.53905e-03
 Reference value :  3.56405e-03
 Reference value :  3.58405e-03
 Reference value :  3.60905e-03
 Reference value :  3.63405e-03
 Reference value :  3.65405e-03
 Reference value :  3.67905e-03
 Reference value :  3.70405e-03
 Reference value :  3.72405e-03
 Reference value :  3.74405e-03
 Reference value :  3.76905e-03
 Reference value :  3.78905e-03
 Reference value :  3.81405e-03
 Reference value :  3.83905e-03
 Reference value :  3.85905e-03
 Reference value :  3.88405e-03
 Reference value :  3.90905e-03
 Reference value :  3.92905e-03
 Reference value :  3.95405e-03
 Reference value :  3.97405e-03
 Reference value :  3.99905e-03
 Reference value :  4.02405e-03
 Reference value :  4.04405e-03
 Reference value :  4.06405e-03
 Reference value :  4.08905e-03
 Reference value :  4.11405e-03
 Reference value :  4.13905e-03
 Reference value :  4.15905e-03
 Reference value :  4.17905e-03
 Reference value :  4.20405e-03
 Reference value :  4.22905e-03
 Reference value :  4.24905e-03
 Reference value :  4.27405e-03
 Reference value :  4.29405e-03
 Reference value :  4.31905e-03
 Reference value :  4.34405e-03
 Reference value :  4.36905e-03
 Reference value :  4.38905e-03
 Reference value :  4.40905e-03
 Reference value :  4.43405e-03
 Reference value :  4.45905e-03
 Reference value :  4.48405e-03
No. of Data Rows : 963
vpre                =  1.81515e+00
iq_avg              =  -2.13844e-10 from=  3.50000e-03 to=  4.50000e-03
iq_worst            =  -1.39438e-09 at=  3.50405e-03
vhold               =  1.81394e+00
Doing analysis at TEMP = 27.000000 and TNOM = 27.000000

Using KLU as Direct Linear Solver
 Reference value :  0.00000e+00
No. of Data Rows : 1
Doing analysis at TEMP = 27.000000 and TNOM = 27.000000

Using KLU as Direct Linear Solver
 Reference value :  0.00000e+00
No. of Data Rows : 1
Doing analysis at TEMP = 27.000000 and TNOM = 27.000000

Using KLU as Direct Linear Solver
 Reference value :  0.00000e+00
No. of Data Rows : 1
meas_iq_shutdown_static_ua = 1.919016e-04
meas_iq_shutdown_after_edge_ua = 1.394376e-03
meas_iq_shutdown_after_edge_mean_ua = 2.138435e-04
meas_leak_vin_vout_ua = 9.513878e-05
meas_vout_pre_disable_v = 1.815145e+00
meas_vout_hold_2ms_v = 1.813941e+00
meas_vout_disabled_static_v = 2.970106e-04
meas_ivout_held_1v8_ua = 5.766467e-01
ngspice-46 done

# ==== ngspice stderr ====
Note: Starting dynamic gmin stepping
Note: Dynamic gmin stepping completed
Note: Starting dynamic gmin stepping
Note: Dynamic gmin stepping completed
Note: Starting dynamic gmin stepping
Note: Dynamic gmin stepping completed
Note: Starting dynamic gmin stepping
Warning: Dynamic gmin stepping failed
Note: Starting true gmin stepping
Note: True gmin stepping completed
