# corner: ff_27c_3.30v
# process=ff temp=27C supply=3.30V
# ngspice exit: 0
# wall clock: 93.2s (--timeout was 300s)
# result: PASS

# ==== deck (exact input given to ngspice) ====
| * enable-shutdown corner deck -- generated by sim/bin/corner-run.py, do not edit
| * corner: ff_27c_3.30v
| .param vsup=3.3
| .option wnflag=1
| .temp 27
| .lib "/home/ubuntu/.volare/sky130A/libs.tech/combined/sky130.lib.spice" ff
| ** sch_path: sim/enable-shutdown/testbench/tb_enable_shutdown.sch
| **.subckt tb_enable_shutdown
| VVIN VIN 0 'vsup'
| .save i(vvin)
| VEN EN 0 dc 0 pwl(0 0 100u 0 101u 'vsup' 2m 'vsup' 2.001m 0 10 0)
| .save i(ven)
| VVREF VREF 0 1.2
| .save i(vvref)
| xldo VOUT VREF EN VIN ldo_3v3in_1v8out
| COUT VOUT VESR 1u m=1
| RESR VESR 0 10m m=1
| RLOAD VOUT 0 1e12 m=1
| RFORCE VOUT VF 1e12 m=1
| VFORCE VF 0 0
| .save i(vforce)
| **.ends
| 
| * expanding   symbol:  design/ldo_3v3in_1v8out.sym # of pins=4
| ** sym_path: design/ldo_3v3in_1v8out.sym
| ** sch_path: design/ldo_3v3in_1v8out.sch
| .subckt ldo_3v3in_1v8out VOUT VREF EN VIN
| *.ipin VIN
| *.ipin EN
| *.ipin VREF
| *.opin VOUT
| XR_BIAS VIN NB 0 sky130_fd_pr__res_high_po W=0.42 L=1500 mult=1 m=1
| XM_BIASN1 NB NB BIAS_ENN 0 sky130_fd_pr__nfet_g5v0d10v5 L=1 W=4 nf=1 ad=1.16 as=1.16 pd=8.58 ps=8.58 nrd=0.0725 nrs=0.0725 sa=0
| + sb=0 sd=0 mult=1 m=1
| XM_ENN BIAS_ENN EN 0 0 sky130_fd_pr__nfet_g5v0d10v5 L=0.5 W=10 nf=1 ad=2.9 as=2.9 pd=20.58 ps=20.58 nrd=0.029 nrs=0.029 sa=0 sb=0
| + sd=0 mult=1 m=1
| XM_BIASN2 BIASP NB BIAS_ENN 0 sky130_fd_pr__nfet_g5v0d10v5 L=1 W=4 nf=1 ad=1.16 as=1.16 pd=8.58 ps=8.58 nrd=0.0725 nrs=0.0725 sa=0
| + sb=0 sd=0 mult=1 m=1
| XM_BIASP1 BIASP BIASP VIN VIN sky130_fd_pr__pfet_g5v0d10v5 L=1 W=10 nf=2 ad=1.45 as=2.9 pd=10.58 ps=21.16 nrd=0.029 nrs=0.029 sa=0
| + sb=0 sd=0 mult=1 m=1
| XM_ENP2 BIASP EN VIN VIN sky130_fd_pr__pfet_g5v0d10v5 L=0.5 W=10 nf=1 ad=2.9 as=2.9 pd=20.58 ps=20.58 nrd=0.029 nrs=0.029 sa=0
| + sb=0 sd=0 mult=1 m=1
| XM_TAIL EA_TAIL BIASP VIN VIN sky130_fd_pr__pfet_g5v0d10v5 L=2 W=40 nf=8 ad=5.8 as=7.25 pd=42.32 ps=52.9 nrd=0.00725 nrs=0.00725
| + sa=0 sb=0 sd=0 mult=1 m=1
| XM_IN1 EA_D1 FB EA_TAIL VIN sky130_fd_pr__pfet_g5v0d10v5 L=2 W=10 nf=2 ad=1.45 as=2.9 pd=10.58 ps=21.16 nrd=0.029 nrs=0.029 sa=0
| + sb=0 sd=0 mult=1 m=1
| XM_IN2 EA_D2 VREF EA_TAIL VIN sky130_fd_pr__pfet_g5v0d10v5 L=2 W=10 nf=2 ad=1.45 as=2.9 pd=10.58 ps=21.16 nrd=0.029 nrs=0.029 sa=0
| + sb=0 sd=0 mult=1 m=1
| XM_MIR1 EA_D1 EA_D1 AMP_ENN 0 sky130_fd_pr__nfet_g5v0d10v5 L=4 W=10 nf=2 ad=1.45 as=2.9 pd=10.58 ps=21.16 nrd=0.029 nrs=0.029 sa=0
| + sb=0 sd=0 mult=1 m=1
| XM_MIR2 EA_OUT EA_D1 AMP_ENN 0 sky130_fd_pr__nfet_g5v0d10v5 L=4 W=10 nf=2 ad=1.45 as=2.9 pd=10.58 ps=21.16 nrd=0.029 nrs=0.029
| + sa=0 sb=0 sd=0 mult=1 m=1
| XM_ENN2 AMP_ENN EN 0 0 sky130_fd_pr__nfet_g5v0d10v5 L=0.5 W=10 nf=1 ad=2.9 as=2.9 pd=20.58 ps=20.58 nrd=0.029 nrs=0.029 sa=0 sb=0
| + sd=0 mult=1 m=1
| XM_ENP EA_OUT EN VIN VIN sky130_fd_pr__pfet_g5v0d10v5 L=0.5 W=10 nf=1 ad=2.9 as=2.9 pd=20.58 ps=20.58 nrd=0.029 nrs=0.029 sa=0
| + sb=0 sd=0 mult=1 m=1
| XM_MIR3 EA_D2 EA_D2 AMP_ENN 0 sky130_fd_pr__nfet_g5v0d10v5 L=4 W=10 nf=2 ad=1.45 as=2.9 pd=10.58 ps=21.16 nrd=0.029 nrs=0.029 sa=0
| + sb=0 sd=0 mult=1 m=1
| XM_MIR4 PB EA_D2 AMP_ENN 0 sky130_fd_pr__nfet_g5v0d10v5 L=4 W=10 nf=2 ad=1.45 as=2.9 pd=10.58 ps=21.16 nrd=0.029 nrs=0.029 sa=0
| + sb=0 sd=0 mult=1 m=1
| XM_MIRP1 PB PB VIN VIN sky130_fd_pr__pfet_g5v0d10v5 L=4 W=20 nf=4 ad=2.9 as=4.35 pd=21.16 ps=31.74 nrd=0.0145 nrs=0.0145 sa=0 sb=0
| + sd=0 mult=1 m=1
| XM_MIRP2 EA_OUT PB VIN VIN sky130_fd_pr__pfet_g5v0d10v5 L=4 W=20 nf=4 ad=2.9 as=4.35 pd=21.16 ps=31.74 nrd=0.0145 nrs=0.0145 sa=0
| + sb=0 sd=0 mult=1 m=1
| XM_ENP5 PB EN VIN VIN sky130_fd_pr__pfet_g5v0d10v5 L=0.5 W=2 nf=1 ad=0.58 as=0.58 pd=4.58 ps=4.58 nrd=0.145 nrs=0.145 sa=0 sb=0
| + sd=0 mult=1 m=1
| XM_PASS VOUT EA_OUT VIN VIN sky130_fd_pr__pfet_g5v0d10v5 L=0.5 W=100 nf=25 ad=15.08 as=15.08 pd=111.54 ps=111.54 nrd=0.0029
| + nrs=0.0029 sa=0 sb=0 sd=0 mult=25 m=25
| C_COMP VOUT EA_CZ 150p m=1
| XR_CZ EA_CZ EA_OUT 0 sky130_fd_pr__res_xhigh_po W=0.42 L=52 mult=1 m=1
| XR_FB_A VOUT FB 0 sky130_fd_pr__res_xhigh_po W=0.42 L=180 mult=1 m=1
| XR_FB_B FB N_FBB 0 sky130_fd_pr__res_xhigh_po W=0.42 L=180 mult=1 m=1
| XR_FB_C N_FBB 0 0 sky130_fd_pr__res_xhigh_po W=0.42 L=180 mult=1 m=1
| XM_SENSE CL_SNS EA_OUT VIN VIN sky130_fd_pr__pfet_g5v0d10v5 L=0.5 W=0.42 nf=1 ad=0.1218 as=0.1218 pd=1.42 ps=1.42
| + nrd=0.69047619047619 nrs=0.69047619047619 sa=0 sb=0 sd=0 mult=1 m=1
| XM_CLN1 CL_SNS CL_SNS AMP_ENN 0 sky130_fd_pr__nfet_g5v0d10v5 L=1 W=20 nf=1 ad=5.8 as=5.8 pd=40.58 ps=40.58 nrd=0.0145 nrs=0.0145
| + sa=0 sb=0 sd=0 mult=1 m=1
| XM_CLN2 CL_CMP CL_SNS AMP_ENN 0 sky130_fd_pr__nfet_g5v0d10v5 L=1 W=1.6 nf=1 ad=0.464 as=0.464 pd=3.78 ps=3.78 nrd=0.18125
| + nrs=0.18125 sa=0 sb=0 sd=0 mult=1 m=1
| XM_CLP CL_CMP BIASP VIN VIN sky130_fd_pr__pfet_g5v0d10v5 L=1 W=10 nf=2 ad=1.45 as=2.9 pd=10.58 ps=21.16 nrd=0.029 nrs=0.029 sa=0
| + sb=0 sd=0 mult=1 m=1
| XM_CLIM EA_OUT CL_CMP VIN VIN sky130_fd_pr__pfet_g5v0d10v5 L=0.5 W=20 nf=4 ad=2.9 as=4.35 pd=21.16 ps=31.74 nrd=0.0145 nrs=0.0145
| + sa=0 sb=0 sd=0 mult=1 m=1
| XM_ENP3 CL_CMP EN VIN VIN sky130_fd_pr__pfet_g5v0d10v5 L=0.5 W=2 nf=1 ad=0.58 as=0.58 pd=4.58 ps=4.58 nrd=0.145 nrs=0.145 sa=0
| + sb=0 sd=0 mult=1 m=1
| C_CL VIN CL_CMP 1p m=1
| XM_INVP ENB EN VIN VIN sky130_fd_pr__pfet_g5v0d10v5 L=0.5 W=2 nf=1 ad=0.58 as=0.58 pd=4.58 ps=4.58 nrd=0.145 nrs=0.145 sa=0 sb=0
| + sd=0 mult=1 m=1
| XM_INVN ENB EN 0 0 sky130_fd_pr__nfet_g5v0d10v5 L=0.5 W=1 nf=1 ad=0.29 as=0.29 pd=2.58 ps=2.58 nrd=0.29 nrs=0.29 sa=0 sb=0 sd=0
| + mult=1 m=1
| XM_SSDIS SS ENB 0 0 sky130_fd_pr__nfet_g5v0d10v5 L=0.5 W=2 nf=1 ad=0.58 as=0.58 pd=4.58 ps=4.58 nrd=0.145 nrs=0.145 sa=0 sb=0 sd=0
| + mult=1 m=1
| XM_SSCHG SS BIASP VIN VIN sky130_fd_pr__pfet_g5v0d10v5 L=8 W=1 nf=1 ad=0.29 as=0.29 pd=2.58 ps=2.58 nrd=0.29 nrs=0.29 sa=0 sb=0
| + sd=0 mult=1 m=1
| C_SS SS 0 10p m=1
| XM_IN2S EA_D2 SS EA_TAIL VIN sky130_fd_pr__pfet_g5v0d10v5 L=2 W=10 nf=2 ad=1.45 as=2.9 pd=10.58 ps=21.16 nrd=0.029 nrs=0.029 sa=0
| + sb=0 sd=0 mult=1 m=1
| XM_TSPS TS_SNS BIASP VIN VIN sky130_fd_pr__pfet_g5v0d10v5 L=1 W=2.5 nf=1 ad=0.725 as=0.725 pd=5.58 ps=5.58 nrd=0.116 nrs=0.116
| + sa=0 sb=0 sd=0 mult=1 m=1
| XM_TSD1 TS_SNS TS_SNS TS_MID 0 sky130_fd_pr__nfet_g5v0d10v5 L=1 W=80 nf=16 ad=11.6 as=13.05 pd=84.64 ps=95.22 nrd=0.003625
| + nrs=0.003625 sa=0 sb=0 sd=0 mult=1 m=1
| XM_TSD2 TS_MID TS_MID AMP_ENN 0 sky130_fd_pr__nfet_g5v0d10v5 L=1 W=80 nf=16 ad=11.6 as=13.05 pd=84.64 ps=95.22 nrd=0.003625
| + nrs=0.003625 sa=0 sb=0 sd=0 mult=1 m=1
| XM_TSPR TS_REF BIASP VIN VIN sky130_fd_pr__pfet_g5v0d10v5 L=1 W=2.5 nf=1 ad=0.725 as=0.725 pd=5.58 ps=5.58 nrd=0.116 nrs=0.116
| + sa=0 sb=0 sd=0 mult=1 m=1
| XM_TSR1 TS_REF TS_REF AMP_ENN 0 sky130_fd_pr__nfet_g5v0d10v5 L=10 W=2 nf=1 ad=0.58 as=0.58 pd=4.58 ps=4.58 nrd=0.145 nrs=0.145
| + sa=0 sb=0 sd=0 mult=1 m=1
| XM_TCTAIL TC_TAIL NB AMP_ENN 0 sky130_fd_pr__nfet_g5v0d10v5 L=1 W=1 nf=1 ad=0.29 as=0.29 pd=2.58 ps=2.58 nrd=0.29 nrs=0.29 sa=0
| + sb=0 sd=0 mult=1 m=1
| XM_TCN1 TC_D1 TS_SNS TC_TAIL 0 sky130_fd_pr__nfet_g5v0d10v5 L=2 W=10 nf=2 ad=1.45 as=2.9 pd=10.58 ps=21.16 nrd=0.029 nrs=0.029
| + sa=0 sb=0 sd=0 mult=1 m=1
| XM_TCN2 TS_CMP TS_REF TC_TAIL 0 sky130_fd_pr__nfet_g5v0d10v5 L=2 W=10 nf=2 ad=1.45 as=2.9 pd=10.58 ps=21.16 nrd=0.029 nrs=0.029
| + sa=0 sb=0 sd=0 mult=1 m=1
| XM_TCP1 TC_D1 TC_D1 VIN VIN sky130_fd_pr__pfet_g5v0d10v5 L=2 W=10 nf=2 ad=1.45 as=2.9 pd=10.58 ps=21.16 nrd=0.029 nrs=0.029 sa=0
| + sb=0 sd=0 mult=1 m=1
| XM_TCP2 TS_CMP TC_D1 VIN VIN sky130_fd_pr__pfet_g5v0d10v5 L=2 W=10 nf=2 ad=1.45 as=2.9 pd=10.58 ps=21.16 nrd=0.029 nrs=0.029 sa=0
| + sb=0 sd=0 mult=1 m=1
| XM_TSHUT EA_OUT TS_CMP VIN VIN sky130_fd_pr__pfet_g5v0d10v5 L=0.5 W=20 nf=4 ad=2.9 as=4.35 pd=21.16 ps=31.74 nrd=0.0145 nrs=0.0145
| + sa=0 sb=0 sd=0 mult=1 m=1
| XM_TSHYSB TS_HYS BIASP VIN VIN sky130_fd_pr__pfet_g5v0d10v5 L=2 W=1.5 nf=1 ad=0.435 as=0.435 pd=3.58 ps=3.58 nrd=0.193333333333333
| + nrs=0.193333333333333 sa=0 sb=0 sd=0 mult=1 m=1
| XM_TSHYS TS_REF TS_CMP TS_HYS VIN sky130_fd_pr__pfet_g5v0d10v5 L=0.5 W=2 nf=1 ad=0.58 as=0.58 pd=4.58 ps=4.58 nrd=0.145 nrs=0.145
| + sa=0 sb=0 sd=0 mult=1 m=1
| XM_ENP4 TS_CMP EN VIN VIN sky130_fd_pr__pfet_g5v0d10v5 L=0.5 W=2 nf=1 ad=0.58 as=0.58 pd=4.58 ps=4.58 nrd=0.145 nrs=0.145 sa=0
| + sb=0 sd=0 mult=1 m=1
| C_TS VIN TS_CMP 1p m=1
| .ends
| 
| .control
| save all
| * --- leg 1: full cycle -- EN rises at t=100us, block regulates, EN falls at t=2ms ---
| tran 5u 4.5m
| meas tran vpre find v(vout) at=1.9m
| meas tran iq_avg avg i(vvin) from=3.5m to=4.5m
| meas tran iq_worst min i(vvin) from=3.5m to=4.5m
| meas tran vhold find v(vout) at=4m
| * --- leg 2: static disabled state, output free-floating ---
| op
| * --- leg 3: static disabled state, VOUT forced to 0 V (Vin->Vout leakage) ---
| alter rforce = 1m
| op
| * --- leg 4: static disabled state, VOUT held at the 1.8 V nominal output ---
| alter vforce = 1.8
| op
| let meas_iq_shutdown_static_ua = -1e6*op1.i(vvin)
| let meas_iq_shutdown_after_edge_ua = -1e6*tran1.iq_worst
| let meas_iq_shutdown_after_edge_mean_ua = -1e6*tran1.iq_avg
| let meas_leak_vin_vout_ua = 1e6*op2.i(vforce)
| let meas_vout_pre_disable_v = tran1.vpre
| let meas_vout_hold_2ms_v = tran1.vhold
| let meas_vout_disabled_static_v = op1.v(vout)
| let meas_ivout_held_1v8_ua = -1e6*op3.i(vforce)
| print meas_iq_shutdown_static_ua
| print meas_iq_shutdown_after_edge_ua
| print meas_iq_shutdown_after_edge_mean_ua
| print meas_leak_vin_vout_ua
| print meas_vout_pre_disable_v
| print meas_vout_hold_2ms_v
| print meas_vout_disabled_static_v
| print meas_ivout_held_1v8_ua
| quit
| .endc
| .end

# ==== ngspice stdout ====

Note: Compatibility modes selected: hs a


Circuit: * enable-shutdown corner deck -- generated by sim/bin/corner-run.py, do not edit

option SCALE: Scale is set to 1e-06 for instance and model parameters
option SCALE: Scale is set to 1e-06 for instance and model parameters
option SCALE: Scale is set to 1e-06 for instance and model parameters
option SCALE: Scale is set to 1e-06 for instance and model parameters
Doing analysis at TEMP = 27.000000 and TNOM = 27.000000

Using KLU as Direct Linear Solver
 Reference value :  0.00000e+00
 Reference value :  4.00000e-07
 Reference value :  6.40000e-06
 Reference value :  2.64000e-05
 Reference value :  4.14000e-05
 Reference value :  6.14000e-05
 Reference value :  8.14000e-05
 Reference value :  1.00000e-04
 Reference value :  1.00300e-04
 Reference value :  1.00410e-04
 Reference value :  1.00501e-04
 Reference value :  1.00569e-04
 Reference value :  1.00710e-04
 Reference value :  1.00800e-04
 Reference value :  1.00867e-04
 Reference value :  1.00906e-04
 Reference value :  1.00972e-04
 Reference value :  1.01003e-04
 Reference value :  1.01024e-04
 Reference value :  1.01102e-04
 Reference value :  1.01478e-04
 Reference value :  1.02731e-04
 Reference value :  1.11742e-04
 Reference value :  1.21742e-04
 Reference value :  1.36742e-04
 Reference value :  1.51742e-04
 Reference value :  1.61742e-04
 Reference value :  1.76742e-04
 Reference value :  1.91742e-04
 Reference value :  2.06742e-04
 Reference value :  2.21742e-04
 Reference value :  2.31742e-04
 Reference value :  2.46742e-04
 Reference value :  2.61742e-04
 Reference value :  2.71742e-04
 Reference value :  2.86742e-04
 Reference value :  3.01742e-04
 Reference value :  3.16742e-04
 Reference value :  3.31742e-04
 Reference value :  3.46742e-04
 Reference value :  3.61742e-04
 Reference value :  3.76742e-04
 Reference value :  3.91742e-04
 Reference value :  4.06742e-04
 Reference value :  4.21742e-04
 Reference value :  4.36742e-04
 Reference value :  4.51742e-04
 Reference value :  4.66742e-04
 Reference value :  4.81742e-04
 Reference value :  4.96742e-04
 Reference value :  5.11742e-04
 Reference value :  5.26742e-04
 Reference value :  5.41742e-04
 Reference value :  5.56742e-04
 Reference value :  5.71742e-04
 Reference value :  5.86742e-04
 Reference value :  6.01742e-04
 Reference value :  6.16742e-04
 Reference value :  6.31742e-04
 Reference value :  6.46742e-04
 Reference value :  6.61742e-04
 Reference value :  6.76742e-04
 Reference value :  6.91742e-04
 Reference value :  7.06742e-04
 Reference value :  7.21742e-04
 Reference value :  7.41742e-04
 Reference value :  7.61742e-04
 Reference value :  7.81742e-04
 Reference value :  8.01742e-04
 Reference value :  8.21742e-04
 Reference value :  8.41742e-04
 Reference value :  8.56742e-04
 Reference value :  8.76742e-04
 Reference value :  8.96742e-04
 Reference value :  9.16742e-04
 Reference value :  9.36742e-04
 Reference value :  9.56742e-04
 Reference value :  9.76742e-04
 Reference value :  9.96742e-04
 Reference value :  1.01174e-03
 Reference value :  1.03174e-03
 Reference value :  1.04674e-03
 Reference value :  1.06674e-03
 Reference value :  1.08674e-03
 Reference value :  1.10674e-03
 Reference value :  1.12674e-03
 Reference value :  1.14674e-03
 Reference value :  1.16174e-03
 Reference value :  1.18174e-03
 Reference value :  1.19674e-03
 Reference value :  1.21674e-03
 Reference value :  1.23174e-03
 Reference value :  1.24674e-03
 Reference value :  1.26674e-03
 Reference value :  1.28674e-03
 Reference value :  1.30674e-03
 Reference value :  1.32674e-03
 Reference value :  1.34674e-03
 Reference value :  1.36674e-03
 Reference value :  1.38674e-03
 Reference value :  1.40674e-03
 Reference value :  1.42674e-03
 Reference value :  1.44674e-03
 Reference value :  1.46674e-03
 Reference value :  1.48674e-03
 Reference value :  1.50674e-03
 Reference value :  1.52674e-03
 Reference value :  1.54674e-03
 Reference value :  1.56674e-03
 Reference value :  1.58674e-03
 Reference value :  1.60174e-03
 Reference value :  1.61674e-03
 Reference value :  1.63674e-03
 Reference value :  1.65174e-03
 Reference value :  1.67174e-03
 Reference value :  1.69174e-03
 Reference value :  1.70674e-03
 Reference value :  1.72174e-03
 Reference value :  1.73674e-03
 Reference value :  1.75174e-03
 Reference value :  1.77174e-03
 Reference value :  1.79174e-03
 Reference value :  1.81174e-03
 Reference value :  1.83174e-03
 Reference value :  1.84674e-03
 Reference value :  1.86174e-03
 Reference value :  1.87674e-03
 Reference value :  1.89674e-03
 Reference value :  1.92174e-03
 Reference value :  1.95174e-03
 Reference value :  1.97674e-03
 Reference value :  2.00000e-03
 Reference value :  2.00030e-03
 Reference value :  2.00041e-03
 Reference value :  2.00063e-03
 Reference value :  2.00071e-03
 Reference value :  2.00083e-03
 Reference value :  2.00084e-03
 Reference value :  2.00085e-03
 Reference value :  2.00086e-03
 Reference value :  2.00089e-03
 Reference value :  2.00095e-03
 Reference value :  2.00102e-03
 Reference value :  2.00108e-03
 Reference value :  2.00133e-03
 Reference value :  2.00234e-03
 Reference value :  2.00552e-03
 Reference value :  2.01892e-03
 Reference value :  2.03892e-03
 Reference value :  2.05392e-03
 Reference value :  2.06892e-03
 Reference value :  2.08892e-03
 Reference value :  2.10392e-03
 Reference value :  2.12392e-03
 Reference value :  2.14392e-03
 Reference value :  2.16392e-03
 Reference value :  2.17892e-03
 Reference value :  2.19892e-03
 Reference value :  2.21892e-03
 Reference value :  2.23392e-03
 Reference value :  2.24892e-03
 Reference value :  2.26892e-03
 Reference value :  2.28892e-03
 Reference value :  2.30892e-03
 Reference value :  2.32892e-03
 Reference value :  2.34392e-03
 Reference value :  2.35892e-03
 Reference value :  2.37392e-03
 Reference value :  2.38892e-03
 Reference value :  2.40892e-03
 Reference value :  2.42892e-03
 Reference value :  2.44892e-03
 Reference value :  2.46392e-03
 Reference value :  2.48392e-03
 Reference value :  2.49892e-03
 Reference value :  2.51392e-03
 Reference value :  2.53392e-03
 Reference value :  2.54892e-03
 Reference value :  2.56892e-03
 Reference value :  2.58892e-03
 Reference value :  2.60892e-03
 Reference value :  2.62892e-03
 Reference value :  2.64892e-03
 Reference value :  2.66392e-03
 Reference value :  2.67892e-03
 Reference value :  2.69392e-03
 Reference value :  2.71392e-03
 Reference value :  2.73392e-03
 Reference value :  2.74892e-03
 Reference value :  2.76392e-03
 Reference value :  2.77892e-03
 Reference value :  2.79892e-03
 Reference value :  2.81892e-03
 Reference value :  2.83392e-03
 Reference value :  2.84892e-03
 Reference value :  2.86892e-03
 Reference value :  2.88392e-03
 Reference value :  2.90392e-03
 Reference value :  2.92392e-03
 Reference value :  2.94392e-03
 Reference value :  2.96392e-03
 Reference value :  2.98392e-03
 Reference value :  2.99892e-03
 Reference value :  3.01392e-03
 Reference value :  3.02892e-03
 Reference value :  3.04392e-03
 Reference value :  3.06392e-03
 Reference value :  3.07892e-03
 Reference value :  3.09392e-03
 Reference value :  3.11392e-03
 Reference value :  3.13392e-03
 Reference value :  3.15392e-03
 Reference value :  3.17392e-03
 Reference value :  3.19392e-03
 Reference value :  3.20892e-03
 Reference value :  3.22392e-03
 Reference value :  3.24392e-03
 Reference value :  3.25892e-03
 Reference value :  3.27392e-03
 Reference value :  3.29392e-03
 Reference value :  3.30892e-03
 Reference value :  3.32892e-03
 Reference value :  3.34392e-03
 Reference value :  3.35892e-03
 Reference value :  3.37392e-03
 Reference value :  3.38892e-03
 Reference value :  3.40892e-03
 Reference value :  3.43392e-03
 Reference value :  3.44892e-03
 Reference value :  3.46392e-03
 Reference value :  3.47892e-03
 Reference value :  3.49392e-03
 Reference value :  3.50892e-03
 Reference value :  3.52392e-03
 Reference value :  3.54392e-03
 Reference value :  3.56392e-03
 Reference value :  3.57892e-03
 Reference value :  3.59892e-03
 Reference value :  3.61892e-03
 Reference value :  3.63892e-03
 Reference value :  3.65392e-03
 Reference value :  3.67392e-03
 Reference value :  3.69392e-03
 Reference value :  3.71392e-03
 Reference value :  3.72892e-03
 Reference value :  3.74392e-03
 Reference value :  3.76392e-03
 Reference value :  3.78392e-03
 Reference value :  3.80392e-03
 Reference value :  3.82392e-03
 Reference value :  3.84392e-03
 Reference value :  3.85892e-03
 Reference value :  3.87392e-03
 Reference value :  3.89392e-03
 Reference value :  3.91392e-03
 Reference value :  3.93392e-03
 Reference value :  3.95392e-03
 Reference value :  3.97392e-03
 Reference value :  3.99392e-03
 Reference value :  4.00892e-03
 Reference value :  4.02892e-03
 Reference value :  4.04892e-03
 Reference value :  4.06892e-03
 Reference value :  4.08892e-03
 Reference value :  4.10892e-03
 Reference value :  4.12392e-03
 Reference value :  4.14392e-03
 Reference value :  4.15892e-03
 Reference value :  4.17892e-03
 Reference value :  4.19392e-03
 Reference value :  4.21392e-03
 Reference value :  4.22892e-03
 Reference value :  4.24892e-03
 Reference value :  4.26892e-03
 Reference value :  4.28892e-03
 Reference value :  4.30892e-03
 Reference value :  4.32892e-03
 Reference value :  4.34392e-03
 Reference value :  4.36392e-03
 Reference value :  4.38392e-03
 Reference value :  4.39892e-03
 Reference value :  4.41892e-03
 Reference value :  4.43892e-03
 Reference value :  4.45892e-03
 Reference value :  4.47892e-03
 Reference value :  4.49392e-03
No. of Data Rows : 964
vpre                =  1.81394e+00
iq_avg              =  -2.34857e-10 from=  3.50000e-03 to=  4.50000e-03
iq_worst            =  -1.39176e-09 at=  3.50892e-03
vhold               =  1.81273e+00
Doing analysis at TEMP = 27.000000 and TNOM = 27.000000

Using KLU as Direct Linear Solver
 Reference value :  0.00000e+00
No. of Data Rows : 1
Doing analysis at TEMP = 27.000000 and TNOM = 27.000000

Using KLU as Direct Linear Solver
 Reference value :  0.00000e+00
No. of Data Rows : 1
Doing analysis at TEMP = 27.000000 and TNOM = 27.000000

Using KLU as Direct Linear Solver
 Reference value :  0.00000e+00
No. of Data Rows : 1
meas_iq_shutdown_static_ua = 2.190338e-04
meas_iq_shutdown_after_edge_ua = 1.391758e-03
meas_iq_shutdown_after_edge_mean_ua = 2.348572e-04
meas_leak_vin_vout_ua = 1.111818e-04
meas_vout_pre_disable_v = 1.813936e+00
meas_vout_hold_2ms_v = 1.812735e+00
meas_vout_disabled_static_v = 3.470804e-04
meas_ivout_held_1v8_ua = 5.766370e-01
ngspice-46 done

# ==== ngspice stderr ====
Note: Starting dynamic gmin stepping
Note: Dynamic gmin stepping completed
Note: Starting dynamic gmin stepping
Note: Dynamic gmin stepping completed
Note: Starting dynamic gmin stepping
Warning: Dynamic gmin stepping failed
Note: Starting true gmin stepping
Note: True gmin stepping completed
Note: Starting dynamic gmin stepping
Warning: Dynamic gmin stepping failed
Note: Starting true gmin stepping
Note: True gmin stepping completed
