# corner: ff_27c_3.63v
# process=ff temp=27C supply=3.63V
# ngspice exit: 0
# wall clock: 94.7s (--timeout was 300s)
# result: PASS

# ==== deck (exact input given to ngspice) ====
| * enable-shutdown corner deck -- generated by sim/bin/corner-run.py, do not edit
| * corner: ff_27c_3.63v
| .param vsup=3.63
| .option wnflag=1
| .temp 27
| .lib "/home/ubuntu/.volare/sky130A/libs.tech/combined/sky130.lib.spice" ff
| ** sch_path: sim/enable-shutdown/testbench/tb_enable_shutdown.sch
| **.subckt tb_enable_shutdown
| VVIN VIN 0 'vsup'
| .save i(vvin)
| VEN EN 0 dc 0 pwl(0 0 100u 0 101u 'vsup' 2m 'vsup' 2.001m 0 10 0)
| .save i(ven)
| VVREF VREF 0 1.2
| .save i(vvref)
| xldo VOUT VREF EN VIN ldo_3v3in_1v8out
| COUT VOUT VESR 1u m=1
| RESR VESR 0 10m m=1
| RLOAD VOUT 0 1e12 m=1
| RFORCE VOUT VF 1e12 m=1
| VFORCE VF 0 0
| .save i(vforce)
| **.ends
| 
| * expanding   symbol:  design/ldo_3v3in_1v8out.sym # of pins=4
| ** sym_path: design/ldo_3v3in_1v8out.sym
| ** sch_path: design/ldo_3v3in_1v8out.sch
| .subckt ldo_3v3in_1v8out VOUT VREF EN VIN
| *.ipin VIN
| *.ipin EN
| *.ipin VREF
| *.opin VOUT
| XR_BIAS VIN NB 0 sky130_fd_pr__res_high_po W=0.42 L=1500 mult=1 m=1
| XM_BIASN1 NB NB BIAS_ENN 0 sky130_fd_pr__nfet_g5v0d10v5 L=1 W=4 nf=1 ad=1.16 as=1.16 pd=8.58 ps=8.58 nrd=0.0725 nrs=0.0725 sa=0
| + sb=0 sd=0 mult=1 m=1
| XM_ENN BIAS_ENN EN 0 0 sky130_fd_pr__nfet_g5v0d10v5 L=0.5 W=10 nf=1 ad=2.9 as=2.9 pd=20.58 ps=20.58 nrd=0.029 nrs=0.029 sa=0 sb=0
| + sd=0 mult=1 m=1
| XM_BIASN2 BIASP NB BIAS_ENN 0 sky130_fd_pr__nfet_g5v0d10v5 L=1 W=4 nf=1 ad=1.16 as=1.16 pd=8.58 ps=8.58 nrd=0.0725 nrs=0.0725 sa=0
| + sb=0 sd=0 mult=1 m=1
| XM_BIASP1 BIASP BIASP VIN VIN sky130_fd_pr__pfet_g5v0d10v5 L=1 W=10 nf=2 ad=1.45 as=2.9 pd=10.58 ps=21.16 nrd=0.029 nrs=0.029 sa=0
| + sb=0 sd=0 mult=1 m=1
| XM_ENP2 BIASP EN VIN VIN sky130_fd_pr__pfet_g5v0d10v5 L=0.5 W=10 nf=1 ad=2.9 as=2.9 pd=20.58 ps=20.58 nrd=0.029 nrs=0.029 sa=0
| + sb=0 sd=0 mult=1 m=1
| XM_TAIL EA_TAIL BIASP VIN VIN sky130_fd_pr__pfet_g5v0d10v5 L=2 W=40 nf=8 ad=5.8 as=7.25 pd=42.32 ps=52.9 nrd=0.00725 nrs=0.00725
| + sa=0 sb=0 sd=0 mult=1 m=1
| XM_IN1 EA_D1 FB EA_TAIL VIN sky130_fd_pr__pfet_g5v0d10v5 L=2 W=10 nf=2 ad=1.45 as=2.9 pd=10.58 ps=21.16 nrd=0.029 nrs=0.029 sa=0
| + sb=0 sd=0 mult=1 m=1
| XM_IN2 EA_D2 VREF EA_TAIL VIN sky130_fd_pr__pfet_g5v0d10v5 L=2 W=10 nf=2 ad=1.45 as=2.9 pd=10.58 ps=21.16 nrd=0.029 nrs=0.029 sa=0
| + sb=0 sd=0 mult=1 m=1
| XM_MIR1 EA_D1 EA_D1 AMP_ENN 0 sky130_fd_pr__nfet_g5v0d10v5 L=4 W=10 nf=2 ad=1.45 as=2.9 pd=10.58 ps=21.16 nrd=0.029 nrs=0.029 sa=0
| + sb=0 sd=0 mult=1 m=1
| XM_MIR2 EA_OUT EA_D1 AMP_ENN 0 sky130_fd_pr__nfet_g5v0d10v5 L=4 W=10 nf=2 ad=1.45 as=2.9 pd=10.58 ps=21.16 nrd=0.029 nrs=0.029
| + sa=0 sb=0 sd=0 mult=1 m=1
| XM_ENN2 AMP_ENN EN 0 0 sky130_fd_pr__nfet_g5v0d10v5 L=0.5 W=10 nf=1 ad=2.9 as=2.9 pd=20.58 ps=20.58 nrd=0.029 nrs=0.029 sa=0 sb=0
| + sd=0 mult=1 m=1
| XM_ENP EA_OUT EN VIN VIN sky130_fd_pr__pfet_g5v0d10v5 L=0.5 W=10 nf=1 ad=2.9 as=2.9 pd=20.58 ps=20.58 nrd=0.029 nrs=0.029 sa=0
| + sb=0 sd=0 mult=1 m=1
| XM_MIR3 EA_D2 EA_D2 AMP_ENN 0 sky130_fd_pr__nfet_g5v0d10v5 L=4 W=10 nf=2 ad=1.45 as=2.9 pd=10.58 ps=21.16 nrd=0.029 nrs=0.029 sa=0
| + sb=0 sd=0 mult=1 m=1
| XM_MIR4 PB EA_D2 AMP_ENN 0 sky130_fd_pr__nfet_g5v0d10v5 L=4 W=10 nf=2 ad=1.45 as=2.9 pd=10.58 ps=21.16 nrd=0.029 nrs=0.029 sa=0
| + sb=0 sd=0 mult=1 m=1
| XM_MIRP1 PB PB VIN VIN sky130_fd_pr__pfet_g5v0d10v5 L=4 W=20 nf=4 ad=2.9 as=4.35 pd=21.16 ps=31.74 nrd=0.0145 nrs=0.0145 sa=0 sb=0
| + sd=0 mult=1 m=1
| XM_MIRP2 EA_OUT PB VIN VIN sky130_fd_pr__pfet_g5v0d10v5 L=4 W=20 nf=4 ad=2.9 as=4.35 pd=21.16 ps=31.74 nrd=0.0145 nrs=0.0145 sa=0
| + sb=0 sd=0 mult=1 m=1
| XM_ENP5 PB EN VIN VIN sky130_fd_pr__pfet_g5v0d10v5 L=0.5 W=2 nf=1 ad=0.58 as=0.58 pd=4.58 ps=4.58 nrd=0.145 nrs=0.145 sa=0 sb=0
| + sd=0 mult=1 m=1
| XM_PASS VOUT EA_OUT VIN VIN sky130_fd_pr__pfet_g5v0d10v5 L=0.5 W=100 nf=25 ad=15.08 as=15.08 pd=111.54 ps=111.54 nrd=0.0029
| + nrs=0.0029 sa=0 sb=0 sd=0 mult=25 m=25
| C_COMP VOUT EA_CZ 150p m=1
| XR_CZ EA_CZ EA_OUT 0 sky130_fd_pr__res_xhigh_po W=0.42 L=52 mult=1 m=1
| XR_FB_A VOUT FB 0 sky130_fd_pr__res_xhigh_po W=0.42 L=180 mult=1 m=1
| XR_FB_B FB N_FBB 0 sky130_fd_pr__res_xhigh_po W=0.42 L=180 mult=1 m=1
| XR_FB_C N_FBB 0 0 sky130_fd_pr__res_xhigh_po W=0.42 L=180 mult=1 m=1
| XM_SENSE CL_SNS EA_OUT VIN VIN sky130_fd_pr__pfet_g5v0d10v5 L=0.5 W=0.42 nf=1 ad=0.1218 as=0.1218 pd=1.42 ps=1.42
| + nrd=0.69047619047619 nrs=0.69047619047619 sa=0 sb=0 sd=0 mult=1 m=1
| XM_CLN1 CL_SNS CL_SNS AMP_ENN 0 sky130_fd_pr__nfet_g5v0d10v5 L=1 W=20 nf=1 ad=5.8 as=5.8 pd=40.58 ps=40.58 nrd=0.0145 nrs=0.0145
| + sa=0 sb=0 sd=0 mult=1 m=1
| XM_CLN2 CL_CMP CL_SNS AMP_ENN 0 sky130_fd_pr__nfet_g5v0d10v5 L=1 W=1.6 nf=1 ad=0.464 as=0.464 pd=3.78 ps=3.78 nrd=0.18125
| + nrs=0.18125 sa=0 sb=0 sd=0 mult=1 m=1
| XM_CLP CL_CMP BIASP VIN VIN sky130_fd_pr__pfet_g5v0d10v5 L=1 W=10 nf=2 ad=1.45 as=2.9 pd=10.58 ps=21.16 nrd=0.029 nrs=0.029 sa=0
| + sb=0 sd=0 mult=1 m=1
| XM_CLIM EA_OUT CL_CMP VIN VIN sky130_fd_pr__pfet_g5v0d10v5 L=0.5 W=20 nf=4 ad=2.9 as=4.35 pd=21.16 ps=31.74 nrd=0.0145 nrs=0.0145
| + sa=0 sb=0 sd=0 mult=1 m=1
| XM_ENP3 CL_CMP EN VIN VIN sky130_fd_pr__pfet_g5v0d10v5 L=0.5 W=2 nf=1 ad=0.58 as=0.58 pd=4.58 ps=4.58 nrd=0.145 nrs=0.145 sa=0
| + sb=0 sd=0 mult=1 m=1
| C_CL VIN CL_CMP 1p m=1
| XM_INVP ENB EN VIN VIN sky130_fd_pr__pfet_g5v0d10v5 L=0.5 W=2 nf=1 ad=0.58 as=0.58 pd=4.58 ps=4.58 nrd=0.145 nrs=0.145 sa=0 sb=0
| + sd=0 mult=1 m=1
| XM_INVN ENB EN 0 0 sky130_fd_pr__nfet_g5v0d10v5 L=0.5 W=1 nf=1 ad=0.29 as=0.29 pd=2.58 ps=2.58 nrd=0.29 nrs=0.29 sa=0 sb=0 sd=0
| + mult=1 m=1
| XM_SSDIS SS ENB 0 0 sky130_fd_pr__nfet_g5v0d10v5 L=0.5 W=2 nf=1 ad=0.58 as=0.58 pd=4.58 ps=4.58 nrd=0.145 nrs=0.145 sa=0 sb=0 sd=0
| + mult=1 m=1
| XM_SSCHG SS BIASP VIN VIN sky130_fd_pr__pfet_g5v0d10v5 L=8 W=1 nf=1 ad=0.29 as=0.29 pd=2.58 ps=2.58 nrd=0.29 nrs=0.29 sa=0 sb=0
| + sd=0 mult=1 m=1
| C_SS SS 0 10p m=1
| XM_IN2S EA_D2 SS EA_TAIL VIN sky130_fd_pr__pfet_g5v0d10v5 L=2 W=10 nf=2 ad=1.45 as=2.9 pd=10.58 ps=21.16 nrd=0.029 nrs=0.029 sa=0
| + sb=0 sd=0 mult=1 m=1
| XM_TSPS TS_SNS BIASP VIN VIN sky130_fd_pr__pfet_g5v0d10v5 L=1 W=2.5 nf=1 ad=0.725 as=0.725 pd=5.58 ps=5.58 nrd=0.116 nrs=0.116
| + sa=0 sb=0 sd=0 mult=1 m=1
| XM_TSD1 TS_SNS TS_SNS TS_MID 0 sky130_fd_pr__nfet_g5v0d10v5 L=1 W=80 nf=16 ad=11.6 as=13.05 pd=84.64 ps=95.22 nrd=0.003625
| + nrs=0.003625 sa=0 sb=0 sd=0 mult=1 m=1
| XM_TSD2 TS_MID TS_MID AMP_ENN 0 sky130_fd_pr__nfet_g5v0d10v5 L=1 W=80 nf=16 ad=11.6 as=13.05 pd=84.64 ps=95.22 nrd=0.003625
| + nrs=0.003625 sa=0 sb=0 sd=0 mult=1 m=1
| XM_TSPR TS_REF BIASP VIN VIN sky130_fd_pr__pfet_g5v0d10v5 L=1 W=2.5 nf=1 ad=0.725 as=0.725 pd=5.58 ps=5.58 nrd=0.116 nrs=0.116
| + sa=0 sb=0 sd=0 mult=1 m=1
| XM_TSR1 TS_REF TS_REF AMP_ENN 0 sky130_fd_pr__nfet_g5v0d10v5 L=10 W=2 nf=1 ad=0.58 as=0.58 pd=4.58 ps=4.58 nrd=0.145 nrs=0.145
| + sa=0 sb=0 sd=0 mult=1 m=1
| XM_TCTAIL TC_TAIL NB AMP_ENN 0 sky130_fd_pr__nfet_g5v0d10v5 L=1 W=1 nf=1 ad=0.29 as=0.29 pd=2.58 ps=2.58 nrd=0.29 nrs=0.29 sa=0
| + sb=0 sd=0 mult=1 m=1
| XM_TCN1 TC_D1 TS_SNS TC_TAIL 0 sky130_fd_pr__nfet_g5v0d10v5 L=2 W=10 nf=2 ad=1.45 as=2.9 pd=10.58 ps=21.16 nrd=0.029 nrs=0.029
| + sa=0 sb=0 sd=0 mult=1 m=1
| XM_TCN2 TS_CMP TS_REF TC_TAIL 0 sky130_fd_pr__nfet_g5v0d10v5 L=2 W=10 nf=2 ad=1.45 as=2.9 pd=10.58 ps=21.16 nrd=0.029 nrs=0.029
| + sa=0 sb=0 sd=0 mult=1 m=1
| XM_TCP1 TC_D1 TC_D1 VIN VIN sky130_fd_pr__pfet_g5v0d10v5 L=2 W=10 nf=2 ad=1.45 as=2.9 pd=10.58 ps=21.16 nrd=0.029 nrs=0.029 sa=0
| + sb=0 sd=0 mult=1 m=1
| XM_TCP2 TS_CMP TC_D1 VIN VIN sky130_fd_pr__pfet_g5v0d10v5 L=2 W=10 nf=2 ad=1.45 as=2.9 pd=10.58 ps=21.16 nrd=0.029 nrs=0.029 sa=0
| + sb=0 sd=0 mult=1 m=1
| XM_TSHUT EA_OUT TS_CMP VIN VIN sky130_fd_pr__pfet_g5v0d10v5 L=0.5 W=20 nf=4 ad=2.9 as=4.35 pd=21.16 ps=31.74 nrd=0.0145 nrs=0.0145
| + sa=0 sb=0 sd=0 mult=1 m=1
| XM_TSHYSB TS_HYS BIASP VIN VIN sky130_fd_pr__pfet_g5v0d10v5 L=2 W=1.5 nf=1 ad=0.435 as=0.435 pd=3.58 ps=3.58 nrd=0.193333333333333
| + nrs=0.193333333333333 sa=0 sb=0 sd=0 mult=1 m=1
| XM_TSHYS TS_REF TS_CMP TS_HYS VIN sky130_fd_pr__pfet_g5v0d10v5 L=0.5 W=2 nf=1 ad=0.58 as=0.58 pd=4.58 ps=4.58 nrd=0.145 nrs=0.145
| + sa=0 sb=0 sd=0 mult=1 m=1
| XM_ENP4 TS_CMP EN VIN VIN sky130_fd_pr__pfet_g5v0d10v5 L=0.5 W=2 nf=1 ad=0.58 as=0.58 pd=4.58 ps=4.58 nrd=0.145 nrs=0.145 sa=0
| + sb=0 sd=0 mult=1 m=1
| C_TS VIN TS_CMP 1p m=1
| .ends
| 
| .control
| save all
| * --- leg 1: full cycle -- EN rises at t=100us, block regulates, EN falls at t=2ms ---
| tran 5u 4.5m
| meas tran vpre find v(vout) at=1.9m
| meas tran iq_avg avg i(vvin) from=3.5m to=4.5m
| meas tran iq_worst min i(vvin) from=3.5m to=4.5m
| meas tran vhold find v(vout) at=4m
| * --- leg 2: static disabled state, output free-floating ---
| op
| * --- leg 3: static disabled state, VOUT forced to 0 V (Vin->Vout leakage) ---
| alter rforce = 1m
| op
| * --- leg 4: static disabled state, VOUT held at the 1.8 V nominal output ---
| alter vforce = 1.8
| op
| let meas_iq_shutdown_static_ua = -1e6*op1.i(vvin)
| let meas_iq_shutdown_after_edge_ua = -1e6*tran1.iq_worst
| let meas_iq_shutdown_after_edge_mean_ua = -1e6*tran1.iq_avg
| let meas_leak_vin_vout_ua = 1e6*op2.i(vforce)
| let meas_vout_pre_disable_v = tran1.vpre
| let meas_vout_hold_2ms_v = tran1.vhold
| let meas_vout_disabled_static_v = op1.v(vout)
| let meas_ivout_held_1v8_ua = -1e6*op3.i(vforce)
| print meas_iq_shutdown_static_ua
| print meas_iq_shutdown_after_edge_ua
| print meas_iq_shutdown_after_edge_mean_ua
| print meas_leak_vin_vout_ua
| print meas_vout_pre_disable_v
| print meas_vout_hold_2ms_v
| print meas_vout_disabled_static_v
| print meas_ivout_held_1v8_ua
| quit
| .endc
| .end

# ==== ngspice stdout ====

Note: Compatibility modes selected: hs a


Circuit: * enable-shutdown corner deck -- generated by sim/bin/corner-run.py, do not edit

option SCALE: Scale is set to 1e-06 for instance and model parameters
option SCALE: Scale is set to 1e-06 for instance and model parameters
option SCALE: Scale is set to 1e-06 for instance and model parameters
option SCALE: Scale is set to 1e-06 for instance and model parameters
Doing analysis at TEMP = 27.000000 and TNOM = 27.000000

Using KLU as Direct Linear Solver
 Reference value :  0.00000e+00
 Reference value :  2.00000e-07
 Reference value :  3.20000e-06
 Reference value :  2.14000e-05
 Reference value :  4.14000e-05
 Reference value :  6.14000e-05
 Reference value :  8.14000e-05
 Reference value :  1.00000e-04
 Reference value :  1.00300e-04
 Reference value :  1.00410e-04
 Reference value :  1.00492e-04
 Reference value :  1.00555e-04
 Reference value :  1.00688e-04
 Reference value :  1.00769e-04
 Reference value :  1.00844e-04
 Reference value :  1.00890e-04
 Reference value :  1.00966e-04
 Reference value :  1.01004e-04
 Reference value :  1.01028e-04
 Reference value :  1.01126e-04
 Reference value :  1.01674e-04
 Reference value :  1.04392e-04
 Reference value :  1.17498e-04
 Reference value :  1.27498e-04
 Reference value :  1.37498e-04
 Reference value :  1.47498e-04
 Reference value :  1.57498e-04
 Reference value :  1.72498e-04
 Reference value :  1.87498e-04
 Reference value :  2.02498e-04
 Reference value :  2.17498e-04
 Reference value :  2.32498e-04
 Reference value :  2.47498e-04
 Reference value :  2.62498e-04
 Reference value :  2.77498e-04
 Reference value :  2.87498e-04
 Reference value :  3.02498e-04
 Reference value :  3.17498e-04
 Reference value :  3.32498e-04
 Reference value :  3.42498e-04
 Reference value :  3.57498e-04
 Reference value :  3.72498e-04
 Reference value :  3.82498e-04
 Reference value :  3.92498e-04
 Reference value :  4.07498e-04
 Reference value :  4.22498e-04
 Reference value :  4.32498e-04
 Reference value :  4.47498e-04
 Reference value :  4.57498e-04
 Reference value :  4.67498e-04
 Reference value :  4.82498e-04
 Reference value :  4.92498e-04
 Reference value :  5.02498e-04
 Reference value :  5.12498e-04
 Reference value :  5.22498e-04
 Reference value :  5.32498e-04
 Reference value :  5.47498e-04
 Reference value :  5.57498e-04
 Reference value :  5.67498e-04
 Reference value :  5.82498e-04
 Reference value :  5.97498e-04
 Reference value :  6.12498e-04
 Reference value :  6.27498e-04
 Reference value :  6.42498e-04
 Reference value :  6.57498e-04
 Reference value :  6.72498e-04
 Reference value :  6.87498e-04
 Reference value :  6.97498e-04
 Reference value :  7.07498e-04
 Reference value :  7.17498e-04
 Reference value :  7.32498e-04
 Reference value :  7.47498e-04
 Reference value :  7.67498e-04
 Reference value :  7.87498e-04
 Reference value :  8.07498e-04
 Reference value :  8.32498e-04
 Reference value :  8.57498e-04
 Reference value :  8.77498e-04
 Reference value :  8.97498e-04
 Reference value :  9.12498e-04
 Reference value :  9.32498e-04
 Reference value :  9.47498e-04
 Reference value :  9.67498e-04
 Reference value :  9.87498e-04
 Reference value :  1.00750e-03
 Reference value :  1.02750e-03
 Reference value :  1.04750e-03
 Reference value :  1.06250e-03
 Reference value :  1.08250e-03
 Reference value :  1.09750e-03
 Reference value :  1.11250e-03
 Reference value :  1.12750e-03
 Reference value :  1.14250e-03
 Reference value :  1.16250e-03
 Reference value :  1.17750e-03
 Reference value :  1.19250e-03
 Reference value :  1.20750e-03
 Reference value :  1.22750e-03
 Reference value :  1.24750e-03
 Reference value :  1.26750e-03
 Reference value :  1.28750e-03
 Reference value :  1.30750e-03
 Reference value :  1.32750e-03
 Reference value :  1.34750e-03
 Reference value :  1.36250e-03
 Reference value :  1.38250e-03
 Reference value :  1.40250e-03
 Reference value :  1.42250e-03
 Reference value :  1.44250e-03
 Reference value :  1.46250e-03
 Reference value :  1.48250e-03
 Reference value :  1.49750e-03
 Reference value :  1.51750e-03
 Reference value :  1.53750e-03
 Reference value :  1.55750e-03
 Reference value :  1.57750e-03
 Reference value :  1.59750e-03
 Reference value :  1.61250e-03
 Reference value :  1.62750e-03
 Reference value :  1.64750e-03
 Reference value :  1.66250e-03
 Reference value :  1.68250e-03
 Reference value :  1.70250e-03
 Reference value :  1.72250e-03
 Reference value :  1.74250e-03
 Reference value :  1.76750e-03
 Reference value :  1.78750e-03
 Reference value :  1.80750e-03
 Reference value :  1.82750e-03
 Reference value :  1.84750e-03
 Reference value :  1.86750e-03
 Reference value :  1.88750e-03
 Reference value :  1.90750e-03
 Reference value :  1.92750e-03
 Reference value :  1.94750e-03
 Reference value :  1.96750e-03
 Reference value :  1.98750e-03
 Reference value :  2.00010e-03
 Reference value :  2.00030e-03
 Reference value :  2.00041e-03
 Reference value :  2.00064e-03
 Reference value :  2.00072e-03
 Reference value :  2.00081e-03
 Reference value :  2.00085e-03
 Reference value :  2.00086e-03
 Reference value :  2.00087e-03
 Reference value :  2.00089e-03
 Reference value :  2.00094e-03
 Reference value :  2.00100e-03
 Reference value :  2.00107e-03
 Reference value :  2.00162e-03
 Reference value :  2.00521e-03
 Reference value :  2.01840e-03
 Reference value :  2.03840e-03
 Reference value :  2.05840e-03
 Reference value :  2.07840e-03
 Reference value :  2.09840e-03
 Reference value :  2.11840e-03
 Reference value :  2.13840e-03
 Reference value :  2.15840e-03
 Reference value :  2.17840e-03
 Reference value :  2.20340e-03
 Reference value :  2.22340e-03
 Reference value :  2.24340e-03
 Reference value :  2.26340e-03
 Reference value :  2.28340e-03
 Reference value :  2.30340e-03
 Reference value :  2.32340e-03
 Reference value :  2.34340e-03
 Reference value :  2.36340e-03
 Reference value :  2.38340e-03
 Reference value :  2.40340e-03
 Reference value :  2.41840e-03
 Reference value :  2.43840e-03
 Reference value :  2.45840e-03
 Reference value :  2.47840e-03
 Reference value :  2.49840e-03
 Reference value :  2.51840e-03
 Reference value :  2.53840e-03
 Reference value :  2.55340e-03
 Reference value :  2.57340e-03
 Reference value :  2.59340e-03
 Reference value :  2.61340e-03
 Reference value :  2.62840e-03
 Reference value :  2.64340e-03
 Reference value :  2.66340e-03
 Reference value :  2.67840e-03
 Reference value :  2.69340e-03
 Reference value :  2.71340e-03
 Reference value :  2.73340e-03
 Reference value :  2.75340e-03
 Reference value :  2.77340e-03
 Reference value :  2.79340e-03
 Reference value :  2.81340e-03
 Reference value :  2.82840e-03
 Reference value :  2.84840e-03
 Reference value :  2.86840e-03
 Reference value :  2.88840e-03
 Reference value :  2.90840e-03
 Reference value :  2.92840e-03
 Reference value :  2.94340e-03
 Reference value :  2.96340e-03
 Reference value :  2.98340e-03
 Reference value :  3.00340e-03
 Reference value :  3.02340e-03
 Reference value :  3.04340e-03
 Reference value :  3.06340e-03
 Reference value :  3.08340e-03
 Reference value :  3.09840e-03
 Reference value :  3.11340e-03
 Reference value :  3.12840e-03
 Reference value :  3.14840e-03
 Reference value :  3.16840e-03
 Reference value :  3.18340e-03
 Reference value :  3.20340e-03
 Reference value :  3.22340e-03
 Reference value :  3.24340e-03
 Reference value :  3.25840e-03
 Reference value :  3.27840e-03
 Reference value :  3.29340e-03
 Reference value :  3.31340e-03
 Reference value :  3.33340e-03
 Reference value :  3.35340e-03
 Reference value :  3.37340e-03
 Reference value :  3.39340e-03
 Reference value :  3.41340e-03
 Reference value :  3.42840e-03
 Reference value :  3.44340e-03
 Reference value :  3.45840e-03
 Reference value :  3.47840e-03
 Reference value :  3.49340e-03
 Reference value :  3.50840e-03
 Reference value :  3.52340e-03
 Reference value :  3.53840e-03
 Reference value :  3.55340e-03
 Reference value :  3.56840e-03
 Reference value :  3.58340e-03
 Reference value :  3.60340e-03
 Reference value :  3.62340e-03
 Reference value :  3.63840e-03
 Reference value :  3.65840e-03
 Reference value :  3.68340e-03
 Reference value :  3.70340e-03
 Reference value :  3.72340e-03
 Reference value :  3.74840e-03
 Reference value :  3.76840e-03
 Reference value :  3.79340e-03
 Reference value :  3.81340e-03
 Reference value :  3.82840e-03
 Reference value :  3.84840e-03
 Reference value :  3.86340e-03
 Reference value :  3.87840e-03
 Reference value :  3.89840e-03
 Reference value :  3.91840e-03
 Reference value :  3.93840e-03
 Reference value :  3.95840e-03
 Reference value :  3.97840e-03
 Reference value :  3.99840e-03
 Reference value :  4.01840e-03
 Reference value :  4.03340e-03
 Reference value :  4.04840e-03
 Reference value :  4.06840e-03
 Reference value :  4.08840e-03
 Reference value :  4.10840e-03
 Reference value :  4.12340e-03
 Reference value :  4.14340e-03
 Reference value :  4.16340e-03
 Reference value :  4.18340e-03
 Reference value :  4.20340e-03
 Reference value :  4.22340e-03
 Reference value :  4.24340e-03
 Reference value :  4.25840e-03
 Reference value :  4.27840e-03
 Reference value :  4.29340e-03
 Reference value :  4.31340e-03
 Reference value :  4.32840e-03
 Reference value :  4.34840e-03
 Reference value :  4.36840e-03
 Reference value :  4.38840e-03
 Reference value :  4.40340e-03
 Reference value :  4.42340e-03
 Reference value :  4.44340e-03
 Reference value :  4.45840e-03
 Reference value :  4.47840e-03
 Reference value :  4.49670e-03
No. of Data Rows : 963
vpre                =  1.81294e+00
iq_avg              =  -2.56020e-10 from=  3.50000e-03 to=  4.50000e-03
iq_worst            =  -1.64991e-09 at=  3.50840e-03
vhold               =  1.81175e+00
Doing analysis at TEMP = 27.000000 and TNOM = 27.000000

Using KLU as Direct Linear Solver
 Reference value :  0.00000e+00
No. of Data Rows : 1
Doing analysis at TEMP = 27.000000 and TNOM = 27.000000

Using KLU as Direct Linear Solver
 Reference value :  0.00000e+00
No. of Data Rows : 1
Doing analysis at TEMP = 27.000000 and TNOM = 27.000000

Using KLU as Direct Linear Solver
 Reference value :  0.00000e+00
No. of Data Rows : 1
meas_iq_shutdown_static_ua = 2.524491e-04
meas_iq_shutdown_after_edge_ua = 1.649910e-03
meas_iq_shutdown_after_edge_mean_ua = 2.560202e-04
meas_leak_vin_vout_ua = 1.334237e-04
meas_vout_pre_disable_v = 1.812944e+00
meas_vout_hold_2ms_v = 1.811746e+00
meas_vout_disabled_static_v = 4.164804e-04
meas_ivout_held_1v8_ua = 5.766270e-01
ngspice-46 done

# ==== ngspice stderr ====
Note: Starting dynamic gmin stepping
Warning: Dynamic gmin stepping failed
Note: Starting true gmin stepping
Note: True gmin stepping completed
Note: Starting dynamic gmin stepping
Warning: Dynamic gmin stepping failed
Note: Starting true gmin stepping
Note: True gmin stepping completed
Note: Starting dynamic gmin stepping
Note: Dynamic gmin stepping completed
Note: Starting dynamic gmin stepping
Warning: Dynamic gmin stepping failed
Note: Starting true gmin stepping
Note: True gmin stepping completed
