# corner: fs_-40c_3.63v
# process=fs temp=-40C supply=3.63V
# ngspice exit: 0
# wall clock: 82.4s (--timeout was 300s)
# result: PASS

# ==== deck (exact input given to ngspice) ====
| * enable-shutdown corner deck -- generated by sim/bin/corner-run.py, do not edit
| * corner: fs_-40c_3.63v
| .param vsup=3.63
| .option wnflag=1
| .temp -40
| .lib "/home/ubuntu/.volare/sky130A/libs.tech/combined/sky130.lib.spice" fs
| ** sch_path: sim/enable-shutdown/testbench/tb_enable_shutdown.sch
| **.subckt tb_enable_shutdown
| VVIN VIN 0 'vsup'
| .save i(vvin)
| VEN EN 0 dc 0 pwl(0 0 100u 0 101u 'vsup' 2m 'vsup' 2.001m 0 10 0)
| .save i(ven)
| VVREF VREF 0 1.2
| .save i(vvref)
| xldo VOUT VREF EN VIN ldo_3v3in_1v8out
| COUT VOUT VESR 1u m=1
| RESR VESR 0 10m m=1
| RLOAD VOUT 0 1e12 m=1
| RFORCE VOUT VF 1e12 m=1
| VFORCE VF 0 0
| .save i(vforce)
| **.ends
| 
| * expanding   symbol:  design/ldo_3v3in_1v8out.sym # of pins=4
| ** sym_path: design/ldo_3v3in_1v8out.sym
| ** sch_path: design/ldo_3v3in_1v8out.sch
| .subckt ldo_3v3in_1v8out VOUT VREF EN VIN
| *.ipin VIN
| *.ipin EN
| *.ipin VREF
| *.opin VOUT
| XR_BIAS VIN NB 0 sky130_fd_pr__res_high_po W=0.42 L=1500 mult=1 m=1
| XM_BIASN1 NB NB BIAS_ENN 0 sky130_fd_pr__nfet_g5v0d10v5 L=1 W=4 nf=1 ad=1.16 as=1.16 pd=8.58 ps=8.58 nrd=0.0725 nrs=0.0725 sa=0
| + sb=0 sd=0 mult=1 m=1
| XM_ENN BIAS_ENN EN 0 0 sky130_fd_pr__nfet_g5v0d10v5 L=0.5 W=10 nf=1 ad=2.9 as=2.9 pd=20.58 ps=20.58 nrd=0.029 nrs=0.029 sa=0 sb=0
| + sd=0 mult=1 m=1
| XM_BIASN2 BIASP NB BIAS_ENN 0 sky130_fd_pr__nfet_g5v0d10v5 L=1 W=4 nf=1 ad=1.16 as=1.16 pd=8.58 ps=8.58 nrd=0.0725 nrs=0.0725 sa=0
| + sb=0 sd=0 mult=1 m=1
| XM_BIASP1 BIASP BIASP VIN VIN sky130_fd_pr__pfet_g5v0d10v5 L=1 W=10 nf=2 ad=1.45 as=2.9 pd=10.58 ps=21.16 nrd=0.029 nrs=0.029 sa=0
| + sb=0 sd=0 mult=1 m=1
| XM_ENP2 BIASP EN VIN VIN sky130_fd_pr__pfet_g5v0d10v5 L=0.5 W=10 nf=1 ad=2.9 as=2.9 pd=20.58 ps=20.58 nrd=0.029 nrs=0.029 sa=0
| + sb=0 sd=0 mult=1 m=1
| XM_TAIL EA_TAIL BIASP VIN VIN sky130_fd_pr__pfet_g5v0d10v5 L=2 W=40 nf=8 ad=5.8 as=7.25 pd=42.32 ps=52.9 nrd=0.00725 nrs=0.00725
| + sa=0 sb=0 sd=0 mult=1 m=1
| XM_IN1 EA_D1 FB EA_TAIL VIN sky130_fd_pr__pfet_g5v0d10v5 L=2 W=10 nf=2 ad=1.45 as=2.9 pd=10.58 ps=21.16 nrd=0.029 nrs=0.029 sa=0
| + sb=0 sd=0 mult=1 m=1
| XM_IN2 EA_D2 VREF EA_TAIL VIN sky130_fd_pr__pfet_g5v0d10v5 L=2 W=10 nf=2 ad=1.45 as=2.9 pd=10.58 ps=21.16 nrd=0.029 nrs=0.029 sa=0
| + sb=0 sd=0 mult=1 m=1
| XM_MIR1 EA_D1 EA_D1 AMP_ENN 0 sky130_fd_pr__nfet_g5v0d10v5 L=4 W=10 nf=2 ad=1.45 as=2.9 pd=10.58 ps=21.16 nrd=0.029 nrs=0.029 sa=0
| + sb=0 sd=0 mult=1 m=1
| XM_MIR2 EA_OUT EA_D1 AMP_ENN 0 sky130_fd_pr__nfet_g5v0d10v5 L=4 W=10 nf=2 ad=1.45 as=2.9 pd=10.58 ps=21.16 nrd=0.029 nrs=0.029
| + sa=0 sb=0 sd=0 mult=1 m=1
| XM_ENN2 AMP_ENN EN 0 0 sky130_fd_pr__nfet_g5v0d10v5 L=0.5 W=10 nf=1 ad=2.9 as=2.9 pd=20.58 ps=20.58 nrd=0.029 nrs=0.029 sa=0 sb=0
| + sd=0 mult=1 m=1
| XM_ENP EA_OUT EN VIN VIN sky130_fd_pr__pfet_g5v0d10v5 L=0.5 W=10 nf=1 ad=2.9 as=2.9 pd=20.58 ps=20.58 nrd=0.029 nrs=0.029 sa=0
| + sb=0 sd=0 mult=1 m=1
| XM_MIR3 EA_D2 EA_D2 AMP_ENN 0 sky130_fd_pr__nfet_g5v0d10v5 L=4 W=10 nf=2 ad=1.45 as=2.9 pd=10.58 ps=21.16 nrd=0.029 nrs=0.029 sa=0
| + sb=0 sd=0 mult=1 m=1
| XM_MIR4 PB EA_D2 AMP_ENN 0 sky130_fd_pr__nfet_g5v0d10v5 L=4 W=10 nf=2 ad=1.45 as=2.9 pd=10.58 ps=21.16 nrd=0.029 nrs=0.029 sa=0
| + sb=0 sd=0 mult=1 m=1
| XM_MIRP1 PB PB VIN VIN sky130_fd_pr__pfet_g5v0d10v5 L=4 W=20 nf=4 ad=2.9 as=4.35 pd=21.16 ps=31.74 nrd=0.0145 nrs=0.0145 sa=0 sb=0
| + sd=0 mult=1 m=1
| XM_MIRP2 EA_OUT PB VIN VIN sky130_fd_pr__pfet_g5v0d10v5 L=4 W=20 nf=4 ad=2.9 as=4.35 pd=21.16 ps=31.74 nrd=0.0145 nrs=0.0145 sa=0
| + sb=0 sd=0 mult=1 m=1
| XM_ENP5 PB EN VIN VIN sky130_fd_pr__pfet_g5v0d10v5 L=0.5 W=2 nf=1 ad=0.58 as=0.58 pd=4.58 ps=4.58 nrd=0.145 nrs=0.145 sa=0 sb=0
| + sd=0 mult=1 m=1
| XM_PASS VOUT EA_OUT VIN VIN sky130_fd_pr__pfet_g5v0d10v5 L=0.5 W=100 nf=25 ad=15.08 as=15.08 pd=111.54 ps=111.54 nrd=0.0029
| + nrs=0.0029 sa=0 sb=0 sd=0 mult=25 m=25
| C_COMP VOUT EA_CZ 150p m=1
| XR_CZ EA_CZ EA_OUT 0 sky130_fd_pr__res_xhigh_po W=0.42 L=52 mult=1 m=1
| XR_FB_A VOUT FB 0 sky130_fd_pr__res_xhigh_po W=0.42 L=180 mult=1 m=1
| XR_FB_B FB N_FBB 0 sky130_fd_pr__res_xhigh_po W=0.42 L=180 mult=1 m=1
| XR_FB_C N_FBB 0 0 sky130_fd_pr__res_xhigh_po W=0.42 L=180 mult=1 m=1
| XM_SENSE CL_SNS EA_OUT VIN VIN sky130_fd_pr__pfet_g5v0d10v5 L=0.5 W=0.42 nf=1 ad=0.1218 as=0.1218 pd=1.42 ps=1.42
| + nrd=0.69047619047619 nrs=0.69047619047619 sa=0 sb=0 sd=0 mult=1 m=1
| XM_CLN1 CL_SNS CL_SNS AMP_ENN 0 sky130_fd_pr__nfet_g5v0d10v5 L=1 W=20 nf=1 ad=5.8 as=5.8 pd=40.58 ps=40.58 nrd=0.0145 nrs=0.0145
| + sa=0 sb=0 sd=0 mult=1 m=1
| XM_CLN2 CL_CMP CL_SNS AMP_ENN 0 sky130_fd_pr__nfet_g5v0d10v5 L=1 W=1.6 nf=1 ad=0.464 as=0.464 pd=3.78 ps=3.78 nrd=0.18125
| + nrs=0.18125 sa=0 sb=0 sd=0 mult=1 m=1
| XM_CLP CL_CMP BIASP VIN VIN sky130_fd_pr__pfet_g5v0d10v5 L=1 W=10 nf=2 ad=1.45 as=2.9 pd=10.58 ps=21.16 nrd=0.029 nrs=0.029 sa=0
| + sb=0 sd=0 mult=1 m=1
| XM_CLIM EA_OUT CL_CMP VIN VIN sky130_fd_pr__pfet_g5v0d10v5 L=0.5 W=20 nf=4 ad=2.9 as=4.35 pd=21.16 ps=31.74 nrd=0.0145 nrs=0.0145
| + sa=0 sb=0 sd=0 mult=1 m=1
| XM_ENP3 CL_CMP EN VIN VIN sky130_fd_pr__pfet_g5v0d10v5 L=0.5 W=2 nf=1 ad=0.58 as=0.58 pd=4.58 ps=4.58 nrd=0.145 nrs=0.145 sa=0
| + sb=0 sd=0 mult=1 m=1
| C_CL VIN CL_CMP 1p m=1
| XM_INVP ENB EN VIN VIN sky130_fd_pr__pfet_g5v0d10v5 L=0.5 W=2 nf=1 ad=0.58 as=0.58 pd=4.58 ps=4.58 nrd=0.145 nrs=0.145 sa=0 sb=0
| + sd=0 mult=1 m=1
| XM_INVN ENB EN 0 0 sky130_fd_pr__nfet_g5v0d10v5 L=0.5 W=1 nf=1 ad=0.29 as=0.29 pd=2.58 ps=2.58 nrd=0.29 nrs=0.29 sa=0 sb=0 sd=0
| + mult=1 m=1
| XM_SSDIS SS ENB 0 0 sky130_fd_pr__nfet_g5v0d10v5 L=0.5 W=2 nf=1 ad=0.58 as=0.58 pd=4.58 ps=4.58 nrd=0.145 nrs=0.145 sa=0 sb=0 sd=0
| + mult=1 m=1
| XM_SSCHG SS BIASP VIN VIN sky130_fd_pr__pfet_g5v0d10v5 L=8 W=1 nf=1 ad=0.29 as=0.29 pd=2.58 ps=2.58 nrd=0.29 nrs=0.29 sa=0 sb=0
| + sd=0 mult=1 m=1
| C_SS SS 0 10p m=1
| XM_IN2S EA_D2 SS EA_TAIL VIN sky130_fd_pr__pfet_g5v0d10v5 L=2 W=10 nf=2 ad=1.45 as=2.9 pd=10.58 ps=21.16 nrd=0.029 nrs=0.029 sa=0
| + sb=0 sd=0 mult=1 m=1
| XM_TSPS TS_SNS BIASP VIN VIN sky130_fd_pr__pfet_g5v0d10v5 L=1 W=2.5 nf=1 ad=0.725 as=0.725 pd=5.58 ps=5.58 nrd=0.116 nrs=0.116
| + sa=0 sb=0 sd=0 mult=1 m=1
| XM_TSD1 TS_SNS TS_SNS TS_MID 0 sky130_fd_pr__nfet_g5v0d10v5 L=1 W=80 nf=16 ad=11.6 as=13.05 pd=84.64 ps=95.22 nrd=0.003625
| + nrs=0.003625 sa=0 sb=0 sd=0 mult=1 m=1
| XM_TSD2 TS_MID TS_MID AMP_ENN 0 sky130_fd_pr__nfet_g5v0d10v5 L=1 W=80 nf=16 ad=11.6 as=13.05 pd=84.64 ps=95.22 nrd=0.003625
| + nrs=0.003625 sa=0 sb=0 sd=0 mult=1 m=1
| XM_TSPR TS_REF BIASP VIN VIN sky130_fd_pr__pfet_g5v0d10v5 L=1 W=2.5 nf=1 ad=0.725 as=0.725 pd=5.58 ps=5.58 nrd=0.116 nrs=0.116
| + sa=0 sb=0 sd=0 mult=1 m=1
| XM_TSR1 TS_REF TS_REF AMP_ENN 0 sky130_fd_pr__nfet_g5v0d10v5 L=10 W=2 nf=1 ad=0.58 as=0.58 pd=4.58 ps=4.58 nrd=0.145 nrs=0.145
| + sa=0 sb=0 sd=0 mult=1 m=1
| XM_TCTAIL TC_TAIL NB AMP_ENN 0 sky130_fd_pr__nfet_g5v0d10v5 L=1 W=1 nf=1 ad=0.29 as=0.29 pd=2.58 ps=2.58 nrd=0.29 nrs=0.29 sa=0
| + sb=0 sd=0 mult=1 m=1
| XM_TCN1 TC_D1 TS_SNS TC_TAIL 0 sky130_fd_pr__nfet_g5v0d10v5 L=2 W=10 nf=2 ad=1.45 as=2.9 pd=10.58 ps=21.16 nrd=0.029 nrs=0.029
| + sa=0 sb=0 sd=0 mult=1 m=1
| XM_TCN2 TS_CMP TS_REF TC_TAIL 0 sky130_fd_pr__nfet_g5v0d10v5 L=2 W=10 nf=2 ad=1.45 as=2.9 pd=10.58 ps=21.16 nrd=0.029 nrs=0.029
| + sa=0 sb=0 sd=0 mult=1 m=1
| XM_TCP1 TC_D1 TC_D1 VIN VIN sky130_fd_pr__pfet_g5v0d10v5 L=2 W=10 nf=2 ad=1.45 as=2.9 pd=10.58 ps=21.16 nrd=0.029 nrs=0.029 sa=0
| + sb=0 sd=0 mult=1 m=1
| XM_TCP2 TS_CMP TC_D1 VIN VIN sky130_fd_pr__pfet_g5v0d10v5 L=2 W=10 nf=2 ad=1.45 as=2.9 pd=10.58 ps=21.16 nrd=0.029 nrs=0.029 sa=0
| + sb=0 sd=0 mult=1 m=1
| XM_TSHUT EA_OUT TS_CMP VIN VIN sky130_fd_pr__pfet_g5v0d10v5 L=0.5 W=20 nf=4 ad=2.9 as=4.35 pd=21.16 ps=31.74 nrd=0.0145 nrs=0.0145
| + sa=0 sb=0 sd=0 mult=1 m=1
| XM_TSHYSB TS_HYS BIASP VIN VIN sky130_fd_pr__pfet_g5v0d10v5 L=2 W=1.5 nf=1 ad=0.435 as=0.435 pd=3.58 ps=3.58 nrd=0.193333333333333
| + nrs=0.193333333333333 sa=0 sb=0 sd=0 mult=1 m=1
| XM_TSHYS TS_REF TS_CMP TS_HYS VIN sky130_fd_pr__pfet_g5v0d10v5 L=0.5 W=2 nf=1 ad=0.58 as=0.58 pd=4.58 ps=4.58 nrd=0.145 nrs=0.145
| + sa=0 sb=0 sd=0 mult=1 m=1
| XM_ENP4 TS_CMP EN VIN VIN sky130_fd_pr__pfet_g5v0d10v5 L=0.5 W=2 nf=1 ad=0.58 as=0.58 pd=4.58 ps=4.58 nrd=0.145 nrs=0.145 sa=0
| + sb=0 sd=0 mult=1 m=1
| C_TS VIN TS_CMP 1p m=1
| .ends
| 
| .control
| save all
| * --- leg 1: full cycle -- EN rises at t=100us, block regulates, EN falls at t=2ms ---
| tran 5u 4.5m
| meas tran vpre find v(vout) at=1.9m
| meas tran iq_avg avg i(vvin) from=3.5m to=4.5m
| meas tran iq_worst min i(vvin) from=3.5m to=4.5m
| meas tran vhold find v(vout) at=4m
| * --- leg 2: static disabled state, output free-floating ---
| op
| * --- leg 3: static disabled state, VOUT forced to 0 V (Vin->Vout leakage) ---
| alter rforce = 1m
| op
| * --- leg 4: static disabled state, VOUT held at the 1.8 V nominal output ---
| alter vforce = 1.8
| op
| let meas_iq_shutdown_static_ua = -1e6*op1.i(vvin)
| let meas_iq_shutdown_after_edge_ua = -1e6*tran1.iq_worst
| let meas_iq_shutdown_after_edge_mean_ua = -1e6*tran1.iq_avg
| let meas_leak_vin_vout_ua = 1e6*op2.i(vforce)
| let meas_vout_pre_disable_v = tran1.vpre
| let meas_vout_hold_2ms_v = tran1.vhold
| let meas_vout_disabled_static_v = op1.v(vout)
| let meas_ivout_held_1v8_ua = -1e6*op3.i(vforce)
| print meas_iq_shutdown_static_ua
| print meas_iq_shutdown_after_edge_ua
| print meas_iq_shutdown_after_edge_mean_ua
| print meas_leak_vin_vout_ua
| print meas_vout_pre_disable_v
| print meas_vout_hold_2ms_v
| print meas_vout_disabled_static_v
| print meas_ivout_held_1v8_ua
| quit
| .endc
| .end

# ==== ngspice stdout ====

Note: Compatibility modes selected: hs a


Circuit: * enable-shutdown corner deck -- generated by sim/bin/corner-run.py, do not edit

option SCALE: Scale is set to 1e-06 for instance and model parameters
option SCALE: Scale is set to 1e-06 for instance and model parameters
option SCALE: Scale is set to 1e-06 for instance and model parameters
option SCALE: Scale is set to 1e-06 for instance and model parameters
Doing analysis at TEMP = -40.000000 and TNOM = 27.000000

Using KLU as Direct Linear Solver
 Reference value :  0.00000e+00
 Reference value :  4.00000e-07
 Reference value :  6.40000e-06
 Reference value :  2.64000e-05
 Reference value :  4.64000e-05
 Reference value :  6.14000e-05
 Reference value :  7.64000e-05
 Reference value :  9.57000e-05
 Reference value :  1.00300e-04
 Reference value :  1.00411e-04
 Reference value :  1.00493e-04
 Reference value :  1.00644e-04
 Reference value :  1.00818e-04
 Reference value :  1.00881e-04
 Reference value :  1.00915e-04
 Reference value :  1.00946e-04
 Reference value :  1.01000e-04
 Reference value :  1.01009e-04
 Reference value :  1.01065e-04
 Reference value :  1.01469e-04
 Reference value :  1.02576e-04
 Reference value :  1.11462e-04
 Reference value :  1.21462e-04
 Reference value :  1.31462e-04
 Reference value :  1.46462e-04
 Reference value :  1.61462e-04
 Reference value :  1.76462e-04
 Reference value :  1.91462e-04
 Reference value :  2.01462e-04
 Reference value :  2.16462e-04
 Reference value :  2.31462e-04
 Reference value :  2.46462e-04
 Reference value :  2.61462e-04
 Reference value :  2.76462e-04
 Reference value :  2.91462e-04
 Reference value :  3.06462e-04
 Reference value :  3.21462e-04
 Reference value :  3.36462e-04
 Reference value :  3.51462e-04
 Reference value :  3.66462e-04
 Reference value :  3.81462e-04
 Reference value :  3.96462e-04
 Reference value :  4.11462e-04
 Reference value :  4.26462e-04
 Reference value :  4.41462e-04
 Reference value :  4.56462e-04
 Reference value :  4.71462e-04
 Reference value :  4.86462e-04
 Reference value :  5.01462e-04
 Reference value :  5.11462e-04
 Reference value :  5.26462e-04
 Reference value :  5.41462e-04
 Reference value :  5.51462e-04
 Reference value :  5.66462e-04
 Reference value :  5.81462e-04
 Reference value :  5.96462e-04
 Reference value :  6.11462e-04
 Reference value :  6.21462e-04
 Reference value :  6.31462e-04
 Reference value :  6.46462e-04
 Reference value :  6.61462e-04
 Reference value :  6.76462e-04
 Reference value :  6.91462e-04
 Reference value :  7.06462e-04
 Reference value :  7.26462e-04
 Reference value :  7.46462e-04
 Reference value :  7.66462e-04
 Reference value :  7.86462e-04
 Reference value :  8.06462e-04
 Reference value :  8.21462e-04
 Reference value :  8.36462e-04
 Reference value :  8.51462e-04
 Reference value :  8.66462e-04
 Reference value :  8.81462e-04
 Reference value :  8.96462e-04
 Reference value :  9.11462e-04
 Reference value :  9.26462e-04
 Reference value :  9.46462e-04
 Reference value :  9.61462e-04
 Reference value :  9.81462e-04
 Reference value :  1.00146e-03
 Reference value :  1.02146e-03
 Reference value :  1.04146e-03
 Reference value :  1.06146e-03
 Reference value :  1.08146e-03
 Reference value :  1.10146e-03
 Reference value :  1.12146e-03
 Reference value :  1.14146e-03
 Reference value :  1.16146e-03
 Reference value :  1.18146e-03
 Reference value :  1.20146e-03
 Reference value :  1.22146e-03
 Reference value :  1.24146e-03
 Reference value :  1.26146e-03
 Reference value :  1.28146e-03
 Reference value :  1.29646e-03
 Reference value :  1.31646e-03
 Reference value :  1.33146e-03
 Reference value :  1.35146e-03
 Reference value :  1.37146e-03
 Reference value :  1.39146e-03
 Reference value :  1.41146e-03
 Reference value :  1.43146e-03
 Reference value :  1.45146e-03
 Reference value :  1.46646e-03
 Reference value :  1.48646e-03
 Reference value :  1.50646e-03
 Reference value :  1.52646e-03
 Reference value :  1.54646e-03
 Reference value :  1.56646e-03
 Reference value :  1.58646e-03
 Reference value :  1.60646e-03
 Reference value :  1.62646e-03
 Reference value :  1.64146e-03
 Reference value :  1.66146e-03
 Reference value :  1.68146e-03
 Reference value :  1.70146e-03
 Reference value :  1.72146e-03
 Reference value :  1.74146e-03
 Reference value :  1.76146e-03
 Reference value :  1.78146e-03
 Reference value :  1.80146e-03
 Reference value :  1.82646e-03
 Reference value :  1.84646e-03
 Reference value :  1.86646e-03
 Reference value :  1.88646e-03
 Reference value :  1.90146e-03
 Reference value :  1.91646e-03
 Reference value :  1.93646e-03
 Reference value :  1.95646e-03
 Reference value :  1.97146e-03
 Reference value :  1.99146e-03
 Reference value :  2.00030e-03
 Reference value :  2.00041e-03
 Reference value :  2.00062e-03
 Reference value :  2.00067e-03
 Reference value :  2.00074e-03
 Reference value :  2.00074e-03
 Reference value :  2.00076e-03
 Reference value :  2.00079e-03
 Reference value :  2.00092e-03
 Reference value :  2.00103e-03
 Reference value :  2.00127e-03
 Reference value :  2.00209e-03
 Reference value :  2.00524e-03
 Reference value :  2.01866e-03
 Reference value :  2.03366e-03
 Reference value :  2.04866e-03
 Reference value :  2.06866e-03
 Reference value :  2.08866e-03
 Reference value :  2.10366e-03
 Reference value :  2.12366e-03
 Reference value :  2.14366e-03
 Reference value :  2.16866e-03
 Reference value :  2.18866e-03
 Reference value :  2.20866e-03
 Reference value :  2.23366e-03
 Reference value :  2.25366e-03
 Reference value :  2.27366e-03
 Reference value :  2.29366e-03
 Reference value :  2.30866e-03
 Reference value :  2.32866e-03
 Reference value :  2.34366e-03
 Reference value :  2.35866e-03
 Reference value :  2.37366e-03
 Reference value :  2.39366e-03
 Reference value :  2.41366e-03
 Reference value :  2.43366e-03
 Reference value :  2.45366e-03
 Reference value :  2.47366e-03
 Reference value :  2.49366e-03
 Reference value :  2.51366e-03
 Reference value :  2.52866e-03
 Reference value :  2.54866e-03
 Reference value :  2.56366e-03
 Reference value :  2.58366e-03
 Reference value :  2.60366e-03
 Reference value :  2.62366e-03
 Reference value :  2.64366e-03
 Reference value :  2.65866e-03
 Reference value :  2.67866e-03
 Reference value :  2.69866e-03
 Reference value :  2.71866e-03
 Reference value :  2.73366e-03
 Reference value :  2.74866e-03
 Reference value :  2.76366e-03
 Reference value :  2.78366e-03
 Reference value :  2.80366e-03
 Reference value :  2.82366e-03
 Reference value :  2.84366e-03
 Reference value :  2.86366e-03
 Reference value :  2.88366e-03
 Reference value :  2.89866e-03
 Reference value :  2.91366e-03
 Reference value :  2.92866e-03
 Reference value :  2.94866e-03
 Reference value :  2.96866e-03
 Reference value :  2.98866e-03
 Reference value :  3.00866e-03
 Reference value :  3.02866e-03
 Reference value :  3.04866e-03
 Reference value :  3.06366e-03
 Reference value :  3.08866e-03
 Reference value :  3.10866e-03
 Reference value :  3.12866e-03
 Reference value :  3.15366e-03
 Reference value :  3.17866e-03
 Reference value :  3.19866e-03
 Reference value :  3.21366e-03
 Reference value :  3.22866e-03
 Reference value :  3.24866e-03
 Reference value :  3.26866e-03
 Reference value :  3.28866e-03
 Reference value :  3.30866e-03
 Reference value :  3.32866e-03
 Reference value :  3.35366e-03
 Reference value :  3.37366e-03
 Reference value :  3.39366e-03
 Reference value :  3.40866e-03
 Reference value :  3.42366e-03
 Reference value :  3.44366e-03
 Reference value :  3.46366e-03
 Reference value :  3.48366e-03
 Reference value :  3.50366e-03
 Reference value :  3.51866e-03
 Reference value :  3.53866e-03
 Reference value :  3.55866e-03
 Reference value :  3.57866e-03
 Reference value :  3.59866e-03
 Reference value :  3.61866e-03
 Reference value :  3.63866e-03
 Reference value :  3.65866e-03
 Reference value :  3.67866e-03
 Reference value :  3.69866e-03
 Reference value :  3.72366e-03
 Reference value :  3.73866e-03
 Reference value :  3.75366e-03
 Reference value :  3.76866e-03
 Reference value :  3.78366e-03
 Reference value :  3.80366e-03
 Reference value :  3.81866e-03
 Reference value :  3.83866e-03
 Reference value :  3.85366e-03
 Reference value :  3.86866e-03
 Reference value :  3.88366e-03
 Reference value :  3.90366e-03
 Reference value :  3.91866e-03
 Reference value :  3.94366e-03
 Reference value :  3.97366e-03
 Reference value :  3.99866e-03
 Reference value :  4.02866e-03
 Reference value :  4.05866e-03
 Reference value :  4.08366e-03
 Reference value :  4.10866e-03
 Reference value :  4.13366e-03
 Reference value :  4.16366e-03
 Reference value :  4.18866e-03
 Reference value :  4.21866e-03
 Reference value :  4.24866e-03
 Reference value :  4.27366e-03
 Reference value :  4.29866e-03
 Reference value :  4.32366e-03
 Reference value :  4.35366e-03
 Reference value :  4.36866e-03
 Reference value :  4.38866e-03
 Reference value :  4.40366e-03
 Reference value :  4.41866e-03
 Reference value :  4.43366e-03
 Reference value :  4.44866e-03
 Reference value :  4.46366e-03
 Reference value :  4.48366e-03
 Reference value :  4.50000e-03
No. of Data Rows : 960
vpre                =  1.80874e+00
iq_avg              =  -2.01997e-10 from=  3.50000e-03 to=  4.50000e-03
iq_worst            =  -2.41274e-10 at=  3.50366e-03
vhold               =  1.80755e+00
Doing analysis at TEMP = -40.000000 and TNOM = 27.000000

Using KLU as Direct Linear Solver
 Reference value :  0.00000e+00
No. of Data Rows : 1
Doing analysis at TEMP = -40.000000 and TNOM = 27.000000

Using KLU as Direct Linear Solver
 Reference value :  0.00000e+00
No. of Data Rows : 1
Doing analysis at TEMP = -40.000000 and TNOM = 27.000000

Using KLU as Direct Linear Solver
 Reference value :  0.00000e+00
No. of Data Rows : 1
meas_iq_shutdown_static_ua = 1.603055e-04
meas_iq_shutdown_after_edge_ua = 2.412739e-04
meas_iq_shutdown_after_edge_mean_ua = 2.019965e-04
meas_leak_vin_vout_ua = 9.083828e-05
meas_vout_pre_disable_v = 1.808741e+00
meas_vout_hold_2ms_v = 1.807546e+00
meas_vout_disabled_static_v = 2.835985e-04
meas_ivout_held_1v8_ua = 5.766403e-01
ngspice-46 done

# ==== ngspice stderr ====
Note: Starting dynamic gmin stepping
Note: Dynamic gmin stepping completed
Note: Starting dynamic gmin stepping
Note: Dynamic gmin stepping completed
Note: Starting dynamic gmin stepping
Note: Dynamic gmin stepping completed
Note: Starting dynamic gmin stepping
Warning: Dynamic gmin stepping failed
Note: Starting true gmin stepping
Note: True gmin stepping completed
