# corner: fs_-40c_3.30v
# process=fs temp=-40C supply=3.30V
# ngspice exit: 0
# wall clock: 63.7s (--timeout was 300s)
# result: PASS

# ==== deck (exact input given to ngspice) ====
| * enable-shutdown corner deck -- generated by sim/bin/corner-run.py, do not edit
| * corner: fs_-40c_3.30v
| .param vsup=3.3
| .option wnflag=1
| .temp -40
| .lib "/home/ubuntu/.volare/sky130A/libs.tech/combined/sky130.lib.spice" fs
| ** sch_path: sim/enable-shutdown/testbench/tb_enable_shutdown.sch
| **.subckt tb_enable_shutdown
| VVIN VIN 0 'vsup'
| .save i(vvin)
| VEN EN 0 dc 0 pwl(0 0 100u 0 101u 'vsup' 2m 'vsup' 2.001m 0 10 0)
| .save i(ven)
| VVREF VREF 0 1.2
| .save i(vvref)
| xldo VOUT VREF EN VIN ldo_3v3in_1v8out
| COUT VOUT VESR 1u m=1
| RESR VESR 0 10m m=1
| RLOAD VOUT 0 1e12 m=1
| RFORCE VOUT VF 1e12 m=1
| VFORCE VF 0 0
| .save i(vforce)
| **.ends
| 
| * expanding   symbol:  design/ldo_3v3in_1v8out.sym # of pins=4
| ** sym_path: design/ldo_3v3in_1v8out.sym
| ** sch_path: design/ldo_3v3in_1v8out.sch
| .subckt ldo_3v3in_1v8out VOUT VREF EN VIN
| *.ipin VIN
| *.ipin EN
| *.ipin VREF
| *.opin VOUT
| XR_BIAS VIN NB 0 sky130_fd_pr__res_high_po W=0.42 L=1500 mult=1 m=1
| XM_BIASN1 NB NB BIAS_ENN 0 sky130_fd_pr__nfet_g5v0d10v5 L=1 W=4 nf=1 ad=1.16 as=1.16 pd=8.58 ps=8.58 nrd=0.0725 nrs=0.0725 sa=0
| + sb=0 sd=0 mult=1 m=1
| XM_ENN BIAS_ENN EN 0 0 sky130_fd_pr__nfet_g5v0d10v5 L=0.5 W=10 nf=1 ad=2.9 as=2.9 pd=20.58 ps=20.58 nrd=0.029 nrs=0.029 sa=0 sb=0
| + sd=0 mult=1 m=1
| XM_BIASN2 BIASP NB BIAS_ENN 0 sky130_fd_pr__nfet_g5v0d10v5 L=1 W=4 nf=1 ad=1.16 as=1.16 pd=8.58 ps=8.58 nrd=0.0725 nrs=0.0725 sa=0
| + sb=0 sd=0 mult=1 m=1
| XM_BIASP1 BIASP BIASP VIN VIN sky130_fd_pr__pfet_g5v0d10v5 L=1 W=10 nf=2 ad=1.45 as=2.9 pd=10.58 ps=21.16 nrd=0.029 nrs=0.029 sa=0
| + sb=0 sd=0 mult=1 m=1
| XM_ENP2 BIASP EN VIN VIN sky130_fd_pr__pfet_g5v0d10v5 L=0.5 W=10 nf=1 ad=2.9 as=2.9 pd=20.58 ps=20.58 nrd=0.029 nrs=0.029 sa=0
| + sb=0 sd=0 mult=1 m=1
| XM_TAIL EA_TAIL BIASP VIN VIN sky130_fd_pr__pfet_g5v0d10v5 L=2 W=40 nf=8 ad=5.8 as=7.25 pd=42.32 ps=52.9 nrd=0.00725 nrs=0.00725
| + sa=0 sb=0 sd=0 mult=1 m=1
| XM_IN1 EA_D1 FB EA_TAIL VIN sky130_fd_pr__pfet_g5v0d10v5 L=2 W=10 nf=2 ad=1.45 as=2.9 pd=10.58 ps=21.16 nrd=0.029 nrs=0.029 sa=0
| + sb=0 sd=0 mult=1 m=1
| XM_IN2 EA_D2 VREF EA_TAIL VIN sky130_fd_pr__pfet_g5v0d10v5 L=2 W=10 nf=2 ad=1.45 as=2.9 pd=10.58 ps=21.16 nrd=0.029 nrs=0.029 sa=0
| + sb=0 sd=0 mult=1 m=1
| XM_MIR1 EA_D1 EA_D1 AMP_ENN 0 sky130_fd_pr__nfet_g5v0d10v5 L=4 W=10 nf=2 ad=1.45 as=2.9 pd=10.58 ps=21.16 nrd=0.029 nrs=0.029 sa=0
| + sb=0 sd=0 mult=1 m=1
| XM_MIR2 EA_OUT EA_D1 AMP_ENN 0 sky130_fd_pr__nfet_g5v0d10v5 L=4 W=10 nf=2 ad=1.45 as=2.9 pd=10.58 ps=21.16 nrd=0.029 nrs=0.029
| + sa=0 sb=0 sd=0 mult=1 m=1
| XM_ENN2 AMP_ENN EN 0 0 sky130_fd_pr__nfet_g5v0d10v5 L=0.5 W=10 nf=1 ad=2.9 as=2.9 pd=20.58 ps=20.58 nrd=0.029 nrs=0.029 sa=0 sb=0
| + sd=0 mult=1 m=1
| XM_ENP EA_OUT EN VIN VIN sky130_fd_pr__pfet_g5v0d10v5 L=0.5 W=10 nf=1 ad=2.9 as=2.9 pd=20.58 ps=20.58 nrd=0.029 nrs=0.029 sa=0
| + sb=0 sd=0 mult=1 m=1
| XM_MIR3 EA_D2 EA_D2 AMP_ENN 0 sky130_fd_pr__nfet_g5v0d10v5 L=4 W=10 nf=2 ad=1.45 as=2.9 pd=10.58 ps=21.16 nrd=0.029 nrs=0.029 sa=0
| + sb=0 sd=0 mult=1 m=1
| XM_MIR4 PB EA_D2 AMP_ENN 0 sky130_fd_pr__nfet_g5v0d10v5 L=4 W=10 nf=2 ad=1.45 as=2.9 pd=10.58 ps=21.16 nrd=0.029 nrs=0.029 sa=0
| + sb=0 sd=0 mult=1 m=1
| XM_MIRP1 PB PB VIN VIN sky130_fd_pr__pfet_g5v0d10v5 L=4 W=20 nf=4 ad=2.9 as=4.35 pd=21.16 ps=31.74 nrd=0.0145 nrs=0.0145 sa=0 sb=0
| + sd=0 mult=1 m=1
| XM_MIRP2 EA_OUT PB VIN VIN sky130_fd_pr__pfet_g5v0d10v5 L=4 W=20 nf=4 ad=2.9 as=4.35 pd=21.16 ps=31.74 nrd=0.0145 nrs=0.0145 sa=0
| + sb=0 sd=0 mult=1 m=1
| XM_ENP5 PB EN VIN VIN sky130_fd_pr__pfet_g5v0d10v5 L=0.5 W=2 nf=1 ad=0.58 as=0.58 pd=4.58 ps=4.58 nrd=0.145 nrs=0.145 sa=0 sb=0
| + sd=0 mult=1 m=1
| XM_PASS VOUT EA_OUT VIN VIN sky130_fd_pr__pfet_g5v0d10v5 L=0.5 W=100 nf=25 ad=15.08 as=15.08 pd=111.54 ps=111.54 nrd=0.0029
| + nrs=0.0029 sa=0 sb=0 sd=0 mult=25 m=25
| C_COMP VOUT EA_CZ 150p m=1
| XR_CZ EA_CZ EA_OUT 0 sky130_fd_pr__res_xhigh_po W=0.42 L=52 mult=1 m=1
| XR_FB_A VOUT FB 0 sky130_fd_pr__res_xhigh_po W=0.42 L=180 mult=1 m=1
| XR_FB_B FB N_FBB 0 sky130_fd_pr__res_xhigh_po W=0.42 L=180 mult=1 m=1
| XR_FB_C N_FBB 0 0 sky130_fd_pr__res_xhigh_po W=0.42 L=180 mult=1 m=1
| XM_SENSE CL_SNS EA_OUT VIN VIN sky130_fd_pr__pfet_g5v0d10v5 L=0.5 W=0.42 nf=1 ad=0.1218 as=0.1218 pd=1.42 ps=1.42
| + nrd=0.69047619047619 nrs=0.69047619047619 sa=0 sb=0 sd=0 mult=1 m=1
| XM_CLN1 CL_SNS CL_SNS AMP_ENN 0 sky130_fd_pr__nfet_g5v0d10v5 L=1 W=20 nf=1 ad=5.8 as=5.8 pd=40.58 ps=40.58 nrd=0.0145 nrs=0.0145
| + sa=0 sb=0 sd=0 mult=1 m=1
| XM_CLN2 CL_CMP CL_SNS AMP_ENN 0 sky130_fd_pr__nfet_g5v0d10v5 L=1 W=1.6 nf=1 ad=0.464 as=0.464 pd=3.78 ps=3.78 nrd=0.18125
| + nrs=0.18125 sa=0 sb=0 sd=0 mult=1 m=1
| XM_CLP CL_CMP BIASP VIN VIN sky130_fd_pr__pfet_g5v0d10v5 L=1 W=10 nf=2 ad=1.45 as=2.9 pd=10.58 ps=21.16 nrd=0.029 nrs=0.029 sa=0
| + sb=0 sd=0 mult=1 m=1
| XM_CLIM EA_OUT CL_CMP VIN VIN sky130_fd_pr__pfet_g5v0d10v5 L=0.5 W=20 nf=4 ad=2.9 as=4.35 pd=21.16 ps=31.74 nrd=0.0145 nrs=0.0145
| + sa=0 sb=0 sd=0 mult=1 m=1
| XM_ENP3 CL_CMP EN VIN VIN sky130_fd_pr__pfet_g5v0d10v5 L=0.5 W=2 nf=1 ad=0.58 as=0.58 pd=4.58 ps=4.58 nrd=0.145 nrs=0.145 sa=0
| + sb=0 sd=0 mult=1 m=1
| C_CL VIN CL_CMP 1p m=1
| XM_INVP ENB EN VIN VIN sky130_fd_pr__pfet_g5v0d10v5 L=0.5 W=2 nf=1 ad=0.58 as=0.58 pd=4.58 ps=4.58 nrd=0.145 nrs=0.145 sa=0 sb=0
| + sd=0 mult=1 m=1
| XM_INVN ENB EN 0 0 sky130_fd_pr__nfet_g5v0d10v5 L=0.5 W=1 nf=1 ad=0.29 as=0.29 pd=2.58 ps=2.58 nrd=0.29 nrs=0.29 sa=0 sb=0 sd=0
| + mult=1 m=1
| XM_SSDIS SS ENB 0 0 sky130_fd_pr__nfet_g5v0d10v5 L=0.5 W=2 nf=1 ad=0.58 as=0.58 pd=4.58 ps=4.58 nrd=0.145 nrs=0.145 sa=0 sb=0 sd=0
| + mult=1 m=1
| XM_SSCHG SS BIASP VIN VIN sky130_fd_pr__pfet_g5v0d10v5 L=8 W=1 nf=1 ad=0.29 as=0.29 pd=2.58 ps=2.58 nrd=0.29 nrs=0.29 sa=0 sb=0
| + sd=0 mult=1 m=1
| C_SS SS 0 10p m=1
| XM_IN2S EA_D2 SS EA_TAIL VIN sky130_fd_pr__pfet_g5v0d10v5 L=2 W=10 nf=2 ad=1.45 as=2.9 pd=10.58 ps=21.16 nrd=0.029 nrs=0.029 sa=0
| + sb=0 sd=0 mult=1 m=1
| XM_TSPS TS_SNS BIASP VIN VIN sky130_fd_pr__pfet_g5v0d10v5 L=1 W=2.5 nf=1 ad=0.725 as=0.725 pd=5.58 ps=5.58 nrd=0.116 nrs=0.116
| + sa=0 sb=0 sd=0 mult=1 m=1
| XM_TSD1 TS_SNS TS_SNS TS_MID 0 sky130_fd_pr__nfet_g5v0d10v5 L=1 W=80 nf=16 ad=11.6 as=13.05 pd=84.64 ps=95.22 nrd=0.003625
| + nrs=0.003625 sa=0 sb=0 sd=0 mult=1 m=1
| XM_TSD2 TS_MID TS_MID AMP_ENN 0 sky130_fd_pr__nfet_g5v0d10v5 L=1 W=80 nf=16 ad=11.6 as=13.05 pd=84.64 ps=95.22 nrd=0.003625
| + nrs=0.003625 sa=0 sb=0 sd=0 mult=1 m=1
| XM_TSPR TS_REF BIASP VIN VIN sky130_fd_pr__pfet_g5v0d10v5 L=1 W=2.5 nf=1 ad=0.725 as=0.725 pd=5.58 ps=5.58 nrd=0.116 nrs=0.116
| + sa=0 sb=0 sd=0 mult=1 m=1
| XM_TSR1 TS_REF TS_REF AMP_ENN 0 sky130_fd_pr__nfet_g5v0d10v5 L=10 W=2 nf=1 ad=0.58 as=0.58 pd=4.58 ps=4.58 nrd=0.145 nrs=0.145
| + sa=0 sb=0 sd=0 mult=1 m=1
| XM_TCTAIL TC_TAIL NB AMP_ENN 0 sky130_fd_pr__nfet_g5v0d10v5 L=1 W=1 nf=1 ad=0.29 as=0.29 pd=2.58 ps=2.58 nrd=0.29 nrs=0.29 sa=0
| + sb=0 sd=0 mult=1 m=1
| XM_TCN1 TC_D1 TS_SNS TC_TAIL 0 sky130_fd_pr__nfet_g5v0d10v5 L=2 W=10 nf=2 ad=1.45 as=2.9 pd=10.58 ps=21.16 nrd=0.029 nrs=0.029
| + sa=0 sb=0 sd=0 mult=1 m=1
| XM_TCN2 TS_CMP TS_REF TC_TAIL 0 sky130_fd_pr__nfet_g5v0d10v5 L=2 W=10 nf=2 ad=1.45 as=2.9 pd=10.58 ps=21.16 nrd=0.029 nrs=0.029
| + sa=0 sb=0 sd=0 mult=1 m=1
| XM_TCP1 TC_D1 TC_D1 VIN VIN sky130_fd_pr__pfet_g5v0d10v5 L=2 W=10 nf=2 ad=1.45 as=2.9 pd=10.58 ps=21.16 nrd=0.029 nrs=0.029 sa=0
| + sb=0 sd=0 mult=1 m=1
| XM_TCP2 TS_CMP TC_D1 VIN VIN sky130_fd_pr__pfet_g5v0d10v5 L=2 W=10 nf=2 ad=1.45 as=2.9 pd=10.58 ps=21.16 nrd=0.029 nrs=0.029 sa=0
| + sb=0 sd=0 mult=1 m=1
| XM_TSHUT EA_OUT TS_CMP VIN VIN sky130_fd_pr__pfet_g5v0d10v5 L=0.5 W=20 nf=4 ad=2.9 as=4.35 pd=21.16 ps=31.74 nrd=0.0145 nrs=0.0145
| + sa=0 sb=0 sd=0 mult=1 m=1
| XM_TSHYSB TS_HYS BIASP VIN VIN sky130_fd_pr__pfet_g5v0d10v5 L=2 W=1.5 nf=1 ad=0.435 as=0.435 pd=3.58 ps=3.58 nrd=0.193333333333333
| + nrs=0.193333333333333 sa=0 sb=0 sd=0 mult=1 m=1
| XM_TSHYS TS_REF TS_CMP TS_HYS VIN sky130_fd_pr__pfet_g5v0d10v5 L=0.5 W=2 nf=1 ad=0.58 as=0.58 pd=4.58 ps=4.58 nrd=0.145 nrs=0.145
| + sa=0 sb=0 sd=0 mult=1 m=1
| XM_ENP4 TS_CMP EN VIN VIN sky130_fd_pr__pfet_g5v0d10v5 L=0.5 W=2 nf=1 ad=0.58 as=0.58 pd=4.58 ps=4.58 nrd=0.145 nrs=0.145 sa=0
| + sb=0 sd=0 mult=1 m=1
| C_TS VIN TS_CMP 1p m=1
| .ends
| 
| .control
| save all
| * --- leg 1: full cycle -- EN rises at t=100us, block regulates, EN falls at t=2ms ---
| tran 5u 4.5m
| meas tran vpre find v(vout) at=1.9m
| meas tran iq_avg avg i(vvin) from=3.5m to=4.5m
| meas tran iq_worst min i(vvin) from=3.5m to=4.5m
| meas tran vhold find v(vout) at=4m
| * --- leg 2: static disabled state, output free-floating ---
| op
| * --- leg 3: static disabled state, VOUT forced to 0 V (Vin->Vout leakage) ---
| alter rforce = 1m
| op
| * --- leg 4: static disabled state, VOUT held at the 1.8 V nominal output ---
| alter vforce = 1.8
| op
| let meas_iq_shutdown_static_ua = -1e6*op1.i(vvin)
| let meas_iq_shutdown_after_edge_ua = -1e6*tran1.iq_worst
| let meas_iq_shutdown_after_edge_mean_ua = -1e6*tran1.iq_avg
| let meas_leak_vin_vout_ua = 1e6*op2.i(vforce)
| let meas_vout_pre_disable_v = tran1.vpre
| let meas_vout_hold_2ms_v = tran1.vhold
| let meas_vout_disabled_static_v = op1.v(vout)
| let meas_ivout_held_1v8_ua = -1e6*op3.i(vforce)
| print meas_iq_shutdown_static_ua
| print meas_iq_shutdown_after_edge_ua
| print meas_iq_shutdown_after_edge_mean_ua
| print meas_leak_vin_vout_ua
| print meas_vout_pre_disable_v
| print meas_vout_hold_2ms_v
| print meas_vout_disabled_static_v
| print meas_ivout_held_1v8_ua
| quit
| .endc
| .end

# ==== ngspice stdout ====

Note: Compatibility modes selected: hs a


Circuit: * enable-shutdown corner deck -- generated by sim/bin/corner-run.py, do not edit

option SCALE: Scale is set to 1e-06 for instance and model parameters
option SCALE: Scale is set to 1e-06 for instance and model parameters
option SCALE: Scale is set to 1e-06 for instance and model parameters
option SCALE: Scale is set to 1e-06 for instance and model parameters
Doing analysis at TEMP = -40.000000 and TNOM = 27.000000

Using KLU as Direct Linear Solver
 Reference value :  0.00000e+00
 Reference value :  4.00000e-07
 Reference value :  6.40000e-06
 Reference value :  2.14000e-05
 Reference value :  3.64000e-05
 Reference value :  5.14000e-05
 Reference value :  6.64000e-05
 Reference value :  8.64000e-05
 Reference value :  1.00100e-04
 Reference value :  1.00300e-04
 Reference value :  1.00414e-04
 Reference value :  1.00508e-04
 Reference value :  1.00570e-04
 Reference value :  1.00714e-04
 Reference value :  1.00783e-04
 Reference value :  1.00842e-04
 Reference value :  1.00888e-04
 Reference value :  1.00929e-04
 Reference value :  1.01000e-04
 Reference value :  1.01027e-04
 Reference value :  1.01317e-04
 Reference value :  1.06461e-04
 Reference value :  1.21461e-04
 Reference value :  1.36461e-04
 Reference value :  1.51461e-04
 Reference value :  1.66461e-04
 Reference value :  1.86461e-04
 Reference value :  2.01461e-04
 Reference value :  2.16461e-04
 Reference value :  2.36461e-04
 Reference value :  2.56461e-04
 Reference value :  2.76461e-04
 Reference value :  2.96461e-04
 Reference value :  3.16461e-04
 Reference value :  3.36461e-04
 Reference value :  3.51461e-04
 Reference value :  3.66461e-04
 Reference value :  3.81461e-04
 Reference value :  3.96461e-04
 Reference value :  4.11461e-04
 Reference value :  4.26461e-04
 Reference value :  4.41461e-04
 Reference value :  4.56461e-04
 Reference value :  4.71461e-04
 Reference value :  4.81461e-04
 Reference value :  4.96461e-04
 Reference value :  5.16461e-04
 Reference value :  5.31461e-04
 Reference value :  5.46461e-04
 Reference value :  5.66461e-04
 Reference value :  5.86461e-04
 Reference value :  6.06461e-04
 Reference value :  6.26461e-04
 Reference value :  6.46461e-04
 Reference value :  6.66461e-04
 Reference value :  6.86461e-04
 Reference value :  7.06461e-04
 Reference value :  7.21461e-04
 Reference value :  7.41461e-04
 Reference value :  7.61461e-04
 Reference value :  7.81461e-04
 Reference value :  8.01461e-04
 Reference value :  8.21461e-04
 Reference value :  8.41461e-04
 Reference value :  8.61461e-04
 Reference value :  8.81461e-04
 Reference value :  9.01461e-04
 Reference value :  9.16461e-04
 Reference value :  9.36461e-04
 Reference value :  9.56461e-04
 Reference value :  9.76461e-04
 Reference value :  9.96461e-04
 Reference value :  1.01646e-03
 Reference value :  1.03646e-03
 Reference value :  1.05646e-03
 Reference value :  1.07646e-03
 Reference value :  1.09646e-03
 Reference value :  1.11646e-03
 Reference value :  1.13146e-03
 Reference value :  1.15146e-03
 Reference value :  1.17146e-03
 Reference value :  1.19146e-03
 Reference value :  1.21146e-03
 Reference value :  1.23146e-03
 Reference value :  1.25146e-03
 Reference value :  1.27146e-03
 Reference value :  1.29146e-03
 Reference value :  1.31146e-03
 Reference value :  1.33146e-03
 Reference value :  1.35146e-03
 Reference value :  1.37146e-03
 Reference value :  1.39146e-03
 Reference value :  1.41146e-03
 Reference value :  1.43146e-03
 Reference value :  1.45146e-03
 Reference value :  1.47146e-03
 Reference value :  1.49146e-03
 Reference value :  1.51146e-03
 Reference value :  1.53146e-03
 Reference value :  1.55146e-03
 Reference value :  1.57146e-03
 Reference value :  1.59146e-03
 Reference value :  1.61146e-03
 Reference value :  1.63146e-03
 Reference value :  1.65146e-03
 Reference value :  1.67146e-03
 Reference value :  1.69146e-03
 Reference value :  1.71146e-03
 Reference value :  1.73146e-03
 Reference value :  1.75146e-03
 Reference value :  1.77146e-03
 Reference value :  1.79146e-03
 Reference value :  1.81146e-03
 Reference value :  1.83146e-03
 Reference value :  1.85146e-03
 Reference value :  1.87146e-03
 Reference value :  1.89146e-03
 Reference value :  1.91146e-03
 Reference value :  1.93146e-03
 Reference value :  1.95146e-03
 Reference value :  1.97146e-03
 Reference value :  1.99146e-03
 Reference value :  2.00010e-03
 Reference value :  2.00030e-03
 Reference value :  2.00042e-03
 Reference value :  2.00050e-03
 Reference value :  2.00058e-03
 Reference value :  2.00063e-03
 Reference value :  2.00066e-03
 Reference value :  2.00067e-03
 Reference value :  2.00068e-03
 Reference value :  2.00070e-03
 Reference value :  2.00073e-03
 Reference value :  2.00078e-03
 Reference value :  2.00092e-03
 Reference value :  2.00103e-03
 Reference value :  2.00130e-03
 Reference value :  2.00346e-03
 Reference value :  2.01450e-03
 Reference value :  2.03450e-03
 Reference value :  2.05450e-03
 Reference value :  2.07450e-03
 Reference value :  2.09450e-03
 Reference value :  2.11450e-03
 Reference value :  2.13450e-03
 Reference value :  2.15450e-03
 Reference value :  2.17450e-03
 Reference value :  2.19450e-03
 Reference value :  2.21450e-03
 Reference value :  2.23450e-03
 Reference value :  2.25450e-03
 Reference value :  2.27450e-03
 Reference value :  2.29450e-03
 Reference value :  2.31450e-03
 Reference value :  2.33450e-03
 Reference value :  2.35450e-03
 Reference value :  2.37450e-03
 Reference value :  2.39450e-03
 Reference value :  2.41450e-03
 Reference value :  2.43450e-03
 Reference value :  2.45450e-03
 Reference value :  2.47450e-03
 Reference value :  2.49450e-03
 Reference value :  2.51450e-03
 Reference value :  2.53450e-03
 Reference value :  2.55450e-03
 Reference value :  2.57450e-03
 Reference value :  2.59450e-03
 Reference value :  2.61450e-03
 Reference value :  2.63450e-03
 Reference value :  2.65450e-03
 Reference value :  2.67450e-03
 Reference value :  2.69450e-03
 Reference value :  2.71450e-03
 Reference value :  2.73450e-03
 Reference value :  2.75450e-03
 Reference value :  2.77450e-03
 Reference value :  2.79450e-03
 Reference value :  2.81450e-03
 Reference value :  2.83450e-03
 Reference value :  2.85450e-03
 Reference value :  2.87450e-03
 Reference value :  2.89450e-03
 Reference value :  2.91450e-03
 Reference value :  2.93450e-03
 Reference value :  2.95450e-03
 Reference value :  2.97450e-03
 Reference value :  2.99450e-03
 Reference value :  3.01450e-03
 Reference value :  3.03450e-03
 Reference value :  3.05450e-03
 Reference value :  3.07450e-03
 Reference value :  3.09450e-03
 Reference value :  3.11450e-03
 Reference value :  3.13450e-03
 Reference value :  3.15450e-03
 Reference value :  3.17450e-03
 Reference value :  3.19450e-03
 Reference value :  3.21450e-03
 Reference value :  3.23450e-03
 Reference value :  3.25450e-03
 Reference value :  3.27450e-03
 Reference value :  3.29450e-03
 Reference value :  3.31450e-03
 Reference value :  3.33450e-03
 Reference value :  3.35450e-03
 Reference value :  3.37450e-03
 Reference value :  3.39450e-03
 Reference value :  3.41450e-03
 Reference value :  3.43450e-03
 Reference value :  3.45450e-03
 Reference value :  3.47450e-03
 Reference value :  3.49450e-03
 Reference value :  3.51450e-03
 Reference value :  3.53450e-03
 Reference value :  3.55450e-03
 Reference value :  3.57450e-03
 Reference value :  3.59450e-03
 Reference value :  3.61450e-03
 Reference value :  3.63450e-03
 Reference value :  3.65450e-03
 Reference value :  3.67450e-03
 Reference value :  3.69450e-03
 Reference value :  3.71450e-03
 Reference value :  3.73450e-03
 Reference value :  3.75450e-03
 Reference value :  3.77450e-03
 Reference value :  3.79450e-03
 Reference value :  3.81450e-03
 Reference value :  3.83450e-03
 Reference value :  3.85450e-03
 Reference value :  3.87950e-03
 Reference value :  3.89950e-03
 Reference value :  3.91950e-03
 Reference value :  3.93950e-03
 Reference value :  3.95950e-03
 Reference value :  3.97950e-03
 Reference value :  3.99950e-03
 Reference value :  4.01950e-03
 Reference value :  4.03950e-03
 Reference value :  4.05950e-03
 Reference value :  4.07950e-03
 Reference value :  4.09950e-03
 Reference value :  4.11950e-03
 Reference value :  4.13950e-03
 Reference value :  4.15950e-03
 Reference value :  4.17950e-03
 Reference value :  4.19950e-03
 Reference value :  4.21950e-03
 Reference value :  4.23950e-03
 Reference value :  4.25950e-03
 Reference value :  4.27950e-03
 Reference value :  4.29950e-03
 Reference value :  4.31950e-03
 Reference value :  4.33950e-03
 Reference value :  4.35950e-03
 Reference value :  4.37950e-03
 Reference value :  4.39950e-03
 Reference value :  4.41950e-03
 Reference value :  4.43950e-03
 Reference value :  4.45950e-03
 Reference value :  4.47950e-03
 Reference value :  4.49725e-03
No. of Data Rows : 964
vpre                =  1.80972e+00
iq_avg              =  -1.87453e-10 from=  3.50000e-03 to=  4.50000e-03
iq_worst            =  -1.01979e-09 at=  3.50450e-03
vhold               =  1.80852e+00
Doing analysis at TEMP = -40.000000 and TNOM = 27.000000

Using KLU as Direct Linear Solver
 Reference value :  0.00000e+00
No. of Data Rows : 1
Doing analysis at TEMP = -40.000000 and TNOM = 27.000000

Using KLU as Direct Linear Solver
 Reference value :  0.00000e+00
No. of Data Rows : 1
Doing analysis at TEMP = -40.000000 and TNOM = 27.000000

Using KLU as Direct Linear Solver
 Reference value :  0.00000e+00
No. of Data Rows : 1
meas_iq_shutdown_static_ua = 1.449632e-04
meas_iq_shutdown_after_edge_ua = 1.019791e-03
meas_iq_shutdown_after_edge_mean_ua = 1.874531e-04
meas_leak_vin_vout_ua = 8.251756e-05
meas_vout_pre_disable_v = 1.809717e+00
meas_vout_hold_2ms_v = 1.808518e+00
meas_vout_disabled_static_v = 2.576216e-04
meas_ivout_held_1v8_ua = 5.766485e-01
ngspice-46 done

# ==== ngspice stderr ====
Note: Starting dynamic gmin stepping
Note: Dynamic gmin stepping completed
Note: Starting dynamic gmin stepping
Note: Dynamic gmin stepping completed
Note: Starting dynamic gmin stepping
Warning: Dynamic gmin stepping failed
Note: Starting true gmin stepping
Note: True gmin stepping completed
