# corner: fs_-40c_2.97v
# process=fs temp=-40C supply=2.97V
# ngspice exit: 0
# wall clock: 93.0s (--timeout was 300s)
# result: PASS

# ==== deck (exact input given to ngspice) ====
| * enable-shutdown corner deck -- generated by sim/bin/corner-run.py, do not edit
| * corner: fs_-40c_2.97v
| .param vsup=2.97
| .option wnflag=1
| .temp -40
| .lib "/home/ubuntu/.volare/sky130A/libs.tech/combined/sky130.lib.spice" fs
| ** sch_path: sim/enable-shutdown/testbench/tb_enable_shutdown.sch
| **.subckt tb_enable_shutdown
| VVIN VIN 0 'vsup'
| .save i(vvin)
| VEN EN 0 dc 0 pwl(0 0 100u 0 101u 'vsup' 2m 'vsup' 2.001m 0 10 0)
| .save i(ven)
| VVREF VREF 0 1.2
| .save i(vvref)
| xldo VOUT VREF EN VIN ldo_3v3in_1v8out
| COUT VOUT VESR 1u m=1
| RESR VESR 0 10m m=1
| RLOAD VOUT 0 1e12 m=1
| RFORCE VOUT VF 1e12 m=1
| VFORCE VF 0 0
| .save i(vforce)
| **.ends
| 
| * expanding   symbol:  design/ldo_3v3in_1v8out.sym # of pins=4
| ** sym_path: design/ldo_3v3in_1v8out.sym
| ** sch_path: design/ldo_3v3in_1v8out.sch
| .subckt ldo_3v3in_1v8out VOUT VREF EN VIN
| *.ipin VIN
| *.ipin EN
| *.ipin VREF
| *.opin VOUT
| XR_BIAS VIN NB 0 sky130_fd_pr__res_high_po W=0.42 L=1500 mult=1 m=1
| XM_BIASN1 NB NB BIAS_ENN 0 sky130_fd_pr__nfet_g5v0d10v5 L=1 W=4 nf=1 ad=1.16 as=1.16 pd=8.58 ps=8.58 nrd=0.0725 nrs=0.0725 sa=0
| + sb=0 sd=0 mult=1 m=1
| XM_ENN BIAS_ENN EN 0 0 sky130_fd_pr__nfet_g5v0d10v5 L=0.5 W=10 nf=1 ad=2.9 as=2.9 pd=20.58 ps=20.58 nrd=0.029 nrs=0.029 sa=0 sb=0
| + sd=0 mult=1 m=1
| XM_BIASN2 BIASP NB BIAS_ENN 0 sky130_fd_pr__nfet_g5v0d10v5 L=1 W=4 nf=1 ad=1.16 as=1.16 pd=8.58 ps=8.58 nrd=0.0725 nrs=0.0725 sa=0
| + sb=0 sd=0 mult=1 m=1
| XM_BIASP1 BIASP BIASP VIN VIN sky130_fd_pr__pfet_g5v0d10v5 L=1 W=10 nf=2 ad=1.45 as=2.9 pd=10.58 ps=21.16 nrd=0.029 nrs=0.029 sa=0
| + sb=0 sd=0 mult=1 m=1
| XM_ENP2 BIASP EN VIN VIN sky130_fd_pr__pfet_g5v0d10v5 L=0.5 W=10 nf=1 ad=2.9 as=2.9 pd=20.58 ps=20.58 nrd=0.029 nrs=0.029 sa=0
| + sb=0 sd=0 mult=1 m=1
| XM_TAIL EA_TAIL BIASP VIN VIN sky130_fd_pr__pfet_g5v0d10v5 L=2 W=40 nf=8 ad=5.8 as=7.25 pd=42.32 ps=52.9 nrd=0.00725 nrs=0.00725
| + sa=0 sb=0 sd=0 mult=1 m=1
| XM_IN1 EA_D1 FB EA_TAIL VIN sky130_fd_pr__pfet_g5v0d10v5 L=2 W=10 nf=2 ad=1.45 as=2.9 pd=10.58 ps=21.16 nrd=0.029 nrs=0.029 sa=0
| + sb=0 sd=0 mult=1 m=1
| XM_IN2 EA_D2 VREF EA_TAIL VIN sky130_fd_pr__pfet_g5v0d10v5 L=2 W=10 nf=2 ad=1.45 as=2.9 pd=10.58 ps=21.16 nrd=0.029 nrs=0.029 sa=0
| + sb=0 sd=0 mult=1 m=1
| XM_MIR1 EA_D1 EA_D1 AMP_ENN 0 sky130_fd_pr__nfet_g5v0d10v5 L=4 W=10 nf=2 ad=1.45 as=2.9 pd=10.58 ps=21.16 nrd=0.029 nrs=0.029 sa=0
| + sb=0 sd=0 mult=1 m=1
| XM_MIR2 EA_OUT EA_D1 AMP_ENN 0 sky130_fd_pr__nfet_g5v0d10v5 L=4 W=10 nf=2 ad=1.45 as=2.9 pd=10.58 ps=21.16 nrd=0.029 nrs=0.029
| + sa=0 sb=0 sd=0 mult=1 m=1
| XM_ENN2 AMP_ENN EN 0 0 sky130_fd_pr__nfet_g5v0d10v5 L=0.5 W=10 nf=1 ad=2.9 as=2.9 pd=20.58 ps=20.58 nrd=0.029 nrs=0.029 sa=0 sb=0
| + sd=0 mult=1 m=1
| XM_ENP EA_OUT EN VIN VIN sky130_fd_pr__pfet_g5v0d10v5 L=0.5 W=10 nf=1 ad=2.9 as=2.9 pd=20.58 ps=20.58 nrd=0.029 nrs=0.029 sa=0
| + sb=0 sd=0 mult=1 m=1
| XM_MIR3 EA_D2 EA_D2 AMP_ENN 0 sky130_fd_pr__nfet_g5v0d10v5 L=4 W=10 nf=2 ad=1.45 as=2.9 pd=10.58 ps=21.16 nrd=0.029 nrs=0.029 sa=0
| + sb=0 sd=0 mult=1 m=1
| XM_MIR4 PB EA_D2 AMP_ENN 0 sky130_fd_pr__nfet_g5v0d10v5 L=4 W=10 nf=2 ad=1.45 as=2.9 pd=10.58 ps=21.16 nrd=0.029 nrs=0.029 sa=0
| + sb=0 sd=0 mult=1 m=1
| XM_MIRP1 PB PB VIN VIN sky130_fd_pr__pfet_g5v0d10v5 L=4 W=20 nf=4 ad=2.9 as=4.35 pd=21.16 ps=31.74 nrd=0.0145 nrs=0.0145 sa=0 sb=0
| + sd=0 mult=1 m=1
| XM_MIRP2 EA_OUT PB VIN VIN sky130_fd_pr__pfet_g5v0d10v5 L=4 W=20 nf=4 ad=2.9 as=4.35 pd=21.16 ps=31.74 nrd=0.0145 nrs=0.0145 sa=0
| + sb=0 sd=0 mult=1 m=1
| XM_ENP5 PB EN VIN VIN sky130_fd_pr__pfet_g5v0d10v5 L=0.5 W=2 nf=1 ad=0.58 as=0.58 pd=4.58 ps=4.58 nrd=0.145 nrs=0.145 sa=0 sb=0
| + sd=0 mult=1 m=1
| XM_PASS VOUT EA_OUT VIN VIN sky130_fd_pr__pfet_g5v0d10v5 L=0.5 W=100 nf=25 ad=15.08 as=15.08 pd=111.54 ps=111.54 nrd=0.0029
| + nrs=0.0029 sa=0 sb=0 sd=0 mult=25 m=25
| C_COMP VOUT EA_CZ 150p m=1
| XR_CZ EA_CZ EA_OUT 0 sky130_fd_pr__res_xhigh_po W=0.42 L=52 mult=1 m=1
| XR_FB_A VOUT FB 0 sky130_fd_pr__res_xhigh_po W=0.42 L=180 mult=1 m=1
| XR_FB_B FB N_FBB 0 sky130_fd_pr__res_xhigh_po W=0.42 L=180 mult=1 m=1
| XR_FB_C N_FBB 0 0 sky130_fd_pr__res_xhigh_po W=0.42 L=180 mult=1 m=1
| XM_SENSE CL_SNS EA_OUT VIN VIN sky130_fd_pr__pfet_g5v0d10v5 L=0.5 W=0.42 nf=1 ad=0.1218 as=0.1218 pd=1.42 ps=1.42
| + nrd=0.69047619047619 nrs=0.69047619047619 sa=0 sb=0 sd=0 mult=1 m=1
| XM_CLN1 CL_SNS CL_SNS AMP_ENN 0 sky130_fd_pr__nfet_g5v0d10v5 L=1 W=20 nf=1 ad=5.8 as=5.8 pd=40.58 ps=40.58 nrd=0.0145 nrs=0.0145
| + sa=0 sb=0 sd=0 mult=1 m=1
| XM_CLN2 CL_CMP CL_SNS AMP_ENN 0 sky130_fd_pr__nfet_g5v0d10v5 L=1 W=1.6 nf=1 ad=0.464 as=0.464 pd=3.78 ps=3.78 nrd=0.18125
| + nrs=0.18125 sa=0 sb=0 sd=0 mult=1 m=1
| XM_CLP CL_CMP BIASP VIN VIN sky130_fd_pr__pfet_g5v0d10v5 L=1 W=10 nf=2 ad=1.45 as=2.9 pd=10.58 ps=21.16 nrd=0.029 nrs=0.029 sa=0
| + sb=0 sd=0 mult=1 m=1
| XM_CLIM EA_OUT CL_CMP VIN VIN sky130_fd_pr__pfet_g5v0d10v5 L=0.5 W=20 nf=4 ad=2.9 as=4.35 pd=21.16 ps=31.74 nrd=0.0145 nrs=0.0145
| + sa=0 sb=0 sd=0 mult=1 m=1
| XM_ENP3 CL_CMP EN VIN VIN sky130_fd_pr__pfet_g5v0d10v5 L=0.5 W=2 nf=1 ad=0.58 as=0.58 pd=4.58 ps=4.58 nrd=0.145 nrs=0.145 sa=0
| + sb=0 sd=0 mult=1 m=1
| C_CL VIN CL_CMP 1p m=1
| XM_INVP ENB EN VIN VIN sky130_fd_pr__pfet_g5v0d10v5 L=0.5 W=2 nf=1 ad=0.58 as=0.58 pd=4.58 ps=4.58 nrd=0.145 nrs=0.145 sa=0 sb=0
| + sd=0 mult=1 m=1
| XM_INVN ENB EN 0 0 sky130_fd_pr__nfet_g5v0d10v5 L=0.5 W=1 nf=1 ad=0.29 as=0.29 pd=2.58 ps=2.58 nrd=0.29 nrs=0.29 sa=0 sb=0 sd=0
| + mult=1 m=1
| XM_SSDIS SS ENB 0 0 sky130_fd_pr__nfet_g5v0d10v5 L=0.5 W=2 nf=1 ad=0.58 as=0.58 pd=4.58 ps=4.58 nrd=0.145 nrs=0.145 sa=0 sb=0 sd=0
| + mult=1 m=1
| XM_SSCHG SS BIASP VIN VIN sky130_fd_pr__pfet_g5v0d10v5 L=8 W=1 nf=1 ad=0.29 as=0.29 pd=2.58 ps=2.58 nrd=0.29 nrs=0.29 sa=0 sb=0
| + sd=0 mult=1 m=1
| C_SS SS 0 10p m=1
| XM_IN2S EA_D2 SS EA_TAIL VIN sky130_fd_pr__pfet_g5v0d10v5 L=2 W=10 nf=2 ad=1.45 as=2.9 pd=10.58 ps=21.16 nrd=0.029 nrs=0.029 sa=0
| + sb=0 sd=0 mult=1 m=1
| XM_TSPS TS_SNS BIASP VIN VIN sky130_fd_pr__pfet_g5v0d10v5 L=1 W=2.5 nf=1 ad=0.725 as=0.725 pd=5.58 ps=5.58 nrd=0.116 nrs=0.116
| + sa=0 sb=0 sd=0 mult=1 m=1
| XM_TSD1 TS_SNS TS_SNS TS_MID 0 sky130_fd_pr__nfet_g5v0d10v5 L=1 W=80 nf=16 ad=11.6 as=13.05 pd=84.64 ps=95.22 nrd=0.003625
| + nrs=0.003625 sa=0 sb=0 sd=0 mult=1 m=1
| XM_TSD2 TS_MID TS_MID AMP_ENN 0 sky130_fd_pr__nfet_g5v0d10v5 L=1 W=80 nf=16 ad=11.6 as=13.05 pd=84.64 ps=95.22 nrd=0.003625
| + nrs=0.003625 sa=0 sb=0 sd=0 mult=1 m=1
| XM_TSPR TS_REF BIASP VIN VIN sky130_fd_pr__pfet_g5v0d10v5 L=1 W=2.5 nf=1 ad=0.725 as=0.725 pd=5.58 ps=5.58 nrd=0.116 nrs=0.116
| + sa=0 sb=0 sd=0 mult=1 m=1
| XM_TSR1 TS_REF TS_REF AMP_ENN 0 sky130_fd_pr__nfet_g5v0d10v5 L=10 W=2 nf=1 ad=0.58 as=0.58 pd=4.58 ps=4.58 nrd=0.145 nrs=0.145
| + sa=0 sb=0 sd=0 mult=1 m=1
| XM_TCTAIL TC_TAIL NB AMP_ENN 0 sky130_fd_pr__nfet_g5v0d10v5 L=1 W=1 nf=1 ad=0.29 as=0.29 pd=2.58 ps=2.58 nrd=0.29 nrs=0.29 sa=0
| + sb=0 sd=0 mult=1 m=1
| XM_TCN1 TC_D1 TS_SNS TC_TAIL 0 sky130_fd_pr__nfet_g5v0d10v5 L=2 W=10 nf=2 ad=1.45 as=2.9 pd=10.58 ps=21.16 nrd=0.029 nrs=0.029
| + sa=0 sb=0 sd=0 mult=1 m=1
| XM_TCN2 TS_CMP TS_REF TC_TAIL 0 sky130_fd_pr__nfet_g5v0d10v5 L=2 W=10 nf=2 ad=1.45 as=2.9 pd=10.58 ps=21.16 nrd=0.029 nrs=0.029
| + sa=0 sb=0 sd=0 mult=1 m=1
| XM_TCP1 TC_D1 TC_D1 VIN VIN sky130_fd_pr__pfet_g5v0d10v5 L=2 W=10 nf=2 ad=1.45 as=2.9 pd=10.58 ps=21.16 nrd=0.029 nrs=0.029 sa=0
| + sb=0 sd=0 mult=1 m=1
| XM_TCP2 TS_CMP TC_D1 VIN VIN sky130_fd_pr__pfet_g5v0d10v5 L=2 W=10 nf=2 ad=1.45 as=2.9 pd=10.58 ps=21.16 nrd=0.029 nrs=0.029 sa=0
| + sb=0 sd=0 mult=1 m=1
| XM_TSHUT EA_OUT TS_CMP VIN VIN sky130_fd_pr__pfet_g5v0d10v5 L=0.5 W=20 nf=4 ad=2.9 as=4.35 pd=21.16 ps=31.74 nrd=0.0145 nrs=0.0145
| + sa=0 sb=0 sd=0 mult=1 m=1
| XM_TSHYSB TS_HYS BIASP VIN VIN sky130_fd_pr__pfet_g5v0d10v5 L=2 W=1.5 nf=1 ad=0.435 as=0.435 pd=3.58 ps=3.58 nrd=0.193333333333333
| + nrs=0.193333333333333 sa=0 sb=0 sd=0 mult=1 m=1
| XM_TSHYS TS_REF TS_CMP TS_HYS VIN sky130_fd_pr__pfet_g5v0d10v5 L=0.5 W=2 nf=1 ad=0.58 as=0.58 pd=4.58 ps=4.58 nrd=0.145 nrs=0.145
| + sa=0 sb=0 sd=0 mult=1 m=1
| XM_ENP4 TS_CMP EN VIN VIN sky130_fd_pr__pfet_g5v0d10v5 L=0.5 W=2 nf=1 ad=0.58 as=0.58 pd=4.58 ps=4.58 nrd=0.145 nrs=0.145 sa=0
| + sb=0 sd=0 mult=1 m=1
| C_TS VIN TS_CMP 1p m=1
| .ends
| 
| .control
| save all
| * --- leg 1: full cycle -- EN rises at t=100us, block regulates, EN falls at t=2ms ---
| tran 5u 4.5m
| meas tran vpre find v(vout) at=1.9m
| meas tran iq_avg avg i(vvin) from=3.5m to=4.5m
| meas tran iq_worst min i(vvin) from=3.5m to=4.5m
| meas tran vhold find v(vout) at=4m
| * --- leg 2: static disabled state, output free-floating ---
| op
| * --- leg 3: static disabled state, VOUT forced to 0 V (Vin->Vout leakage) ---
| alter rforce = 1m
| op
| * --- leg 4: static disabled state, VOUT held at the 1.8 V nominal output ---
| alter vforce = 1.8
| op
| let meas_iq_shutdown_static_ua = -1e6*op1.i(vvin)
| let meas_iq_shutdown_after_edge_ua = -1e6*tran1.iq_worst
| let meas_iq_shutdown_after_edge_mean_ua = -1e6*tran1.iq_avg
| let meas_leak_vin_vout_ua = 1e6*op2.i(vforce)
| let meas_vout_pre_disable_v = tran1.vpre
| let meas_vout_hold_2ms_v = tran1.vhold
| let meas_vout_disabled_static_v = op1.v(vout)
| let meas_ivout_held_1v8_ua = -1e6*op3.i(vforce)
| print meas_iq_shutdown_static_ua
| print meas_iq_shutdown_after_edge_ua
| print meas_iq_shutdown_after_edge_mean_ua
| print meas_leak_vin_vout_ua
| print meas_vout_pre_disable_v
| print meas_vout_hold_2ms_v
| print meas_vout_disabled_static_v
| print meas_ivout_held_1v8_ua
| quit
| .endc
| .end

# ==== ngspice stdout ====

Note: Compatibility modes selected: hs a


Circuit: * enable-shutdown corner deck -- generated by sim/bin/corner-run.py, do not edit

option SCALE: Scale is set to 1e-06 for instance and model parameters
option SCALE: Scale is set to 1e-06 for instance and model parameters
option SCALE: Scale is set to 1e-06 for instance and model parameters
option SCALE: Scale is set to 1e-06 for instance and model parameters
Doing analysis at TEMP = -40.000000 and TNOM = 27.000000

Using KLU as Direct Linear Solver
 Reference value :  0.00000e+00
 Reference value :  4.00000e-07
 Reference value :  3.20000e-06
 Reference value :  2.14000e-05
 Reference value :  4.14000e-05
 Reference value :  6.14000e-05
 Reference value :  8.14000e-05
 Reference value :  1.00000e-04
 Reference value :  1.00300e-04
 Reference value :  1.00467e-04
 Reference value :  1.00582e-04
 Reference value :  1.00669e-04
 Reference value :  1.00819e-04
 Reference value :  1.00872e-04
 Reference value :  1.00915e-04
 Reference value :  1.00979e-04
 Reference value :  1.01004e-04
 Reference value :  1.01030e-04
 Reference value :  1.01106e-04
 Reference value :  1.01464e-04
 Reference value :  1.02587e-04
 Reference value :  1.14758e-04
 Reference value :  1.24758e-04
 Reference value :  1.34758e-04
 Reference value :  1.44758e-04
 Reference value :  1.59758e-04
 Reference value :  1.74758e-04
 Reference value :  1.89758e-04
 Reference value :  2.09758e-04
 Reference value :  2.24758e-04
 Reference value :  2.39758e-04
 Reference value :  2.54758e-04
 Reference value :  2.69758e-04
 Reference value :  2.84758e-04
 Reference value :  2.99758e-04
 Reference value :  3.14758e-04
 Reference value :  3.29758e-04
 Reference value :  3.44758e-04
 Reference value :  3.59758e-04
 Reference value :  3.74758e-04
 Reference value :  3.89758e-04
 Reference value :  4.09758e-04
 Reference value :  4.29758e-04
 Reference value :  4.44758e-04
 Reference value :  4.54758e-04
 Reference value :  4.69758e-04
 Reference value :  4.84758e-04
 Reference value :  4.99758e-04
 Reference value :  5.14758e-04
 Reference value :  5.29758e-04
 Reference value :  5.44758e-04
 Reference value :  5.59758e-04
 Reference value :  5.74758e-04
 Reference value :  5.89758e-04
 Reference value :  6.04758e-04
 Reference value :  6.19758e-04
 Reference value :  6.34758e-04
 Reference value :  6.49758e-04
 Reference value :  6.64758e-04
 Reference value :  6.79758e-04
 Reference value :  6.94758e-04
 Reference value :  7.14758e-04
 Reference value :  7.34758e-04
 Reference value :  7.54758e-04
 Reference value :  7.74758e-04
 Reference value :  7.94758e-04
 Reference value :  8.14758e-04
 Reference value :  8.34758e-04
 Reference value :  8.54758e-04
 Reference value :  8.74758e-04
 Reference value :  8.94758e-04
 Reference value :  9.14758e-04
 Reference value :  9.34758e-04
 Reference value :  9.49758e-04
 Reference value :  9.69758e-04
 Reference value :  9.89758e-04
 Reference value :  1.00976e-03
 Reference value :  1.02976e-03
 Reference value :  1.04976e-03
 Reference value :  1.06476e-03
 Reference value :  1.08476e-03
 Reference value :  1.10476e-03
 Reference value :  1.12476e-03
 Reference value :  1.14476e-03
 Reference value :  1.16476e-03
 Reference value :  1.18476e-03
 Reference value :  1.20476e-03
 Reference value :  1.22976e-03
 Reference value :  1.25476e-03
 Reference value :  1.27476e-03
 Reference value :  1.28976e-03
 Reference value :  1.30976e-03
 Reference value :  1.32476e-03
 Reference value :  1.33976e-03
 Reference value :  1.35476e-03
 Reference value :  1.36976e-03
 Reference value :  1.38976e-03
 Reference value :  1.40976e-03
 Reference value :  1.42976e-03
 Reference value :  1.44976e-03
 Reference value :  1.46976e-03
 Reference value :  1.48476e-03
 Reference value :  1.49976e-03
 Reference value :  1.51476e-03
 Reference value :  1.53476e-03
 Reference value :  1.55476e-03
 Reference value :  1.57476e-03
 Reference value :  1.59476e-03
 Reference value :  1.60976e-03
 Reference value :  1.62976e-03
 Reference value :  1.64976e-03
 Reference value :  1.66976e-03
 Reference value :  1.68976e-03
 Reference value :  1.70476e-03
 Reference value :  1.72476e-03
 Reference value :  1.74476e-03
 Reference value :  1.76476e-03
 Reference value :  1.78476e-03
 Reference value :  1.79976e-03
 Reference value :  1.81476e-03
 Reference value :  1.83476e-03
 Reference value :  1.85476e-03
 Reference value :  1.87476e-03
 Reference value :  1.88976e-03
 Reference value :  1.90976e-03
 Reference value :  1.92976e-03
 Reference value :  1.94976e-03
 Reference value :  1.96976e-03
 Reference value :  1.98976e-03
 Reference value :  2.00010e-03
 Reference value :  2.00050e-03
 Reference value :  2.00064e-03
 Reference value :  2.00074e-03
 Reference value :  2.00083e-03
 Reference value :  2.00088e-03
 Reference value :  2.00090e-03
 Reference value :  2.00090e-03
 Reference value :  2.00093e-03
 Reference value :  2.00100e-03
 Reference value :  2.00105e-03
 Reference value :  2.00146e-03
 Reference value :  2.00286e-03
 Reference value :  2.00844e-03
 Reference value :  2.02844e-03
 Reference value :  2.04844e-03
 Reference value :  2.06344e-03
 Reference value :  2.08344e-03
 Reference value :  2.10344e-03
 Reference value :  2.12344e-03
 Reference value :  2.14344e-03
 Reference value :  2.15844e-03
 Reference value :  2.17844e-03
 Reference value :  2.19844e-03
 Reference value :  2.21844e-03
 Reference value :  2.23844e-03
 Reference value :  2.25844e-03
 Reference value :  2.27844e-03
 Reference value :  2.29844e-03
 Reference value :  2.31344e-03
 Reference value :  2.33344e-03
 Reference value :  2.35344e-03
 Reference value :  2.36844e-03
 Reference value :  2.38844e-03
 Reference value :  2.40844e-03
 Reference value :  2.42844e-03
 Reference value :  2.44844e-03
 Reference value :  2.46344e-03
 Reference value :  2.47844e-03
 Reference value :  2.49844e-03
 Reference value :  2.51344e-03
 Reference value :  2.53344e-03
 Reference value :  2.55344e-03
 Reference value :  2.56844e-03
 Reference value :  2.58844e-03
 Reference value :  2.60344e-03
 Reference value :  2.62344e-03
 Reference value :  2.63844e-03
 Reference value :  2.65344e-03
 Reference value :  2.67344e-03
 Reference value :  2.68844e-03
 Reference value :  2.70344e-03
 Reference value :  2.72344e-03
 Reference value :  2.73844e-03
 Reference value :  2.75344e-03
 Reference value :  2.76844e-03
 Reference value :  2.78344e-03
 Reference value :  2.79844e-03
 Reference value :  2.81844e-03
 Reference value :  2.83844e-03
 Reference value :  2.85844e-03
 Reference value :  2.87844e-03
 Reference value :  2.89844e-03
 Reference value :  2.91344e-03
 Reference value :  2.93344e-03
 Reference value :  2.95344e-03
 Reference value :  2.97844e-03
 Reference value :  2.99844e-03
 Reference value :  3.01844e-03
 Reference value :  3.03844e-03
 Reference value :  3.05844e-03
 Reference value :  3.07844e-03
 Reference value :  3.09844e-03
 Reference value :  3.11844e-03
 Reference value :  3.13844e-03
 Reference value :  3.15844e-03
 Reference value :  3.17844e-03
 Reference value :  3.19844e-03
 Reference value :  3.21844e-03
 Reference value :  3.23344e-03
 Reference value :  3.25344e-03
 Reference value :  3.26844e-03
 Reference value :  3.28344e-03
 Reference value :  3.29844e-03
 Reference value :  3.31844e-03
 Reference value :  3.33844e-03
 Reference value :  3.35844e-03
 Reference value :  3.37844e-03
 Reference value :  3.39344e-03
 Reference value :  3.40844e-03
 Reference value :  3.42844e-03
 Reference value :  3.44844e-03
 Reference value :  3.46344e-03
 Reference value :  3.47844e-03
 Reference value :  3.49844e-03
 Reference value :  3.51844e-03
 Reference value :  3.54344e-03
 Reference value :  3.55844e-03
 Reference value :  3.57844e-03
 Reference value :  3.59344e-03
 Reference value :  3.60844e-03
 Reference value :  3.62344e-03
 Reference value :  3.63844e-03
 Reference value :  3.65344e-03
 Reference value :  3.67344e-03
 Reference value :  3.69344e-03
 Reference value :  3.71344e-03
 Reference value :  3.73344e-03
 Reference value :  3.75344e-03
 Reference value :  3.77344e-03
 Reference value :  3.78844e-03
 Reference value :  3.80844e-03
 Reference value :  3.82844e-03
 Reference value :  3.84844e-03
 Reference value :  3.86844e-03
 Reference value :  3.88844e-03
 Reference value :  3.90844e-03
 Reference value :  3.93344e-03
 Reference value :  3.95844e-03
 Reference value :  3.97844e-03
 Reference value :  3.99844e-03
 Reference value :  4.02344e-03
 Reference value :  4.04344e-03
 Reference value :  4.06344e-03
 Reference value :  4.08344e-03
 Reference value :  4.09844e-03
 Reference value :  4.11344e-03
 Reference value :  4.12844e-03
 Reference value :  4.14844e-03
 Reference value :  4.16844e-03
 Reference value :  4.18844e-03
 Reference value :  4.20344e-03
 Reference value :  4.22844e-03
 Reference value :  4.24344e-03
 Reference value :  4.26344e-03
 Reference value :  4.28344e-03
 Reference value :  4.30344e-03
 Reference value :  4.32344e-03
 Reference value :  4.33844e-03
 Reference value :  4.35844e-03
 Reference value :  4.37344e-03
 Reference value :  4.39344e-03
 Reference value :  4.41344e-03
 Reference value :  4.42844e-03
 Reference value :  4.44344e-03
 Reference value :  4.46344e-03
 Reference value :  4.48344e-03
 Reference value :  4.50000e-03
No. of Data Rows : 960
vpre                =  1.81096e+00
iq_avg              =  -1.66343e-10 from=  3.50000e-03 to=  4.50000e-03
iq_worst            =  -1.21176e-09 at=  3.50844e-03
vhold               =  1.80976e+00
Doing analysis at TEMP = -40.000000 and TNOM = 27.000000

Using KLU as Direct Linear Solver
 Reference value :  0.00000e+00
No. of Data Rows : 1
Doing analysis at TEMP = -40.000000 and TNOM = 27.000000

Using KLU as Direct Linear Solver
 Reference value :  0.00000e+00
No. of Data Rows : 1
Doing analysis at TEMP = -40.000000 and TNOM = 27.000000

Using KLU as Direct Linear Solver
 Reference value :  0.00000e+00
No. of Data Rows : 1
meas_iq_shutdown_static_ua = 1.299224e-04
meas_iq_shutdown_after_edge_ua = 1.211756e-03
meas_iq_shutdown_after_edge_mean_ua = 1.663430e-04
meas_leak_vin_vout_ua = 7.426258e-05
meas_vout_pre_disable_v = 1.810961e+00
meas_vout_hold_2ms_v = 1.809759e+00
meas_vout_disabled_static_v = 2.318494e-04
meas_ivout_held_1v8_ua = 5.766567e-01
ngspice-46 done

# ==== ngspice stderr ====
Note: Starting dynamic gmin stepping
Note: Dynamic gmin stepping completed
Note: Starting dynamic gmin stepping
Note: Dynamic gmin stepping completed
Note: Starting dynamic gmin stepping
Note: Dynamic gmin stepping completed
Note: Starting dynamic gmin stepping
Warning: Dynamic gmin stepping failed
Note: Starting true gmin stepping
Note: True gmin stepping completed
