# corner: fs_125c_3.63v
# process=fs temp=125C supply=3.63V
# ngspice exit: 0
# wall clock: 61.6s (--timeout was 300s)
# result: PASS

# ==== deck (exact input given to ngspice) ====
| * enable-shutdown corner deck -- generated by sim/bin/corner-run.py, do not edit
| * corner: fs_125c_3.63v
| .param vsup=3.63
| .option wnflag=1
| .temp 125
| .lib "/home/ubuntu/.volare/sky130A/libs.tech/combined/sky130.lib.spice" fs
| ** sch_path: sim/enable-shutdown/testbench/tb_enable_shutdown.sch
| **.subckt tb_enable_shutdown
| VVIN VIN 0 'vsup'
| .save i(vvin)
| VEN EN 0 dc 0 pwl(0 0 100u 0 101u 'vsup' 2m 'vsup' 2.001m 0 10 0)
| .save i(ven)
| VVREF VREF 0 1.2
| .save i(vvref)
| xldo VOUT VREF EN VIN ldo_3v3in_1v8out
| COUT VOUT VESR 1u m=1
| RESR VESR 0 10m m=1
| RLOAD VOUT 0 1e12 m=1
| RFORCE VOUT VF 1e12 m=1
| VFORCE VF 0 0
| .save i(vforce)
| **.ends
| 
| * expanding   symbol:  design/ldo_3v3in_1v8out.sym # of pins=4
| ** sym_path: design/ldo_3v3in_1v8out.sym
| ** sch_path: design/ldo_3v3in_1v8out.sch
| .subckt ldo_3v3in_1v8out VOUT VREF EN VIN
| *.ipin VIN
| *.ipin EN
| *.ipin VREF
| *.opin VOUT
| XR_BIAS VIN NB 0 sky130_fd_pr__res_high_po W=0.42 L=1500 mult=1 m=1
| XM_BIASN1 NB NB BIAS_ENN 0 sky130_fd_pr__nfet_g5v0d10v5 L=1 W=4 nf=1 ad=1.16 as=1.16 pd=8.58 ps=8.58 nrd=0.0725 nrs=0.0725 sa=0
| + sb=0 sd=0 mult=1 m=1
| XM_ENN BIAS_ENN EN 0 0 sky130_fd_pr__nfet_g5v0d10v5 L=0.5 W=10 nf=1 ad=2.9 as=2.9 pd=20.58 ps=20.58 nrd=0.029 nrs=0.029 sa=0 sb=0
| + sd=0 mult=1 m=1
| XM_BIASN2 BIASP NB BIAS_ENN 0 sky130_fd_pr__nfet_g5v0d10v5 L=1 W=4 nf=1 ad=1.16 as=1.16 pd=8.58 ps=8.58 nrd=0.0725 nrs=0.0725 sa=0
| + sb=0 sd=0 mult=1 m=1
| XM_BIASP1 BIASP BIASP VIN VIN sky130_fd_pr__pfet_g5v0d10v5 L=1 W=10 nf=2 ad=1.45 as=2.9 pd=10.58 ps=21.16 nrd=0.029 nrs=0.029 sa=0
| + sb=0 sd=0 mult=1 m=1
| XM_ENP2 BIASP EN VIN VIN sky130_fd_pr__pfet_g5v0d10v5 L=0.5 W=10 nf=1 ad=2.9 as=2.9 pd=20.58 ps=20.58 nrd=0.029 nrs=0.029 sa=0
| + sb=0 sd=0 mult=1 m=1
| XM_TAIL EA_TAIL BIASP VIN VIN sky130_fd_pr__pfet_g5v0d10v5 L=2 W=40 nf=8 ad=5.8 as=7.25 pd=42.32 ps=52.9 nrd=0.00725 nrs=0.00725
| + sa=0 sb=0 sd=0 mult=1 m=1
| XM_IN1 EA_D1 FB EA_TAIL VIN sky130_fd_pr__pfet_g5v0d10v5 L=2 W=10 nf=2 ad=1.45 as=2.9 pd=10.58 ps=21.16 nrd=0.029 nrs=0.029 sa=0
| + sb=0 sd=0 mult=1 m=1
| XM_IN2 EA_D2 VREF EA_TAIL VIN sky130_fd_pr__pfet_g5v0d10v5 L=2 W=10 nf=2 ad=1.45 as=2.9 pd=10.58 ps=21.16 nrd=0.029 nrs=0.029 sa=0
| + sb=0 sd=0 mult=1 m=1
| XM_MIR1 EA_D1 EA_D1 AMP_ENN 0 sky130_fd_pr__nfet_g5v0d10v5 L=4 W=10 nf=2 ad=1.45 as=2.9 pd=10.58 ps=21.16 nrd=0.029 nrs=0.029 sa=0
| + sb=0 sd=0 mult=1 m=1
| XM_MIR2 EA_OUT EA_D1 AMP_ENN 0 sky130_fd_pr__nfet_g5v0d10v5 L=4 W=10 nf=2 ad=1.45 as=2.9 pd=10.58 ps=21.16 nrd=0.029 nrs=0.029
| + sa=0 sb=0 sd=0 mult=1 m=1
| XM_ENN2 AMP_ENN EN 0 0 sky130_fd_pr__nfet_g5v0d10v5 L=0.5 W=10 nf=1 ad=2.9 as=2.9 pd=20.58 ps=20.58 nrd=0.029 nrs=0.029 sa=0 sb=0
| + sd=0 mult=1 m=1
| XM_ENP EA_OUT EN VIN VIN sky130_fd_pr__pfet_g5v0d10v5 L=0.5 W=10 nf=1 ad=2.9 as=2.9 pd=20.58 ps=20.58 nrd=0.029 nrs=0.029 sa=0
| + sb=0 sd=0 mult=1 m=1
| XM_MIR3 EA_D2 EA_D2 AMP_ENN 0 sky130_fd_pr__nfet_g5v0d10v5 L=4 W=10 nf=2 ad=1.45 as=2.9 pd=10.58 ps=21.16 nrd=0.029 nrs=0.029 sa=0
| + sb=0 sd=0 mult=1 m=1
| XM_MIR4 PB EA_D2 AMP_ENN 0 sky130_fd_pr__nfet_g5v0d10v5 L=4 W=10 nf=2 ad=1.45 as=2.9 pd=10.58 ps=21.16 nrd=0.029 nrs=0.029 sa=0
| + sb=0 sd=0 mult=1 m=1
| XM_MIRP1 PB PB VIN VIN sky130_fd_pr__pfet_g5v0d10v5 L=4 W=20 nf=4 ad=2.9 as=4.35 pd=21.16 ps=31.74 nrd=0.0145 nrs=0.0145 sa=0 sb=0
| + sd=0 mult=1 m=1
| XM_MIRP2 EA_OUT PB VIN VIN sky130_fd_pr__pfet_g5v0d10v5 L=4 W=20 nf=4 ad=2.9 as=4.35 pd=21.16 ps=31.74 nrd=0.0145 nrs=0.0145 sa=0
| + sb=0 sd=0 mult=1 m=1
| XM_ENP5 PB EN VIN VIN sky130_fd_pr__pfet_g5v0d10v5 L=0.5 W=2 nf=1 ad=0.58 as=0.58 pd=4.58 ps=4.58 nrd=0.145 nrs=0.145 sa=0 sb=0
| + sd=0 mult=1 m=1
| XM_PASS VOUT EA_OUT VIN VIN sky130_fd_pr__pfet_g5v0d10v5 L=0.5 W=100 nf=25 ad=15.08 as=15.08 pd=111.54 ps=111.54 nrd=0.0029
| + nrs=0.0029 sa=0 sb=0 sd=0 mult=25 m=25
| C_COMP VOUT EA_CZ 150p m=1
| XR_CZ EA_CZ EA_OUT 0 sky130_fd_pr__res_xhigh_po W=0.42 L=52 mult=1 m=1
| XR_FB_A VOUT FB 0 sky130_fd_pr__res_xhigh_po W=0.42 L=180 mult=1 m=1
| XR_FB_B FB N_FBB 0 sky130_fd_pr__res_xhigh_po W=0.42 L=180 mult=1 m=1
| XR_FB_C N_FBB 0 0 sky130_fd_pr__res_xhigh_po W=0.42 L=180 mult=1 m=1
| XM_SENSE CL_SNS EA_OUT VIN VIN sky130_fd_pr__pfet_g5v0d10v5 L=0.5 W=0.42 nf=1 ad=0.1218 as=0.1218 pd=1.42 ps=1.42
| + nrd=0.69047619047619 nrs=0.69047619047619 sa=0 sb=0 sd=0 mult=1 m=1
| XM_CLN1 CL_SNS CL_SNS AMP_ENN 0 sky130_fd_pr__nfet_g5v0d10v5 L=1 W=20 nf=1 ad=5.8 as=5.8 pd=40.58 ps=40.58 nrd=0.0145 nrs=0.0145
| + sa=0 sb=0 sd=0 mult=1 m=1
| XM_CLN2 CL_CMP CL_SNS AMP_ENN 0 sky130_fd_pr__nfet_g5v0d10v5 L=1 W=1.6 nf=1 ad=0.464 as=0.464 pd=3.78 ps=3.78 nrd=0.18125
| + nrs=0.18125 sa=0 sb=0 sd=0 mult=1 m=1
| XM_CLP CL_CMP BIASP VIN VIN sky130_fd_pr__pfet_g5v0d10v5 L=1 W=10 nf=2 ad=1.45 as=2.9 pd=10.58 ps=21.16 nrd=0.029 nrs=0.029 sa=0
| + sb=0 sd=0 mult=1 m=1
| XM_CLIM EA_OUT CL_CMP VIN VIN sky130_fd_pr__pfet_g5v0d10v5 L=0.5 W=20 nf=4 ad=2.9 as=4.35 pd=21.16 ps=31.74 nrd=0.0145 nrs=0.0145
| + sa=0 sb=0 sd=0 mult=1 m=1
| XM_ENP3 CL_CMP EN VIN VIN sky130_fd_pr__pfet_g5v0d10v5 L=0.5 W=2 nf=1 ad=0.58 as=0.58 pd=4.58 ps=4.58 nrd=0.145 nrs=0.145 sa=0
| + sb=0 sd=0 mult=1 m=1
| C_CL VIN CL_CMP 1p m=1
| XM_INVP ENB EN VIN VIN sky130_fd_pr__pfet_g5v0d10v5 L=0.5 W=2 nf=1 ad=0.58 as=0.58 pd=4.58 ps=4.58 nrd=0.145 nrs=0.145 sa=0 sb=0
| + sd=0 mult=1 m=1
| XM_INVN ENB EN 0 0 sky130_fd_pr__nfet_g5v0d10v5 L=0.5 W=1 nf=1 ad=0.29 as=0.29 pd=2.58 ps=2.58 nrd=0.29 nrs=0.29 sa=0 sb=0 sd=0
| + mult=1 m=1
| XM_SSDIS SS ENB 0 0 sky130_fd_pr__nfet_g5v0d10v5 L=0.5 W=2 nf=1 ad=0.58 as=0.58 pd=4.58 ps=4.58 nrd=0.145 nrs=0.145 sa=0 sb=0 sd=0
| + mult=1 m=1
| XM_SSCHG SS BIASP VIN VIN sky130_fd_pr__pfet_g5v0d10v5 L=8 W=1 nf=1 ad=0.29 as=0.29 pd=2.58 ps=2.58 nrd=0.29 nrs=0.29 sa=0 sb=0
| + sd=0 mult=1 m=1
| C_SS SS 0 10p m=1
| XM_IN2S EA_D2 SS EA_TAIL VIN sky130_fd_pr__pfet_g5v0d10v5 L=2 W=10 nf=2 ad=1.45 as=2.9 pd=10.58 ps=21.16 nrd=0.029 nrs=0.029 sa=0
| + sb=0 sd=0 mult=1 m=1
| XM_TSPS TS_SNS BIASP VIN VIN sky130_fd_pr__pfet_g5v0d10v5 L=1 W=2.5 nf=1 ad=0.725 as=0.725 pd=5.58 ps=5.58 nrd=0.116 nrs=0.116
| + sa=0 sb=0 sd=0 mult=1 m=1
| XM_TSD1 TS_SNS TS_SNS TS_MID 0 sky130_fd_pr__nfet_g5v0d10v5 L=1 W=80 nf=16 ad=11.6 as=13.05 pd=84.64 ps=95.22 nrd=0.003625
| + nrs=0.003625 sa=0 sb=0 sd=0 mult=1 m=1
| XM_TSD2 TS_MID TS_MID AMP_ENN 0 sky130_fd_pr__nfet_g5v0d10v5 L=1 W=80 nf=16 ad=11.6 as=13.05 pd=84.64 ps=95.22 nrd=0.003625
| + nrs=0.003625 sa=0 sb=0 sd=0 mult=1 m=1
| XM_TSPR TS_REF BIASP VIN VIN sky130_fd_pr__pfet_g5v0d10v5 L=1 W=2.5 nf=1 ad=0.725 as=0.725 pd=5.58 ps=5.58 nrd=0.116 nrs=0.116
| + sa=0 sb=0 sd=0 mult=1 m=1
| XM_TSR1 TS_REF TS_REF AMP_ENN 0 sky130_fd_pr__nfet_g5v0d10v5 L=10 W=2 nf=1 ad=0.58 as=0.58 pd=4.58 ps=4.58 nrd=0.145 nrs=0.145
| + sa=0 sb=0 sd=0 mult=1 m=1
| XM_TCTAIL TC_TAIL NB AMP_ENN 0 sky130_fd_pr__nfet_g5v0d10v5 L=1 W=1 nf=1 ad=0.29 as=0.29 pd=2.58 ps=2.58 nrd=0.29 nrs=0.29 sa=0
| + sb=0 sd=0 mult=1 m=1
| XM_TCN1 TC_D1 TS_SNS TC_TAIL 0 sky130_fd_pr__nfet_g5v0d10v5 L=2 W=10 nf=2 ad=1.45 as=2.9 pd=10.58 ps=21.16 nrd=0.029 nrs=0.029
| + sa=0 sb=0 sd=0 mult=1 m=1
| XM_TCN2 TS_CMP TS_REF TC_TAIL 0 sky130_fd_pr__nfet_g5v0d10v5 L=2 W=10 nf=2 ad=1.45 as=2.9 pd=10.58 ps=21.16 nrd=0.029 nrs=0.029
| + sa=0 sb=0 sd=0 mult=1 m=1
| XM_TCP1 TC_D1 TC_D1 VIN VIN sky130_fd_pr__pfet_g5v0d10v5 L=2 W=10 nf=2 ad=1.45 as=2.9 pd=10.58 ps=21.16 nrd=0.029 nrs=0.029 sa=0
| + sb=0 sd=0 mult=1 m=1
| XM_TCP2 TS_CMP TC_D1 VIN VIN sky130_fd_pr__pfet_g5v0d10v5 L=2 W=10 nf=2 ad=1.45 as=2.9 pd=10.58 ps=21.16 nrd=0.029 nrs=0.029 sa=0
| + sb=0 sd=0 mult=1 m=1
| XM_TSHUT EA_OUT TS_CMP VIN VIN sky130_fd_pr__pfet_g5v0d10v5 L=0.5 W=20 nf=4 ad=2.9 as=4.35 pd=21.16 ps=31.74 nrd=0.0145 nrs=0.0145
| + sa=0 sb=0 sd=0 mult=1 m=1
| XM_TSHYSB TS_HYS BIASP VIN VIN sky130_fd_pr__pfet_g5v0d10v5 L=2 W=1.5 nf=1 ad=0.435 as=0.435 pd=3.58 ps=3.58 nrd=0.193333333333333
| + nrs=0.193333333333333 sa=0 sb=0 sd=0 mult=1 m=1
| XM_TSHYS TS_REF TS_CMP TS_HYS VIN sky130_fd_pr__pfet_g5v0d10v5 L=0.5 W=2 nf=1 ad=0.58 as=0.58 pd=4.58 ps=4.58 nrd=0.145 nrs=0.145
| + sa=0 sb=0 sd=0 mult=1 m=1
| XM_ENP4 TS_CMP EN VIN VIN sky130_fd_pr__pfet_g5v0d10v5 L=0.5 W=2 nf=1 ad=0.58 as=0.58 pd=4.58 ps=4.58 nrd=0.145 nrs=0.145 sa=0
| + sb=0 sd=0 mult=1 m=1
| C_TS VIN TS_CMP 1p m=1
| .ends
| 
| .control
| save all
| * --- leg 1: full cycle -- EN rises at t=100us, block regulates, EN falls at t=2ms ---
| tran 5u 4.5m
| meas tran vpre find v(vout) at=1.9m
| meas tran iq_avg avg i(vvin) from=3.5m to=4.5m
| meas tran iq_worst min i(vvin) from=3.5m to=4.5m
| meas tran vhold find v(vout) at=4m
| * --- leg 2: static disabled state, output free-floating ---
| op
| * --- leg 3: static disabled state, VOUT forced to 0 V (Vin->Vout leakage) ---
| alter rforce = 1m
| op
| * --- leg 4: static disabled state, VOUT held at the 1.8 V nominal output ---
| alter vforce = 1.8
| op
| let meas_iq_shutdown_static_ua = -1e6*op1.i(vvin)
| let meas_iq_shutdown_after_edge_ua = -1e6*tran1.iq_worst
| let meas_iq_shutdown_after_edge_mean_ua = -1e6*tran1.iq_avg
| let meas_leak_vin_vout_ua = 1e6*op2.i(vforce)
| let meas_vout_pre_disable_v = tran1.vpre
| let meas_vout_hold_2ms_v = tran1.vhold
| let meas_vout_disabled_static_v = op1.v(vout)
| let meas_ivout_held_1v8_ua = -1e6*op3.i(vforce)
| print meas_iq_shutdown_static_ua
| print meas_iq_shutdown_after_edge_ua
| print meas_iq_shutdown_after_edge_mean_ua
| print meas_leak_vin_vout_ua
| print meas_vout_pre_disable_v
| print meas_vout_hold_2ms_v
| print meas_vout_disabled_static_v
| print meas_ivout_held_1v8_ua
| quit
| .endc
| .end

# ==== ngspice stdout ====

Note: Compatibility modes selected: hs a


Circuit: * enable-shutdown corner deck -- generated by sim/bin/corner-run.py, do not edit

option SCALE: Scale is set to 1e-06 for instance and model parameters
option SCALE: Scale is set to 1e-06 for instance and model parameters
option SCALE: Scale is set to 1e-06 for instance and model parameters
option SCALE: Scale is set to 1e-06 for instance and model parameters
Doing analysis at TEMP = 125.000000 and TNOM = 27.000000

Using KLU as Direct Linear Solver
 Reference value :  0.00000e+00
 Reference value :  4.00000e-07
 Reference value :  3.20000e-06
 Reference value :  2.64000e-05
 Reference value :  5.14000e-05
 Reference value :  7.64000e-05
 Reference value :  1.00000e-04
 Reference value :  1.00300e-04
 Reference value :  1.00411e-04
 Reference value :  1.00607e-04
 Reference value :  1.00809e-04
 Reference value :  1.00905e-04
 Reference value :  1.00979e-04
 Reference value :  1.01004e-04
 Reference value :  1.01050e-04
 Reference value :  1.01179e-04
 Reference value :  1.01318e-04
 Reference value :  1.01470e-04
 Reference value :  1.01730e-04
 Reference value :  1.02736e-04
 Reference value :  1.12594e-04
 Reference value :  1.32594e-04
 Reference value :  1.47594e-04
 Reference value :  1.62594e-04
 Reference value :  1.77594e-04
 Reference value :  1.92594e-04
 Reference value :  2.07594e-04
 Reference value :  2.22594e-04
 Reference value :  2.42594e-04
 Reference value :  2.62594e-04
 Reference value :  2.82594e-04
 Reference value :  3.02594e-04
 Reference value :  3.22594e-04
 Reference value :  3.42594e-04
 Reference value :  3.62594e-04
 Reference value :  3.82594e-04
 Reference value :  4.02594e-04
 Reference value :  4.22594e-04
 Reference value :  4.42594e-04
 Reference value :  4.57594e-04
 Reference value :  4.72594e-04
 Reference value :  4.87594e-04
 Reference value :  5.02594e-04
 Reference value :  5.17594e-04
 Reference value :  5.32594e-04
 Reference value :  5.47594e-04
 Reference value :  5.62594e-04
 Reference value :  5.77594e-04
 Reference value :  5.92594e-04
 Reference value :  6.07594e-04
 Reference value :  6.22594e-04
 Reference value :  6.37594e-04
 Reference value :  6.57594e-04
 Reference value :  6.77594e-04
 Reference value :  6.97594e-04
 Reference value :  7.17594e-04
 Reference value :  7.32594e-04
 Reference value :  7.52594e-04
 Reference value :  7.67594e-04
 Reference value :  7.82594e-04
 Reference value :  7.97594e-04
 Reference value :  8.12594e-04
 Reference value :  8.27594e-04
 Reference value :  8.47594e-04
 Reference value :  8.67594e-04
 Reference value :  8.87594e-04
 Reference value :  9.07594e-04
 Reference value :  9.27594e-04
 Reference value :  9.47594e-04
 Reference value :  9.67594e-04
 Reference value :  9.87594e-04
 Reference value :  1.00259e-03
 Reference value :  1.02259e-03
 Reference value :  1.04259e-03
 Reference value :  1.06259e-03
 Reference value :  1.08259e-03
 Reference value :  1.10259e-03
 Reference value :  1.12259e-03
 Reference value :  1.14259e-03
 Reference value :  1.16759e-03
 Reference value :  1.19259e-03
 Reference value :  1.21259e-03
 Reference value :  1.23259e-03
 Reference value :  1.25259e-03
 Reference value :  1.27259e-03
 Reference value :  1.29259e-03
 Reference value :  1.31259e-03
 Reference value :  1.32759e-03
 Reference value :  1.34759e-03
 Reference value :  1.36759e-03
 Reference value :  1.38759e-03
 Reference value :  1.41759e-03
 Reference value :  1.43759e-03
 Reference value :  1.45759e-03
 Reference value :  1.47759e-03
 Reference value :  1.49759e-03
 Reference value :  1.51759e-03
 Reference value :  1.53759e-03
 Reference value :  1.55759e-03
 Reference value :  1.57759e-03
 Reference value :  1.60259e-03
 Reference value :  1.62759e-03
 Reference value :  1.64759e-03
 Reference value :  1.66259e-03
 Reference value :  1.68259e-03
 Reference value :  1.70759e-03
 Reference value :  1.72759e-03
 Reference value :  1.74759e-03
 Reference value :  1.76759e-03
 Reference value :  1.78759e-03
 Reference value :  1.80759e-03
 Reference value :  1.82759e-03
 Reference value :  1.84759e-03
 Reference value :  1.86259e-03
 Reference value :  1.88259e-03
 Reference value :  1.90259e-03
 Reference value :  1.92259e-03
 Reference value :  1.94259e-03
 Reference value :  1.96759e-03
 Reference value :  1.98759e-03
 Reference value :  2.00010e-03
 Reference value :  2.00030e-03
 Reference value :  2.00041e-03
 Reference value :  2.00060e-03
 Reference value :  2.00063e-03
 Reference value :  2.00064e-03
 Reference value :  2.00067e-03
 Reference value :  2.00077e-03
 Reference value :  2.00088e-03
 Reference value :  2.00101e-03
 Reference value :  2.00121e-03
 Reference value :  2.00269e-03
 Reference value :  2.01015e-03
 Reference value :  2.03515e-03
 Reference value :  2.06515e-03
 Reference value :  2.09015e-03
 Reference value :  2.11015e-03
 Reference value :  2.12515e-03
 Reference value :  2.14515e-03
 Reference value :  2.16515e-03
 Reference value :  2.18515e-03
 Reference value :  2.20515e-03
 Reference value :  2.22515e-03
 Reference value :  2.24515e-03
 Reference value :  2.26515e-03
 Reference value :  2.28515e-03
 Reference value :  2.30515e-03
 Reference value :  2.32515e-03
 Reference value :  2.34515e-03
 Reference value :  2.37015e-03
 Reference value :  2.39015e-03
 Reference value :  2.41015e-03
 Reference value :  2.43015e-03
 Reference value :  2.45015e-03
 Reference value :  2.47015e-03
 Reference value :  2.49015e-03
 Reference value :  2.50515e-03
 Reference value :  2.52515e-03
 Reference value :  2.54515e-03
 Reference value :  2.56515e-03
 Reference value :  2.58515e-03
 Reference value :  2.60515e-03
 Reference value :  2.62515e-03
 Reference value :  2.65015e-03
 Reference value :  2.67515e-03
 Reference value :  2.70015e-03
 Reference value :  2.72515e-03
 Reference value :  2.75015e-03
 Reference value :  2.77515e-03
 Reference value :  2.80515e-03
 Reference value :  2.82515e-03
 Reference value :  2.84515e-03
 Reference value :  2.86515e-03
 Reference value :  2.88515e-03
 Reference value :  2.90515e-03
 Reference value :  2.93015e-03
 Reference value :  2.95015e-03
 Reference value :  2.97515e-03
 Reference value :  2.99015e-03
 Reference value :  3.00515e-03
 Reference value :  3.02015e-03
 Reference value :  3.04015e-03
 Reference value :  3.06015e-03
 Reference value :  3.07515e-03
 Reference value :  3.09515e-03
 Reference value :  3.12015e-03
 Reference value :  3.14015e-03
 Reference value :  3.16015e-03
 Reference value :  3.18015e-03
 Reference value :  3.19515e-03
 Reference value :  3.21515e-03
 Reference value :  3.23015e-03
 Reference value :  3.24515e-03
 Reference value :  3.26015e-03
 Reference value :  3.28015e-03
 Reference value :  3.30015e-03
 Reference value :  3.32515e-03
 Reference value :  3.34515e-03
 Reference value :  3.37015e-03
 Reference value :  3.40015e-03
 Reference value :  3.42515e-03
 Reference value :  3.44015e-03
 Reference value :  3.46015e-03
 Reference value :  3.48015e-03
 Reference value :  3.50015e-03
 Reference value :  3.51515e-03
 Reference value :  3.53515e-03
 Reference value :  3.55515e-03
 Reference value :  3.57015e-03
 Reference value :  3.58515e-03
 Reference value :  3.61015e-03
 Reference value :  3.63015e-03
 Reference value :  3.65015e-03
 Reference value :  3.67015e-03
 Reference value :  3.69015e-03
 Reference value :  3.71015e-03
 Reference value :  3.72515e-03
 Reference value :  3.74015e-03
 Reference value :  3.75515e-03
 Reference value :  3.77015e-03
 Reference value :  3.79015e-03
 Reference value :  3.81015e-03
 Reference value :  3.82515e-03
 Reference value :  3.85015e-03
 Reference value :  3.87515e-03
 Reference value :  3.89515e-03
 Reference value :  3.91515e-03
 Reference value :  3.93515e-03
 Reference value :  3.95515e-03
 Reference value :  3.97515e-03
 Reference value :  3.99515e-03
 Reference value :  4.01515e-03
 Reference value :  4.03515e-03
 Reference value :  4.05515e-03
 Reference value :  4.07015e-03
 Reference value :  4.09015e-03
 Reference value :  4.10515e-03
 Reference value :  4.12515e-03
 Reference value :  4.14515e-03
 Reference value :  4.16015e-03
 Reference value :  4.17515e-03
 Reference value :  4.19515e-03
 Reference value :  4.21515e-03
 Reference value :  4.23515e-03
 Reference value :  4.25515e-03
 Reference value :  4.27515e-03
 Reference value :  4.29515e-03
 Reference value :  4.31515e-03
 Reference value :  4.33515e-03
 Reference value :  4.35515e-03
 Reference value :  4.37015e-03
 Reference value :  4.39015e-03
 Reference value :  4.41015e-03
 Reference value :  4.42515e-03
 Reference value :  4.44015e-03
 Reference value :  4.45515e-03
 Reference value :  4.47015e-03
 Reference value :  4.49015e-03
No. of Data Rows : 966
vpre                =  1.82023e+00
iq_avg              =  -3.01873e-08 from=  3.50000e-03 to=  4.50000e-03
iq_worst            =  -3.22910e-08 at=  3.50015e-03
vhold               =  1.81911e+00
Doing analysis at TEMP = 125.000000 and TNOM = 27.000000

Using KLU as Direct Linear Solver
 Reference value :  0.00000e+00
No. of Data Rows : 1
Doing analysis at TEMP = 125.000000 and TNOM = 27.000000

Using KLU as Direct Linear Solver
 Reference value :  0.00000e+00
No. of Data Rows : 1
Doing analysis at TEMP = 125.000000 and TNOM = 27.000000

Using KLU as Direct Linear Solver
 Reference value :  0.00000e+00
No. of Data Rows : 1
meas_iq_shutdown_static_ua = 6.539250e-02
meas_iq_shutdown_after_edge_ua = 3.229105e-02
meas_iq_shutdown_after_edge_mean_ua = 3.018727e-02
meas_leak_vin_vout_ua = 7.580629e-02
meas_vout_pre_disable_v = 1.820229e+00
meas_vout_hold_2ms_v = 1.819110e+00
meas_vout_disabled_static_v = 2.006798e-01
meas_ivout_held_1v8_ua = 5.478731e-01
ngspice-46 done

# ==== ngspice stderr ====

