# corner: fs_125c_2.97v
# process=fs temp=125C supply=2.97V
# ngspice exit: 0
# wall clock: 74.0s (--timeout was 300s)
# result: PASS

# ==== deck (exact input given to ngspice) ====
| * enable-shutdown corner deck -- generated by sim/bin/corner-run.py, do not edit
| * corner: fs_125c_2.97v
| .param vsup=2.97
| .option wnflag=1
| .temp 125
| .lib "/home/ubuntu/.volare/sky130A/libs.tech/combined/sky130.lib.spice" fs
| ** sch_path: sim/enable-shutdown/testbench/tb_enable_shutdown.sch
| **.subckt tb_enable_shutdown
| VVIN VIN 0 'vsup'
| .save i(vvin)
| VEN EN 0 dc 0 pwl(0 0 100u 0 101u 'vsup' 2m 'vsup' 2.001m 0 10 0)
| .save i(ven)
| VVREF VREF 0 1.2
| .save i(vvref)
| xldo VOUT VREF EN VIN ldo_3v3in_1v8out
| COUT VOUT VESR 1u m=1
| RESR VESR 0 10m m=1
| RLOAD VOUT 0 1e12 m=1
| RFORCE VOUT VF 1e12 m=1
| VFORCE VF 0 0
| .save i(vforce)
| **.ends
| 
| * expanding   symbol:  design/ldo_3v3in_1v8out.sym # of pins=4
| ** sym_path: design/ldo_3v3in_1v8out.sym
| ** sch_path: design/ldo_3v3in_1v8out.sch
| .subckt ldo_3v3in_1v8out VOUT VREF EN VIN
| *.ipin VIN
| *.ipin EN
| *.ipin VREF
| *.opin VOUT
| XR_BIAS VIN NB 0 sky130_fd_pr__res_high_po W=0.42 L=1500 mult=1 m=1
| XM_BIASN1 NB NB BIAS_ENN 0 sky130_fd_pr__nfet_g5v0d10v5 L=1 W=4 nf=1 ad=1.16 as=1.16 pd=8.58 ps=8.58 nrd=0.0725 nrs=0.0725 sa=0
| + sb=0 sd=0 mult=1 m=1
| XM_ENN BIAS_ENN EN 0 0 sky130_fd_pr__nfet_g5v0d10v5 L=0.5 W=10 nf=1 ad=2.9 as=2.9 pd=20.58 ps=20.58 nrd=0.029 nrs=0.029 sa=0 sb=0
| + sd=0 mult=1 m=1
| XM_BIASN2 BIASP NB BIAS_ENN 0 sky130_fd_pr__nfet_g5v0d10v5 L=1 W=4 nf=1 ad=1.16 as=1.16 pd=8.58 ps=8.58 nrd=0.0725 nrs=0.0725 sa=0
| + sb=0 sd=0 mult=1 m=1
| XM_BIASP1 BIASP BIASP VIN VIN sky130_fd_pr__pfet_g5v0d10v5 L=1 W=10 nf=2 ad=1.45 as=2.9 pd=10.58 ps=21.16 nrd=0.029 nrs=0.029 sa=0
| + sb=0 sd=0 mult=1 m=1
| XM_ENP2 BIASP EN VIN VIN sky130_fd_pr__pfet_g5v0d10v5 L=0.5 W=10 nf=1 ad=2.9 as=2.9 pd=20.58 ps=20.58 nrd=0.029 nrs=0.029 sa=0
| + sb=0 sd=0 mult=1 m=1
| XM_TAIL EA_TAIL BIASP VIN VIN sky130_fd_pr__pfet_g5v0d10v5 L=2 W=40 nf=8 ad=5.8 as=7.25 pd=42.32 ps=52.9 nrd=0.00725 nrs=0.00725
| + sa=0 sb=0 sd=0 mult=1 m=1
| XM_IN1 EA_D1 FB EA_TAIL VIN sky130_fd_pr__pfet_g5v0d10v5 L=2 W=10 nf=2 ad=1.45 as=2.9 pd=10.58 ps=21.16 nrd=0.029 nrs=0.029 sa=0
| + sb=0 sd=0 mult=1 m=1
| XM_IN2 EA_D2 VREF EA_TAIL VIN sky130_fd_pr__pfet_g5v0d10v5 L=2 W=10 nf=2 ad=1.45 as=2.9 pd=10.58 ps=21.16 nrd=0.029 nrs=0.029 sa=0
| + sb=0 sd=0 mult=1 m=1
| XM_MIR1 EA_D1 EA_D1 AMP_ENN 0 sky130_fd_pr__nfet_g5v0d10v5 L=4 W=10 nf=2 ad=1.45 as=2.9 pd=10.58 ps=21.16 nrd=0.029 nrs=0.029 sa=0
| + sb=0 sd=0 mult=1 m=1
| XM_MIR2 EA_OUT EA_D1 AMP_ENN 0 sky130_fd_pr__nfet_g5v0d10v5 L=4 W=10 nf=2 ad=1.45 as=2.9 pd=10.58 ps=21.16 nrd=0.029 nrs=0.029
| + sa=0 sb=0 sd=0 mult=1 m=1
| XM_ENN2 AMP_ENN EN 0 0 sky130_fd_pr__nfet_g5v0d10v5 L=0.5 W=10 nf=1 ad=2.9 as=2.9 pd=20.58 ps=20.58 nrd=0.029 nrs=0.029 sa=0 sb=0
| + sd=0 mult=1 m=1
| XM_ENP EA_OUT EN VIN VIN sky130_fd_pr__pfet_g5v0d10v5 L=0.5 W=10 nf=1 ad=2.9 as=2.9 pd=20.58 ps=20.58 nrd=0.029 nrs=0.029 sa=0
| + sb=0 sd=0 mult=1 m=1
| XM_MIR3 EA_D2 EA_D2 AMP_ENN 0 sky130_fd_pr__nfet_g5v0d10v5 L=4 W=10 nf=2 ad=1.45 as=2.9 pd=10.58 ps=21.16 nrd=0.029 nrs=0.029 sa=0
| + sb=0 sd=0 mult=1 m=1
| XM_MIR4 PB EA_D2 AMP_ENN 0 sky130_fd_pr__nfet_g5v0d10v5 L=4 W=10 nf=2 ad=1.45 as=2.9 pd=10.58 ps=21.16 nrd=0.029 nrs=0.029 sa=0
| + sb=0 sd=0 mult=1 m=1
| XM_MIRP1 PB PB VIN VIN sky130_fd_pr__pfet_g5v0d10v5 L=4 W=20 nf=4 ad=2.9 as=4.35 pd=21.16 ps=31.74 nrd=0.0145 nrs=0.0145 sa=0 sb=0
| + sd=0 mult=1 m=1
| XM_MIRP2 EA_OUT PB VIN VIN sky130_fd_pr__pfet_g5v0d10v5 L=4 W=20 nf=4 ad=2.9 as=4.35 pd=21.16 ps=31.74 nrd=0.0145 nrs=0.0145 sa=0
| + sb=0 sd=0 mult=1 m=1
| XM_ENP5 PB EN VIN VIN sky130_fd_pr__pfet_g5v0d10v5 L=0.5 W=2 nf=1 ad=0.58 as=0.58 pd=4.58 ps=4.58 nrd=0.145 nrs=0.145 sa=0 sb=0
| + sd=0 mult=1 m=1
| XM_PASS VOUT EA_OUT VIN VIN sky130_fd_pr__pfet_g5v0d10v5 L=0.5 W=100 nf=25 ad=15.08 as=15.08 pd=111.54 ps=111.54 nrd=0.0029
| + nrs=0.0029 sa=0 sb=0 sd=0 mult=25 m=25
| C_COMP VOUT EA_CZ 150p m=1
| XR_CZ EA_CZ EA_OUT 0 sky130_fd_pr__res_xhigh_po W=0.42 L=52 mult=1 m=1
| XR_FB_A VOUT FB 0 sky130_fd_pr__res_xhigh_po W=0.42 L=180 mult=1 m=1
| XR_FB_B FB N_FBB 0 sky130_fd_pr__res_xhigh_po W=0.42 L=180 mult=1 m=1
| XR_FB_C N_FBB 0 0 sky130_fd_pr__res_xhigh_po W=0.42 L=180 mult=1 m=1
| XM_SENSE CL_SNS EA_OUT VIN VIN sky130_fd_pr__pfet_g5v0d10v5 L=0.5 W=0.42 nf=1 ad=0.1218 as=0.1218 pd=1.42 ps=1.42
| + nrd=0.69047619047619 nrs=0.69047619047619 sa=0 sb=0 sd=0 mult=1 m=1
| XM_CLN1 CL_SNS CL_SNS AMP_ENN 0 sky130_fd_pr__nfet_g5v0d10v5 L=1 W=20 nf=1 ad=5.8 as=5.8 pd=40.58 ps=40.58 nrd=0.0145 nrs=0.0145
| + sa=0 sb=0 sd=0 mult=1 m=1
| XM_CLN2 CL_CMP CL_SNS AMP_ENN 0 sky130_fd_pr__nfet_g5v0d10v5 L=1 W=1.6 nf=1 ad=0.464 as=0.464 pd=3.78 ps=3.78 nrd=0.18125
| + nrs=0.18125 sa=0 sb=0 sd=0 mult=1 m=1
| XM_CLP CL_CMP BIASP VIN VIN sky130_fd_pr__pfet_g5v0d10v5 L=1 W=10 nf=2 ad=1.45 as=2.9 pd=10.58 ps=21.16 nrd=0.029 nrs=0.029 sa=0
| + sb=0 sd=0 mult=1 m=1
| XM_CLIM EA_OUT CL_CMP VIN VIN sky130_fd_pr__pfet_g5v0d10v5 L=0.5 W=20 nf=4 ad=2.9 as=4.35 pd=21.16 ps=31.74 nrd=0.0145 nrs=0.0145
| + sa=0 sb=0 sd=0 mult=1 m=1
| XM_ENP3 CL_CMP EN VIN VIN sky130_fd_pr__pfet_g5v0d10v5 L=0.5 W=2 nf=1 ad=0.58 as=0.58 pd=4.58 ps=4.58 nrd=0.145 nrs=0.145 sa=0
| + sb=0 sd=0 mult=1 m=1
| C_CL VIN CL_CMP 1p m=1
| XM_INVP ENB EN VIN VIN sky130_fd_pr__pfet_g5v0d10v5 L=0.5 W=2 nf=1 ad=0.58 as=0.58 pd=4.58 ps=4.58 nrd=0.145 nrs=0.145 sa=0 sb=0
| + sd=0 mult=1 m=1
| XM_INVN ENB EN 0 0 sky130_fd_pr__nfet_g5v0d10v5 L=0.5 W=1 nf=1 ad=0.29 as=0.29 pd=2.58 ps=2.58 nrd=0.29 nrs=0.29 sa=0 sb=0 sd=0
| + mult=1 m=1
| XM_SSDIS SS ENB 0 0 sky130_fd_pr__nfet_g5v0d10v5 L=0.5 W=2 nf=1 ad=0.58 as=0.58 pd=4.58 ps=4.58 nrd=0.145 nrs=0.145 sa=0 sb=0 sd=0
| + mult=1 m=1
| XM_SSCHG SS BIASP VIN VIN sky130_fd_pr__pfet_g5v0d10v5 L=8 W=1 nf=1 ad=0.29 as=0.29 pd=2.58 ps=2.58 nrd=0.29 nrs=0.29 sa=0 sb=0
| + sd=0 mult=1 m=1
| C_SS SS 0 10p m=1
| XM_IN2S EA_D2 SS EA_TAIL VIN sky130_fd_pr__pfet_g5v0d10v5 L=2 W=10 nf=2 ad=1.45 as=2.9 pd=10.58 ps=21.16 nrd=0.029 nrs=0.029 sa=0
| + sb=0 sd=0 mult=1 m=1
| XM_TSPS TS_SNS BIASP VIN VIN sky130_fd_pr__pfet_g5v0d10v5 L=1 W=2.5 nf=1 ad=0.725 as=0.725 pd=5.58 ps=5.58 nrd=0.116 nrs=0.116
| + sa=0 sb=0 sd=0 mult=1 m=1
| XM_TSD1 TS_SNS TS_SNS TS_MID 0 sky130_fd_pr__nfet_g5v0d10v5 L=1 W=80 nf=16 ad=11.6 as=13.05 pd=84.64 ps=95.22 nrd=0.003625
| + nrs=0.003625 sa=0 sb=0 sd=0 mult=1 m=1
| XM_TSD2 TS_MID TS_MID AMP_ENN 0 sky130_fd_pr__nfet_g5v0d10v5 L=1 W=80 nf=16 ad=11.6 as=13.05 pd=84.64 ps=95.22 nrd=0.003625
| + nrs=0.003625 sa=0 sb=0 sd=0 mult=1 m=1
| XM_TSPR TS_REF BIASP VIN VIN sky130_fd_pr__pfet_g5v0d10v5 L=1 W=2.5 nf=1 ad=0.725 as=0.725 pd=5.58 ps=5.58 nrd=0.116 nrs=0.116
| + sa=0 sb=0 sd=0 mult=1 m=1
| XM_TSR1 TS_REF TS_REF AMP_ENN 0 sky130_fd_pr__nfet_g5v0d10v5 L=10 W=2 nf=1 ad=0.58 as=0.58 pd=4.58 ps=4.58 nrd=0.145 nrs=0.145
| + sa=0 sb=0 sd=0 mult=1 m=1
| XM_TCTAIL TC_TAIL NB AMP_ENN 0 sky130_fd_pr__nfet_g5v0d10v5 L=1 W=1 nf=1 ad=0.29 as=0.29 pd=2.58 ps=2.58 nrd=0.29 nrs=0.29 sa=0
| + sb=0 sd=0 mult=1 m=1
| XM_TCN1 TC_D1 TS_SNS TC_TAIL 0 sky130_fd_pr__nfet_g5v0d10v5 L=2 W=10 nf=2 ad=1.45 as=2.9 pd=10.58 ps=21.16 nrd=0.029 nrs=0.029
| + sa=0 sb=0 sd=0 mult=1 m=1
| XM_TCN2 TS_CMP TS_REF TC_TAIL 0 sky130_fd_pr__nfet_g5v0d10v5 L=2 W=10 nf=2 ad=1.45 as=2.9 pd=10.58 ps=21.16 nrd=0.029 nrs=0.029
| + sa=0 sb=0 sd=0 mult=1 m=1
| XM_TCP1 TC_D1 TC_D1 VIN VIN sky130_fd_pr__pfet_g5v0d10v5 L=2 W=10 nf=2 ad=1.45 as=2.9 pd=10.58 ps=21.16 nrd=0.029 nrs=0.029 sa=0
| + sb=0 sd=0 mult=1 m=1
| XM_TCP2 TS_CMP TC_D1 VIN VIN sky130_fd_pr__pfet_g5v0d10v5 L=2 W=10 nf=2 ad=1.45 as=2.9 pd=10.58 ps=21.16 nrd=0.029 nrs=0.029 sa=0
| + sb=0 sd=0 mult=1 m=1
| XM_TSHUT EA_OUT TS_CMP VIN VIN sky130_fd_pr__pfet_g5v0d10v5 L=0.5 W=20 nf=4 ad=2.9 as=4.35 pd=21.16 ps=31.74 nrd=0.0145 nrs=0.0145
| + sa=0 sb=0 sd=0 mult=1 m=1
| XM_TSHYSB TS_HYS BIASP VIN VIN sky130_fd_pr__pfet_g5v0d10v5 L=2 W=1.5 nf=1 ad=0.435 as=0.435 pd=3.58 ps=3.58 nrd=0.193333333333333
| + nrs=0.193333333333333 sa=0 sb=0 sd=0 mult=1 m=1
| XM_TSHYS TS_REF TS_CMP TS_HYS VIN sky130_fd_pr__pfet_g5v0d10v5 L=0.5 W=2 nf=1 ad=0.58 as=0.58 pd=4.58 ps=4.58 nrd=0.145 nrs=0.145
| + sa=0 sb=0 sd=0 mult=1 m=1
| XM_ENP4 TS_CMP EN VIN VIN sky130_fd_pr__pfet_g5v0d10v5 L=0.5 W=2 nf=1 ad=0.58 as=0.58 pd=4.58 ps=4.58 nrd=0.145 nrs=0.145 sa=0
| + sb=0 sd=0 mult=1 m=1
| C_TS VIN TS_CMP 1p m=1
| .ends
| 
| .control
| save all
| * --- leg 1: full cycle -- EN rises at t=100us, block regulates, EN falls at t=2ms ---
| tran 5u 4.5m
| meas tran vpre find v(vout) at=1.9m
| meas tran iq_avg avg i(vvin) from=3.5m to=4.5m
| meas tran iq_worst min i(vvin) from=3.5m to=4.5m
| meas tran vhold find v(vout) at=4m
| * --- leg 2: static disabled state, output free-floating ---
| op
| * --- leg 3: static disabled state, VOUT forced to 0 V (Vin->Vout leakage) ---
| alter rforce = 1m
| op
| * --- leg 4: static disabled state, VOUT held at the 1.8 V nominal output ---
| alter vforce = 1.8
| op
| let meas_iq_shutdown_static_ua = -1e6*op1.i(vvin)
| let meas_iq_shutdown_after_edge_ua = -1e6*tran1.iq_worst
| let meas_iq_shutdown_after_edge_mean_ua = -1e6*tran1.iq_avg
| let meas_leak_vin_vout_ua = 1e6*op2.i(vforce)
| let meas_vout_pre_disable_v = tran1.vpre
| let meas_vout_hold_2ms_v = tran1.vhold
| let meas_vout_disabled_static_v = op1.v(vout)
| let meas_ivout_held_1v8_ua = -1e6*op3.i(vforce)
| print meas_iq_shutdown_static_ua
| print meas_iq_shutdown_after_edge_ua
| print meas_iq_shutdown_after_edge_mean_ua
| print meas_leak_vin_vout_ua
| print meas_vout_pre_disable_v
| print meas_vout_hold_2ms_v
| print meas_vout_disabled_static_v
| print meas_ivout_held_1v8_ua
| quit
| .endc
| .end

# ==== ngspice stdout ====

Note: Compatibility modes selected: hs a


Circuit: * enable-shutdown corner deck -- generated by sim/bin/corner-run.py, do not edit

option SCALE: Scale is set to 1e-06 for instance and model parameters
option SCALE: Scale is set to 1e-06 for instance and model parameters
option SCALE: Scale is set to 1e-06 for instance and model parameters
option SCALE: Scale is set to 1e-06 for instance and model parameters
Doing analysis at TEMP = 125.000000 and TNOM = 27.000000

Using KLU as Direct Linear Solver
 Reference value :  0.00000e+00
 Reference value :  4.00000e-07
 Reference value :  6.40000e-06
 Reference value :  2.14000e-05
 Reference value :  4.14000e-05
 Reference value :  6.14000e-05
 Reference value :  8.14000e-05
 Reference value :  1.00000e-04
 Reference value :  1.00300e-04
 Reference value :  1.00411e-04
 Reference value :  1.00517e-04
 Reference value :  1.00614e-04
 Reference value :  1.00840e-04
 Reference value :  1.00920e-04
 Reference value :  1.00981e-04
 Reference value :  1.01005e-04
 Reference value :  1.01032e-04
 Reference value :  1.01093e-04
 Reference value :  1.01191e-04
 Reference value :  1.01367e-04
 Reference value :  1.01573e-04
 Reference value :  1.02007e-04
 Reference value :  1.02815e-04
 Reference value :  1.10348e-04
 Reference value :  1.30348e-04
 Reference value :  1.50348e-04
 Reference value :  1.65348e-04
 Reference value :  1.85348e-04
 Reference value :  2.00348e-04
 Reference value :  2.15348e-04
 Reference value :  2.30348e-04
 Reference value :  2.50348e-04
 Reference value :  2.70348e-04
 Reference value :  2.85348e-04
 Reference value :  3.00348e-04
 Reference value :  3.20348e-04
 Reference value :  3.40348e-04
 Reference value :  3.65348e-04
 Reference value :  3.85348e-04
 Reference value :  4.05348e-04
 Reference value :  4.25348e-04
 Reference value :  4.45348e-04
 Reference value :  4.65348e-04
 Reference value :  4.85348e-04
 Reference value :  5.05348e-04
 Reference value :  5.25348e-04
 Reference value :  5.40348e-04
 Reference value :  5.55348e-04
 Reference value :  5.75348e-04
 Reference value :  5.95348e-04
 Reference value :  6.15348e-04
 Reference value :  6.35348e-04
 Reference value :  6.55348e-04
 Reference value :  6.75348e-04
 Reference value :  6.95348e-04
 Reference value :  7.15348e-04
 Reference value :  7.30348e-04
 Reference value :  7.50348e-04
 Reference value :  7.65348e-04
 Reference value :  7.80348e-04
 Reference value :  8.00348e-04
 Reference value :  8.20348e-04
 Reference value :  8.40348e-04
 Reference value :  8.60348e-04
 Reference value :  8.80348e-04
 Reference value :  8.95348e-04
 Reference value :  9.10348e-04
 Reference value :  9.30348e-04
 Reference value :  9.50348e-04
 Reference value :  9.70348e-04
 Reference value :  9.85348e-04
 Reference value :  1.00535e-03
 Reference value :  1.02535e-03
 Reference value :  1.04535e-03
 Reference value :  1.06535e-03
 Reference value :  1.08535e-03
 Reference value :  1.10035e-03
 Reference value :  1.12035e-03
 Reference value :  1.14035e-03
 Reference value :  1.15535e-03
 Reference value :  1.17035e-03
 Reference value :  1.19035e-03
 Reference value :  1.20535e-03
 Reference value :  1.22535e-03
 Reference value :  1.24535e-03
 Reference value :  1.26035e-03
 Reference value :  1.27535e-03
 Reference value :  1.29035e-03
 Reference value :  1.30535e-03
 Reference value :  1.32035e-03
 Reference value :  1.34035e-03
 Reference value :  1.35535e-03
 Reference value :  1.37035e-03
 Reference value :  1.39035e-03
 Reference value :  1.41035e-03
 Reference value :  1.42535e-03
 Reference value :  1.44035e-03
 Reference value :  1.46035e-03
 Reference value :  1.47535e-03
 Reference value :  1.49535e-03
 Reference value :  1.51035e-03
 Reference value :  1.52535e-03
 Reference value :  1.54535e-03
 Reference value :  1.56535e-03
 Reference value :  1.58535e-03
 Reference value :  1.61035e-03
 Reference value :  1.63035e-03
 Reference value :  1.65035e-03
 Reference value :  1.67035e-03
 Reference value :  1.68535e-03
 Reference value :  1.70535e-03
 Reference value :  1.72035e-03
 Reference value :  1.73535e-03
 Reference value :  1.75535e-03
 Reference value :  1.77535e-03
 Reference value :  1.79535e-03
 Reference value :  1.81035e-03
 Reference value :  1.83035e-03
 Reference value :  1.85035e-03
 Reference value :  1.87035e-03
 Reference value :  1.89035e-03
 Reference value :  1.91535e-03
 Reference value :  1.94035e-03
 Reference value :  1.96535e-03
 Reference value :  1.98535e-03
 Reference value :  2.00010e-03
 Reference value :  2.00030e-03
 Reference value :  2.00041e-03
 Reference value :  2.00060e-03
 Reference value :  2.00063e-03
 Reference value :  2.00065e-03
 Reference value :  2.00070e-03
 Reference value :  2.00073e-03
 Reference value :  2.00080e-03
 Reference value :  2.00100e-03
 Reference value :  2.00108e-03
 Reference value :  2.00168e-03
 Reference value :  2.00535e-03
 Reference value :  2.01348e-03
 Reference value :  2.03348e-03
 Reference value :  2.05348e-03
 Reference value :  2.07348e-03
 Reference value :  2.09348e-03
 Reference value :  2.11348e-03
 Reference value :  2.12848e-03
 Reference value :  2.14348e-03
 Reference value :  2.15848e-03
 Reference value :  2.17848e-03
 Reference value :  2.19848e-03
 Reference value :  2.21848e-03
 Reference value :  2.23848e-03
 Reference value :  2.25848e-03
 Reference value :  2.27848e-03
 Reference value :  2.29848e-03
 Reference value :  2.31848e-03
 Reference value :  2.33848e-03
 Reference value :  2.35848e-03
 Reference value :  2.37848e-03
 Reference value :  2.39848e-03
 Reference value :  2.41848e-03
 Reference value :  2.43848e-03
 Reference value :  2.45848e-03
 Reference value :  2.47348e-03
 Reference value :  2.49348e-03
 Reference value :  2.50848e-03
 Reference value :  2.52848e-03
 Reference value :  2.54848e-03
 Reference value :  2.56848e-03
 Reference value :  2.58848e-03
 Reference value :  2.60348e-03
 Reference value :  2.62348e-03
 Reference value :  2.64348e-03
 Reference value :  2.65848e-03
 Reference value :  2.67348e-03
 Reference value :  2.68848e-03
 Reference value :  2.70848e-03
 Reference value :  2.72348e-03
 Reference value :  2.73848e-03
 Reference value :  2.75348e-03
 Reference value :  2.76848e-03
 Reference value :  2.78348e-03
 Reference value :  2.79848e-03
 Reference value :  2.81348e-03
 Reference value :  2.82848e-03
 Reference value :  2.84848e-03
 Reference value :  2.86848e-03
 Reference value :  2.88848e-03
 Reference value :  2.90848e-03
 Reference value :  2.92848e-03
 Reference value :  2.94348e-03
 Reference value :  2.96348e-03
 Reference value :  2.98348e-03
 Reference value :  2.99848e-03
 Reference value :  3.01348e-03
 Reference value :  3.03348e-03
 Reference value :  3.05348e-03
 Reference value :  3.07348e-03
 Reference value :  3.09348e-03
 Reference value :  3.11348e-03
 Reference value :  3.13348e-03
 Reference value :  3.15348e-03
 Reference value :  3.17348e-03
 Reference value :  3.19848e-03
 Reference value :  3.21848e-03
 Reference value :  3.23848e-03
 Reference value :  3.25348e-03
 Reference value :  3.27348e-03
 Reference value :  3.29348e-03
 Reference value :  3.31348e-03
 Reference value :  3.32848e-03
 Reference value :  3.34348e-03
 Reference value :  3.36348e-03
 Reference value :  3.38348e-03
 Reference value :  3.40348e-03
 Reference value :  3.41848e-03
 Reference value :  3.43348e-03
 Reference value :  3.45348e-03
 Reference value :  3.47348e-03
 Reference value :  3.49348e-03
 Reference value :  3.51348e-03
 Reference value :  3.52848e-03
 Reference value :  3.54848e-03
 Reference value :  3.56348e-03
 Reference value :  3.57848e-03
 Reference value :  3.59848e-03
 Reference value :  3.61348e-03
 Reference value :  3.62848e-03
 Reference value :  3.64348e-03
 Reference value :  3.66348e-03
 Reference value :  3.67848e-03
 Reference value :  3.69348e-03
 Reference value :  3.71348e-03
 Reference value :  3.73348e-03
 Reference value :  3.74848e-03
 Reference value :  3.76348e-03
 Reference value :  3.77848e-03
 Reference value :  3.79348e-03
 Reference value :  3.81348e-03
 Reference value :  3.82848e-03
 Reference value :  3.84848e-03
 Reference value :  3.86848e-03
 Reference value :  3.88848e-03
 Reference value :  3.90348e-03
 Reference value :  3.91848e-03
 Reference value :  3.93848e-03
 Reference value :  3.95848e-03
 Reference value :  3.97848e-03
 Reference value :  3.99848e-03
 Reference value :  4.01848e-03
 Reference value :  4.03848e-03
 Reference value :  4.05848e-03
 Reference value :  4.07348e-03
 Reference value :  4.08848e-03
 Reference value :  4.10348e-03
 Reference value :  4.11848e-03
 Reference value :  4.13348e-03
 Reference value :  4.15348e-03
 Reference value :  4.17348e-03
 Reference value :  4.18848e-03
 Reference value :  4.20348e-03
 Reference value :  4.22348e-03
 Reference value :  4.23848e-03
 Reference value :  4.25348e-03
 Reference value :  4.27348e-03
 Reference value :  4.28848e-03
 Reference value :  4.30348e-03
 Reference value :  4.32348e-03
 Reference value :  4.34348e-03
 Reference value :  4.36348e-03
 Reference value :  4.38348e-03
 Reference value :  4.39848e-03
 Reference value :  4.41848e-03
 Reference value :  4.43848e-03
 Reference value :  4.45848e-03
 Reference value :  4.47848e-03
 Reference value :  4.49348e-03
No. of Data Rows : 965
vpre                =  1.82132e+00
iq_avg              =  -2.27222e-08 from=  3.50000e-03 to=  4.50000e-03
iq_worst            =  -2.36751e-08 at=  3.50848e-03
vhold               =  1.82017e+00
Doing analysis at TEMP = 125.000000 and TNOM = 27.000000

Using KLU as Direct Linear Solver
 Reference value :  0.00000e+00
No. of Data Rows : 1
Doing analysis at TEMP = 125.000000 and TNOM = 27.000000

Using KLU as Direct Linear Solver
 Reference value :  0.00000e+00
No. of Data Rows : 1
Doing analysis at TEMP = 125.000000 and TNOM = 27.000000

Using KLU as Direct Linear Solver
 Reference value :  0.00000e+00
No. of Data Rows : 1
meas_iq_shutdown_static_ua = 4.548632e-02
meas_iq_shutdown_after_edge_ua = 2.367512e-02
meas_iq_shutdown_after_edge_mean_ua = 2.272224e-02
meas_leak_vin_vout_ua = 4.790700e-02
meas_vout_pre_disable_v = 1.821323e+00
meas_vout_hold_2ms_v = 1.820172e+00
meas_vout_disabled_static_v = 1.392186e-01
meas_ivout_held_1v8_ua = 5.551677e-01
ngspice-46 done

# ==== ngspice stderr ====

