# corner: fs_125c_3.30v
# process=fs temp=125C supply=3.30V
# ngspice exit: 0
# wall clock: 72.8s (--timeout was 300s)
# result: PASS

# ==== deck (exact input given to ngspice) ====
| * enable-shutdown corner deck -- generated by sim/bin/corner-run.py, do not edit
| * corner: fs_125c_3.30v
| .param vsup=3.3
| .option wnflag=1
| .temp 125
| .lib "/home/ubuntu/.volare/sky130A/libs.tech/combined/sky130.lib.spice" fs
| ** sch_path: sim/enable-shutdown/testbench/tb_enable_shutdown.sch
| **.subckt tb_enable_shutdown
| VVIN VIN 0 'vsup'
| .save i(vvin)
| VEN EN 0 dc 0 pwl(0 0 100u 0 101u 'vsup' 2m 'vsup' 2.001m 0 10 0)
| .save i(ven)
| VVREF VREF 0 1.2
| .save i(vvref)
| xldo VOUT VREF EN VIN ldo_3v3in_1v8out
| COUT VOUT VESR 1u m=1
| RESR VESR 0 10m m=1
| RLOAD VOUT 0 1e12 m=1
| RFORCE VOUT VF 1e12 m=1
| VFORCE VF 0 0
| .save i(vforce)
| **.ends
| 
| * expanding   symbol:  design/ldo_3v3in_1v8out.sym # of pins=4
| ** sym_path: design/ldo_3v3in_1v8out.sym
| ** sch_path: design/ldo_3v3in_1v8out.sch
| .subckt ldo_3v3in_1v8out VOUT VREF EN VIN
| *.ipin VIN
| *.ipin EN
| *.ipin VREF
| *.opin VOUT
| XR_BIAS VIN NB 0 sky130_fd_pr__res_high_po W=0.42 L=1500 mult=1 m=1
| XM_BIASN1 NB NB BIAS_ENN 0 sky130_fd_pr__nfet_g5v0d10v5 L=1 W=4 nf=1 ad=1.16 as=1.16 pd=8.58 ps=8.58 nrd=0.0725 nrs=0.0725 sa=0
| + sb=0 sd=0 mult=1 m=1
| XM_ENN BIAS_ENN EN 0 0 sky130_fd_pr__nfet_g5v0d10v5 L=0.5 W=10 nf=1 ad=2.9 as=2.9 pd=20.58 ps=20.58 nrd=0.029 nrs=0.029 sa=0 sb=0
| + sd=0 mult=1 m=1
| XM_BIASN2 BIASP NB BIAS_ENN 0 sky130_fd_pr__nfet_g5v0d10v5 L=1 W=4 nf=1 ad=1.16 as=1.16 pd=8.58 ps=8.58 nrd=0.0725 nrs=0.0725 sa=0
| + sb=0 sd=0 mult=1 m=1
| XM_BIASP1 BIASP BIASP VIN VIN sky130_fd_pr__pfet_g5v0d10v5 L=1 W=10 nf=2 ad=1.45 as=2.9 pd=10.58 ps=21.16 nrd=0.029 nrs=0.029 sa=0
| + sb=0 sd=0 mult=1 m=1
| XM_ENP2 BIASP EN VIN VIN sky130_fd_pr__pfet_g5v0d10v5 L=0.5 W=10 nf=1 ad=2.9 as=2.9 pd=20.58 ps=20.58 nrd=0.029 nrs=0.029 sa=0
| + sb=0 sd=0 mult=1 m=1
| XM_TAIL EA_TAIL BIASP VIN VIN sky130_fd_pr__pfet_g5v0d10v5 L=2 W=40 nf=8 ad=5.8 as=7.25 pd=42.32 ps=52.9 nrd=0.00725 nrs=0.00725
| + sa=0 sb=0 sd=0 mult=1 m=1
| XM_IN1 EA_D1 FB EA_TAIL VIN sky130_fd_pr__pfet_g5v0d10v5 L=2 W=10 nf=2 ad=1.45 as=2.9 pd=10.58 ps=21.16 nrd=0.029 nrs=0.029 sa=0
| + sb=0 sd=0 mult=1 m=1
| XM_IN2 EA_D2 VREF EA_TAIL VIN sky130_fd_pr__pfet_g5v0d10v5 L=2 W=10 nf=2 ad=1.45 as=2.9 pd=10.58 ps=21.16 nrd=0.029 nrs=0.029 sa=0
| + sb=0 sd=0 mult=1 m=1
| XM_MIR1 EA_D1 EA_D1 AMP_ENN 0 sky130_fd_pr__nfet_g5v0d10v5 L=4 W=10 nf=2 ad=1.45 as=2.9 pd=10.58 ps=21.16 nrd=0.029 nrs=0.029 sa=0
| + sb=0 sd=0 mult=1 m=1
| XM_MIR2 EA_OUT EA_D1 AMP_ENN 0 sky130_fd_pr__nfet_g5v0d10v5 L=4 W=10 nf=2 ad=1.45 as=2.9 pd=10.58 ps=21.16 nrd=0.029 nrs=0.029
| + sa=0 sb=0 sd=0 mult=1 m=1
| XM_ENN2 AMP_ENN EN 0 0 sky130_fd_pr__nfet_g5v0d10v5 L=0.5 W=10 nf=1 ad=2.9 as=2.9 pd=20.58 ps=20.58 nrd=0.029 nrs=0.029 sa=0 sb=0
| + sd=0 mult=1 m=1
| XM_ENP EA_OUT EN VIN VIN sky130_fd_pr__pfet_g5v0d10v5 L=0.5 W=10 nf=1 ad=2.9 as=2.9 pd=20.58 ps=20.58 nrd=0.029 nrs=0.029 sa=0
| + sb=0 sd=0 mult=1 m=1
| XM_MIR3 EA_D2 EA_D2 AMP_ENN 0 sky130_fd_pr__nfet_g5v0d10v5 L=4 W=10 nf=2 ad=1.45 as=2.9 pd=10.58 ps=21.16 nrd=0.029 nrs=0.029 sa=0
| + sb=0 sd=0 mult=1 m=1
| XM_MIR4 PB EA_D2 AMP_ENN 0 sky130_fd_pr__nfet_g5v0d10v5 L=4 W=10 nf=2 ad=1.45 as=2.9 pd=10.58 ps=21.16 nrd=0.029 nrs=0.029 sa=0
| + sb=0 sd=0 mult=1 m=1
| XM_MIRP1 PB PB VIN VIN sky130_fd_pr__pfet_g5v0d10v5 L=4 W=20 nf=4 ad=2.9 as=4.35 pd=21.16 ps=31.74 nrd=0.0145 nrs=0.0145 sa=0 sb=0
| + sd=0 mult=1 m=1
| XM_MIRP2 EA_OUT PB VIN VIN sky130_fd_pr__pfet_g5v0d10v5 L=4 W=20 nf=4 ad=2.9 as=4.35 pd=21.16 ps=31.74 nrd=0.0145 nrs=0.0145 sa=0
| + sb=0 sd=0 mult=1 m=1
| XM_ENP5 PB EN VIN VIN sky130_fd_pr__pfet_g5v0d10v5 L=0.5 W=2 nf=1 ad=0.58 as=0.58 pd=4.58 ps=4.58 nrd=0.145 nrs=0.145 sa=0 sb=0
| + sd=0 mult=1 m=1
| XM_PASS VOUT EA_OUT VIN VIN sky130_fd_pr__pfet_g5v0d10v5 L=0.5 W=100 nf=25 ad=15.08 as=15.08 pd=111.54 ps=111.54 nrd=0.0029
| + nrs=0.0029 sa=0 sb=0 sd=0 mult=25 m=25
| C_COMP VOUT EA_CZ 150p m=1
| XR_CZ EA_CZ EA_OUT 0 sky130_fd_pr__res_xhigh_po W=0.42 L=52 mult=1 m=1
| XR_FB_A VOUT FB 0 sky130_fd_pr__res_xhigh_po W=0.42 L=180 mult=1 m=1
| XR_FB_B FB N_FBB 0 sky130_fd_pr__res_xhigh_po W=0.42 L=180 mult=1 m=1
| XR_FB_C N_FBB 0 0 sky130_fd_pr__res_xhigh_po W=0.42 L=180 mult=1 m=1
| XM_SENSE CL_SNS EA_OUT VIN VIN sky130_fd_pr__pfet_g5v0d10v5 L=0.5 W=0.42 nf=1 ad=0.1218 as=0.1218 pd=1.42 ps=1.42
| + nrd=0.69047619047619 nrs=0.69047619047619 sa=0 sb=0 sd=0 mult=1 m=1
| XM_CLN1 CL_SNS CL_SNS AMP_ENN 0 sky130_fd_pr__nfet_g5v0d10v5 L=1 W=20 nf=1 ad=5.8 as=5.8 pd=40.58 ps=40.58 nrd=0.0145 nrs=0.0145
| + sa=0 sb=0 sd=0 mult=1 m=1
| XM_CLN2 CL_CMP CL_SNS AMP_ENN 0 sky130_fd_pr__nfet_g5v0d10v5 L=1 W=1.6 nf=1 ad=0.464 as=0.464 pd=3.78 ps=3.78 nrd=0.18125
| + nrs=0.18125 sa=0 sb=0 sd=0 mult=1 m=1
| XM_CLP CL_CMP BIASP VIN VIN sky130_fd_pr__pfet_g5v0d10v5 L=1 W=10 nf=2 ad=1.45 as=2.9 pd=10.58 ps=21.16 nrd=0.029 nrs=0.029 sa=0
| + sb=0 sd=0 mult=1 m=1
| XM_CLIM EA_OUT CL_CMP VIN VIN sky130_fd_pr__pfet_g5v0d10v5 L=0.5 W=20 nf=4 ad=2.9 as=4.35 pd=21.16 ps=31.74 nrd=0.0145 nrs=0.0145
| + sa=0 sb=0 sd=0 mult=1 m=1
| XM_ENP3 CL_CMP EN VIN VIN sky130_fd_pr__pfet_g5v0d10v5 L=0.5 W=2 nf=1 ad=0.58 as=0.58 pd=4.58 ps=4.58 nrd=0.145 nrs=0.145 sa=0
| + sb=0 sd=0 mult=1 m=1
| C_CL VIN CL_CMP 1p m=1
| XM_INVP ENB EN VIN VIN sky130_fd_pr__pfet_g5v0d10v5 L=0.5 W=2 nf=1 ad=0.58 as=0.58 pd=4.58 ps=4.58 nrd=0.145 nrs=0.145 sa=0 sb=0
| + sd=0 mult=1 m=1
| XM_INVN ENB EN 0 0 sky130_fd_pr__nfet_g5v0d10v5 L=0.5 W=1 nf=1 ad=0.29 as=0.29 pd=2.58 ps=2.58 nrd=0.29 nrs=0.29 sa=0 sb=0 sd=0
| + mult=1 m=1
| XM_SSDIS SS ENB 0 0 sky130_fd_pr__nfet_g5v0d10v5 L=0.5 W=2 nf=1 ad=0.58 as=0.58 pd=4.58 ps=4.58 nrd=0.145 nrs=0.145 sa=0 sb=0 sd=0
| + mult=1 m=1
| XM_SSCHG SS BIASP VIN VIN sky130_fd_pr__pfet_g5v0d10v5 L=8 W=1 nf=1 ad=0.29 as=0.29 pd=2.58 ps=2.58 nrd=0.29 nrs=0.29 sa=0 sb=0
| + sd=0 mult=1 m=1
| C_SS SS 0 10p m=1
| XM_IN2S EA_D2 SS EA_TAIL VIN sky130_fd_pr__pfet_g5v0d10v5 L=2 W=10 nf=2 ad=1.45 as=2.9 pd=10.58 ps=21.16 nrd=0.029 nrs=0.029 sa=0
| + sb=0 sd=0 mult=1 m=1
| XM_TSPS TS_SNS BIASP VIN VIN sky130_fd_pr__pfet_g5v0d10v5 L=1 W=2.5 nf=1 ad=0.725 as=0.725 pd=5.58 ps=5.58 nrd=0.116 nrs=0.116
| + sa=0 sb=0 sd=0 mult=1 m=1
| XM_TSD1 TS_SNS TS_SNS TS_MID 0 sky130_fd_pr__nfet_g5v0d10v5 L=1 W=80 nf=16 ad=11.6 as=13.05 pd=84.64 ps=95.22 nrd=0.003625
| + nrs=0.003625 sa=0 sb=0 sd=0 mult=1 m=1
| XM_TSD2 TS_MID TS_MID AMP_ENN 0 sky130_fd_pr__nfet_g5v0d10v5 L=1 W=80 nf=16 ad=11.6 as=13.05 pd=84.64 ps=95.22 nrd=0.003625
| + nrs=0.003625 sa=0 sb=0 sd=0 mult=1 m=1
| XM_TSPR TS_REF BIASP VIN VIN sky130_fd_pr__pfet_g5v0d10v5 L=1 W=2.5 nf=1 ad=0.725 as=0.725 pd=5.58 ps=5.58 nrd=0.116 nrs=0.116
| + sa=0 sb=0 sd=0 mult=1 m=1
| XM_TSR1 TS_REF TS_REF AMP_ENN 0 sky130_fd_pr__nfet_g5v0d10v5 L=10 W=2 nf=1 ad=0.58 as=0.58 pd=4.58 ps=4.58 nrd=0.145 nrs=0.145
| + sa=0 sb=0 sd=0 mult=1 m=1
| XM_TCTAIL TC_TAIL NB AMP_ENN 0 sky130_fd_pr__nfet_g5v0d10v5 L=1 W=1 nf=1 ad=0.29 as=0.29 pd=2.58 ps=2.58 nrd=0.29 nrs=0.29 sa=0
| + sb=0 sd=0 mult=1 m=1
| XM_TCN1 TC_D1 TS_SNS TC_TAIL 0 sky130_fd_pr__nfet_g5v0d10v5 L=2 W=10 nf=2 ad=1.45 as=2.9 pd=10.58 ps=21.16 nrd=0.029 nrs=0.029
| + sa=0 sb=0 sd=0 mult=1 m=1
| XM_TCN2 TS_CMP TS_REF TC_TAIL 0 sky130_fd_pr__nfet_g5v0d10v5 L=2 W=10 nf=2 ad=1.45 as=2.9 pd=10.58 ps=21.16 nrd=0.029 nrs=0.029
| + sa=0 sb=0 sd=0 mult=1 m=1
| XM_TCP1 TC_D1 TC_D1 VIN VIN sky130_fd_pr__pfet_g5v0d10v5 L=2 W=10 nf=2 ad=1.45 as=2.9 pd=10.58 ps=21.16 nrd=0.029 nrs=0.029 sa=0
| + sb=0 sd=0 mult=1 m=1
| XM_TCP2 TS_CMP TC_D1 VIN VIN sky130_fd_pr__pfet_g5v0d10v5 L=2 W=10 nf=2 ad=1.45 as=2.9 pd=10.58 ps=21.16 nrd=0.029 nrs=0.029 sa=0
| + sb=0 sd=0 mult=1 m=1
| XM_TSHUT EA_OUT TS_CMP VIN VIN sky130_fd_pr__pfet_g5v0d10v5 L=0.5 W=20 nf=4 ad=2.9 as=4.35 pd=21.16 ps=31.74 nrd=0.0145 nrs=0.0145
| + sa=0 sb=0 sd=0 mult=1 m=1
| XM_TSHYSB TS_HYS BIASP VIN VIN sky130_fd_pr__pfet_g5v0d10v5 L=2 W=1.5 nf=1 ad=0.435 as=0.435 pd=3.58 ps=3.58 nrd=0.193333333333333
| + nrs=0.193333333333333 sa=0 sb=0 sd=0 mult=1 m=1
| XM_TSHYS TS_REF TS_CMP TS_HYS VIN sky130_fd_pr__pfet_g5v0d10v5 L=0.5 W=2 nf=1 ad=0.58 as=0.58 pd=4.58 ps=4.58 nrd=0.145 nrs=0.145
| + sa=0 sb=0 sd=0 mult=1 m=1
| XM_ENP4 TS_CMP EN VIN VIN sky130_fd_pr__pfet_g5v0d10v5 L=0.5 W=2 nf=1 ad=0.58 as=0.58 pd=4.58 ps=4.58 nrd=0.145 nrs=0.145 sa=0
| + sb=0 sd=0 mult=1 m=1
| C_TS VIN TS_CMP 1p m=1
| .ends
| 
| .control
| save all
| * --- leg 1: full cycle -- EN rises at t=100us, block regulates, EN falls at t=2ms ---
| tran 5u 4.5m
| meas tran vpre find v(vout) at=1.9m
| meas tran iq_avg avg i(vvin) from=3.5m to=4.5m
| meas tran iq_worst min i(vvin) from=3.5m to=4.5m
| meas tran vhold find v(vout) at=4m
| * --- leg 2: static disabled state, output free-floating ---
| op
| * --- leg 3: static disabled state, VOUT forced to 0 V (Vin->Vout leakage) ---
| alter rforce = 1m
| op
| * --- leg 4: static disabled state, VOUT held at the 1.8 V nominal output ---
| alter vforce = 1.8
| op
| let meas_iq_shutdown_static_ua = -1e6*op1.i(vvin)
| let meas_iq_shutdown_after_edge_ua = -1e6*tran1.iq_worst
| let meas_iq_shutdown_after_edge_mean_ua = -1e6*tran1.iq_avg
| let meas_leak_vin_vout_ua = 1e6*op2.i(vforce)
| let meas_vout_pre_disable_v = tran1.vpre
| let meas_vout_hold_2ms_v = tran1.vhold
| let meas_vout_disabled_static_v = op1.v(vout)
| let meas_ivout_held_1v8_ua = -1e6*op3.i(vforce)
| print meas_iq_shutdown_static_ua
| print meas_iq_shutdown_after_edge_ua
| print meas_iq_shutdown_after_edge_mean_ua
| print meas_leak_vin_vout_ua
| print meas_vout_pre_disable_v
| print meas_vout_hold_2ms_v
| print meas_vout_disabled_static_v
| print meas_ivout_held_1v8_ua
| quit
| .endc
| .end

# ==== ngspice stdout ====

Note: Compatibility modes selected: hs a


Circuit: * enable-shutdown corner deck -- generated by sim/bin/corner-run.py, do not edit

option SCALE: Scale is set to 1e-06 for instance and model parameters
option SCALE: Scale is set to 1e-06 for instance and model parameters
option SCALE: Scale is set to 1e-06 for instance and model parameters
option SCALE: Scale is set to 1e-06 for instance and model parameters
Doing analysis at TEMP = 125.000000 and TNOM = 27.000000

Using KLU as Direct Linear Solver
 Reference value :  0.00000e+00
 Reference value :  4.00000e-07
 Reference value :  6.40000e-06
 Reference value :  2.64000e-05
 Reference value :  4.64000e-05
 Reference value :  6.64000e-05
 Reference value :  8.64000e-05
 Reference value :  1.00000e-04
 Reference value :  1.00300e-04
 Reference value :  1.00411e-04
 Reference value :  1.00610e-04
 Reference value :  1.00821e-04
 Reference value :  1.00832e-04
 Reference value :  1.00877e-04
 Reference value :  1.00895e-04
 Reference value :  1.00929e-04
 Reference value :  1.00968e-04
 Reference value :  1.01009e-04
 Reference value :  1.01087e-04
 Reference value :  1.01205e-04
 Reference value :  1.01283e-04
 Reference value :  1.01568e-04
 Reference value :  1.01832e-04
 Reference value :  1.02504e-04
 Reference value :  1.08010e-04
 Reference value :  1.23010e-04
 Reference value :  1.43010e-04
 Reference value :  1.58010e-04
 Reference value :  1.73010e-04
 Reference value :  1.88010e-04
 Reference value :  2.03010e-04
 Reference value :  2.23010e-04
 Reference value :  2.43010e-04
 Reference value :  2.63010e-04
 Reference value :  2.83010e-04
 Reference value :  3.03010e-04
 Reference value :  3.23010e-04
 Reference value :  3.43010e-04
 Reference value :  3.63010e-04
 Reference value :  3.83010e-04
 Reference value :  4.03010e-04
 Reference value :  4.18010e-04
 Reference value :  4.38010e-04
 Reference value :  4.58010e-04
 Reference value :  4.73010e-04
 Reference value :  4.88010e-04
 Reference value :  5.03010e-04
 Reference value :  5.23010e-04
 Reference value :  5.48010e-04
 Reference value :  5.68010e-04
 Reference value :  5.88010e-04
 Reference value :  6.08010e-04
 Reference value :  6.28010e-04
 Reference value :  6.43010e-04
 Reference value :  6.63010e-04
 Reference value :  6.83010e-04
 Reference value :  7.03010e-04
 Reference value :  7.23010e-04
 Reference value :  7.43010e-04
 Reference value :  7.63010e-04
 Reference value :  7.83010e-04
 Reference value :  8.03010e-04
 Reference value :  8.18010e-04
 Reference value :  8.38010e-04
 Reference value :  8.53010e-04
 Reference value :  8.68010e-04
 Reference value :  8.88010e-04
 Reference value :  9.03010e-04
 Reference value :  9.18010e-04
 Reference value :  9.33010e-04
 Reference value :  9.53010e-04
 Reference value :  9.73010e-04
 Reference value :  9.93010e-04
 Reference value :  1.01301e-03
 Reference value :  1.02801e-03
 Reference value :  1.04801e-03
 Reference value :  1.06801e-03
 Reference value :  1.08801e-03
 Reference value :  1.10801e-03
 Reference value :  1.12801e-03
 Reference value :  1.14801e-03
 Reference value :  1.16801e-03
 Reference value :  1.18801e-03
 Reference value :  1.20801e-03
 Reference value :  1.22801e-03
 Reference value :  1.24301e-03
 Reference value :  1.26301e-03
 Reference value :  1.28301e-03
 Reference value :  1.30301e-03
 Reference value :  1.32301e-03
 Reference value :  1.33801e-03
 Reference value :  1.35801e-03
 Reference value :  1.37301e-03
 Reference value :  1.39301e-03
 Reference value :  1.41301e-03
 Reference value :  1.43301e-03
 Reference value :  1.45301e-03
 Reference value :  1.47301e-03
 Reference value :  1.49301e-03
 Reference value :  1.51301e-03
 Reference value :  1.53301e-03
 Reference value :  1.54801e-03
 Reference value :  1.56301e-03
 Reference value :  1.58301e-03
 Reference value :  1.60301e-03
 Reference value :  1.62301e-03
 Reference value :  1.64301e-03
 Reference value :  1.66301e-03
 Reference value :  1.67801e-03
 Reference value :  1.69301e-03
 Reference value :  1.71301e-03
 Reference value :  1.73301e-03
 Reference value :  1.75301e-03
 Reference value :  1.77301e-03
 Reference value :  1.79301e-03
 Reference value :  1.81301e-03
 Reference value :  1.83301e-03
 Reference value :  1.85301e-03
 Reference value :  1.87301e-03
 Reference value :  1.89801e-03
 Reference value :  1.91801e-03
 Reference value :  1.93801e-03
 Reference value :  1.95801e-03
 Reference value :  1.98301e-03
 Reference value :  2.00000e-03
 Reference value :  2.00030e-03
 Reference value :  2.00041e-03
 Reference value :  2.00060e-03
 Reference value :  2.00063e-03
 Reference value :  2.00065e-03
 Reference value :  2.00068e-03
 Reference value :  2.00075e-03
 Reference value :  2.00083e-03
 Reference value :  2.00094e-03
 Reference value :  2.00101e-03
 Reference value :  2.00117e-03
 Reference value :  2.00172e-03
 Reference value :  2.00543e-03
 Reference value :  2.01363e-03
 Reference value :  2.03363e-03
 Reference value :  2.05363e-03
 Reference value :  2.06863e-03
 Reference value :  2.08863e-03
 Reference value :  2.10363e-03
 Reference value :  2.11863e-03
 Reference value :  2.14363e-03
 Reference value :  2.16863e-03
 Reference value :  2.18863e-03
 Reference value :  2.20863e-03
 Reference value :  2.22863e-03
 Reference value :  2.24863e-03
 Reference value :  2.26863e-03
 Reference value :  2.29363e-03
 Reference value :  2.31863e-03
 Reference value :  2.34363e-03
 Reference value :  2.36363e-03
 Reference value :  2.38863e-03
 Reference value :  2.41363e-03
 Reference value :  2.43363e-03
 Reference value :  2.45363e-03
 Reference value :  2.47363e-03
 Reference value :  2.49863e-03
 Reference value :  2.51863e-03
 Reference value :  2.54363e-03
 Reference value :  2.56863e-03
 Reference value :  2.59863e-03
 Reference value :  2.62363e-03
 Reference value :  2.64863e-03
 Reference value :  2.67363e-03
 Reference value :  2.69363e-03
 Reference value :  2.71363e-03
 Reference value :  2.73363e-03
 Reference value :  2.75363e-03
 Reference value :  2.76863e-03
 Reference value :  2.78863e-03
 Reference value :  2.80863e-03
 Reference value :  2.82863e-03
 Reference value :  2.84863e-03
 Reference value :  2.86863e-03
 Reference value :  2.88363e-03
 Reference value :  2.90363e-03
 Reference value :  2.92363e-03
 Reference value :  2.94363e-03
 Reference value :  2.95863e-03
 Reference value :  2.97863e-03
 Reference value :  2.99863e-03
 Reference value :  3.01363e-03
 Reference value :  3.02863e-03
 Reference value :  3.04363e-03
 Reference value :  3.06363e-03
 Reference value :  3.07863e-03
 Reference value :  3.09363e-03
 Reference value :  3.10863e-03
 Reference value :  3.12363e-03
 Reference value :  3.13863e-03
 Reference value :  3.15363e-03
 Reference value :  3.17363e-03
 Reference value :  3.18863e-03
 Reference value :  3.20863e-03
 Reference value :  3.22863e-03
 Reference value :  3.24863e-03
 Reference value :  3.26863e-03
 Reference value :  3.28363e-03
 Reference value :  3.30363e-03
 Reference value :  3.32363e-03
 Reference value :  3.34363e-03
 Reference value :  3.36363e-03
 Reference value :  3.38363e-03
 Reference value :  3.39863e-03
 Reference value :  3.41863e-03
 Reference value :  3.43363e-03
 Reference value :  3.44863e-03
 Reference value :  3.46863e-03
 Reference value :  3.48863e-03
 Reference value :  3.50863e-03
 Reference value :  3.52863e-03
 Reference value :  3.54863e-03
 Reference value :  3.56863e-03
 Reference value :  3.58363e-03
 Reference value :  3.60363e-03
 Reference value :  3.62363e-03
 Reference value :  3.64363e-03
 Reference value :  3.66363e-03
 Reference value :  3.68363e-03
 Reference value :  3.70363e-03
 Reference value :  3.72363e-03
 Reference value :  3.74363e-03
 Reference value :  3.76363e-03
 Reference value :  3.78363e-03
 Reference value :  3.80363e-03
 Reference value :  3.82363e-03
 Reference value :  3.84863e-03
 Reference value :  3.86863e-03
 Reference value :  3.88863e-03
 Reference value :  3.90363e-03
 Reference value :  3.92363e-03
 Reference value :  3.93863e-03
 Reference value :  3.95863e-03
 Reference value :  3.97863e-03
 Reference value :  4.00363e-03
 Reference value :  4.02363e-03
 Reference value :  4.04363e-03
 Reference value :  4.05863e-03
 Reference value :  4.07863e-03
 Reference value :  4.09363e-03
 Reference value :  4.10863e-03
 Reference value :  4.12863e-03
 Reference value :  4.14863e-03
 Reference value :  4.16863e-03
 Reference value :  4.18363e-03
 Reference value :  4.19863e-03
 Reference value :  4.21363e-03
 Reference value :  4.22863e-03
 Reference value :  4.24863e-03
 Reference value :  4.26863e-03
 Reference value :  4.28363e-03
 Reference value :  4.29863e-03
 Reference value :  4.31363e-03
 Reference value :  4.33363e-03
 Reference value :  4.34863e-03
 Reference value :  4.36863e-03
 Reference value :  4.38863e-03
 Reference value :  4.40863e-03
 Reference value :  4.42863e-03
 Reference value :  4.45363e-03
 Reference value :  4.46863e-03
 Reference value :  4.48863e-03
No. of Data Rows : 973
vpre                =  1.82067e+00
iq_avg              =  -2.62637e-08 from=  3.50000e-03 to=  4.50000e-03
iq_worst            =  -2.73864e-08 at=  3.50363e-03
vhold               =  1.81953e+00
Doing analysis at TEMP = 125.000000 and TNOM = 27.000000

Using KLU as Direct Linear Solver
 Reference value :  0.00000e+00
No. of Data Rows : 1
Doing analysis at TEMP = 125.000000 and TNOM = 27.000000

Using KLU as Direct Linear Solver
 Reference value :  0.00000e+00
No. of Data Rows : 1
Doing analysis at TEMP = 125.000000 and TNOM = 27.000000

Using KLU as Direct Linear Solver
 Reference value :  0.00000e+00
No. of Data Rows : 1
meas_iq_shutdown_static_ua = 5.363854e-02
meas_iq_shutdown_after_edge_ua = 2.738640e-02
meas_iq_shutdown_after_edge_mean_ua = 2.626370e-02
meas_leak_vin_vout_ua = 5.853560e-02
meas_vout_pre_disable_v = 1.820669e+00
meas_vout_hold_2ms_v = 1.819532e+00
meas_vout_disabled_static_v = 1.643736e-01
meas_ivout_held_1v8_ua = 5.517107e-01
ngspice-46 done

# ==== ngspice stderr ====
Note: Starting dynamic gmin stepping
Note: Dynamic gmin stepping completed
Note: Starting dynamic gmin stepping
Note: Dynamic gmin stepping completed
