# corner: fs_27c_3.30v
# process=fs temp=27C supply=3.30V
# ngspice exit: 0
# wall clock: 64.1s (--timeout was 300s)
# result: PASS

# ==== deck (exact input given to ngspice) ====
| * enable-shutdown corner deck -- generated by sim/bin/corner-run.py, do not edit
| * corner: fs_27c_3.30v
| .param vsup=3.3
| .option wnflag=1
| .temp 27
| .lib "/home/ubuntu/.volare/sky130A/libs.tech/combined/sky130.lib.spice" fs
| ** sch_path: sim/enable-shutdown/testbench/tb_enable_shutdown.sch
| **.subckt tb_enable_shutdown
| VVIN VIN 0 'vsup'
| .save i(vvin)
| VEN EN 0 dc 0 pwl(0 0 100u 0 101u 'vsup' 2m 'vsup' 2.001m 0 10 0)
| .save i(ven)
| VVREF VREF 0 1.2
| .save i(vvref)
| xldo VOUT VREF EN VIN ldo_3v3in_1v8out
| COUT VOUT VESR 1u m=1
| RESR VESR 0 10m m=1
| RLOAD VOUT 0 1e12 m=1
| RFORCE VOUT VF 1e12 m=1
| VFORCE VF 0 0
| .save i(vforce)
| **.ends
| 
| * expanding   symbol:  design/ldo_3v3in_1v8out.sym # of pins=4
| ** sym_path: design/ldo_3v3in_1v8out.sym
| ** sch_path: design/ldo_3v3in_1v8out.sch
| .subckt ldo_3v3in_1v8out VOUT VREF EN VIN
| *.ipin VIN
| *.ipin EN
| *.ipin VREF
| *.opin VOUT
| XR_BIAS VIN NB 0 sky130_fd_pr__res_high_po W=0.42 L=1500 mult=1 m=1
| XM_BIASN1 NB NB BIAS_ENN 0 sky130_fd_pr__nfet_g5v0d10v5 L=1 W=4 nf=1 ad=1.16 as=1.16 pd=8.58 ps=8.58 nrd=0.0725 nrs=0.0725 sa=0
| + sb=0 sd=0 mult=1 m=1
| XM_ENN BIAS_ENN EN 0 0 sky130_fd_pr__nfet_g5v0d10v5 L=0.5 W=10 nf=1 ad=2.9 as=2.9 pd=20.58 ps=20.58 nrd=0.029 nrs=0.029 sa=0 sb=0
| + sd=0 mult=1 m=1
| XM_BIASN2 BIASP NB BIAS_ENN 0 sky130_fd_pr__nfet_g5v0d10v5 L=1 W=4 nf=1 ad=1.16 as=1.16 pd=8.58 ps=8.58 nrd=0.0725 nrs=0.0725 sa=0
| + sb=0 sd=0 mult=1 m=1
| XM_BIASP1 BIASP BIASP VIN VIN sky130_fd_pr__pfet_g5v0d10v5 L=1 W=10 nf=2 ad=1.45 as=2.9 pd=10.58 ps=21.16 nrd=0.029 nrs=0.029 sa=0
| + sb=0 sd=0 mult=1 m=1
| XM_ENP2 BIASP EN VIN VIN sky130_fd_pr__pfet_g5v0d10v5 L=0.5 W=10 nf=1 ad=2.9 as=2.9 pd=20.58 ps=20.58 nrd=0.029 nrs=0.029 sa=0
| + sb=0 sd=0 mult=1 m=1
| XM_TAIL EA_TAIL BIASP VIN VIN sky130_fd_pr__pfet_g5v0d10v5 L=2 W=40 nf=8 ad=5.8 as=7.25 pd=42.32 ps=52.9 nrd=0.00725 nrs=0.00725
| + sa=0 sb=0 sd=0 mult=1 m=1
| XM_IN1 EA_D1 FB EA_TAIL VIN sky130_fd_pr__pfet_g5v0d10v5 L=2 W=10 nf=2 ad=1.45 as=2.9 pd=10.58 ps=21.16 nrd=0.029 nrs=0.029 sa=0
| + sb=0 sd=0 mult=1 m=1
| XM_IN2 EA_D2 VREF EA_TAIL VIN sky130_fd_pr__pfet_g5v0d10v5 L=2 W=10 nf=2 ad=1.45 as=2.9 pd=10.58 ps=21.16 nrd=0.029 nrs=0.029 sa=0
| + sb=0 sd=0 mult=1 m=1
| XM_MIR1 EA_D1 EA_D1 AMP_ENN 0 sky130_fd_pr__nfet_g5v0d10v5 L=4 W=10 nf=2 ad=1.45 as=2.9 pd=10.58 ps=21.16 nrd=0.029 nrs=0.029 sa=0
| + sb=0 sd=0 mult=1 m=1
| XM_MIR2 EA_OUT EA_D1 AMP_ENN 0 sky130_fd_pr__nfet_g5v0d10v5 L=4 W=10 nf=2 ad=1.45 as=2.9 pd=10.58 ps=21.16 nrd=0.029 nrs=0.029
| + sa=0 sb=0 sd=0 mult=1 m=1
| XM_ENN2 AMP_ENN EN 0 0 sky130_fd_pr__nfet_g5v0d10v5 L=0.5 W=10 nf=1 ad=2.9 as=2.9 pd=20.58 ps=20.58 nrd=0.029 nrs=0.029 sa=0 sb=0
| + sd=0 mult=1 m=1
| XM_ENP EA_OUT EN VIN VIN sky130_fd_pr__pfet_g5v0d10v5 L=0.5 W=10 nf=1 ad=2.9 as=2.9 pd=20.58 ps=20.58 nrd=0.029 nrs=0.029 sa=0
| + sb=0 sd=0 mult=1 m=1
| XM_MIR3 EA_D2 EA_D2 AMP_ENN 0 sky130_fd_pr__nfet_g5v0d10v5 L=4 W=10 nf=2 ad=1.45 as=2.9 pd=10.58 ps=21.16 nrd=0.029 nrs=0.029 sa=0
| + sb=0 sd=0 mult=1 m=1
| XM_MIR4 PB EA_D2 AMP_ENN 0 sky130_fd_pr__nfet_g5v0d10v5 L=4 W=10 nf=2 ad=1.45 as=2.9 pd=10.58 ps=21.16 nrd=0.029 nrs=0.029 sa=0
| + sb=0 sd=0 mult=1 m=1
| XM_MIRP1 PB PB VIN VIN sky130_fd_pr__pfet_g5v0d10v5 L=4 W=20 nf=4 ad=2.9 as=4.35 pd=21.16 ps=31.74 nrd=0.0145 nrs=0.0145 sa=0 sb=0
| + sd=0 mult=1 m=1
| XM_MIRP2 EA_OUT PB VIN VIN sky130_fd_pr__pfet_g5v0d10v5 L=4 W=20 nf=4 ad=2.9 as=4.35 pd=21.16 ps=31.74 nrd=0.0145 nrs=0.0145 sa=0
| + sb=0 sd=0 mult=1 m=1
| XM_ENP5 PB EN VIN VIN sky130_fd_pr__pfet_g5v0d10v5 L=0.5 W=2 nf=1 ad=0.58 as=0.58 pd=4.58 ps=4.58 nrd=0.145 nrs=0.145 sa=0 sb=0
| + sd=0 mult=1 m=1
| XM_PASS VOUT EA_OUT VIN VIN sky130_fd_pr__pfet_g5v0d10v5 L=0.5 W=100 nf=25 ad=15.08 as=15.08 pd=111.54 ps=111.54 nrd=0.0029
| + nrs=0.0029 sa=0 sb=0 sd=0 mult=25 m=25
| C_COMP VOUT EA_CZ 150p m=1
| XR_CZ EA_CZ EA_OUT 0 sky130_fd_pr__res_xhigh_po W=0.42 L=52 mult=1 m=1
| XR_FB_A VOUT FB 0 sky130_fd_pr__res_xhigh_po W=0.42 L=180 mult=1 m=1
| XR_FB_B FB N_FBB 0 sky130_fd_pr__res_xhigh_po W=0.42 L=180 mult=1 m=1
| XR_FB_C N_FBB 0 0 sky130_fd_pr__res_xhigh_po W=0.42 L=180 mult=1 m=1
| XM_SENSE CL_SNS EA_OUT VIN VIN sky130_fd_pr__pfet_g5v0d10v5 L=0.5 W=0.42 nf=1 ad=0.1218 as=0.1218 pd=1.42 ps=1.42
| + nrd=0.69047619047619 nrs=0.69047619047619 sa=0 sb=0 sd=0 mult=1 m=1
| XM_CLN1 CL_SNS CL_SNS AMP_ENN 0 sky130_fd_pr__nfet_g5v0d10v5 L=1 W=20 nf=1 ad=5.8 as=5.8 pd=40.58 ps=40.58 nrd=0.0145 nrs=0.0145
| + sa=0 sb=0 sd=0 mult=1 m=1
| XM_CLN2 CL_CMP CL_SNS AMP_ENN 0 sky130_fd_pr__nfet_g5v0d10v5 L=1 W=1.6 nf=1 ad=0.464 as=0.464 pd=3.78 ps=3.78 nrd=0.18125
| + nrs=0.18125 sa=0 sb=0 sd=0 mult=1 m=1
| XM_CLP CL_CMP BIASP VIN VIN sky130_fd_pr__pfet_g5v0d10v5 L=1 W=10 nf=2 ad=1.45 as=2.9 pd=10.58 ps=21.16 nrd=0.029 nrs=0.029 sa=0
| + sb=0 sd=0 mult=1 m=1
| XM_CLIM EA_OUT CL_CMP VIN VIN sky130_fd_pr__pfet_g5v0d10v5 L=0.5 W=20 nf=4 ad=2.9 as=4.35 pd=21.16 ps=31.74 nrd=0.0145 nrs=0.0145
| + sa=0 sb=0 sd=0 mult=1 m=1
| XM_ENP3 CL_CMP EN VIN VIN sky130_fd_pr__pfet_g5v0d10v5 L=0.5 W=2 nf=1 ad=0.58 as=0.58 pd=4.58 ps=4.58 nrd=0.145 nrs=0.145 sa=0
| + sb=0 sd=0 mult=1 m=1
| C_CL VIN CL_CMP 1p m=1
| XM_INVP ENB EN VIN VIN sky130_fd_pr__pfet_g5v0d10v5 L=0.5 W=2 nf=1 ad=0.58 as=0.58 pd=4.58 ps=4.58 nrd=0.145 nrs=0.145 sa=0 sb=0
| + sd=0 mult=1 m=1
| XM_INVN ENB EN 0 0 sky130_fd_pr__nfet_g5v0d10v5 L=0.5 W=1 nf=1 ad=0.29 as=0.29 pd=2.58 ps=2.58 nrd=0.29 nrs=0.29 sa=0 sb=0 sd=0
| + mult=1 m=1
| XM_SSDIS SS ENB 0 0 sky130_fd_pr__nfet_g5v0d10v5 L=0.5 W=2 nf=1 ad=0.58 as=0.58 pd=4.58 ps=4.58 nrd=0.145 nrs=0.145 sa=0 sb=0 sd=0
| + mult=1 m=1
| XM_SSCHG SS BIASP VIN VIN sky130_fd_pr__pfet_g5v0d10v5 L=8 W=1 nf=1 ad=0.29 as=0.29 pd=2.58 ps=2.58 nrd=0.29 nrs=0.29 sa=0 sb=0
| + sd=0 mult=1 m=1
| C_SS SS 0 10p m=1
| XM_IN2S EA_D2 SS EA_TAIL VIN sky130_fd_pr__pfet_g5v0d10v5 L=2 W=10 nf=2 ad=1.45 as=2.9 pd=10.58 ps=21.16 nrd=0.029 nrs=0.029 sa=0
| + sb=0 sd=0 mult=1 m=1
| XM_TSPS TS_SNS BIASP VIN VIN sky130_fd_pr__pfet_g5v0d10v5 L=1 W=2.5 nf=1 ad=0.725 as=0.725 pd=5.58 ps=5.58 nrd=0.116 nrs=0.116
| + sa=0 sb=0 sd=0 mult=1 m=1
| XM_TSD1 TS_SNS TS_SNS TS_MID 0 sky130_fd_pr__nfet_g5v0d10v5 L=1 W=80 nf=16 ad=11.6 as=13.05 pd=84.64 ps=95.22 nrd=0.003625
| + nrs=0.003625 sa=0 sb=0 sd=0 mult=1 m=1
| XM_TSD2 TS_MID TS_MID AMP_ENN 0 sky130_fd_pr__nfet_g5v0d10v5 L=1 W=80 nf=16 ad=11.6 as=13.05 pd=84.64 ps=95.22 nrd=0.003625
| + nrs=0.003625 sa=0 sb=0 sd=0 mult=1 m=1
| XM_TSPR TS_REF BIASP VIN VIN sky130_fd_pr__pfet_g5v0d10v5 L=1 W=2.5 nf=1 ad=0.725 as=0.725 pd=5.58 ps=5.58 nrd=0.116 nrs=0.116
| + sa=0 sb=0 sd=0 mult=1 m=1
| XM_TSR1 TS_REF TS_REF AMP_ENN 0 sky130_fd_pr__nfet_g5v0d10v5 L=10 W=2 nf=1 ad=0.58 as=0.58 pd=4.58 ps=4.58 nrd=0.145 nrs=0.145
| + sa=0 sb=0 sd=0 mult=1 m=1
| XM_TCTAIL TC_TAIL NB AMP_ENN 0 sky130_fd_pr__nfet_g5v0d10v5 L=1 W=1 nf=1 ad=0.29 as=0.29 pd=2.58 ps=2.58 nrd=0.29 nrs=0.29 sa=0
| + sb=0 sd=0 mult=1 m=1
| XM_TCN1 TC_D1 TS_SNS TC_TAIL 0 sky130_fd_pr__nfet_g5v0d10v5 L=2 W=10 nf=2 ad=1.45 as=2.9 pd=10.58 ps=21.16 nrd=0.029 nrs=0.029
| + sa=0 sb=0 sd=0 mult=1 m=1
| XM_TCN2 TS_CMP TS_REF TC_TAIL 0 sky130_fd_pr__nfet_g5v0d10v5 L=2 W=10 nf=2 ad=1.45 as=2.9 pd=10.58 ps=21.16 nrd=0.029 nrs=0.029
| + sa=0 sb=0 sd=0 mult=1 m=1
| XM_TCP1 TC_D1 TC_D1 VIN VIN sky130_fd_pr__pfet_g5v0d10v5 L=2 W=10 nf=2 ad=1.45 as=2.9 pd=10.58 ps=21.16 nrd=0.029 nrs=0.029 sa=0
| + sb=0 sd=0 mult=1 m=1
| XM_TCP2 TS_CMP TC_D1 VIN VIN sky130_fd_pr__pfet_g5v0d10v5 L=2 W=10 nf=2 ad=1.45 as=2.9 pd=10.58 ps=21.16 nrd=0.029 nrs=0.029 sa=0
| + sb=0 sd=0 mult=1 m=1
| XM_TSHUT EA_OUT TS_CMP VIN VIN sky130_fd_pr__pfet_g5v0d10v5 L=0.5 W=20 nf=4 ad=2.9 as=4.35 pd=21.16 ps=31.74 nrd=0.0145 nrs=0.0145
| + sa=0 sb=0 sd=0 mult=1 m=1
| XM_TSHYSB TS_HYS BIASP VIN VIN sky130_fd_pr__pfet_g5v0d10v5 L=2 W=1.5 nf=1 ad=0.435 as=0.435 pd=3.58 ps=3.58 nrd=0.193333333333333
| + nrs=0.193333333333333 sa=0 sb=0 sd=0 mult=1 m=1
| XM_TSHYS TS_REF TS_CMP TS_HYS VIN sky130_fd_pr__pfet_g5v0d10v5 L=0.5 W=2 nf=1 ad=0.58 as=0.58 pd=4.58 ps=4.58 nrd=0.145 nrs=0.145
| + sa=0 sb=0 sd=0 mult=1 m=1
| XM_ENP4 TS_CMP EN VIN VIN sky130_fd_pr__pfet_g5v0d10v5 L=0.5 W=2 nf=1 ad=0.58 as=0.58 pd=4.58 ps=4.58 nrd=0.145 nrs=0.145 sa=0
| + sb=0 sd=0 mult=1 m=1
| C_TS VIN TS_CMP 1p m=1
| .ends
| 
| .control
| save all
| * --- leg 1: full cycle -- EN rises at t=100us, block regulates, EN falls at t=2ms ---
| tran 5u 4.5m
| meas tran vpre find v(vout) at=1.9m
| meas tran iq_avg avg i(vvin) from=3.5m to=4.5m
| meas tran iq_worst min i(vvin) from=3.5m to=4.5m
| meas tran vhold find v(vout) at=4m
| * --- leg 2: static disabled state, output free-floating ---
| op
| * --- leg 3: static disabled state, VOUT forced to 0 V (Vin->Vout leakage) ---
| alter rforce = 1m
| op
| * --- leg 4: static disabled state, VOUT held at the 1.8 V nominal output ---
| alter vforce = 1.8
| op
| let meas_iq_shutdown_static_ua = -1e6*op1.i(vvin)
| let meas_iq_shutdown_after_edge_ua = -1e6*tran1.iq_worst
| let meas_iq_shutdown_after_edge_mean_ua = -1e6*tran1.iq_avg
| let meas_leak_vin_vout_ua = 1e6*op2.i(vforce)
| let meas_vout_pre_disable_v = tran1.vpre
| let meas_vout_hold_2ms_v = tran1.vhold
| let meas_vout_disabled_static_v = op1.v(vout)
| let meas_ivout_held_1v8_ua = -1e6*op3.i(vforce)
| print meas_iq_shutdown_static_ua
| print meas_iq_shutdown_after_edge_ua
| print meas_iq_shutdown_after_edge_mean_ua
| print meas_leak_vin_vout_ua
| print meas_vout_pre_disable_v
| print meas_vout_hold_2ms_v
| print meas_vout_disabled_static_v
| print meas_ivout_held_1v8_ua
| quit
| .endc
| .end

# ==== ngspice stdout ====

Note: Compatibility modes selected: hs a


Circuit: * enable-shutdown corner deck -- generated by sim/bin/corner-run.py, do not edit

option SCALE: Scale is set to 1e-06 for instance and model parameters
option SCALE: Scale is set to 1e-06 for instance and model parameters
option SCALE: Scale is set to 1e-06 for instance and model parameters
option SCALE: Scale is set to 1e-06 for instance and model parameters
Doing analysis at TEMP = 27.000000 and TNOM = 27.000000

Using KLU as Direct Linear Solver
 Reference value :  0.00000e+00
 Reference value :  4.00000e-07
 Reference value :  6.40000e-06
 Reference value :  2.64000e-05
 Reference value :  4.64000e-05
 Reference value :  6.64000e-05
 Reference value :  8.64000e-05
 Reference value :  1.00100e-04
 Reference value :  1.00300e-04
 Reference value :  1.00411e-04
 Reference value :  1.00515e-04
 Reference value :  1.00592e-04
 Reference value :  1.00744e-04
 Reference value :  1.00837e-04
 Reference value :  1.00906e-04
 Reference value :  1.00990e-04
 Reference value :  1.01012e-04
 Reference value :  1.01094e-04
 Reference value :  1.01504e-04
 Reference value :  1.02626e-04
 Reference value :  1.10355e-04
 Reference value :  1.20355e-04
 Reference value :  1.30355e-04
 Reference value :  1.40355e-04
 Reference value :  1.55355e-04
 Reference value :  1.70355e-04
 Reference value :  1.85355e-04
 Reference value :  2.00355e-04
 Reference value :  2.15355e-04
 Reference value :  2.30355e-04
 Reference value :  2.45355e-04
 Reference value :  2.60355e-04
 Reference value :  2.75355e-04
 Reference value :  2.90355e-04
 Reference value :  3.05355e-04
 Reference value :  3.20355e-04
 Reference value :  3.90355e-04
 Reference value :  4.05355e-04
 Reference value :  4.20355e-04
 Reference value :  4.35355e-04
 Reference value :  4.45355e-04
 Reference value :  4.60355e-04
 Reference value :  4.75355e-04
 Reference value :  4.90355e-04
 Reference value :  5.05355e-04
 Reference value :  5.20355e-04
 Reference value :  5.35355e-04
 Reference value :  5.50355e-04
 Reference value :  5.65355e-04
 Reference value :  5.80355e-04
 Reference value :  5.95355e-04
 Reference value :  6.10355e-04
 Reference value :  6.25355e-04
 Reference value :  6.40355e-04
 Reference value :  6.55355e-04
 Reference value :  6.70355e-04
 Reference value :  6.85355e-04
 Reference value :  7.00355e-04
 Reference value :  7.20355e-04
 Reference value :  7.40355e-04
 Reference value :  7.65355e-04
 Reference value :  7.85355e-04
 Reference value :  8.10355e-04
 Reference value :  8.30355e-04
 Reference value :  8.50355e-04
 Reference value :  8.70355e-04
 Reference value :  8.90355e-04
 Reference value :  9.10355e-04
 Reference value :  9.30355e-04
 Reference value :  9.50355e-04
 Reference value :  9.70355e-04
 Reference value :  9.90355e-04
 Reference value :  1.01036e-03
 Reference value :  1.03036e-03
 Reference value :  1.05036e-03
 Reference value :  1.07036e-03
 Reference value :  1.09036e-03
 Reference value :  1.11036e-03
 Reference value :  1.13036e-03
 Reference value :  1.15036e-03
 Reference value :  1.17036e-03
 Reference value :  1.19036e-03
 Reference value :  1.21036e-03
 Reference value :  1.23036e-03
 Reference value :  1.25036e-03
 Reference value :  1.27036e-03
 Reference value :  1.29036e-03
 Reference value :  1.31036e-03
 Reference value :  1.33036e-03
 Reference value :  1.35036e-03
 Reference value :  1.37036e-03
 Reference value :  1.39036e-03
 Reference value :  1.41036e-03
 Reference value :  1.43036e-03
 Reference value :  1.45036e-03
 Reference value :  1.47036e-03
 Reference value :  1.49036e-03
 Reference value :  1.51036e-03
 Reference value :  1.53036e-03
 Reference value :  1.55036e-03
 Reference value :  1.57036e-03
 Reference value :  1.59036e-03
 Reference value :  1.61036e-03
 Reference value :  1.63036e-03
 Reference value :  1.65036e-03
 Reference value :  1.67036e-03
 Reference value :  1.69036e-03
 Reference value :  1.71036e-03
 Reference value :  1.73036e-03
 Reference value :  1.75036e-03
 Reference value :  1.77036e-03
 Reference value :  1.79036e-03
 Reference value :  1.81536e-03
 Reference value :  1.83536e-03
 Reference value :  1.85536e-03
 Reference value :  1.87536e-03
 Reference value :  1.89536e-03
 Reference value :  1.91536e-03
 Reference value :  1.93536e-03
 Reference value :  1.95536e-03
 Reference value :  1.97536e-03
 Reference value :  1.99536e-03
 Reference value :  2.00030e-03
 Reference value :  2.00041e-03
 Reference value :  2.00061e-03
 Reference value :  2.00065e-03
 Reference value :  2.00067e-03
 Reference value :  2.00070e-03
 Reference value :  2.00073e-03
 Reference value :  2.00076e-03
 Reference value :  2.00081e-03
 Reference value :  2.00095e-03
 Reference value :  2.00108e-03
 Reference value :  2.00169e-03
 Reference value :  2.00582e-03
 Reference value :  2.02459e-03
 Reference value :  2.06959e-03
 Reference value :  2.08959e-03
 Reference value :  2.10959e-03
 Reference value :  2.12959e-03
 Reference value :  2.14959e-03
 Reference value :  2.16959e-03
 Reference value :  2.18959e-03
 Reference value :  2.20959e-03
 Reference value :  2.22959e-03
 Reference value :  2.24959e-03
 Reference value :  2.26959e-03
 Reference value :  2.28959e-03
 Reference value :  2.30959e-03
 Reference value :  2.32959e-03
 Reference value :  2.34959e-03
 Reference value :  2.36459e-03
 Reference value :  2.38459e-03
 Reference value :  2.40459e-03
 Reference value :  2.42459e-03
 Reference value :  2.44459e-03
 Reference value :  2.46459e-03
 Reference value :  2.48459e-03
 Reference value :  2.50459e-03
 Reference value :  2.52459e-03
 Reference value :  2.54459e-03
 Reference value :  2.56459e-03
 Reference value :  2.58959e-03
 Reference value :  2.60959e-03
 Reference value :  2.62959e-03
 Reference value :  2.64959e-03
 Reference value :  2.66959e-03
 Reference value :  2.68959e-03
 Reference value :  2.70959e-03
 Reference value :  2.72959e-03
 Reference value :  2.74959e-03
 Reference value :  2.76959e-03
 Reference value :  2.78959e-03
 Reference value :  2.80959e-03
 Reference value :  2.82959e-03
 Reference value :  2.84959e-03
 Reference value :  2.86959e-03
 Reference value :  2.88959e-03
 Reference value :  2.90959e-03
 Reference value :  2.92959e-03
 Reference value :  2.94959e-03
 Reference value :  2.96959e-03
 Reference value :  2.98959e-03
 Reference value :  3.00959e-03
 Reference value :  3.02959e-03
 Reference value :  3.04959e-03
 Reference value :  3.06959e-03
 Reference value :  3.08959e-03
 Reference value :  3.10959e-03
 Reference value :  3.12959e-03
 Reference value :  3.14959e-03
 Reference value :  3.16959e-03
 Reference value :  3.19459e-03
 Reference value :  3.21459e-03
 Reference value :  3.23459e-03
 Reference value :  3.25459e-03
 Reference value :  3.27459e-03
 Reference value :  3.29459e-03
 Reference value :  3.31459e-03
 Reference value :  3.33459e-03
 Reference value :  3.35459e-03
 Reference value :  3.37459e-03
 Reference value :  3.39459e-03
 Reference value :  3.41459e-03
 Reference value :  3.43459e-03
 Reference value :  3.45459e-03
 Reference value :  3.47459e-03
 Reference value :  3.49459e-03
 Reference value :  3.51459e-03
 Reference value :  3.53459e-03
 Reference value :  3.55459e-03
 Reference value :  3.57459e-03
 Reference value :  3.59459e-03
 Reference value :  3.61459e-03
 Reference value :  3.63459e-03
 Reference value :  3.65459e-03
 Reference value :  3.67459e-03
 Reference value :  3.69459e-03
 Reference value :  3.71459e-03
 Reference value :  3.72959e-03
 Reference value :  3.74959e-03
 Reference value :  3.76959e-03
 Reference value :  3.78959e-03
 Reference value :  3.80959e-03
 Reference value :  3.82959e-03
 Reference value :  3.84959e-03
 Reference value :  3.86959e-03
 Reference value :  3.88959e-03
 Reference value :  3.90959e-03
 Reference value :  3.92959e-03
 Reference value :  3.94959e-03
 Reference value :  3.96959e-03
 Reference value :  3.98959e-03
 Reference value :  4.00959e-03
 Reference value :  4.02959e-03
 Reference value :  4.05459e-03
 Reference value :  4.07959e-03
 Reference value :  4.09959e-03
 Reference value :  4.11959e-03
 Reference value :  4.13959e-03
 Reference value :  4.15959e-03
 Reference value :  4.17459e-03
 Reference value :  4.18959e-03
 Reference value :  4.20959e-03
 Reference value :  4.22959e-03
 Reference value :  4.25459e-03
 Reference value :  4.27459e-03
 Reference value :  4.29459e-03
 Reference value :  4.31459e-03
 Reference value :  4.32959e-03
 Reference value :  4.34459e-03
 Reference value :  4.36459e-03
 Reference value :  4.38459e-03
 Reference value :  4.40459e-03
 Reference value :  4.42459e-03
 Reference value :  4.44459e-03
 Reference value :  4.46459e-03
 Reference value :  4.48459e-03
 Reference value :  4.50000e-03
No. of Data Rows : 962
vpre                =  1.81435e+00
iq_avg              =  -2.09751e-10 from=  3.50000e-03 to=  4.50000e-03
iq_worst            =  -6.01924e-10 at=  4.49730e-03
vhold               =  1.81315e+00
Doing analysis at TEMP = 27.000000 and TNOM = 27.000000

Using KLU as Direct Linear Solver
 Reference value :  0.00000e+00
No. of Data Rows : 1
Doing analysis at TEMP = 27.000000 and TNOM = 27.000000

Using KLU as Direct Linear Solver
 Reference value :  0.00000e+00
No. of Data Rows : 1
Doing analysis at TEMP = 27.000000 and TNOM = 27.000000

Using KLU as Direct Linear Solver
 Reference value :  0.00000e+00
No. of Data Rows : 1
meas_iq_shutdown_static_ua = 2.045532e-04
meas_iq_shutdown_after_edge_ua = 6.019235e-04
meas_iq_shutdown_after_edge_mean_ua = 2.097506e-04
meas_leak_vin_vout_ua = 1.368581e-04
meas_vout_pre_disable_v = 1.814353e+00
meas_vout_hold_2ms_v = 1.813151e+00
meas_vout_disabled_static_v = 4.272183e-04
meas_ivout_held_1v8_ua = 5.766267e-01
ngspice-46 done

# ==== ngspice stderr ====
Note: Starting dynamic gmin stepping
Warning: Dynamic gmin stepping failed
Note: Starting true gmin stepping
Note: True gmin stepping completed
Note: Starting dynamic gmin stepping
Warning: Dynamic gmin stepping failed
Note: Starting true gmin stepping
Note: True gmin stepping completed
Note: Starting dynamic gmin stepping
Warning: Dynamic gmin stepping failed
Note: Starting true gmin stepping
Note: True gmin stepping completed
Note: Starting dynamic gmin stepping
Warning: Dynamic gmin stepping failed
Note: Starting true gmin stepping
Note: True gmin stepping completed
