# corner: fs_27c_3.63v
# process=fs temp=27C supply=3.63V
# ngspice exit: 0
# wall clock: 83.9s (--timeout was 300s)
# result: PASS

# ==== deck (exact input given to ngspice) ====
| * enable-shutdown corner deck -- generated by sim/bin/corner-run.py, do not edit
| * corner: fs_27c_3.63v
| .param vsup=3.63
| .option wnflag=1
| .temp 27
| .lib "/home/ubuntu/.volare/sky130A/libs.tech/combined/sky130.lib.spice" fs
| ** sch_path: sim/enable-shutdown/testbench/tb_enable_shutdown.sch
| **.subckt tb_enable_shutdown
| VVIN VIN 0 'vsup'
| .save i(vvin)
| VEN EN 0 dc 0 pwl(0 0 100u 0 101u 'vsup' 2m 'vsup' 2.001m 0 10 0)
| .save i(ven)
| VVREF VREF 0 1.2
| .save i(vvref)
| xldo VOUT VREF EN VIN ldo_3v3in_1v8out
| COUT VOUT VESR 1u m=1
| RESR VESR 0 10m m=1
| RLOAD VOUT 0 1e12 m=1
| RFORCE VOUT VF 1e12 m=1
| VFORCE VF 0 0
| .save i(vforce)
| **.ends
| 
| * expanding   symbol:  design/ldo_3v3in_1v8out.sym # of pins=4
| ** sym_path: design/ldo_3v3in_1v8out.sym
| ** sch_path: design/ldo_3v3in_1v8out.sch
| .subckt ldo_3v3in_1v8out VOUT VREF EN VIN
| *.ipin VIN
| *.ipin EN
| *.ipin VREF
| *.opin VOUT
| XR_BIAS VIN NB 0 sky130_fd_pr__res_high_po W=0.42 L=1500 mult=1 m=1
| XM_BIASN1 NB NB BIAS_ENN 0 sky130_fd_pr__nfet_g5v0d10v5 L=1 W=4 nf=1 ad=1.16 as=1.16 pd=8.58 ps=8.58 nrd=0.0725 nrs=0.0725 sa=0
| + sb=0 sd=0 mult=1 m=1
| XM_ENN BIAS_ENN EN 0 0 sky130_fd_pr__nfet_g5v0d10v5 L=0.5 W=10 nf=1 ad=2.9 as=2.9 pd=20.58 ps=20.58 nrd=0.029 nrs=0.029 sa=0 sb=0
| + sd=0 mult=1 m=1
| XM_BIASN2 BIASP NB BIAS_ENN 0 sky130_fd_pr__nfet_g5v0d10v5 L=1 W=4 nf=1 ad=1.16 as=1.16 pd=8.58 ps=8.58 nrd=0.0725 nrs=0.0725 sa=0
| + sb=0 sd=0 mult=1 m=1
| XM_BIASP1 BIASP BIASP VIN VIN sky130_fd_pr__pfet_g5v0d10v5 L=1 W=10 nf=2 ad=1.45 as=2.9 pd=10.58 ps=21.16 nrd=0.029 nrs=0.029 sa=0
| + sb=0 sd=0 mult=1 m=1
| XM_ENP2 BIASP EN VIN VIN sky130_fd_pr__pfet_g5v0d10v5 L=0.5 W=10 nf=1 ad=2.9 as=2.9 pd=20.58 ps=20.58 nrd=0.029 nrs=0.029 sa=0
| + sb=0 sd=0 mult=1 m=1
| XM_TAIL EA_TAIL BIASP VIN VIN sky130_fd_pr__pfet_g5v0d10v5 L=2 W=40 nf=8 ad=5.8 as=7.25 pd=42.32 ps=52.9 nrd=0.00725 nrs=0.00725
| + sa=0 sb=0 sd=0 mult=1 m=1
| XM_IN1 EA_D1 FB EA_TAIL VIN sky130_fd_pr__pfet_g5v0d10v5 L=2 W=10 nf=2 ad=1.45 as=2.9 pd=10.58 ps=21.16 nrd=0.029 nrs=0.029 sa=0
| + sb=0 sd=0 mult=1 m=1
| XM_IN2 EA_D2 VREF EA_TAIL VIN sky130_fd_pr__pfet_g5v0d10v5 L=2 W=10 nf=2 ad=1.45 as=2.9 pd=10.58 ps=21.16 nrd=0.029 nrs=0.029 sa=0
| + sb=0 sd=0 mult=1 m=1
| XM_MIR1 EA_D1 EA_D1 AMP_ENN 0 sky130_fd_pr__nfet_g5v0d10v5 L=4 W=10 nf=2 ad=1.45 as=2.9 pd=10.58 ps=21.16 nrd=0.029 nrs=0.029 sa=0
| + sb=0 sd=0 mult=1 m=1
| XM_MIR2 EA_OUT EA_D1 AMP_ENN 0 sky130_fd_pr__nfet_g5v0d10v5 L=4 W=10 nf=2 ad=1.45 as=2.9 pd=10.58 ps=21.16 nrd=0.029 nrs=0.029
| + sa=0 sb=0 sd=0 mult=1 m=1
| XM_ENN2 AMP_ENN EN 0 0 sky130_fd_pr__nfet_g5v0d10v5 L=0.5 W=10 nf=1 ad=2.9 as=2.9 pd=20.58 ps=20.58 nrd=0.029 nrs=0.029 sa=0 sb=0
| + sd=0 mult=1 m=1
| XM_ENP EA_OUT EN VIN VIN sky130_fd_pr__pfet_g5v0d10v5 L=0.5 W=10 nf=1 ad=2.9 as=2.9 pd=20.58 ps=20.58 nrd=0.029 nrs=0.029 sa=0
| + sb=0 sd=0 mult=1 m=1
| XM_MIR3 EA_D2 EA_D2 AMP_ENN 0 sky130_fd_pr__nfet_g5v0d10v5 L=4 W=10 nf=2 ad=1.45 as=2.9 pd=10.58 ps=21.16 nrd=0.029 nrs=0.029 sa=0
| + sb=0 sd=0 mult=1 m=1
| XM_MIR4 PB EA_D2 AMP_ENN 0 sky130_fd_pr__nfet_g5v0d10v5 L=4 W=10 nf=2 ad=1.45 as=2.9 pd=10.58 ps=21.16 nrd=0.029 nrs=0.029 sa=0
| + sb=0 sd=0 mult=1 m=1
| XM_MIRP1 PB PB VIN VIN sky130_fd_pr__pfet_g5v0d10v5 L=4 W=20 nf=4 ad=2.9 as=4.35 pd=21.16 ps=31.74 nrd=0.0145 nrs=0.0145 sa=0 sb=0
| + sd=0 mult=1 m=1
| XM_MIRP2 EA_OUT PB VIN VIN sky130_fd_pr__pfet_g5v0d10v5 L=4 W=20 nf=4 ad=2.9 as=4.35 pd=21.16 ps=31.74 nrd=0.0145 nrs=0.0145 sa=0
| + sb=0 sd=0 mult=1 m=1
| XM_ENP5 PB EN VIN VIN sky130_fd_pr__pfet_g5v0d10v5 L=0.5 W=2 nf=1 ad=0.58 as=0.58 pd=4.58 ps=4.58 nrd=0.145 nrs=0.145 sa=0 sb=0
| + sd=0 mult=1 m=1
| XM_PASS VOUT EA_OUT VIN VIN sky130_fd_pr__pfet_g5v0d10v5 L=0.5 W=100 nf=25 ad=15.08 as=15.08 pd=111.54 ps=111.54 nrd=0.0029
| + nrs=0.0029 sa=0 sb=0 sd=0 mult=25 m=25
| C_COMP VOUT EA_CZ 150p m=1
| XR_CZ EA_CZ EA_OUT 0 sky130_fd_pr__res_xhigh_po W=0.42 L=52 mult=1 m=1
| XR_FB_A VOUT FB 0 sky130_fd_pr__res_xhigh_po W=0.42 L=180 mult=1 m=1
| XR_FB_B FB N_FBB 0 sky130_fd_pr__res_xhigh_po W=0.42 L=180 mult=1 m=1
| XR_FB_C N_FBB 0 0 sky130_fd_pr__res_xhigh_po W=0.42 L=180 mult=1 m=1
| XM_SENSE CL_SNS EA_OUT VIN VIN sky130_fd_pr__pfet_g5v0d10v5 L=0.5 W=0.42 nf=1 ad=0.1218 as=0.1218 pd=1.42 ps=1.42
| + nrd=0.69047619047619 nrs=0.69047619047619 sa=0 sb=0 sd=0 mult=1 m=1
| XM_CLN1 CL_SNS CL_SNS AMP_ENN 0 sky130_fd_pr__nfet_g5v0d10v5 L=1 W=20 nf=1 ad=5.8 as=5.8 pd=40.58 ps=40.58 nrd=0.0145 nrs=0.0145
| + sa=0 sb=0 sd=0 mult=1 m=1
| XM_CLN2 CL_CMP CL_SNS AMP_ENN 0 sky130_fd_pr__nfet_g5v0d10v5 L=1 W=1.6 nf=1 ad=0.464 as=0.464 pd=3.78 ps=3.78 nrd=0.18125
| + nrs=0.18125 sa=0 sb=0 sd=0 mult=1 m=1
| XM_CLP CL_CMP BIASP VIN VIN sky130_fd_pr__pfet_g5v0d10v5 L=1 W=10 nf=2 ad=1.45 as=2.9 pd=10.58 ps=21.16 nrd=0.029 nrs=0.029 sa=0
| + sb=0 sd=0 mult=1 m=1
| XM_CLIM EA_OUT CL_CMP VIN VIN sky130_fd_pr__pfet_g5v0d10v5 L=0.5 W=20 nf=4 ad=2.9 as=4.35 pd=21.16 ps=31.74 nrd=0.0145 nrs=0.0145
| + sa=0 sb=0 sd=0 mult=1 m=1
| XM_ENP3 CL_CMP EN VIN VIN sky130_fd_pr__pfet_g5v0d10v5 L=0.5 W=2 nf=1 ad=0.58 as=0.58 pd=4.58 ps=4.58 nrd=0.145 nrs=0.145 sa=0
| + sb=0 sd=0 mult=1 m=1
| C_CL VIN CL_CMP 1p m=1
| XM_INVP ENB EN VIN VIN sky130_fd_pr__pfet_g5v0d10v5 L=0.5 W=2 nf=1 ad=0.58 as=0.58 pd=4.58 ps=4.58 nrd=0.145 nrs=0.145 sa=0 sb=0
| + sd=0 mult=1 m=1
| XM_INVN ENB EN 0 0 sky130_fd_pr__nfet_g5v0d10v5 L=0.5 W=1 nf=1 ad=0.29 as=0.29 pd=2.58 ps=2.58 nrd=0.29 nrs=0.29 sa=0 sb=0 sd=0
| + mult=1 m=1
| XM_SSDIS SS ENB 0 0 sky130_fd_pr__nfet_g5v0d10v5 L=0.5 W=2 nf=1 ad=0.58 as=0.58 pd=4.58 ps=4.58 nrd=0.145 nrs=0.145 sa=0 sb=0 sd=0
| + mult=1 m=1
| XM_SSCHG SS BIASP VIN VIN sky130_fd_pr__pfet_g5v0d10v5 L=8 W=1 nf=1 ad=0.29 as=0.29 pd=2.58 ps=2.58 nrd=0.29 nrs=0.29 sa=0 sb=0
| + sd=0 mult=1 m=1
| C_SS SS 0 10p m=1
| XM_IN2S EA_D2 SS EA_TAIL VIN sky130_fd_pr__pfet_g5v0d10v5 L=2 W=10 nf=2 ad=1.45 as=2.9 pd=10.58 ps=21.16 nrd=0.029 nrs=0.029 sa=0
| + sb=0 sd=0 mult=1 m=1
| XM_TSPS TS_SNS BIASP VIN VIN sky130_fd_pr__pfet_g5v0d10v5 L=1 W=2.5 nf=1 ad=0.725 as=0.725 pd=5.58 ps=5.58 nrd=0.116 nrs=0.116
| + sa=0 sb=0 sd=0 mult=1 m=1
| XM_TSD1 TS_SNS TS_SNS TS_MID 0 sky130_fd_pr__nfet_g5v0d10v5 L=1 W=80 nf=16 ad=11.6 as=13.05 pd=84.64 ps=95.22 nrd=0.003625
| + nrs=0.003625 sa=0 sb=0 sd=0 mult=1 m=1
| XM_TSD2 TS_MID TS_MID AMP_ENN 0 sky130_fd_pr__nfet_g5v0d10v5 L=1 W=80 nf=16 ad=11.6 as=13.05 pd=84.64 ps=95.22 nrd=0.003625
| + nrs=0.003625 sa=0 sb=0 sd=0 mult=1 m=1
| XM_TSPR TS_REF BIASP VIN VIN sky130_fd_pr__pfet_g5v0d10v5 L=1 W=2.5 nf=1 ad=0.725 as=0.725 pd=5.58 ps=5.58 nrd=0.116 nrs=0.116
| + sa=0 sb=0 sd=0 mult=1 m=1
| XM_TSR1 TS_REF TS_REF AMP_ENN 0 sky130_fd_pr__nfet_g5v0d10v5 L=10 W=2 nf=1 ad=0.58 as=0.58 pd=4.58 ps=4.58 nrd=0.145 nrs=0.145
| + sa=0 sb=0 sd=0 mult=1 m=1
| XM_TCTAIL TC_TAIL NB AMP_ENN 0 sky130_fd_pr__nfet_g5v0d10v5 L=1 W=1 nf=1 ad=0.29 as=0.29 pd=2.58 ps=2.58 nrd=0.29 nrs=0.29 sa=0
| + sb=0 sd=0 mult=1 m=1
| XM_TCN1 TC_D1 TS_SNS TC_TAIL 0 sky130_fd_pr__nfet_g5v0d10v5 L=2 W=10 nf=2 ad=1.45 as=2.9 pd=10.58 ps=21.16 nrd=0.029 nrs=0.029
| + sa=0 sb=0 sd=0 mult=1 m=1
| XM_TCN2 TS_CMP TS_REF TC_TAIL 0 sky130_fd_pr__nfet_g5v0d10v5 L=2 W=10 nf=2 ad=1.45 as=2.9 pd=10.58 ps=21.16 nrd=0.029 nrs=0.029
| + sa=0 sb=0 sd=0 mult=1 m=1
| XM_TCP1 TC_D1 TC_D1 VIN VIN sky130_fd_pr__pfet_g5v0d10v5 L=2 W=10 nf=2 ad=1.45 as=2.9 pd=10.58 ps=21.16 nrd=0.029 nrs=0.029 sa=0
| + sb=0 sd=0 mult=1 m=1
| XM_TCP2 TS_CMP TC_D1 VIN VIN sky130_fd_pr__pfet_g5v0d10v5 L=2 W=10 nf=2 ad=1.45 as=2.9 pd=10.58 ps=21.16 nrd=0.029 nrs=0.029 sa=0
| + sb=0 sd=0 mult=1 m=1
| XM_TSHUT EA_OUT TS_CMP VIN VIN sky130_fd_pr__pfet_g5v0d10v5 L=0.5 W=20 nf=4 ad=2.9 as=4.35 pd=21.16 ps=31.74 nrd=0.0145 nrs=0.0145
| + sa=0 sb=0 sd=0 mult=1 m=1
| XM_TSHYSB TS_HYS BIASP VIN VIN sky130_fd_pr__pfet_g5v0d10v5 L=2 W=1.5 nf=1 ad=0.435 as=0.435 pd=3.58 ps=3.58 nrd=0.193333333333333
| + nrs=0.193333333333333 sa=0 sb=0 sd=0 mult=1 m=1
| XM_TSHYS TS_REF TS_CMP TS_HYS VIN sky130_fd_pr__pfet_g5v0d10v5 L=0.5 W=2 nf=1 ad=0.58 as=0.58 pd=4.58 ps=4.58 nrd=0.145 nrs=0.145
| + sa=0 sb=0 sd=0 mult=1 m=1
| XM_ENP4 TS_CMP EN VIN VIN sky130_fd_pr__pfet_g5v0d10v5 L=0.5 W=2 nf=1 ad=0.58 as=0.58 pd=4.58 ps=4.58 nrd=0.145 nrs=0.145 sa=0
| + sb=0 sd=0 mult=1 m=1
| C_TS VIN TS_CMP 1p m=1
| .ends
| 
| .control
| save all
| * --- leg 1: full cycle -- EN rises at t=100us, block regulates, EN falls at t=2ms ---
| tran 5u 4.5m
| meas tran vpre find v(vout) at=1.9m
| meas tran iq_avg avg i(vvin) from=3.5m to=4.5m
| meas tran iq_worst min i(vvin) from=3.5m to=4.5m
| meas tran vhold find v(vout) at=4m
| * --- leg 2: static disabled state, output free-floating ---
| op
| * --- leg 3: static disabled state, VOUT forced to 0 V (Vin->Vout leakage) ---
| alter rforce = 1m
| op
| * --- leg 4: static disabled state, VOUT held at the 1.8 V nominal output ---
| alter vforce = 1.8
| op
| let meas_iq_shutdown_static_ua = -1e6*op1.i(vvin)
| let meas_iq_shutdown_after_edge_ua = -1e6*tran1.iq_worst
| let meas_iq_shutdown_after_edge_mean_ua = -1e6*tran1.iq_avg
| let meas_leak_vin_vout_ua = 1e6*op2.i(vforce)
| let meas_vout_pre_disable_v = tran1.vpre
| let meas_vout_hold_2ms_v = tran1.vhold
| let meas_vout_disabled_static_v = op1.v(vout)
| let meas_ivout_held_1v8_ua = -1e6*op3.i(vforce)
| print meas_iq_shutdown_static_ua
| print meas_iq_shutdown_after_edge_ua
| print meas_iq_shutdown_after_edge_mean_ua
| print meas_leak_vin_vout_ua
| print meas_vout_pre_disable_v
| print meas_vout_hold_2ms_v
| print meas_vout_disabled_static_v
| print meas_ivout_held_1v8_ua
| quit
| .endc
| .end

# ==== ngspice stdout ====

Note: Compatibility modes selected: hs a


Circuit: * enable-shutdown corner deck -- generated by sim/bin/corner-run.py, do not edit

option SCALE: Scale is set to 1e-06 for instance and model parameters
option SCALE: Scale is set to 1e-06 for instance and model parameters
option SCALE: Scale is set to 1e-06 for instance and model parameters
option SCALE: Scale is set to 1e-06 for instance and model parameters
Doing analysis at TEMP = 27.000000 and TNOM = 27.000000

Using KLU as Direct Linear Solver
 Reference value :  0.00000e+00
 Reference value :  2.00000e-07
 Reference value :  3.20000e-06
 Reference value :  1.64000e-05
 Reference value :  3.64000e-05
 Reference value :  5.14000e-05
 Reference value :  7.14000e-05
 Reference value :  9.14000e-05
 Reference value :  1.00100e-04
 Reference value :  1.00300e-04
 Reference value :  1.00410e-04
 Reference value :  1.00492e-04
 Reference value :  1.00643e-04
 Reference value :  1.00800e-04
 Reference value :  1.00810e-04
 Reference value :  1.00846e-04
 Reference value :  1.00859e-04
 Reference value :  1.00886e-04
 Reference value :  1.00900e-04
 Reference value :  1.00941e-04
 Reference value :  1.00984e-04
 Reference value :  1.01009e-04
 Reference value :  1.01197e-04
 Reference value :  1.02025e-04
 Reference value :  1.06115e-04
 Reference value :  1.20789e-04
 Reference value :  1.30789e-04
 Reference value :  1.40789e-04
 Reference value :  1.55789e-04
 Reference value :  1.75789e-04
 Reference value :  1.95789e-04
 Reference value :  2.15789e-04
 Reference value :  2.35789e-04
 Reference value :  2.55789e-04
 Reference value :  2.75789e-04
 Reference value :  2.95789e-04
 Reference value :  3.15789e-04
 Reference value :  3.35789e-04
 Reference value :  3.55789e-04
 Reference value :  3.75789e-04
 Reference value :  3.95789e-04
 Reference value :  4.15789e-04
 Reference value :  4.35789e-04
 Reference value :  4.55789e-04
 Reference value :  4.75789e-04
 Reference value :  4.90789e-04
 Reference value :  5.15789e-04
 Reference value :  5.35789e-04
 Reference value :  5.55789e-04
 Reference value :  5.75789e-04
 Reference value :  5.95789e-04
 Reference value :  6.15789e-04
 Reference value :  6.35789e-04
 Reference value :  6.55789e-04
 Reference value :  6.80789e-04
 Reference value :  6.95789e-04
 Reference value :  7.15789e-04
 Reference value :  7.35789e-04
 Reference value :  7.55789e-04
 Reference value :  7.75789e-04
 Reference value :  7.95789e-04
 Reference value :  8.15789e-04
 Reference value :  8.35789e-04
 Reference value :  8.55789e-04
 Reference value :  8.75789e-04
 Reference value :  8.95789e-04
 Reference value :  9.15789e-04
 Reference value :  9.30789e-04
 Reference value :  9.45789e-04
 Reference value :  9.65789e-04
 Reference value :  9.85789e-04
 Reference value :  1.00579e-03
 Reference value :  1.02079e-03
 Reference value :  1.04079e-03
 Reference value :  1.06079e-03
 Reference value :  1.08079e-03
 Reference value :  1.10079e-03
 Reference value :  1.12079e-03
 Reference value :  1.13579e-03
 Reference value :  1.15079e-03
 Reference value :  1.16579e-03
 Reference value :  1.18579e-03
 Reference value :  1.20579e-03
 Reference value :  1.22079e-03
 Reference value :  1.24079e-03
 Reference value :  1.25579e-03
 Reference value :  1.27579e-03
 Reference value :  1.29079e-03
 Reference value :  1.30579e-03
 Reference value :  1.32079e-03
 Reference value :  1.34079e-03
 Reference value :  1.36079e-03
 Reference value :  1.38079e-03
 Reference value :  1.40079e-03
 Reference value :  1.42079e-03
 Reference value :  1.44079e-03
 Reference value :  1.46079e-03
 Reference value :  1.48079e-03
 Reference value :  1.50079e-03
 Reference value :  1.51579e-03
 Reference value :  1.53079e-03
 Reference value :  1.54579e-03
 Reference value :  1.56579e-03
 Reference value :  1.59079e-03
 Reference value :  1.60579e-03
 Reference value :  1.62579e-03
 Reference value :  1.64579e-03
 Reference value :  1.66579e-03
 Reference value :  1.68579e-03
 Reference value :  1.70579e-03
 Reference value :  1.72579e-03
 Reference value :  1.74579e-03
 Reference value :  1.76079e-03
 Reference value :  1.78079e-03
 Reference value :  1.80079e-03
 Reference value :  1.82079e-03
 Reference value :  1.84079e-03
 Reference value :  1.86079e-03
 Reference value :  1.88079e-03
 Reference value :  1.90079e-03
 Reference value :  1.92079e-03
 Reference value :  1.93579e-03
 Reference value :  1.95579e-03
 Reference value :  1.97579e-03
 Reference value :  1.99539e-03
 Reference value :  2.00030e-03
 Reference value :  2.00041e-03
 Reference value :  2.00061e-03
 Reference value :  2.00065e-03
 Reference value :  2.00068e-03
 Reference value :  2.00068e-03
 Reference value :  2.00069e-03
 Reference value :  2.00072e-03
 Reference value :  2.00076e-03
 Reference value :  2.00079e-03
 Reference value :  2.00085e-03
 Reference value :  2.00096e-03
 Reference value :  2.00102e-03
 Reference value :  2.00112e-03
 Reference value :  2.00201e-03
 Reference value :  2.00750e-03
 Reference value :  2.02236e-03
 Reference value :  2.03736e-03
 Reference value :  2.05236e-03
 Reference value :  2.06736e-03
 Reference value :  2.08236e-03
 Reference value :  2.10236e-03
 Reference value :  2.11736e-03
 Reference value :  2.13236e-03
 Reference value :  2.14736e-03
 Reference value :  2.16736e-03
 Reference value :  2.18236e-03
 Reference value :  2.19736e-03
 Reference value :  2.21236e-03
 Reference value :  2.23236e-03
 Reference value :  2.24736e-03
 Reference value :  2.26736e-03
 Reference value :  2.28736e-03
 Reference value :  2.31236e-03
 Reference value :  2.33736e-03
 Reference value :  2.36236e-03
 Reference value :  2.38236e-03
 Reference value :  2.40736e-03
 Reference value :  2.43236e-03
 Reference value :  2.45736e-03
 Reference value :  2.48236e-03
 Reference value :  2.50236e-03
 Reference value :  2.52236e-03
 Reference value :  2.54736e-03
 Reference value :  2.57736e-03
 Reference value :  2.60236e-03
 Reference value :  2.63236e-03
 Reference value :  2.65236e-03
 Reference value :  2.67736e-03
 Reference value :  2.70236e-03
 Reference value :  2.73236e-03
 Reference value :  2.75736e-03
 Reference value :  2.78236e-03
 Reference value :  2.81236e-03
 Reference value :  2.84236e-03
 Reference value :  2.86736e-03
 Reference value :  2.89236e-03
 Reference value :  2.91236e-03
 Reference value :  2.93236e-03
 Reference value :  2.95736e-03
 Reference value :  2.97736e-03
 Reference value :  3.00236e-03
 Reference value :  3.03236e-03
 Reference value :  3.05236e-03
 Reference value :  3.06736e-03
 Reference value :  3.08236e-03
 Reference value :  3.10236e-03
 Reference value :  3.12736e-03
 Reference value :  3.14236e-03
 Reference value :  3.16236e-03
 Reference value :  3.18236e-03
 Reference value :  3.19736e-03
 Reference value :  3.21736e-03
 Reference value :  3.23736e-03
 Reference value :  3.25736e-03
 Reference value :  3.27736e-03
 Reference value :  3.29736e-03
 Reference value :  3.31736e-03
 Reference value :  3.33736e-03
 Reference value :  3.35736e-03
 Reference value :  3.37736e-03
 Reference value :  3.39736e-03
 Reference value :  3.41736e-03
 Reference value :  3.43736e-03
 Reference value :  3.45736e-03
 Reference value :  3.47736e-03
 Reference value :  3.49736e-03
 Reference value :  3.51736e-03
 Reference value :  3.53736e-03
 Reference value :  3.55736e-03
 Reference value :  3.57736e-03
 Reference value :  3.59736e-03
 Reference value :  3.61736e-03
 Reference value :  3.63736e-03
 Reference value :  3.66236e-03
 Reference value :  3.68736e-03
 Reference value :  3.70736e-03
 Reference value :  3.72736e-03
 Reference value :  3.74736e-03
 Reference value :  3.76736e-03
 Reference value :  3.78736e-03
 Reference value :  3.80736e-03
 Reference value :  3.82736e-03
 Reference value :  3.84736e-03
 Reference value :  3.87236e-03
 Reference value :  3.89236e-03
 Reference value :  3.91236e-03
 Reference value :  3.93236e-03
 Reference value :  3.95236e-03
 Reference value :  3.97236e-03
 Reference value :  3.99236e-03
 Reference value :  4.01236e-03
 Reference value :  4.03236e-03
 Reference value :  4.05236e-03
 Reference value :  4.07236e-03
 Reference value :  4.08736e-03
 Reference value :  4.10736e-03
 Reference value :  4.12736e-03
 Reference value :  4.14736e-03
 Reference value :  4.16736e-03
 Reference value :  4.18236e-03
 Reference value :  4.20236e-03
 Reference value :  4.21736e-03
 Reference value :  4.23736e-03
 Reference value :  4.25236e-03
 Reference value :  4.27236e-03
 Reference value :  4.29236e-03
 Reference value :  4.31236e-03
 Reference value :  4.33236e-03
 Reference value :  4.35236e-03
 Reference value :  4.36736e-03
 Reference value :  4.38736e-03
 Reference value :  4.40236e-03
 Reference value :  4.42236e-03
 Reference value :  4.44736e-03
 Reference value :  4.47736e-03
 Reference value :  4.50000e-03
No. of Data Rows : 970
vpre                =  1.81338e+00
iq_avg              =  -2.29075e-10 from=  3.50000e-03 to=  4.50000e-03
iq_worst            =  -2.19428e-09 at=  3.50236e-03
vhold               =  1.81218e+00
Doing analysis at TEMP = 27.000000 and TNOM = 27.000000

Using KLU as Direct Linear Solver
 Reference value :  0.00000e+00
No. of Data Rows : 1
Doing analysis at TEMP = 27.000000 and TNOM = 27.000000

Using KLU as Direct Linear Solver
 Reference value :  0.00000e+00
No. of Data Rows : 1
Doing analysis at TEMP = 27.000000 and TNOM = 27.000000

Using KLU as Direct Linear Solver
 Reference value :  0.00000e+00
No. of Data Rows : 1
meas_iq_shutdown_static_ua = 2.388770e-04
meas_iq_shutdown_after_edge_ua = 2.194281e-03
meas_iq_shutdown_after_edge_mean_ua = 2.290746e-04
meas_leak_vin_vout_ua = 1.639390e-04
meas_vout_pre_disable_v = 1.813381e+00
meas_vout_hold_2ms_v = 1.812181e+00
meas_vout_disabled_static_v = 5.117061e-04
meas_ivout_held_1v8_ua = 5.766148e-01
ngspice-46 done

# ==== ngspice stderr ====
Note: Starting dynamic gmin stepping
Warning: Dynamic gmin stepping failed
Note: Starting true gmin stepping
Note: True gmin stepping completed
Note: Starting dynamic gmin stepping
Warning: Dynamic gmin stepping failed
Note: Starting true gmin stepping
Note: True gmin stepping completed
Note: Starting dynamic gmin stepping
Warning: Dynamic gmin stepping failed
Note: Starting true gmin stepping
Note: True gmin stepping completed
Note: Starting dynamic gmin stepping
Warning: Dynamic gmin stepping failed
Note: Starting true gmin stepping
Note: True gmin stepping completed
