# corner: fs_27c_2.97v
# process=fs temp=27C supply=2.97V
# ngspice exit: 0
# wall clock: 85.6s (--timeout was 300s)
# result: PASS

# ==== deck (exact input given to ngspice) ====
| * enable-shutdown corner deck -- generated by sim/bin/corner-run.py, do not edit
| * corner: fs_27c_2.97v
| .param vsup=2.97
| .option wnflag=1
| .temp 27
| .lib "/home/ubuntu/.volare/sky130A/libs.tech/combined/sky130.lib.spice" fs
| ** sch_path: sim/enable-shutdown/testbench/tb_enable_shutdown.sch
| **.subckt tb_enable_shutdown
| VVIN VIN 0 'vsup'
| .save i(vvin)
| VEN EN 0 dc 0 pwl(0 0 100u 0 101u 'vsup' 2m 'vsup' 2.001m 0 10 0)
| .save i(ven)
| VVREF VREF 0 1.2
| .save i(vvref)
| xldo VOUT VREF EN VIN ldo_3v3in_1v8out
| COUT VOUT VESR 1u m=1
| RESR VESR 0 10m m=1
| RLOAD VOUT 0 1e12 m=1
| RFORCE VOUT VF 1e12 m=1
| VFORCE VF 0 0
| .save i(vforce)
| **.ends
| 
| * expanding   symbol:  design/ldo_3v3in_1v8out.sym # of pins=4
| ** sym_path: design/ldo_3v3in_1v8out.sym
| ** sch_path: design/ldo_3v3in_1v8out.sch
| .subckt ldo_3v3in_1v8out VOUT VREF EN VIN
| *.ipin VIN
| *.ipin EN
| *.ipin VREF
| *.opin VOUT
| XR_BIAS VIN NB 0 sky130_fd_pr__res_high_po W=0.42 L=1500 mult=1 m=1
| XM_BIASN1 NB NB BIAS_ENN 0 sky130_fd_pr__nfet_g5v0d10v5 L=1 W=4 nf=1 ad=1.16 as=1.16 pd=8.58 ps=8.58 nrd=0.0725 nrs=0.0725 sa=0
| + sb=0 sd=0 mult=1 m=1
| XM_ENN BIAS_ENN EN 0 0 sky130_fd_pr__nfet_g5v0d10v5 L=0.5 W=10 nf=1 ad=2.9 as=2.9 pd=20.58 ps=20.58 nrd=0.029 nrs=0.029 sa=0 sb=0
| + sd=0 mult=1 m=1
| XM_BIASN2 BIASP NB BIAS_ENN 0 sky130_fd_pr__nfet_g5v0d10v5 L=1 W=4 nf=1 ad=1.16 as=1.16 pd=8.58 ps=8.58 nrd=0.0725 nrs=0.0725 sa=0
| + sb=0 sd=0 mult=1 m=1
| XM_BIASP1 BIASP BIASP VIN VIN sky130_fd_pr__pfet_g5v0d10v5 L=1 W=10 nf=2 ad=1.45 as=2.9 pd=10.58 ps=21.16 nrd=0.029 nrs=0.029 sa=0
| + sb=0 sd=0 mult=1 m=1
| XM_ENP2 BIASP EN VIN VIN sky130_fd_pr__pfet_g5v0d10v5 L=0.5 W=10 nf=1 ad=2.9 as=2.9 pd=20.58 ps=20.58 nrd=0.029 nrs=0.029 sa=0
| + sb=0 sd=0 mult=1 m=1
| XM_TAIL EA_TAIL BIASP VIN VIN sky130_fd_pr__pfet_g5v0d10v5 L=2 W=40 nf=8 ad=5.8 as=7.25 pd=42.32 ps=52.9 nrd=0.00725 nrs=0.00725
| + sa=0 sb=0 sd=0 mult=1 m=1
| XM_IN1 EA_D1 FB EA_TAIL VIN sky130_fd_pr__pfet_g5v0d10v5 L=2 W=10 nf=2 ad=1.45 as=2.9 pd=10.58 ps=21.16 nrd=0.029 nrs=0.029 sa=0
| + sb=0 sd=0 mult=1 m=1
| XM_IN2 EA_D2 VREF EA_TAIL VIN sky130_fd_pr__pfet_g5v0d10v5 L=2 W=10 nf=2 ad=1.45 as=2.9 pd=10.58 ps=21.16 nrd=0.029 nrs=0.029 sa=0
| + sb=0 sd=0 mult=1 m=1
| XM_MIR1 EA_D1 EA_D1 AMP_ENN 0 sky130_fd_pr__nfet_g5v0d10v5 L=4 W=10 nf=2 ad=1.45 as=2.9 pd=10.58 ps=21.16 nrd=0.029 nrs=0.029 sa=0
| + sb=0 sd=0 mult=1 m=1
| XM_MIR2 EA_OUT EA_D1 AMP_ENN 0 sky130_fd_pr__nfet_g5v0d10v5 L=4 W=10 nf=2 ad=1.45 as=2.9 pd=10.58 ps=21.16 nrd=0.029 nrs=0.029
| + sa=0 sb=0 sd=0 mult=1 m=1
| XM_ENN2 AMP_ENN EN 0 0 sky130_fd_pr__nfet_g5v0d10v5 L=0.5 W=10 nf=1 ad=2.9 as=2.9 pd=20.58 ps=20.58 nrd=0.029 nrs=0.029 sa=0 sb=0
| + sd=0 mult=1 m=1
| XM_ENP EA_OUT EN VIN VIN sky130_fd_pr__pfet_g5v0d10v5 L=0.5 W=10 nf=1 ad=2.9 as=2.9 pd=20.58 ps=20.58 nrd=0.029 nrs=0.029 sa=0
| + sb=0 sd=0 mult=1 m=1
| XM_MIR3 EA_D2 EA_D2 AMP_ENN 0 sky130_fd_pr__nfet_g5v0d10v5 L=4 W=10 nf=2 ad=1.45 as=2.9 pd=10.58 ps=21.16 nrd=0.029 nrs=0.029 sa=0
| + sb=0 sd=0 mult=1 m=1
| XM_MIR4 PB EA_D2 AMP_ENN 0 sky130_fd_pr__nfet_g5v0d10v5 L=4 W=10 nf=2 ad=1.45 as=2.9 pd=10.58 ps=21.16 nrd=0.029 nrs=0.029 sa=0
| + sb=0 sd=0 mult=1 m=1
| XM_MIRP1 PB PB VIN VIN sky130_fd_pr__pfet_g5v0d10v5 L=4 W=20 nf=4 ad=2.9 as=4.35 pd=21.16 ps=31.74 nrd=0.0145 nrs=0.0145 sa=0 sb=0
| + sd=0 mult=1 m=1
| XM_MIRP2 EA_OUT PB VIN VIN sky130_fd_pr__pfet_g5v0d10v5 L=4 W=20 nf=4 ad=2.9 as=4.35 pd=21.16 ps=31.74 nrd=0.0145 nrs=0.0145 sa=0
| + sb=0 sd=0 mult=1 m=1
| XM_ENP5 PB EN VIN VIN sky130_fd_pr__pfet_g5v0d10v5 L=0.5 W=2 nf=1 ad=0.58 as=0.58 pd=4.58 ps=4.58 nrd=0.145 nrs=0.145 sa=0 sb=0
| + sd=0 mult=1 m=1
| XM_PASS VOUT EA_OUT VIN VIN sky130_fd_pr__pfet_g5v0d10v5 L=0.5 W=100 nf=25 ad=15.08 as=15.08 pd=111.54 ps=111.54 nrd=0.0029
| + nrs=0.0029 sa=0 sb=0 sd=0 mult=25 m=25
| C_COMP VOUT EA_CZ 150p m=1
| XR_CZ EA_CZ EA_OUT 0 sky130_fd_pr__res_xhigh_po W=0.42 L=52 mult=1 m=1
| XR_FB_A VOUT FB 0 sky130_fd_pr__res_xhigh_po W=0.42 L=180 mult=1 m=1
| XR_FB_B FB N_FBB 0 sky130_fd_pr__res_xhigh_po W=0.42 L=180 mult=1 m=1
| XR_FB_C N_FBB 0 0 sky130_fd_pr__res_xhigh_po W=0.42 L=180 mult=1 m=1
| XM_SENSE CL_SNS EA_OUT VIN VIN sky130_fd_pr__pfet_g5v0d10v5 L=0.5 W=0.42 nf=1 ad=0.1218 as=0.1218 pd=1.42 ps=1.42
| + nrd=0.69047619047619 nrs=0.69047619047619 sa=0 sb=0 sd=0 mult=1 m=1
| XM_CLN1 CL_SNS CL_SNS AMP_ENN 0 sky130_fd_pr__nfet_g5v0d10v5 L=1 W=20 nf=1 ad=5.8 as=5.8 pd=40.58 ps=40.58 nrd=0.0145 nrs=0.0145
| + sa=0 sb=0 sd=0 mult=1 m=1
| XM_CLN2 CL_CMP CL_SNS AMP_ENN 0 sky130_fd_pr__nfet_g5v0d10v5 L=1 W=1.6 nf=1 ad=0.464 as=0.464 pd=3.78 ps=3.78 nrd=0.18125
| + nrs=0.18125 sa=0 sb=0 sd=0 mult=1 m=1
| XM_CLP CL_CMP BIASP VIN VIN sky130_fd_pr__pfet_g5v0d10v5 L=1 W=10 nf=2 ad=1.45 as=2.9 pd=10.58 ps=21.16 nrd=0.029 nrs=0.029 sa=0
| + sb=0 sd=0 mult=1 m=1
| XM_CLIM EA_OUT CL_CMP VIN VIN sky130_fd_pr__pfet_g5v0d10v5 L=0.5 W=20 nf=4 ad=2.9 as=4.35 pd=21.16 ps=31.74 nrd=0.0145 nrs=0.0145
| + sa=0 sb=0 sd=0 mult=1 m=1
| XM_ENP3 CL_CMP EN VIN VIN sky130_fd_pr__pfet_g5v0d10v5 L=0.5 W=2 nf=1 ad=0.58 as=0.58 pd=4.58 ps=4.58 nrd=0.145 nrs=0.145 sa=0
| + sb=0 sd=0 mult=1 m=1
| C_CL VIN CL_CMP 1p m=1
| XM_INVP ENB EN VIN VIN sky130_fd_pr__pfet_g5v0d10v5 L=0.5 W=2 nf=1 ad=0.58 as=0.58 pd=4.58 ps=4.58 nrd=0.145 nrs=0.145 sa=0 sb=0
| + sd=0 mult=1 m=1
| XM_INVN ENB EN 0 0 sky130_fd_pr__nfet_g5v0d10v5 L=0.5 W=1 nf=1 ad=0.29 as=0.29 pd=2.58 ps=2.58 nrd=0.29 nrs=0.29 sa=0 sb=0 sd=0
| + mult=1 m=1
| XM_SSDIS SS ENB 0 0 sky130_fd_pr__nfet_g5v0d10v5 L=0.5 W=2 nf=1 ad=0.58 as=0.58 pd=4.58 ps=4.58 nrd=0.145 nrs=0.145 sa=0 sb=0 sd=0
| + mult=1 m=1
| XM_SSCHG SS BIASP VIN VIN sky130_fd_pr__pfet_g5v0d10v5 L=8 W=1 nf=1 ad=0.29 as=0.29 pd=2.58 ps=2.58 nrd=0.29 nrs=0.29 sa=0 sb=0
| + sd=0 mult=1 m=1
| C_SS SS 0 10p m=1
| XM_IN2S EA_D2 SS EA_TAIL VIN sky130_fd_pr__pfet_g5v0d10v5 L=2 W=10 nf=2 ad=1.45 as=2.9 pd=10.58 ps=21.16 nrd=0.029 nrs=0.029 sa=0
| + sb=0 sd=0 mult=1 m=1
| XM_TSPS TS_SNS BIASP VIN VIN sky130_fd_pr__pfet_g5v0d10v5 L=1 W=2.5 nf=1 ad=0.725 as=0.725 pd=5.58 ps=5.58 nrd=0.116 nrs=0.116
| + sa=0 sb=0 sd=0 mult=1 m=1
| XM_TSD1 TS_SNS TS_SNS TS_MID 0 sky130_fd_pr__nfet_g5v0d10v5 L=1 W=80 nf=16 ad=11.6 as=13.05 pd=84.64 ps=95.22 nrd=0.003625
| + nrs=0.003625 sa=0 sb=0 sd=0 mult=1 m=1
| XM_TSD2 TS_MID TS_MID AMP_ENN 0 sky130_fd_pr__nfet_g5v0d10v5 L=1 W=80 nf=16 ad=11.6 as=13.05 pd=84.64 ps=95.22 nrd=0.003625
| + nrs=0.003625 sa=0 sb=0 sd=0 mult=1 m=1
| XM_TSPR TS_REF BIASP VIN VIN sky130_fd_pr__pfet_g5v0d10v5 L=1 W=2.5 nf=1 ad=0.725 as=0.725 pd=5.58 ps=5.58 nrd=0.116 nrs=0.116
| + sa=0 sb=0 sd=0 mult=1 m=1
| XM_TSR1 TS_REF TS_REF AMP_ENN 0 sky130_fd_pr__nfet_g5v0d10v5 L=10 W=2 nf=1 ad=0.58 as=0.58 pd=4.58 ps=4.58 nrd=0.145 nrs=0.145
| + sa=0 sb=0 sd=0 mult=1 m=1
| XM_TCTAIL TC_TAIL NB AMP_ENN 0 sky130_fd_pr__nfet_g5v0d10v5 L=1 W=1 nf=1 ad=0.29 as=0.29 pd=2.58 ps=2.58 nrd=0.29 nrs=0.29 sa=0
| + sb=0 sd=0 mult=1 m=1
| XM_TCN1 TC_D1 TS_SNS TC_TAIL 0 sky130_fd_pr__nfet_g5v0d10v5 L=2 W=10 nf=2 ad=1.45 as=2.9 pd=10.58 ps=21.16 nrd=0.029 nrs=0.029
| + sa=0 sb=0 sd=0 mult=1 m=1
| XM_TCN2 TS_CMP TS_REF TC_TAIL 0 sky130_fd_pr__nfet_g5v0d10v5 L=2 W=10 nf=2 ad=1.45 as=2.9 pd=10.58 ps=21.16 nrd=0.029 nrs=0.029
| + sa=0 sb=0 sd=0 mult=1 m=1
| XM_TCP1 TC_D1 TC_D1 VIN VIN sky130_fd_pr__pfet_g5v0d10v5 L=2 W=10 nf=2 ad=1.45 as=2.9 pd=10.58 ps=21.16 nrd=0.029 nrs=0.029 sa=0
| + sb=0 sd=0 mult=1 m=1
| XM_TCP2 TS_CMP TC_D1 VIN VIN sky130_fd_pr__pfet_g5v0d10v5 L=2 W=10 nf=2 ad=1.45 as=2.9 pd=10.58 ps=21.16 nrd=0.029 nrs=0.029 sa=0
| + sb=0 sd=0 mult=1 m=1
| XM_TSHUT EA_OUT TS_CMP VIN VIN sky130_fd_pr__pfet_g5v0d10v5 L=0.5 W=20 nf=4 ad=2.9 as=4.35 pd=21.16 ps=31.74 nrd=0.0145 nrs=0.0145
| + sa=0 sb=0 sd=0 mult=1 m=1
| XM_TSHYSB TS_HYS BIASP VIN VIN sky130_fd_pr__pfet_g5v0d10v5 L=2 W=1.5 nf=1 ad=0.435 as=0.435 pd=3.58 ps=3.58 nrd=0.193333333333333
| + nrs=0.193333333333333 sa=0 sb=0 sd=0 mult=1 m=1
| XM_TSHYS TS_REF TS_CMP TS_HYS VIN sky130_fd_pr__pfet_g5v0d10v5 L=0.5 W=2 nf=1 ad=0.58 as=0.58 pd=4.58 ps=4.58 nrd=0.145 nrs=0.145
| + sa=0 sb=0 sd=0 mult=1 m=1
| XM_ENP4 TS_CMP EN VIN VIN sky130_fd_pr__pfet_g5v0d10v5 L=0.5 W=2 nf=1 ad=0.58 as=0.58 pd=4.58 ps=4.58 nrd=0.145 nrs=0.145 sa=0
| + sb=0 sd=0 mult=1 m=1
| C_TS VIN TS_CMP 1p m=1
| .ends
| 
| .control
| save all
| * --- leg 1: full cycle -- EN rises at t=100us, block regulates, EN falls at t=2ms ---
| tran 5u 4.5m
| meas tran vpre find v(vout) at=1.9m
| meas tran iq_avg avg i(vvin) from=3.5m to=4.5m
| meas tran iq_worst min i(vvin) from=3.5m to=4.5m
| meas tran vhold find v(vout) at=4m
| * --- leg 2: static disabled state, output free-floating ---
| op
| * --- leg 3: static disabled state, VOUT forced to 0 V (Vin->Vout leakage) ---
| alter rforce = 1m
| op
| * --- leg 4: static disabled state, VOUT held at the 1.8 V nominal output ---
| alter vforce = 1.8
| op
| let meas_iq_shutdown_static_ua = -1e6*op1.i(vvin)
| let meas_iq_shutdown_after_edge_ua = -1e6*tran1.iq_worst
| let meas_iq_shutdown_after_edge_mean_ua = -1e6*tran1.iq_avg
| let meas_leak_vin_vout_ua = 1e6*op2.i(vforce)
| let meas_vout_pre_disable_v = tran1.vpre
| let meas_vout_hold_2ms_v = tran1.vhold
| let meas_vout_disabled_static_v = op1.v(vout)
| let meas_ivout_held_1v8_ua = -1e6*op3.i(vforce)
| print meas_iq_shutdown_static_ua
| print meas_iq_shutdown_after_edge_ua
| print meas_iq_shutdown_after_edge_mean_ua
| print meas_leak_vin_vout_ua
| print meas_vout_pre_disable_v
| print meas_vout_hold_2ms_v
| print meas_vout_disabled_static_v
| print meas_ivout_held_1v8_ua
| quit
| .endc
| .end

# ==== ngspice stdout ====

Note: Compatibility modes selected: hs a


Circuit: * enable-shutdown corner deck -- generated by sim/bin/corner-run.py, do not edit

option SCALE: Scale is set to 1e-06 for instance and model parameters
option SCALE: Scale is set to 1e-06 for instance and model parameters
option SCALE: Scale is set to 1e-06 for instance and model parameters
option SCALE: Scale is set to 1e-06 for instance and model parameters
Doing analysis at TEMP = 27.000000 and TNOM = 27.000000

Using KLU as Direct Linear Solver
 Reference value :  0.00000e+00
 Reference value :  2.00000e-07
 Reference value :  3.20000e-06
 Reference value :  2.14000e-05
 Reference value :  3.64000e-05
 Reference value :  5.14000e-05
 Reference value :  6.64000e-05
 Reference value :  8.14000e-05
 Reference value :  9.57000e-05
 Reference value :  1.00300e-04
 Reference value :  1.00414e-04
 Reference value :  1.00504e-04
 Reference value :  1.00562e-04
 Reference value :  1.00700e-04
 Reference value :  1.00857e-04
 Reference value :  1.00908e-04
 Reference value :  1.01000e-04
 Reference value :  1.01016e-04
 Reference value :  1.01119e-04
 Reference value :  1.01545e-04
 Reference value :  1.02423e-04
 Reference value :  1.07886e-04
 Reference value :  1.22886e-04
 Reference value :  1.32886e-04
 Reference value :  1.47886e-04
 Reference value :  1.62886e-04
 Reference value :  1.72886e-04
 Reference value :  1.82886e-04
 Reference value :  1.97886e-04
 Reference value :  2.12886e-04
 Reference value :  2.27886e-04
 Reference value :  2.42886e-04
 Reference value :  2.52886e-04
 Reference value :  2.67886e-04
 Reference value :  2.82886e-04
 Reference value :  2.92886e-04
 Reference value :  3.07886e-04
 Reference value :  3.22886e-04
 Reference value :  3.32886e-04
 Reference value :  3.47886e-04
 Reference value :  3.57886e-04
 Reference value :  3.67886e-04
 Reference value :  3.82886e-04
 Reference value :  3.97886e-04
 Reference value :  4.07886e-04
 Reference value :  4.22886e-04
 Reference value :  4.37886e-04
 Reference value :  4.47886e-04
 Reference value :  4.57886e-04
 Reference value :  4.72886e-04
 Reference value :  4.82886e-04
 Reference value :  4.97886e-04
 Reference value :  5.12886e-04
 Reference value :  5.27886e-04
 Reference value :  5.42886e-04
 Reference value :  5.57886e-04
 Reference value :  5.72886e-04
 Reference value :  5.87886e-04
 Reference value :  6.02886e-04
 Reference value :  6.17886e-04
 Reference value :  6.32886e-04
 Reference value :  6.47886e-04
 Reference value :  6.62886e-04
 Reference value :  6.72886e-04
 Reference value :  6.87886e-04
 Reference value :  6.97886e-04
 Reference value :  7.07886e-04
 Reference value :  7.17886e-04
 Reference value :  7.27886e-04
 Reference value :  7.42886e-04
 Reference value :  7.57886e-04
 Reference value :  7.72886e-04
 Reference value :  7.92886e-04
 Reference value :  8.12886e-04
 Reference value :  8.32886e-04
 Reference value :  8.52886e-04
 Reference value :  8.72886e-04
 Reference value :  8.92886e-04
 Reference value :  9.12886e-04
 Reference value :  9.32886e-04
 Reference value :  9.52886e-04
 Reference value :  9.72886e-04
 Reference value :  9.92886e-04
 Reference value :  1.01289e-03
 Reference value :  1.03789e-03
 Reference value :  1.05789e-03
 Reference value :  1.07789e-03
 Reference value :  1.09789e-03
 Reference value :  1.11789e-03
 Reference value :  1.13789e-03
 Reference value :  1.15789e-03
 Reference value :  1.17789e-03
 Reference value :  1.19289e-03
 Reference value :  1.21289e-03
 Reference value :  1.23289e-03
 Reference value :  1.25289e-03
 Reference value :  1.27789e-03
 Reference value :  1.30289e-03
 Reference value :  1.32289e-03
 Reference value :  1.34289e-03
 Reference value :  1.35789e-03
 Reference value :  1.37789e-03
 Reference value :  1.39789e-03
 Reference value :  1.41789e-03
 Reference value :  1.43289e-03
 Reference value :  1.44789e-03
 Reference value :  1.46789e-03
 Reference value :  1.48789e-03
 Reference value :  1.50289e-03
 Reference value :  1.51789e-03
 Reference value :  1.53289e-03
 Reference value :  1.54789e-03
 Reference value :  1.56789e-03
 Reference value :  1.58789e-03
 Reference value :  1.60289e-03
 Reference value :  1.62289e-03
 Reference value :  1.65289e-03
 Reference value :  1.67789e-03
 Reference value :  1.69789e-03
 Reference value :  1.71289e-03
 Reference value :  1.73289e-03
 Reference value :  1.75289e-03
 Reference value :  1.76789e-03
 Reference value :  1.78789e-03
 Reference value :  1.80789e-03
 Reference value :  1.82789e-03
 Reference value :  1.84289e-03
 Reference value :  1.86289e-03
 Reference value :  1.88289e-03
 Reference value :  1.89789e-03
 Reference value :  1.91289e-03
 Reference value :  1.92789e-03
 Reference value :  1.94789e-03
 Reference value :  1.96289e-03
 Reference value :  1.97789e-03
 Reference value :  1.99289e-03
 Reference value :  2.00010e-03
 Reference value :  2.00030e-03
 Reference value :  2.00042e-03
 Reference value :  2.00052e-03
 Reference value :  2.00060e-03
 Reference value :  2.00063e-03
 Reference value :  2.00064e-03
 Reference value :  2.00066e-03
 Reference value :  2.00070e-03
 Reference value :  2.00074e-03
 Reference value :  2.00081e-03
 Reference value :  2.00089e-03
 Reference value :  2.00103e-03
 Reference value :  2.00133e-03
 Reference value :  2.00236e-03
 Reference value :  2.00957e-03
 Reference value :  2.02957e-03
 Reference value :  2.04457e-03
 Reference value :  2.05957e-03
 Reference value :  2.07457e-03
 Reference value :  2.09457e-03
 Reference value :  2.11457e-03
 Reference value :  2.13457e-03
 Reference value :  2.15457e-03
 Reference value :  2.17457e-03
 Reference value :  2.19457e-03
 Reference value :  2.21457e-03
 Reference value :  2.23457e-03
 Reference value :  2.25457e-03
 Reference value :  2.27457e-03
 Reference value :  2.29457e-03
 Reference value :  2.31457e-03
 Reference value :  2.33457e-03
 Reference value :  2.35457e-03
 Reference value :  2.37457e-03
 Reference value :  2.38957e-03
 Reference value :  2.41457e-03
 Reference value :  2.42957e-03
 Reference value :  2.44957e-03
 Reference value :  2.46457e-03
 Reference value :  2.48457e-03
 Reference value :  2.49957e-03
 Reference value :  2.51957e-03
 Reference value :  2.53957e-03
 Reference value :  2.55957e-03
 Reference value :  2.57957e-03
 Reference value :  2.59957e-03
 Reference value :  2.61957e-03
 Reference value :  2.63457e-03
 Reference value :  2.64957e-03
 Reference value :  2.66957e-03
 Reference value :  2.68457e-03
 Reference value :  2.70457e-03
 Reference value :  2.71957e-03
 Reference value :  2.73457e-03
 Reference value :  2.74957e-03
 Reference value :  2.76457e-03
 Reference value :  2.77957e-03
 Reference value :  2.79457e-03
 Reference value :  2.80957e-03
 Reference value :  2.82457e-03
 Reference value :  2.83957e-03
 Reference value :  2.85457e-03
 Reference value :  2.87457e-03
 Reference value :  2.88957e-03
 Reference value :  2.90457e-03
 Reference value :  2.91957e-03
 Reference value :  2.93457e-03
 Reference value :  2.94957e-03
 Reference value :  2.96457e-03
 Reference value :  2.98457e-03
 Reference value :  3.00457e-03
 Reference value :  3.01957e-03
 Reference value :  3.03457e-03
 Reference value :  3.05457e-03
 Reference value :  3.06957e-03
 Reference value :  3.08957e-03
 Reference value :  3.10957e-03
 Reference value :  3.12457e-03
 Reference value :  3.13957e-03
 Reference value :  3.15957e-03
 Reference value :  3.17957e-03
 Reference value :  3.19957e-03
 Reference value :  3.21457e-03
 Reference value :  3.23457e-03
 Reference value :  3.25457e-03
 Reference value :  3.27457e-03
 Reference value :  3.29457e-03
 Reference value :  3.31457e-03
 Reference value :  3.33457e-03
 Reference value :  3.34957e-03
 Reference value :  3.36957e-03
 Reference value :  3.38457e-03
 Reference value :  3.39957e-03
 Reference value :  3.41957e-03
 Reference value :  3.43457e-03
 Reference value :  3.44957e-03
 Reference value :  3.46957e-03
 Reference value :  3.48957e-03
 Reference value :  3.50957e-03
 Reference value :  3.52457e-03
 Reference value :  3.54457e-03
 Reference value :  3.56457e-03
 Reference value :  3.57957e-03
 Reference value :  3.59457e-03
 Reference value :  3.60957e-03
 Reference value :  3.62957e-03
 Reference value :  3.64957e-03
 Reference value :  3.66957e-03
 Reference value :  3.69457e-03
 Reference value :  3.71957e-03
 Reference value :  3.73957e-03
 Reference value :  3.75957e-03
 Reference value :  3.78457e-03
 Reference value :  3.80457e-03
 Reference value :  3.82457e-03
 Reference value :  3.84457e-03
 Reference value :  3.85957e-03
 Reference value :  3.87957e-03
 Reference value :  3.89457e-03
 Reference value :  3.90957e-03
 Reference value :  3.92957e-03
 Reference value :  3.94957e-03
 Reference value :  3.96457e-03
 Reference value :  3.97957e-03
 Reference value :  3.99457e-03
 Reference value :  4.01457e-03
 Reference value :  4.03457e-03
 Reference value :  4.05457e-03
 Reference value :  4.07457e-03
 Reference value :  4.09457e-03
 Reference value :  4.10957e-03
 Reference value :  4.12957e-03
 Reference value :  4.14957e-03
 Reference value :  4.16957e-03
 Reference value :  4.18457e-03
 Reference value :  4.20457e-03
 Reference value :  4.22457e-03
 Reference value :  4.24457e-03
 Reference value :  4.26457e-03
 Reference value :  4.28457e-03
 Reference value :  4.29957e-03
 Reference value :  4.31957e-03
 Reference value :  4.33957e-03
 Reference value :  4.35457e-03
 Reference value :  4.36957e-03
 Reference value :  4.38957e-03
 Reference value :  4.40957e-03
 Reference value :  4.42957e-03
 Reference value :  4.44457e-03
 Reference value :  4.45957e-03
 Reference value :  4.47957e-03
 Reference value :  4.49729e-03
No. of Data Rows : 963
vpre                =  1.81553e+00
iq_avg              =  -1.91129e-10 from=  3.50000e-03 to=  4.50000e-03
iq_worst            =  -7.40312e-10 at=  3.50457e-03
vhold               =  1.81433e+00
Doing analysis at TEMP = 27.000000 and TNOM = 27.000000

Using KLU as Direct Linear Solver
 Reference value :  0.00000e+00
No. of Data Rows : 1
Doing analysis at TEMP = 27.000000 and TNOM = 27.000000

Using KLU as Direct Linear Solver
 Reference value :  0.00000e+00
No. of Data Rows : 1
Doing analysis at TEMP = 27.000000 and TNOM = 27.000000

Using KLU as Direct Linear Solver
 Reference value :  0.00000e+00
No. of Data Rows : 1
meas_iq_shutdown_static_ua = 1.777179e-04
meas_iq_shutdown_after_edge_ua = 7.403125e-04
meas_iq_shutdown_after_edge_mean_ua = 1.911289e-04
meas_leak_vin_vout_ua = 1.170902e-04
meas_vout_pre_disable_v = 1.815534e+00
meas_vout_hold_2ms_v = 1.814329e+00
meas_vout_disabled_static_v = 3.655282e-04
meas_ivout_held_1v8_ua = 5.766383e-01
ngspice-46 done

# ==== ngspice stderr ====
Note: Starting dynamic gmin stepping
Note: Dynamic gmin stepping completed
Note: Starting dynamic gmin stepping
Note: Dynamic gmin stepping completed
Note: Starting dynamic gmin stepping
Note: Dynamic gmin stepping completed
Note: Starting dynamic gmin stepping
Note: Dynamic gmin stepping completed
