# corner: sf_-40c_2.97v
# process=sf temp=-40C supply=2.97V
# ngspice exit: 0
# wall clock: 89.1s (--timeout was 300s)
# result: PASS

# ==== deck (exact input given to ngspice) ====
| * enable-shutdown corner deck -- generated by sim/bin/corner-run.py, do not edit
| * corner: sf_-40c_2.97v
| .param vsup=2.97
| .option wnflag=1
| .temp -40
| .lib "/home/ubuntu/.volare/sky130A/libs.tech/combined/sky130.lib.spice" sf
| ** sch_path: sim/enable-shutdown/testbench/tb_enable_shutdown.sch
| **.subckt tb_enable_shutdown
| VVIN VIN 0 'vsup'
| .save i(vvin)
| VEN EN 0 dc 0 pwl(0 0 100u 0 101u 'vsup' 2m 'vsup' 2.001m 0 10 0)
| .save i(ven)
| VVREF VREF 0 1.2
| .save i(vvref)
| xldo VOUT VREF EN VIN ldo_3v3in_1v8out
| COUT VOUT VESR 1u m=1
| RESR VESR 0 10m m=1
| RLOAD VOUT 0 1e12 m=1
| RFORCE VOUT VF 1e12 m=1
| VFORCE VF 0 0
| .save i(vforce)
| **.ends
| 
| * expanding   symbol:  design/ldo_3v3in_1v8out.sym # of pins=4
| ** sym_path: design/ldo_3v3in_1v8out.sym
| ** sch_path: design/ldo_3v3in_1v8out.sch
| .subckt ldo_3v3in_1v8out VOUT VREF EN VIN
| *.ipin VIN
| *.ipin EN
| *.ipin VREF
| *.opin VOUT
| XR_BIAS VIN NB 0 sky130_fd_pr__res_high_po W=0.42 L=1500 mult=1 m=1
| XM_BIASN1 NB NB BIAS_ENN 0 sky130_fd_pr__nfet_g5v0d10v5 L=1 W=4 nf=1 ad=1.16 as=1.16 pd=8.58 ps=8.58 nrd=0.0725 nrs=0.0725 sa=0
| + sb=0 sd=0 mult=1 m=1
| XM_ENN BIAS_ENN EN 0 0 sky130_fd_pr__nfet_g5v0d10v5 L=0.5 W=10 nf=1 ad=2.9 as=2.9 pd=20.58 ps=20.58 nrd=0.029 nrs=0.029 sa=0 sb=0
| + sd=0 mult=1 m=1
| XM_BIASN2 BIASP NB BIAS_ENN 0 sky130_fd_pr__nfet_g5v0d10v5 L=1 W=4 nf=1 ad=1.16 as=1.16 pd=8.58 ps=8.58 nrd=0.0725 nrs=0.0725 sa=0
| + sb=0 sd=0 mult=1 m=1
| XM_BIASP1 BIASP BIASP VIN VIN sky130_fd_pr__pfet_g5v0d10v5 L=1 W=10 nf=2 ad=1.45 as=2.9 pd=10.58 ps=21.16 nrd=0.029 nrs=0.029 sa=0
| + sb=0 sd=0 mult=1 m=1
| XM_ENP2 BIASP EN VIN VIN sky130_fd_pr__pfet_g5v0d10v5 L=0.5 W=10 nf=1 ad=2.9 as=2.9 pd=20.58 ps=20.58 nrd=0.029 nrs=0.029 sa=0
| + sb=0 sd=0 mult=1 m=1
| XM_TAIL EA_TAIL BIASP VIN VIN sky130_fd_pr__pfet_g5v0d10v5 L=2 W=40 nf=8 ad=5.8 as=7.25 pd=42.32 ps=52.9 nrd=0.00725 nrs=0.00725
| + sa=0 sb=0 sd=0 mult=1 m=1
| XM_IN1 EA_D1 FB EA_TAIL VIN sky130_fd_pr__pfet_g5v0d10v5 L=2 W=10 nf=2 ad=1.45 as=2.9 pd=10.58 ps=21.16 nrd=0.029 nrs=0.029 sa=0
| + sb=0 sd=0 mult=1 m=1
| XM_IN2 EA_D2 VREF EA_TAIL VIN sky130_fd_pr__pfet_g5v0d10v5 L=2 W=10 nf=2 ad=1.45 as=2.9 pd=10.58 ps=21.16 nrd=0.029 nrs=0.029 sa=0
| + sb=0 sd=0 mult=1 m=1
| XM_MIR1 EA_D1 EA_D1 AMP_ENN 0 sky130_fd_pr__nfet_g5v0d10v5 L=4 W=10 nf=2 ad=1.45 as=2.9 pd=10.58 ps=21.16 nrd=0.029 nrs=0.029 sa=0
| + sb=0 sd=0 mult=1 m=1
| XM_MIR2 EA_OUT EA_D1 AMP_ENN 0 sky130_fd_pr__nfet_g5v0d10v5 L=4 W=10 nf=2 ad=1.45 as=2.9 pd=10.58 ps=21.16 nrd=0.029 nrs=0.029
| + sa=0 sb=0 sd=0 mult=1 m=1
| XM_ENN2 AMP_ENN EN 0 0 sky130_fd_pr__nfet_g5v0d10v5 L=0.5 W=10 nf=1 ad=2.9 as=2.9 pd=20.58 ps=20.58 nrd=0.029 nrs=0.029 sa=0 sb=0
| + sd=0 mult=1 m=1
| XM_ENP EA_OUT EN VIN VIN sky130_fd_pr__pfet_g5v0d10v5 L=0.5 W=10 nf=1 ad=2.9 as=2.9 pd=20.58 ps=20.58 nrd=0.029 nrs=0.029 sa=0
| + sb=0 sd=0 mult=1 m=1
| XM_MIR3 EA_D2 EA_D2 AMP_ENN 0 sky130_fd_pr__nfet_g5v0d10v5 L=4 W=10 nf=2 ad=1.45 as=2.9 pd=10.58 ps=21.16 nrd=0.029 nrs=0.029 sa=0
| + sb=0 sd=0 mult=1 m=1
| XM_MIR4 PB EA_D2 AMP_ENN 0 sky130_fd_pr__nfet_g5v0d10v5 L=4 W=10 nf=2 ad=1.45 as=2.9 pd=10.58 ps=21.16 nrd=0.029 nrs=0.029 sa=0
| + sb=0 sd=0 mult=1 m=1
| XM_MIRP1 PB PB VIN VIN sky130_fd_pr__pfet_g5v0d10v5 L=4 W=20 nf=4 ad=2.9 as=4.35 pd=21.16 ps=31.74 nrd=0.0145 nrs=0.0145 sa=0 sb=0
| + sd=0 mult=1 m=1
| XM_MIRP2 EA_OUT PB VIN VIN sky130_fd_pr__pfet_g5v0d10v5 L=4 W=20 nf=4 ad=2.9 as=4.35 pd=21.16 ps=31.74 nrd=0.0145 nrs=0.0145 sa=0
| + sb=0 sd=0 mult=1 m=1
| XM_ENP5 PB EN VIN VIN sky130_fd_pr__pfet_g5v0d10v5 L=0.5 W=2 nf=1 ad=0.58 as=0.58 pd=4.58 ps=4.58 nrd=0.145 nrs=0.145 sa=0 sb=0
| + sd=0 mult=1 m=1
| XM_PASS VOUT EA_OUT VIN VIN sky130_fd_pr__pfet_g5v0d10v5 L=0.5 W=100 nf=25 ad=15.08 as=15.08 pd=111.54 ps=111.54 nrd=0.0029
| + nrs=0.0029 sa=0 sb=0 sd=0 mult=25 m=25
| C_COMP VOUT EA_CZ 150p m=1
| XR_CZ EA_CZ EA_OUT 0 sky130_fd_pr__res_xhigh_po W=0.42 L=52 mult=1 m=1
| XR_FB_A VOUT FB 0 sky130_fd_pr__res_xhigh_po W=0.42 L=180 mult=1 m=1
| XR_FB_B FB N_FBB 0 sky130_fd_pr__res_xhigh_po W=0.42 L=180 mult=1 m=1
| XR_FB_C N_FBB 0 0 sky130_fd_pr__res_xhigh_po W=0.42 L=180 mult=1 m=1
| XM_SENSE CL_SNS EA_OUT VIN VIN sky130_fd_pr__pfet_g5v0d10v5 L=0.5 W=0.42 nf=1 ad=0.1218 as=0.1218 pd=1.42 ps=1.42
| + nrd=0.69047619047619 nrs=0.69047619047619 sa=0 sb=0 sd=0 mult=1 m=1
| XM_CLN1 CL_SNS CL_SNS AMP_ENN 0 sky130_fd_pr__nfet_g5v0d10v5 L=1 W=20 nf=1 ad=5.8 as=5.8 pd=40.58 ps=40.58 nrd=0.0145 nrs=0.0145
| + sa=0 sb=0 sd=0 mult=1 m=1
| XM_CLN2 CL_CMP CL_SNS AMP_ENN 0 sky130_fd_pr__nfet_g5v0d10v5 L=1 W=1.6 nf=1 ad=0.464 as=0.464 pd=3.78 ps=3.78 nrd=0.18125
| + nrs=0.18125 sa=0 sb=0 sd=0 mult=1 m=1
| XM_CLP CL_CMP BIASP VIN VIN sky130_fd_pr__pfet_g5v0d10v5 L=1 W=10 nf=2 ad=1.45 as=2.9 pd=10.58 ps=21.16 nrd=0.029 nrs=0.029 sa=0
| + sb=0 sd=0 mult=1 m=1
| XM_CLIM EA_OUT CL_CMP VIN VIN sky130_fd_pr__pfet_g5v0d10v5 L=0.5 W=20 nf=4 ad=2.9 as=4.35 pd=21.16 ps=31.74 nrd=0.0145 nrs=0.0145
| + sa=0 sb=0 sd=0 mult=1 m=1
| XM_ENP3 CL_CMP EN VIN VIN sky130_fd_pr__pfet_g5v0d10v5 L=0.5 W=2 nf=1 ad=0.58 as=0.58 pd=4.58 ps=4.58 nrd=0.145 nrs=0.145 sa=0
| + sb=0 sd=0 mult=1 m=1
| C_CL VIN CL_CMP 1p m=1
| XM_INVP ENB EN VIN VIN sky130_fd_pr__pfet_g5v0d10v5 L=0.5 W=2 nf=1 ad=0.58 as=0.58 pd=4.58 ps=4.58 nrd=0.145 nrs=0.145 sa=0 sb=0
| + sd=0 mult=1 m=1
| XM_INVN ENB EN 0 0 sky130_fd_pr__nfet_g5v0d10v5 L=0.5 W=1 nf=1 ad=0.29 as=0.29 pd=2.58 ps=2.58 nrd=0.29 nrs=0.29 sa=0 sb=0 sd=0
| + mult=1 m=1
| XM_SSDIS SS ENB 0 0 sky130_fd_pr__nfet_g5v0d10v5 L=0.5 W=2 nf=1 ad=0.58 as=0.58 pd=4.58 ps=4.58 nrd=0.145 nrs=0.145 sa=0 sb=0 sd=0
| + mult=1 m=1
| XM_SSCHG SS BIASP VIN VIN sky130_fd_pr__pfet_g5v0d10v5 L=8 W=1 nf=1 ad=0.29 as=0.29 pd=2.58 ps=2.58 nrd=0.29 nrs=0.29 sa=0 sb=0
| + sd=0 mult=1 m=1
| C_SS SS 0 10p m=1
| XM_IN2S EA_D2 SS EA_TAIL VIN sky130_fd_pr__pfet_g5v0d10v5 L=2 W=10 nf=2 ad=1.45 as=2.9 pd=10.58 ps=21.16 nrd=0.029 nrs=0.029 sa=0
| + sb=0 sd=0 mult=1 m=1
| XM_TSPS TS_SNS BIASP VIN VIN sky130_fd_pr__pfet_g5v0d10v5 L=1 W=2.5 nf=1 ad=0.725 as=0.725 pd=5.58 ps=5.58 nrd=0.116 nrs=0.116
| + sa=0 sb=0 sd=0 mult=1 m=1
| XM_TSD1 TS_SNS TS_SNS TS_MID 0 sky130_fd_pr__nfet_g5v0d10v5 L=1 W=80 nf=16 ad=11.6 as=13.05 pd=84.64 ps=95.22 nrd=0.003625
| + nrs=0.003625 sa=0 sb=0 sd=0 mult=1 m=1
| XM_TSD2 TS_MID TS_MID AMP_ENN 0 sky130_fd_pr__nfet_g5v0d10v5 L=1 W=80 nf=16 ad=11.6 as=13.05 pd=84.64 ps=95.22 nrd=0.003625
| + nrs=0.003625 sa=0 sb=0 sd=0 mult=1 m=1
| XM_TSPR TS_REF BIASP VIN VIN sky130_fd_pr__pfet_g5v0d10v5 L=1 W=2.5 nf=1 ad=0.725 as=0.725 pd=5.58 ps=5.58 nrd=0.116 nrs=0.116
| + sa=0 sb=0 sd=0 mult=1 m=1
| XM_TSR1 TS_REF TS_REF AMP_ENN 0 sky130_fd_pr__nfet_g5v0d10v5 L=10 W=2 nf=1 ad=0.58 as=0.58 pd=4.58 ps=4.58 nrd=0.145 nrs=0.145
| + sa=0 sb=0 sd=0 mult=1 m=1
| XM_TCTAIL TC_TAIL NB AMP_ENN 0 sky130_fd_pr__nfet_g5v0d10v5 L=1 W=1 nf=1 ad=0.29 as=0.29 pd=2.58 ps=2.58 nrd=0.29 nrs=0.29 sa=0
| + sb=0 sd=0 mult=1 m=1
| XM_TCN1 TC_D1 TS_SNS TC_TAIL 0 sky130_fd_pr__nfet_g5v0d10v5 L=2 W=10 nf=2 ad=1.45 as=2.9 pd=10.58 ps=21.16 nrd=0.029 nrs=0.029
| + sa=0 sb=0 sd=0 mult=1 m=1
| XM_TCN2 TS_CMP TS_REF TC_TAIL 0 sky130_fd_pr__nfet_g5v0d10v5 L=2 W=10 nf=2 ad=1.45 as=2.9 pd=10.58 ps=21.16 nrd=0.029 nrs=0.029
| + sa=0 sb=0 sd=0 mult=1 m=1
| XM_TCP1 TC_D1 TC_D1 VIN VIN sky130_fd_pr__pfet_g5v0d10v5 L=2 W=10 nf=2 ad=1.45 as=2.9 pd=10.58 ps=21.16 nrd=0.029 nrs=0.029 sa=0
| + sb=0 sd=0 mult=1 m=1
| XM_TCP2 TS_CMP TC_D1 VIN VIN sky130_fd_pr__pfet_g5v0d10v5 L=2 W=10 nf=2 ad=1.45 as=2.9 pd=10.58 ps=21.16 nrd=0.029 nrs=0.029 sa=0
| + sb=0 sd=0 mult=1 m=1
| XM_TSHUT EA_OUT TS_CMP VIN VIN sky130_fd_pr__pfet_g5v0d10v5 L=0.5 W=20 nf=4 ad=2.9 as=4.35 pd=21.16 ps=31.74 nrd=0.0145 nrs=0.0145
| + sa=0 sb=0 sd=0 mult=1 m=1
| XM_TSHYSB TS_HYS BIASP VIN VIN sky130_fd_pr__pfet_g5v0d10v5 L=2 W=1.5 nf=1 ad=0.435 as=0.435 pd=3.58 ps=3.58 nrd=0.193333333333333
| + nrs=0.193333333333333 sa=0 sb=0 sd=0 mult=1 m=1
| XM_TSHYS TS_REF TS_CMP TS_HYS VIN sky130_fd_pr__pfet_g5v0d10v5 L=0.5 W=2 nf=1 ad=0.58 as=0.58 pd=4.58 ps=4.58 nrd=0.145 nrs=0.145
| + sa=0 sb=0 sd=0 mult=1 m=1
| XM_ENP4 TS_CMP EN VIN VIN sky130_fd_pr__pfet_g5v0d10v5 L=0.5 W=2 nf=1 ad=0.58 as=0.58 pd=4.58 ps=4.58 nrd=0.145 nrs=0.145 sa=0
| + sb=0 sd=0 mult=1 m=1
| C_TS VIN TS_CMP 1p m=1
| .ends
| 
| .control
| save all
| * --- leg 1: full cycle -- EN rises at t=100us, block regulates, EN falls at t=2ms ---
| tran 5u 4.5m
| meas tran vpre find v(vout) at=1.9m
| meas tran iq_avg avg i(vvin) from=3.5m to=4.5m
| meas tran iq_worst min i(vvin) from=3.5m to=4.5m
| meas tran vhold find v(vout) at=4m
| * --- leg 2: static disabled state, output free-floating ---
| op
| * --- leg 3: static disabled state, VOUT forced to 0 V (Vin->Vout leakage) ---
| alter rforce = 1m
| op
| * --- leg 4: static disabled state, VOUT held at the 1.8 V nominal output ---
| alter vforce = 1.8
| op
| let meas_iq_shutdown_static_ua = -1e6*op1.i(vvin)
| let meas_iq_shutdown_after_edge_ua = -1e6*tran1.iq_worst
| let meas_iq_shutdown_after_edge_mean_ua = -1e6*tran1.iq_avg
| let meas_leak_vin_vout_ua = 1e6*op2.i(vforce)
| let meas_vout_pre_disable_v = tran1.vpre
| let meas_vout_hold_2ms_v = tran1.vhold
| let meas_vout_disabled_static_v = op1.v(vout)
| let meas_ivout_held_1v8_ua = -1e6*op3.i(vforce)
| print meas_iq_shutdown_static_ua
| print meas_iq_shutdown_after_edge_ua
| print meas_iq_shutdown_after_edge_mean_ua
| print meas_leak_vin_vout_ua
| print meas_vout_pre_disable_v
| print meas_vout_hold_2ms_v
| print meas_vout_disabled_static_v
| print meas_ivout_held_1v8_ua
| quit
| .endc
| .end

# ==== ngspice stdout ====

Note: Compatibility modes selected: hs a


Circuit: * enable-shutdown corner deck -- generated by sim/bin/corner-run.py, do not edit

option SCALE: Scale is set to 1e-06 for instance and model parameters
option SCALE: Scale is set to 1e-06 for instance and model parameters
option SCALE: Scale is set to 1e-06 for instance and model parameters
option SCALE: Scale is set to 1e-06 for instance and model parameters
Doing analysis at TEMP = -40.000000 and TNOM = 27.000000

Using KLU as Direct Linear Solver
 Reference value :  0.00000e+00
 Reference value :  4.00000e-07
 Reference value :  6.40000e-06
 Reference value :  2.64000e-05
 Reference value :  5.14000e-05
 Reference value :  7.14000e-05
 Reference value :  8.64000e-05
 Reference value :  1.00000e-04
 Reference value :  1.00300e-04
 Reference value :  1.00411e-04
 Reference value :  1.00515e-04
 Reference value :  1.00606e-04
 Reference value :  1.00763e-04
 Reference value :  1.00811e-04
 Reference value :  1.00899e-04
 Reference value :  1.00972e-04
 Reference value :  1.01005e-04
 Reference value :  1.01036e-04
 Reference value :  1.01258e-04
 Reference value :  1.02107e-04
 Reference value :  1.07883e-04
 Reference value :  1.22534e-04
 Reference value :  1.27534e-04
 Reference value :  1.37499e-04
 Reference value :  1.47499e-04
 Reference value :  1.57499e-04
 Reference value :  1.72499e-04
 Reference value :  1.87499e-04
 Reference value :  2.02499e-04
 Reference value :  2.17499e-04
 Reference value :  2.32499e-04
 Reference value :  2.47499e-04
 Reference value :  2.57499e-04
 Reference value :  2.67499e-04
 Reference value :  2.82499e-04
 Reference value :  2.92499e-04
 Reference value :  3.07499e-04
 Reference value :  3.22499e-04
 Reference value :  3.37499e-04
 Reference value :  3.47499e-04
 Reference value :  3.57499e-04
 Reference value :  3.72499e-04
 Reference value :  3.87499e-04
 Reference value :  4.02499e-04
 Reference value :  4.17499e-04
 Reference value :  4.32499e-04
 Reference value :  4.47499e-04
 Reference value :  4.62499e-04
 Reference value :  4.77499e-04
 Reference value :  4.92499e-04
 Reference value :  5.07499e-04
 Reference value :  5.17499e-04
 Reference value :  5.32499e-04
 Reference value :  5.42499e-04
 Reference value :  5.57499e-04
 Reference value :  5.72499e-04
 Reference value :  5.87499e-04
 Reference value :  6.02499e-04
 Reference value :  6.17499e-04
 Reference value :  6.32499e-04
 Reference value :  6.47499e-04
 Reference value :  6.57499e-04
 Reference value :  6.72499e-04
 Reference value :  6.87499e-04
 Reference value :  7.02499e-04
 Reference value :  7.22499e-04
 Reference value :  7.42499e-04
 Reference value :  7.62499e-04
 Reference value :  7.82499e-04
 Reference value :  8.02499e-04
 Reference value :  8.22499e-04
 Reference value :  8.42499e-04
 Reference value :  8.62499e-04
 Reference value :  8.82499e-04
 Reference value :  9.02499e-04
 Reference value :  9.22499e-04
 Reference value :  9.42499e-04
 Reference value :  9.62499e-04
 Reference value :  9.82499e-04
 Reference value :  1.00250e-03
 Reference value :  1.02250e-03
 Reference value :  1.03750e-03
 Reference value :  1.05250e-03
 Reference value :  1.07250e-03
 Reference value :  1.09250e-03
 Reference value :  1.11250e-03
 Reference value :  1.12750e-03
 Reference value :  1.14750e-03
 Reference value :  1.16750e-03
 Reference value :  1.18750e-03
 Reference value :  1.20250e-03
 Reference value :  1.22250e-03
 Reference value :  1.24250e-03
 Reference value :  1.26250e-03
 Reference value :  1.28250e-03
 Reference value :  1.29750e-03
 Reference value :  1.31250e-03
 Reference value :  1.32750e-03
 Reference value :  1.34750e-03
 Reference value :  1.36250e-03
 Reference value :  1.37750e-03
 Reference value :  1.39750e-03
 Reference value :  1.41750e-03
 Reference value :  1.43250e-03
 Reference value :  1.45250e-03
 Reference value :  1.47250e-03
 Reference value :  1.49250e-03
 Reference value :  1.50750e-03
 Reference value :  1.52750e-03
 Reference value :  1.54750e-03
 Reference value :  1.56750e-03
 Reference value :  1.58250e-03
 Reference value :  1.59750e-03
 Reference value :  1.61750e-03
 Reference value :  1.63750e-03
 Reference value :  1.65750e-03
 Reference value :  1.67250e-03
 Reference value :  1.68750e-03
 Reference value :  1.70750e-03
 Reference value :  1.72750e-03
 Reference value :  1.74250e-03
 Reference value :  1.76250e-03
 Reference value :  1.78250e-03
 Reference value :  1.80250e-03
 Reference value :  1.82250e-03
 Reference value :  1.84250e-03
 Reference value :  1.86250e-03
 Reference value :  1.88250e-03
 Reference value :  1.90250e-03
 Reference value :  1.91750e-03
 Reference value :  1.93250e-03
 Reference value :  1.94750e-03
 Reference value :  1.97250e-03
 Reference value :  1.99250e-03
 Reference value :  2.00030e-03
 Reference value :  2.00050e-03
 Reference value :  2.00064e-03
 Reference value :  2.00076e-03
 Reference value :  2.00085e-03
 Reference value :  2.00091e-03
 Reference value :  2.00096e-03
 Reference value :  2.00097e-03
 Reference value :  2.00098e-03
 Reference value :  2.00100e-03
 Reference value :  2.00104e-03
 Reference value :  2.00127e-03
 Reference value :  2.00302e-03
 Reference value :  2.01403e-03
 Reference value :  2.03403e-03
 Reference value :  2.05403e-03
 Reference value :  2.07403e-03
 Reference value :  2.09403e-03
 Reference value :  2.11403e-03
 Reference value :  2.12903e-03
 Reference value :  2.14903e-03
 Reference value :  2.16903e-03
 Reference value :  2.18403e-03
 Reference value :  2.20403e-03
 Reference value :  2.22403e-03
 Reference value :  2.23903e-03
 Reference value :  2.25903e-03
 Reference value :  2.27403e-03
 Reference value :  2.29403e-03
 Reference value :  2.31403e-03
 Reference value :  2.32903e-03
 Reference value :  2.34903e-03
 Reference value :  2.36403e-03
 Reference value :  2.37903e-03
 Reference value :  2.39403e-03
 Reference value :  2.40903e-03
 Reference value :  2.42403e-03
 Reference value :  2.43903e-03
 Reference value :  2.45903e-03
 Reference value :  2.47903e-03
 Reference value :  2.49903e-03
 Reference value :  2.51903e-03
 Reference value :  2.53903e-03
 Reference value :  2.55903e-03
 Reference value :  2.57903e-03
 Reference value :  2.59903e-03
 Reference value :  2.61903e-03
 Reference value :  2.63903e-03
 Reference value :  2.66403e-03
 Reference value :  2.68403e-03
 Reference value :  2.70403e-03
 Reference value :  2.72403e-03
 Reference value :  2.74403e-03
 Reference value :  2.76403e-03
 Reference value :  2.78403e-03
 Reference value :  2.79903e-03
 Reference value :  2.81903e-03
 Reference value :  2.83903e-03
 Reference value :  2.85403e-03
 Reference value :  2.87403e-03
 Reference value :  2.88903e-03
 Reference value :  2.90903e-03
 Reference value :  2.93403e-03
 Reference value :  2.95403e-03
 Reference value :  2.97403e-03
 Reference value :  2.99403e-03
 Reference value :  3.01403e-03
 Reference value :  3.03403e-03
 Reference value :  3.05403e-03
 Reference value :  3.07403e-03
 Reference value :  3.09403e-03
 Reference value :  3.11403e-03
 Reference value :  3.13403e-03
 Reference value :  3.15903e-03
 Reference value :  3.17903e-03
 Reference value :  3.20403e-03
 Reference value :  3.22403e-03
 Reference value :  3.24403e-03
 Reference value :  3.25903e-03
 Reference value :  3.27903e-03
 Reference value :  3.29903e-03
 Reference value :  3.31903e-03
 Reference value :  3.33903e-03
 Reference value :  3.35903e-03
 Reference value :  3.37903e-03
 Reference value :  3.39903e-03
 Reference value :  3.41903e-03
 Reference value :  3.43903e-03
 Reference value :  3.45903e-03
 Reference value :  3.47903e-03
 Reference value :  3.49903e-03
 Reference value :  3.51903e-03
 Reference value :  3.53903e-03
 Reference value :  3.55903e-03
 Reference value :  3.57903e-03
 Reference value :  3.59903e-03
 Reference value :  3.61903e-03
 Reference value :  3.63903e-03
 Reference value :  3.65903e-03
 Reference value :  3.67903e-03
 Reference value :  3.69403e-03
 Reference value :  3.71403e-03
 Reference value :  3.73403e-03
 Reference value :  3.75403e-03
 Reference value :  3.77403e-03
 Reference value :  3.79403e-03
 Reference value :  3.80903e-03
 Reference value :  3.82403e-03
 Reference value :  3.83903e-03
 Reference value :  3.85403e-03
 Reference value :  3.87403e-03
 Reference value :  3.89403e-03
 Reference value :  3.91403e-03
 Reference value :  3.93403e-03
 Reference value :  3.95403e-03
 Reference value :  3.97403e-03
 Reference value :  3.99403e-03
 Reference value :  4.01403e-03
 Reference value :  4.03403e-03
 Reference value :  4.04903e-03
 Reference value :  4.06403e-03
 Reference value :  4.08403e-03
 Reference value :  4.10403e-03
 Reference value :  4.12403e-03
 Reference value :  4.14403e-03
 Reference value :  4.16403e-03
 Reference value :  4.17903e-03
 Reference value :  4.19403e-03
 Reference value :  4.21403e-03
 Reference value :  4.23403e-03
 Reference value :  4.25403e-03
 Reference value :  4.27403e-03
 Reference value :  4.29403e-03
 Reference value :  4.31403e-03
 Reference value :  4.33403e-03
 Reference value :  4.35403e-03
 Reference value :  4.37403e-03
 Reference value :  4.39403e-03
 Reference value :  4.41903e-03
 Reference value :  4.43903e-03
 Reference value :  4.45403e-03
 Reference value :  4.46903e-03
 Reference value :  4.48903e-03
No. of Data Rows : 960
vpre                =  1.80909e+00
iq_avg              =  -1.72991e-10 from=  3.50000e-03 to=  4.50000e-03
iq_worst            =  -1.45676e-09 at=  4.49702e-03
vhold               =  1.80791e+00
Doing analysis at TEMP = -40.000000 and TNOM = 27.000000

Using KLU as Direct Linear Solver
 Reference value :  0.00000e+00
No. of Data Rows : 1
Doing analysis at TEMP = -40.000000 and TNOM = 27.000000

Using KLU as Direct Linear Solver
 Reference value :  0.00000e+00
No. of Data Rows : 1
Doing analysis at TEMP = -40.000000 and TNOM = 27.000000

Using KLU as Direct Linear Solver
 Reference value :  0.00000e+00
No. of Data Rows : 1
meas_iq_shutdown_static_ua = 1.319908e-04
meas_iq_shutdown_after_edge_ua = 1.456761e-03
meas_iq_shutdown_after_edge_mean_ua = 1.729910e-04
meas_leak_vin_vout_ua = 7.425006e-05
meas_vout_pre_disable_v = 1.809094e+00
meas_vout_hold_2ms_v = 1.807909e+00
meas_vout_disabled_static_v = 2.318103e-04
meas_ivout_held_1v8_ua = 5.766567e-01
ngspice-46 done

# ==== ngspice stderr ====
Note: Starting dynamic gmin stepping
Warning: Dynamic gmin stepping failed
Note: Starting true gmin stepping
Note: True gmin stepping completed
Note: Starting dynamic gmin stepping
Warning: Dynamic gmin stepping failed
Note: Starting true gmin stepping
Note: True gmin stepping completed
Note: Starting dynamic gmin stepping
Warning: Dynamic gmin stepping failed
Note: Starting true gmin stepping
Note: True gmin stepping completed
Note: Starting dynamic gmin stepping
Note: Dynamic gmin stepping completed
