# corner: sf_-40c_3.63v
# process=sf temp=-40C supply=3.63V
# ngspice exit: 0
# wall clock: 88.7s (--timeout was 300s)
# result: PASS

# ==== deck (exact input given to ngspice) ====
| * enable-shutdown corner deck -- generated by sim/bin/corner-run.py, do not edit
| * corner: sf_-40c_3.63v
| .param vsup=3.63
| .option wnflag=1
| .temp -40
| .lib "/home/ubuntu/.volare/sky130A/libs.tech/combined/sky130.lib.spice" sf
| ** sch_path: sim/enable-shutdown/testbench/tb_enable_shutdown.sch
| **.subckt tb_enable_shutdown
| VVIN VIN 0 'vsup'
| .save i(vvin)
| VEN EN 0 dc 0 pwl(0 0 100u 0 101u 'vsup' 2m 'vsup' 2.001m 0 10 0)
| .save i(ven)
| VVREF VREF 0 1.2
| .save i(vvref)
| xldo VOUT VREF EN VIN ldo_3v3in_1v8out
| COUT VOUT VESR 1u m=1
| RESR VESR 0 10m m=1
| RLOAD VOUT 0 1e12 m=1
| RFORCE VOUT VF 1e12 m=1
| VFORCE VF 0 0
| .save i(vforce)
| **.ends
| 
| * expanding   symbol:  design/ldo_3v3in_1v8out.sym # of pins=4
| ** sym_path: design/ldo_3v3in_1v8out.sym
| ** sch_path: design/ldo_3v3in_1v8out.sch
| .subckt ldo_3v3in_1v8out VOUT VREF EN VIN
| *.ipin VIN
| *.ipin EN
| *.ipin VREF
| *.opin VOUT
| XR_BIAS VIN NB 0 sky130_fd_pr__res_high_po W=0.42 L=1500 mult=1 m=1
| XM_BIASN1 NB NB BIAS_ENN 0 sky130_fd_pr__nfet_g5v0d10v5 L=1 W=4 nf=1 ad=1.16 as=1.16 pd=8.58 ps=8.58 nrd=0.0725 nrs=0.0725 sa=0
| + sb=0 sd=0 mult=1 m=1
| XM_ENN BIAS_ENN EN 0 0 sky130_fd_pr__nfet_g5v0d10v5 L=0.5 W=10 nf=1 ad=2.9 as=2.9 pd=20.58 ps=20.58 nrd=0.029 nrs=0.029 sa=0 sb=0
| + sd=0 mult=1 m=1
| XM_BIASN2 BIASP NB BIAS_ENN 0 sky130_fd_pr__nfet_g5v0d10v5 L=1 W=4 nf=1 ad=1.16 as=1.16 pd=8.58 ps=8.58 nrd=0.0725 nrs=0.0725 sa=0
| + sb=0 sd=0 mult=1 m=1
| XM_BIASP1 BIASP BIASP VIN VIN sky130_fd_pr__pfet_g5v0d10v5 L=1 W=10 nf=2 ad=1.45 as=2.9 pd=10.58 ps=21.16 nrd=0.029 nrs=0.029 sa=0
| + sb=0 sd=0 mult=1 m=1
| XM_ENP2 BIASP EN VIN VIN sky130_fd_pr__pfet_g5v0d10v5 L=0.5 W=10 nf=1 ad=2.9 as=2.9 pd=20.58 ps=20.58 nrd=0.029 nrs=0.029 sa=0
| + sb=0 sd=0 mult=1 m=1
| XM_TAIL EA_TAIL BIASP VIN VIN sky130_fd_pr__pfet_g5v0d10v5 L=2 W=40 nf=8 ad=5.8 as=7.25 pd=42.32 ps=52.9 nrd=0.00725 nrs=0.00725
| + sa=0 sb=0 sd=0 mult=1 m=1
| XM_IN1 EA_D1 FB EA_TAIL VIN sky130_fd_pr__pfet_g5v0d10v5 L=2 W=10 nf=2 ad=1.45 as=2.9 pd=10.58 ps=21.16 nrd=0.029 nrs=0.029 sa=0
| + sb=0 sd=0 mult=1 m=1
| XM_IN2 EA_D2 VREF EA_TAIL VIN sky130_fd_pr__pfet_g5v0d10v5 L=2 W=10 nf=2 ad=1.45 as=2.9 pd=10.58 ps=21.16 nrd=0.029 nrs=0.029 sa=0
| + sb=0 sd=0 mult=1 m=1
| XM_MIR1 EA_D1 EA_D1 AMP_ENN 0 sky130_fd_pr__nfet_g5v0d10v5 L=4 W=10 nf=2 ad=1.45 as=2.9 pd=10.58 ps=21.16 nrd=0.029 nrs=0.029 sa=0
| + sb=0 sd=0 mult=1 m=1
| XM_MIR2 EA_OUT EA_D1 AMP_ENN 0 sky130_fd_pr__nfet_g5v0d10v5 L=4 W=10 nf=2 ad=1.45 as=2.9 pd=10.58 ps=21.16 nrd=0.029 nrs=0.029
| + sa=0 sb=0 sd=0 mult=1 m=1
| XM_ENN2 AMP_ENN EN 0 0 sky130_fd_pr__nfet_g5v0d10v5 L=0.5 W=10 nf=1 ad=2.9 as=2.9 pd=20.58 ps=20.58 nrd=0.029 nrs=0.029 sa=0 sb=0
| + sd=0 mult=1 m=1
| XM_ENP EA_OUT EN VIN VIN sky130_fd_pr__pfet_g5v0d10v5 L=0.5 W=10 nf=1 ad=2.9 as=2.9 pd=20.58 ps=20.58 nrd=0.029 nrs=0.029 sa=0
| + sb=0 sd=0 mult=1 m=1
| XM_MIR3 EA_D2 EA_D2 AMP_ENN 0 sky130_fd_pr__nfet_g5v0d10v5 L=4 W=10 nf=2 ad=1.45 as=2.9 pd=10.58 ps=21.16 nrd=0.029 nrs=0.029 sa=0
| + sb=0 sd=0 mult=1 m=1
| XM_MIR4 PB EA_D2 AMP_ENN 0 sky130_fd_pr__nfet_g5v0d10v5 L=4 W=10 nf=2 ad=1.45 as=2.9 pd=10.58 ps=21.16 nrd=0.029 nrs=0.029 sa=0
| + sb=0 sd=0 mult=1 m=1
| XM_MIRP1 PB PB VIN VIN sky130_fd_pr__pfet_g5v0d10v5 L=4 W=20 nf=4 ad=2.9 as=4.35 pd=21.16 ps=31.74 nrd=0.0145 nrs=0.0145 sa=0 sb=0
| + sd=0 mult=1 m=1
| XM_MIRP2 EA_OUT PB VIN VIN sky130_fd_pr__pfet_g5v0d10v5 L=4 W=20 nf=4 ad=2.9 as=4.35 pd=21.16 ps=31.74 nrd=0.0145 nrs=0.0145 sa=0
| + sb=0 sd=0 mult=1 m=1
| XM_ENP5 PB EN VIN VIN sky130_fd_pr__pfet_g5v0d10v5 L=0.5 W=2 nf=1 ad=0.58 as=0.58 pd=4.58 ps=4.58 nrd=0.145 nrs=0.145 sa=0 sb=0
| + sd=0 mult=1 m=1
| XM_PASS VOUT EA_OUT VIN VIN sky130_fd_pr__pfet_g5v0d10v5 L=0.5 W=100 nf=25 ad=15.08 as=15.08 pd=111.54 ps=111.54 nrd=0.0029
| + nrs=0.0029 sa=0 sb=0 sd=0 mult=25 m=25
| C_COMP VOUT EA_CZ 150p m=1
| XR_CZ EA_CZ EA_OUT 0 sky130_fd_pr__res_xhigh_po W=0.42 L=52 mult=1 m=1
| XR_FB_A VOUT FB 0 sky130_fd_pr__res_xhigh_po W=0.42 L=180 mult=1 m=1
| XR_FB_B FB N_FBB 0 sky130_fd_pr__res_xhigh_po W=0.42 L=180 mult=1 m=1
| XR_FB_C N_FBB 0 0 sky130_fd_pr__res_xhigh_po W=0.42 L=180 mult=1 m=1
| XM_SENSE CL_SNS EA_OUT VIN VIN sky130_fd_pr__pfet_g5v0d10v5 L=0.5 W=0.42 nf=1 ad=0.1218 as=0.1218 pd=1.42 ps=1.42
| + nrd=0.69047619047619 nrs=0.69047619047619 sa=0 sb=0 sd=0 mult=1 m=1
| XM_CLN1 CL_SNS CL_SNS AMP_ENN 0 sky130_fd_pr__nfet_g5v0d10v5 L=1 W=20 nf=1 ad=5.8 as=5.8 pd=40.58 ps=40.58 nrd=0.0145 nrs=0.0145
| + sa=0 sb=0 sd=0 mult=1 m=1
| XM_CLN2 CL_CMP CL_SNS AMP_ENN 0 sky130_fd_pr__nfet_g5v0d10v5 L=1 W=1.6 nf=1 ad=0.464 as=0.464 pd=3.78 ps=3.78 nrd=0.18125
| + nrs=0.18125 sa=0 sb=0 sd=0 mult=1 m=1
| XM_CLP CL_CMP BIASP VIN VIN sky130_fd_pr__pfet_g5v0d10v5 L=1 W=10 nf=2 ad=1.45 as=2.9 pd=10.58 ps=21.16 nrd=0.029 nrs=0.029 sa=0
| + sb=0 sd=0 mult=1 m=1
| XM_CLIM EA_OUT CL_CMP VIN VIN sky130_fd_pr__pfet_g5v0d10v5 L=0.5 W=20 nf=4 ad=2.9 as=4.35 pd=21.16 ps=31.74 nrd=0.0145 nrs=0.0145
| + sa=0 sb=0 sd=0 mult=1 m=1
| XM_ENP3 CL_CMP EN VIN VIN sky130_fd_pr__pfet_g5v0d10v5 L=0.5 W=2 nf=1 ad=0.58 as=0.58 pd=4.58 ps=4.58 nrd=0.145 nrs=0.145 sa=0
| + sb=0 sd=0 mult=1 m=1
| C_CL VIN CL_CMP 1p m=1
| XM_INVP ENB EN VIN VIN sky130_fd_pr__pfet_g5v0d10v5 L=0.5 W=2 nf=1 ad=0.58 as=0.58 pd=4.58 ps=4.58 nrd=0.145 nrs=0.145 sa=0 sb=0
| + sd=0 mult=1 m=1
| XM_INVN ENB EN 0 0 sky130_fd_pr__nfet_g5v0d10v5 L=0.5 W=1 nf=1 ad=0.29 as=0.29 pd=2.58 ps=2.58 nrd=0.29 nrs=0.29 sa=0 sb=0 sd=0
| + mult=1 m=1
| XM_SSDIS SS ENB 0 0 sky130_fd_pr__nfet_g5v0d10v5 L=0.5 W=2 nf=1 ad=0.58 as=0.58 pd=4.58 ps=4.58 nrd=0.145 nrs=0.145 sa=0 sb=0 sd=0
| + mult=1 m=1
| XM_SSCHG SS BIASP VIN VIN sky130_fd_pr__pfet_g5v0d10v5 L=8 W=1 nf=1 ad=0.29 as=0.29 pd=2.58 ps=2.58 nrd=0.29 nrs=0.29 sa=0 sb=0
| + sd=0 mult=1 m=1
| C_SS SS 0 10p m=1
| XM_IN2S EA_D2 SS EA_TAIL VIN sky130_fd_pr__pfet_g5v0d10v5 L=2 W=10 nf=2 ad=1.45 as=2.9 pd=10.58 ps=21.16 nrd=0.029 nrs=0.029 sa=0
| + sb=0 sd=0 mult=1 m=1
| XM_TSPS TS_SNS BIASP VIN VIN sky130_fd_pr__pfet_g5v0d10v5 L=1 W=2.5 nf=1 ad=0.725 as=0.725 pd=5.58 ps=5.58 nrd=0.116 nrs=0.116
| + sa=0 sb=0 sd=0 mult=1 m=1
| XM_TSD1 TS_SNS TS_SNS TS_MID 0 sky130_fd_pr__nfet_g5v0d10v5 L=1 W=80 nf=16 ad=11.6 as=13.05 pd=84.64 ps=95.22 nrd=0.003625
| + nrs=0.003625 sa=0 sb=0 sd=0 mult=1 m=1
| XM_TSD2 TS_MID TS_MID AMP_ENN 0 sky130_fd_pr__nfet_g5v0d10v5 L=1 W=80 nf=16 ad=11.6 as=13.05 pd=84.64 ps=95.22 nrd=0.003625
| + nrs=0.003625 sa=0 sb=0 sd=0 mult=1 m=1
| XM_TSPR TS_REF BIASP VIN VIN sky130_fd_pr__pfet_g5v0d10v5 L=1 W=2.5 nf=1 ad=0.725 as=0.725 pd=5.58 ps=5.58 nrd=0.116 nrs=0.116
| + sa=0 sb=0 sd=0 mult=1 m=1
| XM_TSR1 TS_REF TS_REF AMP_ENN 0 sky130_fd_pr__nfet_g5v0d10v5 L=10 W=2 nf=1 ad=0.58 as=0.58 pd=4.58 ps=4.58 nrd=0.145 nrs=0.145
| + sa=0 sb=0 sd=0 mult=1 m=1
| XM_TCTAIL TC_TAIL NB AMP_ENN 0 sky130_fd_pr__nfet_g5v0d10v5 L=1 W=1 nf=1 ad=0.29 as=0.29 pd=2.58 ps=2.58 nrd=0.29 nrs=0.29 sa=0
| + sb=0 sd=0 mult=1 m=1
| XM_TCN1 TC_D1 TS_SNS TC_TAIL 0 sky130_fd_pr__nfet_g5v0d10v5 L=2 W=10 nf=2 ad=1.45 as=2.9 pd=10.58 ps=21.16 nrd=0.029 nrs=0.029
| + sa=0 sb=0 sd=0 mult=1 m=1
| XM_TCN2 TS_CMP TS_REF TC_TAIL 0 sky130_fd_pr__nfet_g5v0d10v5 L=2 W=10 nf=2 ad=1.45 as=2.9 pd=10.58 ps=21.16 nrd=0.029 nrs=0.029
| + sa=0 sb=0 sd=0 mult=1 m=1
| XM_TCP1 TC_D1 TC_D1 VIN VIN sky130_fd_pr__pfet_g5v0d10v5 L=2 W=10 nf=2 ad=1.45 as=2.9 pd=10.58 ps=21.16 nrd=0.029 nrs=0.029 sa=0
| + sb=0 sd=0 mult=1 m=1
| XM_TCP2 TS_CMP TC_D1 VIN VIN sky130_fd_pr__pfet_g5v0d10v5 L=2 W=10 nf=2 ad=1.45 as=2.9 pd=10.58 ps=21.16 nrd=0.029 nrs=0.029 sa=0
| + sb=0 sd=0 mult=1 m=1
| XM_TSHUT EA_OUT TS_CMP VIN VIN sky130_fd_pr__pfet_g5v0d10v5 L=0.5 W=20 nf=4 ad=2.9 as=4.35 pd=21.16 ps=31.74 nrd=0.0145 nrs=0.0145
| + sa=0 sb=0 sd=0 mult=1 m=1
| XM_TSHYSB TS_HYS BIASP VIN VIN sky130_fd_pr__pfet_g5v0d10v5 L=2 W=1.5 nf=1 ad=0.435 as=0.435 pd=3.58 ps=3.58 nrd=0.193333333333333
| + nrs=0.193333333333333 sa=0 sb=0 sd=0 mult=1 m=1
| XM_TSHYS TS_REF TS_CMP TS_HYS VIN sky130_fd_pr__pfet_g5v0d10v5 L=0.5 W=2 nf=1 ad=0.58 as=0.58 pd=4.58 ps=4.58 nrd=0.145 nrs=0.145
| + sa=0 sb=0 sd=0 mult=1 m=1
| XM_ENP4 TS_CMP EN VIN VIN sky130_fd_pr__pfet_g5v0d10v5 L=0.5 W=2 nf=1 ad=0.58 as=0.58 pd=4.58 ps=4.58 nrd=0.145 nrs=0.145 sa=0
| + sb=0 sd=0 mult=1 m=1
| C_TS VIN TS_CMP 1p m=1
| .ends
| 
| .control
| save all
| * --- leg 1: full cycle -- EN rises at t=100us, block regulates, EN falls at t=2ms ---
| tran 5u 4.5m
| meas tran vpre find v(vout) at=1.9m
| meas tran iq_avg avg i(vvin) from=3.5m to=4.5m
| meas tran iq_worst min i(vvin) from=3.5m to=4.5m
| meas tran vhold find v(vout) at=4m
| * --- leg 2: static disabled state, output free-floating ---
| op
| * --- leg 3: static disabled state, VOUT forced to 0 V (Vin->Vout leakage) ---
| alter rforce = 1m
| op
| * --- leg 4: static disabled state, VOUT held at the 1.8 V nominal output ---
| alter vforce = 1.8
| op
| let meas_iq_shutdown_static_ua = -1e6*op1.i(vvin)
| let meas_iq_shutdown_after_edge_ua = -1e6*tran1.iq_worst
| let meas_iq_shutdown_after_edge_mean_ua = -1e6*tran1.iq_avg
| let meas_leak_vin_vout_ua = 1e6*op2.i(vforce)
| let meas_vout_pre_disable_v = tran1.vpre
| let meas_vout_hold_2ms_v = tran1.vhold
| let meas_vout_disabled_static_v = op1.v(vout)
| let meas_ivout_held_1v8_ua = -1e6*op3.i(vforce)
| print meas_iq_shutdown_static_ua
| print meas_iq_shutdown_after_edge_ua
| print meas_iq_shutdown_after_edge_mean_ua
| print meas_leak_vin_vout_ua
| print meas_vout_pre_disable_v
| print meas_vout_hold_2ms_v
| print meas_vout_disabled_static_v
| print meas_ivout_held_1v8_ua
| quit
| .endc
| .end

# ==== ngspice stdout ====

Note: Compatibility modes selected: hs a


Circuit: * enable-shutdown corner deck -- generated by sim/bin/corner-run.py, do not edit

option SCALE: Scale is set to 1e-06 for instance and model parameters
option SCALE: Scale is set to 1e-06 for instance and model parameters
option SCALE: Scale is set to 1e-06 for instance and model parameters
option SCALE: Scale is set to 1e-06 for instance and model parameters
Doing analysis at TEMP = -40.000000 and TNOM = 27.000000

Using KLU as Direct Linear Solver
 Reference value :  0.00000e+00
 Reference value :  2.00000e-07
 Reference value :  3.20000e-06
 Reference value :  2.14000e-05
 Reference value :  3.64000e-05
 Reference value :  5.14000e-05
 Reference value :  6.64000e-05
 Reference value :  8.64000e-05
 Reference value :  1.00000e-04
 Reference value :  1.00300e-04
 Reference value :  1.00410e-04
 Reference value :  1.00493e-04
 Reference value :  1.00557e-04
 Reference value :  1.00624e-04
 Reference value :  1.00764e-04
 Reference value :  1.00807e-04
 Reference value :  1.00836e-04
 Reference value :  1.00893e-04
 Reference value :  1.00943e-04
 Reference value :  1.01000e-04
 Reference value :  1.01020e-04
 Reference value :  1.01181e-04
 Reference value :  1.03738e-04
 Reference value :  1.14754e-04
 Reference value :  1.19754e-04
 Reference value :  1.29352e-04
 Reference value :  1.44352e-04
 Reference value :  1.59352e-04
 Reference value :  1.74352e-04
 Reference value :  1.94352e-04
 Reference value :  2.14352e-04
 Reference value :  2.29352e-04
 Reference value :  2.49352e-04
 Reference value :  2.64352e-04
 Reference value :  2.79352e-04
 Reference value :  2.94352e-04
 Reference value :  3.09352e-04
 Reference value :  3.24352e-04
 Reference value :  3.39352e-04
 Reference value :  3.59352e-04
 Reference value :  3.84352e-04
 Reference value :  3.99352e-04
 Reference value :  4.09352e-04
 Reference value :  4.19352e-04
 Reference value :  4.34352e-04
 Reference value :  4.49352e-04
 Reference value :  4.64352e-04
 Reference value :  4.74352e-04
 Reference value :  4.89352e-04
 Reference value :  5.04352e-04
 Reference value :  5.19352e-04
 Reference value :  5.39352e-04
 Reference value :  5.54352e-04
 Reference value :  5.69352e-04
 Reference value :  5.94352e-04
 Reference value :  6.14352e-04
 Reference value :  6.34352e-04
 Reference value :  6.54352e-04
 Reference value :  6.69352e-04
 Reference value :  6.89352e-04
 Reference value :  7.04352e-04
 Reference value :  7.24352e-04
 Reference value :  7.39352e-04
 Reference value :  7.59352e-04
 Reference value :  7.79352e-04
 Reference value :  7.99352e-04
 Reference value :  8.19352e-04
 Reference value :  8.34352e-04
 Reference value :  8.54352e-04
 Reference value :  8.69352e-04
 Reference value :  8.84352e-04
 Reference value :  9.04352e-04
 Reference value :  9.24352e-04
 Reference value :  9.44352e-04
 Reference value :  9.64352e-04
 Reference value :  9.84352e-04
 Reference value :  1.00935e-03
 Reference value :  1.03435e-03
 Reference value :  1.06435e-03
 Reference value :  1.08935e-03
 Reference value :  1.10935e-03
 Reference value :  1.12435e-03
 Reference value :  1.14435e-03
 Reference value :  1.15935e-03
 Reference value :  1.17435e-03
 Reference value :  1.19435e-03
 Reference value :  1.21435e-03
 Reference value :  1.22935e-03
 Reference value :  1.24435e-03
 Reference value :  1.25935e-03
 Reference value :  1.27435e-03
 Reference value :  1.28935e-03
 Reference value :  1.30435e-03
 Reference value :  1.31935e-03
 Reference value :  1.33935e-03
 Reference value :  1.35935e-03
 Reference value :  1.37935e-03
 Reference value :  1.39435e-03
 Reference value :  1.40935e-03
 Reference value :  1.42935e-03
 Reference value :  1.44935e-03
 Reference value :  1.46935e-03
 Reference value :  1.48435e-03
 Reference value :  1.50435e-03
 Reference value :  1.52435e-03
 Reference value :  1.54435e-03
 Reference value :  1.56435e-03
 Reference value :  1.57935e-03
 Reference value :  1.59935e-03
 Reference value :  1.61935e-03
 Reference value :  1.63435e-03
 Reference value :  1.64935e-03
 Reference value :  1.66435e-03
 Reference value :  1.68435e-03
 Reference value :  1.69935e-03
 Reference value :  1.71935e-03
 Reference value :  1.73935e-03
 Reference value :  1.75935e-03
 Reference value :  1.77935e-03
 Reference value :  1.79935e-03
 Reference value :  1.81435e-03
 Reference value :  1.83435e-03
 Reference value :  1.85435e-03
 Reference value :  1.87435e-03
 Reference value :  1.89435e-03
 Reference value :  1.91435e-03
 Reference value :  1.93435e-03
 Reference value :  1.95935e-03
 Reference value :  1.97435e-03
 Reference value :  1.99435e-03
 Reference value :  2.00010e-03
 Reference value :  2.00050e-03
 Reference value :  2.00064e-03
 Reference value :  2.00075e-03
 Reference value :  2.00084e-03
 Reference value :  2.00090e-03
 Reference value :  2.00094e-03
 Reference value :  2.00095e-03
 Reference value :  2.00096e-03
 Reference value :  2.00098e-03
 Reference value :  2.00100e-03
 Reference value :  2.00101e-03
 Reference value :  2.00110e-03
 Reference value :  2.00140e-03
 Reference value :  2.00260e-03
 Reference value :  2.00740e-03
 Reference value :  2.02740e-03
 Reference value :  2.04740e-03
 Reference value :  2.07240e-03
 Reference value :  2.09240e-03
 Reference value :  2.11240e-03
 Reference value :  2.13240e-03
 Reference value :  2.15740e-03
 Reference value :  2.17740e-03
 Reference value :  2.19740e-03
 Reference value :  2.21740e-03
 Reference value :  2.23740e-03
 Reference value :  2.25740e-03
 Reference value :  2.27740e-03
 Reference value :  2.29740e-03
 Reference value :  2.31240e-03
 Reference value :  2.33240e-03
 Reference value :  2.35240e-03
 Reference value :  2.37240e-03
 Reference value :  2.39240e-03
 Reference value :  2.40740e-03
 Reference value :  2.42240e-03
 Reference value :  2.44240e-03
 Reference value :  2.46240e-03
 Reference value :  2.48240e-03
 Reference value :  2.50240e-03
 Reference value :  2.52240e-03
 Reference value :  2.54240e-03
 Reference value :  2.55740e-03
 Reference value :  2.57240e-03
 Reference value :  2.59240e-03
 Reference value :  2.61240e-03
 Reference value :  2.63240e-03
 Reference value :  2.65240e-03
 Reference value :  2.66740e-03
 Reference value :  2.68740e-03
 Reference value :  2.70740e-03
 Reference value :  2.72240e-03
 Reference value :  2.73740e-03
 Reference value :  2.75740e-03
 Reference value :  2.77740e-03
 Reference value :  2.79740e-03
 Reference value :  2.81740e-03
 Reference value :  2.83240e-03
 Reference value :  2.84740e-03
 Reference value :  2.86740e-03
 Reference value :  2.88240e-03
 Reference value :  2.89740e-03
 Reference value :  2.91240e-03
 Reference value :  2.93240e-03
 Reference value :  2.95240e-03
 Reference value :  2.97240e-03
 Reference value :  2.99240e-03
 Reference value :  3.01240e-03
 Reference value :  3.03240e-03
 Reference value :  3.05240e-03
 Reference value :  3.07240e-03
 Reference value :  3.09240e-03
 Reference value :  3.11240e-03
 Reference value :  3.12740e-03
 Reference value :  3.14240e-03
 Reference value :  3.15740e-03
 Reference value :  3.17240e-03
 Reference value :  3.18740e-03
 Reference value :  3.20740e-03
 Reference value :  3.22740e-03
 Reference value :  3.24240e-03
 Reference value :  3.25740e-03
 Reference value :  3.27740e-03
 Reference value :  3.29240e-03
 Reference value :  3.30740e-03
 Reference value :  3.32740e-03
 Reference value :  3.34740e-03
 Reference value :  3.36740e-03
 Reference value :  3.38740e-03
 Reference value :  3.40240e-03
 Reference value :  3.41740e-03
 Reference value :  3.43240e-03
 Reference value :  3.45240e-03
 Reference value :  3.46740e-03
 Reference value :  3.48740e-03
 Reference value :  3.50740e-03
 Reference value :  3.52740e-03
 Reference value :  3.54740e-03
 Reference value :  3.56240e-03
 Reference value :  3.58240e-03
 Reference value :  3.60240e-03
 Reference value :  3.62240e-03
 Reference value :  3.64240e-03
 Reference value :  3.66240e-03
 Reference value :  3.68240e-03
 Reference value :  3.70240e-03
 Reference value :  3.71740e-03
 Reference value :  3.73240e-03
 Reference value :  3.75240e-03
 Reference value :  3.77240e-03
 Reference value :  3.79240e-03
 Reference value :  3.81240e-03
 Reference value :  3.83240e-03
 Reference value :  3.85240e-03
 Reference value :  3.87240e-03
 Reference value :  3.89240e-03
 Reference value :  3.91240e-03
 Reference value :  3.92740e-03
 Reference value :  3.94240e-03
 Reference value :  3.96240e-03
 Reference value :  3.98240e-03
 Reference value :  3.99740e-03
 Reference value :  4.01740e-03
 Reference value :  4.03740e-03
 Reference value :  4.05240e-03
 Reference value :  4.07240e-03
 Reference value :  4.09240e-03
 Reference value :  4.11240e-03
 Reference value :  4.13740e-03
 Reference value :  4.15740e-03
 Reference value :  4.17740e-03
 Reference value :  4.19740e-03
 Reference value :  4.21740e-03
 Reference value :  4.23740e-03
 Reference value :  4.25740e-03
 Reference value :  4.27740e-03
 Reference value :  4.29740e-03
 Reference value :  4.32240e-03
 Reference value :  4.33740e-03
 Reference value :  4.35740e-03
 Reference value :  4.37240e-03
 Reference value :  4.38740e-03
 Reference value :  4.40240e-03
 Reference value :  4.41740e-03
 Reference value :  4.43240e-03
 Reference value :  4.45240e-03
 Reference value :  4.47240e-03
 Reference value :  4.49240e-03
No. of Data Rows : 964
vpre                =  1.80743e+00
iq_avg              =  -2.04142e-10 from=  3.50000e-03 to=  4.50000e-03
iq_worst            =  -4.24753e-09 at=  3.50240e-03
vhold               =  1.80626e+00
Doing analysis at TEMP = -40.000000 and TNOM = 27.000000

Using KLU as Direct Linear Solver
 Reference value :  0.00000e+00
No. of Data Rows : 1
Doing analysis at TEMP = -40.000000 and TNOM = 27.000000

Using KLU as Direct Linear Solver
 Reference value :  0.00000e+00
No. of Data Rows : 1
Doing analysis at TEMP = -40.000000 and TNOM = 27.000000

Using KLU as Direct Linear Solver
 Reference value :  0.00000e+00
No. of Data Rows : 1
meas_iq_shutdown_static_ua = 1.626470e-04
meas_iq_shutdown_after_edge_ua = 4.247530e-03
meas_iq_shutdown_after_edge_mean_ua = 2.041424e-04
meas_leak_vin_vout_ua = 9.081512e-05
meas_vout_pre_disable_v = 1.807433e+00
meas_vout_hold_2ms_v = 1.806256e+00
meas_vout_disabled_static_v = 2.835262e-04
meas_ivout_held_1v8_ua = 5.766403e-01
ngspice-46 done

# ==== ngspice stderr ====
Note: Starting dynamic gmin stepping
Note: Dynamic gmin stepping completed
Note: Starting dynamic gmin stepping
Note: Dynamic gmin stepping completed
Note: Starting dynamic gmin stepping
Note: Dynamic gmin stepping completed
Note: Starting dynamic gmin stepping
Note: Dynamic gmin stepping completed
