# corner: sf_-40c_3.30v
# process=sf temp=-40C supply=3.30V
# ngspice exit: 0
# wall clock: 64.7s (--timeout was 300s)
# result: PASS

# ==== deck (exact input given to ngspice) ====
| * enable-shutdown corner deck -- generated by sim/bin/corner-run.py, do not edit
| * corner: sf_-40c_3.30v
| .param vsup=3.3
| .option wnflag=1
| .temp -40
| .lib "/home/ubuntu/.volare/sky130A/libs.tech/combined/sky130.lib.spice" sf
| ** sch_path: sim/enable-shutdown/testbench/tb_enable_shutdown.sch
| **.subckt tb_enable_shutdown
| VVIN VIN 0 'vsup'
| .save i(vvin)
| VEN EN 0 dc 0 pwl(0 0 100u 0 101u 'vsup' 2m 'vsup' 2.001m 0 10 0)
| .save i(ven)
| VVREF VREF 0 1.2
| .save i(vvref)
| xldo VOUT VREF EN VIN ldo_3v3in_1v8out
| COUT VOUT VESR 1u m=1
| RESR VESR 0 10m m=1
| RLOAD VOUT 0 1e12 m=1
| RFORCE VOUT VF 1e12 m=1
| VFORCE VF 0 0
| .save i(vforce)
| **.ends
| 
| * expanding   symbol:  design/ldo_3v3in_1v8out.sym # of pins=4
| ** sym_path: design/ldo_3v3in_1v8out.sym
| ** sch_path: design/ldo_3v3in_1v8out.sch
| .subckt ldo_3v3in_1v8out VOUT VREF EN VIN
| *.ipin VIN
| *.ipin EN
| *.ipin VREF
| *.opin VOUT
| XR_BIAS VIN NB 0 sky130_fd_pr__res_high_po W=0.42 L=1500 mult=1 m=1
| XM_BIASN1 NB NB BIAS_ENN 0 sky130_fd_pr__nfet_g5v0d10v5 L=1 W=4 nf=1 ad=1.16 as=1.16 pd=8.58 ps=8.58 nrd=0.0725 nrs=0.0725 sa=0
| + sb=0 sd=0 mult=1 m=1
| XM_ENN BIAS_ENN EN 0 0 sky130_fd_pr__nfet_g5v0d10v5 L=0.5 W=10 nf=1 ad=2.9 as=2.9 pd=20.58 ps=20.58 nrd=0.029 nrs=0.029 sa=0 sb=0
| + sd=0 mult=1 m=1
| XM_BIASN2 BIASP NB BIAS_ENN 0 sky130_fd_pr__nfet_g5v0d10v5 L=1 W=4 nf=1 ad=1.16 as=1.16 pd=8.58 ps=8.58 nrd=0.0725 nrs=0.0725 sa=0
| + sb=0 sd=0 mult=1 m=1
| XM_BIASP1 BIASP BIASP VIN VIN sky130_fd_pr__pfet_g5v0d10v5 L=1 W=10 nf=2 ad=1.45 as=2.9 pd=10.58 ps=21.16 nrd=0.029 nrs=0.029 sa=0
| + sb=0 sd=0 mult=1 m=1
| XM_ENP2 BIASP EN VIN VIN sky130_fd_pr__pfet_g5v0d10v5 L=0.5 W=10 nf=1 ad=2.9 as=2.9 pd=20.58 ps=20.58 nrd=0.029 nrs=0.029 sa=0
| + sb=0 sd=0 mult=1 m=1
| XM_TAIL EA_TAIL BIASP VIN VIN sky130_fd_pr__pfet_g5v0d10v5 L=2 W=40 nf=8 ad=5.8 as=7.25 pd=42.32 ps=52.9 nrd=0.00725 nrs=0.00725
| + sa=0 sb=0 sd=0 mult=1 m=1
| XM_IN1 EA_D1 FB EA_TAIL VIN sky130_fd_pr__pfet_g5v0d10v5 L=2 W=10 nf=2 ad=1.45 as=2.9 pd=10.58 ps=21.16 nrd=0.029 nrs=0.029 sa=0
| + sb=0 sd=0 mult=1 m=1
| XM_IN2 EA_D2 VREF EA_TAIL VIN sky130_fd_pr__pfet_g5v0d10v5 L=2 W=10 nf=2 ad=1.45 as=2.9 pd=10.58 ps=21.16 nrd=0.029 nrs=0.029 sa=0
| + sb=0 sd=0 mult=1 m=1
| XM_MIR1 EA_D1 EA_D1 AMP_ENN 0 sky130_fd_pr__nfet_g5v0d10v5 L=4 W=10 nf=2 ad=1.45 as=2.9 pd=10.58 ps=21.16 nrd=0.029 nrs=0.029 sa=0
| + sb=0 sd=0 mult=1 m=1
| XM_MIR2 EA_OUT EA_D1 AMP_ENN 0 sky130_fd_pr__nfet_g5v0d10v5 L=4 W=10 nf=2 ad=1.45 as=2.9 pd=10.58 ps=21.16 nrd=0.029 nrs=0.029
| + sa=0 sb=0 sd=0 mult=1 m=1
| XM_ENN2 AMP_ENN EN 0 0 sky130_fd_pr__nfet_g5v0d10v5 L=0.5 W=10 nf=1 ad=2.9 as=2.9 pd=20.58 ps=20.58 nrd=0.029 nrs=0.029 sa=0 sb=0
| + sd=0 mult=1 m=1
| XM_ENP EA_OUT EN VIN VIN sky130_fd_pr__pfet_g5v0d10v5 L=0.5 W=10 nf=1 ad=2.9 as=2.9 pd=20.58 ps=20.58 nrd=0.029 nrs=0.029 sa=0
| + sb=0 sd=0 mult=1 m=1
| XM_MIR3 EA_D2 EA_D2 AMP_ENN 0 sky130_fd_pr__nfet_g5v0d10v5 L=4 W=10 nf=2 ad=1.45 as=2.9 pd=10.58 ps=21.16 nrd=0.029 nrs=0.029 sa=0
| + sb=0 sd=0 mult=1 m=1
| XM_MIR4 PB EA_D2 AMP_ENN 0 sky130_fd_pr__nfet_g5v0d10v5 L=4 W=10 nf=2 ad=1.45 as=2.9 pd=10.58 ps=21.16 nrd=0.029 nrs=0.029 sa=0
| + sb=0 sd=0 mult=1 m=1
| XM_MIRP1 PB PB VIN VIN sky130_fd_pr__pfet_g5v0d10v5 L=4 W=20 nf=4 ad=2.9 as=4.35 pd=21.16 ps=31.74 nrd=0.0145 nrs=0.0145 sa=0 sb=0
| + sd=0 mult=1 m=1
| XM_MIRP2 EA_OUT PB VIN VIN sky130_fd_pr__pfet_g5v0d10v5 L=4 W=20 nf=4 ad=2.9 as=4.35 pd=21.16 ps=31.74 nrd=0.0145 nrs=0.0145 sa=0
| + sb=0 sd=0 mult=1 m=1
| XM_ENP5 PB EN VIN VIN sky130_fd_pr__pfet_g5v0d10v5 L=0.5 W=2 nf=1 ad=0.58 as=0.58 pd=4.58 ps=4.58 nrd=0.145 nrs=0.145 sa=0 sb=0
| + sd=0 mult=1 m=1
| XM_PASS VOUT EA_OUT VIN VIN sky130_fd_pr__pfet_g5v0d10v5 L=0.5 W=100 nf=25 ad=15.08 as=15.08 pd=111.54 ps=111.54 nrd=0.0029
| + nrs=0.0029 sa=0 sb=0 sd=0 mult=25 m=25
| C_COMP VOUT EA_CZ 150p m=1
| XR_CZ EA_CZ EA_OUT 0 sky130_fd_pr__res_xhigh_po W=0.42 L=52 mult=1 m=1
| XR_FB_A VOUT FB 0 sky130_fd_pr__res_xhigh_po W=0.42 L=180 mult=1 m=1
| XR_FB_B FB N_FBB 0 sky130_fd_pr__res_xhigh_po W=0.42 L=180 mult=1 m=1
| XR_FB_C N_FBB 0 0 sky130_fd_pr__res_xhigh_po W=0.42 L=180 mult=1 m=1
| XM_SENSE CL_SNS EA_OUT VIN VIN sky130_fd_pr__pfet_g5v0d10v5 L=0.5 W=0.42 nf=1 ad=0.1218 as=0.1218 pd=1.42 ps=1.42
| + nrd=0.69047619047619 nrs=0.69047619047619 sa=0 sb=0 sd=0 mult=1 m=1
| XM_CLN1 CL_SNS CL_SNS AMP_ENN 0 sky130_fd_pr__nfet_g5v0d10v5 L=1 W=20 nf=1 ad=5.8 as=5.8 pd=40.58 ps=40.58 nrd=0.0145 nrs=0.0145
| + sa=0 sb=0 sd=0 mult=1 m=1
| XM_CLN2 CL_CMP CL_SNS AMP_ENN 0 sky130_fd_pr__nfet_g5v0d10v5 L=1 W=1.6 nf=1 ad=0.464 as=0.464 pd=3.78 ps=3.78 nrd=0.18125
| + nrs=0.18125 sa=0 sb=0 sd=0 mult=1 m=1
| XM_CLP CL_CMP BIASP VIN VIN sky130_fd_pr__pfet_g5v0d10v5 L=1 W=10 nf=2 ad=1.45 as=2.9 pd=10.58 ps=21.16 nrd=0.029 nrs=0.029 sa=0
| + sb=0 sd=0 mult=1 m=1
| XM_CLIM EA_OUT CL_CMP VIN VIN sky130_fd_pr__pfet_g5v0d10v5 L=0.5 W=20 nf=4 ad=2.9 as=4.35 pd=21.16 ps=31.74 nrd=0.0145 nrs=0.0145
| + sa=0 sb=0 sd=0 mult=1 m=1
| XM_ENP3 CL_CMP EN VIN VIN sky130_fd_pr__pfet_g5v0d10v5 L=0.5 W=2 nf=1 ad=0.58 as=0.58 pd=4.58 ps=4.58 nrd=0.145 nrs=0.145 sa=0
| + sb=0 sd=0 mult=1 m=1
| C_CL VIN CL_CMP 1p m=1
| XM_INVP ENB EN VIN VIN sky130_fd_pr__pfet_g5v0d10v5 L=0.5 W=2 nf=1 ad=0.58 as=0.58 pd=4.58 ps=4.58 nrd=0.145 nrs=0.145 sa=0 sb=0
| + sd=0 mult=1 m=1
| XM_INVN ENB EN 0 0 sky130_fd_pr__nfet_g5v0d10v5 L=0.5 W=1 nf=1 ad=0.29 as=0.29 pd=2.58 ps=2.58 nrd=0.29 nrs=0.29 sa=0 sb=0 sd=0
| + mult=1 m=1
| XM_SSDIS SS ENB 0 0 sky130_fd_pr__nfet_g5v0d10v5 L=0.5 W=2 nf=1 ad=0.58 as=0.58 pd=4.58 ps=4.58 nrd=0.145 nrs=0.145 sa=0 sb=0 sd=0
| + mult=1 m=1
| XM_SSCHG SS BIASP VIN VIN sky130_fd_pr__pfet_g5v0d10v5 L=8 W=1 nf=1 ad=0.29 as=0.29 pd=2.58 ps=2.58 nrd=0.29 nrs=0.29 sa=0 sb=0
| + sd=0 mult=1 m=1
| C_SS SS 0 10p m=1
| XM_IN2S EA_D2 SS EA_TAIL VIN sky130_fd_pr__pfet_g5v0d10v5 L=2 W=10 nf=2 ad=1.45 as=2.9 pd=10.58 ps=21.16 nrd=0.029 nrs=0.029 sa=0
| + sb=0 sd=0 mult=1 m=1
| XM_TSPS TS_SNS BIASP VIN VIN sky130_fd_pr__pfet_g5v0d10v5 L=1 W=2.5 nf=1 ad=0.725 as=0.725 pd=5.58 ps=5.58 nrd=0.116 nrs=0.116
| + sa=0 sb=0 sd=0 mult=1 m=1
| XM_TSD1 TS_SNS TS_SNS TS_MID 0 sky130_fd_pr__nfet_g5v0d10v5 L=1 W=80 nf=16 ad=11.6 as=13.05 pd=84.64 ps=95.22 nrd=0.003625
| + nrs=0.003625 sa=0 sb=0 sd=0 mult=1 m=1
| XM_TSD2 TS_MID TS_MID AMP_ENN 0 sky130_fd_pr__nfet_g5v0d10v5 L=1 W=80 nf=16 ad=11.6 as=13.05 pd=84.64 ps=95.22 nrd=0.003625
| + nrs=0.003625 sa=0 sb=0 sd=0 mult=1 m=1
| XM_TSPR TS_REF BIASP VIN VIN sky130_fd_pr__pfet_g5v0d10v5 L=1 W=2.5 nf=1 ad=0.725 as=0.725 pd=5.58 ps=5.58 nrd=0.116 nrs=0.116
| + sa=0 sb=0 sd=0 mult=1 m=1
| XM_TSR1 TS_REF TS_REF AMP_ENN 0 sky130_fd_pr__nfet_g5v0d10v5 L=10 W=2 nf=1 ad=0.58 as=0.58 pd=4.58 ps=4.58 nrd=0.145 nrs=0.145
| + sa=0 sb=0 sd=0 mult=1 m=1
| XM_TCTAIL TC_TAIL NB AMP_ENN 0 sky130_fd_pr__nfet_g5v0d10v5 L=1 W=1 nf=1 ad=0.29 as=0.29 pd=2.58 ps=2.58 nrd=0.29 nrs=0.29 sa=0
| + sb=0 sd=0 mult=1 m=1
| XM_TCN1 TC_D1 TS_SNS TC_TAIL 0 sky130_fd_pr__nfet_g5v0d10v5 L=2 W=10 nf=2 ad=1.45 as=2.9 pd=10.58 ps=21.16 nrd=0.029 nrs=0.029
| + sa=0 sb=0 sd=0 mult=1 m=1
| XM_TCN2 TS_CMP TS_REF TC_TAIL 0 sky130_fd_pr__nfet_g5v0d10v5 L=2 W=10 nf=2 ad=1.45 as=2.9 pd=10.58 ps=21.16 nrd=0.029 nrs=0.029
| + sa=0 sb=0 sd=0 mult=1 m=1
| XM_TCP1 TC_D1 TC_D1 VIN VIN sky130_fd_pr__pfet_g5v0d10v5 L=2 W=10 nf=2 ad=1.45 as=2.9 pd=10.58 ps=21.16 nrd=0.029 nrs=0.029 sa=0
| + sb=0 sd=0 mult=1 m=1
| XM_TCP2 TS_CMP TC_D1 VIN VIN sky130_fd_pr__pfet_g5v0d10v5 L=2 W=10 nf=2 ad=1.45 as=2.9 pd=10.58 ps=21.16 nrd=0.029 nrs=0.029 sa=0
| + sb=0 sd=0 mult=1 m=1
| XM_TSHUT EA_OUT TS_CMP VIN VIN sky130_fd_pr__pfet_g5v0d10v5 L=0.5 W=20 nf=4 ad=2.9 as=4.35 pd=21.16 ps=31.74 nrd=0.0145 nrs=0.0145
| + sa=0 sb=0 sd=0 mult=1 m=1
| XM_TSHYSB TS_HYS BIASP VIN VIN sky130_fd_pr__pfet_g5v0d10v5 L=2 W=1.5 nf=1 ad=0.435 as=0.435 pd=3.58 ps=3.58 nrd=0.193333333333333
| + nrs=0.193333333333333 sa=0 sb=0 sd=0 mult=1 m=1
| XM_TSHYS TS_REF TS_CMP TS_HYS VIN sky130_fd_pr__pfet_g5v0d10v5 L=0.5 W=2 nf=1 ad=0.58 as=0.58 pd=4.58 ps=4.58 nrd=0.145 nrs=0.145
| + sa=0 sb=0 sd=0 mult=1 m=1
| XM_ENP4 TS_CMP EN VIN VIN sky130_fd_pr__pfet_g5v0d10v5 L=0.5 W=2 nf=1 ad=0.58 as=0.58 pd=4.58 ps=4.58 nrd=0.145 nrs=0.145 sa=0
| + sb=0 sd=0 mult=1 m=1
| C_TS VIN TS_CMP 1p m=1
| .ends
| 
| .control
| save all
| * --- leg 1: full cycle -- EN rises at t=100us, block regulates, EN falls at t=2ms ---
| tran 5u 4.5m
| meas tran vpre find v(vout) at=1.9m
| meas tran iq_avg avg i(vvin) from=3.5m to=4.5m
| meas tran iq_worst min i(vvin) from=3.5m to=4.5m
| meas tran vhold find v(vout) at=4m
| * --- leg 2: static disabled state, output free-floating ---
| op
| * --- leg 3: static disabled state, VOUT forced to 0 V (Vin->Vout leakage) ---
| alter rforce = 1m
| op
| * --- leg 4: static disabled state, VOUT held at the 1.8 V nominal output ---
| alter vforce = 1.8
| op
| let meas_iq_shutdown_static_ua = -1e6*op1.i(vvin)
| let meas_iq_shutdown_after_edge_ua = -1e6*tran1.iq_worst
| let meas_iq_shutdown_after_edge_mean_ua = -1e6*tran1.iq_avg
| let meas_leak_vin_vout_ua = 1e6*op2.i(vforce)
| let meas_vout_pre_disable_v = tran1.vpre
| let meas_vout_hold_2ms_v = tran1.vhold
| let meas_vout_disabled_static_v = op1.v(vout)
| let meas_ivout_held_1v8_ua = -1e6*op3.i(vforce)
| print meas_iq_shutdown_static_ua
| print meas_iq_shutdown_after_edge_ua
| print meas_iq_shutdown_after_edge_mean_ua
| print meas_leak_vin_vout_ua
| print meas_vout_pre_disable_v
| print meas_vout_hold_2ms_v
| print meas_vout_disabled_static_v
| print meas_ivout_held_1v8_ua
| quit
| .endc
| .end

# ==== ngspice stdout ====

Note: Compatibility modes selected: hs a


Circuit: * enable-shutdown corner deck -- generated by sim/bin/corner-run.py, do not edit

option SCALE: Scale is set to 1e-06 for instance and model parameters
option SCALE: Scale is set to 1e-06 for instance and model parameters
option SCALE: Scale is set to 1e-06 for instance and model parameters
option SCALE: Scale is set to 1e-06 for instance and model parameters
Doing analysis at TEMP = -40.000000 and TNOM = 27.000000

Using KLU as Direct Linear Solver
 Reference value :  0.00000e+00
 Reference value :  4.00000e-07
 Reference value :  3.20000e-06
 Reference value :  2.14000e-05
 Reference value :  4.14000e-05
 Reference value :  6.14000e-05
 Reference value :  7.64000e-05
 Reference value :  9.14000e-05
 Reference value :  1.00100e-04
 Reference value :  1.00300e-04
 Reference value :  1.00410e-04
 Reference value :  1.00498e-04
 Reference value :  1.00575e-04
 Reference value :  1.00729e-04
 Reference value :  1.00786e-04
 Reference value :  1.00823e-04
 Reference value :  1.00852e-04
 Reference value :  1.00916e-04
 Reference value :  1.00972e-04
 Reference value :  1.01003e-04
 Reference value :  1.01049e-04
 Reference value :  1.01412e-04
 Reference value :  1.03725e-04
 Reference value :  1.10568e-04
 Reference value :  1.20066e-04
 Reference value :  1.30044e-04
 Reference value :  1.45044e-04
 Reference value :  1.75044e-04
 Reference value :  2.00044e-04
 Reference value :  2.25044e-04
 Reference value :  2.50044e-04
 Reference value :  2.75044e-04
 Reference value :  3.00044e-04
 Reference value :  3.20044e-04
 Reference value :  3.35044e-04
 Reference value :  3.55044e-04
 Reference value :  3.80044e-04
 Reference value :  4.05044e-04
 Reference value :  4.30044e-04
 Reference value :  4.55044e-04
 Reference value :  4.80044e-04
 Reference value :  5.05044e-04
 Reference value :  5.25044e-04
 Reference value :  5.50044e-04
 Reference value :  5.75044e-04
 Reference value :  6.00044e-04
 Reference value :  6.25044e-04
 Reference value :  6.45044e-04
 Reference value :  6.65044e-04
 Reference value :  6.85044e-04
 Reference value :  7.05044e-04
 Reference value :  7.25044e-04
 Reference value :  7.45044e-04
 Reference value :  7.65044e-04
 Reference value :  7.85044e-04
 Reference value :  8.05044e-04
 Reference value :  8.25044e-04
 Reference value :  8.40044e-04
 Reference value :  8.60044e-04
 Reference value :  8.80044e-04
 Reference value :  9.00044e-04
 Reference value :  9.20044e-04
 Reference value :  9.40044e-04
 Reference value :  9.55044e-04
 Reference value :  9.80044e-04
 Reference value :  1.00004e-03
 Reference value :  1.01504e-03
 Reference value :  1.03504e-03
 Reference value :  1.05504e-03
 Reference value :  1.07504e-03
 Reference value :  1.09504e-03
 Reference value :  1.11004e-03
 Reference value :  1.12504e-03
 Reference value :  1.14004e-03
 Reference value :  1.15504e-03
 Reference value :  1.17004e-03
 Reference value :  1.19004e-03
 Reference value :  1.21004e-03
 Reference value :  1.23004e-03
 Reference value :  1.25004e-03
 Reference value :  1.27004e-03
 Reference value :  1.28504e-03
 Reference value :  1.31004e-03
 Reference value :  1.33004e-03
 Reference value :  1.35004e-03
 Reference value :  1.36504e-03
 Reference value :  1.38504e-03
 Reference value :  1.40504e-03
 Reference value :  1.42504e-03
 Reference value :  1.44004e-03
 Reference value :  1.46004e-03
 Reference value :  1.47504e-03
 Reference value :  1.49004e-03
 Reference value :  1.51004e-03
 Reference value :  1.53004e-03
 Reference value :  1.55004e-03
 Reference value :  1.56504e-03
 Reference value :  1.58004e-03
 Reference value :  1.59504e-03
 Reference value :  1.61004e-03
 Reference value :  1.62504e-03
 Reference value :  1.64004e-03
 Reference value :  1.65504e-03
 Reference value :  1.67004e-03
 Reference value :  1.68504e-03
 Reference value :  1.70004e-03
 Reference value :  1.71504e-03
 Reference value :  1.73504e-03
 Reference value :  1.75004e-03
 Reference value :  1.77004e-03
 Reference value :  1.79004e-03
 Reference value :  1.81004e-03
 Reference value :  1.83004e-03
 Reference value :  1.85004e-03
 Reference value :  1.86504e-03
 Reference value :  1.88504e-03
 Reference value :  1.90504e-03
 Reference value :  1.92504e-03
 Reference value :  1.94004e-03
 Reference value :  1.96004e-03
 Reference value :  1.98004e-03
 Reference value :  1.99504e-03
 Reference value :  2.00030e-03
 Reference value :  2.00050e-03
 Reference value :  2.00064e-03
 Reference value :  2.00076e-03
 Reference value :  2.00084e-03
 Reference value :  2.00091e-03
 Reference value :  2.00094e-03
 Reference value :  2.00095e-03
 Reference value :  2.00096e-03
 Reference value :  2.00098e-03
 Reference value :  2.00100e-03
 Reference value :  2.00107e-03
 Reference value :  2.00218e-03
 Reference value :  2.01543e-03
 Reference value :  2.04543e-03
 Reference value :  2.07543e-03
 Reference value :  2.10043e-03
 Reference value :  2.12543e-03
 Reference value :  2.15543e-03
 Reference value :  2.18043e-03
 Reference value :  2.20543e-03
 Reference value :  2.23043e-03
 Reference value :  2.25543e-03
 Reference value :  2.27543e-03
 Reference value :  2.30043e-03
 Reference value :  2.32543e-03
 Reference value :  2.34543e-03
 Reference value :  2.37043e-03
 Reference value :  2.40043e-03
 Reference value :  2.43043e-03
 Reference value :  2.46043e-03
 Reference value :  2.48543e-03
 Reference value :  2.50543e-03
 Reference value :  2.52543e-03
 Reference value :  2.54543e-03
 Reference value :  2.56043e-03
 Reference value :  2.57543e-03
 Reference value :  2.59043e-03
 Reference value :  2.61043e-03
 Reference value :  2.63043e-03
 Reference value :  2.65043e-03
 Reference value :  2.66543e-03
 Reference value :  2.68543e-03
 Reference value :  2.70543e-03
 Reference value :  2.72543e-03
 Reference value :  2.74543e-03
 Reference value :  2.76543e-03
 Reference value :  2.78043e-03
 Reference value :  2.80043e-03
 Reference value :  2.82043e-03
 Reference value :  2.84043e-03
 Reference value :  2.86043e-03
 Reference value :  2.88043e-03
 Reference value :  2.90043e-03
 Reference value :  2.92043e-03
 Reference value :  2.94543e-03
 Reference value :  2.97043e-03
 Reference value :  2.99043e-03
 Reference value :  3.01543e-03
 Reference value :  3.03543e-03
 Reference value :  3.05543e-03
 Reference value :  3.07543e-03
 Reference value :  3.09543e-03
 Reference value :  3.11543e-03
 Reference value :  3.13543e-03
 Reference value :  3.15043e-03
 Reference value :  3.16543e-03
 Reference value :  3.18043e-03
 Reference value :  3.19543e-03
 Reference value :  3.21043e-03
 Reference value :  3.22543e-03
 Reference value :  3.24543e-03
 Reference value :  3.26043e-03
 Reference value :  3.28043e-03
 Reference value :  3.30043e-03
 Reference value :  3.32043e-03
 Reference value :  3.34043e-03
 Reference value :  3.36043e-03
 Reference value :  3.38043e-03
 Reference value :  3.39543e-03
 Reference value :  3.41543e-03
 Reference value :  3.43043e-03
 Reference value :  3.45043e-03
 Reference value :  3.47043e-03
 Reference value :  3.49043e-03
 Reference value :  3.51043e-03
 Reference value :  3.52543e-03
 Reference value :  3.54543e-03
 Reference value :  3.57043e-03
 Reference value :  3.59043e-03
 Reference value :  3.61043e-03
 Reference value :  3.63043e-03
 Reference value :  3.64543e-03
 Reference value :  3.66543e-03
 Reference value :  3.68043e-03
 Reference value :  3.70043e-03
 Reference value :  3.72043e-03
 Reference value :  3.73543e-03
 Reference value :  3.75543e-03
 Reference value :  3.77543e-03
 Reference value :  3.79543e-03
 Reference value :  3.81543e-03
 Reference value :  3.83043e-03
 Reference value :  3.85043e-03
 Reference value :  3.86543e-03
 Reference value :  3.88043e-03
 Reference value :  3.89543e-03
 Reference value :  3.92043e-03
 Reference value :  3.94043e-03
 Reference value :  3.96043e-03
 Reference value :  3.98043e-03
 Reference value :  4.00043e-03
 Reference value :  4.02043e-03
 Reference value :  4.04043e-03
 Reference value :  4.07043e-03
 Reference value :  4.09543e-03
 Reference value :  4.11543e-03
 Reference value :  4.14043e-03
 Reference value :  4.16043e-03
 Reference value :  4.17543e-03
 Reference value :  4.19543e-03
 Reference value :  4.21043e-03
 Reference value :  4.22543e-03
 Reference value :  4.24043e-03
 Reference value :  4.25543e-03
 Reference value :  4.27543e-03
 Reference value :  4.29043e-03
 Reference value :  4.31043e-03
 Reference value :  4.32543e-03
 Reference value :  4.34543e-03
 Reference value :  4.36043e-03
 Reference value :  4.37543e-03
 Reference value :  4.39043e-03
 Reference value :  4.40543e-03
 Reference value :  4.42043e-03
 Reference value :  4.43543e-03
 Reference value :  4.45043e-03
 Reference value :  4.47043e-03
 Reference value :  4.48543e-03
 Reference value :  4.50000e-03
No. of Data Rows : 961
vpre                =  1.80813e+00
iq_avg              =  -1.88751e-10 from=  3.50000e-03 to=  4.50000e-03
iq_worst            =  -4.24188e-09 at=  3.50043e-03
vhold               =  1.80695e+00
Doing analysis at TEMP = -40.000000 and TNOM = 27.000000

Using KLU as Direct Linear Solver
 Reference value :  0.00000e+00
No. of Data Rows : 1
Doing analysis at TEMP = -40.000000 and TNOM = 27.000000

Using KLU as Direct Linear Solver
 Reference value :  0.00000e+00
No. of Data Rows : 1
Doing analysis at TEMP = -40.000000 and TNOM = 27.000000

Using KLU as Direct Linear Solver
 Reference value :  0.00000e+00
No. of Data Rows : 1
meas_iq_shutdown_static_ua = 1.471877e-04
meas_iq_shutdown_after_edge_ua = 4.241883e-03
meas_iq_shutdown_after_edge_mean_ua = 1.887506e-04
meas_leak_vin_vout_ua = 8.250102e-05
meas_vout_pre_disable_v = 1.808133e+00
meas_vout_hold_2ms_v = 1.806951e+00
meas_vout_disabled_static_v = 2.575700e-04
meas_ivout_held_1v8_ua = 5.766485e-01
ngspice-46 done

# ==== ngspice stderr ====
Note: Starting dynamic gmin stepping
Note: Dynamic gmin stepping completed
Note: Starting dynamic gmin stepping
Note: Dynamic gmin stepping completed
