# corner: sf_125c_3.30v
# process=sf temp=125C supply=3.30V
# ngspice exit: 0
# wall clock: 77.0s (--timeout was 300s)
# result: FAIL

# ==== deck (exact input given to ngspice) ====
| * enable-shutdown corner deck -- generated by sim/bin/corner-run.py, do not edit
| * corner: sf_125c_3.30v
| .param vsup=3.3
| .option wnflag=1
| .temp 125
| .lib "/home/ubuntu/.volare/sky130A/libs.tech/combined/sky130.lib.spice" sf
| ** sch_path: sim/enable-shutdown/testbench/tb_enable_shutdown.sch
| **.subckt tb_enable_shutdown
| VVIN VIN 0 'vsup'
| .save i(vvin)
| VEN EN 0 dc 0 pwl(0 0 100u 0 101u 'vsup' 2m 'vsup' 2.001m 0 10 0)
| .save i(ven)
| VVREF VREF 0 1.2
| .save i(vvref)
| xldo VOUT VREF EN VIN ldo_3v3in_1v8out
| COUT VOUT VESR 1u m=1
| RESR VESR 0 10m m=1
| RLOAD VOUT 0 1e12 m=1
| RFORCE VOUT VF 1e12 m=1
| VFORCE VF 0 0
| .save i(vforce)
| **.ends
| 
| * expanding   symbol:  design/ldo_3v3in_1v8out.sym # of pins=4
| ** sym_path: design/ldo_3v3in_1v8out.sym
| ** sch_path: design/ldo_3v3in_1v8out.sch
| .subckt ldo_3v3in_1v8out VOUT VREF EN VIN
| *.ipin VIN
| *.ipin EN
| *.ipin VREF
| *.opin VOUT
| XR_BIAS VIN NB 0 sky130_fd_pr__res_high_po W=0.42 L=1500 mult=1 m=1
| XM_BIASN1 NB NB BIAS_ENN 0 sky130_fd_pr__nfet_g5v0d10v5 L=1 W=4 nf=1 ad=1.16 as=1.16 pd=8.58 ps=8.58 nrd=0.0725 nrs=0.0725 sa=0
| + sb=0 sd=0 mult=1 m=1
| XM_ENN BIAS_ENN EN 0 0 sky130_fd_pr__nfet_g5v0d10v5 L=0.5 W=10 nf=1 ad=2.9 as=2.9 pd=20.58 ps=20.58 nrd=0.029 nrs=0.029 sa=0 sb=0
| + sd=0 mult=1 m=1
| XM_BIASN2 BIASP NB BIAS_ENN 0 sky130_fd_pr__nfet_g5v0d10v5 L=1 W=4 nf=1 ad=1.16 as=1.16 pd=8.58 ps=8.58 nrd=0.0725 nrs=0.0725 sa=0
| + sb=0 sd=0 mult=1 m=1
| XM_BIASP1 BIASP BIASP VIN VIN sky130_fd_pr__pfet_g5v0d10v5 L=1 W=10 nf=2 ad=1.45 as=2.9 pd=10.58 ps=21.16 nrd=0.029 nrs=0.029 sa=0
| + sb=0 sd=0 mult=1 m=1
| XM_ENP2 BIASP EN VIN VIN sky130_fd_pr__pfet_g5v0d10v5 L=0.5 W=10 nf=1 ad=2.9 as=2.9 pd=20.58 ps=20.58 nrd=0.029 nrs=0.029 sa=0
| + sb=0 sd=0 mult=1 m=1
| XM_TAIL EA_TAIL BIASP VIN VIN sky130_fd_pr__pfet_g5v0d10v5 L=2 W=40 nf=8 ad=5.8 as=7.25 pd=42.32 ps=52.9 nrd=0.00725 nrs=0.00725
| + sa=0 sb=0 sd=0 mult=1 m=1
| XM_IN1 EA_D1 FB EA_TAIL VIN sky130_fd_pr__pfet_g5v0d10v5 L=2 W=10 nf=2 ad=1.45 as=2.9 pd=10.58 ps=21.16 nrd=0.029 nrs=0.029 sa=0
| + sb=0 sd=0 mult=1 m=1
| XM_IN2 EA_D2 VREF EA_TAIL VIN sky130_fd_pr__pfet_g5v0d10v5 L=2 W=10 nf=2 ad=1.45 as=2.9 pd=10.58 ps=21.16 nrd=0.029 nrs=0.029 sa=0
| + sb=0 sd=0 mult=1 m=1
| XM_MIR1 EA_D1 EA_D1 AMP_ENN 0 sky130_fd_pr__nfet_g5v0d10v5 L=4 W=10 nf=2 ad=1.45 as=2.9 pd=10.58 ps=21.16 nrd=0.029 nrs=0.029 sa=0
| + sb=0 sd=0 mult=1 m=1
| XM_MIR2 EA_OUT EA_D1 AMP_ENN 0 sky130_fd_pr__nfet_g5v0d10v5 L=4 W=10 nf=2 ad=1.45 as=2.9 pd=10.58 ps=21.16 nrd=0.029 nrs=0.029
| + sa=0 sb=0 sd=0 mult=1 m=1
| XM_ENN2 AMP_ENN EN 0 0 sky130_fd_pr__nfet_g5v0d10v5 L=0.5 W=10 nf=1 ad=2.9 as=2.9 pd=20.58 ps=20.58 nrd=0.029 nrs=0.029 sa=0 sb=0
| + sd=0 mult=1 m=1
| XM_ENP EA_OUT EN VIN VIN sky130_fd_pr__pfet_g5v0d10v5 L=0.5 W=10 nf=1 ad=2.9 as=2.9 pd=20.58 ps=20.58 nrd=0.029 nrs=0.029 sa=0
| + sb=0 sd=0 mult=1 m=1
| XM_MIR3 EA_D2 EA_D2 AMP_ENN 0 sky130_fd_pr__nfet_g5v0d10v5 L=4 W=10 nf=2 ad=1.45 as=2.9 pd=10.58 ps=21.16 nrd=0.029 nrs=0.029 sa=0
| + sb=0 sd=0 mult=1 m=1
| XM_MIR4 PB EA_D2 AMP_ENN 0 sky130_fd_pr__nfet_g5v0d10v5 L=4 W=10 nf=2 ad=1.45 as=2.9 pd=10.58 ps=21.16 nrd=0.029 nrs=0.029 sa=0
| + sb=0 sd=0 mult=1 m=1
| XM_MIRP1 PB PB VIN VIN sky130_fd_pr__pfet_g5v0d10v5 L=4 W=20 nf=4 ad=2.9 as=4.35 pd=21.16 ps=31.74 nrd=0.0145 nrs=0.0145 sa=0 sb=0
| + sd=0 mult=1 m=1
| XM_MIRP2 EA_OUT PB VIN VIN sky130_fd_pr__pfet_g5v0d10v5 L=4 W=20 nf=4 ad=2.9 as=4.35 pd=21.16 ps=31.74 nrd=0.0145 nrs=0.0145 sa=0
| + sb=0 sd=0 mult=1 m=1
| XM_ENP5 PB EN VIN VIN sky130_fd_pr__pfet_g5v0d10v5 L=0.5 W=2 nf=1 ad=0.58 as=0.58 pd=4.58 ps=4.58 nrd=0.145 nrs=0.145 sa=0 sb=0
| + sd=0 mult=1 m=1
| XM_PASS VOUT EA_OUT VIN VIN sky130_fd_pr__pfet_g5v0d10v5 L=0.5 W=100 nf=25 ad=15.08 as=15.08 pd=111.54 ps=111.54 nrd=0.0029
| + nrs=0.0029 sa=0 sb=0 sd=0 mult=25 m=25
| C_COMP VOUT EA_CZ 150p m=1
| XR_CZ EA_CZ EA_OUT 0 sky130_fd_pr__res_xhigh_po W=0.42 L=52 mult=1 m=1
| XR_FB_A VOUT FB 0 sky130_fd_pr__res_xhigh_po W=0.42 L=180 mult=1 m=1
| XR_FB_B FB N_FBB 0 sky130_fd_pr__res_xhigh_po W=0.42 L=180 mult=1 m=1
| XR_FB_C N_FBB 0 0 sky130_fd_pr__res_xhigh_po W=0.42 L=180 mult=1 m=1
| XM_SENSE CL_SNS EA_OUT VIN VIN sky130_fd_pr__pfet_g5v0d10v5 L=0.5 W=0.42 nf=1 ad=0.1218 as=0.1218 pd=1.42 ps=1.42
| + nrd=0.69047619047619 nrs=0.69047619047619 sa=0 sb=0 sd=0 mult=1 m=1
| XM_CLN1 CL_SNS CL_SNS AMP_ENN 0 sky130_fd_pr__nfet_g5v0d10v5 L=1 W=20 nf=1 ad=5.8 as=5.8 pd=40.58 ps=40.58 nrd=0.0145 nrs=0.0145
| + sa=0 sb=0 sd=0 mult=1 m=1
| XM_CLN2 CL_CMP CL_SNS AMP_ENN 0 sky130_fd_pr__nfet_g5v0d10v5 L=1 W=1.6 nf=1 ad=0.464 as=0.464 pd=3.78 ps=3.78 nrd=0.18125
| + nrs=0.18125 sa=0 sb=0 sd=0 mult=1 m=1
| XM_CLP CL_CMP BIASP VIN VIN sky130_fd_pr__pfet_g5v0d10v5 L=1 W=10 nf=2 ad=1.45 as=2.9 pd=10.58 ps=21.16 nrd=0.029 nrs=0.029 sa=0
| + sb=0 sd=0 mult=1 m=1
| XM_CLIM EA_OUT CL_CMP VIN VIN sky130_fd_pr__pfet_g5v0d10v5 L=0.5 W=20 nf=4 ad=2.9 as=4.35 pd=21.16 ps=31.74 nrd=0.0145 nrs=0.0145
| + sa=0 sb=0 sd=0 mult=1 m=1
| XM_ENP3 CL_CMP EN VIN VIN sky130_fd_pr__pfet_g5v0d10v5 L=0.5 W=2 nf=1 ad=0.58 as=0.58 pd=4.58 ps=4.58 nrd=0.145 nrs=0.145 sa=0
| + sb=0 sd=0 mult=1 m=1
| C_CL VIN CL_CMP 1p m=1
| XM_INVP ENB EN VIN VIN sky130_fd_pr__pfet_g5v0d10v5 L=0.5 W=2 nf=1 ad=0.58 as=0.58 pd=4.58 ps=4.58 nrd=0.145 nrs=0.145 sa=0 sb=0
| + sd=0 mult=1 m=1
| XM_INVN ENB EN 0 0 sky130_fd_pr__nfet_g5v0d10v5 L=0.5 W=1 nf=1 ad=0.29 as=0.29 pd=2.58 ps=2.58 nrd=0.29 nrs=0.29 sa=0 sb=0 sd=0
| + mult=1 m=1
| XM_SSDIS SS ENB 0 0 sky130_fd_pr__nfet_g5v0d10v5 L=0.5 W=2 nf=1 ad=0.58 as=0.58 pd=4.58 ps=4.58 nrd=0.145 nrs=0.145 sa=0 sb=0 sd=0
| + mult=1 m=1
| XM_SSCHG SS BIASP VIN VIN sky130_fd_pr__pfet_g5v0d10v5 L=8 W=1 nf=1 ad=0.29 as=0.29 pd=2.58 ps=2.58 nrd=0.29 nrs=0.29 sa=0 sb=0
| + sd=0 mult=1 m=1
| C_SS SS 0 10p m=1
| XM_IN2S EA_D2 SS EA_TAIL VIN sky130_fd_pr__pfet_g5v0d10v5 L=2 W=10 nf=2 ad=1.45 as=2.9 pd=10.58 ps=21.16 nrd=0.029 nrs=0.029 sa=0
| + sb=0 sd=0 mult=1 m=1
| XM_TSPS TS_SNS BIASP VIN VIN sky130_fd_pr__pfet_g5v0d10v5 L=1 W=2.5 nf=1 ad=0.725 as=0.725 pd=5.58 ps=5.58 nrd=0.116 nrs=0.116
| + sa=0 sb=0 sd=0 mult=1 m=1
| XM_TSD1 TS_SNS TS_SNS TS_MID 0 sky130_fd_pr__nfet_g5v0d10v5 L=1 W=80 nf=16 ad=11.6 as=13.05 pd=84.64 ps=95.22 nrd=0.003625
| + nrs=0.003625 sa=0 sb=0 sd=0 mult=1 m=1
| XM_TSD2 TS_MID TS_MID AMP_ENN 0 sky130_fd_pr__nfet_g5v0d10v5 L=1 W=80 nf=16 ad=11.6 as=13.05 pd=84.64 ps=95.22 nrd=0.003625
| + nrs=0.003625 sa=0 sb=0 sd=0 mult=1 m=1
| XM_TSPR TS_REF BIASP VIN VIN sky130_fd_pr__pfet_g5v0d10v5 L=1 W=2.5 nf=1 ad=0.725 as=0.725 pd=5.58 ps=5.58 nrd=0.116 nrs=0.116
| + sa=0 sb=0 sd=0 mult=1 m=1
| XM_TSR1 TS_REF TS_REF AMP_ENN 0 sky130_fd_pr__nfet_g5v0d10v5 L=10 W=2 nf=1 ad=0.58 as=0.58 pd=4.58 ps=4.58 nrd=0.145 nrs=0.145
| + sa=0 sb=0 sd=0 mult=1 m=1
| XM_TCTAIL TC_TAIL NB AMP_ENN 0 sky130_fd_pr__nfet_g5v0d10v5 L=1 W=1 nf=1 ad=0.29 as=0.29 pd=2.58 ps=2.58 nrd=0.29 nrs=0.29 sa=0
| + sb=0 sd=0 mult=1 m=1
| XM_TCN1 TC_D1 TS_SNS TC_TAIL 0 sky130_fd_pr__nfet_g5v0d10v5 L=2 W=10 nf=2 ad=1.45 as=2.9 pd=10.58 ps=21.16 nrd=0.029 nrs=0.029
| + sa=0 sb=0 sd=0 mult=1 m=1
| XM_TCN2 TS_CMP TS_REF TC_TAIL 0 sky130_fd_pr__nfet_g5v0d10v5 L=2 W=10 nf=2 ad=1.45 as=2.9 pd=10.58 ps=21.16 nrd=0.029 nrs=0.029
| + sa=0 sb=0 sd=0 mult=1 m=1
| XM_TCP1 TC_D1 TC_D1 VIN VIN sky130_fd_pr__pfet_g5v0d10v5 L=2 W=10 nf=2 ad=1.45 as=2.9 pd=10.58 ps=21.16 nrd=0.029 nrs=0.029 sa=0
| + sb=0 sd=0 mult=1 m=1
| XM_TCP2 TS_CMP TC_D1 VIN VIN sky130_fd_pr__pfet_g5v0d10v5 L=2 W=10 nf=2 ad=1.45 as=2.9 pd=10.58 ps=21.16 nrd=0.029 nrs=0.029 sa=0
| + sb=0 sd=0 mult=1 m=1
| XM_TSHUT EA_OUT TS_CMP VIN VIN sky130_fd_pr__pfet_g5v0d10v5 L=0.5 W=20 nf=4 ad=2.9 as=4.35 pd=21.16 ps=31.74 nrd=0.0145 nrs=0.0145
| + sa=0 sb=0 sd=0 mult=1 m=1
| XM_TSHYSB TS_HYS BIASP VIN VIN sky130_fd_pr__pfet_g5v0d10v5 L=2 W=1.5 nf=1 ad=0.435 as=0.435 pd=3.58 ps=3.58 nrd=0.193333333333333
| + nrs=0.193333333333333 sa=0 sb=0 sd=0 mult=1 m=1
| XM_TSHYS TS_REF TS_CMP TS_HYS VIN sky130_fd_pr__pfet_g5v0d10v5 L=0.5 W=2 nf=1 ad=0.58 as=0.58 pd=4.58 ps=4.58 nrd=0.145 nrs=0.145
| + sa=0 sb=0 sd=0 mult=1 m=1
| XM_ENP4 TS_CMP EN VIN VIN sky130_fd_pr__pfet_g5v0d10v5 L=0.5 W=2 nf=1 ad=0.58 as=0.58 pd=4.58 ps=4.58 nrd=0.145 nrs=0.145 sa=0
| + sb=0 sd=0 mult=1 m=1
| C_TS VIN TS_CMP 1p m=1
| .ends
| 
| .control
| save all
| * --- leg 1: full cycle -- EN rises at t=100us, block regulates, EN falls at t=2ms ---
| tran 5u 4.5m
| meas tran vpre find v(vout) at=1.9m
| meas tran iq_avg avg i(vvin) from=3.5m to=4.5m
| meas tran iq_worst min i(vvin) from=3.5m to=4.5m
| meas tran vhold find v(vout) at=4m
| * --- leg 2: static disabled state, output free-floating ---
| op
| * --- leg 3: static disabled state, VOUT forced to 0 V (Vin->Vout leakage) ---
| alter rforce = 1m
| op
| * --- leg 4: static disabled state, VOUT held at the 1.8 V nominal output ---
| alter vforce = 1.8
| op
| let meas_iq_shutdown_static_ua = -1e6*op1.i(vvin)
| let meas_iq_shutdown_after_edge_ua = -1e6*tran1.iq_worst
| let meas_iq_shutdown_after_edge_mean_ua = -1e6*tran1.iq_avg
| let meas_leak_vin_vout_ua = 1e6*op2.i(vforce)
| let meas_vout_pre_disable_v = tran1.vpre
| let meas_vout_hold_2ms_v = tran1.vhold
| let meas_vout_disabled_static_v = op1.v(vout)
| let meas_ivout_held_1v8_ua = -1e6*op3.i(vforce)
| print meas_iq_shutdown_static_ua
| print meas_iq_shutdown_after_edge_ua
| print meas_iq_shutdown_after_edge_mean_ua
| print meas_leak_vin_vout_ua
| print meas_vout_pre_disable_v
| print meas_vout_hold_2ms_v
| print meas_vout_disabled_static_v
| print meas_ivout_held_1v8_ua
| quit
| .endc
| .end

# ==== ngspice stdout ====

Note: Compatibility modes selected: hs a


Circuit: * enable-shutdown corner deck -- generated by sim/bin/corner-run.py, do not edit

option SCALE: Scale is set to 1e-06 for instance and model parameters
option SCALE: Scale is set to 1e-06 for instance and model parameters
option SCALE: Scale is set to 1e-06 for instance and model parameters
option SCALE: Scale is set to 1e-06 for instance and model parameters
Doing analysis at TEMP = 125.000000 and TNOM = 27.000000

Using KLU as Direct Linear Solver
 Reference value :  0.00000e+00
 Reference value :  4.00000e-07
 Reference value :  6.40000e-06
 Reference value :  2.64000e-05
 Reference value :  4.64000e-05
 Reference value :  6.64000e-05
 Reference value :  8.64000e-05
 Reference value :  1.00100e-04
 Reference value :  1.00411e-04
 Reference value :  1.00516e-04
 Reference value :  1.00597e-04
 Reference value :  1.00673e-04
 Reference value :  1.00848e-04
 Reference value :  1.00906e-04
 Reference value :  1.00944e-04
 Reference value :  1.01000e-04
 Reference value :  1.01013e-04
 Reference value :  1.01114e-04
 Reference value :  1.01330e-04
 Reference value :  1.02078e-04
 Reference value :  1.05764e-04
 Reference value :  1.07413e-04
 Reference value :  1.11837e-04
 Reference value :  1.13905e-04
 Reference value :  1.18457e-04
 Reference value :  1.23898e-04
 Reference value :  1.37074e-04
 Reference value :  1.52074e-04
 Reference value :  1.62074e-04
 Reference value :  1.72074e-04
 Reference value :  1.82074e-04
 Reference value :  1.92074e-04
 Reference value :  2.02074e-04
 Reference value :  2.17074e-04
 Reference value :  2.27074e-04
 Reference value :  2.42074e-04
 Reference value :  2.62074e-04
 Reference value :  2.82074e-04
 Reference value :  3.02074e-04
 Reference value :  3.17074e-04
 Reference value :  3.37074e-04
 Reference value :  3.57074e-04
 Reference value :  3.72074e-04
 Reference value :  3.92074e-04
 Reference value :  4.12074e-04
 Reference value :  4.27074e-04
 Reference value :  4.47074e-04
 Reference value :  4.67074e-04
 Reference value :  4.82074e-04
 Reference value :  4.97074e-04
 Reference value :  5.12074e-04
 Reference value :  5.32074e-04
 Reference value :  5.52074e-04
 Reference value :  5.72074e-04
 Reference value :  5.92074e-04
 Reference value :  6.12074e-04
 Reference value :  6.32074e-04
 Reference value :  6.52074e-04
 Reference value :  6.72074e-04
 Reference value :  6.92074e-04
 Reference value :  7.17074e-04
 Reference value :  7.37074e-04
 Reference value :  7.57074e-04
 Reference value :  7.77074e-04
 Reference value :  7.92074e-04
 Reference value :  8.12074e-04
 Reference value :  8.32074e-04
 Reference value :  8.52074e-04
 Reference value :  8.67074e-04
 Reference value :  8.87074e-04
 Reference value :  9.02074e-04
 Reference value :  9.22074e-04
 Reference value :  9.42074e-04
 Reference value :  9.62074e-04
 Reference value :  9.82074e-04
 Reference value :  1.00207e-03
 Reference value :  1.02207e-03
 Reference value :  1.04207e-03
 Reference value :  1.06207e-03
 Reference value :  1.07707e-03
 Reference value :  1.09207e-03
 Reference value :  1.10707e-03
 Reference value :  1.12207e-03
 Reference value :  1.13707e-03
 Reference value :  1.15707e-03
 Reference value :  1.17207e-03
 Reference value :  1.19207e-03
 Reference value :  1.21207e-03
 Reference value :  1.22707e-03
 Reference value :  1.24207e-03
 Reference value :  1.26207e-03
 Reference value :  1.27707e-03
 Reference value :  1.29207e-03
 Reference value :  1.30707e-03
 Reference value :  1.32207e-03
 Reference value :  1.34207e-03
 Reference value :  1.36207e-03
 Reference value :  1.38207e-03
 Reference value :  1.40207e-03
 Reference value :  1.42207e-03
 Reference value :  1.44207e-03
 Reference value :  1.46207e-03
 Reference value :  1.48207e-03
 Reference value :  1.49707e-03
 Reference value :  1.51707e-03
 Reference value :  1.53707e-03
 Reference value :  1.55707e-03
 Reference value :  1.57707e-03
 Reference value :  1.59707e-03
 Reference value :  1.61707e-03
 Reference value :  1.63207e-03
 Reference value :  1.64707e-03
 Reference value :  1.66707e-03
 Reference value :  1.69207e-03
 Reference value :  1.71207e-03
 Reference value :  1.73207e-03
 Reference value :  1.75207e-03
 Reference value :  1.76707e-03
 Reference value :  1.78207e-03
 Reference value :  1.80207e-03
 Reference value :  1.81707e-03
 Reference value :  1.83707e-03
 Reference value :  1.85207e-03
 Reference value :  1.87207e-03
 Reference value :  1.89207e-03
 Reference value :  1.91207e-03
 Reference value :  1.93207e-03
 Reference value :  1.94707e-03
 Reference value :  1.96207e-03
 Reference value :  1.98207e-03
 Reference value :  2.00000e-03
 Reference value :  2.00030e-03
 Reference value :  2.00041e-03
 Reference value :  2.00056e-03
 Reference value :  2.00059e-03
 Reference value :  2.00060e-03
 Reference value :  2.00064e-03
 Reference value :  2.00068e-03
 Reference value :  2.00070e-03
 Reference value :  2.00073e-03
 Reference value :  2.00078e-03
 Reference value :  2.00083e-03
 Reference value :  2.00094e-03
 Reference value :  2.00100e-03
 Reference value :  2.00104e-03
 Reference value :  2.00119e-03
 Reference value :  2.00166e-03
 Reference value :  2.00454e-03
 Reference value :  2.01712e-03
 Reference value :  2.03712e-03
 Reference value :  2.05712e-03
 Reference value :  2.07212e-03
 Reference value :  2.09212e-03
 Reference value :  2.10712e-03
 Reference value :  2.12212e-03
 Reference value :  2.14212e-03
 Reference value :  2.15712e-03
 Reference value :  2.17712e-03
 Reference value :  2.19712e-03
 Reference value :  2.21712e-03
 Reference value :  2.23712e-03
 Reference value :  2.25712e-03
 Reference value :  2.27712e-03
 Reference value :  2.29712e-03
 Reference value :  2.31712e-03
 Reference value :  2.33212e-03
 Reference value :  2.34712e-03
 Reference value :  2.36212e-03
 Reference value :  2.37712e-03
 Reference value :  2.39212e-03
 Reference value :  2.41212e-03
 Reference value :  2.43212e-03
 Reference value :  2.44712e-03
 Reference value :  2.46712e-03
 Reference value :  2.48712e-03
 Reference value :  2.50212e-03
 Reference value :  2.52212e-03
 Reference value :  2.54212e-03
 Reference value :  2.56212e-03
 Reference value :  2.58212e-03
 Reference value :  2.59712e-03
 Reference value :  2.61212e-03
 Reference value :  2.63212e-03
 Reference value :  2.65212e-03
 Reference value :  2.67212e-03
 Reference value :  2.68712e-03
 Reference value :  2.70212e-03
 Reference value :  2.71712e-03
 Reference value :  2.73212e-03
 Reference value :  2.74712e-03
 Reference value :  2.76212e-03
 Reference value :  2.78212e-03
 Reference value :  2.79712e-03
 Reference value :  2.81212e-03
 Reference value :  2.83212e-03
 Reference value :  2.84712e-03
 Reference value :  2.86212e-03
 Reference value :  2.88212e-03
 Reference value :  2.90212e-03
 Reference value :  2.92212e-03
 Reference value :  2.94212e-03
 Reference value :  2.95712e-03
 Reference value :  2.97212e-03
 Reference value :  2.99212e-03
 Reference value :  3.01212e-03
 Reference value :  3.03212e-03
 Reference value :  3.05212e-03
 Reference value :  3.06712e-03
 Reference value :  3.08712e-03
 Reference value :  3.10212e-03
 Reference value :  3.12212e-03
 Reference value :  3.14212e-03
 Reference value :  3.16212e-03
 Reference value :  3.18212e-03
 Reference value :  3.20212e-03
 Reference value :  3.22212e-03
 Reference value :  3.24212e-03
 Reference value :  3.26212e-03
 Reference value :  3.28212e-03
 Reference value :  3.30212e-03
 Reference value :  3.32212e-03
 Reference value :  3.34212e-03
 Reference value :  3.35712e-03
 Reference value :  3.37712e-03
 Reference value :  3.39712e-03
 Reference value :  3.41712e-03
 Reference value :  3.43712e-03
 Reference value :  3.45712e-03
 Reference value :  3.47712e-03
 Reference value :  3.49712e-03
 Reference value :  3.52212e-03
 Reference value :  3.54212e-03
 Reference value :  3.56212e-03
 Reference value :  3.58712e-03
 Reference value :  3.60712e-03
 Reference value :  3.63212e-03
 Reference value :  3.65212e-03
 Reference value :  3.66712e-03
 Reference value :  3.68712e-03
 Reference value :  3.70212e-03
 Reference value :  3.72212e-03
 Reference value :  3.74212e-03
 Reference value :  3.76212e-03
 Reference value :  3.78212e-03
 Reference value :  3.80212e-03
 Reference value :  3.81712e-03
 Reference value :  3.83712e-03
 Reference value :  3.85712e-03
 Reference value :  3.87212e-03
 Reference value :  3.89212e-03
 Reference value :  3.90712e-03
 Reference value :  3.92212e-03
 Reference value :  3.93712e-03
 Reference value :  3.95212e-03
 Reference value :  3.96712e-03
 Reference value :  3.98712e-03
 Reference value :  4.00712e-03
 Reference value :  4.02712e-03
 Reference value :  4.04712e-03
 Reference value :  4.06712e-03
 Reference value :  4.08712e-03
 Reference value :  4.10212e-03
 Reference value :  4.11712e-03
 Reference value :  4.13212e-03
 Reference value :  4.15212e-03
 Reference value :  4.16712e-03
 Reference value :  4.18712e-03
 Reference value :  4.20712e-03
 Reference value :  4.22712e-03
 Reference value :  4.24712e-03
 Reference value :  4.26212e-03
 Reference value :  4.27712e-03
 Reference value :  4.30212e-03
 Reference value :  4.32712e-03
 Reference value :  4.35212e-03
 Reference value :  4.37712e-03
 Reference value :  4.39712e-03
 Reference value :  4.41712e-03
 Reference value :  4.43712e-03
 Reference value :  4.45712e-03
 Reference value :  4.47712e-03
 Reference value :  4.49212e-03
No. of Data Rows : 974
vpre                =  8.36401e-03
iq_avg              =  -1.12332e-08 from=  3.50000e-03 to=  4.50000e-03
iq_worst            =  -1.19905e-08 at=  3.50212e-03
vhold               =  8.36430e-03
Doing analysis at TEMP = 125.000000 and TNOM = 27.000000

Using KLU as Direct Linear Solver
 Reference value :  0.00000e+00
No. of Data Rows : 1
Doing analysis at TEMP = 125.000000 and TNOM = 27.000000

Using KLU as Direct Linear Solver
 Reference value :  0.00000e+00
No. of Data Rows : 1
Doing analysis at TEMP = 125.000000 and TNOM = 27.000000

Using KLU as Direct Linear Solver
 Reference value :  0.00000e+00
No. of Data Rows : 1
meas_iq_shutdown_static_ua = 1.118452e-02
meas_iq_shutdown_after_edge_ua = 1.199050e-02
meas_iq_shutdown_after_edge_mean_ua = 1.123316e-02
meas_leak_vin_vout_ua = 2.692891e-03
meas_vout_pre_disable_v = 8.364009e-03
meas_vout_hold_2ms_v = 8.364295e-03
meas_vout_disabled_static_v = 8.364106e-03
meas_ivout_held_1v8_ua = 5.754321e-01
ngspice-46 done

# ==== ngspice stderr ====
Note: Starting dynamic gmin stepping
Note: Dynamic gmin stepping completed
