# corner: sf_125c_2.97v
# process=sf temp=125C supply=2.97V
# ngspice exit: 0
# wall clock: 78.8s (--timeout was 300s)
# result: FAIL

# ==== deck (exact input given to ngspice) ====
| * enable-shutdown corner deck -- generated by sim/bin/corner-run.py, do not edit
| * corner: sf_125c_2.97v
| .param vsup=2.97
| .option wnflag=1
| .temp 125
| .lib "/home/ubuntu/.volare/sky130A/libs.tech/combined/sky130.lib.spice" sf
| ** sch_path: sim/enable-shutdown/testbench/tb_enable_shutdown.sch
| **.subckt tb_enable_shutdown
| VVIN VIN 0 'vsup'
| .save i(vvin)
| VEN EN 0 dc 0 pwl(0 0 100u 0 101u 'vsup' 2m 'vsup' 2.001m 0 10 0)
| .save i(ven)
| VVREF VREF 0 1.2
| .save i(vvref)
| xldo VOUT VREF EN VIN ldo_3v3in_1v8out
| COUT VOUT VESR 1u m=1
| RESR VESR 0 10m m=1
| RLOAD VOUT 0 1e12 m=1
| RFORCE VOUT VF 1e12 m=1
| VFORCE VF 0 0
| .save i(vforce)
| **.ends
| 
| * expanding   symbol:  design/ldo_3v3in_1v8out.sym # of pins=4
| ** sym_path: design/ldo_3v3in_1v8out.sym
| ** sch_path: design/ldo_3v3in_1v8out.sch
| .subckt ldo_3v3in_1v8out VOUT VREF EN VIN
| *.ipin VIN
| *.ipin EN
| *.ipin VREF
| *.opin VOUT
| XR_BIAS VIN NB 0 sky130_fd_pr__res_high_po W=0.42 L=1500 mult=1 m=1
| XM_BIASN1 NB NB BIAS_ENN 0 sky130_fd_pr__nfet_g5v0d10v5 L=1 W=4 nf=1 ad=1.16 as=1.16 pd=8.58 ps=8.58 nrd=0.0725 nrs=0.0725 sa=0
| + sb=0 sd=0 mult=1 m=1
| XM_ENN BIAS_ENN EN 0 0 sky130_fd_pr__nfet_g5v0d10v5 L=0.5 W=10 nf=1 ad=2.9 as=2.9 pd=20.58 ps=20.58 nrd=0.029 nrs=0.029 sa=0 sb=0
| + sd=0 mult=1 m=1
| XM_BIASN2 BIASP NB BIAS_ENN 0 sky130_fd_pr__nfet_g5v0d10v5 L=1 W=4 nf=1 ad=1.16 as=1.16 pd=8.58 ps=8.58 nrd=0.0725 nrs=0.0725 sa=0
| + sb=0 sd=0 mult=1 m=1
| XM_BIASP1 BIASP BIASP VIN VIN sky130_fd_pr__pfet_g5v0d10v5 L=1 W=10 nf=2 ad=1.45 as=2.9 pd=10.58 ps=21.16 nrd=0.029 nrs=0.029 sa=0
| + sb=0 sd=0 mult=1 m=1
| XM_ENP2 BIASP EN VIN VIN sky130_fd_pr__pfet_g5v0d10v5 L=0.5 W=10 nf=1 ad=2.9 as=2.9 pd=20.58 ps=20.58 nrd=0.029 nrs=0.029 sa=0
| + sb=0 sd=0 mult=1 m=1
| XM_TAIL EA_TAIL BIASP VIN VIN sky130_fd_pr__pfet_g5v0d10v5 L=2 W=40 nf=8 ad=5.8 as=7.25 pd=42.32 ps=52.9 nrd=0.00725 nrs=0.00725
| + sa=0 sb=0 sd=0 mult=1 m=1
| XM_IN1 EA_D1 FB EA_TAIL VIN sky130_fd_pr__pfet_g5v0d10v5 L=2 W=10 nf=2 ad=1.45 as=2.9 pd=10.58 ps=21.16 nrd=0.029 nrs=0.029 sa=0
| + sb=0 sd=0 mult=1 m=1
| XM_IN2 EA_D2 VREF EA_TAIL VIN sky130_fd_pr__pfet_g5v0d10v5 L=2 W=10 nf=2 ad=1.45 as=2.9 pd=10.58 ps=21.16 nrd=0.029 nrs=0.029 sa=0
| + sb=0 sd=0 mult=1 m=1
| XM_MIR1 EA_D1 EA_D1 AMP_ENN 0 sky130_fd_pr__nfet_g5v0d10v5 L=4 W=10 nf=2 ad=1.45 as=2.9 pd=10.58 ps=21.16 nrd=0.029 nrs=0.029 sa=0
| + sb=0 sd=0 mult=1 m=1
| XM_MIR2 EA_OUT EA_D1 AMP_ENN 0 sky130_fd_pr__nfet_g5v0d10v5 L=4 W=10 nf=2 ad=1.45 as=2.9 pd=10.58 ps=21.16 nrd=0.029 nrs=0.029
| + sa=0 sb=0 sd=0 mult=1 m=1
| XM_ENN2 AMP_ENN EN 0 0 sky130_fd_pr__nfet_g5v0d10v5 L=0.5 W=10 nf=1 ad=2.9 as=2.9 pd=20.58 ps=20.58 nrd=0.029 nrs=0.029 sa=0 sb=0
| + sd=0 mult=1 m=1
| XM_ENP EA_OUT EN VIN VIN sky130_fd_pr__pfet_g5v0d10v5 L=0.5 W=10 nf=1 ad=2.9 as=2.9 pd=20.58 ps=20.58 nrd=0.029 nrs=0.029 sa=0
| + sb=0 sd=0 mult=1 m=1
| XM_MIR3 EA_D2 EA_D2 AMP_ENN 0 sky130_fd_pr__nfet_g5v0d10v5 L=4 W=10 nf=2 ad=1.45 as=2.9 pd=10.58 ps=21.16 nrd=0.029 nrs=0.029 sa=0
| + sb=0 sd=0 mult=1 m=1
| XM_MIR4 PB EA_D2 AMP_ENN 0 sky130_fd_pr__nfet_g5v0d10v5 L=4 W=10 nf=2 ad=1.45 as=2.9 pd=10.58 ps=21.16 nrd=0.029 nrs=0.029 sa=0
| + sb=0 sd=0 mult=1 m=1
| XM_MIRP1 PB PB VIN VIN sky130_fd_pr__pfet_g5v0d10v5 L=4 W=20 nf=4 ad=2.9 as=4.35 pd=21.16 ps=31.74 nrd=0.0145 nrs=0.0145 sa=0 sb=0
| + sd=0 mult=1 m=1
| XM_MIRP2 EA_OUT PB VIN VIN sky130_fd_pr__pfet_g5v0d10v5 L=4 W=20 nf=4 ad=2.9 as=4.35 pd=21.16 ps=31.74 nrd=0.0145 nrs=0.0145 sa=0
| + sb=0 sd=0 mult=1 m=1
| XM_ENP5 PB EN VIN VIN sky130_fd_pr__pfet_g5v0d10v5 L=0.5 W=2 nf=1 ad=0.58 as=0.58 pd=4.58 ps=4.58 nrd=0.145 nrs=0.145 sa=0 sb=0
| + sd=0 mult=1 m=1
| XM_PASS VOUT EA_OUT VIN VIN sky130_fd_pr__pfet_g5v0d10v5 L=0.5 W=100 nf=25 ad=15.08 as=15.08 pd=111.54 ps=111.54 nrd=0.0029
| + nrs=0.0029 sa=0 sb=0 sd=0 mult=25 m=25
| C_COMP VOUT EA_CZ 150p m=1
| XR_CZ EA_CZ EA_OUT 0 sky130_fd_pr__res_xhigh_po W=0.42 L=52 mult=1 m=1
| XR_FB_A VOUT FB 0 sky130_fd_pr__res_xhigh_po W=0.42 L=180 mult=1 m=1
| XR_FB_B FB N_FBB 0 sky130_fd_pr__res_xhigh_po W=0.42 L=180 mult=1 m=1
| XR_FB_C N_FBB 0 0 sky130_fd_pr__res_xhigh_po W=0.42 L=180 mult=1 m=1
| XM_SENSE CL_SNS EA_OUT VIN VIN sky130_fd_pr__pfet_g5v0d10v5 L=0.5 W=0.42 nf=1 ad=0.1218 as=0.1218 pd=1.42 ps=1.42
| + nrd=0.69047619047619 nrs=0.69047619047619 sa=0 sb=0 sd=0 mult=1 m=1
| XM_CLN1 CL_SNS CL_SNS AMP_ENN 0 sky130_fd_pr__nfet_g5v0d10v5 L=1 W=20 nf=1 ad=5.8 as=5.8 pd=40.58 ps=40.58 nrd=0.0145 nrs=0.0145
| + sa=0 sb=0 sd=0 mult=1 m=1
| XM_CLN2 CL_CMP CL_SNS AMP_ENN 0 sky130_fd_pr__nfet_g5v0d10v5 L=1 W=1.6 nf=1 ad=0.464 as=0.464 pd=3.78 ps=3.78 nrd=0.18125
| + nrs=0.18125 sa=0 sb=0 sd=0 mult=1 m=1
| XM_CLP CL_CMP BIASP VIN VIN sky130_fd_pr__pfet_g5v0d10v5 L=1 W=10 nf=2 ad=1.45 as=2.9 pd=10.58 ps=21.16 nrd=0.029 nrs=0.029 sa=0
| + sb=0 sd=0 mult=1 m=1
| XM_CLIM EA_OUT CL_CMP VIN VIN sky130_fd_pr__pfet_g5v0d10v5 L=0.5 W=20 nf=4 ad=2.9 as=4.35 pd=21.16 ps=31.74 nrd=0.0145 nrs=0.0145
| + sa=0 sb=0 sd=0 mult=1 m=1
| XM_ENP3 CL_CMP EN VIN VIN sky130_fd_pr__pfet_g5v0d10v5 L=0.5 W=2 nf=1 ad=0.58 as=0.58 pd=4.58 ps=4.58 nrd=0.145 nrs=0.145 sa=0
| + sb=0 sd=0 mult=1 m=1
| C_CL VIN CL_CMP 1p m=1
| XM_INVP ENB EN VIN VIN sky130_fd_pr__pfet_g5v0d10v5 L=0.5 W=2 nf=1 ad=0.58 as=0.58 pd=4.58 ps=4.58 nrd=0.145 nrs=0.145 sa=0 sb=0
| + sd=0 mult=1 m=1
| XM_INVN ENB EN 0 0 sky130_fd_pr__nfet_g5v0d10v5 L=0.5 W=1 nf=1 ad=0.29 as=0.29 pd=2.58 ps=2.58 nrd=0.29 nrs=0.29 sa=0 sb=0 sd=0
| + mult=1 m=1
| XM_SSDIS SS ENB 0 0 sky130_fd_pr__nfet_g5v0d10v5 L=0.5 W=2 nf=1 ad=0.58 as=0.58 pd=4.58 ps=4.58 nrd=0.145 nrs=0.145 sa=0 sb=0 sd=0
| + mult=1 m=1
| XM_SSCHG SS BIASP VIN VIN sky130_fd_pr__pfet_g5v0d10v5 L=8 W=1 nf=1 ad=0.29 as=0.29 pd=2.58 ps=2.58 nrd=0.29 nrs=0.29 sa=0 sb=0
| + sd=0 mult=1 m=1
| C_SS SS 0 10p m=1
| XM_IN2S EA_D2 SS EA_TAIL VIN sky130_fd_pr__pfet_g5v0d10v5 L=2 W=10 nf=2 ad=1.45 as=2.9 pd=10.58 ps=21.16 nrd=0.029 nrs=0.029 sa=0
| + sb=0 sd=0 mult=1 m=1
| XM_TSPS TS_SNS BIASP VIN VIN sky130_fd_pr__pfet_g5v0d10v5 L=1 W=2.5 nf=1 ad=0.725 as=0.725 pd=5.58 ps=5.58 nrd=0.116 nrs=0.116
| + sa=0 sb=0 sd=0 mult=1 m=1
| XM_TSD1 TS_SNS TS_SNS TS_MID 0 sky130_fd_pr__nfet_g5v0d10v5 L=1 W=80 nf=16 ad=11.6 as=13.05 pd=84.64 ps=95.22 nrd=0.003625
| + nrs=0.003625 sa=0 sb=0 sd=0 mult=1 m=1
| XM_TSD2 TS_MID TS_MID AMP_ENN 0 sky130_fd_pr__nfet_g5v0d10v5 L=1 W=80 nf=16 ad=11.6 as=13.05 pd=84.64 ps=95.22 nrd=0.003625
| + nrs=0.003625 sa=0 sb=0 sd=0 mult=1 m=1
| XM_TSPR TS_REF BIASP VIN VIN sky130_fd_pr__pfet_g5v0d10v5 L=1 W=2.5 nf=1 ad=0.725 as=0.725 pd=5.58 ps=5.58 nrd=0.116 nrs=0.116
| + sa=0 sb=0 sd=0 mult=1 m=1
| XM_TSR1 TS_REF TS_REF AMP_ENN 0 sky130_fd_pr__nfet_g5v0d10v5 L=10 W=2 nf=1 ad=0.58 as=0.58 pd=4.58 ps=4.58 nrd=0.145 nrs=0.145
| + sa=0 sb=0 sd=0 mult=1 m=1
| XM_TCTAIL TC_TAIL NB AMP_ENN 0 sky130_fd_pr__nfet_g5v0d10v5 L=1 W=1 nf=1 ad=0.29 as=0.29 pd=2.58 ps=2.58 nrd=0.29 nrs=0.29 sa=0
| + sb=0 sd=0 mult=1 m=1
| XM_TCN1 TC_D1 TS_SNS TC_TAIL 0 sky130_fd_pr__nfet_g5v0d10v5 L=2 W=10 nf=2 ad=1.45 as=2.9 pd=10.58 ps=21.16 nrd=0.029 nrs=0.029
| + sa=0 sb=0 sd=0 mult=1 m=1
| XM_TCN2 TS_CMP TS_REF TC_TAIL 0 sky130_fd_pr__nfet_g5v0d10v5 L=2 W=10 nf=2 ad=1.45 as=2.9 pd=10.58 ps=21.16 nrd=0.029 nrs=0.029
| + sa=0 sb=0 sd=0 mult=1 m=1
| XM_TCP1 TC_D1 TC_D1 VIN VIN sky130_fd_pr__pfet_g5v0d10v5 L=2 W=10 nf=2 ad=1.45 as=2.9 pd=10.58 ps=21.16 nrd=0.029 nrs=0.029 sa=0
| + sb=0 sd=0 mult=1 m=1
| XM_TCP2 TS_CMP TC_D1 VIN VIN sky130_fd_pr__pfet_g5v0d10v5 L=2 W=10 nf=2 ad=1.45 as=2.9 pd=10.58 ps=21.16 nrd=0.029 nrs=0.029 sa=0
| + sb=0 sd=0 mult=1 m=1
| XM_TSHUT EA_OUT TS_CMP VIN VIN sky130_fd_pr__pfet_g5v0d10v5 L=0.5 W=20 nf=4 ad=2.9 as=4.35 pd=21.16 ps=31.74 nrd=0.0145 nrs=0.0145
| + sa=0 sb=0 sd=0 mult=1 m=1
| XM_TSHYSB TS_HYS BIASP VIN VIN sky130_fd_pr__pfet_g5v0d10v5 L=2 W=1.5 nf=1 ad=0.435 as=0.435 pd=3.58 ps=3.58 nrd=0.193333333333333
| + nrs=0.193333333333333 sa=0 sb=0 sd=0 mult=1 m=1
| XM_TSHYS TS_REF TS_CMP TS_HYS VIN sky130_fd_pr__pfet_g5v0d10v5 L=0.5 W=2 nf=1 ad=0.58 as=0.58 pd=4.58 ps=4.58 nrd=0.145 nrs=0.145
| + sa=0 sb=0 sd=0 mult=1 m=1
| XM_ENP4 TS_CMP EN VIN VIN sky130_fd_pr__pfet_g5v0d10v5 L=0.5 W=2 nf=1 ad=0.58 as=0.58 pd=4.58 ps=4.58 nrd=0.145 nrs=0.145 sa=0
| + sb=0 sd=0 mult=1 m=1
| C_TS VIN TS_CMP 1p m=1
| .ends
| 
| .control
| save all
| * --- leg 1: full cycle -- EN rises at t=100us, block regulates, EN falls at t=2ms ---
| tran 5u 4.5m
| meas tran vpre find v(vout) at=1.9m
| meas tran iq_avg avg i(vvin) from=3.5m to=4.5m
| meas tran iq_worst min i(vvin) from=3.5m to=4.5m
| meas tran vhold find v(vout) at=4m
| * --- leg 2: static disabled state, output free-floating ---
| op
| * --- leg 3: static disabled state, VOUT forced to 0 V (Vin->Vout leakage) ---
| alter rforce = 1m
| op
| * --- leg 4: static disabled state, VOUT held at the 1.8 V nominal output ---
| alter vforce = 1.8
| op
| let meas_iq_shutdown_static_ua = -1e6*op1.i(vvin)
| let meas_iq_shutdown_after_edge_ua = -1e6*tran1.iq_worst
| let meas_iq_shutdown_after_edge_mean_ua = -1e6*tran1.iq_avg
| let meas_leak_vin_vout_ua = 1e6*op2.i(vforce)
| let meas_vout_pre_disable_v = tran1.vpre
| let meas_vout_hold_2ms_v = tran1.vhold
| let meas_vout_disabled_static_v = op1.v(vout)
| let meas_ivout_held_1v8_ua = -1e6*op3.i(vforce)
| print meas_iq_shutdown_static_ua
| print meas_iq_shutdown_after_edge_ua
| print meas_iq_shutdown_after_edge_mean_ua
| print meas_leak_vin_vout_ua
| print meas_vout_pre_disable_v
| print meas_vout_hold_2ms_v
| print meas_vout_disabled_static_v
| print meas_ivout_held_1v8_ua
| quit
| .endc
| .end

# ==== ngspice stdout ====

Note: Compatibility modes selected: hs a


Circuit: * enable-shutdown corner deck -- generated by sim/bin/corner-run.py, do not edit

option SCALE: Scale is set to 1e-06 for instance and model parameters
option SCALE: Scale is set to 1e-06 for instance and model parameters
option SCALE: Scale is set to 1e-06 for instance and model parameters
option SCALE: Scale is set to 1e-06 for instance and model parameters
Doing analysis at TEMP = 125.000000 and TNOM = 27.000000

Using KLU as Direct Linear Solver
 Reference value :  0.00000e+00
 Reference value :  4.00000e-07
 Reference value :  6.40000e-06
 Reference value :  2.64000e-05
 Reference value :  4.64000e-05
 Reference value :  6.64000e-05
 Reference value :  9.14000e-05
 Reference value :  1.00100e-04
 Reference value :  1.00411e-04
 Reference value :  1.00516e-04
 Reference value :  1.00598e-04
 Reference value :  1.00780e-04
 Reference value :  1.00863e-04
 Reference value :  1.00921e-04
 Reference value :  1.01000e-04
 Reference value :  1.01031e-04
 Reference value :  1.01142e-04
 Reference value :  1.01374e-04
 Reference value :  1.02109e-04
 Reference value :  1.05512e-04
 Reference value :  1.08787e-04
 Reference value :  1.14763e-04
 Reference value :  1.19837e-04
 Reference value :  1.25105e-04
 Reference value :  1.32538e-04
 Reference value :  1.47538e-04
 Reference value :  1.62538e-04
 Reference value :  1.77538e-04
 Reference value :  1.92538e-04
 Reference value :  2.02538e-04
 Reference value :  2.12538e-04
 Reference value :  2.27538e-04
 Reference value :  2.37538e-04
 Reference value :  2.57538e-04
 Reference value :  2.77538e-04
 Reference value :  2.97538e-04
 Reference value :  3.17538e-04
 Reference value :  3.37538e-04
 Reference value :  3.57538e-04
 Reference value :  3.72538e-04
 Reference value :  3.92538e-04
 Reference value :  4.07538e-04
 Reference value :  4.27538e-04
 Reference value :  4.47538e-04
 Reference value :  4.67538e-04
 Reference value :  4.92538e-04
 Reference value :  5.12538e-04
 Reference value :  5.32538e-04
 Reference value :  5.47538e-04
 Reference value :  5.62538e-04
 Reference value :  5.82538e-04
 Reference value :  6.02538e-04
 Reference value :  6.22538e-04
 Reference value :  6.42538e-04
 Reference value :  6.62538e-04
 Reference value :  6.82538e-04
 Reference value :  7.02538e-04
 Reference value :  7.22538e-04
 Reference value :  7.37538e-04
 Reference value :  7.52538e-04
 Reference value :  7.72538e-04
 Reference value :  7.92538e-04
 Reference value :  8.12538e-04
 Reference value :  8.32538e-04
 Reference value :  8.52538e-04
 Reference value :  8.72538e-04
 Reference value :  8.87538e-04
 Reference value :  9.07538e-04
 Reference value :  9.27538e-04
 Reference value :  9.47538e-04
 Reference value :  9.67538e-04
 Reference value :  9.87538e-04
 Reference value :  1.00254e-03
 Reference value :  1.02254e-03
 Reference value :  1.04754e-03
 Reference value :  1.06754e-03
 Reference value :  1.08254e-03
 Reference value :  1.09754e-03
 Reference value :  1.12254e-03
 Reference value :  1.14254e-03
 Reference value :  1.16254e-03
 Reference value :  1.18254e-03
 Reference value :  1.20254e-03
 Reference value :  1.22254e-03
 Reference value :  1.24254e-03
 Reference value :  1.26254e-03
 Reference value :  1.28254e-03
 Reference value :  1.30754e-03
 Reference value :  1.32754e-03
 Reference value :  1.34754e-03
 Reference value :  1.36254e-03
 Reference value :  1.38254e-03
 Reference value :  1.40254e-03
 Reference value :  1.42254e-03
 Reference value :  1.44254e-03
 Reference value :  1.45754e-03
 Reference value :  1.47754e-03
 Reference value :  1.49754e-03
 Reference value :  1.51754e-03
 Reference value :  1.53754e-03
 Reference value :  1.55254e-03
 Reference value :  1.57254e-03
 Reference value :  1.58754e-03
 Reference value :  1.60254e-03
 Reference value :  1.62254e-03
 Reference value :  1.63754e-03
 Reference value :  1.65254e-03
 Reference value :  1.66754e-03
 Reference value :  1.68754e-03
 Reference value :  1.70754e-03
 Reference value :  1.72254e-03
 Reference value :  1.73754e-03
 Reference value :  1.75754e-03
 Reference value :  1.77754e-03
 Reference value :  1.79754e-03
 Reference value :  1.81754e-03
 Reference value :  1.83754e-03
 Reference value :  1.85754e-03
 Reference value :  1.87254e-03
 Reference value :  1.88754e-03
 Reference value :  1.90754e-03
 Reference value :  1.92754e-03
 Reference value :  1.94754e-03
 Reference value :  1.96754e-03
 Reference value :  1.98754e-03
 Reference value :  2.00010e-03
 Reference value :  2.00030e-03
 Reference value :  2.00045e-03
 Reference value :  2.00054e-03
 Reference value :  2.00059e-03
 Reference value :  2.00062e-03
 Reference value :  2.00063e-03
 Reference value :  2.00067e-03
 Reference value :  2.00070e-03
 Reference value :  2.00071e-03
 Reference value :  2.00075e-03
 Reference value :  2.00079e-03
 Reference value :  2.00084e-03
 Reference value :  2.00093e-03
 Reference value :  2.00101e-03
 Reference value :  2.00110e-03
 Reference value :  2.00173e-03
 Reference value :  2.00346e-03
 Reference value :  2.01274e-03
 Reference value :  2.02774e-03
 Reference value :  2.04774e-03
 Reference value :  2.06774e-03
 Reference value :  2.08774e-03
 Reference value :  2.10274e-03
 Reference value :  2.12274e-03
 Reference value :  2.13774e-03
 Reference value :  2.15274e-03
 Reference value :  2.16774e-03
 Reference value :  2.18274e-03
 Reference value :  2.19774e-03
 Reference value :  2.21774e-03
 Reference value :  2.23774e-03
 Reference value :  2.25274e-03
 Reference value :  2.27274e-03
 Reference value :  2.29274e-03
 Reference value :  2.31274e-03
 Reference value :  2.33274e-03
 Reference value :  2.35274e-03
 Reference value :  2.36774e-03
 Reference value :  2.38774e-03
 Reference value :  2.40274e-03
 Reference value :  2.41774e-03
 Reference value :  2.43274e-03
 Reference value :  2.45274e-03
 Reference value :  2.47274e-03
 Reference value :  2.48774e-03
 Reference value :  2.50274e-03
 Reference value :  2.52274e-03
 Reference value :  2.54774e-03
 Reference value :  2.56774e-03
 Reference value :  2.58774e-03
 Reference value :  2.60774e-03
 Reference value :  2.62774e-03
 Reference value :  2.64774e-03
 Reference value :  2.66774e-03
 Reference value :  2.68774e-03
 Reference value :  2.70774e-03
 Reference value :  2.72774e-03
 Reference value :  2.74774e-03
 Reference value :  2.76774e-03
 Reference value :  2.78774e-03
 Reference value :  2.80774e-03
 Reference value :  2.82774e-03
 Reference value :  2.84774e-03
 Reference value :  2.86774e-03
 Reference value :  2.88774e-03
 Reference value :  2.90774e-03
 Reference value :  2.92774e-03
 Reference value :  2.94774e-03
 Reference value :  2.96274e-03
 Reference value :  2.98274e-03
 Reference value :  3.00274e-03
 Reference value :  3.02274e-03
 Reference value :  3.04274e-03
 Reference value :  3.06274e-03
 Reference value :  3.08274e-03
 Reference value :  3.10274e-03
 Reference value :  3.12274e-03
 Reference value :  3.14274e-03
 Reference value :  3.15774e-03
 Reference value :  3.17774e-03
 Reference value :  3.19774e-03
 Reference value :  3.21774e-03
 Reference value :  3.23774e-03
 Reference value :  3.25274e-03
 Reference value :  3.27274e-03
 Reference value :  3.29274e-03
 Reference value :  3.31274e-03
 Reference value :  3.33274e-03
 Reference value :  3.35274e-03
 Reference value :  3.37274e-03
 Reference value :  3.38774e-03
 Reference value :  3.40274e-03
 Reference value :  3.42274e-03
 Reference value :  3.44274e-03
 Reference value :  3.46274e-03
 Reference value :  3.48274e-03
 Reference value :  3.50274e-03
 Reference value :  3.51774e-03
 Reference value :  3.53774e-03
 Reference value :  3.55274e-03
 Reference value :  3.56774e-03
 Reference value :  3.58274e-03
 Reference value :  3.60274e-03
 Reference value :  3.62274e-03
 Reference value :  3.64274e-03
 Reference value :  3.66274e-03
 Reference value :  3.68274e-03
 Reference value :  3.70274e-03
 Reference value :  3.72274e-03
 Reference value :  3.74274e-03
 Reference value :  3.75774e-03
 Reference value :  3.77274e-03
 Reference value :  3.79274e-03
 Reference value :  3.81274e-03
 Reference value :  3.83274e-03
 Reference value :  3.85274e-03
 Reference value :  3.86774e-03
 Reference value :  3.88774e-03
 Reference value :  3.90774e-03
 Reference value :  3.92274e-03
 Reference value :  3.94274e-03
 Reference value :  3.95774e-03
 Reference value :  3.97274e-03
 Reference value :  3.99274e-03
 Reference value :  4.01274e-03
 Reference value :  4.03274e-03
 Reference value :  4.05274e-03
 Reference value :  4.06774e-03
 Reference value :  4.08774e-03
 Reference value :  4.10274e-03
 Reference value :  4.12274e-03
 Reference value :  4.14274e-03
 Reference value :  4.15774e-03
 Reference value :  4.17774e-03
 Reference value :  4.19774e-03
 Reference value :  4.21274e-03
 Reference value :  4.22774e-03
 Reference value :  4.24274e-03
 Reference value :  4.26274e-03
 Reference value :  4.28274e-03
 Reference value :  4.29774e-03
 Reference value :  4.31774e-03
 Reference value :  4.33274e-03
 Reference value :  4.35774e-03
 Reference value :  4.38774e-03
 Reference value :  4.41274e-03
 Reference value :  4.44274e-03
 Reference value :  4.46774e-03
 Reference value :  4.48774e-03
No. of Data Rows : 973
vpre                =  6.99506e-03
iq_avg              =  -1.00793e-08 from=  3.50000e-03 to=  4.50000e-03
iq_worst            =  -1.06851e-08 at=  3.50274e-03
vhold               =  6.99533e-03
Doing analysis at TEMP = 125.000000 and TNOM = 27.000000

Using KLU as Direct Linear Solver
 Reference value :  0.00000e+00
No. of Data Rows : 1
Doing analysis at TEMP = 125.000000 and TNOM = 27.000000

Using KLU as Direct Linear Solver
 Reference value :  0.00000e+00
No. of Data Rows : 1
Doing analysis at TEMP = 125.000000 and TNOM = 27.000000

Using KLU as Direct Linear Solver
 Reference value :  0.00000e+00
No. of Data Rows : 1
meas_iq_shutdown_static_ua = 1.003653e-02
meas_iq_shutdown_after_edge_ua = 1.068506e-02
meas_iq_shutdown_after_edge_mean_ua = 1.007933e-02
meas_leak_vin_vout_ua = 2.248034e-03
meas_vout_pre_disable_v = 6.995057e-03
meas_vout_hold_2ms_v = 6.995329e-03
meas_vout_disabled_static_v = 6.995184e-03
meas_ivout_held_1v8_ua = 5.755820e-01
ngspice-46 done

# ==== ngspice stderr ====
Note: Starting dynamic gmin stepping
Note: Dynamic gmin stepping completed
