# corner: sf_125c_3.63v
# process=sf temp=125C supply=3.63V
# ngspice exit: 0
# wall clock: 70.5s (--timeout was 300s)
# result: FAIL

# ==== deck (exact input given to ngspice) ====
| * enable-shutdown corner deck -- generated by sim/bin/corner-run.py, do not edit
| * corner: sf_125c_3.63v
| .param vsup=3.63
| .option wnflag=1
| .temp 125
| .lib "/home/ubuntu/.volare/sky130A/libs.tech/combined/sky130.lib.spice" sf
| ** sch_path: sim/enable-shutdown/testbench/tb_enable_shutdown.sch
| **.subckt tb_enable_shutdown
| VVIN VIN 0 'vsup'
| .save i(vvin)
| VEN EN 0 dc 0 pwl(0 0 100u 0 101u 'vsup' 2m 'vsup' 2.001m 0 10 0)
| .save i(ven)
| VVREF VREF 0 1.2
| .save i(vvref)
| xldo VOUT VREF EN VIN ldo_3v3in_1v8out
| COUT VOUT VESR 1u m=1
| RESR VESR 0 10m m=1
| RLOAD VOUT 0 1e12 m=1
| RFORCE VOUT VF 1e12 m=1
| VFORCE VF 0 0
| .save i(vforce)
| **.ends
| 
| * expanding   symbol:  design/ldo_3v3in_1v8out.sym # of pins=4
| ** sym_path: design/ldo_3v3in_1v8out.sym
| ** sch_path: design/ldo_3v3in_1v8out.sch
| .subckt ldo_3v3in_1v8out VOUT VREF EN VIN
| *.ipin VIN
| *.ipin EN
| *.ipin VREF
| *.opin VOUT
| XR_BIAS VIN NB 0 sky130_fd_pr__res_high_po W=0.42 L=1500 mult=1 m=1
| XM_BIASN1 NB NB BIAS_ENN 0 sky130_fd_pr__nfet_g5v0d10v5 L=1 W=4 nf=1 ad=1.16 as=1.16 pd=8.58 ps=8.58 nrd=0.0725 nrs=0.0725 sa=0
| + sb=0 sd=0 mult=1 m=1
| XM_ENN BIAS_ENN EN 0 0 sky130_fd_pr__nfet_g5v0d10v5 L=0.5 W=10 nf=1 ad=2.9 as=2.9 pd=20.58 ps=20.58 nrd=0.029 nrs=0.029 sa=0 sb=0
| + sd=0 mult=1 m=1
| XM_BIASN2 BIASP NB BIAS_ENN 0 sky130_fd_pr__nfet_g5v0d10v5 L=1 W=4 nf=1 ad=1.16 as=1.16 pd=8.58 ps=8.58 nrd=0.0725 nrs=0.0725 sa=0
| + sb=0 sd=0 mult=1 m=1
| XM_BIASP1 BIASP BIASP VIN VIN sky130_fd_pr__pfet_g5v0d10v5 L=1 W=10 nf=2 ad=1.45 as=2.9 pd=10.58 ps=21.16 nrd=0.029 nrs=0.029 sa=0
| + sb=0 sd=0 mult=1 m=1
| XM_ENP2 BIASP EN VIN VIN sky130_fd_pr__pfet_g5v0d10v5 L=0.5 W=10 nf=1 ad=2.9 as=2.9 pd=20.58 ps=20.58 nrd=0.029 nrs=0.029 sa=0
| + sb=0 sd=0 mult=1 m=1
| XM_TAIL EA_TAIL BIASP VIN VIN sky130_fd_pr__pfet_g5v0d10v5 L=2 W=40 nf=8 ad=5.8 as=7.25 pd=42.32 ps=52.9 nrd=0.00725 nrs=0.00725
| + sa=0 sb=0 sd=0 mult=1 m=1
| XM_IN1 EA_D1 FB EA_TAIL VIN sky130_fd_pr__pfet_g5v0d10v5 L=2 W=10 nf=2 ad=1.45 as=2.9 pd=10.58 ps=21.16 nrd=0.029 nrs=0.029 sa=0
| + sb=0 sd=0 mult=1 m=1
| XM_IN2 EA_D2 VREF EA_TAIL VIN sky130_fd_pr__pfet_g5v0d10v5 L=2 W=10 nf=2 ad=1.45 as=2.9 pd=10.58 ps=21.16 nrd=0.029 nrs=0.029 sa=0
| + sb=0 sd=0 mult=1 m=1
| XM_MIR1 EA_D1 EA_D1 AMP_ENN 0 sky130_fd_pr__nfet_g5v0d10v5 L=4 W=10 nf=2 ad=1.45 as=2.9 pd=10.58 ps=21.16 nrd=0.029 nrs=0.029 sa=0
| + sb=0 sd=0 mult=1 m=1
| XM_MIR2 EA_OUT EA_D1 AMP_ENN 0 sky130_fd_pr__nfet_g5v0d10v5 L=4 W=10 nf=2 ad=1.45 as=2.9 pd=10.58 ps=21.16 nrd=0.029 nrs=0.029
| + sa=0 sb=0 sd=0 mult=1 m=1
| XM_ENN2 AMP_ENN EN 0 0 sky130_fd_pr__nfet_g5v0d10v5 L=0.5 W=10 nf=1 ad=2.9 as=2.9 pd=20.58 ps=20.58 nrd=0.029 nrs=0.029 sa=0 sb=0
| + sd=0 mult=1 m=1
| XM_ENP EA_OUT EN VIN VIN sky130_fd_pr__pfet_g5v0d10v5 L=0.5 W=10 nf=1 ad=2.9 as=2.9 pd=20.58 ps=20.58 nrd=0.029 nrs=0.029 sa=0
| + sb=0 sd=0 mult=1 m=1
| XM_MIR3 EA_D2 EA_D2 AMP_ENN 0 sky130_fd_pr__nfet_g5v0d10v5 L=4 W=10 nf=2 ad=1.45 as=2.9 pd=10.58 ps=21.16 nrd=0.029 nrs=0.029 sa=0
| + sb=0 sd=0 mult=1 m=1
| XM_MIR4 PB EA_D2 AMP_ENN 0 sky130_fd_pr__nfet_g5v0d10v5 L=4 W=10 nf=2 ad=1.45 as=2.9 pd=10.58 ps=21.16 nrd=0.029 nrs=0.029 sa=0
| + sb=0 sd=0 mult=1 m=1
| XM_MIRP1 PB PB VIN VIN sky130_fd_pr__pfet_g5v0d10v5 L=4 W=20 nf=4 ad=2.9 as=4.35 pd=21.16 ps=31.74 nrd=0.0145 nrs=0.0145 sa=0 sb=0
| + sd=0 mult=1 m=1
| XM_MIRP2 EA_OUT PB VIN VIN sky130_fd_pr__pfet_g5v0d10v5 L=4 W=20 nf=4 ad=2.9 as=4.35 pd=21.16 ps=31.74 nrd=0.0145 nrs=0.0145 sa=0
| + sb=0 sd=0 mult=1 m=1
| XM_ENP5 PB EN VIN VIN sky130_fd_pr__pfet_g5v0d10v5 L=0.5 W=2 nf=1 ad=0.58 as=0.58 pd=4.58 ps=4.58 nrd=0.145 nrs=0.145 sa=0 sb=0
| + sd=0 mult=1 m=1
| XM_PASS VOUT EA_OUT VIN VIN sky130_fd_pr__pfet_g5v0d10v5 L=0.5 W=100 nf=25 ad=15.08 as=15.08 pd=111.54 ps=111.54 nrd=0.0029
| + nrs=0.0029 sa=0 sb=0 sd=0 mult=25 m=25
| C_COMP VOUT EA_CZ 150p m=1
| XR_CZ EA_CZ EA_OUT 0 sky130_fd_pr__res_xhigh_po W=0.42 L=52 mult=1 m=1
| XR_FB_A VOUT FB 0 sky130_fd_pr__res_xhigh_po W=0.42 L=180 mult=1 m=1
| XR_FB_B FB N_FBB 0 sky130_fd_pr__res_xhigh_po W=0.42 L=180 mult=1 m=1
| XR_FB_C N_FBB 0 0 sky130_fd_pr__res_xhigh_po W=0.42 L=180 mult=1 m=1
| XM_SENSE CL_SNS EA_OUT VIN VIN sky130_fd_pr__pfet_g5v0d10v5 L=0.5 W=0.42 nf=1 ad=0.1218 as=0.1218 pd=1.42 ps=1.42
| + nrd=0.69047619047619 nrs=0.69047619047619 sa=0 sb=0 sd=0 mult=1 m=1
| XM_CLN1 CL_SNS CL_SNS AMP_ENN 0 sky130_fd_pr__nfet_g5v0d10v5 L=1 W=20 nf=1 ad=5.8 as=5.8 pd=40.58 ps=40.58 nrd=0.0145 nrs=0.0145
| + sa=0 sb=0 sd=0 mult=1 m=1
| XM_CLN2 CL_CMP CL_SNS AMP_ENN 0 sky130_fd_pr__nfet_g5v0d10v5 L=1 W=1.6 nf=1 ad=0.464 as=0.464 pd=3.78 ps=3.78 nrd=0.18125
| + nrs=0.18125 sa=0 sb=0 sd=0 mult=1 m=1
| XM_CLP CL_CMP BIASP VIN VIN sky130_fd_pr__pfet_g5v0d10v5 L=1 W=10 nf=2 ad=1.45 as=2.9 pd=10.58 ps=21.16 nrd=0.029 nrs=0.029 sa=0
| + sb=0 sd=0 mult=1 m=1
| XM_CLIM EA_OUT CL_CMP VIN VIN sky130_fd_pr__pfet_g5v0d10v5 L=0.5 W=20 nf=4 ad=2.9 as=4.35 pd=21.16 ps=31.74 nrd=0.0145 nrs=0.0145
| + sa=0 sb=0 sd=0 mult=1 m=1
| XM_ENP3 CL_CMP EN VIN VIN sky130_fd_pr__pfet_g5v0d10v5 L=0.5 W=2 nf=1 ad=0.58 as=0.58 pd=4.58 ps=4.58 nrd=0.145 nrs=0.145 sa=0
| + sb=0 sd=0 mult=1 m=1
| C_CL VIN CL_CMP 1p m=1
| XM_INVP ENB EN VIN VIN sky130_fd_pr__pfet_g5v0d10v5 L=0.5 W=2 nf=1 ad=0.58 as=0.58 pd=4.58 ps=4.58 nrd=0.145 nrs=0.145 sa=0 sb=0
| + sd=0 mult=1 m=1
| XM_INVN ENB EN 0 0 sky130_fd_pr__nfet_g5v0d10v5 L=0.5 W=1 nf=1 ad=0.29 as=0.29 pd=2.58 ps=2.58 nrd=0.29 nrs=0.29 sa=0 sb=0 sd=0
| + mult=1 m=1
| XM_SSDIS SS ENB 0 0 sky130_fd_pr__nfet_g5v0d10v5 L=0.5 W=2 nf=1 ad=0.58 as=0.58 pd=4.58 ps=4.58 nrd=0.145 nrs=0.145 sa=0 sb=0 sd=0
| + mult=1 m=1
| XM_SSCHG SS BIASP VIN VIN sky130_fd_pr__pfet_g5v0d10v5 L=8 W=1 nf=1 ad=0.29 as=0.29 pd=2.58 ps=2.58 nrd=0.29 nrs=0.29 sa=0 sb=0
| + sd=0 mult=1 m=1
| C_SS SS 0 10p m=1
| XM_IN2S EA_D2 SS EA_TAIL VIN sky130_fd_pr__pfet_g5v0d10v5 L=2 W=10 nf=2 ad=1.45 as=2.9 pd=10.58 ps=21.16 nrd=0.029 nrs=0.029 sa=0
| + sb=0 sd=0 mult=1 m=1
| XM_TSPS TS_SNS BIASP VIN VIN sky130_fd_pr__pfet_g5v0d10v5 L=1 W=2.5 nf=1 ad=0.725 as=0.725 pd=5.58 ps=5.58 nrd=0.116 nrs=0.116
| + sa=0 sb=0 sd=0 mult=1 m=1
| XM_TSD1 TS_SNS TS_SNS TS_MID 0 sky130_fd_pr__nfet_g5v0d10v5 L=1 W=80 nf=16 ad=11.6 as=13.05 pd=84.64 ps=95.22 nrd=0.003625
| + nrs=0.003625 sa=0 sb=0 sd=0 mult=1 m=1
| XM_TSD2 TS_MID TS_MID AMP_ENN 0 sky130_fd_pr__nfet_g5v0d10v5 L=1 W=80 nf=16 ad=11.6 as=13.05 pd=84.64 ps=95.22 nrd=0.003625
| + nrs=0.003625 sa=0 sb=0 sd=0 mult=1 m=1
| XM_TSPR TS_REF BIASP VIN VIN sky130_fd_pr__pfet_g5v0d10v5 L=1 W=2.5 nf=1 ad=0.725 as=0.725 pd=5.58 ps=5.58 nrd=0.116 nrs=0.116
| + sa=0 sb=0 sd=0 mult=1 m=1
| XM_TSR1 TS_REF TS_REF AMP_ENN 0 sky130_fd_pr__nfet_g5v0d10v5 L=10 W=2 nf=1 ad=0.58 as=0.58 pd=4.58 ps=4.58 nrd=0.145 nrs=0.145
| + sa=0 sb=0 sd=0 mult=1 m=1
| XM_TCTAIL TC_TAIL NB AMP_ENN 0 sky130_fd_pr__nfet_g5v0d10v5 L=1 W=1 nf=1 ad=0.29 as=0.29 pd=2.58 ps=2.58 nrd=0.29 nrs=0.29 sa=0
| + sb=0 sd=0 mult=1 m=1
| XM_TCN1 TC_D1 TS_SNS TC_TAIL 0 sky130_fd_pr__nfet_g5v0d10v5 L=2 W=10 nf=2 ad=1.45 as=2.9 pd=10.58 ps=21.16 nrd=0.029 nrs=0.029
| + sa=0 sb=0 sd=0 mult=1 m=1
| XM_TCN2 TS_CMP TS_REF TC_TAIL 0 sky130_fd_pr__nfet_g5v0d10v5 L=2 W=10 nf=2 ad=1.45 as=2.9 pd=10.58 ps=21.16 nrd=0.029 nrs=0.029
| + sa=0 sb=0 sd=0 mult=1 m=1
| XM_TCP1 TC_D1 TC_D1 VIN VIN sky130_fd_pr__pfet_g5v0d10v5 L=2 W=10 nf=2 ad=1.45 as=2.9 pd=10.58 ps=21.16 nrd=0.029 nrs=0.029 sa=0
| + sb=0 sd=0 mult=1 m=1
| XM_TCP2 TS_CMP TC_D1 VIN VIN sky130_fd_pr__pfet_g5v0d10v5 L=2 W=10 nf=2 ad=1.45 as=2.9 pd=10.58 ps=21.16 nrd=0.029 nrs=0.029 sa=0
| + sb=0 sd=0 mult=1 m=1
| XM_TSHUT EA_OUT TS_CMP VIN VIN sky130_fd_pr__pfet_g5v0d10v5 L=0.5 W=20 nf=4 ad=2.9 as=4.35 pd=21.16 ps=31.74 nrd=0.0145 nrs=0.0145
| + sa=0 sb=0 sd=0 mult=1 m=1
| XM_TSHYSB TS_HYS BIASP VIN VIN sky130_fd_pr__pfet_g5v0d10v5 L=2 W=1.5 nf=1 ad=0.435 as=0.435 pd=3.58 ps=3.58 nrd=0.193333333333333
| + nrs=0.193333333333333 sa=0 sb=0 sd=0 mult=1 m=1
| XM_TSHYS TS_REF TS_CMP TS_HYS VIN sky130_fd_pr__pfet_g5v0d10v5 L=0.5 W=2 nf=1 ad=0.58 as=0.58 pd=4.58 ps=4.58 nrd=0.145 nrs=0.145
| + sa=0 sb=0 sd=0 mult=1 m=1
| XM_ENP4 TS_CMP EN VIN VIN sky130_fd_pr__pfet_g5v0d10v5 L=0.5 W=2 nf=1 ad=0.58 as=0.58 pd=4.58 ps=4.58 nrd=0.145 nrs=0.145 sa=0
| + sb=0 sd=0 mult=1 m=1
| C_TS VIN TS_CMP 1p m=1
| .ends
| 
| .control
| save all
| * --- leg 1: full cycle -- EN rises at t=100us, block regulates, EN falls at t=2ms ---
| tran 5u 4.5m
| meas tran vpre find v(vout) at=1.9m
| meas tran iq_avg avg i(vvin) from=3.5m to=4.5m
| meas tran iq_worst min i(vvin) from=3.5m to=4.5m
| meas tran vhold find v(vout) at=4m
| * --- leg 2: static disabled state, output free-floating ---
| op
| * --- leg 3: static disabled state, VOUT forced to 0 V (Vin->Vout leakage) ---
| alter rforce = 1m
| op
| * --- leg 4: static disabled state, VOUT held at the 1.8 V nominal output ---
| alter vforce = 1.8
| op
| let meas_iq_shutdown_static_ua = -1e6*op1.i(vvin)
| let meas_iq_shutdown_after_edge_ua = -1e6*tran1.iq_worst
| let meas_iq_shutdown_after_edge_mean_ua = -1e6*tran1.iq_avg
| let meas_leak_vin_vout_ua = 1e6*op2.i(vforce)
| let meas_vout_pre_disable_v = tran1.vpre
| let meas_vout_hold_2ms_v = tran1.vhold
| let meas_vout_disabled_static_v = op1.v(vout)
| let meas_ivout_held_1v8_ua = -1e6*op3.i(vforce)
| print meas_iq_shutdown_static_ua
| print meas_iq_shutdown_after_edge_ua
| print meas_iq_shutdown_after_edge_mean_ua
| print meas_leak_vin_vout_ua
| print meas_vout_pre_disable_v
| print meas_vout_hold_2ms_v
| print meas_vout_disabled_static_v
| print meas_ivout_held_1v8_ua
| quit
| .endc
| .end

# ==== ngspice stdout ====

Note: Compatibility modes selected: hs a


Circuit: * enable-shutdown corner deck -- generated by sim/bin/corner-run.py, do not edit

option SCALE: Scale is set to 1e-06 for instance and model parameters
option SCALE: Scale is set to 1e-06 for instance and model parameters
option SCALE: Scale is set to 1e-06 for instance and model parameters
option SCALE: Scale is set to 1e-06 for instance and model parameters
Doing analysis at TEMP = 125.000000 and TNOM = 27.000000

Using KLU as Direct Linear Solver
 Reference value :  0.00000e+00
 Reference value :  4.00000e-07
 Reference value :  3.20000e-06
 Reference value :  2.14000e-05
 Reference value :  4.14000e-05
 Reference value :  6.14000e-05
 Reference value :  8.14000e-05
 Reference value :  1.00000e-04
 Reference value :  1.00100e-04
 Reference value :  1.00300e-04
 Reference value :  1.00411e-04
 Reference value :  1.00588e-04
 Reference value :  1.00752e-04
 Reference value :  1.00930e-04
 Reference value :  1.00987e-04
 Reference value :  1.01003e-04
 Reference value :  1.01040e-04
 Reference value :  1.01203e-04
 Reference value :  1.01481e-04
 Reference value :  1.02531e-04
 Reference value :  1.05056e-04
 Reference value :  1.06419e-04
 Reference value :  1.12965e-04
 Reference value :  1.15282e-04
 Reference value :  1.19791e-04
 Reference value :  1.26296e-04
 Reference value :  1.36296e-04
 Reference value :  1.51296e-04
 Reference value :  1.61296e-04
 Reference value :  1.71296e-04
 Reference value :  1.81296e-04
 Reference value :  1.91296e-04
 Reference value :  2.01296e-04
 Reference value :  2.11296e-04
 Reference value :  2.21296e-04
 Reference value :  2.36296e-04
 Reference value :  2.51296e-04
 Reference value :  2.66296e-04
 Reference value :  2.86296e-04
 Reference value :  3.06296e-04
 Reference value :  3.26296e-04
 Reference value :  3.46296e-04
 Reference value :  3.66296e-04
 Reference value :  3.86296e-04
 Reference value :  4.06296e-04
 Reference value :  4.26296e-04
 Reference value :  4.41296e-04
 Reference value :  4.56296e-04
 Reference value :  4.71296e-04
 Reference value :  4.86296e-04
 Reference value :  5.06296e-04
 Reference value :  5.26296e-04
 Reference value :  5.46296e-04
 Reference value :  5.66296e-04
 Reference value :  5.86296e-04
 Reference value :  6.06296e-04
 Reference value :  6.26296e-04
 Reference value :  6.41296e-04
 Reference value :  6.56296e-04
 Reference value :  6.76296e-04
 Reference value :  6.96296e-04
 Reference value :  7.16296e-04
 Reference value :  7.36296e-04
 Reference value :  7.51296e-04
 Reference value :  7.66296e-04
 Reference value :  7.81296e-04
 Reference value :  7.96296e-04
 Reference value :  8.11296e-04
 Reference value :  8.26296e-04
 Reference value :  8.41296e-04
 Reference value :  8.56296e-04
 Reference value :  8.76296e-04
 Reference value :  8.91296e-04
 Reference value :  9.11296e-04
 Reference value :  9.31296e-04
 Reference value :  9.51296e-04
 Reference value :  9.71296e-04
 Reference value :  9.91296e-04
 Reference value :  1.01130e-03
 Reference value :  1.03130e-03
 Reference value :  1.05130e-03
 Reference value :  1.07630e-03
 Reference value :  1.09130e-03
 Reference value :  1.11130e-03
 Reference value :  1.13130e-03
 Reference value :  1.15130e-03
 Reference value :  1.17630e-03
 Reference value :  1.19630e-03
 Reference value :  1.21630e-03
 Reference value :  1.23630e-03
 Reference value :  1.25630e-03
 Reference value :  1.27130e-03
 Reference value :  1.29130e-03
 Reference value :  1.30630e-03
 Reference value :  1.32630e-03
 Reference value :  1.34130e-03
 Reference value :  1.35630e-03
 Reference value :  1.37130e-03
 Reference value :  1.38630e-03
 Reference value :  1.40130e-03
 Reference value :  1.42130e-03
 Reference value :  1.44130e-03
 Reference value :  1.46130e-03
 Reference value :  1.47630e-03
 Reference value :  1.49130e-03
 Reference value :  1.51130e-03
 Reference value :  1.53130e-03
 Reference value :  1.55130e-03
 Reference value :  1.56630e-03
 Reference value :  1.58630e-03
 Reference value :  1.60630e-03
 Reference value :  1.62630e-03
 Reference value :  1.65130e-03
 Reference value :  1.66630e-03
 Reference value :  1.68630e-03
 Reference value :  1.70630e-03
 Reference value :  1.72130e-03
 Reference value :  1.73630e-03
 Reference value :  1.75130e-03
 Reference value :  1.77130e-03
 Reference value :  1.79130e-03
 Reference value :  1.81130e-03
 Reference value :  1.82630e-03
 Reference value :  1.84630e-03
 Reference value :  1.86630e-03
 Reference value :  1.88630e-03
 Reference value :  1.90630e-03
 Reference value :  1.92630e-03
 Reference value :  1.94630e-03
 Reference value :  1.96630e-03
 Reference value :  1.98630e-03
 Reference value :  2.00010e-03
 Reference value :  2.00030e-03
 Reference value :  2.00041e-03
 Reference value :  2.00050e-03
 Reference value :  2.00057e-03
 Reference value :  2.00060e-03
 Reference value :  2.00062e-03
 Reference value :  2.00064e-03
 Reference value :  2.00067e-03
 Reference value :  2.00069e-03
 Reference value :  2.00072e-03
 Reference value :  2.00077e-03
 Reference value :  2.00086e-03
 Reference value :  2.00100e-03
 Reference value :  2.00109e-03
 Reference value :  2.00166e-03
 Reference value :  2.00462e-03
 Reference value :  2.01737e-03
 Reference value :  2.03737e-03
 Reference value :  2.05737e-03
 Reference value :  2.07737e-03
 Reference value :  2.09737e-03
 Reference value :  2.11737e-03
 Reference value :  2.13737e-03
 Reference value :  2.15737e-03
 Reference value :  2.17737e-03
 Reference value :  2.19737e-03
 Reference value :  2.21737e-03
 Reference value :  2.23237e-03
 Reference value :  2.25237e-03
 Reference value :  2.27237e-03
 Reference value :  2.29237e-03
 Reference value :  2.30737e-03
 Reference value :  2.32737e-03
 Reference value :  2.34737e-03
 Reference value :  2.36737e-03
 Reference value :  2.38237e-03
 Reference value :  2.39737e-03
 Reference value :  2.41237e-03
 Reference value :  2.43237e-03
 Reference value :  2.44737e-03
 Reference value :  2.46237e-03
 Reference value :  2.48237e-03
 Reference value :  2.50237e-03
 Reference value :  2.51737e-03
 Reference value :  2.53237e-03
 Reference value :  2.55237e-03
 Reference value :  2.57237e-03
 Reference value :  2.59237e-03
 Reference value :  2.61237e-03
 Reference value :  2.63237e-03
 Reference value :  2.65237e-03
 Reference value :  2.66737e-03
 Reference value :  2.68737e-03
 Reference value :  2.70737e-03
 Reference value :  2.72237e-03
 Reference value :  2.73737e-03
 Reference value :  2.75737e-03
 Reference value :  2.77737e-03
 Reference value :  2.79237e-03
 Reference value :  2.80737e-03
 Reference value :  2.82737e-03
 Reference value :  2.84737e-03
 Reference value :  2.86237e-03
 Reference value :  2.88237e-03
 Reference value :  2.89737e-03
 Reference value :  2.91237e-03
 Reference value :  2.92737e-03
 Reference value :  2.94237e-03
 Reference value :  2.96237e-03
 Reference value :  2.98237e-03
 Reference value :  2.99737e-03
 Reference value :  3.01237e-03
 Reference value :  3.03237e-03
 Reference value :  3.05237e-03
 Reference value :  3.07237e-03
 Reference value :  3.08737e-03
 Reference value :  3.10737e-03
 Reference value :  3.12737e-03
 Reference value :  3.15237e-03
 Reference value :  3.17237e-03
 Reference value :  3.19237e-03
 Reference value :  3.20737e-03
 Reference value :  3.22737e-03
 Reference value :  3.24237e-03
 Reference value :  3.26237e-03
 Reference value :  3.28237e-03
 Reference value :  3.30237e-03
 Reference value :  3.32237e-03
 Reference value :  3.34237e-03
 Reference value :  3.36237e-03
 Reference value :  3.38237e-03
 Reference value :  3.40237e-03
 Reference value :  3.42737e-03
 Reference value :  3.45237e-03
 Reference value :  3.47737e-03
 Reference value :  3.49737e-03
 Reference value :  3.52237e-03
 Reference value :  3.54237e-03
 Reference value :  3.56737e-03
 Reference value :  3.58737e-03
 Reference value :  3.60737e-03
 Reference value :  3.62737e-03
 Reference value :  3.64737e-03
 Reference value :  3.67237e-03
 Reference value :  3.68737e-03
 Reference value :  3.70237e-03
 Reference value :  3.72237e-03
 Reference value :  3.74237e-03
 Reference value :  3.76237e-03
 Reference value :  3.78237e-03
 Reference value :  3.80237e-03
 Reference value :  3.82237e-03
 Reference value :  3.84237e-03
 Reference value :  3.86237e-03
 Reference value :  3.87737e-03
 Reference value :  3.89237e-03
 Reference value :  3.91237e-03
 Reference value :  3.93237e-03
 Reference value :  3.94737e-03
 Reference value :  3.96237e-03
 Reference value :  3.98237e-03
 Reference value :  3.99737e-03
 Reference value :  4.01737e-03
 Reference value :  4.03737e-03
 Reference value :  4.05737e-03
 Reference value :  4.07737e-03
 Reference value :  4.09737e-03
 Reference value :  4.11737e-03
 Reference value :  4.13737e-03
 Reference value :  4.15737e-03
 Reference value :  4.17237e-03
 Reference value :  4.18737e-03
 Reference value :  4.20737e-03
 Reference value :  4.22237e-03
 Reference value :  4.24237e-03
 Reference value :  4.26237e-03
 Reference value :  4.28237e-03
 Reference value :  4.30237e-03
 Reference value :  4.32237e-03
 Reference value :  4.34237e-03
 Reference value :  4.36237e-03
 Reference value :  4.38237e-03
 Reference value :  4.40237e-03
 Reference value :  4.42237e-03
 Reference value :  4.44237e-03
 Reference value :  4.46237e-03
 Reference value :  4.48237e-03
 Reference value :  4.50000e-03
No. of Data Rows : 974
vpre                =  1.05585e-02
iq_avg              =  -1.26816e-08 from=  3.50000e-03 to=  4.50000e-03
iq_worst            =  -1.27811e-08 at=  3.50737e-03
vhold               =  1.05588e-02
Doing analysis at TEMP = 125.000000 and TNOM = 27.000000

Using KLU as Direct Linear Solver
 Reference value :  0.00000e+00
No. of Data Rows : 1
Doing analysis at TEMP = 125.000000 and TNOM = 27.000000

Using KLU as Direct Linear Solver
 Reference value :  0.00000e+00
No. of Data Rows : 1
Doing analysis at TEMP = 125.000000 and TNOM = 27.000000

Using KLU as Direct Linear Solver
 Reference value :  0.00000e+00
No. of Data Rows : 1
meas_iq_shutdown_static_ua = 1.262468e-02
meas_iq_shutdown_after_edge_ua = 1.278109e-02
meas_iq_shutdown_after_edge_mean_ua = 1.268158e-02
meas_leak_vin_vout_ua = 3.410901e-03
meas_vout_pre_disable_v = 1.055848e-02
meas_vout_hold_2ms_v = 1.055878e-02
meas_vout_disabled_static_v = 1.055853e-02
meas_ivout_held_1v8_ua = 5.752667e-01
ngspice-46 done

# ==== ngspice stderr ====

