# corner: sf_27c_2.97v
# process=sf temp=27C supply=2.97V
# ngspice exit: 0
# wall clock: 82.0s (--timeout was 300s)
# result: PASS

# ==== deck (exact input given to ngspice) ====
| * enable-shutdown corner deck -- generated by sim/bin/corner-run.py, do not edit
| * corner: sf_27c_2.97v
| .param vsup=2.97
| .option wnflag=1
| .temp 27
| .lib "/home/ubuntu/.volare/sky130A/libs.tech/combined/sky130.lib.spice" sf
| ** sch_path: sim/enable-shutdown/testbench/tb_enable_shutdown.sch
| **.subckt tb_enable_shutdown
| VVIN VIN 0 'vsup'
| .save i(vvin)
| VEN EN 0 dc 0 pwl(0 0 100u 0 101u 'vsup' 2m 'vsup' 2.001m 0 10 0)
| .save i(ven)
| VVREF VREF 0 1.2
| .save i(vvref)
| xldo VOUT VREF EN VIN ldo_3v3in_1v8out
| COUT VOUT VESR 1u m=1
| RESR VESR 0 10m m=1
| RLOAD VOUT 0 1e12 m=1
| RFORCE VOUT VF 1e12 m=1
| VFORCE VF 0 0
| .save i(vforce)
| **.ends
| 
| * expanding   symbol:  design/ldo_3v3in_1v8out.sym # of pins=4
| ** sym_path: design/ldo_3v3in_1v8out.sym
| ** sch_path: design/ldo_3v3in_1v8out.sch
| .subckt ldo_3v3in_1v8out VOUT VREF EN VIN
| *.ipin VIN
| *.ipin EN
| *.ipin VREF
| *.opin VOUT
| XR_BIAS VIN NB 0 sky130_fd_pr__res_high_po W=0.42 L=1500 mult=1 m=1
| XM_BIASN1 NB NB BIAS_ENN 0 sky130_fd_pr__nfet_g5v0d10v5 L=1 W=4 nf=1 ad=1.16 as=1.16 pd=8.58 ps=8.58 nrd=0.0725 nrs=0.0725 sa=0
| + sb=0 sd=0 mult=1 m=1
| XM_ENN BIAS_ENN EN 0 0 sky130_fd_pr__nfet_g5v0d10v5 L=0.5 W=10 nf=1 ad=2.9 as=2.9 pd=20.58 ps=20.58 nrd=0.029 nrs=0.029 sa=0 sb=0
| + sd=0 mult=1 m=1
| XM_BIASN2 BIASP NB BIAS_ENN 0 sky130_fd_pr__nfet_g5v0d10v5 L=1 W=4 nf=1 ad=1.16 as=1.16 pd=8.58 ps=8.58 nrd=0.0725 nrs=0.0725 sa=0
| + sb=0 sd=0 mult=1 m=1
| XM_BIASP1 BIASP BIASP VIN VIN sky130_fd_pr__pfet_g5v0d10v5 L=1 W=10 nf=2 ad=1.45 as=2.9 pd=10.58 ps=21.16 nrd=0.029 nrs=0.029 sa=0
| + sb=0 sd=0 mult=1 m=1
| XM_ENP2 BIASP EN VIN VIN sky130_fd_pr__pfet_g5v0d10v5 L=0.5 W=10 nf=1 ad=2.9 as=2.9 pd=20.58 ps=20.58 nrd=0.029 nrs=0.029 sa=0
| + sb=0 sd=0 mult=1 m=1
| XM_TAIL EA_TAIL BIASP VIN VIN sky130_fd_pr__pfet_g5v0d10v5 L=2 W=40 nf=8 ad=5.8 as=7.25 pd=42.32 ps=52.9 nrd=0.00725 nrs=0.00725
| + sa=0 sb=0 sd=0 mult=1 m=1
| XM_IN1 EA_D1 FB EA_TAIL VIN sky130_fd_pr__pfet_g5v0d10v5 L=2 W=10 nf=2 ad=1.45 as=2.9 pd=10.58 ps=21.16 nrd=0.029 nrs=0.029 sa=0
| + sb=0 sd=0 mult=1 m=1
| XM_IN2 EA_D2 VREF EA_TAIL VIN sky130_fd_pr__pfet_g5v0d10v5 L=2 W=10 nf=2 ad=1.45 as=2.9 pd=10.58 ps=21.16 nrd=0.029 nrs=0.029 sa=0
| + sb=0 sd=0 mult=1 m=1
| XM_MIR1 EA_D1 EA_D1 AMP_ENN 0 sky130_fd_pr__nfet_g5v0d10v5 L=4 W=10 nf=2 ad=1.45 as=2.9 pd=10.58 ps=21.16 nrd=0.029 nrs=0.029 sa=0
| + sb=0 sd=0 mult=1 m=1
| XM_MIR2 EA_OUT EA_D1 AMP_ENN 0 sky130_fd_pr__nfet_g5v0d10v5 L=4 W=10 nf=2 ad=1.45 as=2.9 pd=10.58 ps=21.16 nrd=0.029 nrs=0.029
| + sa=0 sb=0 sd=0 mult=1 m=1
| XM_ENN2 AMP_ENN EN 0 0 sky130_fd_pr__nfet_g5v0d10v5 L=0.5 W=10 nf=1 ad=2.9 as=2.9 pd=20.58 ps=20.58 nrd=0.029 nrs=0.029 sa=0 sb=0
| + sd=0 mult=1 m=1
| XM_ENP EA_OUT EN VIN VIN sky130_fd_pr__pfet_g5v0d10v5 L=0.5 W=10 nf=1 ad=2.9 as=2.9 pd=20.58 ps=20.58 nrd=0.029 nrs=0.029 sa=0
| + sb=0 sd=0 mult=1 m=1
| XM_MIR3 EA_D2 EA_D2 AMP_ENN 0 sky130_fd_pr__nfet_g5v0d10v5 L=4 W=10 nf=2 ad=1.45 as=2.9 pd=10.58 ps=21.16 nrd=0.029 nrs=0.029 sa=0
| + sb=0 sd=0 mult=1 m=1
| XM_MIR4 PB EA_D2 AMP_ENN 0 sky130_fd_pr__nfet_g5v0d10v5 L=4 W=10 nf=2 ad=1.45 as=2.9 pd=10.58 ps=21.16 nrd=0.029 nrs=0.029 sa=0
| + sb=0 sd=0 mult=1 m=1
| XM_MIRP1 PB PB VIN VIN sky130_fd_pr__pfet_g5v0d10v5 L=4 W=20 nf=4 ad=2.9 as=4.35 pd=21.16 ps=31.74 nrd=0.0145 nrs=0.0145 sa=0 sb=0
| + sd=0 mult=1 m=1
| XM_MIRP2 EA_OUT PB VIN VIN sky130_fd_pr__pfet_g5v0d10v5 L=4 W=20 nf=4 ad=2.9 as=4.35 pd=21.16 ps=31.74 nrd=0.0145 nrs=0.0145 sa=0
| + sb=0 sd=0 mult=1 m=1
| XM_ENP5 PB EN VIN VIN sky130_fd_pr__pfet_g5v0d10v5 L=0.5 W=2 nf=1 ad=0.58 as=0.58 pd=4.58 ps=4.58 nrd=0.145 nrs=0.145 sa=0 sb=0
| + sd=0 mult=1 m=1
| XM_PASS VOUT EA_OUT VIN VIN sky130_fd_pr__pfet_g5v0d10v5 L=0.5 W=100 nf=25 ad=15.08 as=15.08 pd=111.54 ps=111.54 nrd=0.0029
| + nrs=0.0029 sa=0 sb=0 sd=0 mult=25 m=25
| C_COMP VOUT EA_CZ 150p m=1
| XR_CZ EA_CZ EA_OUT 0 sky130_fd_pr__res_xhigh_po W=0.42 L=52 mult=1 m=1
| XR_FB_A VOUT FB 0 sky130_fd_pr__res_xhigh_po W=0.42 L=180 mult=1 m=1
| XR_FB_B FB N_FBB 0 sky130_fd_pr__res_xhigh_po W=0.42 L=180 mult=1 m=1
| XR_FB_C N_FBB 0 0 sky130_fd_pr__res_xhigh_po W=0.42 L=180 mult=1 m=1
| XM_SENSE CL_SNS EA_OUT VIN VIN sky130_fd_pr__pfet_g5v0d10v5 L=0.5 W=0.42 nf=1 ad=0.1218 as=0.1218 pd=1.42 ps=1.42
| + nrd=0.69047619047619 nrs=0.69047619047619 sa=0 sb=0 sd=0 mult=1 m=1
| XM_CLN1 CL_SNS CL_SNS AMP_ENN 0 sky130_fd_pr__nfet_g5v0d10v5 L=1 W=20 nf=1 ad=5.8 as=5.8 pd=40.58 ps=40.58 nrd=0.0145 nrs=0.0145
| + sa=0 sb=0 sd=0 mult=1 m=1
| XM_CLN2 CL_CMP CL_SNS AMP_ENN 0 sky130_fd_pr__nfet_g5v0d10v5 L=1 W=1.6 nf=1 ad=0.464 as=0.464 pd=3.78 ps=3.78 nrd=0.18125
| + nrs=0.18125 sa=0 sb=0 sd=0 mult=1 m=1
| XM_CLP CL_CMP BIASP VIN VIN sky130_fd_pr__pfet_g5v0d10v5 L=1 W=10 nf=2 ad=1.45 as=2.9 pd=10.58 ps=21.16 nrd=0.029 nrs=0.029 sa=0
| + sb=0 sd=0 mult=1 m=1
| XM_CLIM EA_OUT CL_CMP VIN VIN sky130_fd_pr__pfet_g5v0d10v5 L=0.5 W=20 nf=4 ad=2.9 as=4.35 pd=21.16 ps=31.74 nrd=0.0145 nrs=0.0145
| + sa=0 sb=0 sd=0 mult=1 m=1
| XM_ENP3 CL_CMP EN VIN VIN sky130_fd_pr__pfet_g5v0d10v5 L=0.5 W=2 nf=1 ad=0.58 as=0.58 pd=4.58 ps=4.58 nrd=0.145 nrs=0.145 sa=0
| + sb=0 sd=0 mult=1 m=1
| C_CL VIN CL_CMP 1p m=1
| XM_INVP ENB EN VIN VIN sky130_fd_pr__pfet_g5v0d10v5 L=0.5 W=2 nf=1 ad=0.58 as=0.58 pd=4.58 ps=4.58 nrd=0.145 nrs=0.145 sa=0 sb=0
| + sd=0 mult=1 m=1
| XM_INVN ENB EN 0 0 sky130_fd_pr__nfet_g5v0d10v5 L=0.5 W=1 nf=1 ad=0.29 as=0.29 pd=2.58 ps=2.58 nrd=0.29 nrs=0.29 sa=0 sb=0 sd=0
| + mult=1 m=1
| XM_SSDIS SS ENB 0 0 sky130_fd_pr__nfet_g5v0d10v5 L=0.5 W=2 nf=1 ad=0.58 as=0.58 pd=4.58 ps=4.58 nrd=0.145 nrs=0.145 sa=0 sb=0 sd=0
| + mult=1 m=1
| XM_SSCHG SS BIASP VIN VIN sky130_fd_pr__pfet_g5v0d10v5 L=8 W=1 nf=1 ad=0.29 as=0.29 pd=2.58 ps=2.58 nrd=0.29 nrs=0.29 sa=0 sb=0
| + sd=0 mult=1 m=1
| C_SS SS 0 10p m=1
| XM_IN2S EA_D2 SS EA_TAIL VIN sky130_fd_pr__pfet_g5v0d10v5 L=2 W=10 nf=2 ad=1.45 as=2.9 pd=10.58 ps=21.16 nrd=0.029 nrs=0.029 sa=0
| + sb=0 sd=0 mult=1 m=1
| XM_TSPS TS_SNS BIASP VIN VIN sky130_fd_pr__pfet_g5v0d10v5 L=1 W=2.5 nf=1 ad=0.725 as=0.725 pd=5.58 ps=5.58 nrd=0.116 nrs=0.116
| + sa=0 sb=0 sd=0 mult=1 m=1
| XM_TSD1 TS_SNS TS_SNS TS_MID 0 sky130_fd_pr__nfet_g5v0d10v5 L=1 W=80 nf=16 ad=11.6 as=13.05 pd=84.64 ps=95.22 nrd=0.003625
| + nrs=0.003625 sa=0 sb=0 sd=0 mult=1 m=1
| XM_TSD2 TS_MID TS_MID AMP_ENN 0 sky130_fd_pr__nfet_g5v0d10v5 L=1 W=80 nf=16 ad=11.6 as=13.05 pd=84.64 ps=95.22 nrd=0.003625
| + nrs=0.003625 sa=0 sb=0 sd=0 mult=1 m=1
| XM_TSPR TS_REF BIASP VIN VIN sky130_fd_pr__pfet_g5v0d10v5 L=1 W=2.5 nf=1 ad=0.725 as=0.725 pd=5.58 ps=5.58 nrd=0.116 nrs=0.116
| + sa=0 sb=0 sd=0 mult=1 m=1
| XM_TSR1 TS_REF TS_REF AMP_ENN 0 sky130_fd_pr__nfet_g5v0d10v5 L=10 W=2 nf=1 ad=0.58 as=0.58 pd=4.58 ps=4.58 nrd=0.145 nrs=0.145
| + sa=0 sb=0 sd=0 mult=1 m=1
| XM_TCTAIL TC_TAIL NB AMP_ENN 0 sky130_fd_pr__nfet_g5v0d10v5 L=1 W=1 nf=1 ad=0.29 as=0.29 pd=2.58 ps=2.58 nrd=0.29 nrs=0.29 sa=0
| + sb=0 sd=0 mult=1 m=1
| XM_TCN1 TC_D1 TS_SNS TC_TAIL 0 sky130_fd_pr__nfet_g5v0d10v5 L=2 W=10 nf=2 ad=1.45 as=2.9 pd=10.58 ps=21.16 nrd=0.029 nrs=0.029
| + sa=0 sb=0 sd=0 mult=1 m=1
| XM_TCN2 TS_CMP TS_REF TC_TAIL 0 sky130_fd_pr__nfet_g5v0d10v5 L=2 W=10 nf=2 ad=1.45 as=2.9 pd=10.58 ps=21.16 nrd=0.029 nrs=0.029
| + sa=0 sb=0 sd=0 mult=1 m=1
| XM_TCP1 TC_D1 TC_D1 VIN VIN sky130_fd_pr__pfet_g5v0d10v5 L=2 W=10 nf=2 ad=1.45 as=2.9 pd=10.58 ps=21.16 nrd=0.029 nrs=0.029 sa=0
| + sb=0 sd=0 mult=1 m=1
| XM_TCP2 TS_CMP TC_D1 VIN VIN sky130_fd_pr__pfet_g5v0d10v5 L=2 W=10 nf=2 ad=1.45 as=2.9 pd=10.58 ps=21.16 nrd=0.029 nrs=0.029 sa=0
| + sb=0 sd=0 mult=1 m=1
| XM_TSHUT EA_OUT TS_CMP VIN VIN sky130_fd_pr__pfet_g5v0d10v5 L=0.5 W=20 nf=4 ad=2.9 as=4.35 pd=21.16 ps=31.74 nrd=0.0145 nrs=0.0145
| + sa=0 sb=0 sd=0 mult=1 m=1
| XM_TSHYSB TS_HYS BIASP VIN VIN sky130_fd_pr__pfet_g5v0d10v5 L=2 W=1.5 nf=1 ad=0.435 as=0.435 pd=3.58 ps=3.58 nrd=0.193333333333333
| + nrs=0.193333333333333 sa=0 sb=0 sd=0 mult=1 m=1
| XM_TSHYS TS_REF TS_CMP TS_HYS VIN sky130_fd_pr__pfet_g5v0d10v5 L=0.5 W=2 nf=1 ad=0.58 as=0.58 pd=4.58 ps=4.58 nrd=0.145 nrs=0.145
| + sa=0 sb=0 sd=0 mult=1 m=1
| XM_ENP4 TS_CMP EN VIN VIN sky130_fd_pr__pfet_g5v0d10v5 L=0.5 W=2 nf=1 ad=0.58 as=0.58 pd=4.58 ps=4.58 nrd=0.145 nrs=0.145 sa=0
| + sb=0 sd=0 mult=1 m=1
| C_TS VIN TS_CMP 1p m=1
| .ends
| 
| .control
| save all
| * --- leg 1: full cycle -- EN rises at t=100us, block regulates, EN falls at t=2ms ---
| tran 5u 4.5m
| meas tran vpre find v(vout) at=1.9m
| meas tran iq_avg avg i(vvin) from=3.5m to=4.5m
| meas tran iq_worst min i(vvin) from=3.5m to=4.5m
| meas tran vhold find v(vout) at=4m
| * --- leg 2: static disabled state, output free-floating ---
| op
| * --- leg 3: static disabled state, VOUT forced to 0 V (Vin->Vout leakage) ---
| alter rforce = 1m
| op
| * --- leg 4: static disabled state, VOUT held at the 1.8 V nominal output ---
| alter vforce = 1.8
| op
| let meas_iq_shutdown_static_ua = -1e6*op1.i(vvin)
| let meas_iq_shutdown_after_edge_ua = -1e6*tran1.iq_worst
| let meas_iq_shutdown_after_edge_mean_ua = -1e6*tran1.iq_avg
| let meas_leak_vin_vout_ua = 1e6*op2.i(vforce)
| let meas_vout_pre_disable_v = tran1.vpre
| let meas_vout_hold_2ms_v = tran1.vhold
| let meas_vout_disabled_static_v = op1.v(vout)
| let meas_ivout_held_1v8_ua = -1e6*op3.i(vforce)
| print meas_iq_shutdown_static_ua
| print meas_iq_shutdown_after_edge_ua
| print meas_iq_shutdown_after_edge_mean_ua
| print meas_leak_vin_vout_ua
| print meas_vout_pre_disable_v
| print meas_vout_hold_2ms_v
| print meas_vout_disabled_static_v
| print meas_ivout_held_1v8_ua
| quit
| .endc
| .end

# ==== ngspice stdout ====

Note: Compatibility modes selected: hs a


Circuit: * enable-shutdown corner deck -- generated by sim/bin/corner-run.py, do not edit

option SCALE: Scale is set to 1e-06 for instance and model parameters
option SCALE: Scale is set to 1e-06 for instance and model parameters
option SCALE: Scale is set to 1e-06 for instance and model parameters
option SCALE: Scale is set to 1e-06 for instance and model parameters
Doing analysis at TEMP = 27.000000 and TNOM = 27.000000

Using KLU as Direct Linear Solver
 Reference value :  0.00000e+00
 Reference value :  4.00000e-07
 Reference value :  6.40000e-06
 Reference value :  2.64000e-05
 Reference value :  4.64000e-05
 Reference value :  6.64000e-05
 Reference value :  9.14000e-05
 Reference value :  1.00100e-04
 Reference value :  1.00300e-04
 Reference value :  1.00411e-04
 Reference value :  1.00606e-04
 Reference value :  1.00765e-04
 Reference value :  1.00816e-04
 Reference value :  1.00915e-04
 Reference value :  1.00979e-04
 Reference value :  1.01004e-04
 Reference value :  1.01056e-04
 Reference value :  1.01371e-04
 Reference value :  1.02169e-04
 Reference value :  1.07483e-04
 Reference value :  1.22483e-04
 Reference value :  1.27483e-04
 Reference value :  1.37483e-04
 Reference value :  1.52483e-04
 Reference value :  1.67483e-04
 Reference value :  1.82483e-04
 Reference value :  1.97483e-04
 Reference value :  2.12483e-04
 Reference value :  2.27483e-04
 Reference value :  2.37483e-04
 Reference value :  2.52483e-04
 Reference value :  2.67483e-04
 Reference value :  2.77483e-04
 Reference value :  2.87483e-04
 Reference value :  2.97483e-04
 Reference value :  3.12483e-04
 Reference value :  3.27483e-04
 Reference value :  3.42483e-04
 Reference value :  3.57483e-04
 Reference value :  3.72483e-04
 Reference value :  3.87483e-04
 Reference value :  4.02483e-04
 Reference value :  4.17483e-04
 Reference value :  4.32483e-04
 Reference value :  4.47483e-04
 Reference value :  4.62483e-04
 Reference value :  4.72483e-04
 Reference value :  4.82483e-04
 Reference value :  4.97483e-04
 Reference value :  5.07483e-04
 Reference value :  5.22483e-04
 Reference value :  5.37483e-04
 Reference value :  5.52483e-04
 Reference value :  5.67483e-04
 Reference value :  5.82483e-04
 Reference value :  5.97483e-04
 Reference value :  6.12483e-04
 Reference value :  6.27483e-04
 Reference value :  6.42483e-04
 Reference value :  6.57483e-04
 Reference value :  6.77483e-04
 Reference value :  6.97483e-04
 Reference value :  7.17483e-04
 Reference value :  7.37483e-04
 Reference value :  7.52483e-04
 Reference value :  7.67483e-04
 Reference value :  7.82483e-04
 Reference value :  7.97483e-04
 Reference value :  8.17483e-04
 Reference value :  8.32483e-04
 Reference value :  8.52483e-04
 Reference value :  8.72483e-04
 Reference value :  8.92483e-04
 Reference value :  9.12483e-04
 Reference value :  9.27483e-04
 Reference value :  9.47483e-04
 Reference value :  9.67483e-04
 Reference value :  9.87483e-04
 Reference value :  1.00748e-03
 Reference value :  1.02748e-03
 Reference value :  1.04748e-03
 Reference value :  1.06748e-03
 Reference value :  1.08748e-03
 Reference value :  1.10748e-03
 Reference value :  1.12248e-03
 Reference value :  1.14248e-03
 Reference value :  1.15748e-03
 Reference value :  1.17248e-03
 Reference value :  1.19248e-03
 Reference value :  1.20748e-03
 Reference value :  1.22248e-03
 Reference value :  1.24248e-03
 Reference value :  1.25748e-03
 Reference value :  1.28248e-03
 Reference value :  1.30748e-03
 Reference value :  1.32248e-03
 Reference value :  1.34248e-03
 Reference value :  1.36248e-03
 Reference value :  1.38248e-03
 Reference value :  1.40248e-03
 Reference value :  1.42248e-03
 Reference value :  1.43748e-03
 Reference value :  1.45748e-03
 Reference value :  1.47248e-03
 Reference value :  1.49248e-03
 Reference value :  1.51748e-03
 Reference value :  1.53748e-03
 Reference value :  1.55248e-03
 Reference value :  1.56748e-03
 Reference value :  1.58748e-03
 Reference value :  1.60748e-03
 Reference value :  1.62748e-03
 Reference value :  1.64748e-03
 Reference value :  1.66748e-03
 Reference value :  1.68248e-03
 Reference value :  1.69748e-03
 Reference value :  1.71748e-03
 Reference value :  1.73748e-03
 Reference value :  1.75748e-03
 Reference value :  1.77748e-03
 Reference value :  1.79748e-03
 Reference value :  1.81748e-03
 Reference value :  1.83748e-03
 Reference value :  1.85248e-03
 Reference value :  1.87748e-03
 Reference value :  1.89748e-03
 Reference value :  1.91748e-03
 Reference value :  1.93748e-03
 Reference value :  1.95248e-03
 Reference value :  1.97248e-03
 Reference value :  1.99248e-03
 Reference value :  2.00010e-03
 Reference value :  2.00050e-03
 Reference value :  2.00064e-03
 Reference value :  2.00077e-03
 Reference value :  2.00096e-03
 Reference value :  2.00100e-03
 Reference value :  2.00100e-03
 Reference value :  2.00102e-03
 Reference value :  2.00104e-03
 Reference value :  2.00109e-03
 Reference value :  2.00129e-03
 Reference value :  2.00198e-03
 Reference value :  2.00698e-03
 Reference value :  2.02143e-03
 Reference value :  2.03643e-03
 Reference value :  2.05643e-03
 Reference value :  2.07643e-03
 Reference value :  2.09643e-03
 Reference value :  2.11143e-03
 Reference value :  2.13143e-03
 Reference value :  2.14643e-03
 Reference value :  2.16643e-03
 Reference value :  2.18643e-03
 Reference value :  2.20643e-03
 Reference value :  2.22643e-03
 Reference value :  2.24643e-03
 Reference value :  2.26643e-03
 Reference value :  2.28643e-03
 Reference value :  2.30143e-03
 Reference value :  2.32143e-03
 Reference value :  2.34143e-03
 Reference value :  2.36143e-03
 Reference value :  2.38143e-03
 Reference value :  2.40143e-03
 Reference value :  2.42143e-03
 Reference value :  2.44143e-03
 Reference value :  2.46143e-03
 Reference value :  2.48143e-03
 Reference value :  2.50143e-03
 Reference value :  2.52143e-03
 Reference value :  2.54143e-03
 Reference value :  2.56143e-03
 Reference value :  2.58143e-03
 Reference value :  2.60143e-03
 Reference value :  2.62143e-03
 Reference value :  2.64143e-03
 Reference value :  2.66143e-03
 Reference value :  2.68143e-03
 Reference value :  2.70143e-03
 Reference value :  2.71643e-03
 Reference value :  2.73643e-03
 Reference value :  2.75143e-03
 Reference value :  2.77143e-03
 Reference value :  2.79143e-03
 Reference value :  2.81143e-03
 Reference value :  2.82643e-03
 Reference value :  2.84643e-03
 Reference value :  2.86143e-03
 Reference value :  2.88143e-03
 Reference value :  2.90143e-03
 Reference value :  2.92643e-03
 Reference value :  2.94643e-03
 Reference value :  2.96143e-03
 Reference value :  2.98143e-03
 Reference value :  2.99643e-03
 Reference value :  3.01643e-03
 Reference value :  3.03643e-03
 Reference value :  3.05643e-03
 Reference value :  3.07643e-03
 Reference value :  3.09643e-03
 Reference value :  3.11643e-03
 Reference value :  3.13643e-03
 Reference value :  3.15643e-03
 Reference value :  3.17643e-03
 Reference value :  3.19643e-03
 Reference value :  3.21643e-03
 Reference value :  3.23643e-03
 Reference value :  3.25643e-03
 Reference value :  3.27643e-03
 Reference value :  3.29643e-03
 Reference value :  3.31643e-03
 Reference value :  3.33643e-03
 Reference value :  3.35643e-03
 Reference value :  3.37643e-03
 Reference value :  3.39143e-03
 Reference value :  3.41143e-03
 Reference value :  3.43143e-03
 Reference value :  3.45143e-03
 Reference value :  3.47143e-03
 Reference value :  3.48643e-03
 Reference value :  3.50643e-03
 Reference value :  3.52643e-03
 Reference value :  3.55143e-03
 Reference value :  3.57643e-03
 Reference value :  3.60143e-03
 Reference value :  3.62143e-03
 Reference value :  3.64143e-03
 Reference value :  3.65643e-03
 Reference value :  3.67643e-03
 Reference value :  3.69643e-03
 Reference value :  3.71643e-03
 Reference value :  3.73643e-03
 Reference value :  3.75143e-03
 Reference value :  3.77143e-03
 Reference value :  3.78643e-03
 Reference value :  3.80143e-03
 Reference value :  3.82143e-03
 Reference value :  3.84143e-03
 Reference value :  3.86143e-03
 Reference value :  3.88143e-03
 Reference value :  3.90143e-03
 Reference value :  3.92143e-03
 Reference value :  3.94143e-03
 Reference value :  3.96143e-03
 Reference value :  3.98143e-03
 Reference value :  4.00143e-03
 Reference value :  4.02643e-03
 Reference value :  4.04643e-03
 Reference value :  4.06643e-03
 Reference value :  4.09643e-03
 Reference value :  4.12643e-03
 Reference value :  4.15643e-03
 Reference value :  4.18643e-03
 Reference value :  4.21143e-03
 Reference value :  4.23143e-03
 Reference value :  4.25143e-03
 Reference value :  4.27143e-03
 Reference value :  4.29143e-03
 Reference value :  4.30643e-03
 Reference value :  4.32643e-03
 Reference value :  4.34143e-03
 Reference value :  4.35643e-03
 Reference value :  4.37643e-03
 Reference value :  4.39643e-03
 Reference value :  4.41643e-03
 Reference value :  4.43143e-03
 Reference value :  4.45143e-03
 Reference value :  4.47143e-03
 Reference value :  4.49143e-03
No. of Data Rows : 960
vpre                =  1.81384e+00
iq_avg              =  -2.69324e-10 from=  3.50000e-03 to=  4.50000e-03
iq_worst            =  -1.76651e-09 at=  3.50643e-03
vhold               =  1.81264e+00
Doing analysis at TEMP = 27.000000 and TNOM = 27.000000

Using KLU as Direct Linear Solver
 Reference value :  0.00000e+00
No. of Data Rows : 1
Doing analysis at TEMP = 27.000000 and TNOM = 27.000000

Using KLU as Direct Linear Solver
 Reference value :  0.00000e+00
No. of Data Rows : 1
Doing analysis at TEMP = 27.000000 and TNOM = 27.000000

Using KLU as Direct Linear Solver
 Reference value :  0.00000e+00
No. of Data Rows : 1
meas_iq_shutdown_static_ua = 2.411706e-04
meas_iq_shutdown_after_edge_ua = 1.766511e-03
meas_iq_shutdown_after_edge_mean_ua = 2.693236e-04
meas_leak_vin_vout_ua = 7.488598e-05
meas_vout_pre_disable_v = 1.813843e+00
meas_vout_hold_2ms_v = 1.812642e+00
meas_vout_disabled_static_v = 2.337967e-04
meas_ivout_held_1v8_ua = 5.766536e-01
ngspice-46 done

# ==== ngspice stderr ====
Note: Starting dynamic gmin stepping
Warning: Dynamic gmin stepping failed
Note: Starting true gmin stepping
Note: True gmin stepping completed
Note: Starting dynamic gmin stepping
Warning: Dynamic gmin stepping failed
Note: Starting true gmin stepping
Note: True gmin stepping completed
Note: Starting dynamic gmin stepping
Warning: Dynamic gmin stepping failed
Note: Starting true gmin stepping
Note: True gmin stepping completed
Note: Starting dynamic gmin stepping
Warning: Dynamic gmin stepping failed
Note: Starting true gmin stepping
Note: True gmin stepping completed
