# corner: sf_27c_3.30v
# process=sf temp=27C supply=3.30V
# ngspice exit: 0
# wall clock: 86.2s (--timeout was 300s)
# result: PASS

# ==== deck (exact input given to ngspice) ====
| * enable-shutdown corner deck -- generated by sim/bin/corner-run.py, do not edit
| * corner: sf_27c_3.30v
| .param vsup=3.3
| .option wnflag=1
| .temp 27
| .lib "/home/ubuntu/.volare/sky130A/libs.tech/combined/sky130.lib.spice" sf
| ** sch_path: sim/enable-shutdown/testbench/tb_enable_shutdown.sch
| **.subckt tb_enable_shutdown
| VVIN VIN 0 'vsup'
| .save i(vvin)
| VEN EN 0 dc 0 pwl(0 0 100u 0 101u 'vsup' 2m 'vsup' 2.001m 0 10 0)
| .save i(ven)
| VVREF VREF 0 1.2
| .save i(vvref)
| xldo VOUT VREF EN VIN ldo_3v3in_1v8out
| COUT VOUT VESR 1u m=1
| RESR VESR 0 10m m=1
| RLOAD VOUT 0 1e12 m=1
| RFORCE VOUT VF 1e12 m=1
| VFORCE VF 0 0
| .save i(vforce)
| **.ends
| 
| * expanding   symbol:  design/ldo_3v3in_1v8out.sym # of pins=4
| ** sym_path: design/ldo_3v3in_1v8out.sym
| ** sch_path: design/ldo_3v3in_1v8out.sch
| .subckt ldo_3v3in_1v8out VOUT VREF EN VIN
| *.ipin VIN
| *.ipin EN
| *.ipin VREF
| *.opin VOUT
| XR_BIAS VIN NB 0 sky130_fd_pr__res_high_po W=0.42 L=1500 mult=1 m=1
| XM_BIASN1 NB NB BIAS_ENN 0 sky130_fd_pr__nfet_g5v0d10v5 L=1 W=4 nf=1 ad=1.16 as=1.16 pd=8.58 ps=8.58 nrd=0.0725 nrs=0.0725 sa=0
| + sb=0 sd=0 mult=1 m=1
| XM_ENN BIAS_ENN EN 0 0 sky130_fd_pr__nfet_g5v0d10v5 L=0.5 W=10 nf=1 ad=2.9 as=2.9 pd=20.58 ps=20.58 nrd=0.029 nrs=0.029 sa=0 sb=0
| + sd=0 mult=1 m=1
| XM_BIASN2 BIASP NB BIAS_ENN 0 sky130_fd_pr__nfet_g5v0d10v5 L=1 W=4 nf=1 ad=1.16 as=1.16 pd=8.58 ps=8.58 nrd=0.0725 nrs=0.0725 sa=0
| + sb=0 sd=0 mult=1 m=1
| XM_BIASP1 BIASP BIASP VIN VIN sky130_fd_pr__pfet_g5v0d10v5 L=1 W=10 nf=2 ad=1.45 as=2.9 pd=10.58 ps=21.16 nrd=0.029 nrs=0.029 sa=0
| + sb=0 sd=0 mult=1 m=1
| XM_ENP2 BIASP EN VIN VIN sky130_fd_pr__pfet_g5v0d10v5 L=0.5 W=10 nf=1 ad=2.9 as=2.9 pd=20.58 ps=20.58 nrd=0.029 nrs=0.029 sa=0
| + sb=0 sd=0 mult=1 m=1
| XM_TAIL EA_TAIL BIASP VIN VIN sky130_fd_pr__pfet_g5v0d10v5 L=2 W=40 nf=8 ad=5.8 as=7.25 pd=42.32 ps=52.9 nrd=0.00725 nrs=0.00725
| + sa=0 sb=0 sd=0 mult=1 m=1
| XM_IN1 EA_D1 FB EA_TAIL VIN sky130_fd_pr__pfet_g5v0d10v5 L=2 W=10 nf=2 ad=1.45 as=2.9 pd=10.58 ps=21.16 nrd=0.029 nrs=0.029 sa=0
| + sb=0 sd=0 mult=1 m=1
| XM_IN2 EA_D2 VREF EA_TAIL VIN sky130_fd_pr__pfet_g5v0d10v5 L=2 W=10 nf=2 ad=1.45 as=2.9 pd=10.58 ps=21.16 nrd=0.029 nrs=0.029 sa=0
| + sb=0 sd=0 mult=1 m=1
| XM_MIR1 EA_D1 EA_D1 AMP_ENN 0 sky130_fd_pr__nfet_g5v0d10v5 L=4 W=10 nf=2 ad=1.45 as=2.9 pd=10.58 ps=21.16 nrd=0.029 nrs=0.029 sa=0
| + sb=0 sd=0 mult=1 m=1
| XM_MIR2 EA_OUT EA_D1 AMP_ENN 0 sky130_fd_pr__nfet_g5v0d10v5 L=4 W=10 nf=2 ad=1.45 as=2.9 pd=10.58 ps=21.16 nrd=0.029 nrs=0.029
| + sa=0 sb=0 sd=0 mult=1 m=1
| XM_ENN2 AMP_ENN EN 0 0 sky130_fd_pr__nfet_g5v0d10v5 L=0.5 W=10 nf=1 ad=2.9 as=2.9 pd=20.58 ps=20.58 nrd=0.029 nrs=0.029 sa=0 sb=0
| + sd=0 mult=1 m=1
| XM_ENP EA_OUT EN VIN VIN sky130_fd_pr__pfet_g5v0d10v5 L=0.5 W=10 nf=1 ad=2.9 as=2.9 pd=20.58 ps=20.58 nrd=0.029 nrs=0.029 sa=0
| + sb=0 sd=0 mult=1 m=1
| XM_MIR3 EA_D2 EA_D2 AMP_ENN 0 sky130_fd_pr__nfet_g5v0d10v5 L=4 W=10 nf=2 ad=1.45 as=2.9 pd=10.58 ps=21.16 nrd=0.029 nrs=0.029 sa=0
| + sb=0 sd=0 mult=1 m=1
| XM_MIR4 PB EA_D2 AMP_ENN 0 sky130_fd_pr__nfet_g5v0d10v5 L=4 W=10 nf=2 ad=1.45 as=2.9 pd=10.58 ps=21.16 nrd=0.029 nrs=0.029 sa=0
| + sb=0 sd=0 mult=1 m=1
| XM_MIRP1 PB PB VIN VIN sky130_fd_pr__pfet_g5v0d10v5 L=4 W=20 nf=4 ad=2.9 as=4.35 pd=21.16 ps=31.74 nrd=0.0145 nrs=0.0145 sa=0 sb=0
| + sd=0 mult=1 m=1
| XM_MIRP2 EA_OUT PB VIN VIN sky130_fd_pr__pfet_g5v0d10v5 L=4 W=20 nf=4 ad=2.9 as=4.35 pd=21.16 ps=31.74 nrd=0.0145 nrs=0.0145 sa=0
| + sb=0 sd=0 mult=1 m=1
| XM_ENP5 PB EN VIN VIN sky130_fd_pr__pfet_g5v0d10v5 L=0.5 W=2 nf=1 ad=0.58 as=0.58 pd=4.58 ps=4.58 nrd=0.145 nrs=0.145 sa=0 sb=0
| + sd=0 mult=1 m=1
| XM_PASS VOUT EA_OUT VIN VIN sky130_fd_pr__pfet_g5v0d10v5 L=0.5 W=100 nf=25 ad=15.08 as=15.08 pd=111.54 ps=111.54 nrd=0.0029
| + nrs=0.0029 sa=0 sb=0 sd=0 mult=25 m=25
| C_COMP VOUT EA_CZ 150p m=1
| XR_CZ EA_CZ EA_OUT 0 sky130_fd_pr__res_xhigh_po W=0.42 L=52 mult=1 m=1
| XR_FB_A VOUT FB 0 sky130_fd_pr__res_xhigh_po W=0.42 L=180 mult=1 m=1
| XR_FB_B FB N_FBB 0 sky130_fd_pr__res_xhigh_po W=0.42 L=180 mult=1 m=1
| XR_FB_C N_FBB 0 0 sky130_fd_pr__res_xhigh_po W=0.42 L=180 mult=1 m=1
| XM_SENSE CL_SNS EA_OUT VIN VIN sky130_fd_pr__pfet_g5v0d10v5 L=0.5 W=0.42 nf=1 ad=0.1218 as=0.1218 pd=1.42 ps=1.42
| + nrd=0.69047619047619 nrs=0.69047619047619 sa=0 sb=0 sd=0 mult=1 m=1
| XM_CLN1 CL_SNS CL_SNS AMP_ENN 0 sky130_fd_pr__nfet_g5v0d10v5 L=1 W=20 nf=1 ad=5.8 as=5.8 pd=40.58 ps=40.58 nrd=0.0145 nrs=0.0145
| + sa=0 sb=0 sd=0 mult=1 m=1
| XM_CLN2 CL_CMP CL_SNS AMP_ENN 0 sky130_fd_pr__nfet_g5v0d10v5 L=1 W=1.6 nf=1 ad=0.464 as=0.464 pd=3.78 ps=3.78 nrd=0.18125
| + nrs=0.18125 sa=0 sb=0 sd=0 mult=1 m=1
| XM_CLP CL_CMP BIASP VIN VIN sky130_fd_pr__pfet_g5v0d10v5 L=1 W=10 nf=2 ad=1.45 as=2.9 pd=10.58 ps=21.16 nrd=0.029 nrs=0.029 sa=0
| + sb=0 sd=0 mult=1 m=1
| XM_CLIM EA_OUT CL_CMP VIN VIN sky130_fd_pr__pfet_g5v0d10v5 L=0.5 W=20 nf=4 ad=2.9 as=4.35 pd=21.16 ps=31.74 nrd=0.0145 nrs=0.0145
| + sa=0 sb=0 sd=0 mult=1 m=1
| XM_ENP3 CL_CMP EN VIN VIN sky130_fd_pr__pfet_g5v0d10v5 L=0.5 W=2 nf=1 ad=0.58 as=0.58 pd=4.58 ps=4.58 nrd=0.145 nrs=0.145 sa=0
| + sb=0 sd=0 mult=1 m=1
| C_CL VIN CL_CMP 1p m=1
| XM_INVP ENB EN VIN VIN sky130_fd_pr__pfet_g5v0d10v5 L=0.5 W=2 nf=1 ad=0.58 as=0.58 pd=4.58 ps=4.58 nrd=0.145 nrs=0.145 sa=0 sb=0
| + sd=0 mult=1 m=1
| XM_INVN ENB EN 0 0 sky130_fd_pr__nfet_g5v0d10v5 L=0.5 W=1 nf=1 ad=0.29 as=0.29 pd=2.58 ps=2.58 nrd=0.29 nrs=0.29 sa=0 sb=0 sd=0
| + mult=1 m=1
| XM_SSDIS SS ENB 0 0 sky130_fd_pr__nfet_g5v0d10v5 L=0.5 W=2 nf=1 ad=0.58 as=0.58 pd=4.58 ps=4.58 nrd=0.145 nrs=0.145 sa=0 sb=0 sd=0
| + mult=1 m=1
| XM_SSCHG SS BIASP VIN VIN sky130_fd_pr__pfet_g5v0d10v5 L=8 W=1 nf=1 ad=0.29 as=0.29 pd=2.58 ps=2.58 nrd=0.29 nrs=0.29 sa=0 sb=0
| + sd=0 mult=1 m=1
| C_SS SS 0 10p m=1
| XM_IN2S EA_D2 SS EA_TAIL VIN sky130_fd_pr__pfet_g5v0d10v5 L=2 W=10 nf=2 ad=1.45 as=2.9 pd=10.58 ps=21.16 nrd=0.029 nrs=0.029 sa=0
| + sb=0 sd=0 mult=1 m=1
| XM_TSPS TS_SNS BIASP VIN VIN sky130_fd_pr__pfet_g5v0d10v5 L=1 W=2.5 nf=1 ad=0.725 as=0.725 pd=5.58 ps=5.58 nrd=0.116 nrs=0.116
| + sa=0 sb=0 sd=0 mult=1 m=1
| XM_TSD1 TS_SNS TS_SNS TS_MID 0 sky130_fd_pr__nfet_g5v0d10v5 L=1 W=80 nf=16 ad=11.6 as=13.05 pd=84.64 ps=95.22 nrd=0.003625
| + nrs=0.003625 sa=0 sb=0 sd=0 mult=1 m=1
| XM_TSD2 TS_MID TS_MID AMP_ENN 0 sky130_fd_pr__nfet_g5v0d10v5 L=1 W=80 nf=16 ad=11.6 as=13.05 pd=84.64 ps=95.22 nrd=0.003625
| + nrs=0.003625 sa=0 sb=0 sd=0 mult=1 m=1
| XM_TSPR TS_REF BIASP VIN VIN sky130_fd_pr__pfet_g5v0d10v5 L=1 W=2.5 nf=1 ad=0.725 as=0.725 pd=5.58 ps=5.58 nrd=0.116 nrs=0.116
| + sa=0 sb=0 sd=0 mult=1 m=1
| XM_TSR1 TS_REF TS_REF AMP_ENN 0 sky130_fd_pr__nfet_g5v0d10v5 L=10 W=2 nf=1 ad=0.58 as=0.58 pd=4.58 ps=4.58 nrd=0.145 nrs=0.145
| + sa=0 sb=0 sd=0 mult=1 m=1
| XM_TCTAIL TC_TAIL NB AMP_ENN 0 sky130_fd_pr__nfet_g5v0d10v5 L=1 W=1 nf=1 ad=0.29 as=0.29 pd=2.58 ps=2.58 nrd=0.29 nrs=0.29 sa=0
| + sb=0 sd=0 mult=1 m=1
| XM_TCN1 TC_D1 TS_SNS TC_TAIL 0 sky130_fd_pr__nfet_g5v0d10v5 L=2 W=10 nf=2 ad=1.45 as=2.9 pd=10.58 ps=21.16 nrd=0.029 nrs=0.029
| + sa=0 sb=0 sd=0 mult=1 m=1
| XM_TCN2 TS_CMP TS_REF TC_TAIL 0 sky130_fd_pr__nfet_g5v0d10v5 L=2 W=10 nf=2 ad=1.45 as=2.9 pd=10.58 ps=21.16 nrd=0.029 nrs=0.029
| + sa=0 sb=0 sd=0 mult=1 m=1
| XM_TCP1 TC_D1 TC_D1 VIN VIN sky130_fd_pr__pfet_g5v0d10v5 L=2 W=10 nf=2 ad=1.45 as=2.9 pd=10.58 ps=21.16 nrd=0.029 nrs=0.029 sa=0
| + sb=0 sd=0 mult=1 m=1
| XM_TCP2 TS_CMP TC_D1 VIN VIN sky130_fd_pr__pfet_g5v0d10v5 L=2 W=10 nf=2 ad=1.45 as=2.9 pd=10.58 ps=21.16 nrd=0.029 nrs=0.029 sa=0
| + sb=0 sd=0 mult=1 m=1
| XM_TSHUT EA_OUT TS_CMP VIN VIN sky130_fd_pr__pfet_g5v0d10v5 L=0.5 W=20 nf=4 ad=2.9 as=4.35 pd=21.16 ps=31.74 nrd=0.0145 nrs=0.0145
| + sa=0 sb=0 sd=0 mult=1 m=1
| XM_TSHYSB TS_HYS BIASP VIN VIN sky130_fd_pr__pfet_g5v0d10v5 L=2 W=1.5 nf=1 ad=0.435 as=0.435 pd=3.58 ps=3.58 nrd=0.193333333333333
| + nrs=0.193333333333333 sa=0 sb=0 sd=0 mult=1 m=1
| XM_TSHYS TS_REF TS_CMP TS_HYS VIN sky130_fd_pr__pfet_g5v0d10v5 L=0.5 W=2 nf=1 ad=0.58 as=0.58 pd=4.58 ps=4.58 nrd=0.145 nrs=0.145
| + sa=0 sb=0 sd=0 mult=1 m=1
| XM_ENP4 TS_CMP EN VIN VIN sky130_fd_pr__pfet_g5v0d10v5 L=0.5 W=2 nf=1 ad=0.58 as=0.58 pd=4.58 ps=4.58 nrd=0.145 nrs=0.145 sa=0
| + sb=0 sd=0 mult=1 m=1
| C_TS VIN TS_CMP 1p m=1
| .ends
| 
| .control
| save all
| * --- leg 1: full cycle -- EN rises at t=100us, block regulates, EN falls at t=2ms ---
| tran 5u 4.5m
| meas tran vpre find v(vout) at=1.9m
| meas tran iq_avg avg i(vvin) from=3.5m to=4.5m
| meas tran iq_worst min i(vvin) from=3.5m to=4.5m
| meas tran vhold find v(vout) at=4m
| * --- leg 2: static disabled state, output free-floating ---
| op
| * --- leg 3: static disabled state, VOUT forced to 0 V (Vin->Vout leakage) ---
| alter rforce = 1m
| op
| * --- leg 4: static disabled state, VOUT held at the 1.8 V nominal output ---
| alter vforce = 1.8
| op
| let meas_iq_shutdown_static_ua = -1e6*op1.i(vvin)
| let meas_iq_shutdown_after_edge_ua = -1e6*tran1.iq_worst
| let meas_iq_shutdown_after_edge_mean_ua = -1e6*tran1.iq_avg
| let meas_leak_vin_vout_ua = 1e6*op2.i(vforce)
| let meas_vout_pre_disable_v = tran1.vpre
| let meas_vout_hold_2ms_v = tran1.vhold
| let meas_vout_disabled_static_v = op1.v(vout)
| let meas_ivout_held_1v8_ua = -1e6*op3.i(vforce)
| print meas_iq_shutdown_static_ua
| print meas_iq_shutdown_after_edge_ua
| print meas_iq_shutdown_after_edge_mean_ua
| print meas_leak_vin_vout_ua
| print meas_vout_pre_disable_v
| print meas_vout_hold_2ms_v
| print meas_vout_disabled_static_v
| print meas_ivout_held_1v8_ua
| quit
| .endc
| .end

# ==== ngspice stdout ====

Note: Compatibility modes selected: hs a


Circuit: * enable-shutdown corner deck -- generated by sim/bin/corner-run.py, do not edit

option SCALE: Scale is set to 1e-06 for instance and model parameters
option SCALE: Scale is set to 1e-06 for instance and model parameters
option SCALE: Scale is set to 1e-06 for instance and model parameters
option SCALE: Scale is set to 1e-06 for instance and model parameters
Doing analysis at TEMP = 27.000000 and TNOM = 27.000000

Using KLU as Direct Linear Solver
 Reference value :  0.00000e+00
 Reference value :  4.00000e-07
 Reference value :  6.40000e-06
 Reference value :  2.64000e-05
 Reference value :  4.64000e-05
 Reference value :  6.64000e-05
 Reference value :  8.64000e-05
 Reference value :  1.00100e-04
 Reference value :  1.00300e-04
 Reference value :  1.00410e-04
 Reference value :  1.00499e-04
 Reference value :  1.00570e-04
 Reference value :  1.00727e-04
 Reference value :  1.00805e-04
 Reference value :  1.00869e-04
 Reference value :  1.00914e-04
 Reference value :  1.01000e-04
 Reference value :  1.01031e-04
 Reference value :  1.01181e-04
 Reference value :  1.01777e-04
 Reference value :  1.04724e-04
 Reference value :  1.23092e-04
 Reference value :  1.38092e-04
 Reference value :  1.58092e-04
 Reference value :  1.78092e-04
 Reference value :  1.98092e-04
 Reference value :  2.08092e-04
 Reference value :  2.23092e-04
 Reference value :  2.38092e-04
 Reference value :  2.53092e-04
 Reference value :  2.68092e-04
 Reference value :  2.83092e-04
 Reference value :  3.03092e-04
 Reference value :  3.23092e-04
 Reference value :  3.38092e-04
 Reference value :  3.58092e-04
 Reference value :  3.78092e-04
 Reference value :  3.93092e-04
 Reference value :  4.08092e-04
 Reference value :  4.23092e-04
 Reference value :  4.38092e-04
 Reference value :  4.53092e-04
 Reference value :  4.68092e-04
 Reference value :  4.83092e-04
 Reference value :  4.98092e-04
 Reference value :  5.13092e-04
 Reference value :  5.28092e-04
 Reference value :  5.43092e-04
 Reference value :  5.58092e-04
 Reference value :  5.78092e-04
 Reference value :  5.98092e-04
 Reference value :  6.18092e-04
 Reference value :  6.38092e-04
 Reference value :  6.63092e-04
 Reference value :  6.93092e-04
 Reference value :  7.18092e-04
 Reference value :  7.38092e-04
 Reference value :  7.58092e-04
 Reference value :  7.78092e-04
 Reference value :  9.33092e-04
 Reference value :  9.53092e-04
 Reference value :  9.73092e-04
 Reference value :  9.93092e-04
 Reference value :  1.01809e-03
 Reference value :  1.04809e-03
 Reference value :  1.07309e-03
 Reference value :  1.10309e-03
 Reference value :  1.12809e-03
 Reference value :  1.15309e-03
 Reference value :  1.17809e-03
 Reference value :  1.19809e-03
 Reference value :  1.21809e-03
 Reference value :  1.24309e-03
 Reference value :  1.26809e-03
 Reference value :  1.29309e-03
 Reference value :  1.32309e-03
 Reference value :  1.34809e-03
 Reference value :  1.37309e-03
 Reference value :  1.39809e-03
 Reference value :  1.42309e-03
 Reference value :  1.44809e-03
 Reference value :  1.47309e-03
 Reference value :  1.49809e-03
 Reference value :  1.52309e-03
 Reference value :  1.54809e-03
 Reference value :  1.57309e-03
 Reference value :  1.59809e-03
 Reference value :  1.62309e-03
 Reference value :  1.64809e-03
 Reference value :  1.67309e-03
 Reference value :  1.69809e-03
 Reference value :  1.72309e-03
 Reference value :  1.74809e-03
 Reference value :  1.77309e-03
 Reference value :  1.79809e-03
 Reference value :  1.81809e-03
 Reference value :  1.83809e-03
 Reference value :  1.86309e-03
 Reference value :  1.88809e-03
 Reference value :  1.91309e-03
 Reference value :  1.93809e-03
 Reference value :  1.96309e-03
 Reference value :  1.98809e-03
 Reference value :  2.00010e-03
 Reference value :  2.00050e-03
 Reference value :  2.00064e-03
 Reference value :  2.00088e-03
 Reference value :  2.00097e-03
 Reference value :  2.00098e-03
 Reference value :  2.00100e-03
 Reference value :  2.00101e-03
 Reference value :  2.00108e-03
 Reference value :  2.00171e-03
 Reference value :  2.00912e-03
 Reference value :  2.02412e-03
 Reference value :  2.04412e-03
 Reference value :  2.06912e-03
 Reference value :  2.08912e-03
 Reference value :  2.10912e-03
 Reference value :  2.12912e-03
 Reference value :  2.15412e-03
 Reference value :  2.17912e-03
 Reference value :  2.20412e-03
 Reference value :  2.22912e-03
 Reference value :  2.25412e-03
 Reference value :  2.27412e-03
 Reference value :  2.29412e-03
 Reference value :  2.31412e-03
 Reference value :  2.33412e-03
 Reference value :  2.34912e-03
 Reference value :  2.36412e-03
 Reference value :  2.38412e-03
 Reference value :  2.39912e-03
 Reference value :  2.41912e-03
 Reference value :  2.43412e-03
 Reference value :  2.45412e-03
 Reference value :  2.47412e-03
 Reference value :  2.49412e-03
 Reference value :  2.50912e-03
 Reference value :  2.52912e-03
 Reference value :  2.54412e-03
 Reference value :  2.56412e-03
 Reference value :  2.58912e-03
 Reference value :  2.60912e-03
 Reference value :  2.62412e-03
 Reference value :  2.64412e-03
 Reference value :  2.66412e-03
 Reference value :  2.67912e-03
 Reference value :  2.69412e-03
 Reference value :  2.70912e-03
 Reference value :  2.72412e-03
 Reference value :  2.73912e-03
 Reference value :  2.75412e-03
 Reference value :  2.76912e-03
 Reference value :  2.78912e-03
 Reference value :  2.80912e-03
 Reference value :  2.82912e-03
 Reference value :  2.84912e-03
 Reference value :  2.86912e-03
 Reference value :  2.88412e-03
 Reference value :  2.90412e-03
 Reference value :  2.91912e-03
 Reference value :  2.93412e-03
 Reference value :  2.94912e-03
 Reference value :  2.96412e-03
 Reference value :  2.98412e-03
 Reference value :  3.00412e-03
 Reference value :  3.01912e-03
 Reference value :  3.03912e-03
 Reference value :  3.05912e-03
 Reference value :  3.07912e-03
 Reference value :  3.09912e-03
 Reference value :  3.11412e-03
 Reference value :  3.13412e-03
 Reference value :  3.14912e-03
 Reference value :  3.16412e-03
 Reference value :  3.18412e-03
 Reference value :  3.19912e-03
 Reference value :  3.21912e-03
 Reference value :  3.23912e-03
 Reference value :  3.25412e-03
 Reference value :  3.26912e-03
 Reference value :  3.29412e-03
 Reference value :  3.31412e-03
 Reference value :  3.33412e-03
 Reference value :  3.35412e-03
 Reference value :  3.36912e-03
 Reference value :  3.38912e-03
 Reference value :  3.40912e-03
 Reference value :  3.42912e-03
 Reference value :  3.44412e-03
 Reference value :  3.46412e-03
 Reference value :  3.48412e-03
 Reference value :  3.50412e-03
 Reference value :  3.51912e-03
 Reference value :  3.53412e-03
 Reference value :  3.55412e-03
 Reference value :  3.57412e-03
 Reference value :  3.58912e-03
 Reference value :  3.60412e-03
 Reference value :  3.62412e-03
 Reference value :  3.64412e-03
 Reference value :  3.66412e-03
 Reference value :  3.68412e-03
 Reference value :  3.70412e-03
 Reference value :  3.72412e-03
 Reference value :  3.74412e-03
 Reference value :  3.76412e-03
 Reference value :  3.77912e-03
 Reference value :  3.79412e-03
 Reference value :  3.81412e-03
 Reference value :  3.83412e-03
 Reference value :  3.84912e-03
 Reference value :  3.86912e-03
 Reference value :  3.88912e-03
 Reference value :  3.90912e-03
 Reference value :  3.92912e-03
 Reference value :  3.94912e-03
 Reference value :  3.96912e-03
 Reference value :  3.98912e-03
 Reference value :  4.00912e-03
 Reference value :  4.02912e-03
 Reference value :  4.04912e-03
 Reference value :  4.06912e-03
 Reference value :  4.08412e-03
 Reference value :  4.09912e-03
 Reference value :  4.11912e-03
 Reference value :  4.13412e-03
 Reference value :  4.14912e-03
 Reference value :  4.16912e-03
 Reference value :  4.18912e-03
 Reference value :  4.20912e-03
 Reference value :  4.22912e-03
 Reference value :  4.24412e-03
 Reference value :  4.26412e-03
 Reference value :  4.28412e-03
 Reference value :  4.29912e-03
 Reference value :  4.31412e-03
 Reference value :  4.33412e-03
 Reference value :  4.35412e-03
 Reference value :  4.37412e-03
 Reference value :  4.39412e-03
 Reference value :  4.41412e-03
 Reference value :  4.42912e-03
 Reference value :  4.44412e-03
 Reference value :  4.46412e-03
 Reference value :  4.48412e-03
 Reference value :  4.49706e-03
No. of Data Rows : 960
vpre                =  1.81259e+00
iq_avg              =  -2.95718e-10 from=  3.50000e-03 to=  4.50000e-03
iq_worst            =  -2.95708e-09 at=  3.50412e-03
vhold               =  1.81139e+00
Doing analysis at TEMP = 27.000000 and TNOM = 27.000000

Using KLU as Direct Linear Solver
 Reference value :  0.00000e+00
No. of Data Rows : 1
Doing analysis at TEMP = 27.000000 and TNOM = 27.000000

Using KLU as Direct Linear Solver
 Reference value :  0.00000e+00
No. of Data Rows : 1
Doing analysis at TEMP = 27.000000 and TNOM = 27.000000

Using KLU as Direct Linear Solver
 Reference value :  0.00000e+00
No. of Data Rows : 1
meas_iq_shutdown_static_ua = 2.675525e-04
meas_iq_shutdown_after_edge_ua = 2.957083e-03
meas_iq_shutdown_after_edge_mean_ua = 2.957181e-04
meas_leak_vin_vout_ua = 8.330623e-05
meas_vout_pre_disable_v = 1.812591e+00
meas_vout_hold_2ms_v = 1.811393e+00
meas_vout_disabled_static_v = 2.600848e-04
meas_ivout_held_1v8_ua = 5.766454e-01
ngspice-46 done

# ==== ngspice stderr ====
Note: Starting dynamic gmin stepping
Warning: Dynamic gmin stepping failed
Note: Starting true gmin stepping
Note: True gmin stepping completed
Note: Starting dynamic gmin stepping
Warning: Dynamic gmin stepping failed
Note: Starting true gmin stepping
Note: True gmin stepping completed
Note: Starting dynamic gmin stepping
Warning: Dynamic gmin stepping failed
Note: Starting true gmin stepping
Note: True gmin stepping completed
Note: Starting dynamic gmin stepping
Warning: Dynamic gmin stepping failed
Note: Starting true gmin stepping
Note: True gmin stepping completed
