# corner: sf_27c_3.63v
# process=sf temp=27C supply=3.63V
# ngspice exit: 0
# wall clock: 102.5s (--timeout was 300s)
# result: PASS

# ==== deck (exact input given to ngspice) ====
| * enable-shutdown corner deck -- generated by sim/bin/corner-run.py, do not edit
| * corner: sf_27c_3.63v
| .param vsup=3.63
| .option wnflag=1
| .temp 27
| .lib "/home/ubuntu/.volare/sky130A/libs.tech/combined/sky130.lib.spice" sf
| ** sch_path: sim/enable-shutdown/testbench/tb_enable_shutdown.sch
| **.subckt tb_enable_shutdown
| VVIN VIN 0 'vsup'
| .save i(vvin)
| VEN EN 0 dc 0 pwl(0 0 100u 0 101u 'vsup' 2m 'vsup' 2.001m 0 10 0)
| .save i(ven)
| VVREF VREF 0 1.2
| .save i(vvref)
| xldo VOUT VREF EN VIN ldo_3v3in_1v8out
| COUT VOUT VESR 1u m=1
| RESR VESR 0 10m m=1
| RLOAD VOUT 0 1e12 m=1
| RFORCE VOUT VF 1e12 m=1
| VFORCE VF 0 0
| .save i(vforce)
| **.ends
| 
| * expanding   symbol:  design/ldo_3v3in_1v8out.sym # of pins=4
| ** sym_path: design/ldo_3v3in_1v8out.sym
| ** sch_path: design/ldo_3v3in_1v8out.sch
| .subckt ldo_3v3in_1v8out VOUT VREF EN VIN
| *.ipin VIN
| *.ipin EN
| *.ipin VREF
| *.opin VOUT
| XR_BIAS VIN NB 0 sky130_fd_pr__res_high_po W=0.42 L=1500 mult=1 m=1
| XM_BIASN1 NB NB BIAS_ENN 0 sky130_fd_pr__nfet_g5v0d10v5 L=1 W=4 nf=1 ad=1.16 as=1.16 pd=8.58 ps=8.58 nrd=0.0725 nrs=0.0725 sa=0
| + sb=0 sd=0 mult=1 m=1
| XM_ENN BIAS_ENN EN 0 0 sky130_fd_pr__nfet_g5v0d10v5 L=0.5 W=10 nf=1 ad=2.9 as=2.9 pd=20.58 ps=20.58 nrd=0.029 nrs=0.029 sa=0 sb=0
| + sd=0 mult=1 m=1
| XM_BIASN2 BIASP NB BIAS_ENN 0 sky130_fd_pr__nfet_g5v0d10v5 L=1 W=4 nf=1 ad=1.16 as=1.16 pd=8.58 ps=8.58 nrd=0.0725 nrs=0.0725 sa=0
| + sb=0 sd=0 mult=1 m=1
| XM_BIASP1 BIASP BIASP VIN VIN sky130_fd_pr__pfet_g5v0d10v5 L=1 W=10 nf=2 ad=1.45 as=2.9 pd=10.58 ps=21.16 nrd=0.029 nrs=0.029 sa=0
| + sb=0 sd=0 mult=1 m=1
| XM_ENP2 BIASP EN VIN VIN sky130_fd_pr__pfet_g5v0d10v5 L=0.5 W=10 nf=1 ad=2.9 as=2.9 pd=20.58 ps=20.58 nrd=0.029 nrs=0.029 sa=0
| + sb=0 sd=0 mult=1 m=1
| XM_TAIL EA_TAIL BIASP VIN VIN sky130_fd_pr__pfet_g5v0d10v5 L=2 W=40 nf=8 ad=5.8 as=7.25 pd=42.32 ps=52.9 nrd=0.00725 nrs=0.00725
| + sa=0 sb=0 sd=0 mult=1 m=1
| XM_IN1 EA_D1 FB EA_TAIL VIN sky130_fd_pr__pfet_g5v0d10v5 L=2 W=10 nf=2 ad=1.45 as=2.9 pd=10.58 ps=21.16 nrd=0.029 nrs=0.029 sa=0
| + sb=0 sd=0 mult=1 m=1
| XM_IN2 EA_D2 VREF EA_TAIL VIN sky130_fd_pr__pfet_g5v0d10v5 L=2 W=10 nf=2 ad=1.45 as=2.9 pd=10.58 ps=21.16 nrd=0.029 nrs=0.029 sa=0
| + sb=0 sd=0 mult=1 m=1
| XM_MIR1 EA_D1 EA_D1 AMP_ENN 0 sky130_fd_pr__nfet_g5v0d10v5 L=4 W=10 nf=2 ad=1.45 as=2.9 pd=10.58 ps=21.16 nrd=0.029 nrs=0.029 sa=0
| + sb=0 sd=0 mult=1 m=1
| XM_MIR2 EA_OUT EA_D1 AMP_ENN 0 sky130_fd_pr__nfet_g5v0d10v5 L=4 W=10 nf=2 ad=1.45 as=2.9 pd=10.58 ps=21.16 nrd=0.029 nrs=0.029
| + sa=0 sb=0 sd=0 mult=1 m=1
| XM_ENN2 AMP_ENN EN 0 0 sky130_fd_pr__nfet_g5v0d10v5 L=0.5 W=10 nf=1 ad=2.9 as=2.9 pd=20.58 ps=20.58 nrd=0.029 nrs=0.029 sa=0 sb=0
| + sd=0 mult=1 m=1
| XM_ENP EA_OUT EN VIN VIN sky130_fd_pr__pfet_g5v0d10v5 L=0.5 W=10 nf=1 ad=2.9 as=2.9 pd=20.58 ps=20.58 nrd=0.029 nrs=0.029 sa=0
| + sb=0 sd=0 mult=1 m=1
| XM_MIR3 EA_D2 EA_D2 AMP_ENN 0 sky130_fd_pr__nfet_g5v0d10v5 L=4 W=10 nf=2 ad=1.45 as=2.9 pd=10.58 ps=21.16 nrd=0.029 nrs=0.029 sa=0
| + sb=0 sd=0 mult=1 m=1
| XM_MIR4 PB EA_D2 AMP_ENN 0 sky130_fd_pr__nfet_g5v0d10v5 L=4 W=10 nf=2 ad=1.45 as=2.9 pd=10.58 ps=21.16 nrd=0.029 nrs=0.029 sa=0
| + sb=0 sd=0 mult=1 m=1
| XM_MIRP1 PB PB VIN VIN sky130_fd_pr__pfet_g5v0d10v5 L=4 W=20 nf=4 ad=2.9 as=4.35 pd=21.16 ps=31.74 nrd=0.0145 nrs=0.0145 sa=0 sb=0
| + sd=0 mult=1 m=1
| XM_MIRP2 EA_OUT PB VIN VIN sky130_fd_pr__pfet_g5v0d10v5 L=4 W=20 nf=4 ad=2.9 as=4.35 pd=21.16 ps=31.74 nrd=0.0145 nrs=0.0145 sa=0
| + sb=0 sd=0 mult=1 m=1
| XM_ENP5 PB EN VIN VIN sky130_fd_pr__pfet_g5v0d10v5 L=0.5 W=2 nf=1 ad=0.58 as=0.58 pd=4.58 ps=4.58 nrd=0.145 nrs=0.145 sa=0 sb=0
| + sd=0 mult=1 m=1
| XM_PASS VOUT EA_OUT VIN VIN sky130_fd_pr__pfet_g5v0d10v5 L=0.5 W=100 nf=25 ad=15.08 as=15.08 pd=111.54 ps=111.54 nrd=0.0029
| + nrs=0.0029 sa=0 sb=0 sd=0 mult=25 m=25
| C_COMP VOUT EA_CZ 150p m=1
| XR_CZ EA_CZ EA_OUT 0 sky130_fd_pr__res_xhigh_po W=0.42 L=52 mult=1 m=1
| XR_FB_A VOUT FB 0 sky130_fd_pr__res_xhigh_po W=0.42 L=180 mult=1 m=1
| XR_FB_B FB N_FBB 0 sky130_fd_pr__res_xhigh_po W=0.42 L=180 mult=1 m=1
| XR_FB_C N_FBB 0 0 sky130_fd_pr__res_xhigh_po W=0.42 L=180 mult=1 m=1
| XM_SENSE CL_SNS EA_OUT VIN VIN sky130_fd_pr__pfet_g5v0d10v5 L=0.5 W=0.42 nf=1 ad=0.1218 as=0.1218 pd=1.42 ps=1.42
| + nrd=0.69047619047619 nrs=0.69047619047619 sa=0 sb=0 sd=0 mult=1 m=1
| XM_CLN1 CL_SNS CL_SNS AMP_ENN 0 sky130_fd_pr__nfet_g5v0d10v5 L=1 W=20 nf=1 ad=5.8 as=5.8 pd=40.58 ps=40.58 nrd=0.0145 nrs=0.0145
| + sa=0 sb=0 sd=0 mult=1 m=1
| XM_CLN2 CL_CMP CL_SNS AMP_ENN 0 sky130_fd_pr__nfet_g5v0d10v5 L=1 W=1.6 nf=1 ad=0.464 as=0.464 pd=3.78 ps=3.78 nrd=0.18125
| + nrs=0.18125 sa=0 sb=0 sd=0 mult=1 m=1
| XM_CLP CL_CMP BIASP VIN VIN sky130_fd_pr__pfet_g5v0d10v5 L=1 W=10 nf=2 ad=1.45 as=2.9 pd=10.58 ps=21.16 nrd=0.029 nrs=0.029 sa=0
| + sb=0 sd=0 mult=1 m=1
| XM_CLIM EA_OUT CL_CMP VIN VIN sky130_fd_pr__pfet_g5v0d10v5 L=0.5 W=20 nf=4 ad=2.9 as=4.35 pd=21.16 ps=31.74 nrd=0.0145 nrs=0.0145
| + sa=0 sb=0 sd=0 mult=1 m=1
| XM_ENP3 CL_CMP EN VIN VIN sky130_fd_pr__pfet_g5v0d10v5 L=0.5 W=2 nf=1 ad=0.58 as=0.58 pd=4.58 ps=4.58 nrd=0.145 nrs=0.145 sa=0
| + sb=0 sd=0 mult=1 m=1
| C_CL VIN CL_CMP 1p m=1
| XM_INVP ENB EN VIN VIN sky130_fd_pr__pfet_g5v0d10v5 L=0.5 W=2 nf=1 ad=0.58 as=0.58 pd=4.58 ps=4.58 nrd=0.145 nrs=0.145 sa=0 sb=0
| + sd=0 mult=1 m=1
| XM_INVN ENB EN 0 0 sky130_fd_pr__nfet_g5v0d10v5 L=0.5 W=1 nf=1 ad=0.29 as=0.29 pd=2.58 ps=2.58 nrd=0.29 nrs=0.29 sa=0 sb=0 sd=0
| + mult=1 m=1
| XM_SSDIS SS ENB 0 0 sky130_fd_pr__nfet_g5v0d10v5 L=0.5 W=2 nf=1 ad=0.58 as=0.58 pd=4.58 ps=4.58 nrd=0.145 nrs=0.145 sa=0 sb=0 sd=0
| + mult=1 m=1
| XM_SSCHG SS BIASP VIN VIN sky130_fd_pr__pfet_g5v0d10v5 L=8 W=1 nf=1 ad=0.29 as=0.29 pd=2.58 ps=2.58 nrd=0.29 nrs=0.29 sa=0 sb=0
| + sd=0 mult=1 m=1
| C_SS SS 0 10p m=1
| XM_IN2S EA_D2 SS EA_TAIL VIN sky130_fd_pr__pfet_g5v0d10v5 L=2 W=10 nf=2 ad=1.45 as=2.9 pd=10.58 ps=21.16 nrd=0.029 nrs=0.029 sa=0
| + sb=0 sd=0 mult=1 m=1
| XM_TSPS TS_SNS BIASP VIN VIN sky130_fd_pr__pfet_g5v0d10v5 L=1 W=2.5 nf=1 ad=0.725 as=0.725 pd=5.58 ps=5.58 nrd=0.116 nrs=0.116
| + sa=0 sb=0 sd=0 mult=1 m=1
| XM_TSD1 TS_SNS TS_SNS TS_MID 0 sky130_fd_pr__nfet_g5v0d10v5 L=1 W=80 nf=16 ad=11.6 as=13.05 pd=84.64 ps=95.22 nrd=0.003625
| + nrs=0.003625 sa=0 sb=0 sd=0 mult=1 m=1
| XM_TSD2 TS_MID TS_MID AMP_ENN 0 sky130_fd_pr__nfet_g5v0d10v5 L=1 W=80 nf=16 ad=11.6 as=13.05 pd=84.64 ps=95.22 nrd=0.003625
| + nrs=0.003625 sa=0 sb=0 sd=0 mult=1 m=1
| XM_TSPR TS_REF BIASP VIN VIN sky130_fd_pr__pfet_g5v0d10v5 L=1 W=2.5 nf=1 ad=0.725 as=0.725 pd=5.58 ps=5.58 nrd=0.116 nrs=0.116
| + sa=0 sb=0 sd=0 mult=1 m=1
| XM_TSR1 TS_REF TS_REF AMP_ENN 0 sky130_fd_pr__nfet_g5v0d10v5 L=10 W=2 nf=1 ad=0.58 as=0.58 pd=4.58 ps=4.58 nrd=0.145 nrs=0.145
| + sa=0 sb=0 sd=0 mult=1 m=1
| XM_TCTAIL TC_TAIL NB AMP_ENN 0 sky130_fd_pr__nfet_g5v0d10v5 L=1 W=1 nf=1 ad=0.29 as=0.29 pd=2.58 ps=2.58 nrd=0.29 nrs=0.29 sa=0
| + sb=0 sd=0 mult=1 m=1
| XM_TCN1 TC_D1 TS_SNS TC_TAIL 0 sky130_fd_pr__nfet_g5v0d10v5 L=2 W=10 nf=2 ad=1.45 as=2.9 pd=10.58 ps=21.16 nrd=0.029 nrs=0.029
| + sa=0 sb=0 sd=0 mult=1 m=1
| XM_TCN2 TS_CMP TS_REF TC_TAIL 0 sky130_fd_pr__nfet_g5v0d10v5 L=2 W=10 nf=2 ad=1.45 as=2.9 pd=10.58 ps=21.16 nrd=0.029 nrs=0.029
| + sa=0 sb=0 sd=0 mult=1 m=1
| XM_TCP1 TC_D1 TC_D1 VIN VIN sky130_fd_pr__pfet_g5v0d10v5 L=2 W=10 nf=2 ad=1.45 as=2.9 pd=10.58 ps=21.16 nrd=0.029 nrs=0.029 sa=0
| + sb=0 sd=0 mult=1 m=1
| XM_TCP2 TS_CMP TC_D1 VIN VIN sky130_fd_pr__pfet_g5v0d10v5 L=2 W=10 nf=2 ad=1.45 as=2.9 pd=10.58 ps=21.16 nrd=0.029 nrs=0.029 sa=0
| + sb=0 sd=0 mult=1 m=1
| XM_TSHUT EA_OUT TS_CMP VIN VIN sky130_fd_pr__pfet_g5v0d10v5 L=0.5 W=20 nf=4 ad=2.9 as=4.35 pd=21.16 ps=31.74 nrd=0.0145 nrs=0.0145
| + sa=0 sb=0 sd=0 mult=1 m=1
| XM_TSHYSB TS_HYS BIASP VIN VIN sky130_fd_pr__pfet_g5v0d10v5 L=2 W=1.5 nf=1 ad=0.435 as=0.435 pd=3.58 ps=3.58 nrd=0.193333333333333
| + nrs=0.193333333333333 sa=0 sb=0 sd=0 mult=1 m=1
| XM_TSHYS TS_REF TS_CMP TS_HYS VIN sky130_fd_pr__pfet_g5v0d10v5 L=0.5 W=2 nf=1 ad=0.58 as=0.58 pd=4.58 ps=4.58 nrd=0.145 nrs=0.145
| + sa=0 sb=0 sd=0 mult=1 m=1
| XM_ENP4 TS_CMP EN VIN VIN sky130_fd_pr__pfet_g5v0d10v5 L=0.5 W=2 nf=1 ad=0.58 as=0.58 pd=4.58 ps=4.58 nrd=0.145 nrs=0.145 sa=0
| + sb=0 sd=0 mult=1 m=1
| C_TS VIN TS_CMP 1p m=1
| .ends
| 
| .control
| save all
| * --- leg 1: full cycle -- EN rises at t=100us, block regulates, EN falls at t=2ms ---
| tran 5u 4.5m
| meas tran vpre find v(vout) at=1.9m
| meas tran iq_avg avg i(vvin) from=3.5m to=4.5m
| meas tran iq_worst min i(vvin) from=3.5m to=4.5m
| meas tran vhold find v(vout) at=4m
| * --- leg 2: static disabled state, output free-floating ---
| op
| * --- leg 3: static disabled state, VOUT forced to 0 V (Vin->Vout leakage) ---
| alter rforce = 1m
| op
| * --- leg 4: static disabled state, VOUT held at the 1.8 V nominal output ---
| alter vforce = 1.8
| op
| let meas_iq_shutdown_static_ua = -1e6*op1.i(vvin)
| let meas_iq_shutdown_after_edge_ua = -1e6*tran1.iq_worst
| let meas_iq_shutdown_after_edge_mean_ua = -1e6*tran1.iq_avg
| let meas_leak_vin_vout_ua = 1e6*op2.i(vforce)
| let meas_vout_pre_disable_v = tran1.vpre
| let meas_vout_hold_2ms_v = tran1.vhold
| let meas_vout_disabled_static_v = op1.v(vout)
| let meas_ivout_held_1v8_ua = -1e6*op3.i(vforce)
| print meas_iq_shutdown_static_ua
| print meas_iq_shutdown_after_edge_ua
| print meas_iq_shutdown_after_edge_mean_ua
| print meas_leak_vin_vout_ua
| print meas_vout_pre_disable_v
| print meas_vout_hold_2ms_v
| print meas_vout_disabled_static_v
| print meas_ivout_held_1v8_ua
| quit
| .endc
| .end

# ==== ngspice stdout ====

Note: Compatibility modes selected: hs a


Circuit: * enable-shutdown corner deck -- generated by sim/bin/corner-run.py, do not edit

option SCALE: Scale is set to 1e-06 for instance and model parameters
option SCALE: Scale is set to 1e-06 for instance and model parameters
option SCALE: Scale is set to 1e-06 for instance and model parameters
option SCALE: Scale is set to 1e-06 for instance and model parameters
Doing analysis at TEMP = 27.000000 and TNOM = 27.000000

Using KLU as Direct Linear Solver
 Reference value :  0.00000e+00
 Reference value :  4.00000e-07
 Reference value :  3.20000e-06
 Reference value :  1.64000e-05
 Reference value :  3.64000e-05
 Reference value :  5.14000e-05
 Reference value :  6.64000e-05
 Reference value :  8.64000e-05
 Reference value :  1.00000e-04
 Reference value :  1.00300e-04
 Reference value :  1.00410e-04
 Reference value :  1.00492e-04
 Reference value :  1.00553e-04
 Reference value :  1.00617e-04
 Reference value :  1.00773e-04
 Reference value :  1.00831e-04
 Reference value :  1.00869e-04
 Reference value :  1.00938e-04
 Reference value :  1.01000e-04
 Reference value :  1.01009e-04
 Reference value :  1.01058e-04
 Reference value :  1.01328e-04
 Reference value :  1.02541e-04
 Reference value :  1.11221e-04
 Reference value :  1.21221e-04
 Reference value :  1.31221e-04
 Reference value :  1.41221e-04
 Reference value :  1.51221e-04
 Reference value :  1.61221e-04
 Reference value :  1.76221e-04
 Reference value :  1.91221e-04
 Reference value :  2.01221e-04
 Reference value :  2.11221e-04
 Reference value :  2.21221e-04
 Reference value :  2.36221e-04
 Reference value :  2.51221e-04
 Reference value :  2.61221e-04
 Reference value :  2.71221e-04
 Reference value :  2.86221e-04
 Reference value :  2.96221e-04
 Reference value :  3.11221e-04
 Reference value :  3.21221e-04
 Reference value :  3.31221e-04
 Reference value :  3.46221e-04
 Reference value :  3.56221e-04
 Reference value :  3.66221e-04
 Reference value :  3.76221e-04
 Reference value :  3.86221e-04
 Reference value :  4.01221e-04
 Reference value :  4.16221e-04
 Reference value :  4.31221e-04
 Reference value :  4.46221e-04
 Reference value :  4.61221e-04
 Reference value :  4.76221e-04
 Reference value :  4.86221e-04
 Reference value :  5.01221e-04
 Reference value :  5.16221e-04
 Reference value :  5.26221e-04
 Reference value :  5.36221e-04
 Reference value :  5.51221e-04
 Reference value :  5.61221e-04
 Reference value :  5.76221e-04
 Reference value :  5.91221e-04
 Reference value :  6.01221e-04
 Reference value :  6.16221e-04
 Reference value :  6.26221e-04
 Reference value :  6.41221e-04
 Reference value :  6.61221e-04
 Reference value :  6.81221e-04
 Reference value :  7.01221e-04
 Reference value :  7.21221e-04
 Reference value :  7.46221e-04
 Reference value :  7.66221e-04
 Reference value :  7.86221e-04
 Reference value :  8.06221e-04
 Reference value :  8.26221e-04
 Reference value :  8.46221e-04
 Reference value :  8.66221e-04
 Reference value :  8.86221e-04
 Reference value :  9.01221e-04
 Reference value :  9.21221e-04
 Reference value :  9.36221e-04
 Reference value :  9.56221e-04
 Reference value :  9.71221e-04
 Reference value :  9.91221e-04
 Reference value :  1.01122e-03
 Reference value :  1.03622e-03
 Reference value :  1.05622e-03
 Reference value :  1.07622e-03
 Reference value :  1.09622e-03
 Reference value :  1.11622e-03
 Reference value :  1.13622e-03
 Reference value :  1.15622e-03
 Reference value :  1.17622e-03
 Reference value :  1.20122e-03
 Reference value :  1.22122e-03
 Reference value :  1.24122e-03
 Reference value :  1.26122e-03
 Reference value :  1.28122e-03
 Reference value :  1.30122e-03
 Reference value :  1.32122e-03
 Reference value :  1.33622e-03
 Reference value :  1.35122e-03
 Reference value :  1.37122e-03
 Reference value :  1.39122e-03
 Reference value :  1.41122e-03
 Reference value :  1.42622e-03
 Reference value :  1.44622e-03
 Reference value :  1.46622e-03
 Reference value :  1.48122e-03
 Reference value :  1.50122e-03
 Reference value :  1.51622e-03
 Reference value :  1.53622e-03
 Reference value :  1.55622e-03
 Reference value :  1.57622e-03
 Reference value :  1.59622e-03
 Reference value :  1.61622e-03
 Reference value :  1.63622e-03
 Reference value :  1.65622e-03
 Reference value :  1.67622e-03
 Reference value :  1.69622e-03
 Reference value :  1.71622e-03
 Reference value :  1.73622e-03
 Reference value :  1.75622e-03
 Reference value :  1.77622e-03
 Reference value :  1.79622e-03
 Reference value :  1.81622e-03
 Reference value :  1.83622e-03
 Reference value :  1.85622e-03
 Reference value :  1.87622e-03
 Reference value :  1.89622e-03
 Reference value :  1.91622e-03
 Reference value :  1.93622e-03
 Reference value :  1.95622e-03
 Reference value :  1.97622e-03
 Reference value :  1.99561e-03
 Reference value :  2.00030e-03
 Reference value :  2.00042e-03
 Reference value :  2.00049e-03
 Reference value :  2.00060e-03
 Reference value :  2.00065e-03
 Reference value :  2.00067e-03
 Reference value :  2.00068e-03
 Reference value :  2.00069e-03
 Reference value :  2.00071e-03
 Reference value :  2.00075e-03
 Reference value :  2.00079e-03
 Reference value :  2.00084e-03
 Reference value :  2.00093e-03
 Reference value :  2.00101e-03
 Reference value :  2.00111e-03
 Reference value :  2.00190e-03
 Reference value :  2.00671e-03
 Reference value :  2.02592e-03
 Reference value :  2.04592e-03
 Reference value :  2.06592e-03
 Reference value :  2.08092e-03
 Reference value :  2.09592e-03
 Reference value :  2.11092e-03
 Reference value :  2.12592e-03
 Reference value :  2.14592e-03
 Reference value :  2.16592e-03
 Reference value :  2.18592e-03
 Reference value :  2.20092e-03
 Reference value :  2.21592e-03
 Reference value :  2.23592e-03
 Reference value :  2.25092e-03
 Reference value :  2.26592e-03
 Reference value :  2.28592e-03
 Reference value :  2.30592e-03
 Reference value :  2.32592e-03
 Reference value :  2.34592e-03
 Reference value :  2.36592e-03
 Reference value :  2.38592e-03
 Reference value :  2.40592e-03
 Reference value :  2.42592e-03
 Reference value :  2.44592e-03
 Reference value :  2.46592e-03
 Reference value :  2.48592e-03
 Reference value :  2.50592e-03
 Reference value :  2.52592e-03
 Reference value :  2.54592e-03
 Reference value :  2.56592e-03
 Reference value :  2.58592e-03
 Reference value :  2.60592e-03
 Reference value :  2.62592e-03
 Reference value :  2.64092e-03
 Reference value :  2.65592e-03
 Reference value :  2.67592e-03
 Reference value :  2.69592e-03
 Reference value :  2.71092e-03
 Reference value :  2.73092e-03
 Reference value :  2.75092e-03
 Reference value :  2.77092e-03
 Reference value :  2.79092e-03
 Reference value :  2.80592e-03
 Reference value :  2.82092e-03
 Reference value :  2.84092e-03
 Reference value :  2.85592e-03
 Reference value :  2.88092e-03
 Reference value :  2.90092e-03
 Reference value :  2.92592e-03
 Reference value :  2.94092e-03
 Reference value :  2.96092e-03
 Reference value :  2.98092e-03
 Reference value :  3.00092e-03
 Reference value :  3.02092e-03
 Reference value :  3.04092e-03
 Reference value :  3.06592e-03
 Reference value :  3.08592e-03
 Reference value :  3.10592e-03
 Reference value :  3.12592e-03
 Reference value :  3.14592e-03
 Reference value :  3.16592e-03
 Reference value :  3.19092e-03
 Reference value :  3.21092e-03
 Reference value :  3.23092e-03
 Reference value :  3.25092e-03
 Reference value :  3.27092e-03
 Reference value :  3.29592e-03
 Reference value :  3.31592e-03
 Reference value :  3.33592e-03
 Reference value :  3.35092e-03
 Reference value :  3.37092e-03
 Reference value :  3.39092e-03
 Reference value :  3.41092e-03
 Reference value :  3.43092e-03
 Reference value :  3.45092e-03
 Reference value :  3.47092e-03
 Reference value :  3.49092e-03
 Reference value :  3.51092e-03
 Reference value :  3.53092e-03
 Reference value :  3.55092e-03
 Reference value :  3.57092e-03
 Reference value :  3.59092e-03
 Reference value :  3.61092e-03
 Reference value :  3.63092e-03
 Reference value :  3.65592e-03
 Reference value :  3.68092e-03
 Reference value :  3.70592e-03
 Reference value :  3.72092e-03
 Reference value :  3.73592e-03
 Reference value :  3.75592e-03
 Reference value :  3.77592e-03
 Reference value :  3.79592e-03
 Reference value :  3.81592e-03
 Reference value :  3.83592e-03
 Reference value :  3.85592e-03
 Reference value :  3.87592e-03
 Reference value :  3.89592e-03
 Reference value :  3.91592e-03
 Reference value :  3.93592e-03
 Reference value :  3.96092e-03
 Reference value :  3.98092e-03
 Reference value :  4.00092e-03
 Reference value :  4.02092e-03
 Reference value :  4.04092e-03
 Reference value :  4.06092e-03
 Reference value :  4.08092e-03
 Reference value :  4.10092e-03
 Reference value :  4.12092e-03
 Reference value :  4.14092e-03
 Reference value :  4.16092e-03
 Reference value :  4.17592e-03
 Reference value :  4.19592e-03
 Reference value :  4.21592e-03
 Reference value :  4.23592e-03
 Reference value :  4.25592e-03
 Reference value :  4.27592e-03
 Reference value :  4.29592e-03
 Reference value :  4.31592e-03
 Reference value :  4.33592e-03
 Reference value :  4.35592e-03
 Reference value :  4.37592e-03
 Reference value :  4.39592e-03
 Reference value :  4.42092e-03
 Reference value :  4.44592e-03
 Reference value :  4.46592e-03
 Reference value :  4.48592e-03
No. of Data Rows : 967
vpre                =  1.81159e+00
iq_avg              =  -3.18661e-10 from=  3.50000e-03 to=  4.50000e-03
iq_worst            =  -3.68312e-10 at=  4.49546e-03
vhold               =  1.81039e+00
Doing analysis at TEMP = 27.000000 and TNOM = 27.000000

Using KLU as Direct Linear Solver
 Reference value :  0.00000e+00
No. of Data Rows : 1
Doing analysis at TEMP = 27.000000 and TNOM = 27.000000

Using KLU as Direct Linear Solver
 Reference value :  0.00000e+00
No. of Data Rows : 1
Doing analysis at TEMP = 27.000000 and TNOM = 27.000000

Using KLU as Direct Linear Solver
 Reference value :  0.00000e+00
No. of Data Rows : 1
meas_iq_shutdown_static_ua = 2.946918e-04
meas_iq_shutdown_after_edge_ua = 3.683116e-04
meas_iq_shutdown_after_edge_mean_ua = 3.186607e-04
meas_leak_vin_vout_ua = 9.189619e-05
meas_vout_pre_disable_v = 1.811588e+00
meas_vout_hold_2ms_v = 1.810393e+00
meas_vout_disabled_static_v = 2.869019e-04
meas_ivout_held_1v8_ua = 5.766370e-01
ngspice-46 done

# ==== ngspice stderr ====
Note: Starting dynamic gmin stepping
Warning: Dynamic gmin stepping failed
Note: Starting true gmin stepping
Note: True gmin stepping completed
Note: Starting dynamic gmin stepping
Warning: Dynamic gmin stepping failed
Note: Starting true gmin stepping
Note: True gmin stepping completed
Note: Starting dynamic gmin stepping
Warning: Dynamic gmin stepping failed
Note: Starting true gmin stepping
Note: True gmin stepping completed
Note: Starting dynamic gmin stepping
Warning: Dynamic gmin stepping failed
Note: Starting true gmin stepping
Note: True gmin stepping completed
