# corner: ss_-40c_3.30v
# process=ss temp=-40C supply=3.30V
# ngspice exit: 0
# wall clock: 90.5s (--timeout was 300s)
# result: PASS

# ==== deck (exact input given to ngspice) ====
| * enable-shutdown corner deck -- generated by sim/bin/corner-run.py, do not edit
| * corner: ss_-40c_3.30v
| .param vsup=3.3
| .option wnflag=1
| .temp -40
| .lib "/home/ubuntu/.volare/sky130A/libs.tech/combined/sky130.lib.spice" ss
| ** sch_path: sim/enable-shutdown/testbench/tb_enable_shutdown.sch
| **.subckt tb_enable_shutdown
| VVIN VIN 0 'vsup'
| .save i(vvin)
| VEN EN 0 dc 0 pwl(0 0 100u 0 101u 'vsup' 2m 'vsup' 2.001m 0 10 0)
| .save i(ven)
| VVREF VREF 0 1.2
| .save i(vvref)
| xldo VOUT VREF EN VIN ldo_3v3in_1v8out
| COUT VOUT VESR 1u m=1
| RESR VESR 0 10m m=1
| RLOAD VOUT 0 1e12 m=1
| RFORCE VOUT VF 1e12 m=1
| VFORCE VF 0 0
| .save i(vforce)
| **.ends
| 
| * expanding   symbol:  design/ldo_3v3in_1v8out.sym # of pins=4
| ** sym_path: design/ldo_3v3in_1v8out.sym
| ** sch_path: design/ldo_3v3in_1v8out.sch
| .subckt ldo_3v3in_1v8out VOUT VREF EN VIN
| *.ipin VIN
| *.ipin EN
| *.ipin VREF
| *.opin VOUT
| XR_BIAS VIN NB 0 sky130_fd_pr__res_high_po W=0.42 L=1500 mult=1 m=1
| XM_BIASN1 NB NB BIAS_ENN 0 sky130_fd_pr__nfet_g5v0d10v5 L=1 W=4 nf=1 ad=1.16 as=1.16 pd=8.58 ps=8.58 nrd=0.0725 nrs=0.0725 sa=0
| + sb=0 sd=0 mult=1 m=1
| XM_ENN BIAS_ENN EN 0 0 sky130_fd_pr__nfet_g5v0d10v5 L=0.5 W=10 nf=1 ad=2.9 as=2.9 pd=20.58 ps=20.58 nrd=0.029 nrs=0.029 sa=0 sb=0
| + sd=0 mult=1 m=1
| XM_BIASN2 BIASP NB BIAS_ENN 0 sky130_fd_pr__nfet_g5v0d10v5 L=1 W=4 nf=1 ad=1.16 as=1.16 pd=8.58 ps=8.58 nrd=0.0725 nrs=0.0725 sa=0
| + sb=0 sd=0 mult=1 m=1
| XM_BIASP1 BIASP BIASP VIN VIN sky130_fd_pr__pfet_g5v0d10v5 L=1 W=10 nf=2 ad=1.45 as=2.9 pd=10.58 ps=21.16 nrd=0.029 nrs=0.029 sa=0
| + sb=0 sd=0 mult=1 m=1
| XM_ENP2 BIASP EN VIN VIN sky130_fd_pr__pfet_g5v0d10v5 L=0.5 W=10 nf=1 ad=2.9 as=2.9 pd=20.58 ps=20.58 nrd=0.029 nrs=0.029 sa=0
| + sb=0 sd=0 mult=1 m=1
| XM_TAIL EA_TAIL BIASP VIN VIN sky130_fd_pr__pfet_g5v0d10v5 L=2 W=40 nf=8 ad=5.8 as=7.25 pd=42.32 ps=52.9 nrd=0.00725 nrs=0.00725
| + sa=0 sb=0 sd=0 mult=1 m=1
| XM_IN1 EA_D1 FB EA_TAIL VIN sky130_fd_pr__pfet_g5v0d10v5 L=2 W=10 nf=2 ad=1.45 as=2.9 pd=10.58 ps=21.16 nrd=0.029 nrs=0.029 sa=0
| + sb=0 sd=0 mult=1 m=1
| XM_IN2 EA_D2 VREF EA_TAIL VIN sky130_fd_pr__pfet_g5v0d10v5 L=2 W=10 nf=2 ad=1.45 as=2.9 pd=10.58 ps=21.16 nrd=0.029 nrs=0.029 sa=0
| + sb=0 sd=0 mult=1 m=1
| XM_MIR1 EA_D1 EA_D1 AMP_ENN 0 sky130_fd_pr__nfet_g5v0d10v5 L=4 W=10 nf=2 ad=1.45 as=2.9 pd=10.58 ps=21.16 nrd=0.029 nrs=0.029 sa=0
| + sb=0 sd=0 mult=1 m=1
| XM_MIR2 EA_OUT EA_D1 AMP_ENN 0 sky130_fd_pr__nfet_g5v0d10v5 L=4 W=10 nf=2 ad=1.45 as=2.9 pd=10.58 ps=21.16 nrd=0.029 nrs=0.029
| + sa=0 sb=0 sd=0 mult=1 m=1
| XM_ENN2 AMP_ENN EN 0 0 sky130_fd_pr__nfet_g5v0d10v5 L=0.5 W=10 nf=1 ad=2.9 as=2.9 pd=20.58 ps=20.58 nrd=0.029 nrs=0.029 sa=0 sb=0
| + sd=0 mult=1 m=1
| XM_ENP EA_OUT EN VIN VIN sky130_fd_pr__pfet_g5v0d10v5 L=0.5 W=10 nf=1 ad=2.9 as=2.9 pd=20.58 ps=20.58 nrd=0.029 nrs=0.029 sa=0
| + sb=0 sd=0 mult=1 m=1
| XM_MIR3 EA_D2 EA_D2 AMP_ENN 0 sky130_fd_pr__nfet_g5v0d10v5 L=4 W=10 nf=2 ad=1.45 as=2.9 pd=10.58 ps=21.16 nrd=0.029 nrs=0.029 sa=0
| + sb=0 sd=0 mult=1 m=1
| XM_MIR4 PB EA_D2 AMP_ENN 0 sky130_fd_pr__nfet_g5v0d10v5 L=4 W=10 nf=2 ad=1.45 as=2.9 pd=10.58 ps=21.16 nrd=0.029 nrs=0.029 sa=0
| + sb=0 sd=0 mult=1 m=1
| XM_MIRP1 PB PB VIN VIN sky130_fd_pr__pfet_g5v0d10v5 L=4 W=20 nf=4 ad=2.9 as=4.35 pd=21.16 ps=31.74 nrd=0.0145 nrs=0.0145 sa=0 sb=0
| + sd=0 mult=1 m=1
| XM_MIRP2 EA_OUT PB VIN VIN sky130_fd_pr__pfet_g5v0d10v5 L=4 W=20 nf=4 ad=2.9 as=4.35 pd=21.16 ps=31.74 nrd=0.0145 nrs=0.0145 sa=0
| + sb=0 sd=0 mult=1 m=1
| XM_ENP5 PB EN VIN VIN sky130_fd_pr__pfet_g5v0d10v5 L=0.5 W=2 nf=1 ad=0.58 as=0.58 pd=4.58 ps=4.58 nrd=0.145 nrs=0.145 sa=0 sb=0
| + sd=0 mult=1 m=1
| XM_PASS VOUT EA_OUT VIN VIN sky130_fd_pr__pfet_g5v0d10v5 L=0.5 W=100 nf=25 ad=15.08 as=15.08 pd=111.54 ps=111.54 nrd=0.0029
| + nrs=0.0029 sa=0 sb=0 sd=0 mult=25 m=25
| C_COMP VOUT EA_CZ 150p m=1
| XR_CZ EA_CZ EA_OUT 0 sky130_fd_pr__res_xhigh_po W=0.42 L=52 mult=1 m=1
| XR_FB_A VOUT FB 0 sky130_fd_pr__res_xhigh_po W=0.42 L=180 mult=1 m=1
| XR_FB_B FB N_FBB 0 sky130_fd_pr__res_xhigh_po W=0.42 L=180 mult=1 m=1
| XR_FB_C N_FBB 0 0 sky130_fd_pr__res_xhigh_po W=0.42 L=180 mult=1 m=1
| XM_SENSE CL_SNS EA_OUT VIN VIN sky130_fd_pr__pfet_g5v0d10v5 L=0.5 W=0.42 nf=1 ad=0.1218 as=0.1218 pd=1.42 ps=1.42
| + nrd=0.69047619047619 nrs=0.69047619047619 sa=0 sb=0 sd=0 mult=1 m=1
| XM_CLN1 CL_SNS CL_SNS AMP_ENN 0 sky130_fd_pr__nfet_g5v0d10v5 L=1 W=20 nf=1 ad=5.8 as=5.8 pd=40.58 ps=40.58 nrd=0.0145 nrs=0.0145
| + sa=0 sb=0 sd=0 mult=1 m=1
| XM_CLN2 CL_CMP CL_SNS AMP_ENN 0 sky130_fd_pr__nfet_g5v0d10v5 L=1 W=1.6 nf=1 ad=0.464 as=0.464 pd=3.78 ps=3.78 nrd=0.18125
| + nrs=0.18125 sa=0 sb=0 sd=0 mult=1 m=1
| XM_CLP CL_CMP BIASP VIN VIN sky130_fd_pr__pfet_g5v0d10v5 L=1 W=10 nf=2 ad=1.45 as=2.9 pd=10.58 ps=21.16 nrd=0.029 nrs=0.029 sa=0
| + sb=0 sd=0 mult=1 m=1
| XM_CLIM EA_OUT CL_CMP VIN VIN sky130_fd_pr__pfet_g5v0d10v5 L=0.5 W=20 nf=4 ad=2.9 as=4.35 pd=21.16 ps=31.74 nrd=0.0145 nrs=0.0145
| + sa=0 sb=0 sd=0 mult=1 m=1
| XM_ENP3 CL_CMP EN VIN VIN sky130_fd_pr__pfet_g5v0d10v5 L=0.5 W=2 nf=1 ad=0.58 as=0.58 pd=4.58 ps=4.58 nrd=0.145 nrs=0.145 sa=0
| + sb=0 sd=0 mult=1 m=1
| C_CL VIN CL_CMP 1p m=1
| XM_INVP ENB EN VIN VIN sky130_fd_pr__pfet_g5v0d10v5 L=0.5 W=2 nf=1 ad=0.58 as=0.58 pd=4.58 ps=4.58 nrd=0.145 nrs=0.145 sa=0 sb=0
| + sd=0 mult=1 m=1
| XM_INVN ENB EN 0 0 sky130_fd_pr__nfet_g5v0d10v5 L=0.5 W=1 nf=1 ad=0.29 as=0.29 pd=2.58 ps=2.58 nrd=0.29 nrs=0.29 sa=0 sb=0 sd=0
| + mult=1 m=1
| XM_SSDIS SS ENB 0 0 sky130_fd_pr__nfet_g5v0d10v5 L=0.5 W=2 nf=1 ad=0.58 as=0.58 pd=4.58 ps=4.58 nrd=0.145 nrs=0.145 sa=0 sb=0 sd=0
| + mult=1 m=1
| XM_SSCHG SS BIASP VIN VIN sky130_fd_pr__pfet_g5v0d10v5 L=8 W=1 nf=1 ad=0.29 as=0.29 pd=2.58 ps=2.58 nrd=0.29 nrs=0.29 sa=0 sb=0
| + sd=0 mult=1 m=1
| C_SS SS 0 10p m=1
| XM_IN2S EA_D2 SS EA_TAIL VIN sky130_fd_pr__pfet_g5v0d10v5 L=2 W=10 nf=2 ad=1.45 as=2.9 pd=10.58 ps=21.16 nrd=0.029 nrs=0.029 sa=0
| + sb=0 sd=0 mult=1 m=1
| XM_TSPS TS_SNS BIASP VIN VIN sky130_fd_pr__pfet_g5v0d10v5 L=1 W=2.5 nf=1 ad=0.725 as=0.725 pd=5.58 ps=5.58 nrd=0.116 nrs=0.116
| + sa=0 sb=0 sd=0 mult=1 m=1
| XM_TSD1 TS_SNS TS_SNS TS_MID 0 sky130_fd_pr__nfet_g5v0d10v5 L=1 W=80 nf=16 ad=11.6 as=13.05 pd=84.64 ps=95.22 nrd=0.003625
| + nrs=0.003625 sa=0 sb=0 sd=0 mult=1 m=1
| XM_TSD2 TS_MID TS_MID AMP_ENN 0 sky130_fd_pr__nfet_g5v0d10v5 L=1 W=80 nf=16 ad=11.6 as=13.05 pd=84.64 ps=95.22 nrd=0.003625
| + nrs=0.003625 sa=0 sb=0 sd=0 mult=1 m=1
| XM_TSPR TS_REF BIASP VIN VIN sky130_fd_pr__pfet_g5v0d10v5 L=1 W=2.5 nf=1 ad=0.725 as=0.725 pd=5.58 ps=5.58 nrd=0.116 nrs=0.116
| + sa=0 sb=0 sd=0 mult=1 m=1
| XM_TSR1 TS_REF TS_REF AMP_ENN 0 sky130_fd_pr__nfet_g5v0d10v5 L=10 W=2 nf=1 ad=0.58 as=0.58 pd=4.58 ps=4.58 nrd=0.145 nrs=0.145
| + sa=0 sb=0 sd=0 mult=1 m=1
| XM_TCTAIL TC_TAIL NB AMP_ENN 0 sky130_fd_pr__nfet_g5v0d10v5 L=1 W=1 nf=1 ad=0.29 as=0.29 pd=2.58 ps=2.58 nrd=0.29 nrs=0.29 sa=0
| + sb=0 sd=0 mult=1 m=1
| XM_TCN1 TC_D1 TS_SNS TC_TAIL 0 sky130_fd_pr__nfet_g5v0d10v5 L=2 W=10 nf=2 ad=1.45 as=2.9 pd=10.58 ps=21.16 nrd=0.029 nrs=0.029
| + sa=0 sb=0 sd=0 mult=1 m=1
| XM_TCN2 TS_CMP TS_REF TC_TAIL 0 sky130_fd_pr__nfet_g5v0d10v5 L=2 W=10 nf=2 ad=1.45 as=2.9 pd=10.58 ps=21.16 nrd=0.029 nrs=0.029
| + sa=0 sb=0 sd=0 mult=1 m=1
| XM_TCP1 TC_D1 TC_D1 VIN VIN sky130_fd_pr__pfet_g5v0d10v5 L=2 W=10 nf=2 ad=1.45 as=2.9 pd=10.58 ps=21.16 nrd=0.029 nrs=0.029 sa=0
| + sb=0 sd=0 mult=1 m=1
| XM_TCP2 TS_CMP TC_D1 VIN VIN sky130_fd_pr__pfet_g5v0d10v5 L=2 W=10 nf=2 ad=1.45 as=2.9 pd=10.58 ps=21.16 nrd=0.029 nrs=0.029 sa=0
| + sb=0 sd=0 mult=1 m=1
| XM_TSHUT EA_OUT TS_CMP VIN VIN sky130_fd_pr__pfet_g5v0d10v5 L=0.5 W=20 nf=4 ad=2.9 as=4.35 pd=21.16 ps=31.74 nrd=0.0145 nrs=0.0145
| + sa=0 sb=0 sd=0 mult=1 m=1
| XM_TSHYSB TS_HYS BIASP VIN VIN sky130_fd_pr__pfet_g5v0d10v5 L=2 W=1.5 nf=1 ad=0.435 as=0.435 pd=3.58 ps=3.58 nrd=0.193333333333333
| + nrs=0.193333333333333 sa=0 sb=0 sd=0 mult=1 m=1
| XM_TSHYS TS_REF TS_CMP TS_HYS VIN sky130_fd_pr__pfet_g5v0d10v5 L=0.5 W=2 nf=1 ad=0.58 as=0.58 pd=4.58 ps=4.58 nrd=0.145 nrs=0.145
| + sa=0 sb=0 sd=0 mult=1 m=1
| XM_ENP4 TS_CMP EN VIN VIN sky130_fd_pr__pfet_g5v0d10v5 L=0.5 W=2 nf=1 ad=0.58 as=0.58 pd=4.58 ps=4.58 nrd=0.145 nrs=0.145 sa=0
| + sb=0 sd=0 mult=1 m=1
| C_TS VIN TS_CMP 1p m=1
| .ends
| 
| .control
| save all
| * --- leg 1: full cycle -- EN rises at t=100us, block regulates, EN falls at t=2ms ---
| tran 5u 4.5m
| meas tran vpre find v(vout) at=1.9m
| meas tran iq_avg avg i(vvin) from=3.5m to=4.5m
| meas tran iq_worst min i(vvin) from=3.5m to=4.5m
| meas tran vhold find v(vout) at=4m
| * --- leg 2: static disabled state, output free-floating ---
| op
| * --- leg 3: static disabled state, VOUT forced to 0 V (Vin->Vout leakage) ---
| alter rforce = 1m
| op
| * --- leg 4: static disabled state, VOUT held at the 1.8 V nominal output ---
| alter vforce = 1.8
| op
| let meas_iq_shutdown_static_ua = -1e6*op1.i(vvin)
| let meas_iq_shutdown_after_edge_ua = -1e6*tran1.iq_worst
| let meas_iq_shutdown_after_edge_mean_ua = -1e6*tran1.iq_avg
| let meas_leak_vin_vout_ua = 1e6*op2.i(vforce)
| let meas_vout_pre_disable_v = tran1.vpre
| let meas_vout_hold_2ms_v = tran1.vhold
| let meas_vout_disabled_static_v = op1.v(vout)
| let meas_ivout_held_1v8_ua = -1e6*op3.i(vforce)
| print meas_iq_shutdown_static_ua
| print meas_iq_shutdown_after_edge_ua
| print meas_iq_shutdown_after_edge_mean_ua
| print meas_leak_vin_vout_ua
| print meas_vout_pre_disable_v
| print meas_vout_hold_2ms_v
| print meas_vout_disabled_static_v
| print meas_ivout_held_1v8_ua
| quit
| .endc
| .end

# ==== ngspice stdout ====

Note: Compatibility modes selected: hs a


Circuit: * enable-shutdown corner deck -- generated by sim/bin/corner-run.py, do not edit

option SCALE: Scale is set to 1e-06 for instance and model parameters
option SCALE: Scale is set to 1e-06 for instance and model parameters
option SCALE: Scale is set to 1e-06 for instance and model parameters
option SCALE: Scale is set to 1e-06 for instance and model parameters
Doing analysis at TEMP = -40.000000 and TNOM = 27.000000

Using KLU as Direct Linear Solver
 Reference value :  0.00000e+00
 Reference value :  4.00000e-07
 Reference value :  3.20000e-06
 Reference value :  2.14000e-05
 Reference value :  4.14000e-05
 Reference value :  6.14000e-05
 Reference value :  8.14000e-05
 Reference value :  9.57000e-05
 Reference value :  1.00300e-04
 Reference value :  1.00411e-04
 Reference value :  1.00498e-04
 Reference value :  1.00565e-04
 Reference value :  1.00701e-04
 Reference value :  1.00769e-04
 Reference value :  1.00823e-04
 Reference value :  1.00858e-04
 Reference value :  1.00898e-04
 Reference value :  1.00967e-04
 Reference value :  1.01004e-04
 Reference value :  1.01062e-04
 Reference value :  1.01699e-04
 Reference value :  1.07365e-04
 Reference value :  1.21965e-04
 Reference value :  1.26761e-04
 Reference value :  1.36729e-04
 Reference value :  1.51729e-04
 Reference value :  1.71729e-04
 Reference value :  1.91729e-04
 Reference value :  2.11729e-04
 Reference value :  2.31729e-04
 Reference value :  2.46729e-04
 Reference value :  2.61729e-04
 Reference value :  2.76729e-04
 Reference value :  2.96729e-04
 Reference value :  3.11729e-04
 Reference value :  3.26729e-04
 Reference value :  3.41729e-04
 Reference value :  3.61729e-04
 Reference value :  3.76729e-04
 Reference value :  3.96729e-04
 Reference value :  4.16729e-04
 Reference value :  4.41729e-04
 Reference value :  4.61729e-04
 Reference value :  4.81729e-04
 Reference value :  4.96729e-04
 Reference value :  5.11729e-04
 Reference value :  5.31729e-04
 Reference value :  5.51729e-04
 Reference value :  5.71729e-04
 Reference value :  5.91729e-04
 Reference value :  6.11729e-04
 Reference value :  6.31729e-04
 Reference value :  6.51729e-04
 Reference value :  6.71729e-04
 Reference value :  6.91729e-04
 Reference value :  7.11729e-04
 Reference value :  7.26729e-04
 Reference value :  7.46729e-04
 Reference value :  7.61729e-04
 Reference value :  7.86729e-04
 Reference value :  8.11729e-04
 Reference value :  8.36729e-04
 Reference value :  8.61729e-04
 Reference value :  8.91729e-04
 Reference value :  9.16729e-04
 Reference value :  9.46729e-04
 Reference value :  9.71729e-04
 Reference value :  1.00173e-03
 Reference value :  1.01673e-03
 Reference value :  1.04173e-03
 Reference value :  1.06673e-03
 Reference value :  1.09173e-03
 Reference value :  1.11673e-03
 Reference value :  1.14673e-03
 Reference value :  1.17673e-03
 Reference value :  1.20673e-03
 Reference value :  1.23173e-03
 Reference value :  1.25673e-03
 Reference value :  1.28173e-03
 Reference value :  1.30673e-03
 Reference value :  1.33673e-03
 Reference value :  1.36173e-03
 Reference value :  1.38673e-03
 Reference value :  1.40673e-03
 Reference value :  1.42173e-03
 Reference value :  1.44173e-03
 Reference value :  1.46173e-03
 Reference value :  1.48173e-03
 Reference value :  1.50173e-03
 Reference value :  1.51673e-03
 Reference value :  1.53673e-03
 Reference value :  1.55673e-03
 Reference value :  1.57673e-03
 Reference value :  1.59673e-03
 Reference value :  1.61173e-03
 Reference value :  1.63173e-03
 Reference value :  1.65173e-03
 Reference value :  1.66673e-03
 Reference value :  1.68673e-03
 Reference value :  1.70173e-03
 Reference value :  1.72173e-03
 Reference value :  1.74173e-03
 Reference value :  1.76173e-03
 Reference value :  1.78173e-03
 Reference value :  1.79673e-03
 Reference value :  1.81673e-03
 Reference value :  1.83673e-03
 Reference value :  1.85673e-03
 Reference value :  1.87173e-03
 Reference value :  1.89173e-03
 Reference value :  1.91173e-03
 Reference value :  1.93173e-03
 Reference value :  1.94673e-03
 Reference value :  1.96173e-03
 Reference value :  1.97673e-03
 Reference value :  1.99586e-03
 Reference value :  2.00030e-03
 Reference value :  2.00050e-03
 Reference value :  2.00064e-03
 Reference value :  2.00076e-03
 Reference value :  2.00085e-03
 Reference value :  2.00091e-03
 Reference value :  2.00094e-03
 Reference value :  2.00095e-03
 Reference value :  2.00096e-03
 Reference value :  2.00098e-03
 Reference value :  2.00100e-03
 Reference value :  2.00102e-03
 Reference value :  2.00116e-03
 Reference value :  2.00233e-03
 Reference value :  2.01130e-03
 Reference value :  2.02630e-03
 Reference value :  2.04630e-03
 Reference value :  2.06630e-03
 Reference value :  2.08130e-03
 Reference value :  2.10130e-03
 Reference value :  2.11630e-03
 Reference value :  2.13630e-03
 Reference value :  2.15130e-03
 Reference value :  2.17130e-03
 Reference value :  2.18630e-03
 Reference value :  2.20630e-03
 Reference value :  2.22630e-03
 Reference value :  2.24630e-03
 Reference value :  2.26630e-03
 Reference value :  2.28630e-03
 Reference value :  2.30630e-03
 Reference value :  2.32630e-03
 Reference value :  2.34630e-03
 Reference value :  2.36630e-03
 Reference value :  2.38630e-03
 Reference value :  2.40630e-03
 Reference value :  2.42630e-03
 Reference value :  2.44630e-03
 Reference value :  2.46630e-03
 Reference value :  2.48630e-03
 Reference value :  2.50630e-03
 Reference value :  2.52630e-03
 Reference value :  2.54630e-03
 Reference value :  2.56630e-03
 Reference value :  2.58630e-03
 Reference value :  2.60630e-03
 Reference value :  2.62630e-03
 Reference value :  2.64630e-03
 Reference value :  2.66130e-03
 Reference value :  2.67630e-03
 Reference value :  2.69630e-03
 Reference value :  2.71630e-03
 Reference value :  2.73630e-03
 Reference value :  2.75630e-03
 Reference value :  2.77630e-03
 Reference value :  2.79630e-03
 Reference value :  2.81630e-03
 Reference value :  2.83630e-03
 Reference value :  2.85630e-03
 Reference value :  2.87630e-03
 Reference value :  2.89630e-03
 Reference value :  2.91630e-03
 Reference value :  2.93130e-03
 Reference value :  2.94630e-03
 Reference value :  2.96130e-03
 Reference value :  2.97630e-03
 Reference value :  2.99130e-03
 Reference value :  3.00630e-03
 Reference value :  3.02630e-03
 Reference value :  3.04130e-03
 Reference value :  3.05630e-03
 Reference value :  3.07130e-03
 Reference value :  3.08630e-03
 Reference value :  3.10630e-03
 Reference value :  3.12630e-03
 Reference value :  3.14630e-03
 Reference value :  3.16130e-03
 Reference value :  3.17630e-03
 Reference value :  3.19130e-03
 Reference value :  3.21130e-03
 Reference value :  3.23130e-03
 Reference value :  3.25130e-03
 Reference value :  3.27130e-03
 Reference value :  3.29130e-03
 Reference value :  3.30630e-03
 Reference value :  3.32130e-03
 Reference value :  3.33630e-03
 Reference value :  3.35630e-03
 Reference value :  3.37130e-03
 Reference value :  3.39130e-03
 Reference value :  3.41130e-03
 Reference value :  3.42630e-03
 Reference value :  3.44630e-03
 Reference value :  3.46630e-03
 Reference value :  3.48130e-03
 Reference value :  3.50130e-03
 Reference value :  3.52130e-03
 Reference value :  3.53630e-03
 Reference value :  3.55630e-03
 Reference value :  3.57130e-03
 Reference value :  3.58630e-03
 Reference value :  3.60630e-03
 Reference value :  3.62630e-03
 Reference value :  3.64630e-03
 Reference value :  3.66630e-03
 Reference value :  3.68630e-03
 Reference value :  3.70630e-03
 Reference value :  3.72630e-03
 Reference value :  3.74130e-03
 Reference value :  3.76130e-03
 Reference value :  3.78130e-03
 Reference value :  3.80130e-03
 Reference value :  3.82130e-03
 Reference value :  3.84630e-03
 Reference value :  3.86630e-03
 Reference value :  3.88630e-03
 Reference value :  3.90130e-03
 Reference value :  3.91630e-03
 Reference value :  3.93630e-03
 Reference value :  3.95630e-03
 Reference value :  3.97630e-03
 Reference value :  3.99130e-03
 Reference value :  4.00630e-03
 Reference value :  4.02130e-03
 Reference value :  4.03630e-03
 Reference value :  4.05130e-03
 Reference value :  4.06630e-03
 Reference value :  4.08130e-03
 Reference value :  4.09630e-03
 Reference value :  4.11130e-03
 Reference value :  4.13130e-03
 Reference value :  4.15130e-03
 Reference value :  4.16630e-03
 Reference value :  4.18630e-03
 Reference value :  4.20630e-03
 Reference value :  4.22630e-03
 Reference value :  4.24630e-03
 Reference value :  4.26630e-03
 Reference value :  4.28630e-03
 Reference value :  4.30630e-03
 Reference value :  4.32630e-03
 Reference value :  4.34630e-03
 Reference value :  4.36630e-03
 Reference value :  4.38130e-03
 Reference value :  4.40130e-03
 Reference value :  4.42130e-03
 Reference value :  4.43630e-03
 Reference value :  4.45630e-03
 Reference value :  4.47630e-03
 Reference value :  4.49565e-03
No. of Data Rows : 961
vpre                =  1.80830e+00
iq_avg              =  -1.81468e-10 from=  3.50000e-03 to=  4.50000e-03
iq_worst            =  -5.88119e-10 at=  3.50130e-03
vhold               =  1.80711e+00
Doing analysis at TEMP = -40.000000 and TNOM = 27.000000

Using KLU as Direct Linear Solver
 Reference value :  0.00000e+00
No. of Data Rows : 1
Doing analysis at TEMP = -40.000000 and TNOM = 27.000000

Using KLU as Direct Linear Solver
 Reference value :  0.00000e+00
No. of Data Rows : 1
Doing analysis at TEMP = -40.000000 and TNOM = 27.000000

Using KLU as Direct Linear Solver
 Reference value :  0.00000e+00
No. of Data Rows : 1
meas_iq_shutdown_static_ua = 1.453073e-04
meas_iq_shutdown_after_edge_ua = 5.881188e-04
meas_iq_shutdown_after_edge_mean_ua = 1.814677e-04
meas_leak_vin_vout_ua = 8.250165e-05
meas_vout_pre_disable_v = 1.808300e+00
meas_vout_hold_2ms_v = 1.807113e+00
meas_vout_disabled_static_v = 2.575720e-04
meas_ivout_held_1v8_ua = 5.766485e-01
ngspice-46 done

# ==== ngspice stderr ====
Note: Starting dynamic gmin stepping
Note: Dynamic gmin stepping completed
Note: Starting dynamic gmin stepping
Note: Dynamic gmin stepping completed
Note: Starting dynamic gmin stepping
Note: Dynamic gmin stepping completed
Note: Starting dynamic gmin stepping
Note: Dynamic gmin stepping completed
