# corner: ss_-40c_3.63v
# process=ss temp=-40C supply=3.63V
# ngspice exit: 0
# wall clock: 87.3s (--timeout was 300s)
# result: PASS

# ==== deck (exact input given to ngspice) ====
| * enable-shutdown corner deck -- generated by sim/bin/corner-run.py, do not edit
| * corner: ss_-40c_3.63v
| .param vsup=3.63
| .option wnflag=1
| .temp -40
| .lib "/home/ubuntu/.volare/sky130A/libs.tech/combined/sky130.lib.spice" ss
| ** sch_path: sim/enable-shutdown/testbench/tb_enable_shutdown.sch
| **.subckt tb_enable_shutdown
| VVIN VIN 0 'vsup'
| .save i(vvin)
| VEN EN 0 dc 0 pwl(0 0 100u 0 101u 'vsup' 2m 'vsup' 2.001m 0 10 0)
| .save i(ven)
| VVREF VREF 0 1.2
| .save i(vvref)
| xldo VOUT VREF EN VIN ldo_3v3in_1v8out
| COUT VOUT VESR 1u m=1
| RESR VESR 0 10m m=1
| RLOAD VOUT 0 1e12 m=1
| RFORCE VOUT VF 1e12 m=1
| VFORCE VF 0 0
| .save i(vforce)
| **.ends
| 
| * expanding   symbol:  design/ldo_3v3in_1v8out.sym # of pins=4
| ** sym_path: design/ldo_3v3in_1v8out.sym
| ** sch_path: design/ldo_3v3in_1v8out.sch
| .subckt ldo_3v3in_1v8out VOUT VREF EN VIN
| *.ipin VIN
| *.ipin EN
| *.ipin VREF
| *.opin VOUT
| XR_BIAS VIN NB 0 sky130_fd_pr__res_high_po W=0.42 L=1500 mult=1 m=1
| XM_BIASN1 NB NB BIAS_ENN 0 sky130_fd_pr__nfet_g5v0d10v5 L=1 W=4 nf=1 ad=1.16 as=1.16 pd=8.58 ps=8.58 nrd=0.0725 nrs=0.0725 sa=0
| + sb=0 sd=0 mult=1 m=1
| XM_ENN BIAS_ENN EN 0 0 sky130_fd_pr__nfet_g5v0d10v5 L=0.5 W=10 nf=1 ad=2.9 as=2.9 pd=20.58 ps=20.58 nrd=0.029 nrs=0.029 sa=0 sb=0
| + sd=0 mult=1 m=1
| XM_BIASN2 BIASP NB BIAS_ENN 0 sky130_fd_pr__nfet_g5v0d10v5 L=1 W=4 nf=1 ad=1.16 as=1.16 pd=8.58 ps=8.58 nrd=0.0725 nrs=0.0725 sa=0
| + sb=0 sd=0 mult=1 m=1
| XM_BIASP1 BIASP BIASP VIN VIN sky130_fd_pr__pfet_g5v0d10v5 L=1 W=10 nf=2 ad=1.45 as=2.9 pd=10.58 ps=21.16 nrd=0.029 nrs=0.029 sa=0
| + sb=0 sd=0 mult=1 m=1
| XM_ENP2 BIASP EN VIN VIN sky130_fd_pr__pfet_g5v0d10v5 L=0.5 W=10 nf=1 ad=2.9 as=2.9 pd=20.58 ps=20.58 nrd=0.029 nrs=0.029 sa=0
| + sb=0 sd=0 mult=1 m=1
| XM_TAIL EA_TAIL BIASP VIN VIN sky130_fd_pr__pfet_g5v0d10v5 L=2 W=40 nf=8 ad=5.8 as=7.25 pd=42.32 ps=52.9 nrd=0.00725 nrs=0.00725
| + sa=0 sb=0 sd=0 mult=1 m=1
| XM_IN1 EA_D1 FB EA_TAIL VIN sky130_fd_pr__pfet_g5v0d10v5 L=2 W=10 nf=2 ad=1.45 as=2.9 pd=10.58 ps=21.16 nrd=0.029 nrs=0.029 sa=0
| + sb=0 sd=0 mult=1 m=1
| XM_IN2 EA_D2 VREF EA_TAIL VIN sky130_fd_pr__pfet_g5v0d10v5 L=2 W=10 nf=2 ad=1.45 as=2.9 pd=10.58 ps=21.16 nrd=0.029 nrs=0.029 sa=0
| + sb=0 sd=0 mult=1 m=1
| XM_MIR1 EA_D1 EA_D1 AMP_ENN 0 sky130_fd_pr__nfet_g5v0d10v5 L=4 W=10 nf=2 ad=1.45 as=2.9 pd=10.58 ps=21.16 nrd=0.029 nrs=0.029 sa=0
| + sb=0 sd=0 mult=1 m=1
| XM_MIR2 EA_OUT EA_D1 AMP_ENN 0 sky130_fd_pr__nfet_g5v0d10v5 L=4 W=10 nf=2 ad=1.45 as=2.9 pd=10.58 ps=21.16 nrd=0.029 nrs=0.029
| + sa=0 sb=0 sd=0 mult=1 m=1
| XM_ENN2 AMP_ENN EN 0 0 sky130_fd_pr__nfet_g5v0d10v5 L=0.5 W=10 nf=1 ad=2.9 as=2.9 pd=20.58 ps=20.58 nrd=0.029 nrs=0.029 sa=0 sb=0
| + sd=0 mult=1 m=1
| XM_ENP EA_OUT EN VIN VIN sky130_fd_pr__pfet_g5v0d10v5 L=0.5 W=10 nf=1 ad=2.9 as=2.9 pd=20.58 ps=20.58 nrd=0.029 nrs=0.029 sa=0
| + sb=0 sd=0 mult=1 m=1
| XM_MIR3 EA_D2 EA_D2 AMP_ENN 0 sky130_fd_pr__nfet_g5v0d10v5 L=4 W=10 nf=2 ad=1.45 as=2.9 pd=10.58 ps=21.16 nrd=0.029 nrs=0.029 sa=0
| + sb=0 sd=0 mult=1 m=1
| XM_MIR4 PB EA_D2 AMP_ENN 0 sky130_fd_pr__nfet_g5v0d10v5 L=4 W=10 nf=2 ad=1.45 as=2.9 pd=10.58 ps=21.16 nrd=0.029 nrs=0.029 sa=0
| + sb=0 sd=0 mult=1 m=1
| XM_MIRP1 PB PB VIN VIN sky130_fd_pr__pfet_g5v0d10v5 L=4 W=20 nf=4 ad=2.9 as=4.35 pd=21.16 ps=31.74 nrd=0.0145 nrs=0.0145 sa=0 sb=0
| + sd=0 mult=1 m=1
| XM_MIRP2 EA_OUT PB VIN VIN sky130_fd_pr__pfet_g5v0d10v5 L=4 W=20 nf=4 ad=2.9 as=4.35 pd=21.16 ps=31.74 nrd=0.0145 nrs=0.0145 sa=0
| + sb=0 sd=0 mult=1 m=1
| XM_ENP5 PB EN VIN VIN sky130_fd_pr__pfet_g5v0d10v5 L=0.5 W=2 nf=1 ad=0.58 as=0.58 pd=4.58 ps=4.58 nrd=0.145 nrs=0.145 sa=0 sb=0
| + sd=0 mult=1 m=1
| XM_PASS VOUT EA_OUT VIN VIN sky130_fd_pr__pfet_g5v0d10v5 L=0.5 W=100 nf=25 ad=15.08 as=15.08 pd=111.54 ps=111.54 nrd=0.0029
| + nrs=0.0029 sa=0 sb=0 sd=0 mult=25 m=25
| C_COMP VOUT EA_CZ 150p m=1
| XR_CZ EA_CZ EA_OUT 0 sky130_fd_pr__res_xhigh_po W=0.42 L=52 mult=1 m=1
| XR_FB_A VOUT FB 0 sky130_fd_pr__res_xhigh_po W=0.42 L=180 mult=1 m=1
| XR_FB_B FB N_FBB 0 sky130_fd_pr__res_xhigh_po W=0.42 L=180 mult=1 m=1
| XR_FB_C N_FBB 0 0 sky130_fd_pr__res_xhigh_po W=0.42 L=180 mult=1 m=1
| XM_SENSE CL_SNS EA_OUT VIN VIN sky130_fd_pr__pfet_g5v0d10v5 L=0.5 W=0.42 nf=1 ad=0.1218 as=0.1218 pd=1.42 ps=1.42
| + nrd=0.69047619047619 nrs=0.69047619047619 sa=0 sb=0 sd=0 mult=1 m=1
| XM_CLN1 CL_SNS CL_SNS AMP_ENN 0 sky130_fd_pr__nfet_g5v0d10v5 L=1 W=20 nf=1 ad=5.8 as=5.8 pd=40.58 ps=40.58 nrd=0.0145 nrs=0.0145
| + sa=0 sb=0 sd=0 mult=1 m=1
| XM_CLN2 CL_CMP CL_SNS AMP_ENN 0 sky130_fd_pr__nfet_g5v0d10v5 L=1 W=1.6 nf=1 ad=0.464 as=0.464 pd=3.78 ps=3.78 nrd=0.18125
| + nrs=0.18125 sa=0 sb=0 sd=0 mult=1 m=1
| XM_CLP CL_CMP BIASP VIN VIN sky130_fd_pr__pfet_g5v0d10v5 L=1 W=10 nf=2 ad=1.45 as=2.9 pd=10.58 ps=21.16 nrd=0.029 nrs=0.029 sa=0
| + sb=0 sd=0 mult=1 m=1
| XM_CLIM EA_OUT CL_CMP VIN VIN sky130_fd_pr__pfet_g5v0d10v5 L=0.5 W=20 nf=4 ad=2.9 as=4.35 pd=21.16 ps=31.74 nrd=0.0145 nrs=0.0145
| + sa=0 sb=0 sd=0 mult=1 m=1
| XM_ENP3 CL_CMP EN VIN VIN sky130_fd_pr__pfet_g5v0d10v5 L=0.5 W=2 nf=1 ad=0.58 as=0.58 pd=4.58 ps=4.58 nrd=0.145 nrs=0.145 sa=0
| + sb=0 sd=0 mult=1 m=1
| C_CL VIN CL_CMP 1p m=1
| XM_INVP ENB EN VIN VIN sky130_fd_pr__pfet_g5v0d10v5 L=0.5 W=2 nf=1 ad=0.58 as=0.58 pd=4.58 ps=4.58 nrd=0.145 nrs=0.145 sa=0 sb=0
| + sd=0 mult=1 m=1
| XM_INVN ENB EN 0 0 sky130_fd_pr__nfet_g5v0d10v5 L=0.5 W=1 nf=1 ad=0.29 as=0.29 pd=2.58 ps=2.58 nrd=0.29 nrs=0.29 sa=0 sb=0 sd=0
| + mult=1 m=1
| XM_SSDIS SS ENB 0 0 sky130_fd_pr__nfet_g5v0d10v5 L=0.5 W=2 nf=1 ad=0.58 as=0.58 pd=4.58 ps=4.58 nrd=0.145 nrs=0.145 sa=0 sb=0 sd=0
| + mult=1 m=1
| XM_SSCHG SS BIASP VIN VIN sky130_fd_pr__pfet_g5v0d10v5 L=8 W=1 nf=1 ad=0.29 as=0.29 pd=2.58 ps=2.58 nrd=0.29 nrs=0.29 sa=0 sb=0
| + sd=0 mult=1 m=1
| C_SS SS 0 10p m=1
| XM_IN2S EA_D2 SS EA_TAIL VIN sky130_fd_pr__pfet_g5v0d10v5 L=2 W=10 nf=2 ad=1.45 as=2.9 pd=10.58 ps=21.16 nrd=0.029 nrs=0.029 sa=0
| + sb=0 sd=0 mult=1 m=1
| XM_TSPS TS_SNS BIASP VIN VIN sky130_fd_pr__pfet_g5v0d10v5 L=1 W=2.5 nf=1 ad=0.725 as=0.725 pd=5.58 ps=5.58 nrd=0.116 nrs=0.116
| + sa=0 sb=0 sd=0 mult=1 m=1
| XM_TSD1 TS_SNS TS_SNS TS_MID 0 sky130_fd_pr__nfet_g5v0d10v5 L=1 W=80 nf=16 ad=11.6 as=13.05 pd=84.64 ps=95.22 nrd=0.003625
| + nrs=0.003625 sa=0 sb=0 sd=0 mult=1 m=1
| XM_TSD2 TS_MID TS_MID AMP_ENN 0 sky130_fd_pr__nfet_g5v0d10v5 L=1 W=80 nf=16 ad=11.6 as=13.05 pd=84.64 ps=95.22 nrd=0.003625
| + nrs=0.003625 sa=0 sb=0 sd=0 mult=1 m=1
| XM_TSPR TS_REF BIASP VIN VIN sky130_fd_pr__pfet_g5v0d10v5 L=1 W=2.5 nf=1 ad=0.725 as=0.725 pd=5.58 ps=5.58 nrd=0.116 nrs=0.116
| + sa=0 sb=0 sd=0 mult=1 m=1
| XM_TSR1 TS_REF TS_REF AMP_ENN 0 sky130_fd_pr__nfet_g5v0d10v5 L=10 W=2 nf=1 ad=0.58 as=0.58 pd=4.58 ps=4.58 nrd=0.145 nrs=0.145
| + sa=0 sb=0 sd=0 mult=1 m=1
| XM_TCTAIL TC_TAIL NB AMP_ENN 0 sky130_fd_pr__nfet_g5v0d10v5 L=1 W=1 nf=1 ad=0.29 as=0.29 pd=2.58 ps=2.58 nrd=0.29 nrs=0.29 sa=0
| + sb=0 sd=0 mult=1 m=1
| XM_TCN1 TC_D1 TS_SNS TC_TAIL 0 sky130_fd_pr__nfet_g5v0d10v5 L=2 W=10 nf=2 ad=1.45 as=2.9 pd=10.58 ps=21.16 nrd=0.029 nrs=0.029
| + sa=0 sb=0 sd=0 mult=1 m=1
| XM_TCN2 TS_CMP TS_REF TC_TAIL 0 sky130_fd_pr__nfet_g5v0d10v5 L=2 W=10 nf=2 ad=1.45 as=2.9 pd=10.58 ps=21.16 nrd=0.029 nrs=0.029
| + sa=0 sb=0 sd=0 mult=1 m=1
| XM_TCP1 TC_D1 TC_D1 VIN VIN sky130_fd_pr__pfet_g5v0d10v5 L=2 W=10 nf=2 ad=1.45 as=2.9 pd=10.58 ps=21.16 nrd=0.029 nrs=0.029 sa=0
| + sb=0 sd=0 mult=1 m=1
| XM_TCP2 TS_CMP TC_D1 VIN VIN sky130_fd_pr__pfet_g5v0d10v5 L=2 W=10 nf=2 ad=1.45 as=2.9 pd=10.58 ps=21.16 nrd=0.029 nrs=0.029 sa=0
| + sb=0 sd=0 mult=1 m=1
| XM_TSHUT EA_OUT TS_CMP VIN VIN sky130_fd_pr__pfet_g5v0d10v5 L=0.5 W=20 nf=4 ad=2.9 as=4.35 pd=21.16 ps=31.74 nrd=0.0145 nrs=0.0145
| + sa=0 sb=0 sd=0 mult=1 m=1
| XM_TSHYSB TS_HYS BIASP VIN VIN sky130_fd_pr__pfet_g5v0d10v5 L=2 W=1.5 nf=1 ad=0.435 as=0.435 pd=3.58 ps=3.58 nrd=0.193333333333333
| + nrs=0.193333333333333 sa=0 sb=0 sd=0 mult=1 m=1
| XM_TSHYS TS_REF TS_CMP TS_HYS VIN sky130_fd_pr__pfet_g5v0d10v5 L=0.5 W=2 nf=1 ad=0.58 as=0.58 pd=4.58 ps=4.58 nrd=0.145 nrs=0.145
| + sa=0 sb=0 sd=0 mult=1 m=1
| XM_ENP4 TS_CMP EN VIN VIN sky130_fd_pr__pfet_g5v0d10v5 L=0.5 W=2 nf=1 ad=0.58 as=0.58 pd=4.58 ps=4.58 nrd=0.145 nrs=0.145 sa=0
| + sb=0 sd=0 mult=1 m=1
| C_TS VIN TS_CMP 1p m=1
| .ends
| 
| .control
| save all
| * --- leg 1: full cycle -- EN rises at t=100us, block regulates, EN falls at t=2ms ---
| tran 5u 4.5m
| meas tran vpre find v(vout) at=1.9m
| meas tran iq_avg avg i(vvin) from=3.5m to=4.5m
| meas tran iq_worst min i(vvin) from=3.5m to=4.5m
| meas tran vhold find v(vout) at=4m
| * --- leg 2: static disabled state, output free-floating ---
| op
| * --- leg 3: static disabled state, VOUT forced to 0 V (Vin->Vout leakage) ---
| alter rforce = 1m
| op
| * --- leg 4: static disabled state, VOUT held at the 1.8 V nominal output ---
| alter vforce = 1.8
| op
| let meas_iq_shutdown_static_ua = -1e6*op1.i(vvin)
| let meas_iq_shutdown_after_edge_ua = -1e6*tran1.iq_worst
| let meas_iq_shutdown_after_edge_mean_ua = -1e6*tran1.iq_avg
| let meas_leak_vin_vout_ua = 1e6*op2.i(vforce)
| let meas_vout_pre_disable_v = tran1.vpre
| let meas_vout_hold_2ms_v = tran1.vhold
| let meas_vout_disabled_static_v = op1.v(vout)
| let meas_ivout_held_1v8_ua = -1e6*op3.i(vforce)
| print meas_iq_shutdown_static_ua
| print meas_iq_shutdown_after_edge_ua
| print meas_iq_shutdown_after_edge_mean_ua
| print meas_leak_vin_vout_ua
| print meas_vout_pre_disable_v
| print meas_vout_hold_2ms_v
| print meas_vout_disabled_static_v
| print meas_ivout_held_1v8_ua
| quit
| .endc
| .end

# ==== ngspice stdout ====

Note: Compatibility modes selected: hs a


Circuit: * enable-shutdown corner deck -- generated by sim/bin/corner-run.py, do not edit

option SCALE: Scale is set to 1e-06 for instance and model parameters
option SCALE: Scale is set to 1e-06 for instance and model parameters
option SCALE: Scale is set to 1e-06 for instance and model parameters
option SCALE: Scale is set to 1e-06 for instance and model parameters
Doing analysis at TEMP = -40.000000 and TNOM = 27.000000

Using KLU as Direct Linear Solver
 Reference value :  0.00000e+00
 Reference value :  4.00000e-07
 Reference value :  6.40000e-06
 Reference value :  2.14000e-05
 Reference value :  3.64000e-05
 Reference value :  5.14000e-05
 Reference value :  6.64000e-05
 Reference value :  8.14000e-05
 Reference value :  1.00000e-04
 Reference value :  1.00300e-04
 Reference value :  1.00410e-04
 Reference value :  1.00493e-04
 Reference value :  1.00556e-04
 Reference value :  1.00673e-04
 Reference value :  1.00744e-04
 Reference value :  1.00796e-04
 Reference value :  1.00799e-04
 Reference value :  1.00814e-04
 Reference value :  1.00849e-04
 Reference value :  1.00898e-04
 Reference value :  1.00959e-04
 Reference value :  1.01004e-04
 Reference value :  1.01128e-04
 Reference value :  1.02048e-04
 Reference value :  1.07646e-04
 Reference value :  1.17394e-04
 Reference value :  1.27363e-04
 Reference value :  1.37363e-04
 Reference value :  1.52363e-04
 Reference value :  1.72363e-04
 Reference value :  1.92363e-04
 Reference value :  2.12363e-04
 Reference value :  2.32363e-04
 Reference value :  2.52363e-04
 Reference value :  2.72363e-04
 Reference value :  2.87363e-04
 Reference value :  2.97363e-04
 Reference value :  3.12363e-04
 Reference value :  3.32363e-04
 Reference value :  3.52363e-04
 Reference value :  3.72363e-04
 Reference value :  3.92363e-04
 Reference value :  4.12363e-04
 Reference value :  4.27363e-04
 Reference value :  4.47363e-04
 Reference value :  4.67363e-04
 Reference value :  4.87363e-04
 Reference value :  5.07363e-04
 Reference value :  5.27363e-04
 Reference value :  5.52363e-04
 Reference value :  5.77363e-04
 Reference value :  5.92363e-04
 Reference value :  6.17363e-04
 Reference value :  6.42363e-04
 Reference value :  6.67363e-04
 Reference value :  6.92363e-04
 Reference value :  7.17363e-04
 Reference value :  7.32363e-04
 Reference value :  7.52363e-04
 Reference value :  7.72363e-04
 Reference value :  7.87363e-04
 Reference value :  8.02363e-04
 Reference value :  8.17363e-04
 Reference value :  8.32363e-04
 Reference value :  8.47363e-04
 Reference value :  8.67363e-04
 Reference value :  8.87363e-04
 Reference value :  9.02363e-04
 Reference value :  9.22363e-04
 Reference value :  9.37363e-04
 Reference value :  9.57363e-04
 Reference value :  9.72363e-04
 Reference value :  9.92363e-04
 Reference value :  1.00736e-03
 Reference value :  1.02736e-03
 Reference value :  1.04736e-03
 Reference value :  1.06736e-03
 Reference value :  1.08736e-03
 Reference value :  1.10736e-03
 Reference value :  1.12236e-03
 Reference value :  1.13736e-03
 Reference value :  1.15736e-03
 Reference value :  1.17736e-03
 Reference value :  1.19236e-03
 Reference value :  1.20736e-03
 Reference value :  1.22736e-03
 Reference value :  1.24736e-03
 Reference value :  1.26736e-03
 Reference value :  1.28736e-03
 Reference value :  1.30236e-03
 Reference value :  1.31736e-03
 Reference value :  1.33736e-03
 Reference value :  1.35736e-03
 Reference value :  1.37736e-03
 Reference value :  1.39736e-03
 Reference value :  1.41236e-03
 Reference value :  1.42736e-03
 Reference value :  1.44736e-03
 Reference value :  1.46736e-03
 Reference value :  1.48736e-03
 Reference value :  1.50736e-03
 Reference value :  1.52736e-03
 Reference value :  1.54736e-03
 Reference value :  1.56736e-03
 Reference value :  1.58736e-03
 Reference value :  1.60236e-03
 Reference value :  1.61736e-03
 Reference value :  1.63236e-03
 Reference value :  1.64736e-03
 Reference value :  1.66736e-03
 Reference value :  1.68236e-03
 Reference value :  1.69736e-03
 Reference value :  1.71236e-03
 Reference value :  1.72736e-03
 Reference value :  1.74236e-03
 Reference value :  1.75736e-03
 Reference value :  1.77236e-03
 Reference value :  1.79236e-03
 Reference value :  1.81236e-03
 Reference value :  1.83236e-03
 Reference value :  1.85236e-03
 Reference value :  1.87236e-03
 Reference value :  1.88736e-03
 Reference value :  1.90236e-03
 Reference value :  1.92236e-03
 Reference value :  1.94236e-03
 Reference value :  1.96236e-03
 Reference value :  1.98236e-03
 Reference value :  2.00000e-03
 Reference value :  2.00030e-03
 Reference value :  2.00051e-03
 Reference value :  2.00064e-03
 Reference value :  2.00076e-03
 Reference value :  2.00086e-03
 Reference value :  2.00092e-03
 Reference value :  2.00095e-03
 Reference value :  2.00097e-03
 Reference value :  2.00098e-03
 Reference value :  2.00099e-03
 Reference value :  2.00100e-03
 Reference value :  2.00102e-03
 Reference value :  2.00113e-03
 Reference value :  2.00147e-03
 Reference value :  2.00283e-03
 Reference value :  2.01325e-03
 Reference value :  2.02825e-03
 Reference value :  2.04825e-03
 Reference value :  2.06825e-03
 Reference value :  2.08825e-03
 Reference value :  2.10825e-03
 Reference value :  2.12825e-03
 Reference value :  2.14825e-03
 Reference value :  2.16825e-03
 Reference value :  2.18825e-03
 Reference value :  2.20825e-03
 Reference value :  2.22325e-03
 Reference value :  2.23825e-03
 Reference value :  2.25825e-03
 Reference value :  2.27325e-03
 Reference value :  2.29325e-03
 Reference value :  2.31325e-03
 Reference value :  2.33325e-03
 Reference value :  2.35325e-03
 Reference value :  2.37325e-03
 Reference value :  2.39325e-03
 Reference value :  2.40825e-03
 Reference value :  2.42325e-03
 Reference value :  2.44325e-03
 Reference value :  2.45825e-03
 Reference value :  2.47825e-03
 Reference value :  2.49825e-03
 Reference value :  2.51825e-03
 Reference value :  2.53825e-03
 Reference value :  2.55825e-03
 Reference value :  2.57325e-03
 Reference value :  2.58825e-03
 Reference value :  2.60825e-03
 Reference value :  2.62825e-03
 Reference value :  2.64825e-03
 Reference value :  2.66825e-03
 Reference value :  2.68825e-03
 Reference value :  2.70825e-03
 Reference value :  2.72325e-03
 Reference value :  2.74325e-03
 Reference value :  2.76825e-03
 Reference value :  2.78825e-03
 Reference value :  2.81325e-03
 Reference value :  2.83825e-03
 Reference value :  2.85825e-03
 Reference value :  2.87825e-03
 Reference value :  2.89825e-03
 Reference value :  2.91825e-03
 Reference value :  2.93825e-03
 Reference value :  2.95825e-03
 Reference value :  2.98325e-03
 Reference value :  3.00825e-03
 Reference value :  3.03325e-03
 Reference value :  3.05325e-03
 Reference value :  3.07825e-03
 Reference value :  3.10325e-03
 Reference value :  3.12325e-03
 Reference value :  3.14325e-03
 Reference value :  3.16325e-03
 Reference value :  3.17825e-03
 Reference value :  3.19325e-03
 Reference value :  3.20825e-03
 Reference value :  3.22825e-03
 Reference value :  3.24325e-03
 Reference value :  3.26825e-03
 Reference value :  3.28825e-03
 Reference value :  3.30325e-03
 Reference value :  3.32325e-03
 Reference value :  3.33825e-03
 Reference value :  3.35325e-03
 Reference value :  3.37825e-03
 Reference value :  3.40325e-03
 Reference value :  3.41825e-03
 Reference value :  3.43825e-03
 Reference value :  3.45825e-03
 Reference value :  3.47325e-03
 Reference value :  3.49325e-03
 Reference value :  3.51325e-03
 Reference value :  3.53325e-03
 Reference value :  3.55325e-03
 Reference value :  3.56825e-03
 Reference value :  3.58325e-03
 Reference value :  3.59825e-03
 Reference value :  3.61825e-03
 Reference value :  3.63325e-03
 Reference value :  3.65325e-03
 Reference value :  3.66825e-03
 Reference value :  3.68325e-03
 Reference value :  3.69825e-03
 Reference value :  3.71325e-03
 Reference value :  3.73325e-03
 Reference value :  3.74825e-03
 Reference value :  3.76325e-03
 Reference value :  3.77825e-03
 Reference value :  3.79825e-03
 Reference value :  3.81825e-03
 Reference value :  3.83825e-03
 Reference value :  3.85825e-03
 Reference value :  3.87825e-03
 Reference value :  3.89825e-03
 Reference value :  3.91325e-03
 Reference value :  3.92825e-03
 Reference value :  3.94325e-03
 Reference value :  3.95825e-03
 Reference value :  3.97325e-03
 Reference value :  3.99325e-03
 Reference value :  4.01325e-03
 Reference value :  4.02825e-03
 Reference value :  4.04325e-03
 Reference value :  4.06325e-03
 Reference value :  4.08325e-03
 Reference value :  4.09825e-03
 Reference value :  4.11325e-03
 Reference value :  4.13325e-03
 Reference value :  4.15325e-03
 Reference value :  4.16825e-03
 Reference value :  4.18825e-03
 Reference value :  4.20825e-03
 Reference value :  4.22825e-03
 Reference value :  4.24825e-03
 Reference value :  4.26825e-03
 Reference value :  4.28825e-03
 Reference value :  4.30825e-03
 Reference value :  4.32825e-03
 Reference value :  4.34325e-03
 Reference value :  4.36325e-03
 Reference value :  4.37825e-03
 Reference value :  4.39325e-03
 Reference value :  4.41325e-03
 Reference value :  4.43325e-03
 Reference value :  4.45325e-03
 Reference value :  4.46825e-03
 Reference value :  4.48825e-03
No. of Data Rows : 967
vpre                =  1.80752e+00
iq_avg              =  -1.98312e-10 from=  3.50000e-03 to=  4.50000e-03
iq_worst            =  -1.55409e-09 at=  4.49663e-03
vhold               =  1.80634e+00
Doing analysis at TEMP = -40.000000 and TNOM = 27.000000

Using KLU as Direct Linear Solver
 Reference value :  0.00000e+00
No. of Data Rows : 1
Doing analysis at TEMP = -40.000000 and TNOM = 27.000000

Using KLU as Direct Linear Solver
 Reference value :  0.00000e+00
No. of Data Rows : 1
Doing analysis at TEMP = -40.000000 and TNOM = 27.000000

Using KLU as Direct Linear Solver
 Reference value :  0.00000e+00
No. of Data Rows : 1
meas_iq_shutdown_static_ua = 1.605683e-04
meas_iq_shutdown_after_edge_ua = 1.554087e-03
meas_iq_shutdown_after_edge_mean_ua = 1.983118e-04
meas_leak_vin_vout_ua = 9.082945e-05
meas_vout_pre_disable_v = 1.807518e+00
meas_vout_hold_2ms_v = 1.806336e+00
meas_vout_disabled_static_v = 2.835708e-04
meas_ivout_held_1v8_ua = 5.766401e-01
ngspice-46 done

# ==== ngspice stderr ====
Note: Starting dynamic gmin stepping
Note: Dynamic gmin stepping completed
Note: Starting dynamic gmin stepping
Note: Dynamic gmin stepping completed
Note: Starting dynamic gmin stepping
Note: Dynamic gmin stepping completed
Note: Starting dynamic gmin stepping
Note: Dynamic gmin stepping completed
