# corner: ss_125c_2.97v
# process=ss temp=125C supply=2.97V
# ngspice exit: 0
# wall clock: 43.5s (--timeout was 300s)
# result: PASS

# ==== deck (exact input given to ngspice) ====
| * enable-shutdown corner deck -- generated by sim/bin/corner-run.py, do not edit
| * corner: ss_125c_2.97v
| .param vsup=2.97
| .option wnflag=1
| .temp 125
| .lib "/home/ubuntu/.volare/sky130A/libs.tech/combined/sky130.lib.spice" ss
| ** sch_path: sim/enable-shutdown/testbench/tb_enable_shutdown.sch
| **.subckt tb_enable_shutdown
| VVIN VIN 0 'vsup'
| .save i(vvin)
| VEN EN 0 dc 0 pwl(0 0 100u 0 101u 'vsup' 2m 'vsup' 2.001m 0 10 0)
| .save i(ven)
| VVREF VREF 0 1.2
| .save i(vvref)
| xldo VOUT VREF EN VIN ldo_3v3in_1v8out
| COUT VOUT VESR 1u m=1
| RESR VESR 0 10m m=1
| RLOAD VOUT 0 1e12 m=1
| RFORCE VOUT VF 1e12 m=1
| VFORCE VF 0 0
| .save i(vforce)
| **.ends
| 
| * expanding   symbol:  design/ldo_3v3in_1v8out.sym # of pins=4
| ** sym_path: design/ldo_3v3in_1v8out.sym
| ** sch_path: design/ldo_3v3in_1v8out.sch
| .subckt ldo_3v3in_1v8out VOUT VREF EN VIN
| *.ipin VIN
| *.ipin EN
| *.ipin VREF
| *.opin VOUT
| XR_BIAS VIN NB 0 sky130_fd_pr__res_high_po W=0.42 L=1500 mult=1 m=1
| XM_BIASN1 NB NB BIAS_ENN 0 sky130_fd_pr__nfet_g5v0d10v5 L=1 W=4 nf=1 ad=1.16 as=1.16 pd=8.58 ps=8.58 nrd=0.0725 nrs=0.0725 sa=0
| + sb=0 sd=0 mult=1 m=1
| XM_ENN BIAS_ENN EN 0 0 sky130_fd_pr__nfet_g5v0d10v5 L=0.5 W=10 nf=1 ad=2.9 as=2.9 pd=20.58 ps=20.58 nrd=0.029 nrs=0.029 sa=0 sb=0
| + sd=0 mult=1 m=1
| XM_BIASN2 BIASP NB BIAS_ENN 0 sky130_fd_pr__nfet_g5v0d10v5 L=1 W=4 nf=1 ad=1.16 as=1.16 pd=8.58 ps=8.58 nrd=0.0725 nrs=0.0725 sa=0
| + sb=0 sd=0 mult=1 m=1
| XM_BIASP1 BIASP BIASP VIN VIN sky130_fd_pr__pfet_g5v0d10v5 L=1 W=10 nf=2 ad=1.45 as=2.9 pd=10.58 ps=21.16 nrd=0.029 nrs=0.029 sa=0
| + sb=0 sd=0 mult=1 m=1
| XM_ENP2 BIASP EN VIN VIN sky130_fd_pr__pfet_g5v0d10v5 L=0.5 W=10 nf=1 ad=2.9 as=2.9 pd=20.58 ps=20.58 nrd=0.029 nrs=0.029 sa=0
| + sb=0 sd=0 mult=1 m=1
| XM_TAIL EA_TAIL BIASP VIN VIN sky130_fd_pr__pfet_g5v0d10v5 L=2 W=40 nf=8 ad=5.8 as=7.25 pd=42.32 ps=52.9 nrd=0.00725 nrs=0.00725
| + sa=0 sb=0 sd=0 mult=1 m=1
| XM_IN1 EA_D1 FB EA_TAIL VIN sky130_fd_pr__pfet_g5v0d10v5 L=2 W=10 nf=2 ad=1.45 as=2.9 pd=10.58 ps=21.16 nrd=0.029 nrs=0.029 sa=0
| + sb=0 sd=0 mult=1 m=1
| XM_IN2 EA_D2 VREF EA_TAIL VIN sky130_fd_pr__pfet_g5v0d10v5 L=2 W=10 nf=2 ad=1.45 as=2.9 pd=10.58 ps=21.16 nrd=0.029 nrs=0.029 sa=0
| + sb=0 sd=0 mult=1 m=1
| XM_MIR1 EA_D1 EA_D1 AMP_ENN 0 sky130_fd_pr__nfet_g5v0d10v5 L=4 W=10 nf=2 ad=1.45 as=2.9 pd=10.58 ps=21.16 nrd=0.029 nrs=0.029 sa=0
| + sb=0 sd=0 mult=1 m=1
| XM_MIR2 EA_OUT EA_D1 AMP_ENN 0 sky130_fd_pr__nfet_g5v0d10v5 L=4 W=10 nf=2 ad=1.45 as=2.9 pd=10.58 ps=21.16 nrd=0.029 nrs=0.029
| + sa=0 sb=0 sd=0 mult=1 m=1
| XM_ENN2 AMP_ENN EN 0 0 sky130_fd_pr__nfet_g5v0d10v5 L=0.5 W=10 nf=1 ad=2.9 as=2.9 pd=20.58 ps=20.58 nrd=0.029 nrs=0.029 sa=0 sb=0
| + sd=0 mult=1 m=1
| XM_ENP EA_OUT EN VIN VIN sky130_fd_pr__pfet_g5v0d10v5 L=0.5 W=10 nf=1 ad=2.9 as=2.9 pd=20.58 ps=20.58 nrd=0.029 nrs=0.029 sa=0
| + sb=0 sd=0 mult=1 m=1
| XM_MIR3 EA_D2 EA_D2 AMP_ENN 0 sky130_fd_pr__nfet_g5v0d10v5 L=4 W=10 nf=2 ad=1.45 as=2.9 pd=10.58 ps=21.16 nrd=0.029 nrs=0.029 sa=0
| + sb=0 sd=0 mult=1 m=1
| XM_MIR4 PB EA_D2 AMP_ENN 0 sky130_fd_pr__nfet_g5v0d10v5 L=4 W=10 nf=2 ad=1.45 as=2.9 pd=10.58 ps=21.16 nrd=0.029 nrs=0.029 sa=0
| + sb=0 sd=0 mult=1 m=1
| XM_MIRP1 PB PB VIN VIN sky130_fd_pr__pfet_g5v0d10v5 L=4 W=20 nf=4 ad=2.9 as=4.35 pd=21.16 ps=31.74 nrd=0.0145 nrs=0.0145 sa=0 sb=0
| + sd=0 mult=1 m=1
| XM_MIRP2 EA_OUT PB VIN VIN sky130_fd_pr__pfet_g5v0d10v5 L=4 W=20 nf=4 ad=2.9 as=4.35 pd=21.16 ps=31.74 nrd=0.0145 nrs=0.0145 sa=0
| + sb=0 sd=0 mult=1 m=1
| XM_ENP5 PB EN VIN VIN sky130_fd_pr__pfet_g5v0d10v5 L=0.5 W=2 nf=1 ad=0.58 as=0.58 pd=4.58 ps=4.58 nrd=0.145 nrs=0.145 sa=0 sb=0
| + sd=0 mult=1 m=1
| XM_PASS VOUT EA_OUT VIN VIN sky130_fd_pr__pfet_g5v0d10v5 L=0.5 W=100 nf=25 ad=15.08 as=15.08 pd=111.54 ps=111.54 nrd=0.0029
| + nrs=0.0029 sa=0 sb=0 sd=0 mult=25 m=25
| C_COMP VOUT EA_CZ 150p m=1
| XR_CZ EA_CZ EA_OUT 0 sky130_fd_pr__res_xhigh_po W=0.42 L=52 mult=1 m=1
| XR_FB_A VOUT FB 0 sky130_fd_pr__res_xhigh_po W=0.42 L=180 mult=1 m=1
| XR_FB_B FB N_FBB 0 sky130_fd_pr__res_xhigh_po W=0.42 L=180 mult=1 m=1
| XR_FB_C N_FBB 0 0 sky130_fd_pr__res_xhigh_po W=0.42 L=180 mult=1 m=1
| XM_SENSE CL_SNS EA_OUT VIN VIN sky130_fd_pr__pfet_g5v0d10v5 L=0.5 W=0.42 nf=1 ad=0.1218 as=0.1218 pd=1.42 ps=1.42
| + nrd=0.69047619047619 nrs=0.69047619047619 sa=0 sb=0 sd=0 mult=1 m=1
| XM_CLN1 CL_SNS CL_SNS AMP_ENN 0 sky130_fd_pr__nfet_g5v0d10v5 L=1 W=20 nf=1 ad=5.8 as=5.8 pd=40.58 ps=40.58 nrd=0.0145 nrs=0.0145
| + sa=0 sb=0 sd=0 mult=1 m=1
| XM_CLN2 CL_CMP CL_SNS AMP_ENN 0 sky130_fd_pr__nfet_g5v0d10v5 L=1 W=1.6 nf=1 ad=0.464 as=0.464 pd=3.78 ps=3.78 nrd=0.18125
| + nrs=0.18125 sa=0 sb=0 sd=0 mult=1 m=1
| XM_CLP CL_CMP BIASP VIN VIN sky130_fd_pr__pfet_g5v0d10v5 L=1 W=10 nf=2 ad=1.45 as=2.9 pd=10.58 ps=21.16 nrd=0.029 nrs=0.029 sa=0
| + sb=0 sd=0 mult=1 m=1
| XM_CLIM EA_OUT CL_CMP VIN VIN sky130_fd_pr__pfet_g5v0d10v5 L=0.5 W=20 nf=4 ad=2.9 as=4.35 pd=21.16 ps=31.74 nrd=0.0145 nrs=0.0145
| + sa=0 sb=0 sd=0 mult=1 m=1
| XM_ENP3 CL_CMP EN VIN VIN sky130_fd_pr__pfet_g5v0d10v5 L=0.5 W=2 nf=1 ad=0.58 as=0.58 pd=4.58 ps=4.58 nrd=0.145 nrs=0.145 sa=0
| + sb=0 sd=0 mult=1 m=1
| C_CL VIN CL_CMP 1p m=1
| XM_INVP ENB EN VIN VIN sky130_fd_pr__pfet_g5v0d10v5 L=0.5 W=2 nf=1 ad=0.58 as=0.58 pd=4.58 ps=4.58 nrd=0.145 nrs=0.145 sa=0 sb=0
| + sd=0 mult=1 m=1
| XM_INVN ENB EN 0 0 sky130_fd_pr__nfet_g5v0d10v5 L=0.5 W=1 nf=1 ad=0.29 as=0.29 pd=2.58 ps=2.58 nrd=0.29 nrs=0.29 sa=0 sb=0 sd=0
| + mult=1 m=1
| XM_SSDIS SS ENB 0 0 sky130_fd_pr__nfet_g5v0d10v5 L=0.5 W=2 nf=1 ad=0.58 as=0.58 pd=4.58 ps=4.58 nrd=0.145 nrs=0.145 sa=0 sb=0 sd=0
| + mult=1 m=1
| XM_SSCHG SS BIASP VIN VIN sky130_fd_pr__pfet_g5v0d10v5 L=8 W=1 nf=1 ad=0.29 as=0.29 pd=2.58 ps=2.58 nrd=0.29 nrs=0.29 sa=0 sb=0
| + sd=0 mult=1 m=1
| C_SS SS 0 10p m=1
| XM_IN2S EA_D2 SS EA_TAIL VIN sky130_fd_pr__pfet_g5v0d10v5 L=2 W=10 nf=2 ad=1.45 as=2.9 pd=10.58 ps=21.16 nrd=0.029 nrs=0.029 sa=0
| + sb=0 sd=0 mult=1 m=1
| XM_TSPS TS_SNS BIASP VIN VIN sky130_fd_pr__pfet_g5v0d10v5 L=1 W=2.5 nf=1 ad=0.725 as=0.725 pd=5.58 ps=5.58 nrd=0.116 nrs=0.116
| + sa=0 sb=0 sd=0 mult=1 m=1
| XM_TSD1 TS_SNS TS_SNS TS_MID 0 sky130_fd_pr__nfet_g5v0d10v5 L=1 W=80 nf=16 ad=11.6 as=13.05 pd=84.64 ps=95.22 nrd=0.003625
| + nrs=0.003625 sa=0 sb=0 sd=0 mult=1 m=1
| XM_TSD2 TS_MID TS_MID AMP_ENN 0 sky130_fd_pr__nfet_g5v0d10v5 L=1 W=80 nf=16 ad=11.6 as=13.05 pd=84.64 ps=95.22 nrd=0.003625
| + nrs=0.003625 sa=0 sb=0 sd=0 mult=1 m=1
| XM_TSPR TS_REF BIASP VIN VIN sky130_fd_pr__pfet_g5v0d10v5 L=1 W=2.5 nf=1 ad=0.725 as=0.725 pd=5.58 ps=5.58 nrd=0.116 nrs=0.116
| + sa=0 sb=0 sd=0 mult=1 m=1
| XM_TSR1 TS_REF TS_REF AMP_ENN 0 sky130_fd_pr__nfet_g5v0d10v5 L=10 W=2 nf=1 ad=0.58 as=0.58 pd=4.58 ps=4.58 nrd=0.145 nrs=0.145
| + sa=0 sb=0 sd=0 mult=1 m=1
| XM_TCTAIL TC_TAIL NB AMP_ENN 0 sky130_fd_pr__nfet_g5v0d10v5 L=1 W=1 nf=1 ad=0.29 as=0.29 pd=2.58 ps=2.58 nrd=0.29 nrs=0.29 sa=0
| + sb=0 sd=0 mult=1 m=1
| XM_TCN1 TC_D1 TS_SNS TC_TAIL 0 sky130_fd_pr__nfet_g5v0d10v5 L=2 W=10 nf=2 ad=1.45 as=2.9 pd=10.58 ps=21.16 nrd=0.029 nrs=0.029
| + sa=0 sb=0 sd=0 mult=1 m=1
| XM_TCN2 TS_CMP TS_REF TC_TAIL 0 sky130_fd_pr__nfet_g5v0d10v5 L=2 W=10 nf=2 ad=1.45 as=2.9 pd=10.58 ps=21.16 nrd=0.029 nrs=0.029
| + sa=0 sb=0 sd=0 mult=1 m=1
| XM_TCP1 TC_D1 TC_D1 VIN VIN sky130_fd_pr__pfet_g5v0d10v5 L=2 W=10 nf=2 ad=1.45 as=2.9 pd=10.58 ps=21.16 nrd=0.029 nrs=0.029 sa=0
| + sb=0 sd=0 mult=1 m=1
| XM_TCP2 TS_CMP TC_D1 VIN VIN sky130_fd_pr__pfet_g5v0d10v5 L=2 W=10 nf=2 ad=1.45 as=2.9 pd=10.58 ps=21.16 nrd=0.029 nrs=0.029 sa=0
| + sb=0 sd=0 mult=1 m=1
| XM_TSHUT EA_OUT TS_CMP VIN VIN sky130_fd_pr__pfet_g5v0d10v5 L=0.5 W=20 nf=4 ad=2.9 as=4.35 pd=21.16 ps=31.74 nrd=0.0145 nrs=0.0145
| + sa=0 sb=0 sd=0 mult=1 m=1
| XM_TSHYSB TS_HYS BIASP VIN VIN sky130_fd_pr__pfet_g5v0d10v5 L=2 W=1.5 nf=1 ad=0.435 as=0.435 pd=3.58 ps=3.58 nrd=0.193333333333333
| + nrs=0.193333333333333 sa=0 sb=0 sd=0 mult=1 m=1
| XM_TSHYS TS_REF TS_CMP TS_HYS VIN sky130_fd_pr__pfet_g5v0d10v5 L=0.5 W=2 nf=1 ad=0.58 as=0.58 pd=4.58 ps=4.58 nrd=0.145 nrs=0.145
| + sa=0 sb=0 sd=0 mult=1 m=1
| XM_ENP4 TS_CMP EN VIN VIN sky130_fd_pr__pfet_g5v0d10v5 L=0.5 W=2 nf=1 ad=0.58 as=0.58 pd=4.58 ps=4.58 nrd=0.145 nrs=0.145 sa=0
| + sb=0 sd=0 mult=1 m=1
| C_TS VIN TS_CMP 1p m=1
| .ends
| 
| .control
| save all
| * --- leg 1: full cycle -- EN rises at t=100us, block regulates, EN falls at t=2ms ---
| tran 5u 4.5m
| meas tran vpre find v(vout) at=1.9m
| meas tran iq_avg avg i(vvin) from=3.5m to=4.5m
| meas tran iq_worst min i(vvin) from=3.5m to=4.5m
| meas tran vhold find v(vout) at=4m
| * --- leg 2: static disabled state, output free-floating ---
| op
| * --- leg 3: static disabled state, VOUT forced to 0 V (Vin->Vout leakage) ---
| alter rforce = 1m
| op
| * --- leg 4: static disabled state, VOUT held at the 1.8 V nominal output ---
| alter vforce = 1.8
| op
| let meas_iq_shutdown_static_ua = -1e6*op1.i(vvin)
| let meas_iq_shutdown_after_edge_ua = -1e6*tran1.iq_worst
| let meas_iq_shutdown_after_edge_mean_ua = -1e6*tran1.iq_avg
| let meas_leak_vin_vout_ua = 1e6*op2.i(vforce)
| let meas_vout_pre_disable_v = tran1.vpre
| let meas_vout_hold_2ms_v = tran1.vhold
| let meas_vout_disabled_static_v = op1.v(vout)
| let meas_ivout_held_1v8_ua = -1e6*op3.i(vforce)
| print meas_iq_shutdown_static_ua
| print meas_iq_shutdown_after_edge_ua
| print meas_iq_shutdown_after_edge_mean_ua
| print meas_leak_vin_vout_ua
| print meas_vout_pre_disable_v
| print meas_vout_hold_2ms_v
| print meas_vout_disabled_static_v
| print meas_ivout_held_1v8_ua
| quit
| .endc
| .end

# ==== ngspice stdout ====

Note: Compatibility modes selected: hs a


Circuit: * enable-shutdown corner deck -- generated by sim/bin/corner-run.py, do not edit

option SCALE: Scale is set to 1e-06 for instance and model parameters
option SCALE: Scale is set to 1e-06 for instance and model parameters
option SCALE: Scale is set to 1e-06 for instance and model parameters
option SCALE: Scale is set to 1e-06 for instance and model parameters
Doing analysis at TEMP = 125.000000 and TNOM = 27.000000

Using KLU as Direct Linear Solver
 Reference value :  0.00000e+00
 Reference value :  2.00000e-07
 Reference value :  1.60000e-06
 Reference value :  1.64000e-05
 Reference value :  3.64000e-05
 Reference value :  6.14000e-05
 Reference value :  8.64000e-05
 Reference value :  1.00100e-04
 Reference value :  1.00411e-04
 Reference value :  1.00588e-04
 Reference value :  1.00756e-04
 Reference value :  1.00830e-04
 Reference value :  1.00890e-04
 Reference value :  1.00939e-04
 Reference value :  1.01000e-04
 Reference value :  1.01031e-04
 Reference value :  1.01162e-04
 Reference value :  1.01246e-04
 Reference value :  1.01431e-04
 Reference value :  1.01948e-04
 Reference value :  1.02777e-04
 Reference value :  1.09819e-04
 Reference value :  1.24819e-04
 Reference value :  1.39819e-04
 Reference value :  1.54819e-04
 Reference value :  1.69819e-04
 Reference value :  1.89819e-04
 Reference value :  2.09819e-04
 Reference value :  2.29819e-04
 Reference value :  2.49819e-04
 Reference value :  2.69819e-04
 Reference value :  2.89819e-04
 Reference value :  3.09819e-04
 Reference value :  3.29819e-04
 Reference value :  3.54819e-04
 Reference value :  3.79819e-04
 Reference value :  3.99819e-04
 Reference value :  4.19819e-04
 Reference value :  4.39819e-04
 Reference value :  4.64819e-04
 Reference value :  4.89819e-04
 Reference value :  5.09819e-04
 Reference value :  5.34819e-04
 Reference value :  5.59819e-04
 Reference value :  5.84819e-04
 Reference value :  6.09819e-04
 Reference value :  6.34819e-04
 Reference value :  6.54819e-04
 Reference value :  6.74819e-04
 Reference value :  6.99819e-04
 Reference value :  7.19819e-04
 Reference value :  7.44819e-04
 Reference value :  7.64819e-04
 Reference value :  7.84819e-04
 Reference value :  8.09819e-04
 Reference value :  8.29819e-04
 Reference value :  8.54819e-04
 Reference value :  8.74819e-04
 Reference value :  8.94819e-04
 Reference value :  9.14819e-04
 Reference value :  9.39819e-04
 Reference value :  9.64819e-04
 Reference value :  9.84819e-04
 Reference value :  1.00982e-03
 Reference value :  1.03482e-03
 Reference value :  1.05482e-03
 Reference value :  1.07982e-03
 Reference value :  1.09982e-03
 Reference value :  1.11982e-03
 Reference value :  1.13982e-03
 Reference value :  1.15982e-03
 Reference value :  1.17982e-03
 Reference value :  1.19982e-03
 Reference value :  1.21982e-03
 Reference value :  1.23982e-03
 Reference value :  1.25982e-03
 Reference value :  1.27982e-03
 Reference value :  1.29982e-03
 Reference value :  1.31982e-03
 Reference value :  1.33982e-03
 Reference value :  1.35982e-03
 Reference value :  1.37982e-03
 Reference value :  1.39982e-03
 Reference value :  1.41982e-03
 Reference value :  1.43982e-03
 Reference value :  1.45982e-03
 Reference value :  1.48482e-03
 Reference value :  1.50982e-03
 Reference value :  1.53482e-03
 Reference value :  1.55482e-03
 Reference value :  1.57482e-03
 Reference value :  1.59982e-03
 Reference value :  1.62482e-03
 Reference value :  1.64982e-03
 Reference value :  1.67482e-03
 Reference value :  1.69982e-03
 Reference value :  1.72482e-03
 Reference value :  1.74982e-03
 Reference value :  1.76982e-03
 Reference value :  1.79482e-03
 Reference value :  1.81982e-03
 Reference value :  1.84482e-03
 Reference value :  1.86982e-03
 Reference value :  1.89482e-03
 Reference value :  1.91982e-03
 Reference value :  1.94482e-03
 Reference value :  1.96482e-03
 Reference value :  1.98982e-03
 Reference value :  2.00010e-03
 Reference value :  2.00030e-03
 Reference value :  2.00041e-03
 Reference value :  2.00050e-03
 Reference value :  2.00060e-03
 Reference value :  2.00067e-03
 Reference value :  2.00068e-03
 Reference value :  2.00071e-03
 Reference value :  2.00074e-03
 Reference value :  2.00078e-03
 Reference value :  2.00088e-03
 Reference value :  2.00101e-03
 Reference value :  2.00118e-03
 Reference value :  2.00248e-03
 Reference value :  2.00890e-03
 Reference value :  2.02890e-03
 Reference value :  2.04890e-03
 Reference value :  2.06890e-03
 Reference value :  2.08890e-03
 Reference value :  2.11390e-03
 Reference value :  2.13390e-03
 Reference value :  2.15390e-03
 Reference value :  2.17390e-03
 Reference value :  2.19390e-03
 Reference value :  2.21390e-03
 Reference value :  2.23890e-03
 Reference value :  2.25890e-03
 Reference value :  2.28390e-03
 Reference value :  2.30390e-03
 Reference value :  2.32890e-03
 Reference value :  2.35390e-03
 Reference value :  2.37390e-03
 Reference value :  2.39390e-03
 Reference value :  2.41390e-03
 Reference value :  2.43390e-03
 Reference value :  2.45890e-03
 Reference value :  2.48390e-03
 Reference value :  2.50390e-03
 Reference value :  2.52890e-03
 Reference value :  2.54890e-03
 Reference value :  2.56890e-03
 Reference value :  2.58890e-03
 Reference value :  2.60890e-03
 Reference value :  2.62890e-03
 Reference value :  2.64890e-03
 Reference value :  2.67390e-03
 Reference value :  2.69890e-03
 Reference value :  2.71890e-03
 Reference value :  2.74390e-03
 Reference value :  2.76390e-03
 Reference value :  2.78890e-03
 Reference value :  2.80890e-03
 Reference value :  2.83390e-03
 Reference value :  2.85390e-03
 Reference value :  2.87890e-03
 Reference value :  2.89890e-03
 Reference value :  2.91890e-03
 Reference value :  2.93890e-03
 Reference value :  2.95890e-03
 Reference value :  2.98390e-03
 Reference value :  3.00390e-03
 Reference value :  3.02390e-03
 Reference value :  3.04390e-03
 Reference value :  3.06390e-03
 Reference value :  3.08390e-03
 Reference value :  3.10390e-03
 Reference value :  3.12390e-03
 Reference value :  3.14890e-03
 Reference value :  3.17390e-03
 Reference value :  3.19890e-03
 Reference value :  3.21890e-03
 Reference value :  3.23890e-03
 Reference value :  3.26390e-03
 Reference value :  3.28390e-03
 Reference value :  3.30890e-03
 Reference value :  3.32890e-03
 Reference value :  3.34890e-03
 Reference value :  3.36890e-03
 Reference value :  3.38890e-03
 Reference value :  3.40890e-03
 Reference value :  3.43390e-03
 Reference value :  3.45390e-03
 Reference value :  3.47390e-03
 Reference value :  3.49390e-03
 Reference value :  3.51390e-03
 Reference value :  3.53390e-03
 Reference value :  3.55390e-03
 Reference value :  3.57890e-03
 Reference value :  3.59890e-03
 Reference value :  3.61890e-03
 Reference value :  3.64390e-03
 Reference value :  3.66890e-03
 Reference value :  3.69390e-03
 Reference value :  3.71890e-03
 Reference value :  3.73890e-03
 Reference value :  3.75890e-03
 Reference value :  3.78390e-03
 Reference value :  3.80890e-03
 Reference value :  3.82890e-03
 Reference value :  3.84890e-03
 Reference value :  3.86890e-03
 Reference value :  3.89390e-03
 Reference value :  3.91890e-03
 Reference value :  3.94390e-03
 Reference value :  3.96390e-03
 Reference value :  3.98890e-03
 Reference value :  4.01390e-03
 Reference value :  4.03390e-03
 Reference value :  4.05890e-03
 Reference value :  4.08390e-03
 Reference value :  4.10390e-03
 Reference value :  4.12890e-03
 Reference value :  4.15390e-03
 Reference value :  4.17890e-03
 Reference value :  4.20390e-03
 Reference value :  4.22390e-03
 Reference value :  4.24390e-03
 Reference value :  4.26890e-03
 Reference value :  4.28890e-03
 Reference value :  4.30890e-03
 Reference value :  4.33390e-03
 Reference value :  4.35890e-03
 Reference value :  4.37890e-03
 Reference value :  4.40390e-03
 Reference value :  4.42890e-03
 Reference value :  4.44890e-03
 Reference value :  4.47390e-03
 Reference value :  4.49390e-03
No. of Data Rows : 967
vpre                =  1.82106e+00
iq_avg              =  -3.45453e-09 from=  3.50000e-03 to=  4.50000e-03
iq_worst            =  -4.11881e-09 at=  3.50390e-03
vhold               =  1.81986e+00
Doing analysis at TEMP = 125.000000 and TNOM = 27.000000

Using KLU as Direct Linear Solver
 Reference value :  0.00000e+00
No. of Data Rows : 1
Doing analysis at TEMP = 125.000000 and TNOM = 27.000000

Using KLU as Direct Linear Solver
 Reference value :  0.00000e+00
No. of Data Rows : 1
Doing analysis at TEMP = 125.000000 and TNOM = 27.000000

Using KLU as Direct Linear Solver
 Reference value :  0.00000e+00
No. of Data Rows : 1
meas_iq_shutdown_static_ua = 5.034286e-03
meas_iq_shutdown_after_edge_ua = 4.118814e-03
meas_iq_shutdown_after_edge_mean_ua = 3.454527e-03
meas_leak_vin_vout_ua = 3.883107e-03
meas_vout_pre_disable_v = 1.821062e+00
meas_vout_hold_2ms_v = 1.819861e+00
meas_vout_disabled_static_v = 1.206452e-02
meas_ivout_held_1v8_ua = 5.747200e-01
ngspice-46 done

# ==== ngspice stderr ====
Note: Starting dynamic gmin stepping
Note: Dynamic gmin stepping completed
