# corner: ss_125c_3.63v
# process=ss temp=125C supply=3.63V
# ngspice exit: 0
# wall clock: 82.5s (--timeout was 300s)
# result: PASS

# ==== deck (exact input given to ngspice) ====
| * enable-shutdown corner deck -- generated by sim/bin/corner-run.py, do not edit
| * corner: ss_125c_3.63v
| .param vsup=3.63
| .option wnflag=1
| .temp 125
| .lib "/home/ubuntu/.volare/sky130A/libs.tech/combined/sky130.lib.spice" ss
| ** sch_path: sim/enable-shutdown/testbench/tb_enable_shutdown.sch
| **.subckt tb_enable_shutdown
| VVIN VIN 0 'vsup'
| .save i(vvin)
| VEN EN 0 dc 0 pwl(0 0 100u 0 101u 'vsup' 2m 'vsup' 2.001m 0 10 0)
| .save i(ven)
| VVREF VREF 0 1.2
| .save i(vvref)
| xldo VOUT VREF EN VIN ldo_3v3in_1v8out
| COUT VOUT VESR 1u m=1
| RESR VESR 0 10m m=1
| RLOAD VOUT 0 1e12 m=1
| RFORCE VOUT VF 1e12 m=1
| VFORCE VF 0 0
| .save i(vforce)
| **.ends
| 
| * expanding   symbol:  design/ldo_3v3in_1v8out.sym # of pins=4
| ** sym_path: design/ldo_3v3in_1v8out.sym
| ** sch_path: design/ldo_3v3in_1v8out.sch
| .subckt ldo_3v3in_1v8out VOUT VREF EN VIN
| *.ipin VIN
| *.ipin EN
| *.ipin VREF
| *.opin VOUT
| XR_BIAS VIN NB 0 sky130_fd_pr__res_high_po W=0.42 L=1500 mult=1 m=1
| XM_BIASN1 NB NB BIAS_ENN 0 sky130_fd_pr__nfet_g5v0d10v5 L=1 W=4 nf=1 ad=1.16 as=1.16 pd=8.58 ps=8.58 nrd=0.0725 nrs=0.0725 sa=0
| + sb=0 sd=0 mult=1 m=1
| XM_ENN BIAS_ENN EN 0 0 sky130_fd_pr__nfet_g5v0d10v5 L=0.5 W=10 nf=1 ad=2.9 as=2.9 pd=20.58 ps=20.58 nrd=0.029 nrs=0.029 sa=0 sb=0
| + sd=0 mult=1 m=1
| XM_BIASN2 BIASP NB BIAS_ENN 0 sky130_fd_pr__nfet_g5v0d10v5 L=1 W=4 nf=1 ad=1.16 as=1.16 pd=8.58 ps=8.58 nrd=0.0725 nrs=0.0725 sa=0
| + sb=0 sd=0 mult=1 m=1
| XM_BIASP1 BIASP BIASP VIN VIN sky130_fd_pr__pfet_g5v0d10v5 L=1 W=10 nf=2 ad=1.45 as=2.9 pd=10.58 ps=21.16 nrd=0.029 nrs=0.029 sa=0
| + sb=0 sd=0 mult=1 m=1
| XM_ENP2 BIASP EN VIN VIN sky130_fd_pr__pfet_g5v0d10v5 L=0.5 W=10 nf=1 ad=2.9 as=2.9 pd=20.58 ps=20.58 nrd=0.029 nrs=0.029 sa=0
| + sb=0 sd=0 mult=1 m=1
| XM_TAIL EA_TAIL BIASP VIN VIN sky130_fd_pr__pfet_g5v0d10v5 L=2 W=40 nf=8 ad=5.8 as=7.25 pd=42.32 ps=52.9 nrd=0.00725 nrs=0.00725
| + sa=0 sb=0 sd=0 mult=1 m=1
| XM_IN1 EA_D1 FB EA_TAIL VIN sky130_fd_pr__pfet_g5v0d10v5 L=2 W=10 nf=2 ad=1.45 as=2.9 pd=10.58 ps=21.16 nrd=0.029 nrs=0.029 sa=0
| + sb=0 sd=0 mult=1 m=1
| XM_IN2 EA_D2 VREF EA_TAIL VIN sky130_fd_pr__pfet_g5v0d10v5 L=2 W=10 nf=2 ad=1.45 as=2.9 pd=10.58 ps=21.16 nrd=0.029 nrs=0.029 sa=0
| + sb=0 sd=0 mult=1 m=1
| XM_MIR1 EA_D1 EA_D1 AMP_ENN 0 sky130_fd_pr__nfet_g5v0d10v5 L=4 W=10 nf=2 ad=1.45 as=2.9 pd=10.58 ps=21.16 nrd=0.029 nrs=0.029 sa=0
| + sb=0 sd=0 mult=1 m=1
| XM_MIR2 EA_OUT EA_D1 AMP_ENN 0 sky130_fd_pr__nfet_g5v0d10v5 L=4 W=10 nf=2 ad=1.45 as=2.9 pd=10.58 ps=21.16 nrd=0.029 nrs=0.029
| + sa=0 sb=0 sd=0 mult=1 m=1
| XM_ENN2 AMP_ENN EN 0 0 sky130_fd_pr__nfet_g5v0d10v5 L=0.5 W=10 nf=1 ad=2.9 as=2.9 pd=20.58 ps=20.58 nrd=0.029 nrs=0.029 sa=0 sb=0
| + sd=0 mult=1 m=1
| XM_ENP EA_OUT EN VIN VIN sky130_fd_pr__pfet_g5v0d10v5 L=0.5 W=10 nf=1 ad=2.9 as=2.9 pd=20.58 ps=20.58 nrd=0.029 nrs=0.029 sa=0
| + sb=0 sd=0 mult=1 m=1
| XM_MIR3 EA_D2 EA_D2 AMP_ENN 0 sky130_fd_pr__nfet_g5v0d10v5 L=4 W=10 nf=2 ad=1.45 as=2.9 pd=10.58 ps=21.16 nrd=0.029 nrs=0.029 sa=0
| + sb=0 sd=0 mult=1 m=1
| XM_MIR4 PB EA_D2 AMP_ENN 0 sky130_fd_pr__nfet_g5v0d10v5 L=4 W=10 nf=2 ad=1.45 as=2.9 pd=10.58 ps=21.16 nrd=0.029 nrs=0.029 sa=0
| + sb=0 sd=0 mult=1 m=1
| XM_MIRP1 PB PB VIN VIN sky130_fd_pr__pfet_g5v0d10v5 L=4 W=20 nf=4 ad=2.9 as=4.35 pd=21.16 ps=31.74 nrd=0.0145 nrs=0.0145 sa=0 sb=0
| + sd=0 mult=1 m=1
| XM_MIRP2 EA_OUT PB VIN VIN sky130_fd_pr__pfet_g5v0d10v5 L=4 W=20 nf=4 ad=2.9 as=4.35 pd=21.16 ps=31.74 nrd=0.0145 nrs=0.0145 sa=0
| + sb=0 sd=0 mult=1 m=1
| XM_ENP5 PB EN VIN VIN sky130_fd_pr__pfet_g5v0d10v5 L=0.5 W=2 nf=1 ad=0.58 as=0.58 pd=4.58 ps=4.58 nrd=0.145 nrs=0.145 sa=0 sb=0
| + sd=0 mult=1 m=1
| XM_PASS VOUT EA_OUT VIN VIN sky130_fd_pr__pfet_g5v0d10v5 L=0.5 W=100 nf=25 ad=15.08 as=15.08 pd=111.54 ps=111.54 nrd=0.0029
| + nrs=0.0029 sa=0 sb=0 sd=0 mult=25 m=25
| C_COMP VOUT EA_CZ 150p m=1
| XR_CZ EA_CZ EA_OUT 0 sky130_fd_pr__res_xhigh_po W=0.42 L=52 mult=1 m=1
| XR_FB_A VOUT FB 0 sky130_fd_pr__res_xhigh_po W=0.42 L=180 mult=1 m=1
| XR_FB_B FB N_FBB 0 sky130_fd_pr__res_xhigh_po W=0.42 L=180 mult=1 m=1
| XR_FB_C N_FBB 0 0 sky130_fd_pr__res_xhigh_po W=0.42 L=180 mult=1 m=1
| XM_SENSE CL_SNS EA_OUT VIN VIN sky130_fd_pr__pfet_g5v0d10v5 L=0.5 W=0.42 nf=1 ad=0.1218 as=0.1218 pd=1.42 ps=1.42
| + nrd=0.69047619047619 nrs=0.69047619047619 sa=0 sb=0 sd=0 mult=1 m=1
| XM_CLN1 CL_SNS CL_SNS AMP_ENN 0 sky130_fd_pr__nfet_g5v0d10v5 L=1 W=20 nf=1 ad=5.8 as=5.8 pd=40.58 ps=40.58 nrd=0.0145 nrs=0.0145
| + sa=0 sb=0 sd=0 mult=1 m=1
| XM_CLN2 CL_CMP CL_SNS AMP_ENN 0 sky130_fd_pr__nfet_g5v0d10v5 L=1 W=1.6 nf=1 ad=0.464 as=0.464 pd=3.78 ps=3.78 nrd=0.18125
| + nrs=0.18125 sa=0 sb=0 sd=0 mult=1 m=1
| XM_CLP CL_CMP BIASP VIN VIN sky130_fd_pr__pfet_g5v0d10v5 L=1 W=10 nf=2 ad=1.45 as=2.9 pd=10.58 ps=21.16 nrd=0.029 nrs=0.029 sa=0
| + sb=0 sd=0 mult=1 m=1
| XM_CLIM EA_OUT CL_CMP VIN VIN sky130_fd_pr__pfet_g5v0d10v5 L=0.5 W=20 nf=4 ad=2.9 as=4.35 pd=21.16 ps=31.74 nrd=0.0145 nrs=0.0145
| + sa=0 sb=0 sd=0 mult=1 m=1
| XM_ENP3 CL_CMP EN VIN VIN sky130_fd_pr__pfet_g5v0d10v5 L=0.5 W=2 nf=1 ad=0.58 as=0.58 pd=4.58 ps=4.58 nrd=0.145 nrs=0.145 sa=0
| + sb=0 sd=0 mult=1 m=1
| C_CL VIN CL_CMP 1p m=1
| XM_INVP ENB EN VIN VIN sky130_fd_pr__pfet_g5v0d10v5 L=0.5 W=2 nf=1 ad=0.58 as=0.58 pd=4.58 ps=4.58 nrd=0.145 nrs=0.145 sa=0 sb=0
| + sd=0 mult=1 m=1
| XM_INVN ENB EN 0 0 sky130_fd_pr__nfet_g5v0d10v5 L=0.5 W=1 nf=1 ad=0.29 as=0.29 pd=2.58 ps=2.58 nrd=0.29 nrs=0.29 sa=0 sb=0 sd=0
| + mult=1 m=1
| XM_SSDIS SS ENB 0 0 sky130_fd_pr__nfet_g5v0d10v5 L=0.5 W=2 nf=1 ad=0.58 as=0.58 pd=4.58 ps=4.58 nrd=0.145 nrs=0.145 sa=0 sb=0 sd=0
| + mult=1 m=1
| XM_SSCHG SS BIASP VIN VIN sky130_fd_pr__pfet_g5v0d10v5 L=8 W=1 nf=1 ad=0.29 as=0.29 pd=2.58 ps=2.58 nrd=0.29 nrs=0.29 sa=0 sb=0
| + sd=0 mult=1 m=1
| C_SS SS 0 10p m=1
| XM_IN2S EA_D2 SS EA_TAIL VIN sky130_fd_pr__pfet_g5v0d10v5 L=2 W=10 nf=2 ad=1.45 as=2.9 pd=10.58 ps=21.16 nrd=0.029 nrs=0.029 sa=0
| + sb=0 sd=0 mult=1 m=1
| XM_TSPS TS_SNS BIASP VIN VIN sky130_fd_pr__pfet_g5v0d10v5 L=1 W=2.5 nf=1 ad=0.725 as=0.725 pd=5.58 ps=5.58 nrd=0.116 nrs=0.116
| + sa=0 sb=0 sd=0 mult=1 m=1
| XM_TSD1 TS_SNS TS_SNS TS_MID 0 sky130_fd_pr__nfet_g5v0d10v5 L=1 W=80 nf=16 ad=11.6 as=13.05 pd=84.64 ps=95.22 nrd=0.003625
| + nrs=0.003625 sa=0 sb=0 sd=0 mult=1 m=1
| XM_TSD2 TS_MID TS_MID AMP_ENN 0 sky130_fd_pr__nfet_g5v0d10v5 L=1 W=80 nf=16 ad=11.6 as=13.05 pd=84.64 ps=95.22 nrd=0.003625
| + nrs=0.003625 sa=0 sb=0 sd=0 mult=1 m=1
| XM_TSPR TS_REF BIASP VIN VIN sky130_fd_pr__pfet_g5v0d10v5 L=1 W=2.5 nf=1 ad=0.725 as=0.725 pd=5.58 ps=5.58 nrd=0.116 nrs=0.116
| + sa=0 sb=0 sd=0 mult=1 m=1
| XM_TSR1 TS_REF TS_REF AMP_ENN 0 sky130_fd_pr__nfet_g5v0d10v5 L=10 W=2 nf=1 ad=0.58 as=0.58 pd=4.58 ps=4.58 nrd=0.145 nrs=0.145
| + sa=0 sb=0 sd=0 mult=1 m=1
| XM_TCTAIL TC_TAIL NB AMP_ENN 0 sky130_fd_pr__nfet_g5v0d10v5 L=1 W=1 nf=1 ad=0.29 as=0.29 pd=2.58 ps=2.58 nrd=0.29 nrs=0.29 sa=0
| + sb=0 sd=0 mult=1 m=1
| XM_TCN1 TC_D1 TS_SNS TC_TAIL 0 sky130_fd_pr__nfet_g5v0d10v5 L=2 W=10 nf=2 ad=1.45 as=2.9 pd=10.58 ps=21.16 nrd=0.029 nrs=0.029
| + sa=0 sb=0 sd=0 mult=1 m=1
| XM_TCN2 TS_CMP TS_REF TC_TAIL 0 sky130_fd_pr__nfet_g5v0d10v5 L=2 W=10 nf=2 ad=1.45 as=2.9 pd=10.58 ps=21.16 nrd=0.029 nrs=0.029
| + sa=0 sb=0 sd=0 mult=1 m=1
| XM_TCP1 TC_D1 TC_D1 VIN VIN sky130_fd_pr__pfet_g5v0d10v5 L=2 W=10 nf=2 ad=1.45 as=2.9 pd=10.58 ps=21.16 nrd=0.029 nrs=0.029 sa=0
| + sb=0 sd=0 mult=1 m=1
| XM_TCP2 TS_CMP TC_D1 VIN VIN sky130_fd_pr__pfet_g5v0d10v5 L=2 W=10 nf=2 ad=1.45 as=2.9 pd=10.58 ps=21.16 nrd=0.029 nrs=0.029 sa=0
| + sb=0 sd=0 mult=1 m=1
| XM_TSHUT EA_OUT TS_CMP VIN VIN sky130_fd_pr__pfet_g5v0d10v5 L=0.5 W=20 nf=4 ad=2.9 as=4.35 pd=21.16 ps=31.74 nrd=0.0145 nrs=0.0145
| + sa=0 sb=0 sd=0 mult=1 m=1
| XM_TSHYSB TS_HYS BIASP VIN VIN sky130_fd_pr__pfet_g5v0d10v5 L=2 W=1.5 nf=1 ad=0.435 as=0.435 pd=3.58 ps=3.58 nrd=0.193333333333333
| + nrs=0.193333333333333 sa=0 sb=0 sd=0 mult=1 m=1
| XM_TSHYS TS_REF TS_CMP TS_HYS VIN sky130_fd_pr__pfet_g5v0d10v5 L=0.5 W=2 nf=1 ad=0.58 as=0.58 pd=4.58 ps=4.58 nrd=0.145 nrs=0.145
| + sa=0 sb=0 sd=0 mult=1 m=1
| XM_ENP4 TS_CMP EN VIN VIN sky130_fd_pr__pfet_g5v0d10v5 L=0.5 W=2 nf=1 ad=0.58 as=0.58 pd=4.58 ps=4.58 nrd=0.145 nrs=0.145 sa=0
| + sb=0 sd=0 mult=1 m=1
| C_TS VIN TS_CMP 1p m=1
| .ends
| 
| .control
| save all
| * --- leg 1: full cycle -- EN rises at t=100us, block regulates, EN falls at t=2ms ---
| tran 5u 4.5m
| meas tran vpre find v(vout) at=1.9m
| meas tran iq_avg avg i(vvin) from=3.5m to=4.5m
| meas tran iq_worst min i(vvin) from=3.5m to=4.5m
| meas tran vhold find v(vout) at=4m
| * --- leg 2: static disabled state, output free-floating ---
| op
| * --- leg 3: static disabled state, VOUT forced to 0 V (Vin->Vout leakage) ---
| alter rforce = 1m
| op
| * --- leg 4: static disabled state, VOUT held at the 1.8 V nominal output ---
| alter vforce = 1.8
| op
| let meas_iq_shutdown_static_ua = -1e6*op1.i(vvin)
| let meas_iq_shutdown_after_edge_ua = -1e6*tran1.iq_worst
| let meas_iq_shutdown_after_edge_mean_ua = -1e6*tran1.iq_avg
| let meas_leak_vin_vout_ua = 1e6*op2.i(vforce)
| let meas_vout_pre_disable_v = tran1.vpre
| let meas_vout_hold_2ms_v = tran1.vhold
| let meas_vout_disabled_static_v = op1.v(vout)
| let meas_ivout_held_1v8_ua = -1e6*op3.i(vforce)
| print meas_iq_shutdown_static_ua
| print meas_iq_shutdown_after_edge_ua
| print meas_iq_shutdown_after_edge_mean_ua
| print meas_leak_vin_vout_ua
| print meas_vout_pre_disable_v
| print meas_vout_hold_2ms_v
| print meas_vout_disabled_static_v
| print meas_ivout_held_1v8_ua
| quit
| .endc
| .end

# ==== ngspice stdout ====

Note: Compatibility modes selected: hs a


Circuit: * enable-shutdown corner deck -- generated by sim/bin/corner-run.py, do not edit

option SCALE: Scale is set to 1e-06 for instance and model parameters
option SCALE: Scale is set to 1e-06 for instance and model parameters
option SCALE: Scale is set to 1e-06 for instance and model parameters
option SCALE: Scale is set to 1e-06 for instance and model parameters
Doing analysis at TEMP = 125.000000 and TNOM = 27.000000

Using KLU as Direct Linear Solver
 Reference value :  0.00000e+00
 Reference value :  4.00000e-07
 Reference value :  3.20000e-06
 Reference value :  2.14000e-05
 Reference value :  3.64000e-05
 Reference value :  5.14000e-05
 Reference value :  7.14000e-05
 Reference value :  9.14000e-05
 Reference value :  1.00100e-04
 Reference value :  1.00300e-04
 Reference value :  1.00411e-04
 Reference value :  1.00515e-04
 Reference value :  1.00587e-04
 Reference value :  1.00657e-04
 Reference value :  1.00846e-04
 Reference value :  1.00923e-04
 Reference value :  1.01000e-04
 Reference value :  1.01039e-04
 Reference value :  1.01159e-04
 Reference value :  1.01307e-04
 Reference value :  1.01514e-04
 Reference value :  1.01826e-04
 Reference value :  1.02571e-04
 Reference value :  1.09827e-04
 Reference value :  1.19827e-04
 Reference value :  1.24827e-04
 Reference value :  1.34827e-04
 Reference value :  1.49827e-04
 Reference value :  1.69827e-04
 Reference value :  1.84827e-04
 Reference value :  1.99827e-04
 Reference value :  2.14827e-04
 Reference value :  2.29827e-04
 Reference value :  2.44827e-04
 Reference value :  2.59827e-04
 Reference value :  2.74827e-04
 Reference value :  2.89827e-04
 Reference value :  3.04827e-04
 Reference value :  3.19827e-04
 Reference value :  3.34827e-04
 Reference value :  3.49827e-04
 Reference value :  3.64827e-04
 Reference value :  3.79827e-04
 Reference value :  3.94827e-04
 Reference value :  4.09827e-04
 Reference value :  4.24827e-04
 Reference value :  4.39827e-04
 Reference value :  4.54827e-04
 Reference value :  4.69827e-04
 Reference value :  4.79827e-04
 Reference value :  4.89827e-04
 Reference value :  5.04827e-04
 Reference value :  5.19827e-04
 Reference value :  5.34827e-04
 Reference value :  5.54827e-04
 Reference value :  5.69827e-04
 Reference value :  5.84827e-04
 Reference value :  5.99827e-04
 Reference value :  6.19827e-04
 Reference value :  6.29827e-04
 Reference value :  6.44827e-04
 Reference value :  6.64827e-04
 Reference value :  6.79827e-04
 Reference value :  6.99827e-04
 Reference value :  7.14827e-04
 Reference value :  7.34827e-04
 Reference value :  7.49827e-04
 Reference value :  7.69827e-04
 Reference value :  7.89827e-04
 Reference value :  8.04827e-04
 Reference value :  8.24827e-04
 Reference value :  8.39827e-04
 Reference value :  8.54827e-04
 Reference value :  8.74827e-04
 Reference value :  8.89827e-04
 Reference value :  9.04827e-04
 Reference value :  9.24827e-04
 Reference value :  9.44827e-04
 Reference value :  9.64827e-04
 Reference value :  9.79827e-04
 Reference value :  9.94827e-04
 Reference value :  1.01483e-03
 Reference value :  1.02983e-03
 Reference value :  1.04483e-03
 Reference value :  1.06483e-03
 Reference value :  1.07983e-03
 Reference value :  1.09983e-03
 Reference value :  1.11483e-03
 Reference value :  1.13483e-03
 Reference value :  1.14983e-03
 Reference value :  1.16483e-03
 Reference value :  1.18483e-03
 Reference value :  1.19983e-03
 Reference value :  1.21483e-03
 Reference value :  1.22983e-03
 Reference value :  1.24483e-03
 Reference value :  1.26483e-03
 Reference value :  1.27983e-03
 Reference value :  1.29483e-03
 Reference value :  1.30983e-03
 Reference value :  1.32483e-03
 Reference value :  1.33983e-03
 Reference value :  1.35483e-03
 Reference value :  1.37483e-03
 Reference value :  1.38983e-03
 Reference value :  1.40483e-03
 Reference value :  1.41983e-03
 Reference value :  1.43483e-03
 Reference value :  1.45483e-03
 Reference value :  1.47483e-03
 Reference value :  1.48983e-03
 Reference value :  1.50483e-03
 Reference value :  1.51983e-03
 Reference value :  1.53983e-03
 Reference value :  1.55983e-03
 Reference value :  1.57983e-03
 Reference value :  1.59483e-03
 Reference value :  1.61483e-03
 Reference value :  1.62983e-03
 Reference value :  1.64483e-03
 Reference value :  1.66483e-03
 Reference value :  1.68483e-03
 Reference value :  1.70483e-03
 Reference value :  1.72483e-03
 Reference value :  1.73983e-03
 Reference value :  1.75483e-03
 Reference value :  1.76983e-03
 Reference value :  1.78983e-03
 Reference value :  1.80483e-03
 Reference value :  1.82983e-03
 Reference value :  1.84983e-03
 Reference value :  1.86983e-03
 Reference value :  1.88483e-03
 Reference value :  1.89983e-03
 Reference value :  1.91483e-03
 Reference value :  1.92983e-03
 Reference value :  1.94983e-03
 Reference value :  1.96483e-03
 Reference value :  1.97983e-03
 Reference value :  1.99741e-03
 Reference value :  2.00030e-03
 Reference value :  2.00041e-03
 Reference value :  2.00063e-03
 Reference value :  2.00071e-03
 Reference value :  2.00080e-03
 Reference value :  2.00083e-03
 Reference value :  2.00084e-03
 Reference value :  2.00087e-03
 Reference value :  2.00093e-03
 Reference value :  2.00102e-03
 Reference value :  2.00116e-03
 Reference value :  2.00224e-03
 Reference value :  2.00483e-03
 Reference value :  2.01756e-03
 Reference value :  2.03756e-03
 Reference value :  2.06256e-03
 Reference value :  2.08256e-03
 Reference value :  2.10256e-03
 Reference value :  2.12256e-03
 Reference value :  2.13756e-03
 Reference value :  2.15756e-03
 Reference value :  2.17756e-03
 Reference value :  2.19756e-03
 Reference value :  2.21256e-03
 Reference value :  2.23256e-03
 Reference value :  2.25256e-03
 Reference value :  2.27256e-03
 Reference value :  2.28756e-03
 Reference value :  2.30756e-03
 Reference value :  2.32256e-03
 Reference value :  2.34256e-03
 Reference value :  2.35756e-03
 Reference value :  2.37256e-03
 Reference value :  2.39256e-03
 Reference value :  2.41256e-03
 Reference value :  2.42756e-03
 Reference value :  2.44256e-03
 Reference value :  2.45756e-03
 Reference value :  2.47756e-03
 Reference value :  2.49256e-03
 Reference value :  2.50756e-03
 Reference value :  2.52256e-03
 Reference value :  2.53756e-03
 Reference value :  2.55756e-03
 Reference value :  2.57256e-03
 Reference value :  2.59256e-03
 Reference value :  2.60756e-03
 Reference value :  2.62756e-03
 Reference value :  2.64256e-03
 Reference value :  2.65756e-03
 Reference value :  2.67756e-03
 Reference value :  2.69756e-03
 Reference value :  2.71756e-03
 Reference value :  2.73756e-03
 Reference value :  2.75256e-03
 Reference value :  2.76756e-03
 Reference value :  2.78256e-03
 Reference value :  2.79756e-03
 Reference value :  2.81756e-03
 Reference value :  2.83756e-03
 Reference value :  2.85756e-03
 Reference value :  2.87756e-03
 Reference value :  2.89756e-03
 Reference value :  2.91756e-03
 Reference value :  2.93756e-03
 Reference value :  2.95756e-03
 Reference value :  2.97756e-03
 Reference value :  3.00756e-03
 Reference value :  3.03256e-03
 Reference value :  3.04756e-03
 Reference value :  3.06256e-03
 Reference value :  3.07756e-03
 Reference value :  3.09756e-03
 Reference value :  3.11756e-03
 Reference value :  3.13756e-03
 Reference value :  3.15756e-03
 Reference value :  3.17756e-03
 Reference value :  3.19756e-03
 Reference value :  3.21756e-03
 Reference value :  3.23256e-03
 Reference value :  3.24756e-03
 Reference value :  3.26756e-03
 Reference value :  3.28756e-03
 Reference value :  3.30256e-03
 Reference value :  3.32256e-03
 Reference value :  3.33756e-03
 Reference value :  3.35256e-03
 Reference value :  3.36756e-03
 Reference value :  3.38756e-03
 Reference value :  3.40256e-03
 Reference value :  3.42256e-03
 Reference value :  3.44256e-03
 Reference value :  3.45756e-03
 Reference value :  3.47756e-03
 Reference value :  3.49756e-03
 Reference value :  3.51756e-03
 Reference value :  3.53256e-03
 Reference value :  3.54756e-03
 Reference value :  3.56256e-03
 Reference value :  3.57756e-03
 Reference value :  3.59256e-03
 Reference value :  3.60756e-03
 Reference value :  3.62256e-03
 Reference value :  3.63756e-03
 Reference value :  3.65256e-03
 Reference value :  3.66756e-03
 Reference value :  3.68256e-03
 Reference value :  3.69756e-03
 Reference value :  3.71756e-03
 Reference value :  3.73256e-03
 Reference value :  3.74756e-03
 Reference value :  3.76256e-03
 Reference value :  3.77756e-03
 Reference value :  3.79256e-03
 Reference value :  3.80756e-03
 Reference value :  3.82756e-03
 Reference value :  3.84756e-03
 Reference value :  3.86756e-03
 Reference value :  3.88256e-03
 Reference value :  3.89756e-03
 Reference value :  3.91756e-03
 Reference value :  3.93256e-03
 Reference value :  3.95256e-03
 Reference value :  3.96756e-03
 Reference value :  3.98756e-03
 Reference value :  4.00756e-03
 Reference value :  4.02756e-03
 Reference value :  4.05256e-03
 Reference value :  4.07256e-03
 Reference value :  4.09256e-03
 Reference value :  4.11256e-03
 Reference value :  4.13756e-03
 Reference value :  4.15756e-03
 Reference value :  4.17756e-03
 Reference value :  4.19756e-03
 Reference value :  4.21256e-03
 Reference value :  4.23756e-03
 Reference value :  4.25756e-03
 Reference value :  4.27756e-03
 Reference value :  4.29256e-03
 Reference value :  4.30756e-03
 Reference value :  4.32756e-03
 Reference value :  4.34256e-03
 Reference value :  4.35756e-03
 Reference value :  4.37756e-03
 Reference value :  4.39256e-03
 Reference value :  4.41256e-03
 Reference value :  4.43256e-03
 Reference value :  4.45256e-03
 Reference value :  4.46756e-03
 Reference value :  4.48256e-03
 Reference value :  4.50000e-03
No. of Data Rows : 966
vpre                =  1.81924e+00
iq_avg              =  -4.25384e-09 from=  3.50000e-03 to=  4.50000e-03
iq_worst            =  -5.20811e-09 at=  3.50256e-03
vhold               =  1.81805e+00
Doing analysis at TEMP = 125.000000 and TNOM = 27.000000

Using KLU as Direct Linear Solver
 Reference value :  0.00000e+00
No. of Data Rows : 1
Doing analysis at TEMP = 125.000000 and TNOM = 27.000000

Using KLU as Direct Linear Solver
 Reference value :  0.00000e+00
No. of Data Rows : 1
Doing analysis at TEMP = 125.000000 and TNOM = 27.000000

Using KLU as Direct Linear Solver
 Reference value :  0.00000e+00
No. of Data Rows : 1
meas_iq_shutdown_static_ua = 6.676579e-03
meas_iq_shutdown_after_edge_ua = 5.208105e-03
meas_iq_shutdown_after_edge_mean_ua = 4.253836e-03
meas_leak_vin_vout_ua = 5.389656e-03
meas_vout_pre_disable_v = 1.819243e+00
meas_vout_hold_2ms_v = 1.818050e+00
meas_vout_disabled_static_v = 1.665570e-02
meas_ivout_held_1v8_ua = 5.741532e-01
ngspice-46 done

# ==== ngspice stderr ====
Note: Starting dynamic gmin stepping
Note: Dynamic gmin stepping completed
Note: Starting dynamic gmin stepping
Note: Dynamic gmin stepping completed
Note: Starting dynamic gmin stepping
Note: Dynamic gmin stepping completed
