# corner: ss_125c_3.30v
# process=ss temp=125C supply=3.30V
# ngspice exit: 0
# wall clock: 77.8s (--timeout was 300s)
# result: PASS

# ==== deck (exact input given to ngspice) ====
| * enable-shutdown corner deck -- generated by sim/bin/corner-run.py, do not edit
| * corner: ss_125c_3.30v
| .param vsup=3.3
| .option wnflag=1
| .temp 125
| .lib "/home/ubuntu/.volare/sky130A/libs.tech/combined/sky130.lib.spice" ss
| ** sch_path: sim/enable-shutdown/testbench/tb_enable_shutdown.sch
| **.subckt tb_enable_shutdown
| VVIN VIN 0 'vsup'
| .save i(vvin)
| VEN EN 0 dc 0 pwl(0 0 100u 0 101u 'vsup' 2m 'vsup' 2.001m 0 10 0)
| .save i(ven)
| VVREF VREF 0 1.2
| .save i(vvref)
| xldo VOUT VREF EN VIN ldo_3v3in_1v8out
| COUT VOUT VESR 1u m=1
| RESR VESR 0 10m m=1
| RLOAD VOUT 0 1e12 m=1
| RFORCE VOUT VF 1e12 m=1
| VFORCE VF 0 0
| .save i(vforce)
| **.ends
| 
| * expanding   symbol:  design/ldo_3v3in_1v8out.sym # of pins=4
| ** sym_path: design/ldo_3v3in_1v8out.sym
| ** sch_path: design/ldo_3v3in_1v8out.sch
| .subckt ldo_3v3in_1v8out VOUT VREF EN VIN
| *.ipin VIN
| *.ipin EN
| *.ipin VREF
| *.opin VOUT
| XR_BIAS VIN NB 0 sky130_fd_pr__res_high_po W=0.42 L=1500 mult=1 m=1
| XM_BIASN1 NB NB BIAS_ENN 0 sky130_fd_pr__nfet_g5v0d10v5 L=1 W=4 nf=1 ad=1.16 as=1.16 pd=8.58 ps=8.58 nrd=0.0725 nrs=0.0725 sa=0
| + sb=0 sd=0 mult=1 m=1
| XM_ENN BIAS_ENN EN 0 0 sky130_fd_pr__nfet_g5v0d10v5 L=0.5 W=10 nf=1 ad=2.9 as=2.9 pd=20.58 ps=20.58 nrd=0.029 nrs=0.029 sa=0 sb=0
| + sd=0 mult=1 m=1
| XM_BIASN2 BIASP NB BIAS_ENN 0 sky130_fd_pr__nfet_g5v0d10v5 L=1 W=4 nf=1 ad=1.16 as=1.16 pd=8.58 ps=8.58 nrd=0.0725 nrs=0.0725 sa=0
| + sb=0 sd=0 mult=1 m=1
| XM_BIASP1 BIASP BIASP VIN VIN sky130_fd_pr__pfet_g5v0d10v5 L=1 W=10 nf=2 ad=1.45 as=2.9 pd=10.58 ps=21.16 nrd=0.029 nrs=0.029 sa=0
| + sb=0 sd=0 mult=1 m=1
| XM_ENP2 BIASP EN VIN VIN sky130_fd_pr__pfet_g5v0d10v5 L=0.5 W=10 nf=1 ad=2.9 as=2.9 pd=20.58 ps=20.58 nrd=0.029 nrs=0.029 sa=0
| + sb=0 sd=0 mult=1 m=1
| XM_TAIL EA_TAIL BIASP VIN VIN sky130_fd_pr__pfet_g5v0d10v5 L=2 W=40 nf=8 ad=5.8 as=7.25 pd=42.32 ps=52.9 nrd=0.00725 nrs=0.00725
| + sa=0 sb=0 sd=0 mult=1 m=1
| XM_IN1 EA_D1 FB EA_TAIL VIN sky130_fd_pr__pfet_g5v0d10v5 L=2 W=10 nf=2 ad=1.45 as=2.9 pd=10.58 ps=21.16 nrd=0.029 nrs=0.029 sa=0
| + sb=0 sd=0 mult=1 m=1
| XM_IN2 EA_D2 VREF EA_TAIL VIN sky130_fd_pr__pfet_g5v0d10v5 L=2 W=10 nf=2 ad=1.45 as=2.9 pd=10.58 ps=21.16 nrd=0.029 nrs=0.029 sa=0
| + sb=0 sd=0 mult=1 m=1
| XM_MIR1 EA_D1 EA_D1 AMP_ENN 0 sky130_fd_pr__nfet_g5v0d10v5 L=4 W=10 nf=2 ad=1.45 as=2.9 pd=10.58 ps=21.16 nrd=0.029 nrs=0.029 sa=0
| + sb=0 sd=0 mult=1 m=1
| XM_MIR2 EA_OUT EA_D1 AMP_ENN 0 sky130_fd_pr__nfet_g5v0d10v5 L=4 W=10 nf=2 ad=1.45 as=2.9 pd=10.58 ps=21.16 nrd=0.029 nrs=0.029
| + sa=0 sb=0 sd=0 mult=1 m=1
| XM_ENN2 AMP_ENN EN 0 0 sky130_fd_pr__nfet_g5v0d10v5 L=0.5 W=10 nf=1 ad=2.9 as=2.9 pd=20.58 ps=20.58 nrd=0.029 nrs=0.029 sa=0 sb=0
| + sd=0 mult=1 m=1
| XM_ENP EA_OUT EN VIN VIN sky130_fd_pr__pfet_g5v0d10v5 L=0.5 W=10 nf=1 ad=2.9 as=2.9 pd=20.58 ps=20.58 nrd=0.029 nrs=0.029 sa=0
| + sb=0 sd=0 mult=1 m=1
| XM_MIR3 EA_D2 EA_D2 AMP_ENN 0 sky130_fd_pr__nfet_g5v0d10v5 L=4 W=10 nf=2 ad=1.45 as=2.9 pd=10.58 ps=21.16 nrd=0.029 nrs=0.029 sa=0
| + sb=0 sd=0 mult=1 m=1
| XM_MIR4 PB EA_D2 AMP_ENN 0 sky130_fd_pr__nfet_g5v0d10v5 L=4 W=10 nf=2 ad=1.45 as=2.9 pd=10.58 ps=21.16 nrd=0.029 nrs=0.029 sa=0
| + sb=0 sd=0 mult=1 m=1
| XM_MIRP1 PB PB VIN VIN sky130_fd_pr__pfet_g5v0d10v5 L=4 W=20 nf=4 ad=2.9 as=4.35 pd=21.16 ps=31.74 nrd=0.0145 nrs=0.0145 sa=0 sb=0
| + sd=0 mult=1 m=1
| XM_MIRP2 EA_OUT PB VIN VIN sky130_fd_pr__pfet_g5v0d10v5 L=4 W=20 nf=4 ad=2.9 as=4.35 pd=21.16 ps=31.74 nrd=0.0145 nrs=0.0145 sa=0
| + sb=0 sd=0 mult=1 m=1
| XM_ENP5 PB EN VIN VIN sky130_fd_pr__pfet_g5v0d10v5 L=0.5 W=2 nf=1 ad=0.58 as=0.58 pd=4.58 ps=4.58 nrd=0.145 nrs=0.145 sa=0 sb=0
| + sd=0 mult=1 m=1
| XM_PASS VOUT EA_OUT VIN VIN sky130_fd_pr__pfet_g5v0d10v5 L=0.5 W=100 nf=25 ad=15.08 as=15.08 pd=111.54 ps=111.54 nrd=0.0029
| + nrs=0.0029 sa=0 sb=0 sd=0 mult=25 m=25
| C_COMP VOUT EA_CZ 150p m=1
| XR_CZ EA_CZ EA_OUT 0 sky130_fd_pr__res_xhigh_po W=0.42 L=52 mult=1 m=1
| XR_FB_A VOUT FB 0 sky130_fd_pr__res_xhigh_po W=0.42 L=180 mult=1 m=1
| XR_FB_B FB N_FBB 0 sky130_fd_pr__res_xhigh_po W=0.42 L=180 mult=1 m=1
| XR_FB_C N_FBB 0 0 sky130_fd_pr__res_xhigh_po W=0.42 L=180 mult=1 m=1
| XM_SENSE CL_SNS EA_OUT VIN VIN sky130_fd_pr__pfet_g5v0d10v5 L=0.5 W=0.42 nf=1 ad=0.1218 as=0.1218 pd=1.42 ps=1.42
| + nrd=0.69047619047619 nrs=0.69047619047619 sa=0 sb=0 sd=0 mult=1 m=1
| XM_CLN1 CL_SNS CL_SNS AMP_ENN 0 sky130_fd_pr__nfet_g5v0d10v5 L=1 W=20 nf=1 ad=5.8 as=5.8 pd=40.58 ps=40.58 nrd=0.0145 nrs=0.0145
| + sa=0 sb=0 sd=0 mult=1 m=1
| XM_CLN2 CL_CMP CL_SNS AMP_ENN 0 sky130_fd_pr__nfet_g5v0d10v5 L=1 W=1.6 nf=1 ad=0.464 as=0.464 pd=3.78 ps=3.78 nrd=0.18125
| + nrs=0.18125 sa=0 sb=0 sd=0 mult=1 m=1
| XM_CLP CL_CMP BIASP VIN VIN sky130_fd_pr__pfet_g5v0d10v5 L=1 W=10 nf=2 ad=1.45 as=2.9 pd=10.58 ps=21.16 nrd=0.029 nrs=0.029 sa=0
| + sb=0 sd=0 mult=1 m=1
| XM_CLIM EA_OUT CL_CMP VIN VIN sky130_fd_pr__pfet_g5v0d10v5 L=0.5 W=20 nf=4 ad=2.9 as=4.35 pd=21.16 ps=31.74 nrd=0.0145 nrs=0.0145
| + sa=0 sb=0 sd=0 mult=1 m=1
| XM_ENP3 CL_CMP EN VIN VIN sky130_fd_pr__pfet_g5v0d10v5 L=0.5 W=2 nf=1 ad=0.58 as=0.58 pd=4.58 ps=4.58 nrd=0.145 nrs=0.145 sa=0
| + sb=0 sd=0 mult=1 m=1
| C_CL VIN CL_CMP 1p m=1
| XM_INVP ENB EN VIN VIN sky130_fd_pr__pfet_g5v0d10v5 L=0.5 W=2 nf=1 ad=0.58 as=0.58 pd=4.58 ps=4.58 nrd=0.145 nrs=0.145 sa=0 sb=0
| + sd=0 mult=1 m=1
| XM_INVN ENB EN 0 0 sky130_fd_pr__nfet_g5v0d10v5 L=0.5 W=1 nf=1 ad=0.29 as=0.29 pd=2.58 ps=2.58 nrd=0.29 nrs=0.29 sa=0 sb=0 sd=0
| + mult=1 m=1
| XM_SSDIS SS ENB 0 0 sky130_fd_pr__nfet_g5v0d10v5 L=0.5 W=2 nf=1 ad=0.58 as=0.58 pd=4.58 ps=4.58 nrd=0.145 nrs=0.145 sa=0 sb=0 sd=0
| + mult=1 m=1
| XM_SSCHG SS BIASP VIN VIN sky130_fd_pr__pfet_g5v0d10v5 L=8 W=1 nf=1 ad=0.29 as=0.29 pd=2.58 ps=2.58 nrd=0.29 nrs=0.29 sa=0 sb=0
| + sd=0 mult=1 m=1
| C_SS SS 0 10p m=1
| XM_IN2S EA_D2 SS EA_TAIL VIN sky130_fd_pr__pfet_g5v0d10v5 L=2 W=10 nf=2 ad=1.45 as=2.9 pd=10.58 ps=21.16 nrd=0.029 nrs=0.029 sa=0
| + sb=0 sd=0 mult=1 m=1
| XM_TSPS TS_SNS BIASP VIN VIN sky130_fd_pr__pfet_g5v0d10v5 L=1 W=2.5 nf=1 ad=0.725 as=0.725 pd=5.58 ps=5.58 nrd=0.116 nrs=0.116
| + sa=0 sb=0 sd=0 mult=1 m=1
| XM_TSD1 TS_SNS TS_SNS TS_MID 0 sky130_fd_pr__nfet_g5v0d10v5 L=1 W=80 nf=16 ad=11.6 as=13.05 pd=84.64 ps=95.22 nrd=0.003625
| + nrs=0.003625 sa=0 sb=0 sd=0 mult=1 m=1
| XM_TSD2 TS_MID TS_MID AMP_ENN 0 sky130_fd_pr__nfet_g5v0d10v5 L=1 W=80 nf=16 ad=11.6 as=13.05 pd=84.64 ps=95.22 nrd=0.003625
| + nrs=0.003625 sa=0 sb=0 sd=0 mult=1 m=1
| XM_TSPR TS_REF BIASP VIN VIN sky130_fd_pr__pfet_g5v0d10v5 L=1 W=2.5 nf=1 ad=0.725 as=0.725 pd=5.58 ps=5.58 nrd=0.116 nrs=0.116
| + sa=0 sb=0 sd=0 mult=1 m=1
| XM_TSR1 TS_REF TS_REF AMP_ENN 0 sky130_fd_pr__nfet_g5v0d10v5 L=10 W=2 nf=1 ad=0.58 as=0.58 pd=4.58 ps=4.58 nrd=0.145 nrs=0.145
| + sa=0 sb=0 sd=0 mult=1 m=1
| XM_TCTAIL TC_TAIL NB AMP_ENN 0 sky130_fd_pr__nfet_g5v0d10v5 L=1 W=1 nf=1 ad=0.29 as=0.29 pd=2.58 ps=2.58 nrd=0.29 nrs=0.29 sa=0
| + sb=0 sd=0 mult=1 m=1
| XM_TCN1 TC_D1 TS_SNS TC_TAIL 0 sky130_fd_pr__nfet_g5v0d10v5 L=2 W=10 nf=2 ad=1.45 as=2.9 pd=10.58 ps=21.16 nrd=0.029 nrs=0.029
| + sa=0 sb=0 sd=0 mult=1 m=1
| XM_TCN2 TS_CMP TS_REF TC_TAIL 0 sky130_fd_pr__nfet_g5v0d10v5 L=2 W=10 nf=2 ad=1.45 as=2.9 pd=10.58 ps=21.16 nrd=0.029 nrs=0.029
| + sa=0 sb=0 sd=0 mult=1 m=1
| XM_TCP1 TC_D1 TC_D1 VIN VIN sky130_fd_pr__pfet_g5v0d10v5 L=2 W=10 nf=2 ad=1.45 as=2.9 pd=10.58 ps=21.16 nrd=0.029 nrs=0.029 sa=0
| + sb=0 sd=0 mult=1 m=1
| XM_TCP2 TS_CMP TC_D1 VIN VIN sky130_fd_pr__pfet_g5v0d10v5 L=2 W=10 nf=2 ad=1.45 as=2.9 pd=10.58 ps=21.16 nrd=0.029 nrs=0.029 sa=0
| + sb=0 sd=0 mult=1 m=1
| XM_TSHUT EA_OUT TS_CMP VIN VIN sky130_fd_pr__pfet_g5v0d10v5 L=0.5 W=20 nf=4 ad=2.9 as=4.35 pd=21.16 ps=31.74 nrd=0.0145 nrs=0.0145
| + sa=0 sb=0 sd=0 mult=1 m=1
| XM_TSHYSB TS_HYS BIASP VIN VIN sky130_fd_pr__pfet_g5v0d10v5 L=2 W=1.5 nf=1 ad=0.435 as=0.435 pd=3.58 ps=3.58 nrd=0.193333333333333
| + nrs=0.193333333333333 sa=0 sb=0 sd=0 mult=1 m=1
| XM_TSHYS TS_REF TS_CMP TS_HYS VIN sky130_fd_pr__pfet_g5v0d10v5 L=0.5 W=2 nf=1 ad=0.58 as=0.58 pd=4.58 ps=4.58 nrd=0.145 nrs=0.145
| + sa=0 sb=0 sd=0 mult=1 m=1
| XM_ENP4 TS_CMP EN VIN VIN sky130_fd_pr__pfet_g5v0d10v5 L=0.5 W=2 nf=1 ad=0.58 as=0.58 pd=4.58 ps=4.58 nrd=0.145 nrs=0.145 sa=0
| + sb=0 sd=0 mult=1 m=1
| C_TS VIN TS_CMP 1p m=1
| .ends
| 
| .control
| save all
| * --- leg 1: full cycle -- EN rises at t=100us, block regulates, EN falls at t=2ms ---
| tran 5u 4.5m
| meas tran vpre find v(vout) at=1.9m
| meas tran iq_avg avg i(vvin) from=3.5m to=4.5m
| meas tran iq_worst min i(vvin) from=3.5m to=4.5m
| meas tran vhold find v(vout) at=4m
| * --- leg 2: static disabled state, output free-floating ---
| op
| * --- leg 3: static disabled state, VOUT forced to 0 V (Vin->Vout leakage) ---
| alter rforce = 1m
| op
| * --- leg 4: static disabled state, VOUT held at the 1.8 V nominal output ---
| alter vforce = 1.8
| op
| let meas_iq_shutdown_static_ua = -1e6*op1.i(vvin)
| let meas_iq_shutdown_after_edge_ua = -1e6*tran1.iq_worst
| let meas_iq_shutdown_after_edge_mean_ua = -1e6*tran1.iq_avg
| let meas_leak_vin_vout_ua = 1e6*op2.i(vforce)
| let meas_vout_pre_disable_v = tran1.vpre
| let meas_vout_hold_2ms_v = tran1.vhold
| let meas_vout_disabled_static_v = op1.v(vout)
| let meas_ivout_held_1v8_ua = -1e6*op3.i(vforce)
| print meas_iq_shutdown_static_ua
| print meas_iq_shutdown_after_edge_ua
| print meas_iq_shutdown_after_edge_mean_ua
| print meas_leak_vin_vout_ua
| print meas_vout_pre_disable_v
| print meas_vout_hold_2ms_v
| print meas_vout_disabled_static_v
| print meas_ivout_held_1v8_ua
| quit
| .endc
| .end

# ==== ngspice stdout ====

Note: Compatibility modes selected: hs a


Circuit: * enable-shutdown corner deck -- generated by sim/bin/corner-run.py, do not edit

option SCALE: Scale is set to 1e-06 for instance and model parameters
option SCALE: Scale is set to 1e-06 for instance and model parameters
option SCALE: Scale is set to 1e-06 for instance and model parameters
option SCALE: Scale is set to 1e-06 for instance and model parameters
Doing analysis at TEMP = 125.000000 and TNOM = 27.000000

Using KLU as Direct Linear Solver
 Reference value :  0.00000e+00
 Reference value :  4.00000e-07
 Reference value :  3.20000e-06
 Reference value :  1.64000e-05
 Reference value :  3.64000e-05
 Reference value :  5.14000e-05
 Reference value :  6.64000e-05
 Reference value :  8.64000e-05
 Reference value :  1.00100e-04
 Reference value :  1.00300e-04
 Reference value :  1.00411e-04
 Reference value :  1.00516e-04
 Reference value :  1.00587e-04
 Reference value :  1.00658e-04
 Reference value :  1.00853e-04
 Reference value :  1.00926e-04
 Reference value :  1.01000e-04
 Reference value :  1.01040e-04
 Reference value :  1.01167e-04
 Reference value :  1.01240e-04
 Reference value :  1.01412e-04
 Reference value :  1.01874e-04
 Reference value :  1.02641e-04
 Reference value :  1.06220e-04
 Reference value :  1.15238e-04
 Reference value :  1.25238e-04
 Reference value :  1.40238e-04
 Reference value :  1.55238e-04
 Reference value :  1.70238e-04
 Reference value :  1.85238e-04
 Reference value :  2.00238e-04
 Reference value :  2.15238e-04
 Reference value :  2.30238e-04
 Reference value :  2.50238e-04
 Reference value :  2.65238e-04
 Reference value :  2.80238e-04
 Reference value :  2.95238e-04
 Reference value :  3.10238e-04
 Reference value :  3.30238e-04
 Reference value :  3.45238e-04
 Reference value :  3.65238e-04
 Reference value :  3.80238e-04
 Reference value :  4.00238e-04
 Reference value :  4.15238e-04
 Reference value :  4.30238e-04
 Reference value :  4.45238e-04
 Reference value :  4.60238e-04
 Reference value :  4.80238e-04
 Reference value :  4.95238e-04
 Reference value :  5.10238e-04
 Reference value :  5.25238e-04
 Reference value :  5.40238e-04
 Reference value :  5.60238e-04
 Reference value :  5.80238e-04
 Reference value :  6.00238e-04
 Reference value :  6.20238e-04
 Reference value :  6.40238e-04
 Reference value :  6.55238e-04
 Reference value :  6.75238e-04
 Reference value :  6.95238e-04
 Reference value :  7.20238e-04
 Reference value :  7.40238e-04
 Reference value :  7.60238e-04
 Reference value :  7.80238e-04
 Reference value :  8.00238e-04
 Reference value :  8.20238e-04
 Reference value :  8.40238e-04
 Reference value :  8.60238e-04
 Reference value :  8.80238e-04
 Reference value :  9.00238e-04
 Reference value :  9.20238e-04
 Reference value :  9.40238e-04
 Reference value :  9.60238e-04
 Reference value :  9.80238e-04
 Reference value :  1.00024e-03
 Reference value :  1.02024e-03
 Reference value :  1.04024e-03
 Reference value :  1.06024e-03
 Reference value :  1.08024e-03
 Reference value :  1.10024e-03
 Reference value :  1.12024e-03
 Reference value :  1.14024e-03
 Reference value :  1.16024e-03
 Reference value :  1.18524e-03
 Reference value :  1.20524e-03
 Reference value :  1.23024e-03
 Reference value :  1.25524e-03
 Reference value :  1.27524e-03
 Reference value :  1.29524e-03
 Reference value :  1.31524e-03
 Reference value :  1.34024e-03
 Reference value :  1.36524e-03
 Reference value :  1.39024e-03
 Reference value :  1.41524e-03
 Reference value :  1.43524e-03
 Reference value :  1.45524e-03
 Reference value :  1.47024e-03
 Reference value :  1.48524e-03
 Reference value :  1.50024e-03
 Reference value :  1.51524e-03
 Reference value :  1.53024e-03
 Reference value :  1.55024e-03
 Reference value :  1.57024e-03
 Reference value :  1.58524e-03
 Reference value :  1.60524e-03
 Reference value :  1.62024e-03
 Reference value :  1.63524e-03
 Reference value :  1.65024e-03
 Reference value :  1.67024e-03
 Reference value :  1.69024e-03
 Reference value :  1.70524e-03
 Reference value :  1.72524e-03
 Reference value :  1.74524e-03
 Reference value :  1.76524e-03
 Reference value :  1.78524e-03
 Reference value :  1.80524e-03
 Reference value :  1.82524e-03
 Reference value :  1.84024e-03
 Reference value :  1.86024e-03
 Reference value :  1.88024e-03
 Reference value :  1.90024e-03
 Reference value :  1.92024e-03
 Reference value :  1.93524e-03
 Reference value :  1.95524e-03
 Reference value :  1.97024e-03
 Reference value :  1.98524e-03
 Reference value :  2.00000e-03
 Reference value :  2.00030e-03
 Reference value :  2.00041e-03
 Reference value :  2.00064e-03
 Reference value :  2.00073e-03
 Reference value :  2.00081e-03
 Reference value :  2.00084e-03
 Reference value :  2.00085e-03
 Reference value :  2.00089e-03
 Reference value :  2.00093e-03
 Reference value :  2.00100e-03
 Reference value :  2.00107e-03
 Reference value :  2.00162e-03
 Reference value :  2.00467e-03
 Reference value :  2.01197e-03
 Reference value :  2.02697e-03
 Reference value :  2.04697e-03
 Reference value :  2.07697e-03
 Reference value :  2.10697e-03
 Reference value :  2.13697e-03
 Reference value :  2.16197e-03
 Reference value :  2.19197e-03
 Reference value :  2.21697e-03
 Reference value :  2.24197e-03
 Reference value :  2.26697e-03
 Reference value :  2.29197e-03
 Reference value :  2.32197e-03
 Reference value :  2.34697e-03
 Reference value :  2.37697e-03
 Reference value :  2.40197e-03
 Reference value :  2.42197e-03
 Reference value :  2.44197e-03
 Reference value :  2.46197e-03
 Reference value :  2.47697e-03
 Reference value :  2.49197e-03
 Reference value :  2.50697e-03
 Reference value :  2.52697e-03
 Reference value :  2.54697e-03
 Reference value :  2.56697e-03
 Reference value :  2.58697e-03
 Reference value :  2.60697e-03
 Reference value :  2.62697e-03
 Reference value :  2.64697e-03
 Reference value :  2.66697e-03
 Reference value :  2.68697e-03
 Reference value :  2.70697e-03
 Reference value :  2.72697e-03
 Reference value :  2.75197e-03
 Reference value :  2.77197e-03
 Reference value :  2.79197e-03
 Reference value :  2.81197e-03
 Reference value :  2.83197e-03
 Reference value :  2.85197e-03
 Reference value :  2.87197e-03
 Reference value :  2.89197e-03
 Reference value :  2.90697e-03
 Reference value :  2.92197e-03
 Reference value :  2.93697e-03
 Reference value :  2.95197e-03
 Reference value :  2.97197e-03
 Reference value :  2.98697e-03
 Reference value :  3.00197e-03
 Reference value :  3.02197e-03
 Reference value :  3.04197e-03
 Reference value :  3.06197e-03
 Reference value :  3.07697e-03
 Reference value :  3.09197e-03
 Reference value :  3.11197e-03
 Reference value :  3.12697e-03
 Reference value :  3.14197e-03
 Reference value :  3.16197e-03
 Reference value :  3.17697e-03
 Reference value :  3.19197e-03
 Reference value :  3.20697e-03
 Reference value :  3.22697e-03
 Reference value :  3.24197e-03
 Reference value :  3.26197e-03
 Reference value :  3.28197e-03
 Reference value :  3.29697e-03
 Reference value :  3.31197e-03
 Reference value :  3.32697e-03
 Reference value :  3.34697e-03
 Reference value :  3.36697e-03
 Reference value :  3.38197e-03
 Reference value :  3.39697e-03
 Reference value :  3.41697e-03
 Reference value :  3.43697e-03
 Reference value :  3.45197e-03
 Reference value :  3.46697e-03
 Reference value :  3.48197e-03
 Reference value :  3.49697e-03
 Reference value :  3.51697e-03
 Reference value :  3.53697e-03
 Reference value :  3.55197e-03
 Reference value :  3.57197e-03
 Reference value :  3.58697e-03
 Reference value :  3.60697e-03
 Reference value :  3.62197e-03
 Reference value :  3.64197e-03
 Reference value :  3.66197e-03
 Reference value :  3.67697e-03
 Reference value :  3.69697e-03
 Reference value :  3.71197e-03
 Reference value :  3.72697e-03
 Reference value :  3.74197e-03
 Reference value :  3.75697e-03
 Reference value :  3.77197e-03
 Reference value :  3.79197e-03
 Reference value :  3.80697e-03
 Reference value :  3.82697e-03
 Reference value :  3.84697e-03
 Reference value :  3.86697e-03
 Reference value :  3.88197e-03
 Reference value :  3.89697e-03
 Reference value :  3.91697e-03
 Reference value :  3.93697e-03
 Reference value :  3.95697e-03
 Reference value :  3.97697e-03
 Reference value :  3.99697e-03
 Reference value :  4.01197e-03
 Reference value :  4.02697e-03
 Reference value :  4.04197e-03
 Reference value :  4.06197e-03
 Reference value :  4.08197e-03
 Reference value :  4.09697e-03
 Reference value :  4.11697e-03
 Reference value :  4.13697e-03
 Reference value :  4.15697e-03
 Reference value :  4.17697e-03
 Reference value :  4.19697e-03
 Reference value :  4.21697e-03
 Reference value :  4.23697e-03
 Reference value :  4.25697e-03
 Reference value :  4.27697e-03
 Reference value :  4.29697e-03
 Reference value :  4.31697e-03
 Reference value :  4.33697e-03
 Reference value :  4.35697e-03
 Reference value :  4.37197e-03
 Reference value :  4.39197e-03
 Reference value :  4.41197e-03
 Reference value :  4.43197e-03
 Reference value :  4.45197e-03
 Reference value :  4.47197e-03
 Reference value :  4.49197e-03
No. of Data Rows : 965
vpre                =  1.82008e+00
iq_avg              =  -3.83778e-09 from=  3.50000e-03 to=  4.50000e-03
iq_worst            =  -5.00848e-09 at=  3.50197e-03
vhold               =  1.81889e+00
Doing analysis at TEMP = 125.000000 and TNOM = 27.000000

Using KLU as Direct Linear Solver
 Reference value :  0.00000e+00
No. of Data Rows : 1
Doing analysis at TEMP = 125.000000 and TNOM = 27.000000

Using KLU as Direct Linear Solver
 Reference value :  0.00000e+00
No. of Data Rows : 1
Doing analysis at TEMP = 125.000000 and TNOM = 27.000000

Using KLU as Direct Linear Solver
 Reference value :  0.00000e+00
No. of Data Rows : 1
meas_iq_shutdown_static_ua = 5.717444e-03
meas_iq_shutdown_after_edge_ua = 5.008477e-03
meas_iq_shutdown_after_edge_mean_ua = 3.837783e-03
meas_leak_vin_vout_ua = 4.494920e-03
meas_vout_pre_disable_v = 1.820083e+00
meas_vout_hold_2ms_v = 1.818886e+00
meas_vout_disabled_static_v = 1.393911e-02
meas_ivout_held_1v8_ua = 5.744489e-01
ngspice-46 done

# ==== ngspice stderr ====
Note: Starting dynamic gmin stepping
Note: Dynamic gmin stepping completed
