# corner: ss_27c_3.63v
# process=ss temp=27C supply=3.63V
# ngspice exit: 0
# wall clock: 97.9s (--timeout was 300s)
# result: PASS

# ==== deck (exact input given to ngspice) ====
| * enable-shutdown corner deck -- generated by sim/bin/corner-run.py, do not edit
| * corner: ss_27c_3.63v
| .param vsup=3.63
| .option wnflag=1
| .temp 27
| .lib "/home/ubuntu/.volare/sky130A/libs.tech/combined/sky130.lib.spice" ss
| ** sch_path: sim/enable-shutdown/testbench/tb_enable_shutdown.sch
| **.subckt tb_enable_shutdown
| VVIN VIN 0 'vsup'
| .save i(vvin)
| VEN EN 0 dc 0 pwl(0 0 100u 0 101u 'vsup' 2m 'vsup' 2.001m 0 10 0)
| .save i(ven)
| VVREF VREF 0 1.2
| .save i(vvref)
| xldo VOUT VREF EN VIN ldo_3v3in_1v8out
| COUT VOUT VESR 1u m=1
| RESR VESR 0 10m m=1
| RLOAD VOUT 0 1e12 m=1
| RFORCE VOUT VF 1e12 m=1
| VFORCE VF 0 0
| .save i(vforce)
| **.ends
| 
| * expanding   symbol:  design/ldo_3v3in_1v8out.sym # of pins=4
| ** sym_path: design/ldo_3v3in_1v8out.sym
| ** sch_path: design/ldo_3v3in_1v8out.sch
| .subckt ldo_3v3in_1v8out VOUT VREF EN VIN
| *.ipin VIN
| *.ipin EN
| *.ipin VREF
| *.opin VOUT
| XR_BIAS VIN NB 0 sky130_fd_pr__res_high_po W=0.42 L=1500 mult=1 m=1
| XM_BIASN1 NB NB BIAS_ENN 0 sky130_fd_pr__nfet_g5v0d10v5 L=1 W=4 nf=1 ad=1.16 as=1.16 pd=8.58 ps=8.58 nrd=0.0725 nrs=0.0725 sa=0
| + sb=0 sd=0 mult=1 m=1
| XM_ENN BIAS_ENN EN 0 0 sky130_fd_pr__nfet_g5v0d10v5 L=0.5 W=10 nf=1 ad=2.9 as=2.9 pd=20.58 ps=20.58 nrd=0.029 nrs=0.029 sa=0 sb=0
| + sd=0 mult=1 m=1
| XM_BIASN2 BIASP NB BIAS_ENN 0 sky130_fd_pr__nfet_g5v0d10v5 L=1 W=4 nf=1 ad=1.16 as=1.16 pd=8.58 ps=8.58 nrd=0.0725 nrs=0.0725 sa=0
| + sb=0 sd=0 mult=1 m=1
| XM_BIASP1 BIASP BIASP VIN VIN sky130_fd_pr__pfet_g5v0d10v5 L=1 W=10 nf=2 ad=1.45 as=2.9 pd=10.58 ps=21.16 nrd=0.029 nrs=0.029 sa=0
| + sb=0 sd=0 mult=1 m=1
| XM_ENP2 BIASP EN VIN VIN sky130_fd_pr__pfet_g5v0d10v5 L=0.5 W=10 nf=1 ad=2.9 as=2.9 pd=20.58 ps=20.58 nrd=0.029 nrs=0.029 sa=0
| + sb=0 sd=0 mult=1 m=1
| XM_TAIL EA_TAIL BIASP VIN VIN sky130_fd_pr__pfet_g5v0d10v5 L=2 W=40 nf=8 ad=5.8 as=7.25 pd=42.32 ps=52.9 nrd=0.00725 nrs=0.00725
| + sa=0 sb=0 sd=0 mult=1 m=1
| XM_IN1 EA_D1 FB EA_TAIL VIN sky130_fd_pr__pfet_g5v0d10v5 L=2 W=10 nf=2 ad=1.45 as=2.9 pd=10.58 ps=21.16 nrd=0.029 nrs=0.029 sa=0
| + sb=0 sd=0 mult=1 m=1
| XM_IN2 EA_D2 VREF EA_TAIL VIN sky130_fd_pr__pfet_g5v0d10v5 L=2 W=10 nf=2 ad=1.45 as=2.9 pd=10.58 ps=21.16 nrd=0.029 nrs=0.029 sa=0
| + sb=0 sd=0 mult=1 m=1
| XM_MIR1 EA_D1 EA_D1 AMP_ENN 0 sky130_fd_pr__nfet_g5v0d10v5 L=4 W=10 nf=2 ad=1.45 as=2.9 pd=10.58 ps=21.16 nrd=0.029 nrs=0.029 sa=0
| + sb=0 sd=0 mult=1 m=1
| XM_MIR2 EA_OUT EA_D1 AMP_ENN 0 sky130_fd_pr__nfet_g5v0d10v5 L=4 W=10 nf=2 ad=1.45 as=2.9 pd=10.58 ps=21.16 nrd=0.029 nrs=0.029
| + sa=0 sb=0 sd=0 mult=1 m=1
| XM_ENN2 AMP_ENN EN 0 0 sky130_fd_pr__nfet_g5v0d10v5 L=0.5 W=10 nf=1 ad=2.9 as=2.9 pd=20.58 ps=20.58 nrd=0.029 nrs=0.029 sa=0 sb=0
| + sd=0 mult=1 m=1
| XM_ENP EA_OUT EN VIN VIN sky130_fd_pr__pfet_g5v0d10v5 L=0.5 W=10 nf=1 ad=2.9 as=2.9 pd=20.58 ps=20.58 nrd=0.029 nrs=0.029 sa=0
| + sb=0 sd=0 mult=1 m=1
| XM_MIR3 EA_D2 EA_D2 AMP_ENN 0 sky130_fd_pr__nfet_g5v0d10v5 L=4 W=10 nf=2 ad=1.45 as=2.9 pd=10.58 ps=21.16 nrd=0.029 nrs=0.029 sa=0
| + sb=0 sd=0 mult=1 m=1
| XM_MIR4 PB EA_D2 AMP_ENN 0 sky130_fd_pr__nfet_g5v0d10v5 L=4 W=10 nf=2 ad=1.45 as=2.9 pd=10.58 ps=21.16 nrd=0.029 nrs=0.029 sa=0
| + sb=0 sd=0 mult=1 m=1
| XM_MIRP1 PB PB VIN VIN sky130_fd_pr__pfet_g5v0d10v5 L=4 W=20 nf=4 ad=2.9 as=4.35 pd=21.16 ps=31.74 nrd=0.0145 nrs=0.0145 sa=0 sb=0
| + sd=0 mult=1 m=1
| XM_MIRP2 EA_OUT PB VIN VIN sky130_fd_pr__pfet_g5v0d10v5 L=4 W=20 nf=4 ad=2.9 as=4.35 pd=21.16 ps=31.74 nrd=0.0145 nrs=0.0145 sa=0
| + sb=0 sd=0 mult=1 m=1
| XM_ENP5 PB EN VIN VIN sky130_fd_pr__pfet_g5v0d10v5 L=0.5 W=2 nf=1 ad=0.58 as=0.58 pd=4.58 ps=4.58 nrd=0.145 nrs=0.145 sa=0 sb=0
| + sd=0 mult=1 m=1
| XM_PASS VOUT EA_OUT VIN VIN sky130_fd_pr__pfet_g5v0d10v5 L=0.5 W=100 nf=25 ad=15.08 as=15.08 pd=111.54 ps=111.54 nrd=0.0029
| + nrs=0.0029 sa=0 sb=0 sd=0 mult=25 m=25
| C_COMP VOUT EA_CZ 150p m=1
| XR_CZ EA_CZ EA_OUT 0 sky130_fd_pr__res_xhigh_po W=0.42 L=52 mult=1 m=1
| XR_FB_A VOUT FB 0 sky130_fd_pr__res_xhigh_po W=0.42 L=180 mult=1 m=1
| XR_FB_B FB N_FBB 0 sky130_fd_pr__res_xhigh_po W=0.42 L=180 mult=1 m=1
| XR_FB_C N_FBB 0 0 sky130_fd_pr__res_xhigh_po W=0.42 L=180 mult=1 m=1
| XM_SENSE CL_SNS EA_OUT VIN VIN sky130_fd_pr__pfet_g5v0d10v5 L=0.5 W=0.42 nf=1 ad=0.1218 as=0.1218 pd=1.42 ps=1.42
| + nrd=0.69047619047619 nrs=0.69047619047619 sa=0 sb=0 sd=0 mult=1 m=1
| XM_CLN1 CL_SNS CL_SNS AMP_ENN 0 sky130_fd_pr__nfet_g5v0d10v5 L=1 W=20 nf=1 ad=5.8 as=5.8 pd=40.58 ps=40.58 nrd=0.0145 nrs=0.0145
| + sa=0 sb=0 sd=0 mult=1 m=1
| XM_CLN2 CL_CMP CL_SNS AMP_ENN 0 sky130_fd_pr__nfet_g5v0d10v5 L=1 W=1.6 nf=1 ad=0.464 as=0.464 pd=3.78 ps=3.78 nrd=0.18125
| + nrs=0.18125 sa=0 sb=0 sd=0 mult=1 m=1
| XM_CLP CL_CMP BIASP VIN VIN sky130_fd_pr__pfet_g5v0d10v5 L=1 W=10 nf=2 ad=1.45 as=2.9 pd=10.58 ps=21.16 nrd=0.029 nrs=0.029 sa=0
| + sb=0 sd=0 mult=1 m=1
| XM_CLIM EA_OUT CL_CMP VIN VIN sky130_fd_pr__pfet_g5v0d10v5 L=0.5 W=20 nf=4 ad=2.9 as=4.35 pd=21.16 ps=31.74 nrd=0.0145 nrs=0.0145
| + sa=0 sb=0 sd=0 mult=1 m=1
| XM_ENP3 CL_CMP EN VIN VIN sky130_fd_pr__pfet_g5v0d10v5 L=0.5 W=2 nf=1 ad=0.58 as=0.58 pd=4.58 ps=4.58 nrd=0.145 nrs=0.145 sa=0
| + sb=0 sd=0 mult=1 m=1
| C_CL VIN CL_CMP 1p m=1
| XM_INVP ENB EN VIN VIN sky130_fd_pr__pfet_g5v0d10v5 L=0.5 W=2 nf=1 ad=0.58 as=0.58 pd=4.58 ps=4.58 nrd=0.145 nrs=0.145 sa=0 sb=0
| + sd=0 mult=1 m=1
| XM_INVN ENB EN 0 0 sky130_fd_pr__nfet_g5v0d10v5 L=0.5 W=1 nf=1 ad=0.29 as=0.29 pd=2.58 ps=2.58 nrd=0.29 nrs=0.29 sa=0 sb=0 sd=0
| + mult=1 m=1
| XM_SSDIS SS ENB 0 0 sky130_fd_pr__nfet_g5v0d10v5 L=0.5 W=2 nf=1 ad=0.58 as=0.58 pd=4.58 ps=4.58 nrd=0.145 nrs=0.145 sa=0 sb=0 sd=0
| + mult=1 m=1
| XM_SSCHG SS BIASP VIN VIN sky130_fd_pr__pfet_g5v0d10v5 L=8 W=1 nf=1 ad=0.29 as=0.29 pd=2.58 ps=2.58 nrd=0.29 nrs=0.29 sa=0 sb=0
| + sd=0 mult=1 m=1
| C_SS SS 0 10p m=1
| XM_IN2S EA_D2 SS EA_TAIL VIN sky130_fd_pr__pfet_g5v0d10v5 L=2 W=10 nf=2 ad=1.45 as=2.9 pd=10.58 ps=21.16 nrd=0.029 nrs=0.029 sa=0
| + sb=0 sd=0 mult=1 m=1
| XM_TSPS TS_SNS BIASP VIN VIN sky130_fd_pr__pfet_g5v0d10v5 L=1 W=2.5 nf=1 ad=0.725 as=0.725 pd=5.58 ps=5.58 nrd=0.116 nrs=0.116
| + sa=0 sb=0 sd=0 mult=1 m=1
| XM_TSD1 TS_SNS TS_SNS TS_MID 0 sky130_fd_pr__nfet_g5v0d10v5 L=1 W=80 nf=16 ad=11.6 as=13.05 pd=84.64 ps=95.22 nrd=0.003625
| + nrs=0.003625 sa=0 sb=0 sd=0 mult=1 m=1
| XM_TSD2 TS_MID TS_MID AMP_ENN 0 sky130_fd_pr__nfet_g5v0d10v5 L=1 W=80 nf=16 ad=11.6 as=13.05 pd=84.64 ps=95.22 nrd=0.003625
| + nrs=0.003625 sa=0 sb=0 sd=0 mult=1 m=1
| XM_TSPR TS_REF BIASP VIN VIN sky130_fd_pr__pfet_g5v0d10v5 L=1 W=2.5 nf=1 ad=0.725 as=0.725 pd=5.58 ps=5.58 nrd=0.116 nrs=0.116
| + sa=0 sb=0 sd=0 mult=1 m=1
| XM_TSR1 TS_REF TS_REF AMP_ENN 0 sky130_fd_pr__nfet_g5v0d10v5 L=10 W=2 nf=1 ad=0.58 as=0.58 pd=4.58 ps=4.58 nrd=0.145 nrs=0.145
| + sa=0 sb=0 sd=0 mult=1 m=1
| XM_TCTAIL TC_TAIL NB AMP_ENN 0 sky130_fd_pr__nfet_g5v0d10v5 L=1 W=1 nf=1 ad=0.29 as=0.29 pd=2.58 ps=2.58 nrd=0.29 nrs=0.29 sa=0
| + sb=0 sd=0 mult=1 m=1
| XM_TCN1 TC_D1 TS_SNS TC_TAIL 0 sky130_fd_pr__nfet_g5v0d10v5 L=2 W=10 nf=2 ad=1.45 as=2.9 pd=10.58 ps=21.16 nrd=0.029 nrs=0.029
| + sa=0 sb=0 sd=0 mult=1 m=1
| XM_TCN2 TS_CMP TS_REF TC_TAIL 0 sky130_fd_pr__nfet_g5v0d10v5 L=2 W=10 nf=2 ad=1.45 as=2.9 pd=10.58 ps=21.16 nrd=0.029 nrs=0.029
| + sa=0 sb=0 sd=0 mult=1 m=1
| XM_TCP1 TC_D1 TC_D1 VIN VIN sky130_fd_pr__pfet_g5v0d10v5 L=2 W=10 nf=2 ad=1.45 as=2.9 pd=10.58 ps=21.16 nrd=0.029 nrs=0.029 sa=0
| + sb=0 sd=0 mult=1 m=1
| XM_TCP2 TS_CMP TC_D1 VIN VIN sky130_fd_pr__pfet_g5v0d10v5 L=2 W=10 nf=2 ad=1.45 as=2.9 pd=10.58 ps=21.16 nrd=0.029 nrs=0.029 sa=0
| + sb=0 sd=0 mult=1 m=1
| XM_TSHUT EA_OUT TS_CMP VIN VIN sky130_fd_pr__pfet_g5v0d10v5 L=0.5 W=20 nf=4 ad=2.9 as=4.35 pd=21.16 ps=31.74 nrd=0.0145 nrs=0.0145
| + sa=0 sb=0 sd=0 mult=1 m=1
| XM_TSHYSB TS_HYS BIASP VIN VIN sky130_fd_pr__pfet_g5v0d10v5 L=2 W=1.5 nf=1 ad=0.435 as=0.435 pd=3.58 ps=3.58 nrd=0.193333333333333
| + nrs=0.193333333333333 sa=0 sb=0 sd=0 mult=1 m=1
| XM_TSHYS TS_REF TS_CMP TS_HYS VIN sky130_fd_pr__pfet_g5v0d10v5 L=0.5 W=2 nf=1 ad=0.58 as=0.58 pd=4.58 ps=4.58 nrd=0.145 nrs=0.145
| + sa=0 sb=0 sd=0 mult=1 m=1
| XM_ENP4 TS_CMP EN VIN VIN sky130_fd_pr__pfet_g5v0d10v5 L=0.5 W=2 nf=1 ad=0.58 as=0.58 pd=4.58 ps=4.58 nrd=0.145 nrs=0.145 sa=0
| + sb=0 sd=0 mult=1 m=1
| C_TS VIN TS_CMP 1p m=1
| .ends
| 
| .control
| save all
| * --- leg 1: full cycle -- EN rises at t=100us, block regulates, EN falls at t=2ms ---
| tran 5u 4.5m
| meas tran vpre find v(vout) at=1.9m
| meas tran iq_avg avg i(vvin) from=3.5m to=4.5m
| meas tran iq_worst min i(vvin) from=3.5m to=4.5m
| meas tran vhold find v(vout) at=4m
| * --- leg 2: static disabled state, output free-floating ---
| op
| * --- leg 3: static disabled state, VOUT forced to 0 V (Vin->Vout leakage) ---
| alter rforce = 1m
| op
| * --- leg 4: static disabled state, VOUT held at the 1.8 V nominal output ---
| alter vforce = 1.8
| op
| let meas_iq_shutdown_static_ua = -1e6*op1.i(vvin)
| let meas_iq_shutdown_after_edge_ua = -1e6*tran1.iq_worst
| let meas_iq_shutdown_after_edge_mean_ua = -1e6*tran1.iq_avg
| let meas_leak_vin_vout_ua = 1e6*op2.i(vforce)
| let meas_vout_pre_disable_v = tran1.vpre
| let meas_vout_hold_2ms_v = tran1.vhold
| let meas_vout_disabled_static_v = op1.v(vout)
| let meas_ivout_held_1v8_ua = -1e6*op3.i(vforce)
| print meas_iq_shutdown_static_ua
| print meas_iq_shutdown_after_edge_ua
| print meas_iq_shutdown_after_edge_mean_ua
| print meas_leak_vin_vout_ua
| print meas_vout_pre_disable_v
| print meas_vout_hold_2ms_v
| print meas_vout_disabled_static_v
| print meas_ivout_held_1v8_ua
| quit
| .endc
| .end

# ==== ngspice stdout ====

Note: Compatibility modes selected: hs a


Circuit: * enable-shutdown corner deck -- generated by sim/bin/corner-run.py, do not edit

option SCALE: Scale is set to 1e-06 for instance and model parameters
option SCALE: Scale is set to 1e-06 for instance and model parameters
option SCALE: Scale is set to 1e-06 for instance and model parameters
option SCALE: Scale is set to 1e-06 for instance and model parameters
Doing analysis at TEMP = 27.000000 and TNOM = 27.000000

Using KLU as Direct Linear Solver
 Reference value :  0.00000e+00
 Reference value :  4.00000e-07
 Reference value :  6.40000e-06
 Reference value :  2.64000e-05
 Reference value :  4.64000e-05
 Reference value :  6.14000e-05
 Reference value :  7.64000e-05
 Reference value :  9.57000e-05
 Reference value :  1.00300e-04
 Reference value :  1.00410e-04
 Reference value :  1.00492e-04
 Reference value :  1.00556e-04
 Reference value :  1.00689e-04
 Reference value :  1.00772e-04
 Reference value :  1.00781e-04
 Reference value :  1.00816e-04
 Reference value :  1.00827e-04
 Reference value :  1.00850e-04
 Reference value :  1.00863e-04
 Reference value :  1.00901e-04
 Reference value :  1.00950e-04
 Reference value :  1.01005e-04
 Reference value :  1.01075e-04
 Reference value :  1.01574e-04
 Reference value :  1.05719e-04
 Reference value :  1.15087e-04
 Reference value :  1.20087e-04
 Reference value :  1.30087e-04
 Reference value :  1.40087e-04
 Reference value :  1.55087e-04
 Reference value :  1.75087e-04
 Reference value :  1.95087e-04
 Reference value :  2.15087e-04
 Reference value :  2.30087e-04
 Reference value :  2.50087e-04
 Reference value :  2.70087e-04
 Reference value :  2.90087e-04
 Reference value :  3.10087e-04
 Reference value :  3.30087e-04
 Reference value :  3.50087e-04
 Reference value :  3.70087e-04
 Reference value :  3.85087e-04
 Reference value :  4.05087e-04
 Reference value :  4.25087e-04
 Reference value :  4.45087e-04
 Reference value :  4.65087e-04
 Reference value :  4.85087e-04
 Reference value :  5.05087e-04
 Reference value :  5.20087e-04
 Reference value :  5.40087e-04
 Reference value :  5.55087e-04
 Reference value :  5.75087e-04
 Reference value :  5.95087e-04
 Reference value :  6.10087e-04
 Reference value :  6.35087e-04
 Reference value :  6.55087e-04
 Reference value :  6.70087e-04
 Reference value :  6.90087e-04
 Reference value :  7.05087e-04
 Reference value :  7.20087e-04
 Reference value :  7.35087e-04
 Reference value :  7.50087e-04
 Reference value :  7.65087e-04
 Reference value :  7.85087e-04
 Reference value :  8.00087e-04
 Reference value :  8.20087e-04
 Reference value :  8.40087e-04
 Reference value :  8.60087e-04
 Reference value :  8.75087e-04
 Reference value :  8.90087e-04
 Reference value :  9.05087e-04
 Reference value :  9.25087e-04
 Reference value :  9.40087e-04
 Reference value :  9.55087e-04
 Reference value :  9.75087e-04
 Reference value :  9.95087e-04
 Reference value :  1.01509e-03
 Reference value :  1.03509e-03
 Reference value :  1.05509e-03
 Reference value :  1.07509e-03
 Reference value :  1.09509e-03
 Reference value :  1.11509e-03
 Reference value :  1.13509e-03
 Reference value :  1.15509e-03
 Reference value :  1.17009e-03
 Reference value :  1.18509e-03
 Reference value :  1.20009e-03
 Reference value :  1.22009e-03
 Reference value :  1.24009e-03
 Reference value :  1.26009e-03
 Reference value :  1.28009e-03
 Reference value :  1.30009e-03
 Reference value :  1.32009e-03
 Reference value :  1.34009e-03
 Reference value :  1.36009e-03
 Reference value :  1.38009e-03
 Reference value :  1.40009e-03
 Reference value :  1.42009e-03
 Reference value :  1.44009e-03
 Reference value :  1.46009e-03
 Reference value :  1.48009e-03
 Reference value :  1.50009e-03
 Reference value :  1.52009e-03
 Reference value :  1.53509e-03
 Reference value :  1.55009e-03
 Reference value :  1.57009e-03
 Reference value :  1.58509e-03
 Reference value :  1.60509e-03
 Reference value :  1.62509e-03
 Reference value :  1.64509e-03
 Reference value :  1.66509e-03
 Reference value :  1.68509e-03
 Reference value :  1.70509e-03
 Reference value :  1.72009e-03
 Reference value :  1.74009e-03
 Reference value :  1.75509e-03
 Reference value :  1.77009e-03
 Reference value :  1.79009e-03
 Reference value :  1.80509e-03
 Reference value :  1.82509e-03
 Reference value :  1.84509e-03
 Reference value :  1.86509e-03
 Reference value :  1.88509e-03
 Reference value :  1.90009e-03
 Reference value :  1.92009e-03
 Reference value :  1.94009e-03
 Reference value :  1.96009e-03
 Reference value :  1.98009e-03
 Reference value :  2.00000e-03
 Reference value :  2.00030e-03
 Reference value :  2.00041e-03
 Reference value :  2.00051e-03
 Reference value :  2.00059e-03
 Reference value :  2.00066e-03
 Reference value :  2.00068e-03
 Reference value :  2.00069e-03
 Reference value :  2.00069e-03
 Reference value :  2.00071e-03
 Reference value :  2.00075e-03
 Reference value :  2.00080e-03
 Reference value :  2.00086e-03
 Reference value :  2.00095e-03
 Reference value :  2.00101e-03
 Reference value :  2.00113e-03
 Reference value :  2.00208e-03
 Reference value :  2.00786e-03
 Reference value :  2.02786e-03
 Reference value :  2.04786e-03
 Reference value :  2.06786e-03
 Reference value :  2.08786e-03
 Reference value :  2.10786e-03
 Reference value :  2.12786e-03
 Reference value :  2.14286e-03
 Reference value :  2.15786e-03
 Reference value :  2.17786e-03
 Reference value :  2.19286e-03
 Reference value :  2.20786e-03
 Reference value :  2.22286e-03
 Reference value :  2.24286e-03
 Reference value :  2.26286e-03
 Reference value :  2.27786e-03
 Reference value :  2.29786e-03
 Reference value :  2.31286e-03
 Reference value :  2.33286e-03
 Reference value :  2.35286e-03
 Reference value :  2.37286e-03
 Reference value :  2.39286e-03
 Reference value :  2.41286e-03
 Reference value :  2.43286e-03
 Reference value :  2.45286e-03
 Reference value :  2.47286e-03
 Reference value :  2.49286e-03
 Reference value :  2.50786e-03
 Reference value :  2.52786e-03
 Reference value :  2.54786e-03
 Reference value :  2.56786e-03
 Reference value :  2.58286e-03
 Reference value :  2.60286e-03
 Reference value :  2.61786e-03
 Reference value :  2.63286e-03
 Reference value :  2.64786e-03
 Reference value :  2.66786e-03
 Reference value :  2.68786e-03
 Reference value :  2.70786e-03
 Reference value :  2.72286e-03
 Reference value :  2.74286e-03
 Reference value :  2.75786e-03
 Reference value :  2.77786e-03
 Reference value :  2.79786e-03
 Reference value :  2.81286e-03
 Reference value :  2.83286e-03
 Reference value :  2.85286e-03
 Reference value :  2.87286e-03
 Reference value :  2.89286e-03
 Reference value :  2.90786e-03
 Reference value :  2.92286e-03
 Reference value :  2.93786e-03
 Reference value :  2.95786e-03
 Reference value :  2.97786e-03
 Reference value :  2.99786e-03
 Reference value :  3.01286e-03
 Reference value :  3.02786e-03
 Reference value :  3.04786e-03
 Reference value :  3.06786e-03
 Reference value :  3.08786e-03
 Reference value :  3.10786e-03
 Reference value :  3.12286e-03
 Reference value :  3.13786e-03
 Reference value :  3.15286e-03
 Reference value :  3.16786e-03
 Reference value :  3.18286e-03
 Reference value :  3.19786e-03
 Reference value :  3.21286e-03
 Reference value :  3.23286e-03
 Reference value :  3.24786e-03
 Reference value :  3.26286e-03
 Reference value :  3.27786e-03
 Reference value :  3.29786e-03
 Reference value :  3.31786e-03
 Reference value :  3.33786e-03
 Reference value :  3.35286e-03
 Reference value :  3.36786e-03
 Reference value :  3.38786e-03
 Reference value :  3.40286e-03
 Reference value :  3.42286e-03
 Reference value :  3.43786e-03
 Reference value :  3.45786e-03
 Reference value :  3.47286e-03
 Reference value :  3.49286e-03
 Reference value :  3.51286e-03
 Reference value :  3.53286e-03
 Reference value :  3.54786e-03
 Reference value :  3.56786e-03
 Reference value :  3.58786e-03
 Reference value :  3.60786e-03
 Reference value :  3.62286e-03
 Reference value :  3.64286e-03
 Reference value :  3.65786e-03
 Reference value :  3.67286e-03
 Reference value :  3.68786e-03
 Reference value :  3.70786e-03
 Reference value :  3.72786e-03
 Reference value :  3.74786e-03
 Reference value :  3.76786e-03
 Reference value :  3.78786e-03
 Reference value :  3.80786e-03
 Reference value :  3.82286e-03
 Reference value :  3.84286e-03
 Reference value :  3.85786e-03
 Reference value :  3.87786e-03
 Reference value :  3.89786e-03
 Reference value :  3.91286e-03
 Reference value :  3.93786e-03
 Reference value :  3.95786e-03
 Reference value :  3.97286e-03
 Reference value :  3.99286e-03
 Reference value :  4.01286e-03
 Reference value :  4.03286e-03
 Reference value :  4.05286e-03
 Reference value :  4.07286e-03
 Reference value :  4.09286e-03
 Reference value :  4.11286e-03
 Reference value :  4.13286e-03
 Reference value :  4.14786e-03
 Reference value :  4.16786e-03
 Reference value :  4.18786e-03
 Reference value :  4.20786e-03
 Reference value :  4.22286e-03
 Reference value :  4.24786e-03
 Reference value :  4.27286e-03
 Reference value :  4.29786e-03
 Reference value :  4.32286e-03
 Reference value :  4.34286e-03
 Reference value :  4.36286e-03
 Reference value :  4.38286e-03
 Reference value :  4.40286e-03
 Reference value :  4.42286e-03
 Reference value :  4.43786e-03
 Reference value :  4.45286e-03
 Reference value :  4.46786e-03
 Reference value :  4.48786e-03
 Reference value :  4.50000e-03
No. of Data Rows : 970
vpre                =  1.81194e+00
iq_avg              =  -2.11948e-10 from=  3.50000e-03 to=  4.50000e-03
iq_worst            =  -5.93955e-10 at=  3.50286e-03
vhold               =  1.81074e+00
Doing analysis at TEMP = 27.000000 and TNOM = 27.000000

Using KLU as Direct Linear Solver
 Reference value :  0.00000e+00
No. of Data Rows : 1
Doing analysis at TEMP = 27.000000 and TNOM = 27.000000

Using KLU as Direct Linear Solver
 Reference value :  0.00000e+00
No. of Data Rows : 1
Doing analysis at TEMP = 27.000000 and TNOM = 27.000000

Using KLU as Direct Linear Solver
 Reference value :  0.00000e+00
No. of Data Rows : 1
meas_iq_shutdown_static_ua = 1.719805e-04
meas_iq_shutdown_after_edge_ua = 5.939553e-04
meas_iq_shutdown_after_edge_mean_ua = 2.119477e-04
meas_leak_vin_vout_ua = 9.291167e-05
meas_vout_pre_disable_v = 1.811936e+00
meas_vout_hold_2ms_v = 1.810740e+00
meas_vout_disabled_static_v = 2.900717e-04
meas_ivout_held_1v8_ua = 5.766363e-01
ngspice-46 done

# ==== ngspice stderr ====
Note: Starting dynamic gmin stepping
Warning: Dynamic gmin stepping failed
Note: Starting true gmin stepping
Note: True gmin stepping completed
Note: Starting dynamic gmin stepping
Warning: Dynamic gmin stepping failed
Note: Starting true gmin stepping
Note: True gmin stepping completed
Note: Starting dynamic gmin stepping
Warning: Dynamic gmin stepping failed
Note: Starting true gmin stepping
Note: True gmin stepping completed
Note: Starting dynamic gmin stepping
Warning: Dynamic gmin stepping failed
Note: Starting true gmin stepping
Note: True gmin stepping completed
