# corner: tt_-40c_3.30v
# process=tt temp=-40C supply=3.30V
# ngspice exit: 0
# wall clock: 122.4s (--timeout was 300s)
# result: PASS

# ==== deck (exact input given to ngspice) ====
| * enable-shutdown corner deck -- generated by sim/bin/corner-run.py, do not edit
| * corner: tt_-40c_3.30v
| .param vsup=3.3
| .option wnflag=1
| .temp -40
| .lib "/home/ubuntu/.volare/sky130A/libs.tech/combined/sky130.lib.spice" tt
| ** sch_path: sim/enable-shutdown/testbench/tb_enable_shutdown.sch
| **.subckt tb_enable_shutdown
| VVIN VIN 0 'vsup'
| .save i(vvin)
| VEN EN 0 dc 0 pwl(0 0 100u 0 101u 'vsup' 2m 'vsup' 2.001m 0 10 0)
| .save i(ven)
| VVREF VREF 0 1.2
| .save i(vvref)
| xldo VOUT VREF EN VIN ldo_3v3in_1v8out
| COUT VOUT VESR 1u m=1
| RESR VESR 0 10m m=1
| RLOAD VOUT 0 1e12 m=1
| RFORCE VOUT VF 1e12 m=1
| VFORCE VF 0 0
| .save i(vforce)
| **.ends
| 
| * expanding   symbol:  design/ldo_3v3in_1v8out.sym # of pins=4
| ** sym_path: design/ldo_3v3in_1v8out.sym
| ** sch_path: design/ldo_3v3in_1v8out.sch
| .subckt ldo_3v3in_1v8out VOUT VREF EN VIN
| *.ipin VIN
| *.ipin EN
| *.ipin VREF
| *.opin VOUT
| XR_BIAS VIN NB 0 sky130_fd_pr__res_high_po W=0.42 L=1500 mult=1 m=1
| XM_BIASN1 NB NB BIAS_ENN 0 sky130_fd_pr__nfet_g5v0d10v5 L=1 W=4 nf=1 ad=1.16 as=1.16 pd=8.58 ps=8.58 nrd=0.0725 nrs=0.0725 sa=0
| + sb=0 sd=0 mult=1 m=1
| XM_ENN BIAS_ENN EN 0 0 sky130_fd_pr__nfet_g5v0d10v5 L=0.5 W=10 nf=1 ad=2.9 as=2.9 pd=20.58 ps=20.58 nrd=0.029 nrs=0.029 sa=0 sb=0
| + sd=0 mult=1 m=1
| XM_BIASN2 BIASP NB BIAS_ENN 0 sky130_fd_pr__nfet_g5v0d10v5 L=1 W=4 nf=1 ad=1.16 as=1.16 pd=8.58 ps=8.58 nrd=0.0725 nrs=0.0725 sa=0
| + sb=0 sd=0 mult=1 m=1
| XM_BIASP1 BIASP BIASP VIN VIN sky130_fd_pr__pfet_g5v0d10v5 L=1 W=10 nf=2 ad=1.45 as=2.9 pd=10.58 ps=21.16 nrd=0.029 nrs=0.029 sa=0
| + sb=0 sd=0 mult=1 m=1
| XM_ENP2 BIASP EN VIN VIN sky130_fd_pr__pfet_g5v0d10v5 L=0.5 W=10 nf=1 ad=2.9 as=2.9 pd=20.58 ps=20.58 nrd=0.029 nrs=0.029 sa=0
| + sb=0 sd=0 mult=1 m=1
| XM_TAIL EA_TAIL BIASP VIN VIN sky130_fd_pr__pfet_g5v0d10v5 L=2 W=40 nf=8 ad=5.8 as=7.25 pd=42.32 ps=52.9 nrd=0.00725 nrs=0.00725
| + sa=0 sb=0 sd=0 mult=1 m=1
| XM_IN1 EA_D1 FB EA_TAIL VIN sky130_fd_pr__pfet_g5v0d10v5 L=2 W=10 nf=2 ad=1.45 as=2.9 pd=10.58 ps=21.16 nrd=0.029 nrs=0.029 sa=0
| + sb=0 sd=0 mult=1 m=1
| XM_IN2 EA_D2 VREF EA_TAIL VIN sky130_fd_pr__pfet_g5v0d10v5 L=2 W=10 nf=2 ad=1.45 as=2.9 pd=10.58 ps=21.16 nrd=0.029 nrs=0.029 sa=0
| + sb=0 sd=0 mult=1 m=1
| XM_MIR1 EA_D1 EA_D1 AMP_ENN 0 sky130_fd_pr__nfet_g5v0d10v5 L=4 W=10 nf=2 ad=1.45 as=2.9 pd=10.58 ps=21.16 nrd=0.029 nrs=0.029 sa=0
| + sb=0 sd=0 mult=1 m=1
| XM_MIR2 EA_OUT EA_D1 AMP_ENN 0 sky130_fd_pr__nfet_g5v0d10v5 L=4 W=10 nf=2 ad=1.45 as=2.9 pd=10.58 ps=21.16 nrd=0.029 nrs=0.029
| + sa=0 sb=0 sd=0 mult=1 m=1
| XM_ENN2 AMP_ENN EN 0 0 sky130_fd_pr__nfet_g5v0d10v5 L=0.5 W=10 nf=1 ad=2.9 as=2.9 pd=20.58 ps=20.58 nrd=0.029 nrs=0.029 sa=0 sb=0
| + sd=0 mult=1 m=1
| XM_ENP EA_OUT EN VIN VIN sky130_fd_pr__pfet_g5v0d10v5 L=0.5 W=10 nf=1 ad=2.9 as=2.9 pd=20.58 ps=20.58 nrd=0.029 nrs=0.029 sa=0
| + sb=0 sd=0 mult=1 m=1
| XM_MIR3 EA_D2 EA_D2 AMP_ENN 0 sky130_fd_pr__nfet_g5v0d10v5 L=4 W=10 nf=2 ad=1.45 as=2.9 pd=10.58 ps=21.16 nrd=0.029 nrs=0.029 sa=0
| + sb=0 sd=0 mult=1 m=1
| XM_MIR4 PB EA_D2 AMP_ENN 0 sky130_fd_pr__nfet_g5v0d10v5 L=4 W=10 nf=2 ad=1.45 as=2.9 pd=10.58 ps=21.16 nrd=0.029 nrs=0.029 sa=0
| + sb=0 sd=0 mult=1 m=1
| XM_MIRP1 PB PB VIN VIN sky130_fd_pr__pfet_g5v0d10v5 L=4 W=20 nf=4 ad=2.9 as=4.35 pd=21.16 ps=31.74 nrd=0.0145 nrs=0.0145 sa=0 sb=0
| + sd=0 mult=1 m=1
| XM_MIRP2 EA_OUT PB VIN VIN sky130_fd_pr__pfet_g5v0d10v5 L=4 W=20 nf=4 ad=2.9 as=4.35 pd=21.16 ps=31.74 nrd=0.0145 nrs=0.0145 sa=0
| + sb=0 sd=0 mult=1 m=1
| XM_ENP5 PB EN VIN VIN sky130_fd_pr__pfet_g5v0d10v5 L=0.5 W=2 nf=1 ad=0.58 as=0.58 pd=4.58 ps=4.58 nrd=0.145 nrs=0.145 sa=0 sb=0
| + sd=0 mult=1 m=1
| XM_PASS VOUT EA_OUT VIN VIN sky130_fd_pr__pfet_g5v0d10v5 L=0.5 W=100 nf=25 ad=15.08 as=15.08 pd=111.54 ps=111.54 nrd=0.0029
| + nrs=0.0029 sa=0 sb=0 sd=0 mult=25 m=25
| C_COMP VOUT EA_CZ 150p m=1
| XR_CZ EA_CZ EA_OUT 0 sky130_fd_pr__res_xhigh_po W=0.42 L=52 mult=1 m=1
| XR_FB_A VOUT FB 0 sky130_fd_pr__res_xhigh_po W=0.42 L=180 mult=1 m=1
| XR_FB_B FB N_FBB 0 sky130_fd_pr__res_xhigh_po W=0.42 L=180 mult=1 m=1
| XR_FB_C N_FBB 0 0 sky130_fd_pr__res_xhigh_po W=0.42 L=180 mult=1 m=1
| XM_SENSE CL_SNS EA_OUT VIN VIN sky130_fd_pr__pfet_g5v0d10v5 L=0.5 W=0.42 nf=1 ad=0.1218 as=0.1218 pd=1.42 ps=1.42
| + nrd=0.69047619047619 nrs=0.69047619047619 sa=0 sb=0 sd=0 mult=1 m=1
| XM_CLN1 CL_SNS CL_SNS AMP_ENN 0 sky130_fd_pr__nfet_g5v0d10v5 L=1 W=20 nf=1 ad=5.8 as=5.8 pd=40.58 ps=40.58 nrd=0.0145 nrs=0.0145
| + sa=0 sb=0 sd=0 mult=1 m=1
| XM_CLN2 CL_CMP CL_SNS AMP_ENN 0 sky130_fd_pr__nfet_g5v0d10v5 L=1 W=1.6 nf=1 ad=0.464 as=0.464 pd=3.78 ps=3.78 nrd=0.18125
| + nrs=0.18125 sa=0 sb=0 sd=0 mult=1 m=1
| XM_CLP CL_CMP BIASP VIN VIN sky130_fd_pr__pfet_g5v0d10v5 L=1 W=10 nf=2 ad=1.45 as=2.9 pd=10.58 ps=21.16 nrd=0.029 nrs=0.029 sa=0
| + sb=0 sd=0 mult=1 m=1
| XM_CLIM EA_OUT CL_CMP VIN VIN sky130_fd_pr__pfet_g5v0d10v5 L=0.5 W=20 nf=4 ad=2.9 as=4.35 pd=21.16 ps=31.74 nrd=0.0145 nrs=0.0145
| + sa=0 sb=0 sd=0 mult=1 m=1
| XM_ENP3 CL_CMP EN VIN VIN sky130_fd_pr__pfet_g5v0d10v5 L=0.5 W=2 nf=1 ad=0.58 as=0.58 pd=4.58 ps=4.58 nrd=0.145 nrs=0.145 sa=0
| + sb=0 sd=0 mult=1 m=1
| C_CL VIN CL_CMP 1p m=1
| XM_INVP ENB EN VIN VIN sky130_fd_pr__pfet_g5v0d10v5 L=0.5 W=2 nf=1 ad=0.58 as=0.58 pd=4.58 ps=4.58 nrd=0.145 nrs=0.145 sa=0 sb=0
| + sd=0 mult=1 m=1
| XM_INVN ENB EN 0 0 sky130_fd_pr__nfet_g5v0d10v5 L=0.5 W=1 nf=1 ad=0.29 as=0.29 pd=2.58 ps=2.58 nrd=0.29 nrs=0.29 sa=0 sb=0 sd=0
| + mult=1 m=1
| XM_SSDIS SS ENB 0 0 sky130_fd_pr__nfet_g5v0d10v5 L=0.5 W=2 nf=1 ad=0.58 as=0.58 pd=4.58 ps=4.58 nrd=0.145 nrs=0.145 sa=0 sb=0 sd=0
| + mult=1 m=1
| XM_SSCHG SS BIASP VIN VIN sky130_fd_pr__pfet_g5v0d10v5 L=8 W=1 nf=1 ad=0.29 as=0.29 pd=2.58 ps=2.58 nrd=0.29 nrs=0.29 sa=0 sb=0
| + sd=0 mult=1 m=1
| C_SS SS 0 10p m=1
| XM_IN2S EA_D2 SS EA_TAIL VIN sky130_fd_pr__pfet_g5v0d10v5 L=2 W=10 nf=2 ad=1.45 as=2.9 pd=10.58 ps=21.16 nrd=0.029 nrs=0.029 sa=0
| + sb=0 sd=0 mult=1 m=1
| XM_TSPS TS_SNS BIASP VIN VIN sky130_fd_pr__pfet_g5v0d10v5 L=1 W=2.5 nf=1 ad=0.725 as=0.725 pd=5.58 ps=5.58 nrd=0.116 nrs=0.116
| + sa=0 sb=0 sd=0 mult=1 m=1
| XM_TSD1 TS_SNS TS_SNS TS_MID 0 sky130_fd_pr__nfet_g5v0d10v5 L=1 W=80 nf=16 ad=11.6 as=13.05 pd=84.64 ps=95.22 nrd=0.003625
| + nrs=0.003625 sa=0 sb=0 sd=0 mult=1 m=1
| XM_TSD2 TS_MID TS_MID AMP_ENN 0 sky130_fd_pr__nfet_g5v0d10v5 L=1 W=80 nf=16 ad=11.6 as=13.05 pd=84.64 ps=95.22 nrd=0.003625
| + nrs=0.003625 sa=0 sb=0 sd=0 mult=1 m=1
| XM_TSPR TS_REF BIASP VIN VIN sky130_fd_pr__pfet_g5v0d10v5 L=1 W=2.5 nf=1 ad=0.725 as=0.725 pd=5.58 ps=5.58 nrd=0.116 nrs=0.116
| + sa=0 sb=0 sd=0 mult=1 m=1
| XM_TSR1 TS_REF TS_REF AMP_ENN 0 sky130_fd_pr__nfet_g5v0d10v5 L=10 W=2 nf=1 ad=0.58 as=0.58 pd=4.58 ps=4.58 nrd=0.145 nrs=0.145
| + sa=0 sb=0 sd=0 mult=1 m=1
| XM_TCTAIL TC_TAIL NB AMP_ENN 0 sky130_fd_pr__nfet_g5v0d10v5 L=1 W=1 nf=1 ad=0.29 as=0.29 pd=2.58 ps=2.58 nrd=0.29 nrs=0.29 sa=0
| + sb=0 sd=0 mult=1 m=1
| XM_TCN1 TC_D1 TS_SNS TC_TAIL 0 sky130_fd_pr__nfet_g5v0d10v5 L=2 W=10 nf=2 ad=1.45 as=2.9 pd=10.58 ps=21.16 nrd=0.029 nrs=0.029
| + sa=0 sb=0 sd=0 mult=1 m=1
| XM_TCN2 TS_CMP TS_REF TC_TAIL 0 sky130_fd_pr__nfet_g5v0d10v5 L=2 W=10 nf=2 ad=1.45 as=2.9 pd=10.58 ps=21.16 nrd=0.029 nrs=0.029
| + sa=0 sb=0 sd=0 mult=1 m=1
| XM_TCP1 TC_D1 TC_D1 VIN VIN sky130_fd_pr__pfet_g5v0d10v5 L=2 W=10 nf=2 ad=1.45 as=2.9 pd=10.58 ps=21.16 nrd=0.029 nrs=0.029 sa=0
| + sb=0 sd=0 mult=1 m=1
| XM_TCP2 TS_CMP TC_D1 VIN VIN sky130_fd_pr__pfet_g5v0d10v5 L=2 W=10 nf=2 ad=1.45 as=2.9 pd=10.58 ps=21.16 nrd=0.029 nrs=0.029 sa=0
| + sb=0 sd=0 mult=1 m=1
| XM_TSHUT EA_OUT TS_CMP VIN VIN sky130_fd_pr__pfet_g5v0d10v5 L=0.5 W=20 nf=4 ad=2.9 as=4.35 pd=21.16 ps=31.74 nrd=0.0145 nrs=0.0145
| + sa=0 sb=0 sd=0 mult=1 m=1
| XM_TSHYSB TS_HYS BIASP VIN VIN sky130_fd_pr__pfet_g5v0d10v5 L=2 W=1.5 nf=1 ad=0.435 as=0.435 pd=3.58 ps=3.58 nrd=0.193333333333333
| + nrs=0.193333333333333 sa=0 sb=0 sd=0 mult=1 m=1
| XM_TSHYS TS_REF TS_CMP TS_HYS VIN sky130_fd_pr__pfet_g5v0d10v5 L=0.5 W=2 nf=1 ad=0.58 as=0.58 pd=4.58 ps=4.58 nrd=0.145 nrs=0.145
| + sa=0 sb=0 sd=0 mult=1 m=1
| XM_ENP4 TS_CMP EN VIN VIN sky130_fd_pr__pfet_g5v0d10v5 L=0.5 W=2 nf=1 ad=0.58 as=0.58 pd=4.58 ps=4.58 nrd=0.145 nrs=0.145 sa=0
| + sb=0 sd=0 mult=1 m=1
| C_TS VIN TS_CMP 1p m=1
| .ends
| 
| .control
| save all
| * --- leg 1: full cycle -- EN rises at t=100us, block regulates, EN falls at t=2ms ---
| tran 5u 4.5m
| meas tran vpre find v(vout) at=1.9m
| meas tran iq_avg avg i(vvin) from=3.5m to=4.5m
| meas tran iq_worst min i(vvin) from=3.5m to=4.5m
| meas tran vhold find v(vout) at=4m
| * --- leg 2: static disabled state, output free-floating ---
| op
| * --- leg 3: static disabled state, VOUT forced to 0 V (Vin->Vout leakage) ---
| alter rforce = 1m
| op
| * --- leg 4: static disabled state, VOUT held at the 1.8 V nominal output ---
| alter vforce = 1.8
| op
| let meas_iq_shutdown_static_ua = -1e6*op1.i(vvin)
| let meas_iq_shutdown_after_edge_ua = -1e6*tran1.iq_worst
| let meas_iq_shutdown_after_edge_mean_ua = -1e6*tran1.iq_avg
| let meas_leak_vin_vout_ua = 1e6*op2.i(vforce)
| let meas_vout_pre_disable_v = tran1.vpre
| let meas_vout_hold_2ms_v = tran1.vhold
| let meas_vout_disabled_static_v = op1.v(vout)
| let meas_ivout_held_1v8_ua = -1e6*op3.i(vforce)
| print meas_iq_shutdown_static_ua
| print meas_iq_shutdown_after_edge_ua
| print meas_iq_shutdown_after_edge_mean_ua
| print meas_leak_vin_vout_ua
| print meas_vout_pre_disable_v
| print meas_vout_hold_2ms_v
| print meas_vout_disabled_static_v
| print meas_ivout_held_1v8_ua
| quit
| .endc
| .end

# ==== ngspice stdout ====

Note: Compatibility modes selected: hs a


Circuit: * enable-shutdown corner deck -- generated by sim/bin/corner-run.py, do not edit

option SCALE: Scale is set to 1e-06 for instance and model parameters
option SCALE: Scale is set to 1e-06 for instance and model parameters
option SCALE: Scale is set to 1e-06 for instance and model parameters
option SCALE: Scale is set to 1e-06 for instance and model parameters
Doing analysis at TEMP = -40.000000 and TNOM = 27.000000

Using KLU as Direct Linear Solver
 Reference value :  0.00000e+00
 Reference value :  2.00000e-07
 Reference value :  3.20000e-06
 Reference value :  2.14000e-05
 Reference value :  3.64000e-05
 Reference value :  5.14000e-05
 Reference value :  7.14000e-05
 Reference value :  8.64000e-05
 Reference value :  1.00100e-04
 Reference value :  1.00300e-04
 Reference value :  1.00411e-04
 Reference value :  1.00493e-04
 Reference value :  1.00558e-04
 Reference value :  1.00680e-04
 Reference value :  1.00786e-04
 Reference value :  1.00818e-04
 Reference value :  1.00872e-04
 Reference value :  1.00923e-04
 Reference value :  1.00975e-04
 Reference value :  1.01003e-04
 Reference value :  1.01041e-04
 Reference value :  1.01153e-04
 Reference value :  1.01576e-04
 Reference value :  1.03793e-04
 Reference value :  1.16075e-04
 Reference value :  1.21075e-04
 Reference value :  1.31075e-04
 Reference value :  1.41075e-04
 Reference value :  1.56075e-04
 Reference value :  1.66075e-04
 Reference value :  1.76075e-04
 Reference value :  1.91075e-04
 Reference value :  2.01075e-04
 Reference value :  2.11075e-04
 Reference value :  2.26075e-04
 Reference value :  2.36075e-04
 Reference value :  2.51075e-04
 Reference value :  2.66075e-04
 Reference value :  2.76075e-04
 Reference value :  2.91075e-04
 Reference value :  3.01075e-04
 Reference value :  3.16075e-04
 Reference value :  3.31075e-04
 Reference value :  3.46075e-04
 Reference value :  3.61075e-04
 Reference value :  3.71075e-04
 Reference value :  3.86075e-04
 Reference value :  4.01075e-04
 Reference value :  4.16075e-04
 Reference value :  4.26075e-04
 Reference value :  4.36075e-04
 Reference value :  4.46075e-04
 Reference value :  4.61075e-04
 Reference value :  4.71075e-04
 Reference value :  4.81075e-04
 Reference value :  4.91075e-04
 Reference value :  5.01075e-04
 Reference value :  5.11075e-04
 Reference value :  5.21075e-04
 Reference value :  5.36075e-04
 Reference value :  5.46075e-04
 Reference value :  5.56075e-04
 Reference value :  5.71075e-04
 Reference value :  5.86075e-04
 Reference value :  6.01075e-04
 Reference value :  6.11075e-04
 Reference value :  6.21075e-04
 Reference value :  6.41075e-04
 Reference value :  6.61075e-04
 Reference value :  6.81075e-04
 Reference value :  7.01075e-04
 Reference value :  7.16075e-04
 Reference value :  7.36075e-04
 Reference value :  7.51075e-04
 Reference value :  7.71075e-04
 Reference value :  7.91075e-04
 Reference value :  8.06075e-04
 Reference value :  8.26075e-04
 Reference value :  8.41075e-04
 Reference value :  8.61075e-04
 Reference value :  8.81075e-04
 Reference value :  8.96075e-04
 Reference value :  9.11075e-04
 Reference value :  9.31075e-04
 Reference value :  9.46075e-04
 Reference value :  9.66075e-04
 Reference value :  9.86075e-04
 Reference value :  1.00608e-03
 Reference value :  1.02608e-03
 Reference value :  1.04108e-03
 Reference value :  1.05608e-03
 Reference value :  1.07108e-03
 Reference value :  1.08608e-03
 Reference value :  1.10108e-03
 Reference value :  1.11608e-03
 Reference value :  1.13608e-03
 Reference value :  1.15608e-03
 Reference value :  1.17108e-03
 Reference value :  1.18608e-03
 Reference value :  1.20608e-03
 Reference value :  1.22108e-03
 Reference value :  1.23608e-03
 Reference value :  1.25108e-03
 Reference value :  1.26608e-03
 Reference value :  1.28108e-03
 Reference value :  1.29608e-03
 Reference value :  1.31608e-03
 Reference value :  1.33108e-03
 Reference value :  1.35108e-03
 Reference value :  1.36608e-03
 Reference value :  1.38108e-03
 Reference value :  1.40108e-03
 Reference value :  1.42108e-03
 Reference value :  1.43608e-03
 Reference value :  1.45608e-03
 Reference value :  1.47108e-03
 Reference value :  1.48608e-03
 Reference value :  1.50108e-03
 Reference value :  1.51608e-03
 Reference value :  1.53608e-03
 Reference value :  1.55108e-03
 Reference value :  1.57108e-03
 Reference value :  1.58608e-03
 Reference value :  1.60608e-03
 Reference value :  1.62608e-03
 Reference value :  1.64608e-03
 Reference value :  1.66608e-03
 Reference value :  1.68608e-03
 Reference value :  1.70608e-03
 Reference value :  1.72108e-03
 Reference value :  1.73608e-03
 Reference value :  1.75608e-03
 Reference value :  1.77608e-03
 Reference value :  1.80108e-03
 Reference value :  1.81608e-03
 Reference value :  1.83608e-03
 Reference value :  1.85108e-03
 Reference value :  1.86608e-03
 Reference value :  1.88608e-03
 Reference value :  1.90108e-03
 Reference value :  1.91608e-03
 Reference value :  1.93108e-03
 Reference value :  1.95108e-03
 Reference value :  1.97608e-03
 Reference value :  1.99554e-03
 Reference value :  2.00030e-03
 Reference value :  2.00050e-03
 Reference value :  2.00064e-03
 Reference value :  2.00075e-03
 Reference value :  2.00084e-03
 Reference value :  2.00091e-03
 Reference value :  2.00094e-03
 Reference value :  2.00095e-03
 Reference value :  2.00096e-03
 Reference value :  2.00097e-03
 Reference value :  2.00100e-03
 Reference value :  2.00101e-03
 Reference value :  2.00107e-03
 Reference value :  2.00153e-03
 Reference value :  2.00528e-03
 Reference value :  2.02457e-03
 Reference value :  2.03957e-03
 Reference value :  2.05957e-03
 Reference value :  2.07957e-03
 Reference value :  2.09457e-03
 Reference value :  2.11457e-03
 Reference value :  2.12957e-03
 Reference value :  2.14957e-03
 Reference value :  2.16957e-03
 Reference value :  2.18457e-03
 Reference value :  2.20457e-03
 Reference value :  2.22457e-03
 Reference value :  2.24457e-03
 Reference value :  2.25957e-03
 Reference value :  2.27457e-03
 Reference value :  2.28957e-03
 Reference value :  2.30457e-03
 Reference value :  2.32457e-03
 Reference value :  2.34957e-03
 Reference value :  2.37457e-03
 Reference value :  2.39457e-03
 Reference value :  2.41457e-03
 Reference value :  2.43457e-03
 Reference value :  2.44957e-03
 Reference value :  2.46457e-03
 Reference value :  2.48457e-03
 Reference value :  2.49957e-03
 Reference value :  2.51957e-03
 Reference value :  2.53957e-03
 Reference value :  2.55957e-03
 Reference value :  2.57457e-03
 Reference value :  2.59457e-03
 Reference value :  2.61457e-03
 Reference value :  2.63457e-03
 Reference value :  2.64957e-03
 Reference value :  2.66957e-03
 Reference value :  2.68957e-03
 Reference value :  2.71957e-03
 Reference value :  2.73957e-03
 Reference value :  2.75957e-03
 Reference value :  2.77957e-03
 Reference value :  2.79957e-03
 Reference value :  2.81957e-03
 Reference value :  2.83457e-03
 Reference value :  2.84957e-03
 Reference value :  2.86957e-03
 Reference value :  2.88957e-03
 Reference value :  2.90957e-03
 Reference value :  2.92957e-03
 Reference value :  2.94957e-03
 Reference value :  2.96457e-03
 Reference value :  2.97957e-03
 Reference value :  2.99957e-03
 Reference value :  3.01957e-03
 Reference value :  3.03957e-03
 Reference value :  3.05957e-03
 Reference value :  3.07957e-03
 Reference value :  3.09957e-03
 Reference value :  3.11457e-03
 Reference value :  3.13457e-03
 Reference value :  3.15457e-03
 Reference value :  3.16957e-03
 Reference value :  3.18957e-03
 Reference value :  3.20457e-03
 Reference value :  3.22457e-03
 Reference value :  3.24457e-03
 Reference value :  3.25957e-03
 Reference value :  3.27457e-03
 Reference value :  3.28957e-03
 Reference value :  3.30957e-03
 Reference value :  3.32457e-03
 Reference value :  3.34457e-03
 Reference value :  3.36457e-03
 Reference value :  3.38957e-03
 Reference value :  3.40957e-03
 Reference value :  3.42957e-03
 Reference value :  3.44957e-03
 Reference value :  3.47457e-03
 Reference value :  3.49457e-03
 Reference value :  3.51457e-03
 Reference value :  3.53457e-03
 Reference value :  3.54957e-03
 Reference value :  3.56457e-03
 Reference value :  3.58457e-03
 Reference value :  3.60457e-03
 Reference value :  3.62457e-03
 Reference value :  3.63957e-03
 Reference value :  3.65957e-03
 Reference value :  3.67457e-03
 Reference value :  3.69457e-03
 Reference value :  3.71457e-03
 Reference value :  3.73457e-03
 Reference value :  3.74957e-03
 Reference value :  3.76957e-03
 Reference value :  3.78957e-03
 Reference value :  3.80957e-03
 Reference value :  3.82957e-03
 Reference value :  3.84957e-03
 Reference value :  3.86457e-03
 Reference value :  3.88457e-03
 Reference value :  3.89957e-03
 Reference value :  3.91957e-03
 Reference value :  3.93957e-03
 Reference value :  3.95957e-03
 Reference value :  3.97457e-03
 Reference value :  3.98957e-03
 Reference value :  4.00957e-03
 Reference value :  4.02457e-03
 Reference value :  4.04457e-03
 Reference value :  4.06457e-03
 Reference value :  4.08457e-03
 Reference value :  4.09957e-03
 Reference value :  4.11957e-03
 Reference value :  4.13457e-03
 Reference value :  4.14957e-03
 Reference value :  4.16957e-03
 Reference value :  4.18457e-03
 Reference value :  4.20457e-03
 Reference value :  4.22957e-03
 Reference value :  4.24957e-03
 Reference value :  4.26957e-03
 Reference value :  4.28957e-03
 Reference value :  4.30957e-03
 Reference value :  4.32957e-03
 Reference value :  4.34957e-03
 Reference value :  4.36957e-03
 Reference value :  4.38457e-03
 Reference value :  4.39957e-03
 Reference value :  4.41957e-03
 Reference value :  4.43957e-03
 Reference value :  4.45957e-03
 Reference value :  4.47457e-03
 Reference value :  4.49457e-03
No. of Data Rows : 964
vpre                =  1.80883e+00
iq_avg              =  -1.85257e-10 from=  3.50000e-03 to=  4.50000e-03
iq_worst            =  -1.73316e-09 at=  4.49728e-03
vhold               =  1.80764e+00
Doing analysis at TEMP = -40.000000 and TNOM = 27.000000

Using KLU as Direct Linear Solver
 Reference value :  0.00000e+00
No. of Data Rows : 1
Doing analysis at TEMP = -40.000000 and TNOM = 27.000000

Using KLU as Direct Linear Solver
 Reference value :  0.00000e+00
No. of Data Rows : 1
Doing analysis at TEMP = -40.000000 and TNOM = 27.000000

Using KLU as Direct Linear Solver
 Reference value :  0.00000e+00
No. of Data Rows : 1
meas_iq_shutdown_static_ua = 1.458050e-04
meas_iq_shutdown_after_edge_ua = 1.733159e-03
meas_iq_shutdown_after_edge_mean_ua = 1.852575e-04
meas_leak_vin_vout_ua = 8.250205e-05
meas_vout_pre_disable_v = 1.808831e+00
meas_vout_hold_2ms_v = 1.807637e+00
meas_vout_disabled_static_v = 2.575732e-04
meas_ivout_held_1v8_ua = 5.766485e-01
ngspice-46 done

# ==== ngspice stderr ====
Note: Starting dynamic gmin stepping
Note: Dynamic gmin stepping completed
Note: Starting dynamic gmin stepping
Note: Dynamic gmin stepping completed
Note: Starting dynamic gmin stepping
Note: Dynamic gmin stepping completed
Note: Starting dynamic gmin stepping
Note: Dynamic gmin stepping completed
