# corner: tt_-40c_2.97v
# process=tt temp=-40C supply=2.97V
# ngspice exit: 0
# wall clock: 55.7s (--timeout was 300s)
# result: PASS

# ==== deck (exact input given to ngspice) ====
| * enable-shutdown corner deck -- generated by sim/bin/corner-run.py, do not edit
| * corner: tt_-40c_2.97v
| .param vsup=2.97
| .option wnflag=1
| .temp -40
| .lib "/home/ubuntu/.volare/sky130A/libs.tech/combined/sky130.lib.spice" tt
| ** sch_path: sim/enable-shutdown/testbench/tb_enable_shutdown.sch
| **.subckt tb_enable_shutdown
| VVIN VIN 0 'vsup'
| .save i(vvin)
| VEN EN 0 dc 0 pwl(0 0 100u 0 101u 'vsup' 2m 'vsup' 2.001m 0 10 0)
| .save i(ven)
| VVREF VREF 0 1.2
| .save i(vvref)
| xldo VOUT VREF EN VIN ldo_3v3in_1v8out
| COUT VOUT VESR 1u m=1
| RESR VESR 0 10m m=1
| RLOAD VOUT 0 1e12 m=1
| RFORCE VOUT VF 1e12 m=1
| VFORCE VF 0 0
| .save i(vforce)
| **.ends
| 
| * expanding   symbol:  design/ldo_3v3in_1v8out.sym # of pins=4
| ** sym_path: design/ldo_3v3in_1v8out.sym
| ** sch_path: design/ldo_3v3in_1v8out.sch
| .subckt ldo_3v3in_1v8out VOUT VREF EN VIN
| *.ipin VIN
| *.ipin EN
| *.ipin VREF
| *.opin VOUT
| XR_BIAS VIN NB 0 sky130_fd_pr__res_high_po W=0.42 L=1500 mult=1 m=1
| XM_BIASN1 NB NB BIAS_ENN 0 sky130_fd_pr__nfet_g5v0d10v5 L=1 W=4 nf=1 ad=1.16 as=1.16 pd=8.58 ps=8.58 nrd=0.0725 nrs=0.0725 sa=0
| + sb=0 sd=0 mult=1 m=1
| XM_ENN BIAS_ENN EN 0 0 sky130_fd_pr__nfet_g5v0d10v5 L=0.5 W=10 nf=1 ad=2.9 as=2.9 pd=20.58 ps=20.58 nrd=0.029 nrs=0.029 sa=0 sb=0
| + sd=0 mult=1 m=1
| XM_BIASN2 BIASP NB BIAS_ENN 0 sky130_fd_pr__nfet_g5v0d10v5 L=1 W=4 nf=1 ad=1.16 as=1.16 pd=8.58 ps=8.58 nrd=0.0725 nrs=0.0725 sa=0
| + sb=0 sd=0 mult=1 m=1
| XM_BIASP1 BIASP BIASP VIN VIN sky130_fd_pr__pfet_g5v0d10v5 L=1 W=10 nf=2 ad=1.45 as=2.9 pd=10.58 ps=21.16 nrd=0.029 nrs=0.029 sa=0
| + sb=0 sd=0 mult=1 m=1
| XM_ENP2 BIASP EN VIN VIN sky130_fd_pr__pfet_g5v0d10v5 L=0.5 W=10 nf=1 ad=2.9 as=2.9 pd=20.58 ps=20.58 nrd=0.029 nrs=0.029 sa=0
| + sb=0 sd=0 mult=1 m=1
| XM_TAIL EA_TAIL BIASP VIN VIN sky130_fd_pr__pfet_g5v0d10v5 L=2 W=40 nf=8 ad=5.8 as=7.25 pd=42.32 ps=52.9 nrd=0.00725 nrs=0.00725
| + sa=0 sb=0 sd=0 mult=1 m=1
| XM_IN1 EA_D1 FB EA_TAIL VIN sky130_fd_pr__pfet_g5v0d10v5 L=2 W=10 nf=2 ad=1.45 as=2.9 pd=10.58 ps=21.16 nrd=0.029 nrs=0.029 sa=0
| + sb=0 sd=0 mult=1 m=1
| XM_IN2 EA_D2 VREF EA_TAIL VIN sky130_fd_pr__pfet_g5v0d10v5 L=2 W=10 nf=2 ad=1.45 as=2.9 pd=10.58 ps=21.16 nrd=0.029 nrs=0.029 sa=0
| + sb=0 sd=0 mult=1 m=1
| XM_MIR1 EA_D1 EA_D1 AMP_ENN 0 sky130_fd_pr__nfet_g5v0d10v5 L=4 W=10 nf=2 ad=1.45 as=2.9 pd=10.58 ps=21.16 nrd=0.029 nrs=0.029 sa=0
| + sb=0 sd=0 mult=1 m=1
| XM_MIR2 EA_OUT EA_D1 AMP_ENN 0 sky130_fd_pr__nfet_g5v0d10v5 L=4 W=10 nf=2 ad=1.45 as=2.9 pd=10.58 ps=21.16 nrd=0.029 nrs=0.029
| + sa=0 sb=0 sd=0 mult=1 m=1
| XM_ENN2 AMP_ENN EN 0 0 sky130_fd_pr__nfet_g5v0d10v5 L=0.5 W=10 nf=1 ad=2.9 as=2.9 pd=20.58 ps=20.58 nrd=0.029 nrs=0.029 sa=0 sb=0
| + sd=0 mult=1 m=1
| XM_ENP EA_OUT EN VIN VIN sky130_fd_pr__pfet_g5v0d10v5 L=0.5 W=10 nf=1 ad=2.9 as=2.9 pd=20.58 ps=20.58 nrd=0.029 nrs=0.029 sa=0
| + sb=0 sd=0 mult=1 m=1
| XM_MIR3 EA_D2 EA_D2 AMP_ENN 0 sky130_fd_pr__nfet_g5v0d10v5 L=4 W=10 nf=2 ad=1.45 as=2.9 pd=10.58 ps=21.16 nrd=0.029 nrs=0.029 sa=0
| + sb=0 sd=0 mult=1 m=1
| XM_MIR4 PB EA_D2 AMP_ENN 0 sky130_fd_pr__nfet_g5v0d10v5 L=4 W=10 nf=2 ad=1.45 as=2.9 pd=10.58 ps=21.16 nrd=0.029 nrs=0.029 sa=0
| + sb=0 sd=0 mult=1 m=1
| XM_MIRP1 PB PB VIN VIN sky130_fd_pr__pfet_g5v0d10v5 L=4 W=20 nf=4 ad=2.9 as=4.35 pd=21.16 ps=31.74 nrd=0.0145 nrs=0.0145 sa=0 sb=0
| + sd=0 mult=1 m=1
| XM_MIRP2 EA_OUT PB VIN VIN sky130_fd_pr__pfet_g5v0d10v5 L=4 W=20 nf=4 ad=2.9 as=4.35 pd=21.16 ps=31.74 nrd=0.0145 nrs=0.0145 sa=0
| + sb=0 sd=0 mult=1 m=1
| XM_ENP5 PB EN VIN VIN sky130_fd_pr__pfet_g5v0d10v5 L=0.5 W=2 nf=1 ad=0.58 as=0.58 pd=4.58 ps=4.58 nrd=0.145 nrs=0.145 sa=0 sb=0
| + sd=0 mult=1 m=1
| XM_PASS VOUT EA_OUT VIN VIN sky130_fd_pr__pfet_g5v0d10v5 L=0.5 W=100 nf=25 ad=15.08 as=15.08 pd=111.54 ps=111.54 nrd=0.0029
| + nrs=0.0029 sa=0 sb=0 sd=0 mult=25 m=25
| C_COMP VOUT EA_CZ 150p m=1
| XR_CZ EA_CZ EA_OUT 0 sky130_fd_pr__res_xhigh_po W=0.42 L=52 mult=1 m=1
| XR_FB_A VOUT FB 0 sky130_fd_pr__res_xhigh_po W=0.42 L=180 mult=1 m=1
| XR_FB_B FB N_FBB 0 sky130_fd_pr__res_xhigh_po W=0.42 L=180 mult=1 m=1
| XR_FB_C N_FBB 0 0 sky130_fd_pr__res_xhigh_po W=0.42 L=180 mult=1 m=1
| XM_SENSE CL_SNS EA_OUT VIN VIN sky130_fd_pr__pfet_g5v0d10v5 L=0.5 W=0.42 nf=1 ad=0.1218 as=0.1218 pd=1.42 ps=1.42
| + nrd=0.69047619047619 nrs=0.69047619047619 sa=0 sb=0 sd=0 mult=1 m=1
| XM_CLN1 CL_SNS CL_SNS AMP_ENN 0 sky130_fd_pr__nfet_g5v0d10v5 L=1 W=20 nf=1 ad=5.8 as=5.8 pd=40.58 ps=40.58 nrd=0.0145 nrs=0.0145
| + sa=0 sb=0 sd=0 mult=1 m=1
| XM_CLN2 CL_CMP CL_SNS AMP_ENN 0 sky130_fd_pr__nfet_g5v0d10v5 L=1 W=1.6 nf=1 ad=0.464 as=0.464 pd=3.78 ps=3.78 nrd=0.18125
| + nrs=0.18125 sa=0 sb=0 sd=0 mult=1 m=1
| XM_CLP CL_CMP BIASP VIN VIN sky130_fd_pr__pfet_g5v0d10v5 L=1 W=10 nf=2 ad=1.45 as=2.9 pd=10.58 ps=21.16 nrd=0.029 nrs=0.029 sa=0
| + sb=0 sd=0 mult=1 m=1
| XM_CLIM EA_OUT CL_CMP VIN VIN sky130_fd_pr__pfet_g5v0d10v5 L=0.5 W=20 nf=4 ad=2.9 as=4.35 pd=21.16 ps=31.74 nrd=0.0145 nrs=0.0145
| + sa=0 sb=0 sd=0 mult=1 m=1
| XM_ENP3 CL_CMP EN VIN VIN sky130_fd_pr__pfet_g5v0d10v5 L=0.5 W=2 nf=1 ad=0.58 as=0.58 pd=4.58 ps=4.58 nrd=0.145 nrs=0.145 sa=0
| + sb=0 sd=0 mult=1 m=1
| C_CL VIN CL_CMP 1p m=1
| XM_INVP ENB EN VIN VIN sky130_fd_pr__pfet_g5v0d10v5 L=0.5 W=2 nf=1 ad=0.58 as=0.58 pd=4.58 ps=4.58 nrd=0.145 nrs=0.145 sa=0 sb=0
| + sd=0 mult=1 m=1
| XM_INVN ENB EN 0 0 sky130_fd_pr__nfet_g5v0d10v5 L=0.5 W=1 nf=1 ad=0.29 as=0.29 pd=2.58 ps=2.58 nrd=0.29 nrs=0.29 sa=0 sb=0 sd=0
| + mult=1 m=1
| XM_SSDIS SS ENB 0 0 sky130_fd_pr__nfet_g5v0d10v5 L=0.5 W=2 nf=1 ad=0.58 as=0.58 pd=4.58 ps=4.58 nrd=0.145 nrs=0.145 sa=0 sb=0 sd=0
| + mult=1 m=1
| XM_SSCHG SS BIASP VIN VIN sky130_fd_pr__pfet_g5v0d10v5 L=8 W=1 nf=1 ad=0.29 as=0.29 pd=2.58 ps=2.58 nrd=0.29 nrs=0.29 sa=0 sb=0
| + sd=0 mult=1 m=1
| C_SS SS 0 10p m=1
| XM_IN2S EA_D2 SS EA_TAIL VIN sky130_fd_pr__pfet_g5v0d10v5 L=2 W=10 nf=2 ad=1.45 as=2.9 pd=10.58 ps=21.16 nrd=0.029 nrs=0.029 sa=0
| + sb=0 sd=0 mult=1 m=1
| XM_TSPS TS_SNS BIASP VIN VIN sky130_fd_pr__pfet_g5v0d10v5 L=1 W=2.5 nf=1 ad=0.725 as=0.725 pd=5.58 ps=5.58 nrd=0.116 nrs=0.116
| + sa=0 sb=0 sd=0 mult=1 m=1
| XM_TSD1 TS_SNS TS_SNS TS_MID 0 sky130_fd_pr__nfet_g5v0d10v5 L=1 W=80 nf=16 ad=11.6 as=13.05 pd=84.64 ps=95.22 nrd=0.003625
| + nrs=0.003625 sa=0 sb=0 sd=0 mult=1 m=1
| XM_TSD2 TS_MID TS_MID AMP_ENN 0 sky130_fd_pr__nfet_g5v0d10v5 L=1 W=80 nf=16 ad=11.6 as=13.05 pd=84.64 ps=95.22 nrd=0.003625
| + nrs=0.003625 sa=0 sb=0 sd=0 mult=1 m=1
| XM_TSPR TS_REF BIASP VIN VIN sky130_fd_pr__pfet_g5v0d10v5 L=1 W=2.5 nf=1 ad=0.725 as=0.725 pd=5.58 ps=5.58 nrd=0.116 nrs=0.116
| + sa=0 sb=0 sd=0 mult=1 m=1
| XM_TSR1 TS_REF TS_REF AMP_ENN 0 sky130_fd_pr__nfet_g5v0d10v5 L=10 W=2 nf=1 ad=0.58 as=0.58 pd=4.58 ps=4.58 nrd=0.145 nrs=0.145
| + sa=0 sb=0 sd=0 mult=1 m=1
| XM_TCTAIL TC_TAIL NB AMP_ENN 0 sky130_fd_pr__nfet_g5v0d10v5 L=1 W=1 nf=1 ad=0.29 as=0.29 pd=2.58 ps=2.58 nrd=0.29 nrs=0.29 sa=0
| + sb=0 sd=0 mult=1 m=1
| XM_TCN1 TC_D1 TS_SNS TC_TAIL 0 sky130_fd_pr__nfet_g5v0d10v5 L=2 W=10 nf=2 ad=1.45 as=2.9 pd=10.58 ps=21.16 nrd=0.029 nrs=0.029
| + sa=0 sb=0 sd=0 mult=1 m=1
| XM_TCN2 TS_CMP TS_REF TC_TAIL 0 sky130_fd_pr__nfet_g5v0d10v5 L=2 W=10 nf=2 ad=1.45 as=2.9 pd=10.58 ps=21.16 nrd=0.029 nrs=0.029
| + sa=0 sb=0 sd=0 mult=1 m=1
| XM_TCP1 TC_D1 TC_D1 VIN VIN sky130_fd_pr__pfet_g5v0d10v5 L=2 W=10 nf=2 ad=1.45 as=2.9 pd=10.58 ps=21.16 nrd=0.029 nrs=0.029 sa=0
| + sb=0 sd=0 mult=1 m=1
| XM_TCP2 TS_CMP TC_D1 VIN VIN sky130_fd_pr__pfet_g5v0d10v5 L=2 W=10 nf=2 ad=1.45 as=2.9 pd=10.58 ps=21.16 nrd=0.029 nrs=0.029 sa=0
| + sb=0 sd=0 mult=1 m=1
| XM_TSHUT EA_OUT TS_CMP VIN VIN sky130_fd_pr__pfet_g5v0d10v5 L=0.5 W=20 nf=4 ad=2.9 as=4.35 pd=21.16 ps=31.74 nrd=0.0145 nrs=0.0145
| + sa=0 sb=0 sd=0 mult=1 m=1
| XM_TSHYSB TS_HYS BIASP VIN VIN sky130_fd_pr__pfet_g5v0d10v5 L=2 W=1.5 nf=1 ad=0.435 as=0.435 pd=3.58 ps=3.58 nrd=0.193333333333333
| + nrs=0.193333333333333 sa=0 sb=0 sd=0 mult=1 m=1
| XM_TSHYS TS_REF TS_CMP TS_HYS VIN sky130_fd_pr__pfet_g5v0d10v5 L=0.5 W=2 nf=1 ad=0.58 as=0.58 pd=4.58 ps=4.58 nrd=0.145 nrs=0.145
| + sa=0 sb=0 sd=0 mult=1 m=1
| XM_ENP4 TS_CMP EN VIN VIN sky130_fd_pr__pfet_g5v0d10v5 L=0.5 W=2 nf=1 ad=0.58 as=0.58 pd=4.58 ps=4.58 nrd=0.145 nrs=0.145 sa=0
| + sb=0 sd=0 mult=1 m=1
| C_TS VIN TS_CMP 1p m=1
| .ends
| 
| .control
| save all
| * --- leg 1: full cycle -- EN rises at t=100us, block regulates, EN falls at t=2ms ---
| tran 5u 4.5m
| meas tran vpre find v(vout) at=1.9m
| meas tran iq_avg avg i(vvin) from=3.5m to=4.5m
| meas tran iq_worst min i(vvin) from=3.5m to=4.5m
| meas tran vhold find v(vout) at=4m
| * --- leg 2: static disabled state, output free-floating ---
| op
| * --- leg 3: static disabled state, VOUT forced to 0 V (Vin->Vout leakage) ---
| alter rforce = 1m
| op
| * --- leg 4: static disabled state, VOUT held at the 1.8 V nominal output ---
| alter vforce = 1.8
| op
| let meas_iq_shutdown_static_ua = -1e6*op1.i(vvin)
| let meas_iq_shutdown_after_edge_ua = -1e6*tran1.iq_worst
| let meas_iq_shutdown_after_edge_mean_ua = -1e6*tran1.iq_avg
| let meas_leak_vin_vout_ua = 1e6*op2.i(vforce)
| let meas_vout_pre_disable_v = tran1.vpre
| let meas_vout_hold_2ms_v = tran1.vhold
| let meas_vout_disabled_static_v = op1.v(vout)
| let meas_ivout_held_1v8_ua = -1e6*op3.i(vforce)
| print meas_iq_shutdown_static_ua
| print meas_iq_shutdown_after_edge_ua
| print meas_iq_shutdown_after_edge_mean_ua
| print meas_leak_vin_vout_ua
| print meas_vout_pre_disable_v
| print meas_vout_hold_2ms_v
| print meas_vout_disabled_static_v
| print meas_ivout_held_1v8_ua
| quit
| .endc
| .end

# ==== ngspice stdout ====

Note: Compatibility modes selected: hs a


Circuit: * enable-shutdown corner deck -- generated by sim/bin/corner-run.py, do not edit

option SCALE: Scale is set to 1e-06 for instance and model parameters
option SCALE: Scale is set to 1e-06 for instance and model parameters
option SCALE: Scale is set to 1e-06 for instance and model parameters
option SCALE: Scale is set to 1e-06 for instance and model parameters
Doing analysis at TEMP = -40.000000 and TNOM = 27.000000

Using KLU as Direct Linear Solver
 Reference value :  0.00000e+00
 Reference value :  8.00000e-07
 Reference value :  1.64000e-05
 Reference value :  4.14000e-05
 Reference value :  6.14000e-05
 Reference value :  8.14000e-05
 Reference value :  1.00100e-04
 Reference value :  1.00300e-04
 Reference value :  1.00412e-04
 Reference value :  1.00589e-04
 Reference value :  1.00734e-04
 Reference value :  1.00741e-04
 Reference value :  1.00766e-04
 Reference value :  1.00812e-04
 Reference value :  1.00909e-04
 Reference value :  1.00944e-04
 Reference value :  1.01000e-04
 Reference value :  1.01084e-04
 Reference value :  1.01763e-04
 Reference value :  1.11568e-04
 Reference value :  1.26568e-04
 Reference value :  1.36568e-04
 Reference value :  1.46568e-04
 Reference value :  1.71568e-04
 Reference value :  1.91568e-04
 Reference value :  2.11568e-04
 Reference value :  2.36568e-04
 Reference value :  2.61568e-04
 Reference value :  2.86568e-04
 Reference value :  3.06568e-04
 Reference value :  3.26568e-04
 Reference value :  3.46568e-04
 Reference value :  3.66568e-04
 Reference value :  3.86568e-04
 Reference value :  4.06568e-04
 Reference value :  4.26568e-04
 Reference value :  4.51568e-04
 Reference value :  4.71568e-04
 Reference value :  4.91568e-04
 Reference value :  5.11568e-04
 Reference value :  5.31568e-04
 Reference value :  5.51568e-04
 Reference value :  5.71568e-04
 Reference value :  5.91568e-04
 Reference value :  6.11568e-04
 Reference value :  6.31568e-04
 Reference value :  6.51568e-04
 Reference value :  6.71568e-04
 Reference value :  6.96568e-04
 Reference value :  7.16568e-04
 Reference value :  7.31568e-04
 Reference value :  7.51568e-04
 Reference value :  7.66568e-04
 Reference value :  7.86568e-04
 Reference value :  8.16568e-04
 Reference value :  8.36568e-04
 Reference value :  8.56568e-04
 Reference value :  8.76568e-04
 Reference value :  8.96568e-04
 Reference value :  9.16568e-04
 Reference value :  9.31568e-04
 Reference value :  9.51568e-04
 Reference value :  9.71568e-04
 Reference value :  9.86568e-04
 Reference value :  1.00657e-03
 Reference value :  1.02657e-03
 Reference value :  1.04657e-03
 Reference value :  1.07157e-03
 Reference value :  1.10157e-03
 Reference value :  1.13157e-03
 Reference value :  1.15157e-03
 Reference value :  1.17157e-03
 Reference value :  1.19657e-03
 Reference value :  1.21657e-03
 Reference value :  1.23657e-03
 Reference value :  1.26157e-03
 Reference value :  1.28157e-03
 Reference value :  1.29657e-03
 Reference value :  1.31657e-03
 Reference value :  1.33657e-03
 Reference value :  1.35657e-03
 Reference value :  1.37657e-03
 Reference value :  1.39657e-03
 Reference value :  1.41657e-03
 Reference value :  1.43657e-03
 Reference value :  1.45157e-03
 Reference value :  1.47157e-03
 Reference value :  1.49157e-03
 Reference value :  1.52157e-03
 Reference value :  1.54157e-03
 Reference value :  1.55657e-03
 Reference value :  1.57657e-03
 Reference value :  1.60157e-03
 Reference value :  1.61657e-03
 Reference value :  1.63157e-03
 Reference value :  1.65157e-03
 Reference value :  1.67157e-03
 Reference value :  1.69157e-03
 Reference value :  1.71157e-03
 Reference value :  1.73657e-03
 Reference value :  1.76157e-03
 Reference value :  1.79157e-03
 Reference value :  1.81657e-03
 Reference value :  1.84157e-03
 Reference value :  1.86657e-03
 Reference value :  1.88157e-03
 Reference value :  1.90157e-03
 Reference value :  1.92157e-03
 Reference value :  1.94657e-03
 Reference value :  1.98157e-03
 Reference value :  2.00000e-03
 Reference value :  2.00030e-03
 Reference value :  2.00050e-03
 Reference value :  2.00064e-03
 Reference value :  2.00076e-03
 Reference value :  2.00085e-03
 Reference value :  2.00091e-03
 Reference value :  2.00095e-03
 Reference value :  2.00096e-03
 Reference value :  2.00099e-03
 Reference value :  2.00101e-03
 Reference value :  2.00115e-03
 Reference value :  2.00218e-03
 Reference value :  2.01546e-03
 Reference value :  2.04046e-03
 Reference value :  2.06046e-03
 Reference value :  2.08546e-03
 Reference value :  2.10046e-03
 Reference value :  2.12046e-03
 Reference value :  2.14046e-03
 Reference value :  2.16046e-03
 Reference value :  2.18046e-03
 Reference value :  2.20546e-03
 Reference value :  2.22546e-03
 Reference value :  2.25046e-03
 Reference value :  2.27546e-03
 Reference value :  2.30046e-03
 Reference value :  2.33046e-03
 Reference value :  2.35046e-03
 Reference value :  2.37546e-03
 Reference value :  2.40046e-03
 Reference value :  2.43046e-03
 Reference value :  2.45046e-03
 Reference value :  2.46546e-03
 Reference value :  2.48546e-03
 Reference value :  2.50546e-03
 Reference value :  2.53546e-03
 Reference value :  2.56046e-03
 Reference value :  2.58046e-03
 Reference value :  2.60546e-03
 Reference value :  2.62546e-03
 Reference value :  2.64546e-03
 Reference value :  2.66546e-03
 Reference value :  2.69046e-03
 Reference value :  2.71046e-03
 Reference value :  2.73046e-03
 Reference value :  2.75046e-03
 Reference value :  2.77546e-03
 Reference value :  2.80046e-03
 Reference value :  2.82546e-03
 Reference value :  2.84546e-03
 Reference value :  2.86546e-03
 Reference value :  2.88546e-03
 Reference value :  2.90546e-03
 Reference value :  2.92546e-03
 Reference value :  2.94546e-03
 Reference value :  2.97046e-03
 Reference value :  2.99046e-03
 Reference value :  3.01046e-03
 Reference value :  3.03046e-03
 Reference value :  3.05046e-03
 Reference value :  3.06546e-03
 Reference value :  3.08546e-03
 Reference value :  3.10546e-03
 Reference value :  3.12546e-03
 Reference value :  3.14546e-03
 Reference value :  3.16546e-03
 Reference value :  3.18546e-03
 Reference value :  3.20546e-03
 Reference value :  3.22546e-03
 Reference value :  3.24046e-03
 Reference value :  3.26546e-03
 Reference value :  3.29546e-03
 Reference value :  3.31546e-03
 Reference value :  3.34046e-03
 Reference value :  3.36546e-03
 Reference value :  3.39046e-03
 Reference value :  3.41046e-03
 Reference value :  3.43546e-03
 Reference value :  3.46046e-03
 Reference value :  3.48046e-03
 Reference value :  3.49546e-03
 Reference value :  3.51546e-03
 Reference value :  3.53546e-03
 Reference value :  3.55046e-03
 Reference value :  3.57046e-03
 Reference value :  3.59046e-03
 Reference value :  3.61046e-03
 Reference value :  3.63046e-03
 Reference value :  3.65046e-03
 Reference value :  3.66546e-03
 Reference value :  3.68546e-03
 Reference value :  3.71546e-03
 Reference value :  3.73546e-03
 Reference value :  3.76046e-03
 Reference value :  3.78046e-03
 Reference value :  3.80046e-03
 Reference value :  3.82046e-03
 Reference value :  3.84046e-03
 Reference value :  3.86046e-03
 Reference value :  3.88046e-03
 Reference value :  3.90046e-03
 Reference value :  3.92046e-03
 Reference value :  3.94546e-03
 Reference value :  3.96546e-03
 Reference value :  3.98546e-03
 Reference value :  4.01046e-03
 Reference value :  4.03046e-03
 Reference value :  4.05546e-03
 Reference value :  4.07546e-03
 Reference value :  4.09546e-03
 Reference value :  4.12546e-03
 Reference value :  4.14546e-03
 Reference value :  4.16546e-03
 Reference value :  4.18546e-03
 Reference value :  4.20546e-03
 Reference value :  4.22546e-03
 Reference value :  4.24546e-03
 Reference value :  4.26546e-03
 Reference value :  4.28046e-03
 Reference value :  4.30046e-03
 Reference value :  4.32046e-03
 Reference value :  4.34546e-03
 Reference value :  4.36546e-03
 Reference value :  4.38546e-03
 Reference value :  4.41046e-03
 Reference value :  4.43046e-03
 Reference value :  4.45046e-03
 Reference value :  4.47046e-03
 Reference value :  4.49046e-03
No. of Data Rows : 965
vpre                =  1.80996e+00
iq_avg              =  -1.68065e-10 from=  3.50000e-03 to=  4.50000e-03
iq_worst            =  -3.79518e-10 at=  4.50000e-03
vhold               =  1.80877e+00
Doing analysis at TEMP = -40.000000 and TNOM = 27.000000

Using KLU as Direct Linear Solver
 Reference value :  0.00000e+00
No. of Data Rows : 1
Doing analysis at TEMP = -40.000000 and TNOM = 27.000000

Using KLU as Direct Linear Solver
 Reference value :  0.00000e+00
No. of Data Rows : 1
Doing analysis at TEMP = -40.000000 and TNOM = 27.000000

Using KLU as Direct Linear Solver
 Reference value :  0.00000e+00
No. of Data Rows : 1
meas_iq_shutdown_static_ua = 1.307218e-04
meas_iq_shutdown_after_edge_ua = 3.795177e-04
meas_iq_shutdown_after_edge_mean_ua = 1.680654e-04
meas_leak_vin_vout_ua = 7.425084e-05
meas_vout_pre_disable_v = 1.809964e+00
meas_vout_hold_2ms_v = 1.808767e+00
meas_vout_disabled_static_v = 2.318128e-04
meas_ivout_held_1v8_ua = 5.766567e-01
ngspice-46 done

# ==== ngspice stderr ====
Note: Starting dynamic gmin stepping
Note: Dynamic gmin stepping completed
Note: Starting dynamic gmin stepping
Note: Dynamic gmin stepping completed
Note: Starting dynamic gmin stepping
Note: Dynamic gmin stepping completed
Note: Starting dynamic gmin stepping
Note: Dynamic gmin stepping completed
