# corner: tt_-40c_3.63v
# process=tt temp=-40C supply=3.63V
# ngspice exit: 0
# wall clock: 109.9s (--timeout was 300s)
# result: PASS

# ==== deck (exact input given to ngspice) ====
| * enable-shutdown corner deck -- generated by sim/bin/corner-run.py, do not edit
| * corner: tt_-40c_3.63v
| .param vsup=3.63
| .option wnflag=1
| .temp -40
| .lib "/home/ubuntu/.volare/sky130A/libs.tech/combined/sky130.lib.spice" tt
| ** sch_path: sim/enable-shutdown/testbench/tb_enable_shutdown.sch
| **.subckt tb_enable_shutdown
| VVIN VIN 0 'vsup'
| .save i(vvin)
| VEN EN 0 dc 0 pwl(0 0 100u 0 101u 'vsup' 2m 'vsup' 2.001m 0 10 0)
| .save i(ven)
| VVREF VREF 0 1.2
| .save i(vvref)
| xldo VOUT VREF EN VIN ldo_3v3in_1v8out
| COUT VOUT VESR 1u m=1
| RESR VESR 0 10m m=1
| RLOAD VOUT 0 1e12 m=1
| RFORCE VOUT VF 1e12 m=1
| VFORCE VF 0 0
| .save i(vforce)
| **.ends
| 
| * expanding   symbol:  design/ldo_3v3in_1v8out.sym # of pins=4
| ** sym_path: design/ldo_3v3in_1v8out.sym
| ** sch_path: design/ldo_3v3in_1v8out.sch
| .subckt ldo_3v3in_1v8out VOUT VREF EN VIN
| *.ipin VIN
| *.ipin EN
| *.ipin VREF
| *.opin VOUT
| XR_BIAS VIN NB 0 sky130_fd_pr__res_high_po W=0.42 L=1500 mult=1 m=1
| XM_BIASN1 NB NB BIAS_ENN 0 sky130_fd_pr__nfet_g5v0d10v5 L=1 W=4 nf=1 ad=1.16 as=1.16 pd=8.58 ps=8.58 nrd=0.0725 nrs=0.0725 sa=0
| + sb=0 sd=0 mult=1 m=1
| XM_ENN BIAS_ENN EN 0 0 sky130_fd_pr__nfet_g5v0d10v5 L=0.5 W=10 nf=1 ad=2.9 as=2.9 pd=20.58 ps=20.58 nrd=0.029 nrs=0.029 sa=0 sb=0
| + sd=0 mult=1 m=1
| XM_BIASN2 BIASP NB BIAS_ENN 0 sky130_fd_pr__nfet_g5v0d10v5 L=1 W=4 nf=1 ad=1.16 as=1.16 pd=8.58 ps=8.58 nrd=0.0725 nrs=0.0725 sa=0
| + sb=0 sd=0 mult=1 m=1
| XM_BIASP1 BIASP BIASP VIN VIN sky130_fd_pr__pfet_g5v0d10v5 L=1 W=10 nf=2 ad=1.45 as=2.9 pd=10.58 ps=21.16 nrd=0.029 nrs=0.029 sa=0
| + sb=0 sd=0 mult=1 m=1
| XM_ENP2 BIASP EN VIN VIN sky130_fd_pr__pfet_g5v0d10v5 L=0.5 W=10 nf=1 ad=2.9 as=2.9 pd=20.58 ps=20.58 nrd=0.029 nrs=0.029 sa=0
| + sb=0 sd=0 mult=1 m=1
| XM_TAIL EA_TAIL BIASP VIN VIN sky130_fd_pr__pfet_g5v0d10v5 L=2 W=40 nf=8 ad=5.8 as=7.25 pd=42.32 ps=52.9 nrd=0.00725 nrs=0.00725
| + sa=0 sb=0 sd=0 mult=1 m=1
| XM_IN1 EA_D1 FB EA_TAIL VIN sky130_fd_pr__pfet_g5v0d10v5 L=2 W=10 nf=2 ad=1.45 as=2.9 pd=10.58 ps=21.16 nrd=0.029 nrs=0.029 sa=0
| + sb=0 sd=0 mult=1 m=1
| XM_IN2 EA_D2 VREF EA_TAIL VIN sky130_fd_pr__pfet_g5v0d10v5 L=2 W=10 nf=2 ad=1.45 as=2.9 pd=10.58 ps=21.16 nrd=0.029 nrs=0.029 sa=0
| + sb=0 sd=0 mult=1 m=1
| XM_MIR1 EA_D1 EA_D1 AMP_ENN 0 sky130_fd_pr__nfet_g5v0d10v5 L=4 W=10 nf=2 ad=1.45 as=2.9 pd=10.58 ps=21.16 nrd=0.029 nrs=0.029 sa=0
| + sb=0 sd=0 mult=1 m=1
| XM_MIR2 EA_OUT EA_D1 AMP_ENN 0 sky130_fd_pr__nfet_g5v0d10v5 L=4 W=10 nf=2 ad=1.45 as=2.9 pd=10.58 ps=21.16 nrd=0.029 nrs=0.029
| + sa=0 sb=0 sd=0 mult=1 m=1
| XM_ENN2 AMP_ENN EN 0 0 sky130_fd_pr__nfet_g5v0d10v5 L=0.5 W=10 nf=1 ad=2.9 as=2.9 pd=20.58 ps=20.58 nrd=0.029 nrs=0.029 sa=0 sb=0
| + sd=0 mult=1 m=1
| XM_ENP EA_OUT EN VIN VIN sky130_fd_pr__pfet_g5v0d10v5 L=0.5 W=10 nf=1 ad=2.9 as=2.9 pd=20.58 ps=20.58 nrd=0.029 nrs=0.029 sa=0
| + sb=0 sd=0 mult=1 m=1
| XM_MIR3 EA_D2 EA_D2 AMP_ENN 0 sky130_fd_pr__nfet_g5v0d10v5 L=4 W=10 nf=2 ad=1.45 as=2.9 pd=10.58 ps=21.16 nrd=0.029 nrs=0.029 sa=0
| + sb=0 sd=0 mult=1 m=1
| XM_MIR4 PB EA_D2 AMP_ENN 0 sky130_fd_pr__nfet_g5v0d10v5 L=4 W=10 nf=2 ad=1.45 as=2.9 pd=10.58 ps=21.16 nrd=0.029 nrs=0.029 sa=0
| + sb=0 sd=0 mult=1 m=1
| XM_MIRP1 PB PB VIN VIN sky130_fd_pr__pfet_g5v0d10v5 L=4 W=20 nf=4 ad=2.9 as=4.35 pd=21.16 ps=31.74 nrd=0.0145 nrs=0.0145 sa=0 sb=0
| + sd=0 mult=1 m=1
| XM_MIRP2 EA_OUT PB VIN VIN sky130_fd_pr__pfet_g5v0d10v5 L=4 W=20 nf=4 ad=2.9 as=4.35 pd=21.16 ps=31.74 nrd=0.0145 nrs=0.0145 sa=0
| + sb=0 sd=0 mult=1 m=1
| XM_ENP5 PB EN VIN VIN sky130_fd_pr__pfet_g5v0d10v5 L=0.5 W=2 nf=1 ad=0.58 as=0.58 pd=4.58 ps=4.58 nrd=0.145 nrs=0.145 sa=0 sb=0
| + sd=0 mult=1 m=1
| XM_PASS VOUT EA_OUT VIN VIN sky130_fd_pr__pfet_g5v0d10v5 L=0.5 W=100 nf=25 ad=15.08 as=15.08 pd=111.54 ps=111.54 nrd=0.0029
| + nrs=0.0029 sa=0 sb=0 sd=0 mult=25 m=25
| C_COMP VOUT EA_CZ 150p m=1
| XR_CZ EA_CZ EA_OUT 0 sky130_fd_pr__res_xhigh_po W=0.42 L=52 mult=1 m=1
| XR_FB_A VOUT FB 0 sky130_fd_pr__res_xhigh_po W=0.42 L=180 mult=1 m=1
| XR_FB_B FB N_FBB 0 sky130_fd_pr__res_xhigh_po W=0.42 L=180 mult=1 m=1
| XR_FB_C N_FBB 0 0 sky130_fd_pr__res_xhigh_po W=0.42 L=180 mult=1 m=1
| XM_SENSE CL_SNS EA_OUT VIN VIN sky130_fd_pr__pfet_g5v0d10v5 L=0.5 W=0.42 nf=1 ad=0.1218 as=0.1218 pd=1.42 ps=1.42
| + nrd=0.69047619047619 nrs=0.69047619047619 sa=0 sb=0 sd=0 mult=1 m=1
| XM_CLN1 CL_SNS CL_SNS AMP_ENN 0 sky130_fd_pr__nfet_g5v0d10v5 L=1 W=20 nf=1 ad=5.8 as=5.8 pd=40.58 ps=40.58 nrd=0.0145 nrs=0.0145
| + sa=0 sb=0 sd=0 mult=1 m=1
| XM_CLN2 CL_CMP CL_SNS AMP_ENN 0 sky130_fd_pr__nfet_g5v0d10v5 L=1 W=1.6 nf=1 ad=0.464 as=0.464 pd=3.78 ps=3.78 nrd=0.18125
| + nrs=0.18125 sa=0 sb=0 sd=0 mult=1 m=1
| XM_CLP CL_CMP BIASP VIN VIN sky130_fd_pr__pfet_g5v0d10v5 L=1 W=10 nf=2 ad=1.45 as=2.9 pd=10.58 ps=21.16 nrd=0.029 nrs=0.029 sa=0
| + sb=0 sd=0 mult=1 m=1
| XM_CLIM EA_OUT CL_CMP VIN VIN sky130_fd_pr__pfet_g5v0d10v5 L=0.5 W=20 nf=4 ad=2.9 as=4.35 pd=21.16 ps=31.74 nrd=0.0145 nrs=0.0145
| + sa=0 sb=0 sd=0 mult=1 m=1
| XM_ENP3 CL_CMP EN VIN VIN sky130_fd_pr__pfet_g5v0d10v5 L=0.5 W=2 nf=1 ad=0.58 as=0.58 pd=4.58 ps=4.58 nrd=0.145 nrs=0.145 sa=0
| + sb=0 sd=0 mult=1 m=1
| C_CL VIN CL_CMP 1p m=1
| XM_INVP ENB EN VIN VIN sky130_fd_pr__pfet_g5v0d10v5 L=0.5 W=2 nf=1 ad=0.58 as=0.58 pd=4.58 ps=4.58 nrd=0.145 nrs=0.145 sa=0 sb=0
| + sd=0 mult=1 m=1
| XM_INVN ENB EN 0 0 sky130_fd_pr__nfet_g5v0d10v5 L=0.5 W=1 nf=1 ad=0.29 as=0.29 pd=2.58 ps=2.58 nrd=0.29 nrs=0.29 sa=0 sb=0 sd=0
| + mult=1 m=1
| XM_SSDIS SS ENB 0 0 sky130_fd_pr__nfet_g5v0d10v5 L=0.5 W=2 nf=1 ad=0.58 as=0.58 pd=4.58 ps=4.58 nrd=0.145 nrs=0.145 sa=0 sb=0 sd=0
| + mult=1 m=1
| XM_SSCHG SS BIASP VIN VIN sky130_fd_pr__pfet_g5v0d10v5 L=8 W=1 nf=1 ad=0.29 as=0.29 pd=2.58 ps=2.58 nrd=0.29 nrs=0.29 sa=0 sb=0
| + sd=0 mult=1 m=1
| C_SS SS 0 10p m=1
| XM_IN2S EA_D2 SS EA_TAIL VIN sky130_fd_pr__pfet_g5v0d10v5 L=2 W=10 nf=2 ad=1.45 as=2.9 pd=10.58 ps=21.16 nrd=0.029 nrs=0.029 sa=0
| + sb=0 sd=0 mult=1 m=1
| XM_TSPS TS_SNS BIASP VIN VIN sky130_fd_pr__pfet_g5v0d10v5 L=1 W=2.5 nf=1 ad=0.725 as=0.725 pd=5.58 ps=5.58 nrd=0.116 nrs=0.116
| + sa=0 sb=0 sd=0 mult=1 m=1
| XM_TSD1 TS_SNS TS_SNS TS_MID 0 sky130_fd_pr__nfet_g5v0d10v5 L=1 W=80 nf=16 ad=11.6 as=13.05 pd=84.64 ps=95.22 nrd=0.003625
| + nrs=0.003625 sa=0 sb=0 sd=0 mult=1 m=1
| XM_TSD2 TS_MID TS_MID AMP_ENN 0 sky130_fd_pr__nfet_g5v0d10v5 L=1 W=80 nf=16 ad=11.6 as=13.05 pd=84.64 ps=95.22 nrd=0.003625
| + nrs=0.003625 sa=0 sb=0 sd=0 mult=1 m=1
| XM_TSPR TS_REF BIASP VIN VIN sky130_fd_pr__pfet_g5v0d10v5 L=1 W=2.5 nf=1 ad=0.725 as=0.725 pd=5.58 ps=5.58 nrd=0.116 nrs=0.116
| + sa=0 sb=0 sd=0 mult=1 m=1
| XM_TSR1 TS_REF TS_REF AMP_ENN 0 sky130_fd_pr__nfet_g5v0d10v5 L=10 W=2 nf=1 ad=0.58 as=0.58 pd=4.58 ps=4.58 nrd=0.145 nrs=0.145
| + sa=0 sb=0 sd=0 mult=1 m=1
| XM_TCTAIL TC_TAIL NB AMP_ENN 0 sky130_fd_pr__nfet_g5v0d10v5 L=1 W=1 nf=1 ad=0.29 as=0.29 pd=2.58 ps=2.58 nrd=0.29 nrs=0.29 sa=0
| + sb=0 sd=0 mult=1 m=1
| XM_TCN1 TC_D1 TS_SNS TC_TAIL 0 sky130_fd_pr__nfet_g5v0d10v5 L=2 W=10 nf=2 ad=1.45 as=2.9 pd=10.58 ps=21.16 nrd=0.029 nrs=0.029
| + sa=0 sb=0 sd=0 mult=1 m=1
| XM_TCN2 TS_CMP TS_REF TC_TAIL 0 sky130_fd_pr__nfet_g5v0d10v5 L=2 W=10 nf=2 ad=1.45 as=2.9 pd=10.58 ps=21.16 nrd=0.029 nrs=0.029
| + sa=0 sb=0 sd=0 mult=1 m=1
| XM_TCP1 TC_D1 TC_D1 VIN VIN sky130_fd_pr__pfet_g5v0d10v5 L=2 W=10 nf=2 ad=1.45 as=2.9 pd=10.58 ps=21.16 nrd=0.029 nrs=0.029 sa=0
| + sb=0 sd=0 mult=1 m=1
| XM_TCP2 TS_CMP TC_D1 VIN VIN sky130_fd_pr__pfet_g5v0d10v5 L=2 W=10 nf=2 ad=1.45 as=2.9 pd=10.58 ps=21.16 nrd=0.029 nrs=0.029 sa=0
| + sb=0 sd=0 mult=1 m=1
| XM_TSHUT EA_OUT TS_CMP VIN VIN sky130_fd_pr__pfet_g5v0d10v5 L=0.5 W=20 nf=4 ad=2.9 as=4.35 pd=21.16 ps=31.74 nrd=0.0145 nrs=0.0145
| + sa=0 sb=0 sd=0 mult=1 m=1
| XM_TSHYSB TS_HYS BIASP VIN VIN sky130_fd_pr__pfet_g5v0d10v5 L=2 W=1.5 nf=1 ad=0.435 as=0.435 pd=3.58 ps=3.58 nrd=0.193333333333333
| + nrs=0.193333333333333 sa=0 sb=0 sd=0 mult=1 m=1
| XM_TSHYS TS_REF TS_CMP TS_HYS VIN sky130_fd_pr__pfet_g5v0d10v5 L=0.5 W=2 nf=1 ad=0.58 as=0.58 pd=4.58 ps=4.58 nrd=0.145 nrs=0.145
| + sa=0 sb=0 sd=0 mult=1 m=1
| XM_ENP4 TS_CMP EN VIN VIN sky130_fd_pr__pfet_g5v0d10v5 L=0.5 W=2 nf=1 ad=0.58 as=0.58 pd=4.58 ps=4.58 nrd=0.145 nrs=0.145 sa=0
| + sb=0 sd=0 mult=1 m=1
| C_TS VIN TS_CMP 1p m=1
| .ends
| 
| .control
| save all
| * --- leg 1: full cycle -- EN rises at t=100us, block regulates, EN falls at t=2ms ---
| tran 5u 4.5m
| meas tran vpre find v(vout) at=1.9m
| meas tran iq_avg avg i(vvin) from=3.5m to=4.5m
| meas tran iq_worst min i(vvin) from=3.5m to=4.5m
| meas tran vhold find v(vout) at=4m
| * --- leg 2: static disabled state, output free-floating ---
| op
| * --- leg 3: static disabled state, VOUT forced to 0 V (Vin->Vout leakage) ---
| alter rforce = 1m
| op
| * --- leg 4: static disabled state, VOUT held at the 1.8 V nominal output ---
| alter vforce = 1.8
| op
| let meas_iq_shutdown_static_ua = -1e6*op1.i(vvin)
| let meas_iq_shutdown_after_edge_ua = -1e6*tran1.iq_worst
| let meas_iq_shutdown_after_edge_mean_ua = -1e6*tran1.iq_avg
| let meas_leak_vin_vout_ua = 1e6*op2.i(vforce)
| let meas_vout_pre_disable_v = tran1.vpre
| let meas_vout_hold_2ms_v = tran1.vhold
| let meas_vout_disabled_static_v = op1.v(vout)
| let meas_ivout_held_1v8_ua = -1e6*op3.i(vforce)
| print meas_iq_shutdown_static_ua
| print meas_iq_shutdown_after_edge_ua
| print meas_iq_shutdown_after_edge_mean_ua
| print meas_leak_vin_vout_ua
| print meas_vout_pre_disable_v
| print meas_vout_hold_2ms_v
| print meas_vout_disabled_static_v
| print meas_ivout_held_1v8_ua
| quit
| .endc
| .end

# ==== ngspice stdout ====

Note: Compatibility modes selected: hs a


Circuit: * enable-shutdown corner deck -- generated by sim/bin/corner-run.py, do not edit

option SCALE: Scale is set to 1e-06 for instance and model parameters
option SCALE: Scale is set to 1e-06 for instance and model parameters
option SCALE: Scale is set to 1e-06 for instance and model parameters
option SCALE: Scale is set to 1e-06 for instance and model parameters
Doing analysis at TEMP = -40.000000 and TNOM = 27.000000

Using KLU as Direct Linear Solver
 Reference value :  0.00000e+00
 Reference value :  4.00000e-07
 Reference value :  6.40000e-06
 Reference value :  2.64000e-05
 Reference value :  4.64000e-05
 Reference value :  6.14000e-05
 Reference value :  8.14000e-05
 Reference value :  1.00000e-04
 Reference value :  1.00300e-04
 Reference value :  1.00410e-04
 Reference value :  1.00492e-04
 Reference value :  1.00555e-04
 Reference value :  1.00684e-04
 Reference value :  1.00761e-04
 Reference value :  1.00817e-04
 Reference value :  1.00857e-04
 Reference value :  1.00927e-04
 Reference value :  1.00981e-04
 Reference value :  1.01003e-04
 Reference value :  1.01023e-04
 Reference value :  1.01064e-04
 Reference value :  1.01383e-04
 Reference value :  1.03731e-04
 Reference value :  1.10452e-04
 Reference value :  1.19895e-04
 Reference value :  1.29473e-04
 Reference value :  1.44473e-04
 Reference value :  1.59473e-04
 Reference value :  1.74473e-04
 Reference value :  1.89473e-04
 Reference value :  2.04473e-04
 Reference value :  2.14473e-04
 Reference value :  2.29473e-04
 Reference value :  2.44473e-04
 Reference value :  2.59473e-04
 Reference value :  2.74473e-04
 Reference value :  2.89473e-04
 Reference value :  2.99473e-04
 Reference value :  3.14473e-04
 Reference value :  3.29473e-04
 Reference value :  3.44473e-04
 Reference value :  3.59473e-04
 Reference value :  3.74473e-04
 Reference value :  3.84473e-04
 Reference value :  3.99473e-04
 Reference value :  4.09473e-04
 Reference value :  4.24473e-04
 Reference value :  4.39473e-04
 Reference value :  4.54473e-04
 Reference value :  4.69473e-04
 Reference value :  4.84473e-04
 Reference value :  4.99473e-04
 Reference value :  5.14473e-04
 Reference value :  5.29473e-04
 Reference value :  5.44473e-04
 Reference value :  5.59473e-04
 Reference value :  5.74473e-04
 Reference value :  5.89473e-04
 Reference value :  5.99473e-04
 Reference value :  6.09473e-04
 Reference value :  6.24473e-04
 Reference value :  6.39473e-04
 Reference value :  6.59473e-04
 Reference value :  6.79473e-04
 Reference value :  7.04473e-04
 Reference value :  7.24473e-04
 Reference value :  7.44473e-04
 Reference value :  7.64473e-04
 Reference value :  7.84473e-04
 Reference value :  8.04473e-04
 Reference value :  8.24473e-04
 Reference value :  8.39473e-04
 Reference value :  8.59473e-04
 Reference value :  8.74473e-04
 Reference value :  8.94473e-04
 Reference value :  9.14473e-04
 Reference value :  9.34473e-04
 Reference value :  9.54473e-04
 Reference value :  9.74473e-04
 Reference value :  9.94473e-04
 Reference value :  1.00947e-03
 Reference value :  1.02447e-03
 Reference value :  1.03947e-03
 Reference value :  1.05947e-03
 Reference value :  1.07947e-03
 Reference value :  1.09947e-03
 Reference value :  1.11947e-03
 Reference value :  1.13947e-03
 Reference value :  1.15947e-03
 Reference value :  1.17947e-03
 Reference value :  1.19447e-03
 Reference value :  1.20947e-03
 Reference value :  1.22447e-03
 Reference value :  1.24447e-03
 Reference value :  1.26447e-03
 Reference value :  1.28447e-03
 Reference value :  1.30447e-03
 Reference value :  1.32447e-03
 Reference value :  1.34447e-03
 Reference value :  1.36447e-03
 Reference value :  1.38447e-03
 Reference value :  1.40447e-03
 Reference value :  1.42447e-03
 Reference value :  1.44947e-03
 Reference value :  1.46947e-03
 Reference value :  1.48947e-03
 Reference value :  1.50947e-03
 Reference value :  1.52947e-03
 Reference value :  1.54947e-03
 Reference value :  1.56947e-03
 Reference value :  1.58947e-03
 Reference value :  1.60447e-03
 Reference value :  1.62447e-03
 Reference value :  1.64447e-03
 Reference value :  1.66447e-03
 Reference value :  1.68447e-03
 Reference value :  1.70447e-03
 Reference value :  1.71947e-03
 Reference value :  1.73447e-03
 Reference value :  1.74947e-03
 Reference value :  1.76947e-03
 Reference value :  1.78447e-03
 Reference value :  1.79947e-03
 Reference value :  1.81947e-03
 Reference value :  1.83447e-03
 Reference value :  1.85447e-03
 Reference value :  1.87447e-03
 Reference value :  1.88947e-03
 Reference value :  1.90947e-03
 Reference value :  1.92447e-03
 Reference value :  1.93947e-03
 Reference value :  1.95947e-03
 Reference value :  1.97947e-03
 Reference value :  1.99724e-03
 Reference value :  2.00030e-03
 Reference value :  2.00042e-03
 Reference value :  2.00051e-03
 Reference value :  2.00065e-03
 Reference value :  2.00071e-03
 Reference value :  2.00073e-03
 Reference value :  2.00073e-03
 Reference value :  2.00073e-03
 Reference value :  2.00075e-03
 Reference value :  2.00078e-03
 Reference value :  2.00081e-03
 Reference value :  2.00090e-03
 Reference value :  2.00101e-03
 Reference value :  2.00115e-03
 Reference value :  2.00225e-03
 Reference value :  2.00942e-03
 Reference value :  2.02442e-03
 Reference value :  2.03942e-03
 Reference value :  2.05442e-03
 Reference value :  2.07442e-03
 Reference value :  2.09442e-03
 Reference value :  2.10942e-03
 Reference value :  2.12942e-03
 Reference value :  2.14942e-03
 Reference value :  2.16442e-03
 Reference value :  2.18442e-03
 Reference value :  2.19942e-03
 Reference value :  2.21942e-03
 Reference value :  2.23942e-03
 Reference value :  2.25942e-03
 Reference value :  2.27442e-03
 Reference value :  2.29442e-03
 Reference value :  2.31442e-03
 Reference value :  2.32942e-03
 Reference value :  2.34442e-03
 Reference value :  2.35942e-03
 Reference value :  2.37442e-03
 Reference value :  2.38942e-03
 Reference value :  2.40442e-03
 Reference value :  2.42442e-03
 Reference value :  2.44442e-03
 Reference value :  2.46442e-03
 Reference value :  2.48442e-03
 Reference value :  2.50442e-03
 Reference value :  2.51942e-03
 Reference value :  2.53942e-03
 Reference value :  2.55442e-03
 Reference value :  2.57442e-03
 Reference value :  2.59442e-03
 Reference value :  2.61442e-03
 Reference value :  2.62942e-03
 Reference value :  2.64942e-03
 Reference value :  2.66942e-03
 Reference value :  2.68942e-03
 Reference value :  2.70942e-03
 Reference value :  2.72442e-03
 Reference value :  2.74442e-03
 Reference value :  2.76442e-03
 Reference value :  2.77942e-03
 Reference value :  2.79442e-03
 Reference value :  2.80942e-03
 Reference value :  2.82942e-03
 Reference value :  2.84942e-03
 Reference value :  2.87442e-03
 Reference value :  2.89442e-03
 Reference value :  2.90942e-03
 Reference value :  2.92942e-03
 Reference value :  2.94442e-03
 Reference value :  2.95942e-03
 Reference value :  2.97942e-03
 Reference value :  2.99942e-03
 Reference value :  3.01942e-03
 Reference value :  3.03442e-03
 Reference value :  3.05442e-03
 Reference value :  3.07442e-03
 Reference value :  3.09442e-03
 Reference value :  3.11442e-03
 Reference value :  3.12942e-03
 Reference value :  3.14942e-03
 Reference value :  3.16442e-03
 Reference value :  3.18442e-03
 Reference value :  3.20442e-03
 Reference value :  3.21942e-03
 Reference value :  3.23942e-03
 Reference value :  3.25442e-03
 Reference value :  3.26942e-03
 Reference value :  3.28942e-03
 Reference value :  3.30442e-03
 Reference value :  3.31942e-03
 Reference value :  3.33442e-03
 Reference value :  3.35442e-03
 Reference value :  3.36942e-03
 Reference value :  3.38442e-03
 Reference value :  3.39942e-03
 Reference value :  3.41942e-03
 Reference value :  3.43942e-03
 Reference value :  3.45942e-03
 Reference value :  3.47942e-03
 Reference value :  3.49442e-03
 Reference value :  3.51442e-03
 Reference value :  3.52942e-03
 Reference value :  3.54942e-03
 Reference value :  3.56442e-03
 Reference value :  3.57942e-03
 Reference value :  3.59942e-03
 Reference value :  3.61942e-03
 Reference value :  3.63942e-03
 Reference value :  3.65942e-03
 Reference value :  3.67442e-03
 Reference value :  3.68942e-03
 Reference value :  3.70942e-03
 Reference value :  3.72942e-03
 Reference value :  3.74942e-03
 Reference value :  3.76442e-03
 Reference value :  3.77942e-03
 Reference value :  3.79442e-03
 Reference value :  3.81442e-03
 Reference value :  3.83942e-03
 Reference value :  3.85442e-03
 Reference value :  3.86942e-03
 Reference value :  3.88442e-03
 Reference value :  3.90442e-03
 Reference value :  3.92442e-03
 Reference value :  3.94442e-03
 Reference value :  3.96442e-03
 Reference value :  3.97942e-03
 Reference value :  3.99942e-03
 Reference value :  4.01442e-03
 Reference value :  4.03442e-03
 Reference value :  4.05442e-03
 Reference value :  4.07442e-03
 Reference value :  4.09442e-03
 Reference value :  4.10942e-03
 Reference value :  4.12942e-03
 Reference value :  4.14942e-03
 Reference value :  4.16442e-03
 Reference value :  4.17942e-03
 Reference value :  4.19442e-03
 Reference value :  4.21442e-03
 Reference value :  4.23442e-03
 Reference value :  4.25442e-03
 Reference value :  4.27442e-03
 Reference value :  4.29442e-03
 Reference value :  4.30942e-03
 Reference value :  4.32942e-03
 Reference value :  4.34942e-03
 Reference value :  4.36942e-03
 Reference value :  4.38942e-03
 Reference value :  4.40942e-03
 Reference value :  4.42442e-03
 Reference value :  4.43942e-03
 Reference value :  4.45942e-03
 Reference value :  4.47942e-03
 Reference value :  4.49721e-03
No. of Data Rows : 967
vpre                =  1.80799e+00
iq_avg              =  -2.03116e-10 from=  3.50000e-03 to=  4.50000e-03
iq_worst            =  -8.81499e-10 at=  3.50442e-03
vhold               =  1.80680e+00
Doing analysis at TEMP = -40.000000 and TNOM = 27.000000

Using KLU as Direct Linear Solver
 Reference value :  0.00000e+00
No. of Data Rows : 1
Doing analysis at TEMP = -40.000000 and TNOM = 27.000000

Using KLU as Direct Linear Solver
 Reference value :  0.00000e+00
No. of Data Rows : 1
Doing analysis at TEMP = -40.000000 and TNOM = 27.000000

Using KLU as Direct Linear Solver
 Reference value :  0.00000e+00
No. of Data Rows : 1
meas_iq_shutdown_static_ua = 1.611536e-04
meas_iq_shutdown_after_edge_ua = 8.814991e-04
meas_iq_shutdown_after_edge_mean_ua = 2.031157e-04
meas_leak_vin_vout_ua = 9.081657e-05
meas_vout_pre_disable_v = 1.807991e+00
meas_vout_hold_2ms_v = 1.806803e+00
meas_vout_disabled_static_v = 2.835307e-04
meas_ivout_held_1v8_ua = 5.766403e-01
ngspice-46 done

# ==== ngspice stderr ====
Note: Starting dynamic gmin stepping
Note: Dynamic gmin stepping completed
Note: Starting dynamic gmin stepping
Note: Dynamic gmin stepping completed
Note: Starting dynamic gmin stepping
Note: Dynamic gmin stepping completed
Note: Starting dynamic gmin stepping
Note: Dynamic gmin stepping completed
