# corner: tt_125c_3.63v
# process=tt temp=125C supply=3.63V
# ngspice exit: 0
# wall clock: 74.1s (--timeout was 300s)
# result: PASS

# ==== deck (exact input given to ngspice) ====
| * enable-shutdown corner deck -- generated by sim/bin/corner-run.py, do not edit
| * corner: tt_125c_3.63v
| .param vsup=3.63
| .option wnflag=1
| .temp 125
| .lib "/home/ubuntu/.volare/sky130A/libs.tech/combined/sky130.lib.spice" tt
| ** sch_path: sim/enable-shutdown/testbench/tb_enable_shutdown.sch
| **.subckt tb_enable_shutdown
| VVIN VIN 0 'vsup'
| .save i(vvin)
| VEN EN 0 dc 0 pwl(0 0 100u 0 101u 'vsup' 2m 'vsup' 2.001m 0 10 0)
| .save i(ven)
| VVREF VREF 0 1.2
| .save i(vvref)
| xldo VOUT VREF EN VIN ldo_3v3in_1v8out
| COUT VOUT VESR 1u m=1
| RESR VESR 0 10m m=1
| RLOAD VOUT 0 1e12 m=1
| RFORCE VOUT VF 1e12 m=1
| VFORCE VF 0 0
| .save i(vforce)
| **.ends
| 
| * expanding   symbol:  design/ldo_3v3in_1v8out.sym # of pins=4
| ** sym_path: design/ldo_3v3in_1v8out.sym
| ** sch_path: design/ldo_3v3in_1v8out.sch
| .subckt ldo_3v3in_1v8out VOUT VREF EN VIN
| *.ipin VIN
| *.ipin EN
| *.ipin VREF
| *.opin VOUT
| XR_BIAS VIN NB 0 sky130_fd_pr__res_high_po W=0.42 L=1500 mult=1 m=1
| XM_BIASN1 NB NB BIAS_ENN 0 sky130_fd_pr__nfet_g5v0d10v5 L=1 W=4 nf=1 ad=1.16 as=1.16 pd=8.58 ps=8.58 nrd=0.0725 nrs=0.0725 sa=0
| + sb=0 sd=0 mult=1 m=1
| XM_ENN BIAS_ENN EN 0 0 sky130_fd_pr__nfet_g5v0d10v5 L=0.5 W=10 nf=1 ad=2.9 as=2.9 pd=20.58 ps=20.58 nrd=0.029 nrs=0.029 sa=0 sb=0
| + sd=0 mult=1 m=1
| XM_BIASN2 BIASP NB BIAS_ENN 0 sky130_fd_pr__nfet_g5v0d10v5 L=1 W=4 nf=1 ad=1.16 as=1.16 pd=8.58 ps=8.58 nrd=0.0725 nrs=0.0725 sa=0
| + sb=0 sd=0 mult=1 m=1
| XM_BIASP1 BIASP BIASP VIN VIN sky130_fd_pr__pfet_g5v0d10v5 L=1 W=10 nf=2 ad=1.45 as=2.9 pd=10.58 ps=21.16 nrd=0.029 nrs=0.029 sa=0
| + sb=0 sd=0 mult=1 m=1
| XM_ENP2 BIASP EN VIN VIN sky130_fd_pr__pfet_g5v0d10v5 L=0.5 W=10 nf=1 ad=2.9 as=2.9 pd=20.58 ps=20.58 nrd=0.029 nrs=0.029 sa=0
| + sb=0 sd=0 mult=1 m=1
| XM_TAIL EA_TAIL BIASP VIN VIN sky130_fd_pr__pfet_g5v0d10v5 L=2 W=40 nf=8 ad=5.8 as=7.25 pd=42.32 ps=52.9 nrd=0.00725 nrs=0.00725
| + sa=0 sb=0 sd=0 mult=1 m=1
| XM_IN1 EA_D1 FB EA_TAIL VIN sky130_fd_pr__pfet_g5v0d10v5 L=2 W=10 nf=2 ad=1.45 as=2.9 pd=10.58 ps=21.16 nrd=0.029 nrs=0.029 sa=0
| + sb=0 sd=0 mult=1 m=1
| XM_IN2 EA_D2 VREF EA_TAIL VIN sky130_fd_pr__pfet_g5v0d10v5 L=2 W=10 nf=2 ad=1.45 as=2.9 pd=10.58 ps=21.16 nrd=0.029 nrs=0.029 sa=0
| + sb=0 sd=0 mult=1 m=1
| XM_MIR1 EA_D1 EA_D1 AMP_ENN 0 sky130_fd_pr__nfet_g5v0d10v5 L=4 W=10 nf=2 ad=1.45 as=2.9 pd=10.58 ps=21.16 nrd=0.029 nrs=0.029 sa=0
| + sb=0 sd=0 mult=1 m=1
| XM_MIR2 EA_OUT EA_D1 AMP_ENN 0 sky130_fd_pr__nfet_g5v0d10v5 L=4 W=10 nf=2 ad=1.45 as=2.9 pd=10.58 ps=21.16 nrd=0.029 nrs=0.029
| + sa=0 sb=0 sd=0 mult=1 m=1
| XM_ENN2 AMP_ENN EN 0 0 sky130_fd_pr__nfet_g5v0d10v5 L=0.5 W=10 nf=1 ad=2.9 as=2.9 pd=20.58 ps=20.58 nrd=0.029 nrs=0.029 sa=0 sb=0
| + sd=0 mult=1 m=1
| XM_ENP EA_OUT EN VIN VIN sky130_fd_pr__pfet_g5v0d10v5 L=0.5 W=10 nf=1 ad=2.9 as=2.9 pd=20.58 ps=20.58 nrd=0.029 nrs=0.029 sa=0
| + sb=0 sd=0 mult=1 m=1
| XM_MIR3 EA_D2 EA_D2 AMP_ENN 0 sky130_fd_pr__nfet_g5v0d10v5 L=4 W=10 nf=2 ad=1.45 as=2.9 pd=10.58 ps=21.16 nrd=0.029 nrs=0.029 sa=0
| + sb=0 sd=0 mult=1 m=1
| XM_MIR4 PB EA_D2 AMP_ENN 0 sky130_fd_pr__nfet_g5v0d10v5 L=4 W=10 nf=2 ad=1.45 as=2.9 pd=10.58 ps=21.16 nrd=0.029 nrs=0.029 sa=0
| + sb=0 sd=0 mult=1 m=1
| XM_MIRP1 PB PB VIN VIN sky130_fd_pr__pfet_g5v0d10v5 L=4 W=20 nf=4 ad=2.9 as=4.35 pd=21.16 ps=31.74 nrd=0.0145 nrs=0.0145 sa=0 sb=0
| + sd=0 mult=1 m=1
| XM_MIRP2 EA_OUT PB VIN VIN sky130_fd_pr__pfet_g5v0d10v5 L=4 W=20 nf=4 ad=2.9 as=4.35 pd=21.16 ps=31.74 nrd=0.0145 nrs=0.0145 sa=0
| + sb=0 sd=0 mult=1 m=1
| XM_ENP5 PB EN VIN VIN sky130_fd_pr__pfet_g5v0d10v5 L=0.5 W=2 nf=1 ad=0.58 as=0.58 pd=4.58 ps=4.58 nrd=0.145 nrs=0.145 sa=0 sb=0
| + sd=0 mult=1 m=1
| XM_PASS VOUT EA_OUT VIN VIN sky130_fd_pr__pfet_g5v0d10v5 L=0.5 W=100 nf=25 ad=15.08 as=15.08 pd=111.54 ps=111.54 nrd=0.0029
| + nrs=0.0029 sa=0 sb=0 sd=0 mult=25 m=25
| C_COMP VOUT EA_CZ 150p m=1
| XR_CZ EA_CZ EA_OUT 0 sky130_fd_pr__res_xhigh_po W=0.42 L=52 mult=1 m=1
| XR_FB_A VOUT FB 0 sky130_fd_pr__res_xhigh_po W=0.42 L=180 mult=1 m=1
| XR_FB_B FB N_FBB 0 sky130_fd_pr__res_xhigh_po W=0.42 L=180 mult=1 m=1
| XR_FB_C N_FBB 0 0 sky130_fd_pr__res_xhigh_po W=0.42 L=180 mult=1 m=1
| XM_SENSE CL_SNS EA_OUT VIN VIN sky130_fd_pr__pfet_g5v0d10v5 L=0.5 W=0.42 nf=1 ad=0.1218 as=0.1218 pd=1.42 ps=1.42
| + nrd=0.69047619047619 nrs=0.69047619047619 sa=0 sb=0 sd=0 mult=1 m=1
| XM_CLN1 CL_SNS CL_SNS AMP_ENN 0 sky130_fd_pr__nfet_g5v0d10v5 L=1 W=20 nf=1 ad=5.8 as=5.8 pd=40.58 ps=40.58 nrd=0.0145 nrs=0.0145
| + sa=0 sb=0 sd=0 mult=1 m=1
| XM_CLN2 CL_CMP CL_SNS AMP_ENN 0 sky130_fd_pr__nfet_g5v0d10v5 L=1 W=1.6 nf=1 ad=0.464 as=0.464 pd=3.78 ps=3.78 nrd=0.18125
| + nrs=0.18125 sa=0 sb=0 sd=0 mult=1 m=1
| XM_CLP CL_CMP BIASP VIN VIN sky130_fd_pr__pfet_g5v0d10v5 L=1 W=10 nf=2 ad=1.45 as=2.9 pd=10.58 ps=21.16 nrd=0.029 nrs=0.029 sa=0
| + sb=0 sd=0 mult=1 m=1
| XM_CLIM EA_OUT CL_CMP VIN VIN sky130_fd_pr__pfet_g5v0d10v5 L=0.5 W=20 nf=4 ad=2.9 as=4.35 pd=21.16 ps=31.74 nrd=0.0145 nrs=0.0145
| + sa=0 sb=0 sd=0 mult=1 m=1
| XM_ENP3 CL_CMP EN VIN VIN sky130_fd_pr__pfet_g5v0d10v5 L=0.5 W=2 nf=1 ad=0.58 as=0.58 pd=4.58 ps=4.58 nrd=0.145 nrs=0.145 sa=0
| + sb=0 sd=0 mult=1 m=1
| C_CL VIN CL_CMP 1p m=1
| XM_INVP ENB EN VIN VIN sky130_fd_pr__pfet_g5v0d10v5 L=0.5 W=2 nf=1 ad=0.58 as=0.58 pd=4.58 ps=4.58 nrd=0.145 nrs=0.145 sa=0 sb=0
| + sd=0 mult=1 m=1
| XM_INVN ENB EN 0 0 sky130_fd_pr__nfet_g5v0d10v5 L=0.5 W=1 nf=1 ad=0.29 as=0.29 pd=2.58 ps=2.58 nrd=0.29 nrs=0.29 sa=0 sb=0 sd=0
| + mult=1 m=1
| XM_SSDIS SS ENB 0 0 sky130_fd_pr__nfet_g5v0d10v5 L=0.5 W=2 nf=1 ad=0.58 as=0.58 pd=4.58 ps=4.58 nrd=0.145 nrs=0.145 sa=0 sb=0 sd=0
| + mult=1 m=1
| XM_SSCHG SS BIASP VIN VIN sky130_fd_pr__pfet_g5v0d10v5 L=8 W=1 nf=1 ad=0.29 as=0.29 pd=2.58 ps=2.58 nrd=0.29 nrs=0.29 sa=0 sb=0
| + sd=0 mult=1 m=1
| C_SS SS 0 10p m=1
| XM_IN2S EA_D2 SS EA_TAIL VIN sky130_fd_pr__pfet_g5v0d10v5 L=2 W=10 nf=2 ad=1.45 as=2.9 pd=10.58 ps=21.16 nrd=0.029 nrs=0.029 sa=0
| + sb=0 sd=0 mult=1 m=1
| XM_TSPS TS_SNS BIASP VIN VIN sky130_fd_pr__pfet_g5v0d10v5 L=1 W=2.5 nf=1 ad=0.725 as=0.725 pd=5.58 ps=5.58 nrd=0.116 nrs=0.116
| + sa=0 sb=0 sd=0 mult=1 m=1
| XM_TSD1 TS_SNS TS_SNS TS_MID 0 sky130_fd_pr__nfet_g5v0d10v5 L=1 W=80 nf=16 ad=11.6 as=13.05 pd=84.64 ps=95.22 nrd=0.003625
| + nrs=0.003625 sa=0 sb=0 sd=0 mult=1 m=1
| XM_TSD2 TS_MID TS_MID AMP_ENN 0 sky130_fd_pr__nfet_g5v0d10v5 L=1 W=80 nf=16 ad=11.6 as=13.05 pd=84.64 ps=95.22 nrd=0.003625
| + nrs=0.003625 sa=0 sb=0 sd=0 mult=1 m=1
| XM_TSPR TS_REF BIASP VIN VIN sky130_fd_pr__pfet_g5v0d10v5 L=1 W=2.5 nf=1 ad=0.725 as=0.725 pd=5.58 ps=5.58 nrd=0.116 nrs=0.116
| + sa=0 sb=0 sd=0 mult=1 m=1
| XM_TSR1 TS_REF TS_REF AMP_ENN 0 sky130_fd_pr__nfet_g5v0d10v5 L=10 W=2 nf=1 ad=0.58 as=0.58 pd=4.58 ps=4.58 nrd=0.145 nrs=0.145
| + sa=0 sb=0 sd=0 mult=1 m=1
| XM_TCTAIL TC_TAIL NB AMP_ENN 0 sky130_fd_pr__nfet_g5v0d10v5 L=1 W=1 nf=1 ad=0.29 as=0.29 pd=2.58 ps=2.58 nrd=0.29 nrs=0.29 sa=0
| + sb=0 sd=0 mult=1 m=1
| XM_TCN1 TC_D1 TS_SNS TC_TAIL 0 sky130_fd_pr__nfet_g5v0d10v5 L=2 W=10 nf=2 ad=1.45 as=2.9 pd=10.58 ps=21.16 nrd=0.029 nrs=0.029
| + sa=0 sb=0 sd=0 mult=1 m=1
| XM_TCN2 TS_CMP TS_REF TC_TAIL 0 sky130_fd_pr__nfet_g5v0d10v5 L=2 W=10 nf=2 ad=1.45 as=2.9 pd=10.58 ps=21.16 nrd=0.029 nrs=0.029
| + sa=0 sb=0 sd=0 mult=1 m=1
| XM_TCP1 TC_D1 TC_D1 VIN VIN sky130_fd_pr__pfet_g5v0d10v5 L=2 W=10 nf=2 ad=1.45 as=2.9 pd=10.58 ps=21.16 nrd=0.029 nrs=0.029 sa=0
| + sb=0 sd=0 mult=1 m=1
| XM_TCP2 TS_CMP TC_D1 VIN VIN sky130_fd_pr__pfet_g5v0d10v5 L=2 W=10 nf=2 ad=1.45 as=2.9 pd=10.58 ps=21.16 nrd=0.029 nrs=0.029 sa=0
| + sb=0 sd=0 mult=1 m=1
| XM_TSHUT EA_OUT TS_CMP VIN VIN sky130_fd_pr__pfet_g5v0d10v5 L=0.5 W=20 nf=4 ad=2.9 as=4.35 pd=21.16 ps=31.74 nrd=0.0145 nrs=0.0145
| + sa=0 sb=0 sd=0 mult=1 m=1
| XM_TSHYSB TS_HYS BIASP VIN VIN sky130_fd_pr__pfet_g5v0d10v5 L=2 W=1.5 nf=1 ad=0.435 as=0.435 pd=3.58 ps=3.58 nrd=0.193333333333333
| + nrs=0.193333333333333 sa=0 sb=0 sd=0 mult=1 m=1
| XM_TSHYS TS_REF TS_CMP TS_HYS VIN sky130_fd_pr__pfet_g5v0d10v5 L=0.5 W=2 nf=1 ad=0.58 as=0.58 pd=4.58 ps=4.58 nrd=0.145 nrs=0.145
| + sa=0 sb=0 sd=0 mult=1 m=1
| XM_ENP4 TS_CMP EN VIN VIN sky130_fd_pr__pfet_g5v0d10v5 L=0.5 W=2 nf=1 ad=0.58 as=0.58 pd=4.58 ps=4.58 nrd=0.145 nrs=0.145 sa=0
| + sb=0 sd=0 mult=1 m=1
| C_TS VIN TS_CMP 1p m=1
| .ends
| 
| .control
| save all
| * --- leg 1: full cycle -- EN rises at t=100us, block regulates, EN falls at t=2ms ---
| tran 5u 4.5m
| meas tran vpre find v(vout) at=1.9m
| meas tran iq_avg avg i(vvin) from=3.5m to=4.5m
| meas tran iq_worst min i(vvin) from=3.5m to=4.5m
| meas tran vhold find v(vout) at=4m
| * --- leg 2: static disabled state, output free-floating ---
| op
| * --- leg 3: static disabled state, VOUT forced to 0 V (Vin->Vout leakage) ---
| alter rforce = 1m
| op
| * --- leg 4: static disabled state, VOUT held at the 1.8 V nominal output ---
| alter vforce = 1.8
| op
| let meas_iq_shutdown_static_ua = -1e6*op1.i(vvin)
| let meas_iq_shutdown_after_edge_ua = -1e6*tran1.iq_worst
| let meas_iq_shutdown_after_edge_mean_ua = -1e6*tran1.iq_avg
| let meas_leak_vin_vout_ua = 1e6*op2.i(vforce)
| let meas_vout_pre_disable_v = tran1.vpre
| let meas_vout_hold_2ms_v = tran1.vhold
| let meas_vout_disabled_static_v = op1.v(vout)
| let meas_ivout_held_1v8_ua = -1e6*op3.i(vforce)
| print meas_iq_shutdown_static_ua
| print meas_iq_shutdown_after_edge_ua
| print meas_iq_shutdown_after_edge_mean_ua
| print meas_leak_vin_vout_ua
| print meas_vout_pre_disable_v
| print meas_vout_hold_2ms_v
| print meas_vout_disabled_static_v
| print meas_ivout_held_1v8_ua
| quit
| .endc
| .end

# ==== ngspice stdout ====

Note: Compatibility modes selected: hs a


Circuit: * enable-shutdown corner deck -- generated by sim/bin/corner-run.py, do not edit

option SCALE: Scale is set to 1e-06 for instance and model parameters
option SCALE: Scale is set to 1e-06 for instance and model parameters
option SCALE: Scale is set to 1e-06 for instance and model parameters
option SCALE: Scale is set to 1e-06 for instance and model parameters
Doing analysis at TEMP = 125.000000 and TNOM = 27.000000

Using KLU as Direct Linear Solver
 Reference value :  0.00000e+00
 Reference value :  4.00000e-07
 Reference value :  6.40000e-06
 Reference value :  2.64000e-05
 Reference value :  4.64000e-05
 Reference value :  6.64000e-05
 Reference value :  8.64000e-05
 Reference value :  1.00100e-04
 Reference value :  1.00411e-04
 Reference value :  1.00587e-04
 Reference value :  1.00753e-04
 Reference value :  1.00849e-04
 Reference value :  1.00925e-04
 Reference value :  1.01000e-04
 Reference value :  1.01039e-04
 Reference value :  1.01163e-04
 Reference value :  1.01323e-04
 Reference value :  1.01830e-04
 Reference value :  1.02917e-04
 Reference value :  1.10365e-04
 Reference value :  1.25365e-04
 Reference value :  1.40365e-04
 Reference value :  1.55365e-04
 Reference value :  1.75365e-04
 Reference value :  1.90365e-04
 Reference value :  2.05365e-04
 Reference value :  2.25365e-04
 Reference value :  2.40365e-04
 Reference value :  2.55365e-04
 Reference value :  2.75365e-04
 Reference value :  2.95365e-04
 Reference value :  3.15365e-04
 Reference value :  3.30365e-04
 Reference value :  3.45365e-04
 Reference value :  3.60365e-04
 Reference value :  3.75365e-04
 Reference value :  3.95365e-04
 Reference value :  4.15365e-04
 Reference value :  4.35365e-04
 Reference value :  4.50365e-04
 Reference value :  4.65365e-04
 Reference value :  4.80365e-04
 Reference value :  4.95365e-04
 Reference value :  5.10365e-04
 Reference value :  5.25365e-04
 Reference value :  5.40365e-04
 Reference value :  5.55365e-04
 Reference value :  5.65365e-04
 Reference value :  5.75365e-04
 Reference value :  5.90365e-04
 Reference value :  6.05365e-04
 Reference value :  6.15365e-04
 Reference value :  6.25365e-04
 Reference value :  6.35365e-04
 Reference value :  6.45365e-04
 Reference value :  6.55365e-04
 Reference value :  6.65365e-04
 Reference value :  6.80365e-04
 Reference value :  6.95365e-04
 Reference value :  7.10365e-04
 Reference value :  7.30365e-04
 Reference value :  7.50365e-04
 Reference value :  7.70365e-04
 Reference value :  7.85365e-04
 Reference value :  8.00365e-04
 Reference value :  8.15365e-04
 Reference value :  8.35365e-04
 Reference value :  8.55365e-04
 Reference value :  8.75365e-04
 Reference value :  8.95365e-04
 Reference value :  9.15365e-04
 Reference value :  9.30365e-04
 Reference value :  9.50365e-04
 Reference value :  9.70365e-04
 Reference value :  9.85365e-04
 Reference value :  1.00536e-03
 Reference value :  1.02036e-03
 Reference value :  1.04036e-03
 Reference value :  1.05536e-03
 Reference value :  1.07036e-03
 Reference value :  1.08536e-03
 Reference value :  1.10536e-03
 Reference value :  1.12536e-03
 Reference value :  1.14036e-03
 Reference value :  1.15536e-03
 Reference value :  1.17036e-03
 Reference value :  1.18536e-03
 Reference value :  1.20536e-03
 Reference value :  1.22536e-03
 Reference value :  1.24036e-03
 Reference value :  1.26036e-03
 Reference value :  1.28036e-03
 Reference value :  1.30036e-03
 Reference value :  1.32536e-03
 Reference value :  1.34536e-03
 Reference value :  1.37036e-03
 Reference value :  1.39036e-03
 Reference value :  1.41036e-03
 Reference value :  1.43036e-03
 Reference value :  1.44536e-03
 Reference value :  1.46036e-03
 Reference value :  1.47536e-03
 Reference value :  1.49036e-03
 Reference value :  1.51036e-03
 Reference value :  1.53036e-03
 Reference value :  1.55536e-03
 Reference value :  1.57536e-03
 Reference value :  1.59536e-03
 Reference value :  1.61036e-03
 Reference value :  1.62536e-03
 Reference value :  1.64036e-03
 Reference value :  1.65536e-03
 Reference value :  1.67536e-03
 Reference value :  1.69536e-03
 Reference value :  1.71036e-03
 Reference value :  1.72536e-03
 Reference value :  1.74536e-03
 Reference value :  1.76536e-03
 Reference value :  1.78536e-03
 Reference value :  1.80536e-03
 Reference value :  1.82536e-03
 Reference value :  1.84536e-03
 Reference value :  1.86536e-03
 Reference value :  1.88536e-03
 Reference value :  1.90536e-03
 Reference value :  1.92536e-03
 Reference value :  1.94536e-03
 Reference value :  1.96536e-03
 Reference value :  1.98036e-03
 Reference value :  1.99536e-03
 Reference value :  2.00030e-03
 Reference value :  2.00041e-03
 Reference value :  2.00059e-03
 Reference value :  2.00066e-03
 Reference value :  2.00067e-03
 Reference value :  2.00069e-03
 Reference value :  2.00071e-03
 Reference value :  2.00074e-03
 Reference value :  2.00080e-03
 Reference value :  2.00087e-03
 Reference value :  2.00100e-03
 Reference value :  2.00105e-03
 Reference value :  2.00122e-03
 Reference value :  2.00180e-03
 Reference value :  2.00585e-03
 Reference value :  2.02443e-03
 Reference value :  2.04443e-03
 Reference value :  2.06443e-03
 Reference value :  2.08443e-03
 Reference value :  2.10443e-03
 Reference value :  2.12443e-03
 Reference value :  2.14443e-03
 Reference value :  2.16443e-03
 Reference value :  2.17943e-03
 Reference value :  2.19943e-03
 Reference value :  2.21443e-03
 Reference value :  2.23443e-03
 Reference value :  2.24943e-03
 Reference value :  2.26943e-03
 Reference value :  2.28943e-03
 Reference value :  2.30443e-03
 Reference value :  2.32443e-03
 Reference value :  2.34443e-03
 Reference value :  2.36443e-03
 Reference value :  2.38443e-03
 Reference value :  2.40943e-03
 Reference value :  2.42943e-03
 Reference value :  2.44943e-03
 Reference value :  2.46943e-03
 Reference value :  2.48943e-03
 Reference value :  2.50443e-03
 Reference value :  2.52443e-03
 Reference value :  2.54443e-03
 Reference value :  2.55943e-03
 Reference value :  2.57943e-03
 Reference value :  2.60443e-03
 Reference value :  2.61943e-03
 Reference value :  2.63443e-03
 Reference value :  2.65443e-03
 Reference value :  2.67443e-03
 Reference value :  2.69943e-03
 Reference value :  2.71943e-03
 Reference value :  2.73943e-03
 Reference value :  2.75943e-03
 Reference value :  2.78443e-03
 Reference value :  2.80443e-03
 Reference value :  2.82443e-03
 Reference value :  2.84443e-03
 Reference value :  2.86443e-03
 Reference value :  2.88443e-03
 Reference value :  2.90443e-03
 Reference value :  2.92443e-03
 Reference value :  2.94443e-03
 Reference value :  2.96443e-03
 Reference value :  2.98443e-03
 Reference value :  3.00443e-03
 Reference value :  3.02443e-03
 Reference value :  3.04443e-03
 Reference value :  3.06443e-03
 Reference value :  3.07943e-03
 Reference value :  3.09443e-03
 Reference value :  3.11443e-03
 Reference value :  3.13443e-03
 Reference value :  3.15443e-03
 Reference value :  3.16943e-03
 Reference value :  3.18943e-03
 Reference value :  3.21443e-03
 Reference value :  3.23443e-03
 Reference value :  3.25443e-03
 Reference value :  3.26943e-03
 Reference value :  3.28943e-03
 Reference value :  3.31443e-03
 Reference value :  3.33443e-03
 Reference value :  3.35443e-03
 Reference value :  3.37443e-03
 Reference value :  3.38943e-03
 Reference value :  3.40943e-03
 Reference value :  3.42443e-03
 Reference value :  3.44443e-03
 Reference value :  3.46443e-03
 Reference value :  3.48443e-03
 Reference value :  3.50443e-03
 Reference value :  3.51943e-03
 Reference value :  3.53443e-03
 Reference value :  3.55443e-03
 Reference value :  3.57443e-03
 Reference value :  3.58943e-03
 Reference value :  3.60443e-03
 Reference value :  3.61943e-03
 Reference value :  3.63943e-03
 Reference value :  3.65943e-03
 Reference value :  3.67943e-03
 Reference value :  3.69943e-03
 Reference value :  3.71443e-03
 Reference value :  3.72943e-03
 Reference value :  3.74443e-03
 Reference value :  3.75943e-03
 Reference value :  3.77943e-03
 Reference value :  3.79943e-03
 Reference value :  3.81943e-03
 Reference value :  3.83443e-03
 Reference value :  3.85443e-03
 Reference value :  3.87443e-03
 Reference value :  3.89443e-03
 Reference value :  3.91443e-03
 Reference value :  3.93443e-03
 Reference value :  3.94943e-03
 Reference value :  3.96943e-03
 Reference value :  3.98443e-03
 Reference value :  3.99943e-03
 Reference value :  4.01443e-03
 Reference value :  4.03443e-03
 Reference value :  4.05443e-03
 Reference value :  4.07443e-03
 Reference value :  4.09443e-03
 Reference value :  4.10943e-03
 Reference value :  4.12443e-03
 Reference value :  4.14443e-03
 Reference value :  4.16443e-03
 Reference value :  4.18443e-03
 Reference value :  4.20443e-03
 Reference value :  4.21943e-03
 Reference value :  4.23943e-03
 Reference value :  4.25443e-03
 Reference value :  4.26943e-03
 Reference value :  4.28943e-03
 Reference value :  4.30443e-03
 Reference value :  4.32443e-03
 Reference value :  4.34443e-03
 Reference value :  4.35943e-03
 Reference value :  4.37443e-03
 Reference value :  4.39443e-03
 Reference value :  4.40943e-03
 Reference value :  4.42943e-03
 Reference value :  4.44943e-03
 Reference value :  4.46943e-03
 Reference value :  4.48943e-03
 Reference value :  4.50000e-03
No. of Data Rows : 967
vpre                =  1.81959e+00
iq_avg              =  -8.76940e-09 from=  3.50000e-03 to=  4.50000e-03
iq_worst            =  -9.82619e-09 at=  3.50943e-03
vhold               =  1.81841e+00
Doing analysis at TEMP = 125.000000 and TNOM = 27.000000

Using KLU as Direct Linear Solver
 Reference value :  0.00000e+00
No. of Data Rows : 1
Doing analysis at TEMP = 125.000000 and TNOM = 27.000000

Using KLU as Direct Linear Solver
 Reference value :  0.00000e+00
No. of Data Rows : 1
Doing analysis at TEMP = 125.000000 and TNOM = 27.000000

Using KLU as Direct Linear Solver
 Reference value :  0.00000e+00
No. of Data Rows : 1
meas_iq_shutdown_static_ua = 1.740957e-02
meas_iq_shutdown_after_edge_ua = 9.826189e-03
meas_iq_shutdown_after_edge_mean_ua = 8.769404e-03
meas_leak_vin_vout_ua = 1.562439e-02
meas_vout_pre_disable_v = 1.819591e+00
meas_vout_hold_2ms_v = 1.818408e+00
meas_vout_disabled_static_v = 4.686097e-02
meas_ivout_held_1v8_ua = 5.706486e-01
ngspice-46 done

# ==== ngspice stderr ====

