# corner: tt_125c_2.97v
# process=tt temp=125C supply=2.97V
# ngspice exit: 0
# wall clock: 68.7s (--timeout was 300s)
# result: PASS

# ==== deck (exact input given to ngspice) ====
| * enable-shutdown corner deck -- generated by sim/bin/corner-run.py, do not edit
| * corner: tt_125c_2.97v
| .param vsup=2.97
| .option wnflag=1
| .temp 125
| .lib "/home/ubuntu/.volare/sky130A/libs.tech/combined/sky130.lib.spice" tt
| ** sch_path: sim/enable-shutdown/testbench/tb_enable_shutdown.sch
| **.subckt tb_enable_shutdown
| VVIN VIN 0 'vsup'
| .save i(vvin)
| VEN EN 0 dc 0 pwl(0 0 100u 0 101u 'vsup' 2m 'vsup' 2.001m 0 10 0)
| .save i(ven)
| VVREF VREF 0 1.2
| .save i(vvref)
| xldo VOUT VREF EN VIN ldo_3v3in_1v8out
| COUT VOUT VESR 1u m=1
| RESR VESR 0 10m m=1
| RLOAD VOUT 0 1e12 m=1
| RFORCE VOUT VF 1e12 m=1
| VFORCE VF 0 0
| .save i(vforce)
| **.ends
| 
| * expanding   symbol:  design/ldo_3v3in_1v8out.sym # of pins=4
| ** sym_path: design/ldo_3v3in_1v8out.sym
| ** sch_path: design/ldo_3v3in_1v8out.sch
| .subckt ldo_3v3in_1v8out VOUT VREF EN VIN
| *.ipin VIN
| *.ipin EN
| *.ipin VREF
| *.opin VOUT
| XR_BIAS VIN NB 0 sky130_fd_pr__res_high_po W=0.42 L=1500 mult=1 m=1
| XM_BIASN1 NB NB BIAS_ENN 0 sky130_fd_pr__nfet_g5v0d10v5 L=1 W=4 nf=1 ad=1.16 as=1.16 pd=8.58 ps=8.58 nrd=0.0725 nrs=0.0725 sa=0
| + sb=0 sd=0 mult=1 m=1
| XM_ENN BIAS_ENN EN 0 0 sky130_fd_pr__nfet_g5v0d10v5 L=0.5 W=10 nf=1 ad=2.9 as=2.9 pd=20.58 ps=20.58 nrd=0.029 nrs=0.029 sa=0 sb=0
| + sd=0 mult=1 m=1
| XM_BIASN2 BIASP NB BIAS_ENN 0 sky130_fd_pr__nfet_g5v0d10v5 L=1 W=4 nf=1 ad=1.16 as=1.16 pd=8.58 ps=8.58 nrd=0.0725 nrs=0.0725 sa=0
| + sb=0 sd=0 mult=1 m=1
| XM_BIASP1 BIASP BIASP VIN VIN sky130_fd_pr__pfet_g5v0d10v5 L=1 W=10 nf=2 ad=1.45 as=2.9 pd=10.58 ps=21.16 nrd=0.029 nrs=0.029 sa=0
| + sb=0 sd=0 mult=1 m=1
| XM_ENP2 BIASP EN VIN VIN sky130_fd_pr__pfet_g5v0d10v5 L=0.5 W=10 nf=1 ad=2.9 as=2.9 pd=20.58 ps=20.58 nrd=0.029 nrs=0.029 sa=0
| + sb=0 sd=0 mult=1 m=1
| XM_TAIL EA_TAIL BIASP VIN VIN sky130_fd_pr__pfet_g5v0d10v5 L=2 W=40 nf=8 ad=5.8 as=7.25 pd=42.32 ps=52.9 nrd=0.00725 nrs=0.00725
| + sa=0 sb=0 sd=0 mult=1 m=1
| XM_IN1 EA_D1 FB EA_TAIL VIN sky130_fd_pr__pfet_g5v0d10v5 L=2 W=10 nf=2 ad=1.45 as=2.9 pd=10.58 ps=21.16 nrd=0.029 nrs=0.029 sa=0
| + sb=0 sd=0 mult=1 m=1
| XM_IN2 EA_D2 VREF EA_TAIL VIN sky130_fd_pr__pfet_g5v0d10v5 L=2 W=10 nf=2 ad=1.45 as=2.9 pd=10.58 ps=21.16 nrd=0.029 nrs=0.029 sa=0
| + sb=0 sd=0 mult=1 m=1
| XM_MIR1 EA_D1 EA_D1 AMP_ENN 0 sky130_fd_pr__nfet_g5v0d10v5 L=4 W=10 nf=2 ad=1.45 as=2.9 pd=10.58 ps=21.16 nrd=0.029 nrs=0.029 sa=0
| + sb=0 sd=0 mult=1 m=1
| XM_MIR2 EA_OUT EA_D1 AMP_ENN 0 sky130_fd_pr__nfet_g5v0d10v5 L=4 W=10 nf=2 ad=1.45 as=2.9 pd=10.58 ps=21.16 nrd=0.029 nrs=0.029
| + sa=0 sb=0 sd=0 mult=1 m=1
| XM_ENN2 AMP_ENN EN 0 0 sky130_fd_pr__nfet_g5v0d10v5 L=0.5 W=10 nf=1 ad=2.9 as=2.9 pd=20.58 ps=20.58 nrd=0.029 nrs=0.029 sa=0 sb=0
| + sd=0 mult=1 m=1
| XM_ENP EA_OUT EN VIN VIN sky130_fd_pr__pfet_g5v0d10v5 L=0.5 W=10 nf=1 ad=2.9 as=2.9 pd=20.58 ps=20.58 nrd=0.029 nrs=0.029 sa=0
| + sb=0 sd=0 mult=1 m=1
| XM_MIR3 EA_D2 EA_D2 AMP_ENN 0 sky130_fd_pr__nfet_g5v0d10v5 L=4 W=10 nf=2 ad=1.45 as=2.9 pd=10.58 ps=21.16 nrd=0.029 nrs=0.029 sa=0
| + sb=0 sd=0 mult=1 m=1
| XM_MIR4 PB EA_D2 AMP_ENN 0 sky130_fd_pr__nfet_g5v0d10v5 L=4 W=10 nf=2 ad=1.45 as=2.9 pd=10.58 ps=21.16 nrd=0.029 nrs=0.029 sa=0
| + sb=0 sd=0 mult=1 m=1
| XM_MIRP1 PB PB VIN VIN sky130_fd_pr__pfet_g5v0d10v5 L=4 W=20 nf=4 ad=2.9 as=4.35 pd=21.16 ps=31.74 nrd=0.0145 nrs=0.0145 sa=0 sb=0
| + sd=0 mult=1 m=1
| XM_MIRP2 EA_OUT PB VIN VIN sky130_fd_pr__pfet_g5v0d10v5 L=4 W=20 nf=4 ad=2.9 as=4.35 pd=21.16 ps=31.74 nrd=0.0145 nrs=0.0145 sa=0
| + sb=0 sd=0 mult=1 m=1
| XM_ENP5 PB EN VIN VIN sky130_fd_pr__pfet_g5v0d10v5 L=0.5 W=2 nf=1 ad=0.58 as=0.58 pd=4.58 ps=4.58 nrd=0.145 nrs=0.145 sa=0 sb=0
| + sd=0 mult=1 m=1
| XM_PASS VOUT EA_OUT VIN VIN sky130_fd_pr__pfet_g5v0d10v5 L=0.5 W=100 nf=25 ad=15.08 as=15.08 pd=111.54 ps=111.54 nrd=0.0029
| + nrs=0.0029 sa=0 sb=0 sd=0 mult=25 m=25
| C_COMP VOUT EA_CZ 150p m=1
| XR_CZ EA_CZ EA_OUT 0 sky130_fd_pr__res_xhigh_po W=0.42 L=52 mult=1 m=1
| XR_FB_A VOUT FB 0 sky130_fd_pr__res_xhigh_po W=0.42 L=180 mult=1 m=1
| XR_FB_B FB N_FBB 0 sky130_fd_pr__res_xhigh_po W=0.42 L=180 mult=1 m=1
| XR_FB_C N_FBB 0 0 sky130_fd_pr__res_xhigh_po W=0.42 L=180 mult=1 m=1
| XM_SENSE CL_SNS EA_OUT VIN VIN sky130_fd_pr__pfet_g5v0d10v5 L=0.5 W=0.42 nf=1 ad=0.1218 as=0.1218 pd=1.42 ps=1.42
| + nrd=0.69047619047619 nrs=0.69047619047619 sa=0 sb=0 sd=0 mult=1 m=1
| XM_CLN1 CL_SNS CL_SNS AMP_ENN 0 sky130_fd_pr__nfet_g5v0d10v5 L=1 W=20 nf=1 ad=5.8 as=5.8 pd=40.58 ps=40.58 nrd=0.0145 nrs=0.0145
| + sa=0 sb=0 sd=0 mult=1 m=1
| XM_CLN2 CL_CMP CL_SNS AMP_ENN 0 sky130_fd_pr__nfet_g5v0d10v5 L=1 W=1.6 nf=1 ad=0.464 as=0.464 pd=3.78 ps=3.78 nrd=0.18125
| + nrs=0.18125 sa=0 sb=0 sd=0 mult=1 m=1
| XM_CLP CL_CMP BIASP VIN VIN sky130_fd_pr__pfet_g5v0d10v5 L=1 W=10 nf=2 ad=1.45 as=2.9 pd=10.58 ps=21.16 nrd=0.029 nrs=0.029 sa=0
| + sb=0 sd=0 mult=1 m=1
| XM_CLIM EA_OUT CL_CMP VIN VIN sky130_fd_pr__pfet_g5v0d10v5 L=0.5 W=20 nf=4 ad=2.9 as=4.35 pd=21.16 ps=31.74 nrd=0.0145 nrs=0.0145
| + sa=0 sb=0 sd=0 mult=1 m=1
| XM_ENP3 CL_CMP EN VIN VIN sky130_fd_pr__pfet_g5v0d10v5 L=0.5 W=2 nf=1 ad=0.58 as=0.58 pd=4.58 ps=4.58 nrd=0.145 nrs=0.145 sa=0
| + sb=0 sd=0 mult=1 m=1
| C_CL VIN CL_CMP 1p m=1
| XM_INVP ENB EN VIN VIN sky130_fd_pr__pfet_g5v0d10v5 L=0.5 W=2 nf=1 ad=0.58 as=0.58 pd=4.58 ps=4.58 nrd=0.145 nrs=0.145 sa=0 sb=0
| + sd=0 mult=1 m=1
| XM_INVN ENB EN 0 0 sky130_fd_pr__nfet_g5v0d10v5 L=0.5 W=1 nf=1 ad=0.29 as=0.29 pd=2.58 ps=2.58 nrd=0.29 nrs=0.29 sa=0 sb=0 sd=0
| + mult=1 m=1
| XM_SSDIS SS ENB 0 0 sky130_fd_pr__nfet_g5v0d10v5 L=0.5 W=2 nf=1 ad=0.58 as=0.58 pd=4.58 ps=4.58 nrd=0.145 nrs=0.145 sa=0 sb=0 sd=0
| + mult=1 m=1
| XM_SSCHG SS BIASP VIN VIN sky130_fd_pr__pfet_g5v0d10v5 L=8 W=1 nf=1 ad=0.29 as=0.29 pd=2.58 ps=2.58 nrd=0.29 nrs=0.29 sa=0 sb=0
| + sd=0 mult=1 m=1
| C_SS SS 0 10p m=1
| XM_IN2S EA_D2 SS EA_TAIL VIN sky130_fd_pr__pfet_g5v0d10v5 L=2 W=10 nf=2 ad=1.45 as=2.9 pd=10.58 ps=21.16 nrd=0.029 nrs=0.029 sa=0
| + sb=0 sd=0 mult=1 m=1
| XM_TSPS TS_SNS BIASP VIN VIN sky130_fd_pr__pfet_g5v0d10v5 L=1 W=2.5 nf=1 ad=0.725 as=0.725 pd=5.58 ps=5.58 nrd=0.116 nrs=0.116
| + sa=0 sb=0 sd=0 mult=1 m=1
| XM_TSD1 TS_SNS TS_SNS TS_MID 0 sky130_fd_pr__nfet_g5v0d10v5 L=1 W=80 nf=16 ad=11.6 as=13.05 pd=84.64 ps=95.22 nrd=0.003625
| + nrs=0.003625 sa=0 sb=0 sd=0 mult=1 m=1
| XM_TSD2 TS_MID TS_MID AMP_ENN 0 sky130_fd_pr__nfet_g5v0d10v5 L=1 W=80 nf=16 ad=11.6 as=13.05 pd=84.64 ps=95.22 nrd=0.003625
| + nrs=0.003625 sa=0 sb=0 sd=0 mult=1 m=1
| XM_TSPR TS_REF BIASP VIN VIN sky130_fd_pr__pfet_g5v0d10v5 L=1 W=2.5 nf=1 ad=0.725 as=0.725 pd=5.58 ps=5.58 nrd=0.116 nrs=0.116
| + sa=0 sb=0 sd=0 mult=1 m=1
| XM_TSR1 TS_REF TS_REF AMP_ENN 0 sky130_fd_pr__nfet_g5v0d10v5 L=10 W=2 nf=1 ad=0.58 as=0.58 pd=4.58 ps=4.58 nrd=0.145 nrs=0.145
| + sa=0 sb=0 sd=0 mult=1 m=1
| XM_TCTAIL TC_TAIL NB AMP_ENN 0 sky130_fd_pr__nfet_g5v0d10v5 L=1 W=1 nf=1 ad=0.29 as=0.29 pd=2.58 ps=2.58 nrd=0.29 nrs=0.29 sa=0
| + sb=0 sd=0 mult=1 m=1
| XM_TCN1 TC_D1 TS_SNS TC_TAIL 0 sky130_fd_pr__nfet_g5v0d10v5 L=2 W=10 nf=2 ad=1.45 as=2.9 pd=10.58 ps=21.16 nrd=0.029 nrs=0.029
| + sa=0 sb=0 sd=0 mult=1 m=1
| XM_TCN2 TS_CMP TS_REF TC_TAIL 0 sky130_fd_pr__nfet_g5v0d10v5 L=2 W=10 nf=2 ad=1.45 as=2.9 pd=10.58 ps=21.16 nrd=0.029 nrs=0.029
| + sa=0 sb=0 sd=0 mult=1 m=1
| XM_TCP1 TC_D1 TC_D1 VIN VIN sky130_fd_pr__pfet_g5v0d10v5 L=2 W=10 nf=2 ad=1.45 as=2.9 pd=10.58 ps=21.16 nrd=0.029 nrs=0.029 sa=0
| + sb=0 sd=0 mult=1 m=1
| XM_TCP2 TS_CMP TC_D1 VIN VIN sky130_fd_pr__pfet_g5v0d10v5 L=2 W=10 nf=2 ad=1.45 as=2.9 pd=10.58 ps=21.16 nrd=0.029 nrs=0.029 sa=0
| + sb=0 sd=0 mult=1 m=1
| XM_TSHUT EA_OUT TS_CMP VIN VIN sky130_fd_pr__pfet_g5v0d10v5 L=0.5 W=20 nf=4 ad=2.9 as=4.35 pd=21.16 ps=31.74 nrd=0.0145 nrs=0.0145
| + sa=0 sb=0 sd=0 mult=1 m=1
| XM_TSHYSB TS_HYS BIASP VIN VIN sky130_fd_pr__pfet_g5v0d10v5 L=2 W=1.5 nf=1 ad=0.435 as=0.435 pd=3.58 ps=3.58 nrd=0.193333333333333
| + nrs=0.193333333333333 sa=0 sb=0 sd=0 mult=1 m=1
| XM_TSHYS TS_REF TS_CMP TS_HYS VIN sky130_fd_pr__pfet_g5v0d10v5 L=0.5 W=2 nf=1 ad=0.58 as=0.58 pd=4.58 ps=4.58 nrd=0.145 nrs=0.145
| + sa=0 sb=0 sd=0 mult=1 m=1
| XM_ENP4 TS_CMP EN VIN VIN sky130_fd_pr__pfet_g5v0d10v5 L=0.5 W=2 nf=1 ad=0.58 as=0.58 pd=4.58 ps=4.58 nrd=0.145 nrs=0.145 sa=0
| + sb=0 sd=0 mult=1 m=1
| C_TS VIN TS_CMP 1p m=1
| .ends
| 
| .control
| save all
| * --- leg 1: full cycle -- EN rises at t=100us, block regulates, EN falls at t=2ms ---
| tran 5u 4.5m
| meas tran vpre find v(vout) at=1.9m
| meas tran iq_avg avg i(vvin) from=3.5m to=4.5m
| meas tran iq_worst min i(vvin) from=3.5m to=4.5m
| meas tran vhold find v(vout) at=4m
| * --- leg 2: static disabled state, output free-floating ---
| op
| * --- leg 3: static disabled state, VOUT forced to 0 V (Vin->Vout leakage) ---
| alter rforce = 1m
| op
| * --- leg 4: static disabled state, VOUT held at the 1.8 V nominal output ---
| alter vforce = 1.8
| op
| let meas_iq_shutdown_static_ua = -1e6*op1.i(vvin)
| let meas_iq_shutdown_after_edge_ua = -1e6*tran1.iq_worst
| let meas_iq_shutdown_after_edge_mean_ua = -1e6*tran1.iq_avg
| let meas_leak_vin_vout_ua = 1e6*op2.i(vforce)
| let meas_vout_pre_disable_v = tran1.vpre
| let meas_vout_hold_2ms_v = tran1.vhold
| let meas_vout_disabled_static_v = op1.v(vout)
| let meas_ivout_held_1v8_ua = -1e6*op3.i(vforce)
| print meas_iq_shutdown_static_ua
| print meas_iq_shutdown_after_edge_ua
| print meas_iq_shutdown_after_edge_mean_ua
| print meas_leak_vin_vout_ua
| print meas_vout_pre_disable_v
| print meas_vout_hold_2ms_v
| print meas_vout_disabled_static_v
| print meas_ivout_held_1v8_ua
| quit
| .endc
| .end

# ==== ngspice stdout ====

Note: Compatibility modes selected: hs a


Circuit: * enable-shutdown corner deck -- generated by sim/bin/corner-run.py, do not edit

option SCALE: Scale is set to 1e-06 for instance and model parameters
option SCALE: Scale is set to 1e-06 for instance and model parameters
option SCALE: Scale is set to 1e-06 for instance and model parameters
option SCALE: Scale is set to 1e-06 for instance and model parameters
Doing analysis at TEMP = 125.000000 and TNOM = 27.000000

Using KLU as Direct Linear Solver
 Reference value :  0.00000e+00
 Reference value :  4.00000e-07
 Reference value :  6.40000e-06
 Reference value :  2.64000e-05
 Reference value :  4.64000e-05
 Reference value :  6.64000e-05
 Reference value :  9.14000e-05
 Reference value :  1.00100e-04
 Reference value :  1.00412e-04
 Reference value :  1.00588e-04
 Reference value :  1.00758e-04
 Reference value :  1.00843e-04
 Reference value :  1.00910e-04
 Reference value :  1.00994e-04
 Reference value :  1.01012e-04
 Reference value :  1.01060e-04
 Reference value :  1.01154e-04
 Reference value :  1.01326e-04
 Reference value :  1.01778e-04
 Reference value :  1.02367e-04
 Reference value :  1.03948e-04
 Reference value :  1.12656e-04
 Reference value :  1.27656e-04
 Reference value :  1.42656e-04
 Reference value :  1.57656e-04
 Reference value :  1.72656e-04
 Reference value :  1.87656e-04
 Reference value :  2.07656e-04
 Reference value :  2.22656e-04
 Reference value :  2.42656e-04
 Reference value :  2.62656e-04
 Reference value :  2.82656e-04
 Reference value :  3.07656e-04
 Reference value :  3.32656e-04
 Reference value :  3.52656e-04
 Reference value :  3.72656e-04
 Reference value :  3.92656e-04
 Reference value :  4.12656e-04
 Reference value :  4.32656e-04
 Reference value :  4.52656e-04
 Reference value :  4.77656e-04
 Reference value :  5.02656e-04
 Reference value :  5.27656e-04
 Reference value :  5.47656e-04
 Reference value :  5.67656e-04
 Reference value :  5.87656e-04
 Reference value :  6.12656e-04
 Reference value :  6.32656e-04
 Reference value :  6.52656e-04
 Reference value :  6.77656e-04
 Reference value :  6.97656e-04
 Reference value :  7.17656e-04
 Reference value :  7.37656e-04
 Reference value :  7.57656e-04
 Reference value :  7.77656e-04
 Reference value :  7.97656e-04
 Reference value :  8.17656e-04
 Reference value :  8.37656e-04
 Reference value :  8.57656e-04
 Reference value :  8.82656e-04
 Reference value :  9.02656e-04
 Reference value :  9.22656e-04
 Reference value :  9.42656e-04
 Reference value :  9.62656e-04
 Reference value :  9.82656e-04
 Reference value :  1.00266e-03
 Reference value :  1.02266e-03
 Reference value :  1.03766e-03
 Reference value :  1.05266e-03
 Reference value :  1.06766e-03
 Reference value :  1.08766e-03
 Reference value :  1.10766e-03
 Reference value :  1.12766e-03
 Reference value :  1.14766e-03
 Reference value :  1.16266e-03
 Reference value :  1.18266e-03
 Reference value :  1.20266e-03
 Reference value :  1.22266e-03
 Reference value :  1.23766e-03
 Reference value :  1.25766e-03
 Reference value :  1.27766e-03
 Reference value :  1.29766e-03
 Reference value :  1.31766e-03
 Reference value :  1.33766e-03
 Reference value :  1.35766e-03
 Reference value :  1.37766e-03
 Reference value :  1.39766e-03
 Reference value :  1.41266e-03
 Reference value :  1.43266e-03
 Reference value :  1.44766e-03
 Reference value :  1.46266e-03
 Reference value :  1.48266e-03
 Reference value :  1.49766e-03
 Reference value :  1.51766e-03
 Reference value :  1.53766e-03
 Reference value :  1.56266e-03
 Reference value :  1.58266e-03
 Reference value :  1.60766e-03
 Reference value :  1.63266e-03
 Reference value :  1.65266e-03
 Reference value :  1.67266e-03
 Reference value :  1.69266e-03
 Reference value :  1.71766e-03
 Reference value :  1.73766e-03
 Reference value :  1.75766e-03
 Reference value :  1.77766e-03
 Reference value :  1.79766e-03
 Reference value :  1.81766e-03
 Reference value :  1.83766e-03
 Reference value :  1.85766e-03
 Reference value :  1.87766e-03
 Reference value :  1.89766e-03
 Reference value :  1.91766e-03
 Reference value :  1.93766e-03
 Reference value :  1.95766e-03
 Reference value :  1.97766e-03
 Reference value :  1.99633e-03
 Reference value :  2.00030e-03
 Reference value :  2.00041e-03
 Reference value :  2.00062e-03
 Reference value :  2.00070e-03
 Reference value :  2.00074e-03
 Reference value :  2.00076e-03
 Reference value :  2.00078e-03
 Reference value :  2.00081e-03
 Reference value :  2.00089e-03
 Reference value :  2.00101e-03
 Reference value :  2.00115e-03
 Reference value :  2.00163e-03
 Reference value :  2.00321e-03
 Reference value :  2.01234e-03
 Reference value :  2.03234e-03
 Reference value :  2.05234e-03
 Reference value :  2.06734e-03
 Reference value :  2.08234e-03
 Reference value :  2.09734e-03
 Reference value :  2.11734e-03
 Reference value :  2.14234e-03
 Reference value :  2.16234e-03
 Reference value :  2.18234e-03
 Reference value :  2.20234e-03
 Reference value :  2.22234e-03
 Reference value :  2.24234e-03
 Reference value :  2.26234e-03
 Reference value :  2.28234e-03
 Reference value :  2.29734e-03
 Reference value :  2.31234e-03
 Reference value :  2.33234e-03
 Reference value :  2.35234e-03
 Reference value :  2.36734e-03
 Reference value :  2.38734e-03
 Reference value :  2.40734e-03
 Reference value :  2.42734e-03
 Reference value :  2.45234e-03
 Reference value :  2.47734e-03
 Reference value :  2.49734e-03
 Reference value :  2.51234e-03
 Reference value :  2.53234e-03
 Reference value :  2.54734e-03
 Reference value :  2.56234e-03
 Reference value :  2.58234e-03
 Reference value :  2.60234e-03
 Reference value :  2.62234e-03
 Reference value :  2.63734e-03
 Reference value :  2.65734e-03
 Reference value :  2.67734e-03
 Reference value :  2.69234e-03
 Reference value :  2.71234e-03
 Reference value :  2.72734e-03
 Reference value :  2.74234e-03
 Reference value :  2.76234e-03
 Reference value :  2.78234e-03
 Reference value :  2.80234e-03
 Reference value :  2.81734e-03
 Reference value :  2.83234e-03
 Reference value :  2.84734e-03
 Reference value :  2.86734e-03
 Reference value :  2.88734e-03
 Reference value :  2.90734e-03
 Reference value :  2.92734e-03
 Reference value :  2.94734e-03
 Reference value :  2.96734e-03
 Reference value :  2.98734e-03
 Reference value :  3.01734e-03
 Reference value :  3.04734e-03
 Reference value :  3.07234e-03
 Reference value :  3.10234e-03
 Reference value :  3.12734e-03
 Reference value :  3.15234e-03
 Reference value :  3.16734e-03
 Reference value :  3.19234e-03
 Reference value :  3.21734e-03
 Reference value :  3.23734e-03
 Reference value :  3.25734e-03
 Reference value :  3.27234e-03
 Reference value :  3.28734e-03
 Reference value :  3.30234e-03
 Reference value :  3.31734e-03
 Reference value :  3.33734e-03
 Reference value :  3.35734e-03
 Reference value :  3.37734e-03
 Reference value :  3.39734e-03
 Reference value :  3.41734e-03
 Reference value :  3.43734e-03
 Reference value :  3.45734e-03
 Reference value :  3.47234e-03
 Reference value :  3.48734e-03
 Reference value :  3.50734e-03
 Reference value :  3.52234e-03
 Reference value :  3.54234e-03
 Reference value :  3.56234e-03
 Reference value :  3.58234e-03
 Reference value :  3.60234e-03
 Reference value :  3.61734e-03
 Reference value :  3.63234e-03
 Reference value :  3.64734e-03
 Reference value :  3.66234e-03
 Reference value :  3.68234e-03
 Reference value :  3.69734e-03
 Reference value :  3.71234e-03
 Reference value :  3.73234e-03
 Reference value :  3.74734e-03
 Reference value :  3.77234e-03
 Reference value :  3.79234e-03
 Reference value :  3.81234e-03
 Reference value :  3.83234e-03
 Reference value :  3.84734e-03
 Reference value :  3.86734e-03
 Reference value :  3.88734e-03
 Reference value :  3.90734e-03
 Reference value :  3.92734e-03
 Reference value :  3.94234e-03
 Reference value :  3.95734e-03
 Reference value :  3.97734e-03
 Reference value :  3.99734e-03
 Reference value :  4.01734e-03
 Reference value :  4.03734e-03
 Reference value :  4.05734e-03
 Reference value :  4.07234e-03
 Reference value :  4.09234e-03
 Reference value :  4.11234e-03
 Reference value :  4.12734e-03
 Reference value :  4.14734e-03
 Reference value :  4.16734e-03
 Reference value :  4.18234e-03
 Reference value :  4.19734e-03
 Reference value :  4.21734e-03
 Reference value :  4.23734e-03
 Reference value :  4.25734e-03
 Reference value :  4.27234e-03
 Reference value :  4.29234e-03
 Reference value :  4.31734e-03
 Reference value :  4.34234e-03
 Reference value :  4.36234e-03
 Reference value :  4.38234e-03
 Reference value :  4.39734e-03
 Reference value :  4.41734e-03
 Reference value :  4.43734e-03
 Reference value :  4.45234e-03
 Reference value :  4.46734e-03
 Reference value :  4.48734e-03
No. of Data Rows : 965
vpre                =  1.82115e+00
iq_avg              =  -6.87708e-09 from=  3.50000e-03 to=  4.50000e-03
iq_worst            =  -7.19706e-09 at=  3.50734e-03
vhold               =  1.81996e+00
Doing analysis at TEMP = 125.000000 and TNOM = 27.000000

Using KLU as Direct Linear Solver
 Reference value :  0.00000e+00
No. of Data Rows : 1
Doing analysis at TEMP = 125.000000 and TNOM = 27.000000

Using KLU as Direct Linear Solver
 Reference value :  0.00000e+00
No. of Data Rows : 1
Doing analysis at TEMP = 125.000000 and TNOM = 27.000000

Using KLU as Direct Linear Solver
 Reference value :  0.00000e+00
No. of Data Rows : 1
meas_iq_shutdown_static_ua = 1.184250e-02
meas_iq_shutdown_after_edge_ua = 7.197060e-03
meas_iq_shutdown_after_edge_mean_ua = 6.877083e-03
meas_leak_vin_vout_ua = 9.948619e-03
meas_vout_pre_disable_v = 1.821152e+00
meas_vout_hold_2ms_v = 1.819958e+00
meas_vout_disabled_static_v = 3.056915e-02
meas_ivout_held_1v8_ua = 5.721408e-01
ngspice-46 done

# ==== ngspice stderr ====

