# corner: tt_27c_2.97v
# process=tt temp=27C supply=2.97V
# ngspice exit: 0
# wall clock: 85.9s (--timeout was 300s)
# result: PASS

# ==== deck (exact input given to ngspice) ====
| * enable-shutdown corner deck -- generated by sim/bin/corner-run.py, do not edit
| * corner: tt_27c_2.97v
| .param vsup=2.97
| .option wnflag=1
| .temp 27
| .lib "/home/ubuntu/.volare/sky130A/libs.tech/combined/sky130.lib.spice" tt
| ** sch_path: sim/enable-shutdown/testbench/tb_enable_shutdown.sch
| **.subckt tb_enable_shutdown
| VVIN VIN 0 'vsup'
| .save i(vvin)
| VEN EN 0 dc 0 pwl(0 0 100u 0 101u 'vsup' 2m 'vsup' 2.001m 0 10 0)
| .save i(ven)
| VVREF VREF 0 1.2
| .save i(vvref)
| xldo VOUT VREF EN VIN ldo_3v3in_1v8out
| COUT VOUT VESR 1u m=1
| RESR VESR 0 10m m=1
| RLOAD VOUT 0 1e12 m=1
| RFORCE VOUT VF 1e12 m=1
| VFORCE VF 0 0
| .save i(vforce)
| **.ends
| 
| * expanding   symbol:  design/ldo_3v3in_1v8out.sym # of pins=4
| ** sym_path: design/ldo_3v3in_1v8out.sym
| ** sch_path: design/ldo_3v3in_1v8out.sch
| .subckt ldo_3v3in_1v8out VOUT VREF EN VIN
| *.ipin VIN
| *.ipin EN
| *.ipin VREF
| *.opin VOUT
| XR_BIAS VIN NB 0 sky130_fd_pr__res_high_po W=0.42 L=1500 mult=1 m=1
| XM_BIASN1 NB NB BIAS_ENN 0 sky130_fd_pr__nfet_g5v0d10v5 L=1 W=4 nf=1 ad=1.16 as=1.16 pd=8.58 ps=8.58 nrd=0.0725 nrs=0.0725 sa=0
| + sb=0 sd=0 mult=1 m=1
| XM_ENN BIAS_ENN EN 0 0 sky130_fd_pr__nfet_g5v0d10v5 L=0.5 W=10 nf=1 ad=2.9 as=2.9 pd=20.58 ps=20.58 nrd=0.029 nrs=0.029 sa=0 sb=0
| + sd=0 mult=1 m=1
| XM_BIASN2 BIASP NB BIAS_ENN 0 sky130_fd_pr__nfet_g5v0d10v5 L=1 W=4 nf=1 ad=1.16 as=1.16 pd=8.58 ps=8.58 nrd=0.0725 nrs=0.0725 sa=0
| + sb=0 sd=0 mult=1 m=1
| XM_BIASP1 BIASP BIASP VIN VIN sky130_fd_pr__pfet_g5v0d10v5 L=1 W=10 nf=2 ad=1.45 as=2.9 pd=10.58 ps=21.16 nrd=0.029 nrs=0.029 sa=0
| + sb=0 sd=0 mult=1 m=1
| XM_ENP2 BIASP EN VIN VIN sky130_fd_pr__pfet_g5v0d10v5 L=0.5 W=10 nf=1 ad=2.9 as=2.9 pd=20.58 ps=20.58 nrd=0.029 nrs=0.029 sa=0
| + sb=0 sd=0 mult=1 m=1
| XM_TAIL EA_TAIL BIASP VIN VIN sky130_fd_pr__pfet_g5v0d10v5 L=2 W=40 nf=8 ad=5.8 as=7.25 pd=42.32 ps=52.9 nrd=0.00725 nrs=0.00725
| + sa=0 sb=0 sd=0 mult=1 m=1
| XM_IN1 EA_D1 FB EA_TAIL VIN sky130_fd_pr__pfet_g5v0d10v5 L=2 W=10 nf=2 ad=1.45 as=2.9 pd=10.58 ps=21.16 nrd=0.029 nrs=0.029 sa=0
| + sb=0 sd=0 mult=1 m=1
| XM_IN2 EA_D2 VREF EA_TAIL VIN sky130_fd_pr__pfet_g5v0d10v5 L=2 W=10 nf=2 ad=1.45 as=2.9 pd=10.58 ps=21.16 nrd=0.029 nrs=0.029 sa=0
| + sb=0 sd=0 mult=1 m=1
| XM_MIR1 EA_D1 EA_D1 AMP_ENN 0 sky130_fd_pr__nfet_g5v0d10v5 L=4 W=10 nf=2 ad=1.45 as=2.9 pd=10.58 ps=21.16 nrd=0.029 nrs=0.029 sa=0
| + sb=0 sd=0 mult=1 m=1
| XM_MIR2 EA_OUT EA_D1 AMP_ENN 0 sky130_fd_pr__nfet_g5v0d10v5 L=4 W=10 nf=2 ad=1.45 as=2.9 pd=10.58 ps=21.16 nrd=0.029 nrs=0.029
| + sa=0 sb=0 sd=0 mult=1 m=1
| XM_ENN2 AMP_ENN EN 0 0 sky130_fd_pr__nfet_g5v0d10v5 L=0.5 W=10 nf=1 ad=2.9 as=2.9 pd=20.58 ps=20.58 nrd=0.029 nrs=0.029 sa=0 sb=0
| + sd=0 mult=1 m=1
| XM_ENP EA_OUT EN VIN VIN sky130_fd_pr__pfet_g5v0d10v5 L=0.5 W=10 nf=1 ad=2.9 as=2.9 pd=20.58 ps=20.58 nrd=0.029 nrs=0.029 sa=0
| + sb=0 sd=0 mult=1 m=1
| XM_MIR3 EA_D2 EA_D2 AMP_ENN 0 sky130_fd_pr__nfet_g5v0d10v5 L=4 W=10 nf=2 ad=1.45 as=2.9 pd=10.58 ps=21.16 nrd=0.029 nrs=0.029 sa=0
| + sb=0 sd=0 mult=1 m=1
| XM_MIR4 PB EA_D2 AMP_ENN 0 sky130_fd_pr__nfet_g5v0d10v5 L=4 W=10 nf=2 ad=1.45 as=2.9 pd=10.58 ps=21.16 nrd=0.029 nrs=0.029 sa=0
| + sb=0 sd=0 mult=1 m=1
| XM_MIRP1 PB PB VIN VIN sky130_fd_pr__pfet_g5v0d10v5 L=4 W=20 nf=4 ad=2.9 as=4.35 pd=21.16 ps=31.74 nrd=0.0145 nrs=0.0145 sa=0 sb=0
| + sd=0 mult=1 m=1
| XM_MIRP2 EA_OUT PB VIN VIN sky130_fd_pr__pfet_g5v0d10v5 L=4 W=20 nf=4 ad=2.9 as=4.35 pd=21.16 ps=31.74 nrd=0.0145 nrs=0.0145 sa=0
| + sb=0 sd=0 mult=1 m=1
| XM_ENP5 PB EN VIN VIN sky130_fd_pr__pfet_g5v0d10v5 L=0.5 W=2 nf=1 ad=0.58 as=0.58 pd=4.58 ps=4.58 nrd=0.145 nrs=0.145 sa=0 sb=0
| + sd=0 mult=1 m=1
| XM_PASS VOUT EA_OUT VIN VIN sky130_fd_pr__pfet_g5v0d10v5 L=0.5 W=100 nf=25 ad=15.08 as=15.08 pd=111.54 ps=111.54 nrd=0.0029
| + nrs=0.0029 sa=0 sb=0 sd=0 mult=25 m=25
| C_COMP VOUT EA_CZ 150p m=1
| XR_CZ EA_CZ EA_OUT 0 sky130_fd_pr__res_xhigh_po W=0.42 L=52 mult=1 m=1
| XR_FB_A VOUT FB 0 sky130_fd_pr__res_xhigh_po W=0.42 L=180 mult=1 m=1
| XR_FB_B FB N_FBB 0 sky130_fd_pr__res_xhigh_po W=0.42 L=180 mult=1 m=1
| XR_FB_C N_FBB 0 0 sky130_fd_pr__res_xhigh_po W=0.42 L=180 mult=1 m=1
| XM_SENSE CL_SNS EA_OUT VIN VIN sky130_fd_pr__pfet_g5v0d10v5 L=0.5 W=0.42 nf=1 ad=0.1218 as=0.1218 pd=1.42 ps=1.42
| + nrd=0.69047619047619 nrs=0.69047619047619 sa=0 sb=0 sd=0 mult=1 m=1
| XM_CLN1 CL_SNS CL_SNS AMP_ENN 0 sky130_fd_pr__nfet_g5v0d10v5 L=1 W=20 nf=1 ad=5.8 as=5.8 pd=40.58 ps=40.58 nrd=0.0145 nrs=0.0145
| + sa=0 sb=0 sd=0 mult=1 m=1
| XM_CLN2 CL_CMP CL_SNS AMP_ENN 0 sky130_fd_pr__nfet_g5v0d10v5 L=1 W=1.6 nf=1 ad=0.464 as=0.464 pd=3.78 ps=3.78 nrd=0.18125
| + nrs=0.18125 sa=0 sb=0 sd=0 mult=1 m=1
| XM_CLP CL_CMP BIASP VIN VIN sky130_fd_pr__pfet_g5v0d10v5 L=1 W=10 nf=2 ad=1.45 as=2.9 pd=10.58 ps=21.16 nrd=0.029 nrs=0.029 sa=0
| + sb=0 sd=0 mult=1 m=1
| XM_CLIM EA_OUT CL_CMP VIN VIN sky130_fd_pr__pfet_g5v0d10v5 L=0.5 W=20 nf=4 ad=2.9 as=4.35 pd=21.16 ps=31.74 nrd=0.0145 nrs=0.0145
| + sa=0 sb=0 sd=0 mult=1 m=1
| XM_ENP3 CL_CMP EN VIN VIN sky130_fd_pr__pfet_g5v0d10v5 L=0.5 W=2 nf=1 ad=0.58 as=0.58 pd=4.58 ps=4.58 nrd=0.145 nrs=0.145 sa=0
| + sb=0 sd=0 mult=1 m=1
| C_CL VIN CL_CMP 1p m=1
| XM_INVP ENB EN VIN VIN sky130_fd_pr__pfet_g5v0d10v5 L=0.5 W=2 nf=1 ad=0.58 as=0.58 pd=4.58 ps=4.58 nrd=0.145 nrs=0.145 sa=0 sb=0
| + sd=0 mult=1 m=1
| XM_INVN ENB EN 0 0 sky130_fd_pr__nfet_g5v0d10v5 L=0.5 W=1 nf=1 ad=0.29 as=0.29 pd=2.58 ps=2.58 nrd=0.29 nrs=0.29 sa=0 sb=0 sd=0
| + mult=1 m=1
| XM_SSDIS SS ENB 0 0 sky130_fd_pr__nfet_g5v0d10v5 L=0.5 W=2 nf=1 ad=0.58 as=0.58 pd=4.58 ps=4.58 nrd=0.145 nrs=0.145 sa=0 sb=0 sd=0
| + mult=1 m=1
| XM_SSCHG SS BIASP VIN VIN sky130_fd_pr__pfet_g5v0d10v5 L=8 W=1 nf=1 ad=0.29 as=0.29 pd=2.58 ps=2.58 nrd=0.29 nrs=0.29 sa=0 sb=0
| + sd=0 mult=1 m=1
| C_SS SS 0 10p m=1
| XM_IN2S EA_D2 SS EA_TAIL VIN sky130_fd_pr__pfet_g5v0d10v5 L=2 W=10 nf=2 ad=1.45 as=2.9 pd=10.58 ps=21.16 nrd=0.029 nrs=0.029 sa=0
| + sb=0 sd=0 mult=1 m=1
| XM_TSPS TS_SNS BIASP VIN VIN sky130_fd_pr__pfet_g5v0d10v5 L=1 W=2.5 nf=1 ad=0.725 as=0.725 pd=5.58 ps=5.58 nrd=0.116 nrs=0.116
| + sa=0 sb=0 sd=0 mult=1 m=1
| XM_TSD1 TS_SNS TS_SNS TS_MID 0 sky130_fd_pr__nfet_g5v0d10v5 L=1 W=80 nf=16 ad=11.6 as=13.05 pd=84.64 ps=95.22 nrd=0.003625
| + nrs=0.003625 sa=0 sb=0 sd=0 mult=1 m=1
| XM_TSD2 TS_MID TS_MID AMP_ENN 0 sky130_fd_pr__nfet_g5v0d10v5 L=1 W=80 nf=16 ad=11.6 as=13.05 pd=84.64 ps=95.22 nrd=0.003625
| + nrs=0.003625 sa=0 sb=0 sd=0 mult=1 m=1
| XM_TSPR TS_REF BIASP VIN VIN sky130_fd_pr__pfet_g5v0d10v5 L=1 W=2.5 nf=1 ad=0.725 as=0.725 pd=5.58 ps=5.58 nrd=0.116 nrs=0.116
| + sa=0 sb=0 sd=0 mult=1 m=1
| XM_TSR1 TS_REF TS_REF AMP_ENN 0 sky130_fd_pr__nfet_g5v0d10v5 L=10 W=2 nf=1 ad=0.58 as=0.58 pd=4.58 ps=4.58 nrd=0.145 nrs=0.145
| + sa=0 sb=0 sd=0 mult=1 m=1
| XM_TCTAIL TC_TAIL NB AMP_ENN 0 sky130_fd_pr__nfet_g5v0d10v5 L=1 W=1 nf=1 ad=0.29 as=0.29 pd=2.58 ps=2.58 nrd=0.29 nrs=0.29 sa=0
| + sb=0 sd=0 mult=1 m=1
| XM_TCN1 TC_D1 TS_SNS TC_TAIL 0 sky130_fd_pr__nfet_g5v0d10v5 L=2 W=10 nf=2 ad=1.45 as=2.9 pd=10.58 ps=21.16 nrd=0.029 nrs=0.029
| + sa=0 sb=0 sd=0 mult=1 m=1
| XM_TCN2 TS_CMP TS_REF TC_TAIL 0 sky130_fd_pr__nfet_g5v0d10v5 L=2 W=10 nf=2 ad=1.45 as=2.9 pd=10.58 ps=21.16 nrd=0.029 nrs=0.029
| + sa=0 sb=0 sd=0 mult=1 m=1
| XM_TCP1 TC_D1 TC_D1 VIN VIN sky130_fd_pr__pfet_g5v0d10v5 L=2 W=10 nf=2 ad=1.45 as=2.9 pd=10.58 ps=21.16 nrd=0.029 nrs=0.029 sa=0
| + sb=0 sd=0 mult=1 m=1
| XM_TCP2 TS_CMP TC_D1 VIN VIN sky130_fd_pr__pfet_g5v0d10v5 L=2 W=10 nf=2 ad=1.45 as=2.9 pd=10.58 ps=21.16 nrd=0.029 nrs=0.029 sa=0
| + sb=0 sd=0 mult=1 m=1
| XM_TSHUT EA_OUT TS_CMP VIN VIN sky130_fd_pr__pfet_g5v0d10v5 L=0.5 W=20 nf=4 ad=2.9 as=4.35 pd=21.16 ps=31.74 nrd=0.0145 nrs=0.0145
| + sa=0 sb=0 sd=0 mult=1 m=1
| XM_TSHYSB TS_HYS BIASP VIN VIN sky130_fd_pr__pfet_g5v0d10v5 L=2 W=1.5 nf=1 ad=0.435 as=0.435 pd=3.58 ps=3.58 nrd=0.193333333333333
| + nrs=0.193333333333333 sa=0 sb=0 sd=0 mult=1 m=1
| XM_TSHYS TS_REF TS_CMP TS_HYS VIN sky130_fd_pr__pfet_g5v0d10v5 L=0.5 W=2 nf=1 ad=0.58 as=0.58 pd=4.58 ps=4.58 nrd=0.145 nrs=0.145
| + sa=0 sb=0 sd=0 mult=1 m=1
| XM_ENP4 TS_CMP EN VIN VIN sky130_fd_pr__pfet_g5v0d10v5 L=0.5 W=2 nf=1 ad=0.58 as=0.58 pd=4.58 ps=4.58 nrd=0.145 nrs=0.145 sa=0
| + sb=0 sd=0 mult=1 m=1
| C_TS VIN TS_CMP 1p m=1
| .ends
| 
| .control
| save all
| * --- leg 1: full cycle -- EN rises at t=100us, block regulates, EN falls at t=2ms ---
| tran 5u 4.5m
| meas tran vpre find v(vout) at=1.9m
| meas tran iq_avg avg i(vvin) from=3.5m to=4.5m
| meas tran iq_worst min i(vvin) from=3.5m to=4.5m
| meas tran vhold find v(vout) at=4m
| * --- leg 2: static disabled state, output free-floating ---
| op
| * --- leg 3: static disabled state, VOUT forced to 0 V (Vin->Vout leakage) ---
| alter rforce = 1m
| op
| * --- leg 4: static disabled state, VOUT held at the 1.8 V nominal output ---
| alter vforce = 1.8
| op
| let meas_iq_shutdown_static_ua = -1e6*op1.i(vvin)
| let meas_iq_shutdown_after_edge_ua = -1e6*tran1.iq_worst
| let meas_iq_shutdown_after_edge_mean_ua = -1e6*tran1.iq_avg
| let meas_leak_vin_vout_ua = 1e6*op2.i(vforce)
| let meas_vout_pre_disable_v = tran1.vpre
| let meas_vout_hold_2ms_v = tran1.vhold
| let meas_vout_disabled_static_v = op1.v(vout)
| let meas_ivout_held_1v8_ua = -1e6*op3.i(vforce)
| print meas_iq_shutdown_static_ua
| print meas_iq_shutdown_after_edge_ua
| print meas_iq_shutdown_after_edge_mean_ua
| print meas_leak_vin_vout_ua
| print meas_vout_pre_disable_v
| print meas_vout_hold_2ms_v
| print meas_vout_disabled_static_v
| print meas_ivout_held_1v8_ua
| quit
| .endc
| .end

# ==== ngspice stdout ====

Note: Compatibility modes selected: hs a


Circuit: * enable-shutdown corner deck -- generated by sim/bin/corner-run.py, do not edit

option SCALE: Scale is set to 1e-06 for instance and model parameters
option SCALE: Scale is set to 1e-06 for instance and model parameters
option SCALE: Scale is set to 1e-06 for instance and model parameters
option SCALE: Scale is set to 1e-06 for instance and model parameters
Doing analysis at TEMP = 27.000000 and TNOM = 27.000000

Using KLU as Direct Linear Solver
 Reference value :  0.00000e+00
 Reference value :  4.00000e-07
 Reference value :  6.40000e-06
 Reference value :  2.64000e-05
 Reference value :  4.64000e-05
 Reference value :  7.64000e-05
 Reference value :  1.00000e-04
 Reference value :  1.00300e-04
 Reference value :  1.00411e-04
 Reference value :  1.00592e-04
 Reference value :  1.00751e-04
 Reference value :  1.00834e-04
 Reference value :  1.00899e-04
 Reference value :  1.01000e-04
 Reference value :  1.01016e-04
 Reference value :  1.01062e-04
 Reference value :  1.01325e-04
 Reference value :  1.01913e-04
 Reference value :  1.04575e-04
 Reference value :  1.17537e-04
 Reference value :  1.27537e-04
 Reference value :  1.37537e-04
 Reference value :  1.47537e-04
 Reference value :  1.62537e-04
 Reference value :  1.77537e-04
 Reference value :  1.92537e-04
 Reference value :  2.07537e-04
 Reference value :  2.22537e-04
 Reference value :  2.37537e-04
 Reference value :  2.52537e-04
 Reference value :  2.67537e-04
 Reference value :  2.82537e-04
 Reference value :  2.97537e-04
 Reference value :  3.12537e-04
 Reference value :  3.27537e-04
 Reference value :  3.47537e-04
 Reference value :  3.67537e-04
 Reference value :  3.82537e-04
 Reference value :  3.97537e-04
 Reference value :  4.12537e-04
 Reference value :  4.27537e-04
 Reference value :  4.42537e-04
 Reference value :  4.57537e-04
 Reference value :  4.72537e-04
 Reference value :  4.87537e-04
 Reference value :  5.02537e-04
 Reference value :  5.17537e-04
 Reference value :  5.32537e-04
 Reference value :  5.47537e-04
 Reference value :  5.62537e-04
 Reference value :  5.77537e-04
 Reference value :  5.92537e-04
 Reference value :  6.07537e-04
 Reference value :  6.22537e-04
 Reference value :  6.37537e-04
 Reference value :  6.52537e-04
 Reference value :  6.67537e-04
 Reference value :  6.82537e-04
 Reference value :  6.97537e-04
 Reference value :  7.12537e-04
 Reference value :  7.32537e-04
 Reference value :  7.57537e-04
 Reference value :  7.82537e-04
 Reference value :  8.02537e-04
 Reference value :  8.27537e-04
 Reference value :  8.52537e-04
 Reference value :  8.77537e-04
 Reference value :  8.97537e-04
 Reference value :  9.17537e-04
 Reference value :  9.37537e-04
 Reference value :  9.57537e-04
 Reference value :  9.82537e-04
 Reference value :  1.00754e-03
 Reference value :  1.02754e-03
 Reference value :  1.05254e-03
 Reference value :  1.07254e-03
 Reference value :  1.09254e-03
 Reference value :  1.11254e-03
 Reference value :  1.13254e-03
 Reference value :  1.15254e-03
 Reference value :  1.17254e-03
 Reference value :  1.19754e-03
 Reference value :  1.21754e-03
 Reference value :  1.23754e-03
 Reference value :  1.26254e-03
 Reference value :  1.28754e-03
 Reference value :  1.30754e-03
 Reference value :  1.33254e-03
 Reference value :  1.35754e-03
 Reference value :  1.37754e-03
 Reference value :  1.40254e-03
 Reference value :  1.42754e-03
 Reference value :  1.44754e-03
 Reference value :  1.47254e-03
 Reference value :  1.49754e-03
 Reference value :  1.51754e-03
 Reference value :  1.54254e-03
 Reference value :  1.56754e-03
 Reference value :  1.58754e-03
 Reference value :  1.60754e-03
 Reference value :  1.62754e-03
 Reference value :  1.64754e-03
 Reference value :  1.66754e-03
 Reference value :  1.69254e-03
 Reference value :  1.71254e-03
 Reference value :  1.73254e-03
 Reference value :  1.75254e-03
 Reference value :  1.77254e-03
 Reference value :  1.79754e-03
 Reference value :  1.82254e-03
 Reference value :  1.84754e-03
 Reference value :  1.86754e-03
 Reference value :  1.88754e-03
 Reference value :  1.91254e-03
 Reference value :  1.93754e-03
 Reference value :  1.95754e-03
 Reference value :  1.98254e-03
 Reference value :  2.00000e-03
 Reference value :  2.00050e-03
 Reference value :  2.00063e-03
 Reference value :  2.00076e-03
 Reference value :  2.00085e-03
 Reference value :  2.00091e-03
 Reference value :  2.00093e-03
 Reference value :  2.00094e-03
 Reference value :  2.00099e-03
 Reference value :  2.00102e-03
 Reference value :  2.00115e-03
 Reference value :  2.00220e-03
 Reference value :  2.00885e-03
 Reference value :  2.02885e-03
 Reference value :  2.04885e-03
 Reference value :  2.06885e-03
 Reference value :  2.08885e-03
 Reference value :  2.11385e-03
 Reference value :  2.13385e-03
 Reference value :  2.15885e-03
 Reference value :  2.17885e-03
 Reference value :  2.19885e-03
 Reference value :  2.21885e-03
 Reference value :  2.23885e-03
 Reference value :  2.25885e-03
 Reference value :  2.27885e-03
 Reference value :  2.29885e-03
 Reference value :  2.31885e-03
 Reference value :  2.34385e-03
 Reference value :  2.36885e-03
 Reference value :  2.39385e-03
 Reference value :  2.41385e-03
 Reference value :  2.43885e-03
 Reference value :  2.46385e-03
 Reference value :  2.48885e-03
 Reference value :  2.50885e-03
 Reference value :  2.52885e-03
 Reference value :  2.55385e-03
 Reference value :  2.58385e-03
 Reference value :  2.60885e-03
 Reference value :  2.63385e-03
 Reference value :  2.65385e-03
 Reference value :  2.67385e-03
 Reference value :  2.69385e-03
 Reference value :  2.71385e-03
 Reference value :  2.73385e-03
 Reference value :  2.75385e-03
 Reference value :  2.77885e-03
 Reference value :  2.79885e-03
 Reference value :  2.82385e-03
 Reference value :  2.84885e-03
 Reference value :  2.87385e-03
 Reference value :  2.89885e-03
 Reference value :  2.92385e-03
 Reference value :  2.94885e-03
 Reference value :  2.96885e-03
 Reference value :  2.99385e-03
 Reference value :  3.01885e-03
 Reference value :  3.03885e-03
 Reference value :  3.06385e-03
 Reference value :  3.08385e-03
 Reference value :  3.10885e-03
 Reference value :  3.13385e-03
 Reference value :  3.15385e-03
 Reference value :  3.17385e-03
 Reference value :  3.19885e-03
 Reference value :  3.21885e-03
 Reference value :  3.24385e-03
 Reference value :  3.26885e-03
 Reference value :  3.28885e-03
 Reference value :  3.30885e-03
 Reference value :  3.33385e-03
 Reference value :  3.35885e-03
 Reference value :  3.37885e-03
 Reference value :  3.39885e-03
 Reference value :  3.41885e-03
 Reference value :  3.43885e-03
 Reference value :  3.46385e-03
 Reference value :  3.48385e-03
 Reference value :  3.50885e-03
 Reference value :  3.53385e-03
 Reference value :  3.55385e-03
 Reference value :  3.57385e-03
 Reference value :  3.59385e-03
 Reference value :  3.61885e-03
 Reference value :  3.63885e-03
 Reference value :  3.66385e-03
 Reference value :  3.68385e-03
 Reference value :  3.70885e-03
 Reference value :  3.72885e-03
 Reference value :  3.74885e-03
 Reference value :  3.77385e-03
 Reference value :  3.79885e-03
 Reference value :  3.81885e-03
 Reference value :  3.84385e-03
 Reference value :  3.86885e-03
 Reference value :  3.89385e-03
 Reference value :  3.91885e-03
 Reference value :  3.94385e-03
 Reference value :  3.96885e-03
 Reference value :  3.98885e-03
 Reference value :  4.01385e-03
 Reference value :  4.03385e-03
 Reference value :  4.05385e-03
 Reference value :  4.07885e-03
 Reference value :  4.09885e-03
 Reference value :  4.12385e-03
 Reference value :  4.14885e-03
 Reference value :  4.17385e-03
 Reference value :  4.19885e-03
 Reference value :  4.22385e-03
 Reference value :  4.24885e-03
 Reference value :  4.26885e-03
 Reference value :  4.28885e-03
 Reference value :  4.30885e-03
 Reference value :  4.32885e-03
 Reference value :  4.34885e-03
 Reference value :  4.37385e-03
 Reference value :  4.39385e-03
 Reference value :  4.41385e-03
 Reference value :  4.43385e-03
 Reference value :  4.45385e-03
 Reference value :  4.47885e-03
 Reference value :  4.49693e-03
No. of Data Rows : 959
vpre                =  1.81476e+00
iq_avg              =  -1.88100e-10 from=  3.50000e-03 to=  4.50000e-03
iq_worst            =  -2.52212e-10 at=  4.50000e-03
vhold               =  1.81356e+00
Doing analysis at TEMP = 27.000000 and TNOM = 27.000000

Using KLU as Direct Linear Solver
 Reference value :  0.00000e+00
No. of Data Rows : 1
Doing analysis at TEMP = 27.000000 and TNOM = 27.000000

Using KLU as Direct Linear Solver
 Reference value :  0.00000e+00
No. of Data Rows : 1
Doing analysis at TEMP = 27.000000 and TNOM = 27.000000

Using KLU as Direct Linear Solver
 Reference value :  0.00000e+00
No. of Data Rows : 1
meas_iq_shutdown_static_ua = 1.525050e-04
meas_iq_shutdown_after_edge_ua = 2.522116e-04
meas_iq_shutdown_after_edge_mean_ua = 1.880999e-04
meas_leak_vin_vout_ua = 7.944849e-05
meas_vout_pre_disable_v = 1.814764e+00
meas_vout_hold_2ms_v = 1.813561e+00
meas_vout_disabled_static_v = 2.480387e-04
meas_ivout_held_1v8_ua = 5.766521e-01
ngspice-46 done

# ==== ngspice stderr ====
Note: Starting dynamic gmin stepping
Warning: Dynamic gmin stepping failed
Note: Starting true gmin stepping
Note: True gmin stepping completed
Note: Starting dynamic gmin stepping
Warning: Dynamic gmin stepping failed
Note: Starting true gmin stepping
Note: True gmin stepping completed
Note: Starting dynamic gmin stepping
Warning: Dynamic gmin stepping failed
Note: Starting true gmin stepping
Note: True gmin stepping completed
Note: Starting dynamic gmin stepping
Warning: Dynamic gmin stepping failed
Note: Starting true gmin stepping
Note: True gmin stepping completed
