# corner: tt_27c_3.63v
# process=tt temp=27C supply=3.63V
# ngspice exit: 0
# wall clock: 124.2s (--timeout was 300s)
# result: PASS

# ==== deck (exact input given to ngspice) ====
| * enable-shutdown corner deck -- generated by sim/bin/corner-run.py, do not edit
| * corner: tt_27c_3.63v
| .param vsup=3.63
| .option wnflag=1
| .temp 27
| .lib "/home/ubuntu/.volare/sky130A/libs.tech/combined/sky130.lib.spice" tt
| ** sch_path: sim/enable-shutdown/testbench/tb_enable_shutdown.sch
| **.subckt tb_enable_shutdown
| VVIN VIN 0 'vsup'
| .save i(vvin)
| VEN EN 0 dc 0 pwl(0 0 100u 0 101u 'vsup' 2m 'vsup' 2.001m 0 10 0)
| .save i(ven)
| VVREF VREF 0 1.2
| .save i(vvref)
| xldo VOUT VREF EN VIN ldo_3v3in_1v8out
| COUT VOUT VESR 1u m=1
| RESR VESR 0 10m m=1
| RLOAD VOUT 0 1e12 m=1
| RFORCE VOUT VF 1e12 m=1
| VFORCE VF 0 0
| .save i(vforce)
| **.ends
| 
| * expanding   symbol:  design/ldo_3v3in_1v8out.sym # of pins=4
| ** sym_path: design/ldo_3v3in_1v8out.sym
| ** sch_path: design/ldo_3v3in_1v8out.sch
| .subckt ldo_3v3in_1v8out VOUT VREF EN VIN
| *.ipin VIN
| *.ipin EN
| *.ipin VREF
| *.opin VOUT
| XR_BIAS VIN NB 0 sky130_fd_pr__res_high_po W=0.42 L=1500 mult=1 m=1
| XM_BIASN1 NB NB BIAS_ENN 0 sky130_fd_pr__nfet_g5v0d10v5 L=1 W=4 nf=1 ad=1.16 as=1.16 pd=8.58 ps=8.58 nrd=0.0725 nrs=0.0725 sa=0
| + sb=0 sd=0 mult=1 m=1
| XM_ENN BIAS_ENN EN 0 0 sky130_fd_pr__nfet_g5v0d10v5 L=0.5 W=10 nf=1 ad=2.9 as=2.9 pd=20.58 ps=20.58 nrd=0.029 nrs=0.029 sa=0 sb=0
| + sd=0 mult=1 m=1
| XM_BIASN2 BIASP NB BIAS_ENN 0 sky130_fd_pr__nfet_g5v0d10v5 L=1 W=4 nf=1 ad=1.16 as=1.16 pd=8.58 ps=8.58 nrd=0.0725 nrs=0.0725 sa=0
| + sb=0 sd=0 mult=1 m=1
| XM_BIASP1 BIASP BIASP VIN VIN sky130_fd_pr__pfet_g5v0d10v5 L=1 W=10 nf=2 ad=1.45 as=2.9 pd=10.58 ps=21.16 nrd=0.029 nrs=0.029 sa=0
| + sb=0 sd=0 mult=1 m=1
| XM_ENP2 BIASP EN VIN VIN sky130_fd_pr__pfet_g5v0d10v5 L=0.5 W=10 nf=1 ad=2.9 as=2.9 pd=20.58 ps=20.58 nrd=0.029 nrs=0.029 sa=0
| + sb=0 sd=0 mult=1 m=1
| XM_TAIL EA_TAIL BIASP VIN VIN sky130_fd_pr__pfet_g5v0d10v5 L=2 W=40 nf=8 ad=5.8 as=7.25 pd=42.32 ps=52.9 nrd=0.00725 nrs=0.00725
| + sa=0 sb=0 sd=0 mult=1 m=1
| XM_IN1 EA_D1 FB EA_TAIL VIN sky130_fd_pr__pfet_g5v0d10v5 L=2 W=10 nf=2 ad=1.45 as=2.9 pd=10.58 ps=21.16 nrd=0.029 nrs=0.029 sa=0
| + sb=0 sd=0 mult=1 m=1
| XM_IN2 EA_D2 VREF EA_TAIL VIN sky130_fd_pr__pfet_g5v0d10v5 L=2 W=10 nf=2 ad=1.45 as=2.9 pd=10.58 ps=21.16 nrd=0.029 nrs=0.029 sa=0
| + sb=0 sd=0 mult=1 m=1
| XM_MIR1 EA_D1 EA_D1 AMP_ENN 0 sky130_fd_pr__nfet_g5v0d10v5 L=4 W=10 nf=2 ad=1.45 as=2.9 pd=10.58 ps=21.16 nrd=0.029 nrs=0.029 sa=0
| + sb=0 sd=0 mult=1 m=1
| XM_MIR2 EA_OUT EA_D1 AMP_ENN 0 sky130_fd_pr__nfet_g5v0d10v5 L=4 W=10 nf=2 ad=1.45 as=2.9 pd=10.58 ps=21.16 nrd=0.029 nrs=0.029
| + sa=0 sb=0 sd=0 mult=1 m=1
| XM_ENN2 AMP_ENN EN 0 0 sky130_fd_pr__nfet_g5v0d10v5 L=0.5 W=10 nf=1 ad=2.9 as=2.9 pd=20.58 ps=20.58 nrd=0.029 nrs=0.029 sa=0 sb=0
| + sd=0 mult=1 m=1
| XM_ENP EA_OUT EN VIN VIN sky130_fd_pr__pfet_g5v0d10v5 L=0.5 W=10 nf=1 ad=2.9 as=2.9 pd=20.58 ps=20.58 nrd=0.029 nrs=0.029 sa=0
| + sb=0 sd=0 mult=1 m=1
| XM_MIR3 EA_D2 EA_D2 AMP_ENN 0 sky130_fd_pr__nfet_g5v0d10v5 L=4 W=10 nf=2 ad=1.45 as=2.9 pd=10.58 ps=21.16 nrd=0.029 nrs=0.029 sa=0
| + sb=0 sd=0 mult=1 m=1
| XM_MIR4 PB EA_D2 AMP_ENN 0 sky130_fd_pr__nfet_g5v0d10v5 L=4 W=10 nf=2 ad=1.45 as=2.9 pd=10.58 ps=21.16 nrd=0.029 nrs=0.029 sa=0
| + sb=0 sd=0 mult=1 m=1
| XM_MIRP1 PB PB VIN VIN sky130_fd_pr__pfet_g5v0d10v5 L=4 W=20 nf=4 ad=2.9 as=4.35 pd=21.16 ps=31.74 nrd=0.0145 nrs=0.0145 sa=0 sb=0
| + sd=0 mult=1 m=1
| XM_MIRP2 EA_OUT PB VIN VIN sky130_fd_pr__pfet_g5v0d10v5 L=4 W=20 nf=4 ad=2.9 as=4.35 pd=21.16 ps=31.74 nrd=0.0145 nrs=0.0145 sa=0
| + sb=0 sd=0 mult=1 m=1
| XM_ENP5 PB EN VIN VIN sky130_fd_pr__pfet_g5v0d10v5 L=0.5 W=2 nf=1 ad=0.58 as=0.58 pd=4.58 ps=4.58 nrd=0.145 nrs=0.145 sa=0 sb=0
| + sd=0 mult=1 m=1
| XM_PASS VOUT EA_OUT VIN VIN sky130_fd_pr__pfet_g5v0d10v5 L=0.5 W=100 nf=25 ad=15.08 as=15.08 pd=111.54 ps=111.54 nrd=0.0029
| + nrs=0.0029 sa=0 sb=0 sd=0 mult=25 m=25
| C_COMP VOUT EA_CZ 150p m=1
| XR_CZ EA_CZ EA_OUT 0 sky130_fd_pr__res_xhigh_po W=0.42 L=52 mult=1 m=1
| XR_FB_A VOUT FB 0 sky130_fd_pr__res_xhigh_po W=0.42 L=180 mult=1 m=1
| XR_FB_B FB N_FBB 0 sky130_fd_pr__res_xhigh_po W=0.42 L=180 mult=1 m=1
| XR_FB_C N_FBB 0 0 sky130_fd_pr__res_xhigh_po W=0.42 L=180 mult=1 m=1
| XM_SENSE CL_SNS EA_OUT VIN VIN sky130_fd_pr__pfet_g5v0d10v5 L=0.5 W=0.42 nf=1 ad=0.1218 as=0.1218 pd=1.42 ps=1.42
| + nrd=0.69047619047619 nrs=0.69047619047619 sa=0 sb=0 sd=0 mult=1 m=1
| XM_CLN1 CL_SNS CL_SNS AMP_ENN 0 sky130_fd_pr__nfet_g5v0d10v5 L=1 W=20 nf=1 ad=5.8 as=5.8 pd=40.58 ps=40.58 nrd=0.0145 nrs=0.0145
| + sa=0 sb=0 sd=0 mult=1 m=1
| XM_CLN2 CL_CMP CL_SNS AMP_ENN 0 sky130_fd_pr__nfet_g5v0d10v5 L=1 W=1.6 nf=1 ad=0.464 as=0.464 pd=3.78 ps=3.78 nrd=0.18125
| + nrs=0.18125 sa=0 sb=0 sd=0 mult=1 m=1
| XM_CLP CL_CMP BIASP VIN VIN sky130_fd_pr__pfet_g5v0d10v5 L=1 W=10 nf=2 ad=1.45 as=2.9 pd=10.58 ps=21.16 nrd=0.029 nrs=0.029 sa=0
| + sb=0 sd=0 mult=1 m=1
| XM_CLIM EA_OUT CL_CMP VIN VIN sky130_fd_pr__pfet_g5v0d10v5 L=0.5 W=20 nf=4 ad=2.9 as=4.35 pd=21.16 ps=31.74 nrd=0.0145 nrs=0.0145
| + sa=0 sb=0 sd=0 mult=1 m=1
| XM_ENP3 CL_CMP EN VIN VIN sky130_fd_pr__pfet_g5v0d10v5 L=0.5 W=2 nf=1 ad=0.58 as=0.58 pd=4.58 ps=4.58 nrd=0.145 nrs=0.145 sa=0
| + sb=0 sd=0 mult=1 m=1
| C_CL VIN CL_CMP 1p m=1
| XM_INVP ENB EN VIN VIN sky130_fd_pr__pfet_g5v0d10v5 L=0.5 W=2 nf=1 ad=0.58 as=0.58 pd=4.58 ps=4.58 nrd=0.145 nrs=0.145 sa=0 sb=0
| + sd=0 mult=1 m=1
| XM_INVN ENB EN 0 0 sky130_fd_pr__nfet_g5v0d10v5 L=0.5 W=1 nf=1 ad=0.29 as=0.29 pd=2.58 ps=2.58 nrd=0.29 nrs=0.29 sa=0 sb=0 sd=0
| + mult=1 m=1
| XM_SSDIS SS ENB 0 0 sky130_fd_pr__nfet_g5v0d10v5 L=0.5 W=2 nf=1 ad=0.58 as=0.58 pd=4.58 ps=4.58 nrd=0.145 nrs=0.145 sa=0 sb=0 sd=0
| + mult=1 m=1
| XM_SSCHG SS BIASP VIN VIN sky130_fd_pr__pfet_g5v0d10v5 L=8 W=1 nf=1 ad=0.29 as=0.29 pd=2.58 ps=2.58 nrd=0.29 nrs=0.29 sa=0 sb=0
| + sd=0 mult=1 m=1
| C_SS SS 0 10p m=1
| XM_IN2S EA_D2 SS EA_TAIL VIN sky130_fd_pr__pfet_g5v0d10v5 L=2 W=10 nf=2 ad=1.45 as=2.9 pd=10.58 ps=21.16 nrd=0.029 nrs=0.029 sa=0
| + sb=0 sd=0 mult=1 m=1
| XM_TSPS TS_SNS BIASP VIN VIN sky130_fd_pr__pfet_g5v0d10v5 L=1 W=2.5 nf=1 ad=0.725 as=0.725 pd=5.58 ps=5.58 nrd=0.116 nrs=0.116
| + sa=0 sb=0 sd=0 mult=1 m=1
| XM_TSD1 TS_SNS TS_SNS TS_MID 0 sky130_fd_pr__nfet_g5v0d10v5 L=1 W=80 nf=16 ad=11.6 as=13.05 pd=84.64 ps=95.22 nrd=0.003625
| + nrs=0.003625 sa=0 sb=0 sd=0 mult=1 m=1
| XM_TSD2 TS_MID TS_MID AMP_ENN 0 sky130_fd_pr__nfet_g5v0d10v5 L=1 W=80 nf=16 ad=11.6 as=13.05 pd=84.64 ps=95.22 nrd=0.003625
| + nrs=0.003625 sa=0 sb=0 sd=0 mult=1 m=1
| XM_TSPR TS_REF BIASP VIN VIN sky130_fd_pr__pfet_g5v0d10v5 L=1 W=2.5 nf=1 ad=0.725 as=0.725 pd=5.58 ps=5.58 nrd=0.116 nrs=0.116
| + sa=0 sb=0 sd=0 mult=1 m=1
| XM_TSR1 TS_REF TS_REF AMP_ENN 0 sky130_fd_pr__nfet_g5v0d10v5 L=10 W=2 nf=1 ad=0.58 as=0.58 pd=4.58 ps=4.58 nrd=0.145 nrs=0.145
| + sa=0 sb=0 sd=0 mult=1 m=1
| XM_TCTAIL TC_TAIL NB AMP_ENN 0 sky130_fd_pr__nfet_g5v0d10v5 L=1 W=1 nf=1 ad=0.29 as=0.29 pd=2.58 ps=2.58 nrd=0.29 nrs=0.29 sa=0
| + sb=0 sd=0 mult=1 m=1
| XM_TCN1 TC_D1 TS_SNS TC_TAIL 0 sky130_fd_pr__nfet_g5v0d10v5 L=2 W=10 nf=2 ad=1.45 as=2.9 pd=10.58 ps=21.16 nrd=0.029 nrs=0.029
| + sa=0 sb=0 sd=0 mult=1 m=1
| XM_TCN2 TS_CMP TS_REF TC_TAIL 0 sky130_fd_pr__nfet_g5v0d10v5 L=2 W=10 nf=2 ad=1.45 as=2.9 pd=10.58 ps=21.16 nrd=0.029 nrs=0.029
| + sa=0 sb=0 sd=0 mult=1 m=1
| XM_TCP1 TC_D1 TC_D1 VIN VIN sky130_fd_pr__pfet_g5v0d10v5 L=2 W=10 nf=2 ad=1.45 as=2.9 pd=10.58 ps=21.16 nrd=0.029 nrs=0.029 sa=0
| + sb=0 sd=0 mult=1 m=1
| XM_TCP2 TS_CMP TC_D1 VIN VIN sky130_fd_pr__pfet_g5v0d10v5 L=2 W=10 nf=2 ad=1.45 as=2.9 pd=10.58 ps=21.16 nrd=0.029 nrs=0.029 sa=0
| + sb=0 sd=0 mult=1 m=1
| XM_TSHUT EA_OUT TS_CMP VIN VIN sky130_fd_pr__pfet_g5v0d10v5 L=0.5 W=20 nf=4 ad=2.9 as=4.35 pd=21.16 ps=31.74 nrd=0.0145 nrs=0.0145
| + sa=0 sb=0 sd=0 mult=1 m=1
| XM_TSHYSB TS_HYS BIASP VIN VIN sky130_fd_pr__pfet_g5v0d10v5 L=2 W=1.5 nf=1 ad=0.435 as=0.435 pd=3.58 ps=3.58 nrd=0.193333333333333
| + nrs=0.193333333333333 sa=0 sb=0 sd=0 mult=1 m=1
| XM_TSHYS TS_REF TS_CMP TS_HYS VIN sky130_fd_pr__pfet_g5v0d10v5 L=0.5 W=2 nf=1 ad=0.58 as=0.58 pd=4.58 ps=4.58 nrd=0.145 nrs=0.145
| + sa=0 sb=0 sd=0 mult=1 m=1
| XM_ENP4 TS_CMP EN VIN VIN sky130_fd_pr__pfet_g5v0d10v5 L=0.5 W=2 nf=1 ad=0.58 as=0.58 pd=4.58 ps=4.58 nrd=0.145 nrs=0.145 sa=0
| + sb=0 sd=0 mult=1 m=1
| C_TS VIN TS_CMP 1p m=1
| .ends
| 
| .control
| save all
| * --- leg 1: full cycle -- EN rises at t=100us, block regulates, EN falls at t=2ms ---
| tran 5u 4.5m
| meas tran vpre find v(vout) at=1.9m
| meas tran iq_avg avg i(vvin) from=3.5m to=4.5m
| meas tran iq_worst min i(vvin) from=3.5m to=4.5m
| meas tran vhold find v(vout) at=4m
| * --- leg 2: static disabled state, output free-floating ---
| op
| * --- leg 3: static disabled state, VOUT forced to 0 V (Vin->Vout leakage) ---
| alter rforce = 1m
| op
| * --- leg 4: static disabled state, VOUT held at the 1.8 V nominal output ---
| alter vforce = 1.8
| op
| let meas_iq_shutdown_static_ua = -1e6*op1.i(vvin)
| let meas_iq_shutdown_after_edge_ua = -1e6*tran1.iq_worst
| let meas_iq_shutdown_after_edge_mean_ua = -1e6*tran1.iq_avg
| let meas_leak_vin_vout_ua = 1e6*op2.i(vforce)
| let meas_vout_pre_disable_v = tran1.vpre
| let meas_vout_hold_2ms_v = tran1.vhold
| let meas_vout_disabled_static_v = op1.v(vout)
| let meas_ivout_held_1v8_ua = -1e6*op3.i(vforce)
| print meas_iq_shutdown_static_ua
| print meas_iq_shutdown_after_edge_ua
| print meas_iq_shutdown_after_edge_mean_ua
| print meas_leak_vin_vout_ua
| print meas_vout_pre_disable_v
| print meas_vout_hold_2ms_v
| print meas_vout_disabled_static_v
| print meas_ivout_held_1v8_ua
| quit
| .endc
| .end

# ==== ngspice stdout ====

Note: Compatibility modes selected: hs a


Circuit: * enable-shutdown corner deck -- generated by sim/bin/corner-run.py, do not edit

option SCALE: Scale is set to 1e-06 for instance and model parameters
option SCALE: Scale is set to 1e-06 for instance and model parameters
option SCALE: Scale is set to 1e-06 for instance and model parameters
option SCALE: Scale is set to 1e-06 for instance and model parameters
Doing analysis at TEMP = 27.000000 and TNOM = 27.000000

Using KLU as Direct Linear Solver
 Reference value :  0.00000e+00
 Reference value :  4.00000e-07
 Reference value :  3.20000e-06
 Reference value :  2.14000e-05
 Reference value :  4.64000e-05
 Reference value :  6.64000e-05
 Reference value :  9.14000e-05
 Reference value :  1.00300e-04
 Reference value :  1.00410e-04
 Reference value :  1.00492e-04
 Reference value :  1.00555e-04
 Reference value :  1.00689e-04
 Reference value :  1.00771e-04
 Reference value :  1.00833e-04
 Reference value :  1.00871e-04
 Reference value :  1.00947e-04
 Reference value :  1.01000e-04
 Reference value :  1.01010e-04
 Reference value :  1.01035e-04
 Reference value :  1.01097e-04
 Reference value :  1.01291e-04
 Reference value :  1.02492e-04
 Reference value :  1.10780e-04
 Reference value :  1.20780e-04
 Reference value :  1.30780e-04
 Reference value :  1.45780e-04
 Reference value :  1.55780e-04
 Reference value :  1.65780e-04
 Reference value :  1.75780e-04
 Reference value :  1.90780e-04
 Reference value :  2.00780e-04
 Reference value :  2.10780e-04
 Reference value :  2.20780e-04
 Reference value :  2.30780e-04
 Reference value :  2.40780e-04
 Reference value :  2.55780e-04
 Reference value :  2.65780e-04
 Reference value :  2.80780e-04
 Reference value :  2.90780e-04
 Reference value :  3.05780e-04
 Reference value :  3.20780e-04
 Reference value :  3.30780e-04
 Reference value :  3.40780e-04
 Reference value :  3.50780e-04
 Reference value :  3.60780e-04
 Reference value :  3.75780e-04
 Reference value :  3.90780e-04
 Reference value :  4.05780e-04
 Reference value :  4.15780e-04
 Reference value :  4.30780e-04
 Reference value :  4.45780e-04
 Reference value :  4.55780e-04
 Reference value :  4.65780e-04
 Reference value :  4.80780e-04
 Reference value :  4.90780e-04
 Reference value :  5.00780e-04
 Reference value :  5.10780e-04
 Reference value :  5.20780e-04
 Reference value :  5.35780e-04
 Reference value :  5.45780e-04
 Reference value :  5.60780e-04
 Reference value :  5.75780e-04
 Reference value :  5.90780e-04
 Reference value :  6.10780e-04
 Reference value :  6.25780e-04
 Reference value :  6.40780e-04
 Reference value :  6.55780e-04
 Reference value :  6.85780e-04
 Reference value :  7.10780e-04
 Reference value :  7.30780e-04
 Reference value :  7.50780e-04
 Reference value :  7.65780e-04
 Reference value :  7.85780e-04
 Reference value :  8.05780e-04
 Reference value :  8.25780e-04
 Reference value :  8.45780e-04
 Reference value :  8.70780e-04
 Reference value :  8.90780e-04
 Reference value :  9.05780e-04
 Reference value :  9.20780e-04
 Reference value :  9.35780e-04
 Reference value :  9.55780e-04
 Reference value :  9.70780e-04
 Reference value :  9.85780e-04
 Reference value :  1.00078e-03
 Reference value :  1.01578e-03
 Reference value :  1.03578e-03
 Reference value :  1.05078e-03
 Reference value :  1.06578e-03
 Reference value :  1.08078e-03
 Reference value :  1.09578e-03
 Reference value :  1.11578e-03
 Reference value :  1.13078e-03
 Reference value :  1.15078e-03
 Reference value :  1.16578e-03
 Reference value :  1.18578e-03
 Reference value :  1.20078e-03
 Reference value :  1.21578e-03
 Reference value :  1.23078e-03
 Reference value :  1.25078e-03
 Reference value :  1.27078e-03
 Reference value :  1.28578e-03
 Reference value :  1.30078e-03
 Reference value :  1.31578e-03
 Reference value :  1.33078e-03
 Reference value :  1.35078e-03
 Reference value :  1.37078e-03
 Reference value :  1.39078e-03
 Reference value :  1.40578e-03
 Reference value :  1.42078e-03
 Reference value :  1.43578e-03
 Reference value :  1.45578e-03
 Reference value :  1.47078e-03
 Reference value :  1.48578e-03
 Reference value :  1.50078e-03
 Reference value :  1.51578e-03
 Reference value :  1.53078e-03
 Reference value :  1.55078e-03
 Reference value :  1.56578e-03
 Reference value :  1.58578e-03
 Reference value :  1.61078e-03
 Reference value :  1.63078e-03
 Reference value :  1.65078e-03
 Reference value :  1.66578e-03
 Reference value :  1.69078e-03
 Reference value :  1.71578e-03
 Reference value :  1.73578e-03
 Reference value :  1.76078e-03
 Reference value :  1.78578e-03
 Reference value :  1.81078e-03
 Reference value :  1.83578e-03
 Reference value :  1.85578e-03
 Reference value :  1.87078e-03
 Reference value :  1.88578e-03
 Reference value :  1.90578e-03
 Reference value :  1.92578e-03
 Reference value :  1.94078e-03
 Reference value :  1.95578e-03
 Reference value :  1.97578e-03
 Reference value :  1.99078e-03
 Reference value :  2.00010e-03
 Reference value :  2.00030e-03
 Reference value :  2.00041e-03
 Reference value :  2.00064e-03
 Reference value :  2.00072e-03
 Reference value :  2.00081e-03
 Reference value :  2.00085e-03
 Reference value :  2.00086e-03
 Reference value :  2.00087e-03
 Reference value :  2.00088e-03
 Reference value :  2.00091e-03
 Reference value :  2.00097e-03
 Reference value :  2.00103e-03
 Reference value :  2.00130e-03
 Reference value :  2.00339e-03
 Reference value :  2.00846e-03
 Reference value :  2.02346e-03
 Reference value :  2.04346e-03
 Reference value :  2.06346e-03
 Reference value :  2.08346e-03
 Reference value :  2.09846e-03
 Reference value :  2.11346e-03
 Reference value :  2.12846e-03
 Reference value :  2.14846e-03
 Reference value :  2.16846e-03
 Reference value :  2.18846e-03
 Reference value :  2.20346e-03
 Reference value :  2.21846e-03
 Reference value :  2.23846e-03
 Reference value :  2.25846e-03
 Reference value :  2.27846e-03
 Reference value :  2.29346e-03
 Reference value :  2.31346e-03
 Reference value :  2.33346e-03
 Reference value :  2.35346e-03
 Reference value :  2.37346e-03
 Reference value :  2.38846e-03
 Reference value :  2.40846e-03
 Reference value :  2.42346e-03
 Reference value :  2.43846e-03
 Reference value :  2.45846e-03
 Reference value :  2.47346e-03
 Reference value :  2.48846e-03
 Reference value :  2.50846e-03
 Reference value :  2.52346e-03
 Reference value :  2.54346e-03
 Reference value :  2.55846e-03
 Reference value :  2.57846e-03
 Reference value :  2.59346e-03
 Reference value :  2.60846e-03
 Reference value :  2.62346e-03
 Reference value :  2.63846e-03
 Reference value :  2.65346e-03
 Reference value :  2.67346e-03
 Reference value :  2.69346e-03
 Reference value :  2.71346e-03
 Reference value :  2.73346e-03
 Reference value :  2.74846e-03
 Reference value :  2.76846e-03
 Reference value :  2.78346e-03
 Reference value :  2.79846e-03
 Reference value :  2.81346e-03
 Reference value :  2.82846e-03
 Reference value :  2.84346e-03
 Reference value :  2.85846e-03
 Reference value :  2.87346e-03
 Reference value :  2.89346e-03
 Reference value :  2.90846e-03
 Reference value :  2.92346e-03
 Reference value :  2.94346e-03
 Reference value :  2.95846e-03
 Reference value :  2.97346e-03
 Reference value :  2.98846e-03
 Reference value :  3.00846e-03
 Reference value :  3.02346e-03
 Reference value :  3.03846e-03
 Reference value :  3.05346e-03
 Reference value :  3.06846e-03
 Reference value :  3.08846e-03
 Reference value :  3.10846e-03
 Reference value :  3.12846e-03
 Reference value :  3.14846e-03
 Reference value :  3.16846e-03
 Reference value :  3.18846e-03
 Reference value :  3.20346e-03
 Reference value :  3.22346e-03
 Reference value :  3.23846e-03
 Reference value :  3.25346e-03
 Reference value :  3.26846e-03
 Reference value :  3.28846e-03
 Reference value :  3.30346e-03
 Reference value :  3.32346e-03
 Reference value :  3.33846e-03
 Reference value :  3.35846e-03
 Reference value :  3.37846e-03
 Reference value :  3.39346e-03
 Reference value :  3.41346e-03
 Reference value :  3.42846e-03
 Reference value :  3.44346e-03
 Reference value :  3.45846e-03
 Reference value :  3.47846e-03
 Reference value :  3.49346e-03
 Reference value :  3.50846e-03
 Reference value :  3.52346e-03
 Reference value :  3.53846e-03
 Reference value :  3.55346e-03
 Reference value :  3.56846e-03
 Reference value :  3.58346e-03
 Reference value :  3.59846e-03
 Reference value :  3.61346e-03
 Reference value :  3.62846e-03
 Reference value :  3.64346e-03
 Reference value :  3.65846e-03
 Reference value :  3.67346e-03
 Reference value :  3.69346e-03
 Reference value :  3.71346e-03
 Reference value :  3.73346e-03
 Reference value :  3.75346e-03
 Reference value :  3.77346e-03
 Reference value :  3.79346e-03
 Reference value :  3.80846e-03
 Reference value :  3.82846e-03
 Reference value :  3.84346e-03
 Reference value :  3.85846e-03
 Reference value :  3.87346e-03
 Reference value :  3.88846e-03
 Reference value :  3.90846e-03
 Reference value :  3.92846e-03
 Reference value :  3.94846e-03
 Reference value :  3.96846e-03
 Reference value :  3.98346e-03
 Reference value :  3.99846e-03
 Reference value :  4.01846e-03
 Reference value :  4.03346e-03
 Reference value :  4.04846e-03
 Reference value :  4.06846e-03
 Reference value :  4.08346e-03
 Reference value :  4.09846e-03
 Reference value :  4.11846e-03
 Reference value :  4.13346e-03
 Reference value :  4.15346e-03
 Reference value :  4.17346e-03
 Reference value :  4.18846e-03
 Reference value :  4.20346e-03
 Reference value :  4.21846e-03
 Reference value :  4.23346e-03
 Reference value :  4.24846e-03
 Reference value :  4.26346e-03
 Reference value :  4.27846e-03
 Reference value :  4.29346e-03
 Reference value :  4.30846e-03
 Reference value :  4.32346e-03
 Reference value :  4.33846e-03
 Reference value :  4.35846e-03
 Reference value :  4.37346e-03
 Reference value :  4.38846e-03
 Reference value :  4.40346e-03
 Reference value :  4.42346e-03
 Reference value :  4.44346e-03
 Reference value :  4.46346e-03
 Reference value :  4.47846e-03
 Reference value :  4.49346e-03
No. of Data Rows : 964
vpre                =  1.81249e+00
iq_avg              =  -2.23422e-10 from=  3.50000e-03 to=  4.50000e-03
iq_worst            =  -1.79053e-09 at=  3.50846e-03
vhold               =  1.81130e+00
Doing analysis at TEMP = 27.000000 and TNOM = 27.000000

Using KLU as Direct Linear Solver
 Reference value :  0.00000e+00
No. of Data Rows : 1
Doing analysis at TEMP = 27.000000 and TNOM = 27.000000

Using KLU as Direct Linear Solver
 Reference value :  0.00000e+00
No. of Data Rows : 1
Doing analysis at TEMP = 27.000000 and TNOM = 27.000000

Using KLU as Direct Linear Solver
 Reference value :  0.00000e+00
No. of Data Rows : 1
meas_iq_shutdown_static_ua = 1.896571e-04
meas_iq_shutdown_after_edge_ua = 1.790533e-03
meas_iq_shutdown_after_edge_mean_ua = 2.234223e-04
meas_leak_vin_vout_ua = 9.968418e-05
meas_vout_pre_disable_v = 1.812495e+00
meas_vout_hold_2ms_v = 1.811298e+00
meas_vout_disabled_static_v = 3.112086e-04
meas_ivout_held_1v8_ua = 5.766345e-01
ngspice-46 done

# ==== ngspice stderr ====
Note: Starting dynamic gmin stepping
Warning: Dynamic gmin stepping failed
Note: Starting true gmin stepping
Note: True gmin stepping completed
Note: Starting dynamic gmin stepping
Warning: Dynamic gmin stepping failed
Note: Starting true gmin stepping
Note: True gmin stepping completed
Note: Starting dynamic gmin stepping
Warning: Dynamic gmin stepping failed
Note: Starting true gmin stepping
Note: True gmin stepping completed
Note: Starting dynamic gmin stepping
Warning: Dynamic gmin stepping failed
Note: Starting true gmin stepping
Note: True gmin stepping completed
