# corner: tt_27c_3.30v
# process=tt temp=27C supply=3.30V
# ngspice exit: 0
# wall clock: 123.5s (--timeout was 300s)
# result: PASS

# ==== deck (exact input given to ngspice) ====
| * enable-shutdown corner deck -- generated by sim/bin/corner-run.py, do not edit
| * corner: tt_27c_3.30v
| .param vsup=3.3
| .option wnflag=1
| .temp 27
| .lib "/home/ubuntu/.volare/sky130A/libs.tech/combined/sky130.lib.spice" tt
| ** sch_path: sim/enable-shutdown/testbench/tb_enable_shutdown.sch
| **.subckt tb_enable_shutdown
| VVIN VIN 0 'vsup'
| .save i(vvin)
| VEN EN 0 dc 0 pwl(0 0 100u 0 101u 'vsup' 2m 'vsup' 2.001m 0 10 0)
| .save i(ven)
| VVREF VREF 0 1.2
| .save i(vvref)
| xldo VOUT VREF EN VIN ldo_3v3in_1v8out
| COUT VOUT VESR 1u m=1
| RESR VESR 0 10m m=1
| RLOAD VOUT 0 1e12 m=1
| RFORCE VOUT VF 1e12 m=1
| VFORCE VF 0 0
| .save i(vforce)
| **.ends
| 
| * expanding   symbol:  design/ldo_3v3in_1v8out.sym # of pins=4
| ** sym_path: design/ldo_3v3in_1v8out.sym
| ** sch_path: design/ldo_3v3in_1v8out.sch
| .subckt ldo_3v3in_1v8out VOUT VREF EN VIN
| *.ipin VIN
| *.ipin EN
| *.ipin VREF
| *.opin VOUT
| XR_BIAS VIN NB 0 sky130_fd_pr__res_high_po W=0.42 L=1500 mult=1 m=1
| XM_BIASN1 NB NB BIAS_ENN 0 sky130_fd_pr__nfet_g5v0d10v5 L=1 W=4 nf=1 ad=1.16 as=1.16 pd=8.58 ps=8.58 nrd=0.0725 nrs=0.0725 sa=0
| + sb=0 sd=0 mult=1 m=1
| XM_ENN BIAS_ENN EN 0 0 sky130_fd_pr__nfet_g5v0d10v5 L=0.5 W=10 nf=1 ad=2.9 as=2.9 pd=20.58 ps=20.58 nrd=0.029 nrs=0.029 sa=0 sb=0
| + sd=0 mult=1 m=1
| XM_BIASN2 BIASP NB BIAS_ENN 0 sky130_fd_pr__nfet_g5v0d10v5 L=1 W=4 nf=1 ad=1.16 as=1.16 pd=8.58 ps=8.58 nrd=0.0725 nrs=0.0725 sa=0
| + sb=0 sd=0 mult=1 m=1
| XM_BIASP1 BIASP BIASP VIN VIN sky130_fd_pr__pfet_g5v0d10v5 L=1 W=10 nf=2 ad=1.45 as=2.9 pd=10.58 ps=21.16 nrd=0.029 nrs=0.029 sa=0
| + sb=0 sd=0 mult=1 m=1
| XM_ENP2 BIASP EN VIN VIN sky130_fd_pr__pfet_g5v0d10v5 L=0.5 W=10 nf=1 ad=2.9 as=2.9 pd=20.58 ps=20.58 nrd=0.029 nrs=0.029 sa=0
| + sb=0 sd=0 mult=1 m=1
| XM_TAIL EA_TAIL BIASP VIN VIN sky130_fd_pr__pfet_g5v0d10v5 L=2 W=40 nf=8 ad=5.8 as=7.25 pd=42.32 ps=52.9 nrd=0.00725 nrs=0.00725
| + sa=0 sb=0 sd=0 mult=1 m=1
| XM_IN1 EA_D1 FB EA_TAIL VIN sky130_fd_pr__pfet_g5v0d10v5 L=2 W=10 nf=2 ad=1.45 as=2.9 pd=10.58 ps=21.16 nrd=0.029 nrs=0.029 sa=0
| + sb=0 sd=0 mult=1 m=1
| XM_IN2 EA_D2 VREF EA_TAIL VIN sky130_fd_pr__pfet_g5v0d10v5 L=2 W=10 nf=2 ad=1.45 as=2.9 pd=10.58 ps=21.16 nrd=0.029 nrs=0.029 sa=0
| + sb=0 sd=0 mult=1 m=1
| XM_MIR1 EA_D1 EA_D1 AMP_ENN 0 sky130_fd_pr__nfet_g5v0d10v5 L=4 W=10 nf=2 ad=1.45 as=2.9 pd=10.58 ps=21.16 nrd=0.029 nrs=0.029 sa=0
| + sb=0 sd=0 mult=1 m=1
| XM_MIR2 EA_OUT EA_D1 AMP_ENN 0 sky130_fd_pr__nfet_g5v0d10v5 L=4 W=10 nf=2 ad=1.45 as=2.9 pd=10.58 ps=21.16 nrd=0.029 nrs=0.029
| + sa=0 sb=0 sd=0 mult=1 m=1
| XM_ENN2 AMP_ENN EN 0 0 sky130_fd_pr__nfet_g5v0d10v5 L=0.5 W=10 nf=1 ad=2.9 as=2.9 pd=20.58 ps=20.58 nrd=0.029 nrs=0.029 sa=0 sb=0
| + sd=0 mult=1 m=1
| XM_ENP EA_OUT EN VIN VIN sky130_fd_pr__pfet_g5v0d10v5 L=0.5 W=10 nf=1 ad=2.9 as=2.9 pd=20.58 ps=20.58 nrd=0.029 nrs=0.029 sa=0
| + sb=0 sd=0 mult=1 m=1
| XM_MIR3 EA_D2 EA_D2 AMP_ENN 0 sky130_fd_pr__nfet_g5v0d10v5 L=4 W=10 nf=2 ad=1.45 as=2.9 pd=10.58 ps=21.16 nrd=0.029 nrs=0.029 sa=0
| + sb=0 sd=0 mult=1 m=1
| XM_MIR4 PB EA_D2 AMP_ENN 0 sky130_fd_pr__nfet_g5v0d10v5 L=4 W=10 nf=2 ad=1.45 as=2.9 pd=10.58 ps=21.16 nrd=0.029 nrs=0.029 sa=0
| + sb=0 sd=0 mult=1 m=1
| XM_MIRP1 PB PB VIN VIN sky130_fd_pr__pfet_g5v0d10v5 L=4 W=20 nf=4 ad=2.9 as=4.35 pd=21.16 ps=31.74 nrd=0.0145 nrs=0.0145 sa=0 sb=0
| + sd=0 mult=1 m=1
| XM_MIRP2 EA_OUT PB VIN VIN sky130_fd_pr__pfet_g5v0d10v5 L=4 W=20 nf=4 ad=2.9 as=4.35 pd=21.16 ps=31.74 nrd=0.0145 nrs=0.0145 sa=0
| + sb=0 sd=0 mult=1 m=1
| XM_ENP5 PB EN VIN VIN sky130_fd_pr__pfet_g5v0d10v5 L=0.5 W=2 nf=1 ad=0.58 as=0.58 pd=4.58 ps=4.58 nrd=0.145 nrs=0.145 sa=0 sb=0
| + sd=0 mult=1 m=1
| XM_PASS VOUT EA_OUT VIN VIN sky130_fd_pr__pfet_g5v0d10v5 L=0.5 W=100 nf=25 ad=15.08 as=15.08 pd=111.54 ps=111.54 nrd=0.0029
| + nrs=0.0029 sa=0 sb=0 sd=0 mult=25 m=25
| C_COMP VOUT EA_CZ 150p m=1
| XR_CZ EA_CZ EA_OUT 0 sky130_fd_pr__res_xhigh_po W=0.42 L=52 mult=1 m=1
| XR_FB_A VOUT FB 0 sky130_fd_pr__res_xhigh_po W=0.42 L=180 mult=1 m=1
| XR_FB_B FB N_FBB 0 sky130_fd_pr__res_xhigh_po W=0.42 L=180 mult=1 m=1
| XR_FB_C N_FBB 0 0 sky130_fd_pr__res_xhigh_po W=0.42 L=180 mult=1 m=1
| XM_SENSE CL_SNS EA_OUT VIN VIN sky130_fd_pr__pfet_g5v0d10v5 L=0.5 W=0.42 nf=1 ad=0.1218 as=0.1218 pd=1.42 ps=1.42
| + nrd=0.69047619047619 nrs=0.69047619047619 sa=0 sb=0 sd=0 mult=1 m=1
| XM_CLN1 CL_SNS CL_SNS AMP_ENN 0 sky130_fd_pr__nfet_g5v0d10v5 L=1 W=20 nf=1 ad=5.8 as=5.8 pd=40.58 ps=40.58 nrd=0.0145 nrs=0.0145
| + sa=0 sb=0 sd=0 mult=1 m=1
| XM_CLN2 CL_CMP CL_SNS AMP_ENN 0 sky130_fd_pr__nfet_g5v0d10v5 L=1 W=1.6 nf=1 ad=0.464 as=0.464 pd=3.78 ps=3.78 nrd=0.18125
| + nrs=0.18125 sa=0 sb=0 sd=0 mult=1 m=1
| XM_CLP CL_CMP BIASP VIN VIN sky130_fd_pr__pfet_g5v0d10v5 L=1 W=10 nf=2 ad=1.45 as=2.9 pd=10.58 ps=21.16 nrd=0.029 nrs=0.029 sa=0
| + sb=0 sd=0 mult=1 m=1
| XM_CLIM EA_OUT CL_CMP VIN VIN sky130_fd_pr__pfet_g5v0d10v5 L=0.5 W=20 nf=4 ad=2.9 as=4.35 pd=21.16 ps=31.74 nrd=0.0145 nrs=0.0145
| + sa=0 sb=0 sd=0 mult=1 m=1
| XM_ENP3 CL_CMP EN VIN VIN sky130_fd_pr__pfet_g5v0d10v5 L=0.5 W=2 nf=1 ad=0.58 as=0.58 pd=4.58 ps=4.58 nrd=0.145 nrs=0.145 sa=0
| + sb=0 sd=0 mult=1 m=1
| C_CL VIN CL_CMP 1p m=1
| XM_INVP ENB EN VIN VIN sky130_fd_pr__pfet_g5v0d10v5 L=0.5 W=2 nf=1 ad=0.58 as=0.58 pd=4.58 ps=4.58 nrd=0.145 nrs=0.145 sa=0 sb=0
| + sd=0 mult=1 m=1
| XM_INVN ENB EN 0 0 sky130_fd_pr__nfet_g5v0d10v5 L=0.5 W=1 nf=1 ad=0.29 as=0.29 pd=2.58 ps=2.58 nrd=0.29 nrs=0.29 sa=0 sb=0 sd=0
| + mult=1 m=1
| XM_SSDIS SS ENB 0 0 sky130_fd_pr__nfet_g5v0d10v5 L=0.5 W=2 nf=1 ad=0.58 as=0.58 pd=4.58 ps=4.58 nrd=0.145 nrs=0.145 sa=0 sb=0 sd=0
| + mult=1 m=1
| XM_SSCHG SS BIASP VIN VIN sky130_fd_pr__pfet_g5v0d10v5 L=8 W=1 nf=1 ad=0.29 as=0.29 pd=2.58 ps=2.58 nrd=0.29 nrs=0.29 sa=0 sb=0
| + sd=0 mult=1 m=1
| C_SS SS 0 10p m=1
| XM_IN2S EA_D2 SS EA_TAIL VIN sky130_fd_pr__pfet_g5v0d10v5 L=2 W=10 nf=2 ad=1.45 as=2.9 pd=10.58 ps=21.16 nrd=0.029 nrs=0.029 sa=0
| + sb=0 sd=0 mult=1 m=1
| XM_TSPS TS_SNS BIASP VIN VIN sky130_fd_pr__pfet_g5v0d10v5 L=1 W=2.5 nf=1 ad=0.725 as=0.725 pd=5.58 ps=5.58 nrd=0.116 nrs=0.116
| + sa=0 sb=0 sd=0 mult=1 m=1
| XM_TSD1 TS_SNS TS_SNS TS_MID 0 sky130_fd_pr__nfet_g5v0d10v5 L=1 W=80 nf=16 ad=11.6 as=13.05 pd=84.64 ps=95.22 nrd=0.003625
| + nrs=0.003625 sa=0 sb=0 sd=0 mult=1 m=1
| XM_TSD2 TS_MID TS_MID AMP_ENN 0 sky130_fd_pr__nfet_g5v0d10v5 L=1 W=80 nf=16 ad=11.6 as=13.05 pd=84.64 ps=95.22 nrd=0.003625
| + nrs=0.003625 sa=0 sb=0 sd=0 mult=1 m=1
| XM_TSPR TS_REF BIASP VIN VIN sky130_fd_pr__pfet_g5v0d10v5 L=1 W=2.5 nf=1 ad=0.725 as=0.725 pd=5.58 ps=5.58 nrd=0.116 nrs=0.116
| + sa=0 sb=0 sd=0 mult=1 m=1
| XM_TSR1 TS_REF TS_REF AMP_ENN 0 sky130_fd_pr__nfet_g5v0d10v5 L=10 W=2 nf=1 ad=0.58 as=0.58 pd=4.58 ps=4.58 nrd=0.145 nrs=0.145
| + sa=0 sb=0 sd=0 mult=1 m=1
| XM_TCTAIL TC_TAIL NB AMP_ENN 0 sky130_fd_pr__nfet_g5v0d10v5 L=1 W=1 nf=1 ad=0.29 as=0.29 pd=2.58 ps=2.58 nrd=0.29 nrs=0.29 sa=0
| + sb=0 sd=0 mult=1 m=1
| XM_TCN1 TC_D1 TS_SNS TC_TAIL 0 sky130_fd_pr__nfet_g5v0d10v5 L=2 W=10 nf=2 ad=1.45 as=2.9 pd=10.58 ps=21.16 nrd=0.029 nrs=0.029
| + sa=0 sb=0 sd=0 mult=1 m=1
| XM_TCN2 TS_CMP TS_REF TC_TAIL 0 sky130_fd_pr__nfet_g5v0d10v5 L=2 W=10 nf=2 ad=1.45 as=2.9 pd=10.58 ps=21.16 nrd=0.029 nrs=0.029
| + sa=0 sb=0 sd=0 mult=1 m=1
| XM_TCP1 TC_D1 TC_D1 VIN VIN sky130_fd_pr__pfet_g5v0d10v5 L=2 W=10 nf=2 ad=1.45 as=2.9 pd=10.58 ps=21.16 nrd=0.029 nrs=0.029 sa=0
| + sb=0 sd=0 mult=1 m=1
| XM_TCP2 TS_CMP TC_D1 VIN VIN sky130_fd_pr__pfet_g5v0d10v5 L=2 W=10 nf=2 ad=1.45 as=2.9 pd=10.58 ps=21.16 nrd=0.029 nrs=0.029 sa=0
| + sb=0 sd=0 mult=1 m=1
| XM_TSHUT EA_OUT TS_CMP VIN VIN sky130_fd_pr__pfet_g5v0d10v5 L=0.5 W=20 nf=4 ad=2.9 as=4.35 pd=21.16 ps=31.74 nrd=0.0145 nrs=0.0145
| + sa=0 sb=0 sd=0 mult=1 m=1
| XM_TSHYSB TS_HYS BIASP VIN VIN sky130_fd_pr__pfet_g5v0d10v5 L=2 W=1.5 nf=1 ad=0.435 as=0.435 pd=3.58 ps=3.58 nrd=0.193333333333333
| + nrs=0.193333333333333 sa=0 sb=0 sd=0 mult=1 m=1
| XM_TSHYS TS_REF TS_CMP TS_HYS VIN sky130_fd_pr__pfet_g5v0d10v5 L=0.5 W=2 nf=1 ad=0.58 as=0.58 pd=4.58 ps=4.58 nrd=0.145 nrs=0.145
| + sa=0 sb=0 sd=0 mult=1 m=1
| XM_ENP4 TS_CMP EN VIN VIN sky130_fd_pr__pfet_g5v0d10v5 L=0.5 W=2 nf=1 ad=0.58 as=0.58 pd=4.58 ps=4.58 nrd=0.145 nrs=0.145 sa=0
| + sb=0 sd=0 mult=1 m=1
| C_TS VIN TS_CMP 1p m=1
| .ends
| 
| .control
| save all
| * --- leg 1: full cycle -- EN rises at t=100us, block regulates, EN falls at t=2ms ---
| tran 5u 4.5m
| meas tran vpre find v(vout) at=1.9m
| meas tran iq_avg avg i(vvin) from=3.5m to=4.5m
| meas tran iq_worst min i(vvin) from=3.5m to=4.5m
| meas tran vhold find v(vout) at=4m
| * --- leg 2: static disabled state, output free-floating ---
| op
| * --- leg 3: static disabled state, VOUT forced to 0 V (Vin->Vout leakage) ---
| alter rforce = 1m
| op
| * --- leg 4: static disabled state, VOUT held at the 1.8 V nominal output ---
| alter vforce = 1.8
| op
| let meas_iq_shutdown_static_ua = -1e6*op1.i(vvin)
| let meas_iq_shutdown_after_edge_ua = -1e6*tran1.iq_worst
| let meas_iq_shutdown_after_edge_mean_ua = -1e6*tran1.iq_avg
| let meas_leak_vin_vout_ua = 1e6*op2.i(vforce)
| let meas_vout_pre_disable_v = tran1.vpre
| let meas_vout_hold_2ms_v = tran1.vhold
| let meas_vout_disabled_static_v = op1.v(vout)
| let meas_ivout_held_1v8_ua = -1e6*op3.i(vforce)
| print meas_iq_shutdown_static_ua
| print meas_iq_shutdown_after_edge_ua
| print meas_iq_shutdown_after_edge_mean_ua
| print meas_leak_vin_vout_ua
| print meas_vout_pre_disable_v
| print meas_vout_hold_2ms_v
| print meas_vout_disabled_static_v
| print meas_ivout_held_1v8_ua
| quit
| .endc
| .end

# ==== ngspice stdout ====

Note: Compatibility modes selected: hs a


Circuit: * enable-shutdown corner deck -- generated by sim/bin/corner-run.py, do not edit

option SCALE: Scale is set to 1e-06 for instance and model parameters
option SCALE: Scale is set to 1e-06 for instance and model parameters
option SCALE: Scale is set to 1e-06 for instance and model parameters
option SCALE: Scale is set to 1e-06 for instance and model parameters
Doing analysis at TEMP = 27.000000 and TNOM = 27.000000

Using KLU as Direct Linear Solver
 Reference value :  0.00000e+00
 Reference value :  4.00000e-07
 Reference value :  6.40000e-06
 Reference value :  3.14000e-05
 Reference value :  5.64000e-05
 Reference value :  7.14000e-05
 Reference value :  9.14000e-05
 Reference value :  1.00300e-04
 Reference value :  1.00411e-04
 Reference value :  1.00498e-04
 Reference value :  1.00566e-04
 Reference value :  1.00705e-04
 Reference value :  1.00797e-04
 Reference value :  1.00863e-04
 Reference value :  1.00902e-04
 Reference value :  1.00970e-04
 Reference value :  1.01003e-04
 Reference value :  1.01023e-04
 Reference value :  1.01099e-04
 Reference value :  1.01290e-04
 Reference value :  1.01732e-04
 Reference value :  1.04056e-04
 Reference value :  1.16660e-04
 Reference value :  1.21660e-04
 Reference value :  1.31660e-04
 Reference value :  1.41660e-04
 Reference value :  1.51660e-04
 Reference value :  1.61660e-04
 Reference value :  1.76660e-04
 Reference value :  1.91660e-04
 Reference value :  2.01660e-04
 Reference value :  2.11660e-04
 Reference value :  2.21660e-04
 Reference value :  2.31660e-04
 Reference value :  2.46660e-04
 Reference value :  2.61660e-04
 Reference value :  2.71660e-04
 Reference value :  2.81660e-04
 Reference value :  2.91660e-04
 Reference value :  3.01660e-04
 Reference value :  3.11660e-04
 Reference value :  3.26660e-04
 Reference value :  3.41660e-04
 Reference value :  3.51660e-04
 Reference value :  3.61660e-04
 Reference value :  3.71660e-04
 Reference value :  3.81660e-04
 Reference value :  3.91660e-04
 Reference value :  4.01660e-04
 Reference value :  4.16660e-04
 Reference value :  4.26660e-04
 Reference value :  4.41660e-04
 Reference value :  4.51660e-04
 Reference value :  4.61660e-04
 Reference value :  4.71660e-04
 Reference value :  4.86660e-04
 Reference value :  4.96660e-04
 Reference value :  5.11660e-04
 Reference value :  5.26660e-04
 Reference value :  5.41660e-04
 Reference value :  5.51660e-04
 Reference value :  5.66660e-04
 Reference value :  5.81660e-04
 Reference value :  5.91660e-04
 Reference value :  6.01660e-04
 Reference value :  6.11660e-04
 Reference value :  6.26660e-04
 Reference value :  6.41660e-04
 Reference value :  6.56660e-04
 Reference value :  6.66660e-04
 Reference value :  6.76660e-04
 Reference value :  6.86660e-04
 Reference value :  7.01660e-04
 Reference value :  7.16660e-04
 Reference value :  7.31660e-04
 Reference value :  7.51660e-04
 Reference value :  7.66660e-04
 Reference value :  7.86660e-04
 Reference value :  8.06660e-04
 Reference value :  8.21660e-04
 Reference value :  8.36660e-04
 Reference value :  8.56660e-04
 Reference value :  8.71660e-04
 Reference value :  8.91660e-04
 Reference value :  9.06660e-04
 Reference value :  9.26660e-04
 Reference value :  9.41660e-04
 Reference value :  9.56660e-04
 Reference value :  9.76660e-04
 Reference value :  9.96660e-04
 Reference value :  1.01666e-03
 Reference value :  1.03166e-03
 Reference value :  1.05166e-03
 Reference value :  1.06666e-03
 Reference value :  1.08166e-03
 Reference value :  1.09666e-03
 Reference value :  1.11666e-03
 Reference value :  1.13166e-03
 Reference value :  1.14666e-03
 Reference value :  1.16166e-03
 Reference value :  1.17666e-03
 Reference value :  1.19666e-03
 Reference value :  1.21166e-03
 Reference value :  1.22666e-03
 Reference value :  1.24166e-03
 Reference value :  1.26166e-03
 Reference value :  1.28166e-03
 Reference value :  1.29666e-03
 Reference value :  1.31666e-03
 Reference value :  1.33166e-03
 Reference value :  1.34666e-03
 Reference value :  1.36166e-03
 Reference value :  1.37666e-03
 Reference value :  1.39666e-03
 Reference value :  1.41166e-03
 Reference value :  1.42666e-03
 Reference value :  1.44666e-03
 Reference value :  1.46666e-03
 Reference value :  1.48166e-03
 Reference value :  1.50166e-03
 Reference value :  1.51666e-03
 Reference value :  1.53666e-03
 Reference value :  1.55166e-03
 Reference value :  1.57166e-03
 Reference value :  1.59166e-03
 Reference value :  1.60666e-03
 Reference value :  1.62666e-03
 Reference value :  1.64666e-03
 Reference value :  1.66166e-03
 Reference value :  1.67666e-03
 Reference value :  1.69166e-03
 Reference value :  1.70666e-03
 Reference value :  1.72166e-03
 Reference value :  1.74166e-03
 Reference value :  1.76166e-03
 Reference value :  1.77666e-03
 Reference value :  1.79666e-03
 Reference value :  1.81666e-03
 Reference value :  1.83666e-03
 Reference value :  1.85666e-03
 Reference value :  1.87666e-03
 Reference value :  1.89166e-03
 Reference value :  1.90666e-03
 Reference value :  1.92666e-03
 Reference value :  1.94666e-03
 Reference value :  1.96666e-03
 Reference value :  1.98166e-03
 Reference value :  2.00000e-03
 Reference value :  2.00030e-03
 Reference value :  2.00042e-03
 Reference value :  2.00050e-03
 Reference value :  2.00057e-03
 Reference value :  2.00063e-03
 Reference value :  2.00065e-03
 Reference value :  2.00066e-03
 Reference value :  2.00069e-03
 Reference value :  2.00073e-03
 Reference value :  2.00080e-03
 Reference value :  2.00087e-03
 Reference value :  2.00100e-03
 Reference value :  2.00105e-03
 Reference value :  2.00124e-03
 Reference value :  2.00297e-03
 Reference value :  2.00733e-03
 Reference value :  2.02205e-03
 Reference value :  2.03705e-03
 Reference value :  2.05205e-03
 Reference value :  2.07205e-03
 Reference value :  2.08705e-03
 Reference value :  2.10705e-03
 Reference value :  2.12705e-03
 Reference value :  2.14705e-03
 Reference value :  2.16705e-03
 Reference value :  2.18205e-03
 Reference value :  2.20205e-03
 Reference value :  2.21705e-03
 Reference value :  2.23205e-03
 Reference value :  2.25205e-03
 Reference value :  2.26705e-03
 Reference value :  2.28705e-03
 Reference value :  2.30705e-03
 Reference value :  2.32705e-03
 Reference value :  2.34705e-03
 Reference value :  2.36705e-03
 Reference value :  2.38705e-03
 Reference value :  2.40205e-03
 Reference value :  2.42205e-03
 Reference value :  2.44205e-03
 Reference value :  2.45705e-03
 Reference value :  2.47705e-03
 Reference value :  2.49205e-03
 Reference value :  2.51205e-03
 Reference value :  2.53205e-03
 Reference value :  2.55205e-03
 Reference value :  2.56705e-03
 Reference value :  2.58705e-03
 Reference value :  2.60205e-03
 Reference value :  2.61705e-03
 Reference value :  2.63205e-03
 Reference value :  2.65205e-03
 Reference value :  2.67705e-03
 Reference value :  2.69705e-03
 Reference value :  2.71705e-03
 Reference value :  2.73705e-03
 Reference value :  2.75705e-03
 Reference value :  2.77205e-03
 Reference value :  2.78705e-03
 Reference value :  2.80705e-03
 Reference value :  2.82205e-03
 Reference value :  2.84205e-03
 Reference value :  2.86205e-03
 Reference value :  2.88205e-03
 Reference value :  2.89705e-03
 Reference value :  2.91705e-03
 Reference value :  2.93705e-03
 Reference value :  2.95705e-03
 Reference value :  2.97705e-03
 Reference value :  2.99705e-03
 Reference value :  3.01205e-03
 Reference value :  3.03205e-03
 Reference value :  3.05205e-03
 Reference value :  3.07205e-03
 Reference value :  3.09205e-03
 Reference value :  3.11205e-03
 Reference value :  3.12705e-03
 Reference value :  3.14205e-03
 Reference value :  3.15705e-03
 Reference value :  3.17205e-03
 Reference value :  3.18705e-03
 Reference value :  3.20205e-03
 Reference value :  3.22205e-03
 Reference value :  3.23705e-03
 Reference value :  3.25205e-03
 Reference value :  3.26705e-03
 Reference value :  3.28205e-03
 Reference value :  3.30205e-03
 Reference value :  3.32205e-03
 Reference value :  3.34205e-03
 Reference value :  3.36205e-03
 Reference value :  3.38205e-03
 Reference value :  3.40205e-03
 Reference value :  3.41705e-03
 Reference value :  3.43705e-03
 Reference value :  3.45705e-03
 Reference value :  3.47205e-03
 Reference value :  3.48705e-03
 Reference value :  3.50205e-03
 Reference value :  3.52205e-03
 Reference value :  3.54205e-03
 Reference value :  3.55705e-03
 Reference value :  3.57705e-03
 Reference value :  3.59705e-03
 Reference value :  3.61705e-03
 Reference value :  3.63205e-03
 Reference value :  3.64705e-03
 Reference value :  3.66705e-03
 Reference value :  3.68705e-03
 Reference value :  3.70205e-03
 Reference value :  3.72205e-03
 Reference value :  3.73705e-03
 Reference value :  3.75705e-03
 Reference value :  3.77205e-03
 Reference value :  3.79205e-03
 Reference value :  3.80705e-03
 Reference value :  3.82205e-03
 Reference value :  3.83705e-03
 Reference value :  3.85705e-03
 Reference value :  3.87705e-03
 Reference value :  3.89705e-03
 Reference value :  3.91705e-03
 Reference value :  3.93705e-03
 Reference value :  3.95205e-03
 Reference value :  3.96705e-03
 Reference value :  3.98205e-03
 Reference value :  4.00205e-03
 Reference value :  4.02205e-03
 Reference value :  4.03705e-03
 Reference value :  4.05205e-03
 Reference value :  4.07205e-03
 Reference value :  4.08705e-03
 Reference value :  4.10705e-03
 Reference value :  4.12705e-03
 Reference value :  4.14705e-03
 Reference value :  4.16705e-03
 Reference value :  4.18205e-03
 Reference value :  4.20205e-03
 Reference value :  4.21705e-03
 Reference value :  4.23705e-03
 Reference value :  4.25205e-03
 Reference value :  4.27205e-03
 Reference value :  4.29205e-03
 Reference value :  4.31205e-03
 Reference value :  4.33205e-03
 Reference value :  4.35205e-03
 Reference value :  4.37205e-03
 Reference value :  4.38705e-03
 Reference value :  4.40205e-03
 Reference value :  4.42205e-03
 Reference value :  4.44205e-03
 Reference value :  4.46205e-03
 Reference value :  4.48205e-03
 Reference value :  4.50000e-03
No. of Data Rows : 966
vpre                =  1.81351e+00
iq_avg              =  -2.05281e-10 from=  3.50000e-03 to=  4.50000e-03
iq_worst            =  -1.41421e-09 at=  3.50205e-03
vhold               =  1.81231e+00
Doing analysis at TEMP = 27.000000 and TNOM = 27.000000

Using KLU as Direct Linear Solver
 Reference value :  0.00000e+00
No. of Data Rows : 1
Doing analysis at TEMP = 27.000000 and TNOM = 27.000000

Using KLU as Direct Linear Solver
 Reference value :  0.00000e+00
No. of Data Rows : 1
Doing analysis at TEMP = 27.000000 and TNOM = 27.000000

Using KLU as Direct Linear Solver
 Reference value :  0.00000e+00
No. of Data Rows : 1
meas_iq_shutdown_static_ua = 1.704902e-04
meas_iq_shutdown_after_edge_ua = 1.414205e-03
meas_iq_shutdown_after_edge_mean_ua = 2.052813e-04
meas_leak_vin_vout_ua = 8.909540e-05
meas_vout_pre_disable_v = 1.813511e+00
meas_vout_hold_2ms_v = 1.812310e+00
meas_vout_disabled_static_v = 2.781547e-04
meas_ivout_held_1v8_ua = 5.766434e-01
ngspice-46 done

# ==== ngspice stderr ====
Note: Starting dynamic gmin stepping
Warning: Dynamic gmin stepping failed
Note: Starting true gmin stepping
Note: True gmin stepping completed
Note: Starting dynamic gmin stepping
Warning: Dynamic gmin stepping failed
Note: Starting true gmin stepping
Note: True gmin stepping completed
Note: Starting dynamic gmin stepping
Warning: Dynamic gmin stepping failed
Note: Starting true gmin stepping
Note: True gmin stepping completed
