# corner: ss_125c_1.98v
# process=ss temp=125C supply=1.98V
# ngspice exit: 0
# wall clock: 17.9s (--timeout was 300s)
# result: PASS

# ==== deck (exact input given to ngspice) ====
| * pdk-smoke corner deck -- generated by sim/bin/corner-run.py, do not edit
| * corner: ss_125c_1.98v
| .param vsup=1.98
| .option wnflag=1
| .temp 125
| .lib "/Users/rwalters/.volare/sky130A/libs.tech/combined/sky130.lib.spice" ss
| ** sch_path: sim/pdk-smoke/testbench/tb_pdk_smoke.sch
| **.subckt tb_pdk_smoke
| V1 VDD 0 'vsup'
| .save i(v1)
| R1 VDD VG 1meg m=1
| XM1 VG VG 0 0 sky130_fd_pr__nfet_01v8 L=0.5 W=2 nf=1 ad=0.58 as=0.58 pd=4.58 ps=4.58 nrd=0.145 nrs=0.145 sa=0 sb=0 sd=0 mult=1 m=1
| **.ends
| .control
| save all
| op
| let meas_vgs = v(vg)
| let meas_isup = -i(v1)
| print meas_vgs
| print meas_isup
| quit
| .endc
| .end

# ==== ngspice stdout ====

Note: Compatibility modes selected: hs a


Circuit: * pdk-smoke corner deck -- generated by sim/bin/corner-run.py, do not edit

option SCALE: Scale is set to 1e-06 for instance and model parameters
option SCALE: Scale is set to 1e-06 for instance and model parameters
option SCALE: Scale is set to 1e-06 for instance and model parameters
option SCALE: Scale is set to 1e-06 for instance and model parameters
Doing analysis at TEMP = 125.000000 and TNOM = 27.000000

Using KLU as Direct Linear Solver
 Reference value :  0.00000e+00
No. of Data Rows : 1
meas_vgs = 5.989754e-01
meas_isup = 1.381025e-06
ngspice-47 done

# ==== ngspice stderr ====

