# corner: ff_125c_3.63v
# process=ff temp=125C supply=3.63V
# ngspice exit: 0
# wall clock: 182.1s (--timeout was 300s)
# result: FAIL

# ==== deck (exact input given to ngspice) ====
| * current-limit corner deck -- generated by sim/bin/corner-run.py, do not edit
| * corner: ff_125c_3.63v
| .param vsup=3.63
| .option wnflag=1
| .temp 125
| .lib "/home/ubuntu/.volare/sky130A/libs.tech/combined/sky130.lib.spice" ff
| ** sch_path: sim/current-limit/testbench/tb_current_limit.sch
| **.subckt tb_current_limit
| VVIN VIN 0 'vsup'
| .save i(vvin)
| VEN EN 0 dc 'vsup' pwl(0 0 100u 0 101u 'vsup' 10 'vsup')
| .save i(ven)
| VVREF VREF 0 1.2
| .save i(vvref)
| xldo VOUT VREF EN VIN ldo_3v3in_1v8out
| COUT VOUT VESR 1u m=1
| RESR VESR 0 10m m=1
| RLOAD VOUT 0 36 m=1
| RFORCE VOUT VF 1e12 m=1
| VFORCE VF 0 dc 1.8 pwl(0 1.8 1m 1.8 1.001m 0 10 0)
| .save i(vforce)
| **.ends
| 
| * expanding   symbol:  design/ldo_3v3in_1v8out.sym # of pins=4
| ** sym_path: design/ldo_3v3in_1v8out.sym
| ** sch_path: design/ldo_3v3in_1v8out.sch
| .subckt ldo_3v3in_1v8out VOUT VREF EN VIN
| *.ipin VIN
| *.ipin EN
| *.ipin VREF
| *.opin VOUT
| XR_BIAS VIN NB 0 sky130_fd_pr__res_high_po W=0.42 L=1500 mult=1 m=1
| XM_BIASN1 NB NB BIAS_ENN 0 sky130_fd_pr__nfet_g5v0d10v5 L=1 W=4 nf=1 ad=1.16 as=1.16 pd=8.58 ps=8.58 nrd=0.0725 nrs=0.0725 sa=0
| + sb=0 sd=0 mult=1 m=1
| XM_ENN BIAS_ENN EN 0 0 sky130_fd_pr__nfet_g5v0d10v5 L=0.5 W=10 nf=1 ad=2.9 as=2.9 pd=20.58 ps=20.58 nrd=0.029 nrs=0.029 sa=0 sb=0
| + sd=0 mult=1 m=1
| XM_BIASN2 BIASP NB BIAS_ENN 0 sky130_fd_pr__nfet_g5v0d10v5 L=1 W=4 nf=1 ad=1.16 as=1.16 pd=8.58 ps=8.58 nrd=0.0725 nrs=0.0725 sa=0
| + sb=0 sd=0 mult=1 m=1
| XM_BIASP1 BIASP BIASP VIN VIN sky130_fd_pr__pfet_g5v0d10v5 L=1 W=10 nf=2 ad=1.45 as=2.9 pd=10.58 ps=21.16 nrd=0.029 nrs=0.029 sa=0
| + sb=0 sd=0 mult=1 m=1
| XM_ENP2 BIASP EN VIN VIN sky130_fd_pr__pfet_g5v0d10v5 L=0.5 W=10 nf=1 ad=2.9 as=2.9 pd=20.58 ps=20.58 nrd=0.029 nrs=0.029 sa=0
| + sb=0 sd=0 mult=1 m=1
| XM_TAIL EA_TAIL BIASP VIN VIN sky130_fd_pr__pfet_g5v0d10v5 L=2 W=40 nf=8 ad=5.8 as=7.25 pd=42.32 ps=52.9 nrd=0.00725 nrs=0.00725
| + sa=0 sb=0 sd=0 mult=1 m=1
| XM_IN1 EA_D1 FB EA_TAIL VIN sky130_fd_pr__pfet_g5v0d10v5 L=2 W=10 nf=2 ad=1.45 as=2.9 pd=10.58 ps=21.16 nrd=0.029 nrs=0.029 sa=0
| + sb=0 sd=0 mult=1 m=1
| XM_IN2 EA_D2 VREF EA_TAIL VIN sky130_fd_pr__pfet_g5v0d10v5 L=2 W=10 nf=2 ad=1.45 as=2.9 pd=10.58 ps=21.16 nrd=0.029 nrs=0.029 sa=0
| + sb=0 sd=0 mult=1 m=1
| XM_MIR1 EA_D1 EA_D1 AMP_ENN 0 sky130_fd_pr__nfet_g5v0d10v5 L=4 W=10 nf=2 ad=1.45 as=2.9 pd=10.58 ps=21.16 nrd=0.029 nrs=0.029 sa=0
| + sb=0 sd=0 mult=1 m=1
| XM_MIR2 EA_OUT EA_D1 AMP_ENN 0 sky130_fd_pr__nfet_g5v0d10v5 L=4 W=10 nf=2 ad=1.45 as=2.9 pd=10.58 ps=21.16 nrd=0.029 nrs=0.029
| + sa=0 sb=0 sd=0 mult=1 m=1
| XM_ENN2 AMP_ENN EN 0 0 sky130_fd_pr__nfet_g5v0d10v5 L=0.5 W=10 nf=1 ad=2.9 as=2.9 pd=20.58 ps=20.58 nrd=0.029 nrs=0.029 sa=0 sb=0
| + sd=0 mult=1 m=1
| XM_ENP EA_OUT EN VIN VIN sky130_fd_pr__pfet_g5v0d10v5 L=0.5 W=10 nf=1 ad=2.9 as=2.9 pd=20.58 ps=20.58 nrd=0.029 nrs=0.029 sa=0
| + sb=0 sd=0 mult=1 m=1
| XM_MIR3 EA_D2 EA_D2 AMP_ENN 0 sky130_fd_pr__nfet_g5v0d10v5 L=4 W=10 nf=2 ad=1.45 as=2.9 pd=10.58 ps=21.16 nrd=0.029 nrs=0.029 sa=0
| + sb=0 sd=0 mult=1 m=1
| XM_MIR4 PB EA_D2 AMP_ENN 0 sky130_fd_pr__nfet_g5v0d10v5 L=4 W=10 nf=2 ad=1.45 as=2.9 pd=10.58 ps=21.16 nrd=0.029 nrs=0.029 sa=0
| + sb=0 sd=0 mult=1 m=1
| XM_MIRP1 PB PB VIN VIN sky130_fd_pr__pfet_g5v0d10v5 L=4 W=20 nf=4 ad=2.9 as=4.35 pd=21.16 ps=31.74 nrd=0.0145 nrs=0.0145 sa=0 sb=0
| + sd=0 mult=1 m=1
| XM_MIRP2 EA_OUT PB VIN VIN sky130_fd_pr__pfet_g5v0d10v5 L=4 W=20 nf=4 ad=2.9 as=4.35 pd=21.16 ps=31.74 nrd=0.0145 nrs=0.0145 sa=0
| + sb=0 sd=0 mult=1 m=1
| XM_ENP5 PB EN VIN VIN sky130_fd_pr__pfet_g5v0d10v5 L=0.5 W=2 nf=1 ad=0.58 as=0.58 pd=4.58 ps=4.58 nrd=0.145 nrs=0.145 sa=0 sb=0
| + sd=0 mult=1 m=1
| XM_PASS VOUT EA_OUT VIN VIN sky130_fd_pr__pfet_g5v0d10v5 L=0.5 W=100 nf=25 ad=15.08 as=15.08 pd=111.54 ps=111.54 nrd=0.0029
| + nrs=0.0029 sa=0 sb=0 sd=0 mult=25 m=25
| C_COMP VOUT EA_CZ 150p m=1
| XR_CZ EA_CZ EA_OUT 0 sky130_fd_pr__res_xhigh_po W=0.42 L=52 mult=1 m=1
| XR_FB_A VOUT FB 0 sky130_fd_pr__res_xhigh_po W=0.42 L=180 mult=1 m=1
| XR_FB_B FB N_FBB 0 sky130_fd_pr__res_xhigh_po W=0.42 L=180 mult=1 m=1
| XR_FB_C N_FBB 0 0 sky130_fd_pr__res_xhigh_po W=0.42 L=180 mult=1 m=1
| XM_SENSE CL_SNS EA_OUT VIN VIN sky130_fd_pr__pfet_g5v0d10v5 L=0.5 W=0.42 nf=1 ad=0.1218 as=0.1218 pd=1.42 ps=1.42
| + nrd=0.69047619047619 nrs=0.69047619047619 sa=0 sb=0 sd=0 mult=1 m=1
| XM_CLN1 CL_SNS CL_SNS AMP_ENN 0 sky130_fd_pr__nfet_g5v0d10v5 L=1 W=20 nf=1 ad=5.8 as=5.8 pd=40.58 ps=40.58 nrd=0.0145 nrs=0.0145
| + sa=0 sb=0 sd=0 mult=1 m=1
| XM_CLN2 CL_CMP CL_SNS AMP_ENN 0 sky130_fd_pr__nfet_g5v0d10v5 L=1 W=1.6 nf=1 ad=0.464 as=0.464 pd=3.78 ps=3.78 nrd=0.18125
| + nrs=0.18125 sa=0 sb=0 sd=0 mult=1 m=1
| XM_CLP CL_CMP BIASP VIN VIN sky130_fd_pr__pfet_g5v0d10v5 L=1 W=10 nf=2 ad=1.45 as=2.9 pd=10.58 ps=21.16 nrd=0.029 nrs=0.029 sa=0
| + sb=0 sd=0 mult=1 m=1
| XM_CLIM EA_OUT CL_CMP VIN VIN sky130_fd_pr__pfet_g5v0d10v5 L=0.5 W=20 nf=4 ad=2.9 as=4.35 pd=21.16 ps=31.74 nrd=0.0145 nrs=0.0145
| + sa=0 sb=0 sd=0 mult=1 m=1
| XM_ENP3 CL_CMP EN VIN VIN sky130_fd_pr__pfet_g5v0d10v5 L=0.5 W=2 nf=1 ad=0.58 as=0.58 pd=4.58 ps=4.58 nrd=0.145 nrs=0.145 sa=0
| + sb=0 sd=0 mult=1 m=1
| C_CL VIN CL_CMP 1p m=1
| XM_INVP ENB EN VIN VIN sky130_fd_pr__pfet_g5v0d10v5 L=0.5 W=2 nf=1 ad=0.58 as=0.58 pd=4.58 ps=4.58 nrd=0.145 nrs=0.145 sa=0 sb=0
| + sd=0 mult=1 m=1
| XM_INVN ENB EN 0 0 sky130_fd_pr__nfet_g5v0d10v5 L=0.5 W=1 nf=1 ad=0.29 as=0.29 pd=2.58 ps=2.58 nrd=0.29 nrs=0.29 sa=0 sb=0 sd=0
| + mult=1 m=1
| XM_SSDIS SS ENB 0 0 sky130_fd_pr__nfet_g5v0d10v5 L=0.5 W=2 nf=1 ad=0.58 as=0.58 pd=4.58 ps=4.58 nrd=0.145 nrs=0.145 sa=0 sb=0 sd=0
| + mult=1 m=1
| XM_SSCHG SS BIASP VIN VIN sky130_fd_pr__pfet_g5v0d10v5 L=8 W=1 nf=1 ad=0.29 as=0.29 pd=2.58 ps=2.58 nrd=0.29 nrs=0.29 sa=0 sb=0
| + sd=0 mult=1 m=1
| C_SS SS 0 10p m=1
| XM_IN2S EA_D2 SS EA_TAIL VIN sky130_fd_pr__pfet_g5v0d10v5 L=2 W=10 nf=2 ad=1.45 as=2.9 pd=10.58 ps=21.16 nrd=0.029 nrs=0.029 sa=0
| + sb=0 sd=0 mult=1 m=1
| XM_TSPS TS_SNS BIASP VIN VIN sky130_fd_pr__pfet_g5v0d10v5 L=1 W=2.5 nf=1 ad=0.725 as=0.725 pd=5.58 ps=5.58 nrd=0.116 nrs=0.116
| + sa=0 sb=0 sd=0 mult=1 m=1
| XM_TSD1 TS_SNS TS_SNS TS_MID 0 sky130_fd_pr__nfet_g5v0d10v5 L=1 W=80 nf=16 ad=11.6 as=13.05 pd=84.64 ps=95.22 nrd=0.003625
| + nrs=0.003625 sa=0 sb=0 sd=0 mult=1 m=1
| XM_TSD2 TS_MID TS_MID AMP_ENN 0 sky130_fd_pr__nfet_g5v0d10v5 L=1 W=80 nf=16 ad=11.6 as=13.05 pd=84.64 ps=95.22 nrd=0.003625
| + nrs=0.003625 sa=0 sb=0 sd=0 mult=1 m=1
| XM_TSPR TS_REF BIASP VIN VIN sky130_fd_pr__pfet_g5v0d10v5 L=1 W=2.5 nf=1 ad=0.725 as=0.725 pd=5.58 ps=5.58 nrd=0.116 nrs=0.116
| + sa=0 sb=0 sd=0 mult=1 m=1
| XM_TSR1 TS_REF TS_REF AMP_ENN 0 sky130_fd_pr__nfet_g5v0d10v5 L=10 W=2 nf=1 ad=0.58 as=0.58 pd=4.58 ps=4.58 nrd=0.145 nrs=0.145
| + sa=0 sb=0 sd=0 mult=1 m=1
| XM_TCTAIL TC_TAIL NB AMP_ENN 0 sky130_fd_pr__nfet_g5v0d10v5 L=1 W=1 nf=1 ad=0.29 as=0.29 pd=2.58 ps=2.58 nrd=0.29 nrs=0.29 sa=0
| + sb=0 sd=0 mult=1 m=1
| XM_TCN1 TC_D1 TS_SNS TC_TAIL 0 sky130_fd_pr__nfet_g5v0d10v5 L=2 W=10 nf=2 ad=1.45 as=2.9 pd=10.58 ps=21.16 nrd=0.029 nrs=0.029
| + sa=0 sb=0 sd=0 mult=1 m=1
| XM_TCN2 TS_CMP TS_REF TC_TAIL 0 sky130_fd_pr__nfet_g5v0d10v5 L=2 W=10 nf=2 ad=1.45 as=2.9 pd=10.58 ps=21.16 nrd=0.029 nrs=0.029
| + sa=0 sb=0 sd=0 mult=1 m=1
| XM_TCP1 TC_D1 TC_D1 VIN VIN sky130_fd_pr__pfet_g5v0d10v5 L=2 W=10 nf=2 ad=1.45 as=2.9 pd=10.58 ps=21.16 nrd=0.029 nrs=0.029 sa=0
| + sb=0 sd=0 mult=1 m=1
| XM_TCP2 TS_CMP TC_D1 VIN VIN sky130_fd_pr__pfet_g5v0d10v5 L=2 W=10 nf=2 ad=1.45 as=2.9 pd=10.58 ps=21.16 nrd=0.029 nrs=0.029 sa=0
| + sb=0 sd=0 mult=1 m=1
| XM_TSHUT EA_OUT TS_CMP VIN VIN sky130_fd_pr__pfet_g5v0d10v5 L=0.5 W=20 nf=4 ad=2.9 as=4.35 pd=21.16 ps=31.74 nrd=0.0145 nrs=0.0145
| + sa=0 sb=0 sd=0 mult=1 m=1
| XM_TSHYSB TS_HYS BIASP VIN VIN sky130_fd_pr__pfet_g5v0d10v5 L=2 W=1.5 nf=1 ad=0.435 as=0.435 pd=3.58 ps=3.58 nrd=0.193333333333333
| + nrs=0.193333333333333 sa=0 sb=0 sd=0 mult=1 m=1
| XM_TSHYS TS_REF TS_CMP TS_HYS VIN sky130_fd_pr__pfet_g5v0d10v5 L=0.5 W=2 nf=1 ad=0.58 as=0.58 pd=4.58 ps=4.58 nrd=0.145 nrs=0.145
| + sa=0 sb=0 sd=0 mult=1 m=1
| XM_ENP4 TS_CMP EN VIN VIN sky130_fd_pr__pfet_g5v0d10v5 L=0.5 W=2 nf=1 ad=0.58 as=0.58 pd=4.58 ps=4.58 nrd=0.145 nrs=0.145 sa=0
| + sb=0 sd=0 mult=1 m=1
| C_TS VIN TS_CMP 1p m=1
| .ends
| 
| .control
| save all
| * --- leg 1: 50 mA operating point (RFORCE open) -- the clamp must be OFF ---
| op
| * --- leg 2: DC limit characteristic, VOUT forced from 0 V up to 1.75 V ---
| alter rload = 1e12
| alter rforce = 1m
| dc vforce 0 1.75 0.125
| meas dc ilim_short find i(vforce) at=0
| meas dc ilim_knee find i(vforce) at=1.75
| * --- leg 3: cold EN ramp (t=100-101us), Vout=0 short applied at t=1.0ms (after soft-start settles) and HELD to t=3.0ms ---
| alter rload = 36
| tran 500n 3.0m
| meas tran ipre avg i(vvin) from=0.9m to=1.0m
| meas tran ish_avg avg i(vvin) from=2.0m to=3.0m
| meas tran ish_max max i(vvin) from=1.1m to=3.0m
| meas tran ish_min min i(vvin) from=1.1m to=3.0m
| meas tran vsh_max max v(vout) from=1.1m to=3.0m
| let meas_vout_50ma_v = op1.v(vout)
| let meas_cl_margin_50ma_v = op1.v(vin) - op1.v(xldo.cl_cmp)
| let meas_ilim_short_ma = 1000*dc1.ilim_short
| let meas_ilim_knee_ma = 1000*dc1.ilim_knee
| let meas_ilim_droop_pct = 100*(dc1.ilim_knee - dc1.ilim_short)/dc1.ilim_knee
| let meas_ishort_sustained_ma = -1000*tran1.ish_avg
| let meas_ishort_ripple_pct = 100*(tran1.ish_max - tran1.ish_min)/(-tran1.ish_avg)
| let meas_vout_short_mv = 1000*tran1.vsh_max
| let meas_isup_pre_short_ma = -1000*tran1.ipre
| print meas_vout_50ma_v
| print meas_cl_margin_50ma_v
| print meas_ilim_short_ma
| print meas_ilim_knee_ma
| print meas_ilim_droop_pct
| print meas_ishort_sustained_ma
| print meas_ishort_ripple_pct
| print meas_vout_short_mv
| print meas_isup_pre_short_ma
| quit
| .endc
| .end

# ==== ngspice stdout ====

Note: Compatibility modes selected: hs a


Circuit: * current-limit corner deck -- generated by sim/bin/corner-run.py, do not edit

option SCALE: Scale is set to 1e-06 for instance and model parameters
option SCALE: Scale is set to 1e-06 for instance and model parameters
option SCALE: Scale is set to 1e-06 for instance and model parameters
option SCALE: Scale is set to 1e-06 for instance and model parameters
Doing analysis at TEMP = 125.000000 and TNOM = 27.000000

Using KLU as Direct Linear Solver
 Reference value :  0.00000e+00
No. of Data Rows : 1
Doing analysis at TEMP = 125.000000 and TNOM = 27.000000

Using KLU as Direct Linear Solver
 Reference value :  0.00000e+00
 Reference value :  1.25000e-01
 Reference value :  2.50000e-01
 Reference value :  3.75000e-01
 Reference value :  5.00000e-01
 Reference value :  6.25000e-01
 Reference value :  7.50000e-01
 Reference value :  8.75000e-01
 Reference value :  1.00000e+00
 Reference value :  1.12500e+00
 Reference value :  1.25000e+00
 Reference value :  1.37500e+00
 Reference value :  1.50000e+00
 Reference value :  1.62500e+00
 Reference value :  1.75000e+00
No. of Data Rows : 15
ilim_short          =  5.30939e-08
ilim_knee           =  -5.44839e-07
Doing analysis at TEMP = 125.000000 and TNOM = 27.000000

Using KLU as Direct Linear Solver
 Reference value :  0.00000e+00
 Reference value :  8.00000e-08
 Reference value :  1.14000e-06
 Reference value :  3.14000e-06
 Reference value :  5.14000e-06
 Reference value :  7.64000e-06
 Reference value :  1.01400e-05
 Reference value :  1.21400e-05
 Reference value :  1.41400e-05
 Reference value :  1.61400e-05
 Reference value :  1.81400e-05
 Reference value :  2.11400e-05
 Reference value :  2.41400e-05
 Reference value :  2.61400e-05
 Reference value :  2.86400e-05
 Reference value :  3.06400e-05
 Reference value :  3.26400e-05
 Reference value :  3.46400e-05
 Reference value :  3.66400e-05
 Reference value :  3.86400e-05
 Reference value :  4.06400e-05
 Reference value :  4.31400e-05
 Reference value :  4.51400e-05
 Reference value :  4.76400e-05
 Reference value :  5.01400e-05
 Reference value :  5.26400e-05
 Reference value :  5.51400e-05
 Reference value :  5.76400e-05
 Reference value :  5.96400e-05
 Reference value :  6.16400e-05
 Reference value :  6.36400e-05
 Reference value :  6.56400e-05
 Reference value :  6.71400e-05
 Reference value :  6.91400e-05
 Reference value :  7.11400e-05
 Reference value :  7.36400e-05
 Reference value :  7.56400e-05
 Reference value :  7.81400e-05
 Reference value :  8.06400e-05
 Reference value :  8.26400e-05
 Reference value :  8.46400e-05
 Reference value :  8.66400e-05
 Reference value :  8.86400e-05
 Reference value :  9.06400e-05
 Reference value :  9.36400e-05
 Reference value :  9.56400e-05
 Reference value :  9.81400e-05
 Reference value :  1.00031e-04
 Reference value :  1.00161e-04
 Reference value :  1.00277e-04
 Reference value :  1.00355e-04
 Reference value :  1.00479e-04
 Reference value :  1.00591e-04
 Reference value :  1.00738e-04
 Reference value :  1.00826e-04
 Reference value :  1.00909e-04
 Reference value :  1.00994e-04
 Reference value :  1.01002e-04
 Reference value :  1.01029e-04
 Reference value :  1.01185e-04
 Reference value :  1.01384e-04
 Reference value :  1.02122e-04
 Reference value :  1.04622e-04
 Reference value :  1.06122e-04
 Reference value :  1.08122e-04
 Reference value :  1.10122e-04
 Reference value :  1.12122e-04
 Reference value :  1.13622e-04
 Reference value :  1.15622e-04
 Reference value :  1.17122e-04
 Reference value :  1.18622e-04
 Reference value :  1.21622e-04
 Reference value :  1.24122e-04
 Reference value :  1.27122e-04
 Reference value :  1.29122e-04
 Reference value :  1.31122e-04
 Reference value :  1.33622e-04
 Reference value :  1.36622e-04
 Reference value :  1.39622e-04
 Reference value :  1.42122e-04
 Reference value :  1.44622e-04
 Reference value :  1.47122e-04
 Reference value :  1.49122e-04
 Reference value :  1.51622e-04
 Reference value :  1.53622e-04
 Reference value :  1.55622e-04
 Reference value :  1.57622e-04
 Reference value :  1.59622e-04
 Reference value :  1.61622e-04
 Reference value :  1.64122e-04
 Reference value :  1.66622e-04
 Reference value :  1.68622e-04
 Reference value :  1.70622e-04
 Reference value :  1.72622e-04
 Reference value :  1.75122e-04
 Reference value :  1.77122e-04
 Reference value :  1.79622e-04
 Reference value :  1.81622e-04
 Reference value :  1.83622e-04
 Reference value :  1.85622e-04
 Reference value :  1.88622e-04
 Reference value :  1.91622e-04
 Reference value :  1.93622e-04
 Reference value :  1.96122e-04
 Reference value :  1.98622e-04
 Reference value :  2.01122e-04
 Reference value :  2.03622e-04
 Reference value :  2.06122e-04
 Reference value :  2.08122e-04
 Reference value :  2.10122e-04
 Reference value :  2.12122e-04
 Reference value :  2.15622e-04
 Reference value :  2.17622e-04
 Reference value :  2.19622e-04
 Reference value :  2.22122e-04
 Reference value :  2.24122e-04
 Reference value :  2.26622e-04
 Reference value :  2.29122e-04
 Reference value :  2.32122e-04
 Reference value :  2.34122e-04
 Reference value :  2.35622e-04
 Reference value :  2.37622e-04
 Reference value :  2.39622e-04
 Reference value :  2.41622e-04
 Reference value :  2.44122e-04
 Reference value :  2.47122e-04
 Reference value :  2.49622e-04
 Reference value :  2.52122e-04
 Reference value :  2.54122e-04
 Reference value :  2.56622e-04
 Reference value :  2.58622e-04
 Reference value :  2.60622e-04
 Reference value :  2.62622e-04
 Reference value :  2.64622e-04
 Reference value :  2.66122e-04
 Reference value :  2.67622e-04
 Reference value :  2.69122e-04
 Reference value :  2.71122e-04
 Reference value :  2.73122e-04
 Reference value :  2.75122e-04
 Reference value :  2.76622e-04
 Reference value :  2.78622e-04
 Reference value :  2.80622e-04
 Reference value :  2.83122e-04
 Reference value :  2.85622e-04
 Reference value :  2.88122e-04
 Reference value :  2.90122e-04
 Reference value :  2.91622e-04
 Reference value :  2.93122e-04
 Reference value :  2.95122e-04
 Reference value :  2.97122e-04
 Reference value :  2.99622e-04
 Reference value :  3.01622e-04
 Reference value :  3.03622e-04
 Reference value :  3.05622e-04
 Reference value :  3.08122e-04
 Reference value :  3.10122e-04
 Reference value :  3.11622e-04
 Reference value :  3.14122e-04
 Reference value :  3.16122e-04
 Reference value :  3.18622e-04
 Reference value :  3.20622e-04
 Reference value :  3.22622e-04
 Reference value :  3.24622e-04
 Reference value :  3.27122e-04
 Reference value :  3.29122e-04
 Reference value :  3.31622e-04
 Reference value :  3.33622e-04
 Reference value :  3.35622e-04
 Reference value :  3.37622e-04
 Reference value :  3.40122e-04
 Reference value :  3.42122e-04
 Reference value :  3.44622e-04
 Reference value :  3.46622e-04
 Reference value :  3.48622e-04
 Reference value :  3.51622e-04
 Reference value :  3.53622e-04
 Reference value :  3.55622e-04
 Reference value :  3.58122e-04
 Reference value :  3.60122e-04
 Reference value :  3.63122e-04
 Reference value :  3.65622e-04
 Reference value :  3.68622e-04
 Reference value :  3.71122e-04
 Reference value :  3.73122e-04
 Reference value :  3.75622e-04
 Reference value :  3.78122e-04
 Reference value :  3.80122e-04
 Reference value :  3.81622e-04
 Reference value :  3.84122e-04
 Reference value :  3.86122e-04
 Reference value :  3.88122e-04
 Reference value :  3.90622e-04
 Reference value :  3.92622e-04
 Reference value :  3.95122e-04
 Reference value :  3.97622e-04
 Reference value :  3.99622e-04
 Reference value :  4.01622e-04
 Reference value :  4.03622e-04
 Reference value :  4.05622e-04
 Reference value :  4.08122e-04
 Reference value :  4.10122e-04
 Reference value :  4.12122e-04
 Reference value :  4.14622e-04
 Reference value :  4.17122e-04
 Reference value :  4.20122e-04
 Reference value :  4.23122e-04
 Reference value :  4.25622e-04
 Reference value :  4.28122e-04
 Reference value :  4.30622e-04
 Reference value :  4.32622e-04
 Reference value :  4.35122e-04
 Reference value :  4.37622e-04
 Reference value :  4.39622e-04
 Reference value :  4.41622e-04
 Reference value :  4.44122e-04
 Reference value :  4.46622e-04
 Reference value :  4.49622e-04
 Reference value :  4.52122e-04
 Reference value :  4.54122e-04
 Reference value :  4.56622e-04
 Reference value :  4.59122e-04
 Reference value :  4.61122e-04
 Reference value :  4.63122e-04
 Reference value :  4.65122e-04
 Reference value :  4.67122e-04
 Reference value :  4.69122e-04
 Reference value :  4.71122e-04
 Reference value :  4.73122e-04
 Reference value :  4.75122e-04
 Reference value :  4.77622e-04
 Reference value :  4.81122e-04
 Reference value :  4.82622e-04
 Reference value :  4.84622e-04
 Reference value :  4.86622e-04
 Reference value :  4.88122e-04
 Reference value :  4.90122e-04
 Reference value :  4.92122e-04
 Reference value :  4.94122e-04
 Reference value :  4.96122e-04
 Reference value :  4.97622e-04
 Reference value :  5.00622e-04
 Reference value :  5.03622e-04
 Reference value :  5.05622e-04
 Reference value :  5.07622e-04
 Reference value :  5.10122e-04
 Reference value :  5.13122e-04
 Reference value :  5.15622e-04
 Reference value :  5.17622e-04
 Reference value :  5.19622e-04
 Reference value :  5.22122e-04
 Reference value :  5.24122e-04
 Reference value :  5.26122e-04
 Reference value :  5.27622e-04
 Reference value :  5.29622e-04
 Reference value :  5.31622e-04
 Reference value :  5.33622e-04
 Reference value :  5.36122e-04
 Reference value :  5.38122e-04
 Reference value :  5.40122e-04
 Reference value :  5.41622e-04
 Reference value :  5.44122e-04
 Reference value :  5.46622e-04
 Reference value :  5.48622e-04
 Reference value :  5.51122e-04
 Reference value :  5.53622e-04
 Reference value :  5.56122e-04
 Reference value :  5.58622e-04
 Reference value :  5.60622e-04
 Reference value :  5.62622e-04
 Reference value :  5.65122e-04
 Reference value :  5.67622e-04
 Reference value :  5.69622e-04
 Reference value :  5.71622e-04
 Reference value :  5.73622e-04
 Reference value :  5.75622e-04
 Reference value :  5.77622e-04
 Reference value :  5.79622e-04
 Reference value :  5.81622e-04
 Reference value :  5.83122e-04
 Reference value :  5.85622e-04
 Reference value :  5.88122e-04
 Reference value :  5.90622e-04
 Reference value :  5.92622e-04
 Reference value :  5.94622e-04
 Reference value :  5.96622e-04
 Reference value :  5.98622e-04
 Reference value :  6.00622e-04
 Reference value :  6.02622e-04
 Reference value :  6.04622e-04
 Reference value :  6.06622e-04
 Reference value :  6.08122e-04
 Reference value :  6.10122e-04
 Reference value :  6.11622e-04
 Reference value :  6.14122e-04
 Reference value :  6.16122e-04
 Reference value :  6.18622e-04
 Reference value :  6.21122e-04
 Reference value :  6.23622e-04
 Reference value :  6.25122e-04
 Reference value :  6.29122e-04
 Reference value :  6.33622e-04
 Reference value :  6.35122e-04
 Reference value :  6.37122e-04
 Reference value :  6.39622e-04
 Reference value :  6.41622e-04
 Reference value :  6.43122e-04
 Reference value :  6.45122e-04
 Reference value :  6.46622e-04
 Reference value :  6.48622e-04
 Reference value :  6.51122e-04
 Reference value :  6.53122e-04
 Reference value :  6.55122e-04
 Reference value :  6.57122e-04
 Reference value :  6.59122e-04
 Reference value :  6.61122e-04
 Reference value :  6.63622e-04
 Reference value :  6.65122e-04
 Reference value :  6.66622e-04
 Reference value :  6.68122e-04
 Reference value :  6.69622e-04
 Reference value :  6.71622e-04
 Reference value :  6.74122e-04
 Reference value :  6.76622e-04
 Reference value :  6.79122e-04
 Reference value :  6.81622e-04
 Reference value :  6.83622e-04
 Reference value :  6.86622e-04
 Reference value :  6.88622e-04
 Reference value :  6.90622e-04
 Reference value :  6.92622e-04
 Reference value :  6.94622e-04
 Reference value :  6.97122e-04
 Reference value :  6.99122e-04
 Reference value :  7.01122e-04
 Reference value :  7.03122e-04
 Reference value :  7.05122e-04
 Reference value :  7.07122e-04
 Reference value :  7.09122e-04
 Reference value :  7.11122e-04
 Reference value :  7.13622e-04
 Reference value :  7.16122e-04
 Reference value :  7.19122e-04
 Reference value :  7.21622e-04
 Reference value :  7.24622e-04
 Reference value :  7.27622e-04
 Reference value :  7.29622e-04
 Reference value :  7.32122e-04
 Reference value :  7.34622e-04
 Reference value :  7.36622e-04
 Reference value :  7.38622e-04
 Reference value :  7.41122e-04
 Reference value :  7.43122e-04
 Reference value :  7.45122e-04
 Reference value :  7.47622e-04
 Reference value :  7.49622e-04
 Reference value :  7.51622e-04
 Reference value :  7.53122e-04
 Reference value :  7.55122e-04
 Reference value :  7.57622e-04
 Reference value :  7.59622e-04
 Reference value :  7.61622e-04
 Reference value :  7.63622e-04
 Reference value :  7.66622e-04
 Reference value :  7.69122e-04
 Reference value :  7.71622e-04
 Reference value :  7.74122e-04
 Reference value :  7.75622e-04
 Reference value :  7.78122e-04
 Reference value :  7.80122e-04
 Reference value :  7.82122e-04
 Reference value :  7.84122e-04
 Reference value :  7.86122e-04
 Reference value :  7.88122e-04
 Reference value :  7.90122e-04
 Reference value :  7.91622e-04
 Reference value :  7.94122e-04
 Reference value :  7.96622e-04
 Reference value :  7.98622e-04
 Reference value :  8.00622e-04
 Reference value :  8.02122e-04
 Reference value :  8.04122e-04
 Reference value :  8.06122e-04
 Reference value :  8.08122e-04
 Reference value :  8.10622e-04
 Reference value :  8.13622e-04
 Reference value :  8.16622e-04
 Reference value :  8.19122e-04
 Reference value :  8.22122e-04
 Reference value :  8.25122e-04
 Reference value :  8.27122e-04
 Reference value :  8.29122e-04
 Reference value :  8.31122e-04
 Reference value :  8.33622e-04
 Reference value :  8.36122e-04
 Reference value :  8.38622e-04
 Reference value :  8.40622e-04
 Reference value :  8.43122e-04
 Reference value :  8.45122e-04
 Reference value :  8.47122e-04
 Reference value :  8.49122e-04
 Reference value :  8.51122e-04
 Reference value :  8.53122e-04
 Reference value :  8.55122e-04
 Reference value :  8.57622e-04
 Reference value :  8.60622e-04
 Reference value :  8.63622e-04
 Reference value :  8.66122e-04
 Reference value :  8.69122e-04
 Reference value :  8.72122e-04
 Reference value :  8.74122e-04
 Reference value :  8.76122e-04
 Reference value :  8.78622e-04
 Reference value :  8.81122e-04
 Reference value :  8.83122e-04
 Reference value :  8.85622e-04
 Reference value :  8.88122e-04
 Reference value :  8.90122e-04
 Reference value :  8.92122e-04
 Reference value :  8.94622e-04
 Reference value :  8.97122e-04
 Reference value :  8.99622e-04
 Reference value :  9.01622e-04
 Reference value :  9.04122e-04
 Reference value :  9.06622e-04
 Reference value :  9.08622e-04
 Reference value :  9.10622e-04
 Reference value :  9.12622e-04
 Reference value :  9.15122e-04
 Reference value :  9.17622e-04
 Reference value :  9.19622e-04
 Reference value :  9.22622e-04
 Reference value :  9.25622e-04
 Reference value :  9.28122e-04
 Reference value :  9.30622e-04
 Reference value :  9.32622e-04
 Reference value :  9.35122e-04
 Reference value :  9.37622e-04
 Reference value :  9.39622e-04
 Reference value :  9.41622e-04
 Reference value :  9.43622e-04
 Reference value :  9.45622e-04
 Reference value :  9.48122e-04
 Reference value :  9.50122e-04
 Reference value :  9.52122e-04
 Reference value :  9.54122e-04
 Reference value :  9.56122e-04
 Reference value :  9.58122e-04
 Reference value :  9.60122e-04
 Reference value :  9.62122e-04
 Reference value :  9.64122e-04
 Reference value :  9.66122e-04
 Reference value :  9.68122e-04
 Reference value :  9.70122e-04
 Reference value :  9.72122e-04
 Reference value :  9.74122e-04
 Reference value :  9.76122e-04
 Reference value :  9.78122e-04
 Reference value :  9.79622e-04
 Reference value :  9.81622e-04
 Reference value :  9.83622e-04
 Reference value :  9.85622e-04
 Reference value :  9.87622e-04
 Reference value :  9.89622e-04
 Reference value :  9.92122e-04
 Reference value :  9.94122e-04
 Reference value :  9.96122e-04
 Reference value :  9.98622e-04
 Reference value :  1.00005e-03
 Reference value :  1.00031e-03
 Reference value :  1.00068e-03
 Reference value :  1.00101e-03
 Reference value :  1.00104e-03
 Reference value :  1.00107e-03
 Reference value :  1.00120e-03
 Reference value :  1.00182e-03
 Reference value :  1.00230e-03
 Reference value :  1.00279e-03
 Reference value :  1.00341e-03
 Reference value :  1.00372e-03
 Reference value :  1.00440e-03
 Reference value :  1.00520e-03
 Reference value :  1.00664e-03
 Reference value :  1.00814e-03
 Reference value :  1.00964e-03
 Reference value :  1.01114e-03
 Reference value :  1.01314e-03
 Reference value :  1.01564e-03
 Reference value :  1.01764e-03
 Reference value :  1.02014e-03
 Reference value :  1.02264e-03
 Reference value :  1.02514e-03
 Reference value :  1.02714e-03
 Reference value :  1.02914e-03
 Reference value :  1.03164e-03
 Reference value :  1.03364e-03
 Reference value :  1.03564e-03
 Reference value :  1.03764e-03
 Reference value :  1.03914e-03
 Reference value :  1.04064e-03
 Reference value :  1.04264e-03
 Reference value :  1.04514e-03
 Reference value :  1.04814e-03
 Reference value :  1.05064e-03
 Reference value :  1.05314e-03
 Reference value :  1.05564e-03
 Reference value :  1.05764e-03
 Reference value :  1.05964e-03
 Reference value :  1.06164e-03
 Reference value :  1.06464e-03
 Reference value :  1.06764e-03
 Reference value :  1.07014e-03
 Reference value :  1.07214e-03
 Reference value :  1.07414e-03
 Reference value :  1.07564e-03
 Reference value :  1.07714e-03
 Reference value :  1.07914e-03
 Reference value :  1.08114e-03
 Reference value :  1.08314e-03
 Reference value :  1.08514e-03
 Reference value :  1.08714e-03
 Reference value :  1.08914e-03
 Reference value :  1.09114e-03
 Reference value :  1.09314e-03
 Reference value :  1.09514e-03
 Reference value :  1.09764e-03
 Reference value :  1.10014e-03
 Reference value :  1.10164e-03
 Reference value :  1.10364e-03
 Reference value :  1.10564e-03
 Reference value :  1.10764e-03
 Reference value :  1.10964e-03
 Reference value :  1.11214e-03
 Reference value :  1.11414e-03
 Reference value :  1.11614e-03
 Reference value :  1.11814e-03
 Reference value :  1.12064e-03
 Reference value :  1.12264e-03
 Reference value :  1.12464e-03
 Reference value :  1.12714e-03
 Reference value :  1.12964e-03
 Reference value :  1.13214e-03
 Reference value :  1.13464e-03
 Reference value :  1.13714e-03
 Reference value :  1.13964e-03
 Reference value :  1.14214e-03
 Reference value :  1.14464e-03
 Reference value :  1.14714e-03
 Reference value :  1.14914e-03
 Reference value :  1.15114e-03
 Reference value :  1.15314e-03
 Reference value :  1.15514e-03
 Reference value :  1.15714e-03
 Reference value :  1.15914e-03
 Reference value :  1.16164e-03
 Reference value :  1.16414e-03
 Reference value :  1.16714e-03
 Reference value :  1.16964e-03
 Reference value :  1.17214e-03
 Reference value :  1.17464e-03
 Reference value :  1.17714e-03
 Reference value :  1.18064e-03
 Reference value :  1.18314e-03
 Reference value :  1.18514e-03
 Reference value :  1.18764e-03
 Reference value :  1.19064e-03
 Reference value :  1.19314e-03
 Reference value :  1.19614e-03
 Reference value :  1.19864e-03
 Reference value :  1.20114e-03
 Reference value :  1.20264e-03
 Reference value :  1.20464e-03
 Reference value :  1.20664e-03
 Reference value :  1.20914e-03
 Reference value :  1.21064e-03
 Reference value :  1.21314e-03
 Reference value :  1.21514e-03
 Reference value :  1.21764e-03
 Reference value :  1.22014e-03
 Reference value :  1.22214e-03
 Reference value :  1.22414e-03
 Reference value :  1.22664e-03
 Reference value :  1.22914e-03
 Reference value :  1.23164e-03
 Reference value :  1.23514e-03
 Reference value :  1.23814e-03
 Reference value :  1.24114e-03
 Reference value :  1.24364e-03
 Reference value :  1.24514e-03
 Reference value :  1.24714e-03
 Reference value :  1.24914e-03
 Reference value :  1.25114e-03
 Reference value :  1.25364e-03
 Reference value :  1.25614e-03
 Reference value :  1.25814e-03
 Reference value :  1.26014e-03
 Reference value :  1.26164e-03
 Reference value :  1.26414e-03
 Reference value :  1.26664e-03
 Reference value :  1.26864e-03
 Reference value :  1.27064e-03
 Reference value :  1.27314e-03
 Reference value :  1.27564e-03
 Reference value :  1.27814e-03
 Reference value :  1.28064e-03
 Reference value :  1.28314e-03
 Reference value :  1.28564e-03
 Reference value :  1.28764e-03
 Reference value :  1.28964e-03
 Reference value :  1.29164e-03
 Reference value :  1.29314e-03
 Reference value :  1.29564e-03
 Reference value :  1.29764e-03
 Reference value :  1.29964e-03
 Reference value :  1.30164e-03
 Reference value :  1.30314e-03
 Reference value :  1.30514e-03
 Reference value :  1.30714e-03
 Reference value :  1.30964e-03
 Reference value :  1.31214e-03
 Reference value :  1.31464e-03
 Reference value :  1.31614e-03
 Reference value :  1.31814e-03
 Reference value :  1.32064e-03
 Reference value :  1.32264e-03
 Reference value :  1.32514e-03
 Reference value :  1.32764e-03
 Reference value :  1.33064e-03
 Reference value :  1.33364e-03
 Reference value :  1.33564e-03
 Reference value :  1.33814e-03
 Reference value :  1.34014e-03
 Reference value :  1.34214e-03
 Reference value :  1.34514e-03
 Reference value :  1.34814e-03
 Reference value :  1.35114e-03
 Reference value :  1.35414e-03
 Reference value :  1.35764e-03
 Reference value :  1.36064e-03
 Reference value :  1.36364e-03
 Reference value :  1.36614e-03
 Reference value :  1.36914e-03
 Reference value :  1.37164e-03
 Reference value :  1.37364e-03
 Reference value :  1.37564e-03
 Reference value :  1.37764e-03
 Reference value :  1.38014e-03
 Reference value :  1.38314e-03
 Reference value :  1.38614e-03
 Reference value :  1.38964e-03
 Reference value :  1.39264e-03
 Reference value :  1.39564e-03
 Reference value :  1.39864e-03
 Reference value :  1.40164e-03
 Reference value :  1.40464e-03
 Reference value :  1.40714e-03
 Reference value :  1.40914e-03
 Reference value :  1.41164e-03
 Reference value :  1.41714e-03
 Reference value :  1.41914e-03
 Reference value :  1.42114e-03
 Reference value :  1.42314e-03
 Reference value :  1.42514e-03
 Reference value :  1.42714e-03
 Reference value :  1.42914e-03
 Reference value :  1.43114e-03
 Reference value :  1.43314e-03
 Reference value :  1.43514e-03
 Reference value :  1.43714e-03
 Reference value :  1.43914e-03
 Reference value :  1.44114e-03
 Reference value :  1.44364e-03
 Reference value :  1.44564e-03
 Reference value :  1.44714e-03
 Reference value :  1.44914e-03
 Reference value :  1.45064e-03
 Reference value :  1.45314e-03
 Reference value :  1.45514e-03
 Reference value :  1.45714e-03
 Reference value :  1.45914e-03
 Reference value :  1.46114e-03
 Reference value :  1.46314e-03
 Reference value :  1.46514e-03
 Reference value :  1.46664e-03
 Reference value :  1.46914e-03
 Reference value :  1.47214e-03
 Reference value :  1.47664e-03
 Reference value :  1.47914e-03
 Reference value :  1.48214e-03
 Reference value :  1.48464e-03
 Reference value :  1.48714e-03
 Reference value :  1.48914e-03
 Reference value :  1.49164e-03
 Reference value :  1.49364e-03
 Reference value :  1.49664e-03
 Reference value :  1.50114e-03
 Reference value :  1.50314e-03
 Reference value :  1.50614e-03
 Reference value :  1.50814e-03
 Reference value :  1.51014e-03
 Reference value :  1.51264e-03
 Reference value :  1.51514e-03
 Reference value :  1.51764e-03
 Reference value :  1.52014e-03
 Reference value :  1.52264e-03
 Reference value :  1.52414e-03
 Reference value :  1.52614e-03
 Reference value :  1.52914e-03
 Reference value :  1.53214e-03
 Reference value :  1.53414e-03
 Reference value :  1.53614e-03
 Reference value :  1.53864e-03
 Reference value :  1.54064e-03
 Reference value :  1.54264e-03
 Reference value :  1.54464e-03
 Reference value :  1.54664e-03
 Reference value :  1.54864e-03
 Reference value :  1.55064e-03
 Reference value :  1.55314e-03
 Reference value :  1.55564e-03
 Reference value :  1.55764e-03
 Reference value :  1.55964e-03
 Reference value :  1.56164e-03
 Reference value :  1.56364e-03
 Reference value :  1.56564e-03
 Reference value :  1.56714e-03
 Reference value :  1.56864e-03
 Reference value :  1.57064e-03
 Reference value :  1.57264e-03
 Reference value :  1.57464e-03
 Reference value :  1.57664e-03
 Reference value :  1.57964e-03
 Reference value :  1.58214e-03
 Reference value :  1.58464e-03
 Reference value :  1.58714e-03
 Reference value :  1.59014e-03
 Reference value :  1.59214e-03
 Reference value :  1.59464e-03
 Reference value :  1.59714e-03
 Reference value :  1.59964e-03
 Reference value :  1.60214e-03
 Reference value :  1.60414e-03
 Reference value :  1.60614e-03
 Reference value :  1.60814e-03
 Reference value :  1.61064e-03
 Reference value :  1.61264e-03
 Reference value :  1.61464e-03
 Reference value :  1.61714e-03
 Reference value :  1.61914e-03
 Reference value :  1.62114e-03
 Reference value :  1.62314e-03
 Reference value :  1.62464e-03
 Reference value :  1.62664e-03
 Reference value :  1.62864e-03
 Reference value :  1.63064e-03
 Reference value :  1.63264e-03
 Reference value :  1.63464e-03
 Reference value :  1.63664e-03
 Reference value :  1.63914e-03
 Reference value :  1.64114e-03
 Reference value :  1.64314e-03
 Reference value :  1.64514e-03
 Reference value :  1.64664e-03
 Reference value :  1.64864e-03
 Reference value :  1.65114e-03
 Reference value :  1.65264e-03
 Reference value :  1.65464e-03
 Reference value :  1.65614e-03
 Reference value :  1.65814e-03
 Reference value :  1.66014e-03
 Reference value :  1.66214e-03
 Reference value :  1.66414e-03
 Reference value :  1.66564e-03
 Reference value :  1.66764e-03
 Reference value :  1.66914e-03
 Reference value :  1.67064e-03
 Reference value :  1.67314e-03
 Reference value :  1.67514e-03
 Reference value :  1.67714e-03
 Reference value :  1.67914e-03
 Reference value :  1.68164e-03
 Reference value :  1.68364e-03
 Reference value :  1.68564e-03
 Reference value :  1.68764e-03
 Reference value :  1.68964e-03
 Reference value :  1.69164e-03
 Reference value :  1.69364e-03
 Reference value :  1.69614e-03
 Reference value :  1.69814e-03
 Reference value :  1.70114e-03
 Reference value :  1.70314e-03
 Reference value :  1.70564e-03
 Reference value :  1.70764e-03
 Reference value :  1.71014e-03
 Reference value :  1.71214e-03
 Reference value :  1.71414e-03
 Reference value :  1.71614e-03
 Reference value :  1.71814e-03
 Reference value :  1.72064e-03
 Reference value :  1.72264e-03
 Reference value :  1.72464e-03
 Reference value :  1.72664e-03
 Reference value :  1.72914e-03
 Reference value :  1.73164e-03
 Reference value :  1.73314e-03
 Reference value :  1.73564e-03
 Reference value :  1.73814e-03
 Reference value :  1.74014e-03
 Reference value :  1.74214e-03
 Reference value :  1.74414e-03
 Reference value :  1.74614e-03
 Reference value :  1.74814e-03
 Reference value :  1.75064e-03
 Reference value :  1.75314e-03
 Reference value :  1.75514e-03
 Reference value :  1.75714e-03
 Reference value :  1.75964e-03
 Reference value :  1.76214e-03
 Reference value :  1.76464e-03
 Reference value :  1.76664e-03
 Reference value :  1.76864e-03
 Reference value :  1.77114e-03
 Reference value :  1.77364e-03
 Reference value :  1.77614e-03
 Reference value :  1.77814e-03
 Reference value :  1.78014e-03
 Reference value :  1.78164e-03
 Reference value :  1.78364e-03
 Reference value :  1.78564e-03
 Reference value :  1.78764e-03
 Reference value :  1.78964e-03
 Reference value :  1.79164e-03
 Reference value :  1.79414e-03
 Reference value :  1.79664e-03
 Reference value :  1.79964e-03
 Reference value :  1.80164e-03
 Reference value :  1.80414e-03
 Reference value :  1.80664e-03
 Reference value :  1.80914e-03
 Reference value :  1.81114e-03
 Reference value :  1.81314e-03
 Reference value :  1.81564e-03
 Reference value :  1.81764e-03
 Reference value :  1.81964e-03
 Reference value :  1.82214e-03
 Reference value :  1.82414e-03
 Reference value :  1.82614e-03
 Reference value :  1.82814e-03
 Reference value :  1.83014e-03
 Reference value :  1.83264e-03
 Reference value :  1.83464e-03
 Reference value :  1.83664e-03
 Reference value :  1.83864e-03
 Reference value :  1.84064e-03
 Reference value :  1.84314e-03
 Reference value :  1.84564e-03
 Reference value :  1.84864e-03
 Reference value :  1.85114e-03
 Reference value :  1.85314e-03
 Reference value :  1.85514e-03
 Reference value :  1.85714e-03
 Reference value :  1.86014e-03
 Reference value :  1.86214e-03
 Reference value :  1.86414e-03
 Reference value :  1.86614e-03
 Reference value :  1.86814e-03
 Reference value :  1.87014e-03
 Reference value :  1.87264e-03
 Reference value :  1.87464e-03
 Reference value :  1.87664e-03
 Reference value :  1.87864e-03
 Reference value :  1.88064e-03
 Reference value :  1.88314e-03
 Reference value :  1.88564e-03
 Reference value :  1.88764e-03
 Reference value :  1.89014e-03
 Reference value :  1.89214e-03
 Reference value :  1.89464e-03
 Reference value :  1.89714e-03
 Reference value :  1.89964e-03
 Reference value :  1.90164e-03
 Reference value :  1.90414e-03
 Reference value :  1.90664e-03
 Reference value :  1.90864e-03
 Reference value :  1.91114e-03
 Reference value :  1.91364e-03
 Reference value :  1.91614e-03
 Reference value :  1.91814e-03
 Reference value :  1.92064e-03
 Reference value :  1.92364e-03
 Reference value :  1.92614e-03
 Reference value :  1.92814e-03
 Reference value :  1.93014e-03
 Reference value :  1.93214e-03
 Reference value :  1.93414e-03
 Reference value :  1.93614e-03
 Reference value :  1.93814e-03
 Reference value :  1.94014e-03
 Reference value :  1.94264e-03
 Reference value :  1.94464e-03
 Reference value :  1.94664e-03
 Reference value :  1.94864e-03
 Reference value :  1.95114e-03
 Reference value :  1.95364e-03
 Reference value :  1.95564e-03
 Reference value :  1.95764e-03
 Reference value :  1.95964e-03
 Reference value :  1.96214e-03
 Reference value :  1.96464e-03
 Reference value :  1.96764e-03
 Reference value :  1.97064e-03
 Reference value :  1.97314e-03
 Reference value :  1.97614e-03
 Reference value :  1.97964e-03
 Reference value :  1.98214e-03
 Reference value :  1.98414e-03
 Reference value :  1.98714e-03
 Reference value :  1.99014e-03
 Reference value :  1.99264e-03
 Reference value :  1.99514e-03
 Reference value :  1.99764e-03
 Reference value :  2.00014e-03
 Reference value :  2.00264e-03
 Reference value :  2.00514e-03
 Reference value :  2.00714e-03
 Reference value :  2.01014e-03
 Reference value :  2.01264e-03
 Reference value :  2.01514e-03
 Reference value :  2.01764e-03
 Reference value :  2.02014e-03
 Reference value :  2.02314e-03
 Reference value :  2.02764e-03
 Reference value :  2.03064e-03
 Reference value :  2.03264e-03
 Reference value :  2.03464e-03
 Reference value :  2.03714e-03
 Reference value :  2.04014e-03
 Reference value :  2.04264e-03
 Reference value :  2.04564e-03
 Reference value :  2.04814e-03
 Reference value :  2.05064e-03
 Reference value :  2.05364e-03
 Reference value :  2.05564e-03
 Reference value :  2.05764e-03
 Reference value :  2.05964e-03
 Reference value :  2.06164e-03
 Reference value :  2.06414e-03
 Reference value :  2.06614e-03
 Reference value :  2.06864e-03
 Reference value :  2.07114e-03
 Reference value :  2.07264e-03
 Reference value :  2.07514e-03
 Reference value :  2.07714e-03
 Reference value :  2.07914e-03
 Reference value :  2.08164e-03
 Reference value :  2.08364e-03
 Reference value :  2.08614e-03
 Reference value :  2.08864e-03
 Reference value :  2.09164e-03
 Reference value :  2.09414e-03
 Reference value :  2.09614e-03
 Reference value :  2.09864e-03
 Reference value :  2.10064e-03
 Reference value :  2.10264e-03
 Reference value :  2.10464e-03
 Reference value :  2.10714e-03
 Reference value :  2.11014e-03
 Reference value :  2.11264e-03
 Reference value :  2.11464e-03
 Reference value :  2.11664e-03
 Reference value :  2.11864e-03
 Reference value :  2.12114e-03
 Reference value :  2.12314e-03
 Reference value :  2.12564e-03
 Reference value :  2.12764e-03
 Reference value :  2.13014e-03
 Reference value :  2.13214e-03
 Reference value :  2.13414e-03
 Reference value :  2.13614e-03
 Reference value :  2.13814e-03
 Reference value :  2.14014e-03
 Reference value :  2.14214e-03
 Reference value :  2.14514e-03
 Reference value :  2.14714e-03
 Reference value :  2.14914e-03
 Reference value :  2.15164e-03
 Reference value :  2.15364e-03
 Reference value :  2.15564e-03
 Reference value :  2.15864e-03
 Reference value :  2.16114e-03
 Reference value :  2.16314e-03
 Reference value :  2.16464e-03
 Reference value :  2.16614e-03
 Reference value :  2.16864e-03
 Reference value :  2.17164e-03
 Reference value :  2.17414e-03
 Reference value :  2.17714e-03
 Reference value :  2.18014e-03
 Reference value :  2.18264e-03
 Reference value :  2.18514e-03
 Reference value :  2.18764e-03
 Reference value :  2.18964e-03
 Reference value :  2.19164e-03
 Reference value :  2.19364e-03
 Reference value :  2.19564e-03
 Reference value :  2.19814e-03
 Reference value :  2.20064e-03
 Reference value :  2.20264e-03
 Reference value :  2.20464e-03
 Reference value :  2.20664e-03
 Reference value :  2.20864e-03
 Reference value :  2.21114e-03
 Reference value :  2.21314e-03
 Reference value :  2.21564e-03
 Reference value :  2.21814e-03
 Reference value :  2.21964e-03
 Reference value :  2.22164e-03
 Reference value :  2.22364e-03
 Reference value :  2.22614e-03
 Reference value :  2.22814e-03
 Reference value :  2.23014e-03
 Reference value :  2.23264e-03
 Reference value :  2.23514e-03
 Reference value :  2.23714e-03
 Reference value :  2.23964e-03
 Reference value :  2.24164e-03
 Reference value :  2.24364e-03
 Reference value :  2.24564e-03
 Reference value :  2.24764e-03
 Reference value :  2.24964e-03
 Reference value :  2.25164e-03
 Reference value :  2.25364e-03
 Reference value :  2.25614e-03
 Reference value :  2.25814e-03
 Reference value :  2.26014e-03
 Reference value :  2.26164e-03
 Reference value :  2.26314e-03
 Reference value :  2.26514e-03
 Reference value :  2.26714e-03
 Reference value :  2.26914e-03
 Reference value :  2.27114e-03
 Reference value :  2.27314e-03
 Reference value :  2.27514e-03
 Reference value :  2.27714e-03
 Reference value :  2.27914e-03
 Reference value :  2.28114e-03
 Reference value :  2.28314e-03
 Reference value :  2.28564e-03
 Reference value :  2.28814e-03
 Reference value :  2.29114e-03
 Reference value :  2.29464e-03
 Reference value :  2.29714e-03
 Reference value :  2.29914e-03
 Reference value :  2.30164e-03
 Reference value :  2.30414e-03
 Reference value :  2.30664e-03
 Reference value :  2.30914e-03
 Reference value :  2.31164e-03
 Reference value :  2.31464e-03
 Reference value :  2.31714e-03
 Reference value :  2.31964e-03
 Reference value :  2.32214e-03
 Reference value :  2.32464e-03
 Reference value :  2.32664e-03
 Reference value :  2.32864e-03
 Reference value :  2.33114e-03
 Reference value :  2.33264e-03
 Reference value :  2.33564e-03
 Reference value :  2.33864e-03
 Reference value :  2.34114e-03
 Reference value :  2.34314e-03
 Reference value :  2.34514e-03
 Reference value :  2.34714e-03
 Reference value :  2.34914e-03
 Reference value :  2.35114e-03
 Reference value :  2.35414e-03
 Reference value :  2.35614e-03
 Reference value :  2.35814e-03
 Reference value :  2.36064e-03
 Reference value :  2.36264e-03
 Reference value :  2.36464e-03
 Reference value :  2.36664e-03
 Reference value :  2.36914e-03
 Reference value :  2.37114e-03
 Reference value :  2.37364e-03
 Reference value :  2.37564e-03
 Reference value :  2.37764e-03
 Reference value :  2.37964e-03
 Reference value :  2.38214e-03
 Reference value :  2.38414e-03
 Reference value :  2.38614e-03
 Reference value :  2.38814e-03
 Reference value :  2.39014e-03
 Reference value :  2.39214e-03
 Reference value :  2.39464e-03
 Reference value :  2.39714e-03
 Reference value :  2.39914e-03
 Reference value :  2.40114e-03
 Reference value :  2.40314e-03
 Reference value :  2.40514e-03
 Reference value :  2.40764e-03
 Reference value :  2.41014e-03
 Reference value :  2.41264e-03
 Reference value :  2.41514e-03
 Reference value :  2.41764e-03
 Reference value :  2.42064e-03
 Reference value :  2.42264e-03
 Reference value :  2.42464e-03
 Reference value :  2.42664e-03
 Reference value :  2.42864e-03
 Reference value :  2.43064e-03
 Reference value :  2.43314e-03
 Reference value :  2.43564e-03
 Reference value :  2.43714e-03
 Reference value :  2.43964e-03
 Reference value :  2.44164e-03
 Reference value :  2.44364e-03
 Reference value :  2.44564e-03
 Reference value :  2.44814e-03
 Reference value :  2.45014e-03
 Reference value :  2.45214e-03
 Reference value :  2.45364e-03
 Reference value :  2.45664e-03
 Reference value :  2.45864e-03
 Reference value :  2.46064e-03
 Reference value :  2.46264e-03
 Reference value :  2.46514e-03
 Reference value :  2.46664e-03
 Reference value :  2.46814e-03
 Reference value :  2.47014e-03
 Reference value :  2.47214e-03
 Reference value :  2.47414e-03
 Reference value :  2.47614e-03
 Reference value :  2.47814e-03
 Reference value :  2.48014e-03
 Reference value :  2.48264e-03
 Reference value :  2.48464e-03
 Reference value :  2.48614e-03
 Reference value :  2.48914e-03
 Reference value :  2.49114e-03
 Reference value :  2.49364e-03
 Reference value :  2.49614e-03
 Reference value :  2.49764e-03
 Reference value :  2.49964e-03
 Reference value :  2.50164e-03
 Reference value :  2.50364e-03
 Reference value :  2.50514e-03
 Reference value :  2.50664e-03
 Reference value :  2.50864e-03
 Reference value :  2.51114e-03
 Reference value :  2.51314e-03
 Reference value :  2.51564e-03
 Reference value :  2.51764e-03
 Reference value :  2.52014e-03
 Reference value :  2.52264e-03
 Reference value :  2.52464e-03
 Reference value :  2.52714e-03
 Reference value :  2.52914e-03
 Reference value :  2.53114e-03
 Reference value :  2.53364e-03
 Reference value :  2.53614e-03
 Reference value :  2.53864e-03
 Reference value :  2.54064e-03
 Reference value :  2.54314e-03
 Reference value :  2.54564e-03
 Reference value :  2.54864e-03
 Reference value :  2.55114e-03
 Reference value :  2.55364e-03
 Reference value :  2.55614e-03
 Reference value :  2.55814e-03
 Reference value :  2.56064e-03
 Reference value :  2.56314e-03
 Reference value :  2.56564e-03
 Reference value :  2.56814e-03
 Reference value :  2.57114e-03
 Reference value :  2.57414e-03
 Reference value :  2.57614e-03
 Reference value :  2.57814e-03
 Reference value :  2.58014e-03
 Reference value :  2.58264e-03
 Reference value :  2.58464e-03
 Reference value :  2.58714e-03
 Reference value :  2.58964e-03
 Reference value :  2.59214e-03
 Reference value :  2.59464e-03
 Reference value :  2.59714e-03
 Reference value :  2.59864e-03
 Reference value :  2.60064e-03
 Reference value :  2.60264e-03
 Reference value :  2.60464e-03
 Reference value :  2.60714e-03
 Reference value :  2.60964e-03
 Reference value :  2.61214e-03
 Reference value :  2.61464e-03
 Reference value :  2.61714e-03
 Reference value :  2.61964e-03
 Reference value :  2.62214e-03
 Reference value :  2.62414e-03
 Reference value :  2.62664e-03
 Reference value :  2.62864e-03
 Reference value :  2.63064e-03
 Reference value :  2.63264e-03
 Reference value :  2.63514e-03
 Reference value :  2.63664e-03
 Reference value :  2.63864e-03
 Reference value :  2.64064e-03
 Reference value :  2.64264e-03
 Reference value :  2.64414e-03
 Reference value :  2.64614e-03
 Reference value :  2.64864e-03
 Reference value :  2.65014e-03
 Reference value :  2.65264e-03
 Reference value :  2.65564e-03
 Reference value :  2.65814e-03
 Reference value :  2.66064e-03
 Reference value :  2.66214e-03
 Reference value :  2.66414e-03
 Reference value :  2.66614e-03
 Reference value :  2.66814e-03
 Reference value :  2.67014e-03
 Reference value :  2.67214e-03
 Reference value :  2.67414e-03
 Reference value :  2.67614e-03
 Reference value :  2.67864e-03
 Reference value :  2.68114e-03
 Reference value :  2.68364e-03
 Reference value :  2.68614e-03
 Reference value :  2.68814e-03
 Reference value :  2.69014e-03
 Reference value :  2.69214e-03
 Reference value :  2.69414e-03
 Reference value :  2.69614e-03
 Reference value :  2.69814e-03
 Reference value :  2.70014e-03
 Reference value :  2.70214e-03
 Reference value :  2.70464e-03
 Reference value :  2.70664e-03
 Reference value :  2.70864e-03
 Reference value :  2.71114e-03
 Reference value :  2.71314e-03
 Reference value :  2.71514e-03
 Reference value :  2.71714e-03
 Reference value :  2.71914e-03
 Reference value :  2.72164e-03
 Reference value :  2.72414e-03
 Reference value :  2.72664e-03
 Reference value :  2.73014e-03
 Reference value :  2.73264e-03
 Reference value :  2.73514e-03
 Reference value :  2.73764e-03
 Reference value :  2.74014e-03
 Reference value :  2.74214e-03
 Reference value :  2.74414e-03
 Reference value :  2.74614e-03
 Reference value :  2.74864e-03
 Reference value :  2.75064e-03
 Reference value :  2.75314e-03
 Reference value :  2.75514e-03
 Reference value :  2.75764e-03
 Reference value :  2.75964e-03
 Reference value :  2.76214e-03
 Reference value :  2.76464e-03
 Reference value :  2.76664e-03
 Reference value :  2.76914e-03
 Reference value :  2.77164e-03
 Reference value :  2.77414e-03
 Reference value :  2.77664e-03
 Reference value :  2.77914e-03
 Reference value :  2.78214e-03
 Reference value :  2.78464e-03
 Reference value :  2.78664e-03
 Reference value :  2.78864e-03
 Reference value :  2.79064e-03
 Reference value :  2.79314e-03
 Reference value :  2.79564e-03
 Reference value :  2.79764e-03
 Reference value :  2.79964e-03
 Reference value :  2.80164e-03
 Reference value :  2.80314e-03
 Reference value :  2.80514e-03
 Reference value :  2.80764e-03
 Reference value :  2.80964e-03
 Reference value :  2.81164e-03
 Reference value :  2.81414e-03
 Reference value :  2.81614e-03
 Reference value :  2.81814e-03
 Reference value :  2.82014e-03
 Reference value :  2.82214e-03
 Reference value :  2.82464e-03
 Reference value :  2.82664e-03
 Reference value :  2.82814e-03
 Reference value :  2.82964e-03
 Reference value :  2.83164e-03
 Reference value :  2.83414e-03
 Reference value :  2.83664e-03
 Reference value :  2.83864e-03
 Reference value :  2.84064e-03
 Reference value :  2.84214e-03
 Reference value :  2.84414e-03
 Reference value :  2.84664e-03
 Reference value :  2.84914e-03
 Reference value :  2.85114e-03
 Reference value :  2.85314e-03
 Reference value :  2.85514e-03
 Reference value :  2.85664e-03
 Reference value :  2.85964e-03
 Reference value :  2.86114e-03
 Reference value :  2.86314e-03
 Reference value :  2.86564e-03
 Reference value :  2.86764e-03
 Reference value :  2.86964e-03
 Reference value :  2.87164e-03
 Reference value :  2.87414e-03
 Reference value :  2.87564e-03
 Reference value :  2.87764e-03
 Reference value :  2.87964e-03
 Reference value :  2.88314e-03
 Reference value :  2.88514e-03
 Reference value :  2.88714e-03
 Reference value :  2.88914e-03
 Reference value :  2.89214e-03
 Reference value :  2.89414e-03
 Reference value :  2.89664e-03
 Reference value :  2.89864e-03
 Reference value :  2.90064e-03
 Reference value :  2.90264e-03
 Reference value :  2.90464e-03
 Reference value :  2.90614e-03
 Reference value :  2.90764e-03
 Reference value :  2.90964e-03
 Reference value :  2.91164e-03
 Reference value :  2.91364e-03
 Reference value :  2.91564e-03
 Reference value :  2.91764e-03
 Reference value :  2.92014e-03
 Reference value :  2.92214e-03
 Reference value :  2.92414e-03
 Reference value :  2.92614e-03
 Reference value :  2.92814e-03
 Reference value :  2.93064e-03
 Reference value :  2.93314e-03
 Reference value :  2.93514e-03
 Reference value :  2.93714e-03
 Reference value :  2.93914e-03
 Reference value :  2.94114e-03
 Reference value :  2.94314e-03
 Reference value :  2.94564e-03
 Reference value :  2.94814e-03
 Reference value :  2.95014e-03
 Reference value :  2.95264e-03
 Reference value :  2.95464e-03
 Reference value :  2.95714e-03
 Reference value :  2.95964e-03
 Reference value :  2.96214e-03
 Reference value :  2.96414e-03
 Reference value :  2.96614e-03
 Reference value :  2.96814e-03
 Reference value :  2.97064e-03
 Reference value :  2.97264e-03
 Reference value :  2.97514e-03
 Reference value :  2.97714e-03
 Reference value :  2.97914e-03
 Reference value :  2.98114e-03
 Reference value :  2.98264e-03
 Reference value :  2.98564e-03
 Reference value :  2.98764e-03
 Reference value :  2.98914e-03
 Reference value :  2.99164e-03
 Reference value :  2.99314e-03
 Reference value :  2.99514e-03
 Reference value :  2.99764e-03
 Reference value :  2.99957e-03
No. of Data Rows : 6057
ipre                =  -1.70289e-05 from=  9.00000e-04 to=  1.00005e-03
ish_avg             =  -1.48164e-01 from=  2.00000e-03 to=  3.00000e-03
ish_max             =  -1.48163e-01 at=  1.30914e-03
ish_min             =  -1.48188e-01 at=  1.10014e-03
vsh_max             =  1.48141e-04 at=  1.10014e-03
meas_vout_50ma_v = 1.911420e-06
meas_cl_margin_50ma_v = 3.577318e-06
meas_ilim_short_ma = 5.309392e-05
meas_ilim_knee_ma = -5.44839e-04
meas_ilim_droop_pct = 1.097449e+02
meas_ishort_sustained_ma = 1.481636e+02
meas_ishort_ripple_pct = 1.694073e-02
meas_vout_short_mv = 1.481413e-01
meas_isup_pre_short_ma = 1.702886e-02
ngspice-46 done

# ==== ngspice stderr ====
Note: ven: dc value used for op instead of transient time=0 value.
Note: ven: dc value used for op instead of transient time=0 value.
Note: ven: dc value used for op instead of transient time=0 value.
