# corner: ss_-40c_2.97v
# process=ss temp=-40C supply=2.97V
# ngspice exit: 0
# wall clock: 159.2s (--timeout was 300s)
# result: PASS

# ==== deck (exact input given to ngspice) ====
| * current-limit corner deck -- generated by sim/bin/corner-run.py, do not edit
| * corner: ss_-40c_2.97v
| .param vsup=2.97
| .option wnflag=1
| .temp -40
| .lib "/home/ubuntu/.volare/sky130A/libs.tech/combined/sky130.lib.spice" ss
| ** sch_path: sim/current-limit/testbench/tb_current_limit.sch
| **.subckt tb_current_limit
| VVIN VIN 0 'vsup'
| .save i(vvin)
| VEN EN 0 dc 'vsup' pwl(0 0 100u 0 101u 'vsup' 10 'vsup')
| .save i(ven)
| VVREF VREF 0 1.2
| .save i(vvref)
| xldo VOUT VREF EN VIN ldo_3v3in_1v8out
| COUT VOUT VESR 1u m=1
| RESR VESR 0 10m m=1
| RLOAD VOUT 0 36 m=1
| RFORCE VOUT VF 1e12 m=1
| VFORCE VF 0 dc 1.8 pwl(0 1.8 1m 1.8 1.001m 0 10 0)
| .save i(vforce)
| **.ends
| 
| * expanding   symbol:  design/ldo_3v3in_1v8out.sym # of pins=4
| ** sym_path: design/ldo_3v3in_1v8out.sym
| ** sch_path: design/ldo_3v3in_1v8out.sch
| .subckt ldo_3v3in_1v8out VOUT VREF EN VIN
| *.ipin VIN
| *.ipin EN
| *.ipin VREF
| *.opin VOUT
| XR_BIAS VIN NB 0 sky130_fd_pr__res_high_po W=0.42 L=1500 mult=1 m=1
| XM_BIASN1 NB NB BIAS_ENN 0 sky130_fd_pr__nfet_g5v0d10v5 L=1 W=4 nf=1 ad=1.16 as=1.16 pd=8.58 ps=8.58 nrd=0.0725 nrs=0.0725 sa=0
| + sb=0 sd=0 mult=1 m=1
| XM_ENN BIAS_ENN EN 0 0 sky130_fd_pr__nfet_g5v0d10v5 L=0.5 W=10 nf=1 ad=2.9 as=2.9 pd=20.58 ps=20.58 nrd=0.029 nrs=0.029 sa=0 sb=0
| + sd=0 mult=1 m=1
| XM_BIASN2 BIASP NB BIAS_ENN 0 sky130_fd_pr__nfet_g5v0d10v5 L=1 W=4 nf=1 ad=1.16 as=1.16 pd=8.58 ps=8.58 nrd=0.0725 nrs=0.0725 sa=0
| + sb=0 sd=0 mult=1 m=1
| XM_BIASP1 BIASP BIASP VIN VIN sky130_fd_pr__pfet_g5v0d10v5 L=1 W=10 nf=2 ad=1.45 as=2.9 pd=10.58 ps=21.16 nrd=0.029 nrs=0.029 sa=0
| + sb=0 sd=0 mult=1 m=1
| XM_ENP2 BIASP EN VIN VIN sky130_fd_pr__pfet_g5v0d10v5 L=0.5 W=10 nf=1 ad=2.9 as=2.9 pd=20.58 ps=20.58 nrd=0.029 nrs=0.029 sa=0
| + sb=0 sd=0 mult=1 m=1
| XM_TAIL EA_TAIL BIASP VIN VIN sky130_fd_pr__pfet_g5v0d10v5 L=2 W=40 nf=8 ad=5.8 as=7.25 pd=42.32 ps=52.9 nrd=0.00725 nrs=0.00725
| + sa=0 sb=0 sd=0 mult=1 m=1
| XM_IN1 EA_D1 FB EA_TAIL VIN sky130_fd_pr__pfet_g5v0d10v5 L=2 W=10 nf=2 ad=1.45 as=2.9 pd=10.58 ps=21.16 nrd=0.029 nrs=0.029 sa=0
| + sb=0 sd=0 mult=1 m=1
| XM_IN2 EA_D2 VREF EA_TAIL VIN sky130_fd_pr__pfet_g5v0d10v5 L=2 W=10 nf=2 ad=1.45 as=2.9 pd=10.58 ps=21.16 nrd=0.029 nrs=0.029 sa=0
| + sb=0 sd=0 mult=1 m=1
| XM_MIR1 EA_D1 EA_D1 AMP_ENN 0 sky130_fd_pr__nfet_g5v0d10v5 L=4 W=10 nf=2 ad=1.45 as=2.9 pd=10.58 ps=21.16 nrd=0.029 nrs=0.029 sa=0
| + sb=0 sd=0 mult=1 m=1
| XM_MIR2 EA_OUT EA_D1 AMP_ENN 0 sky130_fd_pr__nfet_g5v0d10v5 L=4 W=10 nf=2 ad=1.45 as=2.9 pd=10.58 ps=21.16 nrd=0.029 nrs=0.029
| + sa=0 sb=0 sd=0 mult=1 m=1
| XM_ENN2 AMP_ENN EN 0 0 sky130_fd_pr__nfet_g5v0d10v5 L=0.5 W=10 nf=1 ad=2.9 as=2.9 pd=20.58 ps=20.58 nrd=0.029 nrs=0.029 sa=0 sb=0
| + sd=0 mult=1 m=1
| XM_ENP EA_OUT EN VIN VIN sky130_fd_pr__pfet_g5v0d10v5 L=0.5 W=10 nf=1 ad=2.9 as=2.9 pd=20.58 ps=20.58 nrd=0.029 nrs=0.029 sa=0
| + sb=0 sd=0 mult=1 m=1
| XM_MIR3 EA_D2 EA_D2 AMP_ENN 0 sky130_fd_pr__nfet_g5v0d10v5 L=4 W=10 nf=2 ad=1.45 as=2.9 pd=10.58 ps=21.16 nrd=0.029 nrs=0.029 sa=0
| + sb=0 sd=0 mult=1 m=1
| XM_MIR4 PB EA_D2 AMP_ENN 0 sky130_fd_pr__nfet_g5v0d10v5 L=4 W=10 nf=2 ad=1.45 as=2.9 pd=10.58 ps=21.16 nrd=0.029 nrs=0.029 sa=0
| + sb=0 sd=0 mult=1 m=1
| XM_MIRP1 PB PB VIN VIN sky130_fd_pr__pfet_g5v0d10v5 L=4 W=20 nf=4 ad=2.9 as=4.35 pd=21.16 ps=31.74 nrd=0.0145 nrs=0.0145 sa=0 sb=0
| + sd=0 mult=1 m=1
| XM_MIRP2 EA_OUT PB VIN VIN sky130_fd_pr__pfet_g5v0d10v5 L=4 W=20 nf=4 ad=2.9 as=4.35 pd=21.16 ps=31.74 nrd=0.0145 nrs=0.0145 sa=0
| + sb=0 sd=0 mult=1 m=1
| XM_ENP5 PB EN VIN VIN sky130_fd_pr__pfet_g5v0d10v5 L=0.5 W=2 nf=1 ad=0.58 as=0.58 pd=4.58 ps=4.58 nrd=0.145 nrs=0.145 sa=0 sb=0
| + sd=0 mult=1 m=1
| XM_PASS VOUT EA_OUT VIN VIN sky130_fd_pr__pfet_g5v0d10v5 L=0.5 W=100 nf=25 ad=15.08 as=15.08 pd=111.54 ps=111.54 nrd=0.0029
| + nrs=0.0029 sa=0 sb=0 sd=0 mult=25 m=25
| C_COMP VOUT EA_CZ 150p m=1
| XR_CZ EA_CZ EA_OUT 0 sky130_fd_pr__res_xhigh_po W=0.42 L=52 mult=1 m=1
| XR_FB_A VOUT FB 0 sky130_fd_pr__res_xhigh_po W=0.42 L=180 mult=1 m=1
| XR_FB_B FB N_FBB 0 sky130_fd_pr__res_xhigh_po W=0.42 L=180 mult=1 m=1
| XR_FB_C N_FBB 0 0 sky130_fd_pr__res_xhigh_po W=0.42 L=180 mult=1 m=1
| XM_SENSE CL_SNS EA_OUT VIN VIN sky130_fd_pr__pfet_g5v0d10v5 L=0.5 W=0.42 nf=1 ad=0.1218 as=0.1218 pd=1.42 ps=1.42
| + nrd=0.69047619047619 nrs=0.69047619047619 sa=0 sb=0 sd=0 mult=1 m=1
| XM_CLN1 CL_SNS CL_SNS AMP_ENN 0 sky130_fd_pr__nfet_g5v0d10v5 L=1 W=20 nf=1 ad=5.8 as=5.8 pd=40.58 ps=40.58 nrd=0.0145 nrs=0.0145
| + sa=0 sb=0 sd=0 mult=1 m=1
| XM_CLN2 CL_CMP CL_SNS AMP_ENN 0 sky130_fd_pr__nfet_g5v0d10v5 L=1 W=1.6 nf=1 ad=0.464 as=0.464 pd=3.78 ps=3.78 nrd=0.18125
| + nrs=0.18125 sa=0 sb=0 sd=0 mult=1 m=1
| XM_CLP CL_CMP BIASP VIN VIN sky130_fd_pr__pfet_g5v0d10v5 L=1 W=10 nf=2 ad=1.45 as=2.9 pd=10.58 ps=21.16 nrd=0.029 nrs=0.029 sa=0
| + sb=0 sd=0 mult=1 m=1
| XM_CLIM EA_OUT CL_CMP VIN VIN sky130_fd_pr__pfet_g5v0d10v5 L=0.5 W=20 nf=4 ad=2.9 as=4.35 pd=21.16 ps=31.74 nrd=0.0145 nrs=0.0145
| + sa=0 sb=0 sd=0 mult=1 m=1
| XM_ENP3 CL_CMP EN VIN VIN sky130_fd_pr__pfet_g5v0d10v5 L=0.5 W=2 nf=1 ad=0.58 as=0.58 pd=4.58 ps=4.58 nrd=0.145 nrs=0.145 sa=0
| + sb=0 sd=0 mult=1 m=1
| C_CL VIN CL_CMP 1p m=1
| XM_INVP ENB EN VIN VIN sky130_fd_pr__pfet_g5v0d10v5 L=0.5 W=2 nf=1 ad=0.58 as=0.58 pd=4.58 ps=4.58 nrd=0.145 nrs=0.145 sa=0 sb=0
| + sd=0 mult=1 m=1
| XM_INVN ENB EN 0 0 sky130_fd_pr__nfet_g5v0d10v5 L=0.5 W=1 nf=1 ad=0.29 as=0.29 pd=2.58 ps=2.58 nrd=0.29 nrs=0.29 sa=0 sb=0 sd=0
| + mult=1 m=1
| XM_SSDIS SS ENB 0 0 sky130_fd_pr__nfet_g5v0d10v5 L=0.5 W=2 nf=1 ad=0.58 as=0.58 pd=4.58 ps=4.58 nrd=0.145 nrs=0.145 sa=0 sb=0 sd=0
| + mult=1 m=1
| XM_SSCHG SS BIASP VIN VIN sky130_fd_pr__pfet_g5v0d10v5 L=8 W=1 nf=1 ad=0.29 as=0.29 pd=2.58 ps=2.58 nrd=0.29 nrs=0.29 sa=0 sb=0
| + sd=0 mult=1 m=1
| C_SS SS 0 10p m=1
| XM_IN2S EA_D2 SS EA_TAIL VIN sky130_fd_pr__pfet_g5v0d10v5 L=2 W=10 nf=2 ad=1.45 as=2.9 pd=10.58 ps=21.16 nrd=0.029 nrs=0.029 sa=0
| + sb=0 sd=0 mult=1 m=1
| XM_TSPS TS_SNS BIASP VIN VIN sky130_fd_pr__pfet_g5v0d10v5 L=1 W=2.5 nf=1 ad=0.725 as=0.725 pd=5.58 ps=5.58 nrd=0.116 nrs=0.116
| + sa=0 sb=0 sd=0 mult=1 m=1
| XM_TSD1 TS_SNS TS_SNS TS_MID 0 sky130_fd_pr__nfet_g5v0d10v5 L=1 W=80 nf=16 ad=11.6 as=13.05 pd=84.64 ps=95.22 nrd=0.003625
| + nrs=0.003625 sa=0 sb=0 sd=0 mult=1 m=1
| XM_TSD2 TS_MID TS_MID AMP_ENN 0 sky130_fd_pr__nfet_g5v0d10v5 L=1 W=80 nf=16 ad=11.6 as=13.05 pd=84.64 ps=95.22 nrd=0.003625
| + nrs=0.003625 sa=0 sb=0 sd=0 mult=1 m=1
| XM_TSPR TS_REF BIASP VIN VIN sky130_fd_pr__pfet_g5v0d10v5 L=1 W=2.5 nf=1 ad=0.725 as=0.725 pd=5.58 ps=5.58 nrd=0.116 nrs=0.116
| + sa=0 sb=0 sd=0 mult=1 m=1
| XM_TSR1 TS_REF TS_REF AMP_ENN 0 sky130_fd_pr__nfet_g5v0d10v5 L=10 W=2 nf=1 ad=0.58 as=0.58 pd=4.58 ps=4.58 nrd=0.145 nrs=0.145
| + sa=0 sb=0 sd=0 mult=1 m=1
| XM_TCTAIL TC_TAIL NB AMP_ENN 0 sky130_fd_pr__nfet_g5v0d10v5 L=1 W=1 nf=1 ad=0.29 as=0.29 pd=2.58 ps=2.58 nrd=0.29 nrs=0.29 sa=0
| + sb=0 sd=0 mult=1 m=1
| XM_TCN1 TC_D1 TS_SNS TC_TAIL 0 sky130_fd_pr__nfet_g5v0d10v5 L=2 W=10 nf=2 ad=1.45 as=2.9 pd=10.58 ps=21.16 nrd=0.029 nrs=0.029
| + sa=0 sb=0 sd=0 mult=1 m=1
| XM_TCN2 TS_CMP TS_REF TC_TAIL 0 sky130_fd_pr__nfet_g5v0d10v5 L=2 W=10 nf=2 ad=1.45 as=2.9 pd=10.58 ps=21.16 nrd=0.029 nrs=0.029
| + sa=0 sb=0 sd=0 mult=1 m=1
| XM_TCP1 TC_D1 TC_D1 VIN VIN sky130_fd_pr__pfet_g5v0d10v5 L=2 W=10 nf=2 ad=1.45 as=2.9 pd=10.58 ps=21.16 nrd=0.029 nrs=0.029 sa=0
| + sb=0 sd=0 mult=1 m=1
| XM_TCP2 TS_CMP TC_D1 VIN VIN sky130_fd_pr__pfet_g5v0d10v5 L=2 W=10 nf=2 ad=1.45 as=2.9 pd=10.58 ps=21.16 nrd=0.029 nrs=0.029 sa=0
| + sb=0 sd=0 mult=1 m=1
| XM_TSHUT EA_OUT TS_CMP VIN VIN sky130_fd_pr__pfet_g5v0d10v5 L=0.5 W=20 nf=4 ad=2.9 as=4.35 pd=21.16 ps=31.74 nrd=0.0145 nrs=0.0145
| + sa=0 sb=0 sd=0 mult=1 m=1
| XM_TSHYSB TS_HYS BIASP VIN VIN sky130_fd_pr__pfet_g5v0d10v5 L=2 W=1.5 nf=1 ad=0.435 as=0.435 pd=3.58 ps=3.58 nrd=0.193333333333333
| + nrs=0.193333333333333 sa=0 sb=0 sd=0 mult=1 m=1
| XM_TSHYS TS_REF TS_CMP TS_HYS VIN sky130_fd_pr__pfet_g5v0d10v5 L=0.5 W=2 nf=1 ad=0.58 as=0.58 pd=4.58 ps=4.58 nrd=0.145 nrs=0.145
| + sa=0 sb=0 sd=0 mult=1 m=1
| XM_ENP4 TS_CMP EN VIN VIN sky130_fd_pr__pfet_g5v0d10v5 L=0.5 W=2 nf=1 ad=0.58 as=0.58 pd=4.58 ps=4.58 nrd=0.145 nrs=0.145 sa=0
| + sb=0 sd=0 mult=1 m=1
| C_TS VIN TS_CMP 1p m=1
| .ends
| 
| .control
| save all
| * --- leg 1: 50 mA operating point (RFORCE open) -- the clamp must be OFF ---
| op
| * --- leg 2: DC limit characteristic, VOUT forced from 0 V up to 1.75 V ---
| alter rload = 1e12
| alter rforce = 1m
| dc vforce 0 1.75 0.125
| meas dc ilim_short find i(vforce) at=0
| meas dc ilim_knee find i(vforce) at=1.75
| * --- leg 3: cold EN ramp (t=100-101us), Vout=0 short applied at t=1.0ms (after soft-start settles) and HELD to t=3.0ms ---
| alter rload = 36
| tran 500n 3.0m
| meas tran ipre avg i(vvin) from=0.9m to=1.0m
| meas tran ish_avg avg i(vvin) from=2.0m to=3.0m
| meas tran ish_max max i(vvin) from=1.1m to=3.0m
| meas tran ish_min min i(vvin) from=1.1m to=3.0m
| meas tran vsh_max max v(vout) from=1.1m to=3.0m
| let meas_vout_50ma_v = op1.v(vout)
| let meas_cl_margin_50ma_v = op1.v(vin) - op1.v(xldo.cl_cmp)
| let meas_ilim_short_ma = 1000*dc1.ilim_short
| let meas_ilim_knee_ma = 1000*dc1.ilim_knee
| let meas_ilim_droop_pct = 100*(dc1.ilim_knee - dc1.ilim_short)/dc1.ilim_knee
| let meas_ishort_sustained_ma = -1000*tran1.ish_avg
| let meas_ishort_ripple_pct = 100*(tran1.ish_max - tran1.ish_min)/(-tran1.ish_avg)
| let meas_vout_short_mv = 1000*tran1.vsh_max
| let meas_isup_pre_short_ma = -1000*tran1.ipre
| print meas_vout_50ma_v
| print meas_cl_margin_50ma_v
| print meas_ilim_short_ma
| print meas_ilim_knee_ma
| print meas_ilim_droop_pct
| print meas_ishort_sustained_ma
| print meas_ishort_ripple_pct
| print meas_vout_short_mv
| print meas_isup_pre_short_ma
| quit
| .endc
| .end

# ==== ngspice stdout ====

Note: Compatibility modes selected: hs a


Circuit: * current-limit corner deck -- generated by sim/bin/corner-run.py, do not edit

option SCALE: Scale is set to 1e-06 for instance and model parameters
option SCALE: Scale is set to 1e-06 for instance and model parameters
option SCALE: Scale is set to 1e-06 for instance and model parameters
option SCALE: Scale is set to 1e-06 for instance and model parameters
Doing analysis at TEMP = -40.000000 and TNOM = 27.000000

Using KLU as Direct Linear Solver
 Reference value :  0.00000e+00
No. of Data Rows : 1
Doing analysis at TEMP = -40.000000 and TNOM = 27.000000

Using KLU as Direct Linear Solver
 Reference value :  0.00000e+00
 Reference value :  1.25000e-01
 Reference value :  2.50000e-01
 Reference value :  3.75000e-01
 Reference value :  5.00000e-01
 Reference value :  6.25000e-01
 Reference value :  7.50000e-01
 Reference value :  8.75000e-01
 Reference value :  1.00000e+00
 Reference value :  1.12500e+00
 Reference value :  1.25000e+00
 Reference value :  1.37500e+00
 Reference value :  1.50000e+00
 Reference value :  1.62500e+00
 Reference value :  1.75000e+00
No. of Data Rows : 15
ilim_short          =  1.80314e-01
ilim_knee           =  1.48739e-01
Doing analysis at TEMP = -40.000000 and TNOM = 27.000000

Using KLU as Direct Linear Solver
 Reference value :  0.00000e+00
 Reference value :  3.20000e-07
 Reference value :  3.14000e-06
 Reference value :  5.64000e-06
 Reference value :  7.64000e-06
 Reference value :  1.01400e-05
 Reference value :  1.21400e-05
 Reference value :  1.46400e-05
 Reference value :  1.76400e-05
 Reference value :  2.06400e-05
 Reference value :  2.31400e-05
 Reference value :  2.61400e-05
 Reference value :  2.86400e-05
 Reference value :  3.11400e-05
 Reference value :  3.36400e-05
 Reference value :  3.61400e-05
 Reference value :  3.81400e-05
 Reference value :  4.01400e-05
 Reference value :  4.21400e-05
 Reference value :  4.41400e-05
 Reference value :  4.61400e-05
 Reference value :  4.86400e-05
 Reference value :  5.11400e-05
 Reference value :  5.36400e-05
 Reference value :  5.61400e-05
 Reference value :  5.86400e-05
 Reference value :  6.11400e-05
 Reference value :  6.36400e-05
 Reference value :  6.61400e-05
 Reference value :  6.86400e-05
 Reference value :  7.11400e-05
 Reference value :  7.41400e-05
 Reference value :  7.71400e-05
 Reference value :  8.01400e-05
 Reference value :  8.21400e-05
 Reference value :  8.51400e-05
 Reference value :  8.81400e-05
 Reference value :  9.11400e-05
 Reference value :  9.41400e-05
 Reference value :  9.71400e-05
 Reference value :  1.00000e-04
 Reference value :  1.00130e-04
 Reference value :  1.00245e-04
 Reference value :  1.00361e-04
 Reference value :  1.00438e-04
 Reference value :  1.00563e-04
 Reference value :  1.00674e-04
 Reference value :  1.00807e-04
 Reference value :  1.00897e-04
 Reference value :  1.01000e-04
 Reference value :  1.01029e-04
 Reference value :  1.01617e-04
 Reference value :  1.03847e-04
 Reference value :  1.06347e-04
 Reference value :  1.08847e-04
 Reference value :  1.11347e-04
 Reference value :  1.13847e-04
 Reference value :  1.16347e-04
 Reference value :  1.19347e-04
 Reference value :  1.22347e-04
 Reference value :  1.25347e-04
 Reference value :  1.27847e-04
 Reference value :  1.30847e-04
 Reference value :  1.33347e-04
 Reference value :  1.35347e-04
 Reference value :  1.38347e-04
 Reference value :  1.40847e-04
 Reference value :  1.43847e-04
 Reference value :  1.46347e-04
 Reference value :  1.48347e-04
 Reference value :  1.50847e-04
 Reference value :  1.53347e-04
 Reference value :  1.55847e-04
 Reference value :  1.58347e-04
 Reference value :  1.59847e-04
 Reference value :  1.62347e-04
 Reference value :  1.64847e-04
 Reference value :  1.68347e-04
 Reference value :  1.70847e-04
 Reference value :  1.73347e-04
 Reference value :  1.76347e-04
 Reference value :  1.78847e-04
 Reference value :  1.81847e-04
 Reference value :  1.84847e-04
 Reference value :  1.87347e-04
 Reference value :  1.89847e-04
 Reference value :  1.92847e-04
 Reference value :  1.95347e-04
 Reference value :  1.97847e-04
 Reference value :  2.00347e-04
 Reference value :  2.02847e-04
 Reference value :  2.05347e-04
 Reference value :  2.08347e-04
 Reference value :  2.10347e-04
 Reference value :  2.13347e-04
 Reference value :  2.15847e-04
 Reference value :  2.18347e-04
 Reference value :  2.20347e-04
 Reference value :  2.22847e-04
 Reference value :  2.25347e-04
 Reference value :  2.27847e-04
 Reference value :  2.29847e-04
 Reference value :  2.32847e-04
 Reference value :  2.35347e-04
 Reference value :  2.37847e-04
 Reference value :  2.40347e-04
 Reference value :  2.42847e-04
 Reference value :  2.45347e-04
 Reference value :  2.47847e-04
 Reference value :  2.50347e-04
 Reference value :  2.52847e-04
 Reference value :  2.54847e-04
 Reference value :  2.56847e-04
 Reference value :  2.59347e-04
 Reference value :  2.62347e-04
 Reference value :  2.64847e-04
 Reference value :  2.67347e-04
 Reference value :  2.69347e-04
 Reference value :  2.72347e-04
 Reference value :  2.74847e-04
 Reference value :  2.77847e-04
 Reference value :  2.80847e-04
 Reference value :  2.83847e-04
 Reference value :  2.86347e-04
 Reference value :  2.89847e-04
 Reference value :  2.92847e-04
 Reference value :  2.95847e-04
 Reference value :  2.99347e-04
 Reference value :  3.01847e-04
 Reference value :  3.03847e-04
 Reference value :  3.05847e-04
 Reference value :  3.07847e-04
 Reference value :  3.10847e-04
 Reference value :  3.13847e-04
 Reference value :  3.16847e-04
 Reference value :  3.19347e-04
 Reference value :  3.22347e-04
 Reference value :  3.24847e-04
 Reference value :  3.27347e-04
 Reference value :  3.30347e-04
 Reference value :  3.33347e-04
 Reference value :  3.35847e-04
 Reference value :  3.38847e-04
 Reference value :  3.41347e-04
 Reference value :  3.44347e-04
 Reference value :  3.46847e-04
 Reference value :  3.49847e-04
 Reference value :  3.52847e-04
 Reference value :  3.55847e-04
 Reference value :  3.58347e-04
 Reference value :  3.61347e-04
 Reference value :  3.64347e-04
 Reference value :  3.66847e-04
 Reference value :  3.69847e-04
 Reference value :  3.72347e-04
 Reference value :  3.74847e-04
 Reference value :  3.77847e-04
 Reference value :  3.80847e-04
 Reference value :  3.83347e-04
 Reference value :  3.86347e-04
 Reference value :  3.88847e-04
 Reference value :  3.90847e-04
 Reference value :  3.92847e-04
 Reference value :  3.95347e-04
 Reference value :  3.97847e-04
 Reference value :  4.00347e-04
 Reference value :  4.03347e-04
 Reference value :  4.05347e-04
 Reference value :  4.07847e-04
 Reference value :  4.10847e-04
 Reference value :  4.12847e-04
 Reference value :  4.15847e-04
 Reference value :  4.18347e-04
 Reference value :  4.21347e-04
 Reference value :  4.23847e-04
 Reference value :  4.26347e-04
 Reference value :  4.28847e-04
 Reference value :  4.30847e-04
 Reference value :  4.32847e-04
 Reference value :  4.35347e-04
 Reference value :  4.38347e-04
 Reference value :  4.40847e-04
 Reference value :  4.43847e-04
 Reference value :  4.46847e-04
 Reference value :  4.49347e-04
 Reference value :  4.51347e-04
 Reference value :  4.53847e-04
 Reference value :  4.56347e-04
 Reference value :  4.58847e-04
 Reference value :  4.61347e-04
 Reference value :  4.63847e-04
 Reference value :  4.66847e-04
 Reference value :  4.69347e-04
 Reference value :  4.71347e-04
 Reference value :  4.73847e-04
 Reference value :  4.75847e-04
 Reference value :  4.78347e-04
 Reference value :  4.80847e-04
 Reference value :  4.83347e-04
 Reference value :  4.85847e-04
 Reference value :  4.88847e-04
 Reference value :  4.91347e-04
 Reference value :  4.93847e-04
 Reference value :  4.96347e-04
 Reference value :  4.97847e-04
 Reference value :  5.00347e-04
 Reference value :  5.02847e-04
 Reference value :  5.05347e-04
 Reference value :  5.08347e-04
 Reference value :  5.10847e-04
 Reference value :  5.13847e-04
 Reference value :  5.16347e-04
 Reference value :  5.18847e-04
 Reference value :  5.21347e-04
 Reference value :  5.24347e-04
 Reference value :  5.27347e-04
 Reference value :  5.29847e-04
 Reference value :  5.32847e-04
 Reference value :  5.35347e-04
 Reference value :  5.37847e-04
 Reference value :  5.39847e-04
 Reference value :  5.42347e-04
 Reference value :  5.44847e-04
 Reference value :  5.47347e-04
 Reference value :  5.49347e-04
 Reference value :  5.51847e-04
 Reference value :  5.53847e-04
 Reference value :  5.55847e-04
 Reference value :  5.58347e-04
 Reference value :  5.60847e-04
 Reference value :  5.63347e-04
 Reference value :  5.65347e-04
 Reference value :  5.67347e-04
 Reference value :  5.69347e-04
 Reference value :  5.71847e-04
 Reference value :  5.74847e-04
 Reference value :  5.77847e-04
 Reference value :  5.80347e-04
 Reference value :  5.82847e-04
 Reference value :  5.85347e-04
 Reference value :  5.87347e-04
 Reference value :  5.88847e-04
 Reference value :  5.90847e-04
 Reference value :  5.92847e-04
 Reference value :  5.94847e-04
 Reference value :  5.96847e-04
 Reference value :  5.99347e-04
 Reference value :  6.01847e-04
 Reference value :  6.04347e-04
 Reference value :  6.06847e-04
 Reference value :  6.09347e-04
 Reference value :  6.11347e-04
 Reference value :  6.13347e-04
 Reference value :  6.15847e-04
 Reference value :  6.18347e-04
 Reference value :  6.20347e-04
 Reference value :  6.22347e-04
 Reference value :  6.24847e-04
 Reference value :  6.27347e-04
 Reference value :  6.28847e-04
 Reference value :  6.31347e-04
 Reference value :  6.34347e-04
 Reference value :  6.36847e-04
 Reference value :  6.39847e-04
 Reference value :  6.42347e-04
 Reference value :  6.44847e-04
 Reference value :  6.47347e-04
 Reference value :  6.49847e-04
 Reference value :  6.52347e-04
 Reference value :  6.54847e-04
 Reference value :  6.57347e-04
 Reference value :  6.59847e-04
 Reference value :  6.62347e-04
 Reference value :  6.64347e-04
 Reference value :  6.65847e-04
 Reference value :  6.67847e-04
 Reference value :  6.69847e-04
 Reference value :  6.71847e-04
 Reference value :  6.73847e-04
 Reference value :  6.75847e-04
 Reference value :  6.78347e-04
 Reference value :  6.80347e-04
 Reference value :  6.82347e-04
 Reference value :  6.85347e-04
 Reference value :  6.88347e-04
 Reference value :  6.90847e-04
 Reference value :  6.93347e-04
 Reference value :  6.95847e-04
 Reference value :  6.98347e-04
 Reference value :  7.01347e-04
 Reference value :  7.03847e-04
 Reference value :  7.06847e-04
 Reference value :  7.09847e-04
 Reference value :  7.12347e-04
 Reference value :  7.14847e-04
 Reference value :  7.17347e-04
 Reference value :  7.19347e-04
 Reference value :  7.22347e-04
 Reference value :  7.24847e-04
 Reference value :  7.27347e-04
 Reference value :  7.29847e-04
 Reference value :  7.32847e-04
 Reference value :  7.35847e-04
 Reference value :  7.38347e-04
 Reference value :  7.40347e-04
 Reference value :  7.42347e-04
 Reference value :  7.44347e-04
 Reference value :  7.46847e-04
 Reference value :  7.49847e-04
 Reference value :  7.52347e-04
 Reference value :  7.54847e-04
 Reference value :  7.57847e-04
 Reference value :  7.60347e-04
 Reference value :  7.62847e-04
 Reference value :  7.65347e-04
 Reference value :  7.68347e-04
 Reference value :  7.70847e-04
 Reference value :  7.72847e-04
 Reference value :  7.75347e-04
 Reference value :  7.77347e-04
 Reference value :  7.80347e-04
 Reference value :  7.82347e-04
 Reference value :  7.84847e-04
 Reference value :  7.86847e-04
 Reference value :  7.88847e-04
 Reference value :  7.90847e-04
 Reference value :  7.92847e-04
 Reference value :  7.94847e-04
 Reference value :  7.96847e-04
 Reference value :  7.98847e-04
 Reference value :  8.00847e-04
 Reference value :  8.02847e-04
 Reference value :  8.04847e-04
 Reference value :  8.06847e-04
 Reference value :  8.08847e-04
 Reference value :  8.10847e-04
 Reference value :  8.12847e-04
 Reference value :  8.14847e-04
 Reference value :  8.16847e-04
 Reference value :  8.18847e-04
 Reference value :  8.20847e-04
 Reference value :  8.22847e-04
 Reference value :  8.24847e-04
 Reference value :  8.26847e-04
 Reference value :  8.28847e-04
 Reference value :  8.30847e-04
 Reference value :  8.32847e-04
 Reference value :  8.34847e-04
 Reference value :  8.36847e-04
 Reference value :  8.38847e-04
 Reference value :  8.40347e-04
 Reference value :  8.42347e-04
 Reference value :  8.44347e-04
 Reference value :  8.46347e-04
 Reference value :  8.48347e-04
 Reference value :  8.50347e-04
 Reference value :  8.52347e-04
 Reference value :  8.54347e-04
 Reference value :  8.56347e-04
 Reference value :  8.58347e-04
 Reference value :  8.60347e-04
 Reference value :  8.62347e-04
 Reference value :  8.64347e-04
 Reference value :  8.66347e-04
 Reference value :  8.68347e-04
 Reference value :  8.70347e-04
 Reference value :  8.72347e-04
 Reference value :  8.74347e-04
 Reference value :  8.76347e-04
 Reference value :  8.78347e-04
 Reference value :  8.80347e-04
 Reference value :  8.82347e-04
 Reference value :  8.84347e-04
 Reference value :  8.86347e-04
 Reference value :  8.88347e-04
 Reference value :  8.90347e-04
 Reference value :  8.92347e-04
 Reference value :  8.94347e-04
 Reference value :  8.96347e-04
 Reference value :  8.98347e-04
 Reference value :  9.00347e-04
 Reference value :  9.02347e-04
 Reference value :  9.04347e-04
 Reference value :  9.06347e-04
 Reference value :  9.08347e-04
 Reference value :  9.09847e-04
 Reference value :  9.11847e-04
 Reference value :  9.13847e-04
 Reference value :  9.15847e-04
 Reference value :  9.17847e-04
 Reference value :  9.19847e-04
 Reference value :  9.21847e-04
 Reference value :  9.23847e-04
 Reference value :  9.25847e-04
 Reference value :  9.27847e-04
 Reference value :  9.29847e-04
 Reference value :  9.31847e-04
 Reference value :  9.33847e-04
 Reference value :  9.35847e-04
 Reference value :  9.37847e-04
 Reference value :  9.39847e-04
 Reference value :  9.41847e-04
 Reference value :  9.43347e-04
 Reference value :  9.45347e-04
 Reference value :  9.47347e-04
 Reference value :  9.49347e-04
 Reference value :  9.51347e-04
 Reference value :  9.53347e-04
 Reference value :  9.55347e-04
 Reference value :  9.57347e-04
 Reference value :  9.59347e-04
 Reference value :  9.61347e-04
 Reference value :  9.63347e-04
 Reference value :  9.65347e-04
 Reference value :  9.67347e-04
 Reference value :  9.69347e-04
 Reference value :  9.71347e-04
 Reference value :  9.73347e-04
 Reference value :  9.75347e-04
 Reference value :  9.77347e-04
 Reference value :  9.79347e-04
 Reference value :  9.81347e-04
 Reference value :  9.83347e-04
 Reference value :  9.85347e-04
 Reference value :  9.87347e-04
 Reference value :  9.89347e-04
 Reference value :  9.91347e-04
 Reference value :  9.93347e-04
 Reference value :  9.95347e-04
 Reference value :  9.97347e-04
 Reference value :  9.99347e-04
 Reference value :  1.00015e-03
 Reference value :  1.00049e-03
 Reference value :  1.00064e-03
 Reference value :  1.00100e-03
 Reference value :  1.00103e-03
 Reference value :  1.00105e-03
 Reference value :  1.00110e-03
 Reference value :  1.00138e-03
 Reference value :  1.00260e-03
 Reference value :  1.00304e-03
 Reference value :  1.00339e-03
 Reference value :  1.00407e-03
 Reference value :  1.00481e-03
 Reference value :  1.00518e-03
 Reference value :  1.00594e-03
 Reference value :  1.00679e-03
 Reference value :  1.00775e-03
 Reference value :  1.00875e-03
 Reference value :  1.00975e-03
 Reference value :  1.01125e-03
 Reference value :  1.01275e-03
 Reference value :  1.01425e-03
 Reference value :  1.01575e-03
 Reference value :  1.01725e-03
 Reference value :  1.01925e-03
 Reference value :  1.02125e-03
 Reference value :  1.02325e-03
 Reference value :  1.02525e-03
 Reference value :  1.02725e-03
 Reference value :  1.02925e-03
 Reference value :  1.03125e-03
 Reference value :  1.03325e-03
 Reference value :  1.03525e-03
 Reference value :  1.03725e-03
 Reference value :  1.03925e-03
 Reference value :  1.04125e-03
 Reference value :  1.04325e-03
 Reference value :  1.04525e-03
 Reference value :  1.04725e-03
 Reference value :  1.04925e-03
 Reference value :  1.05125e-03
 Reference value :  1.05325e-03
 Reference value :  1.05525e-03
 Reference value :  1.05725e-03
 Reference value :  1.05925e-03
 Reference value :  1.06125e-03
 Reference value :  1.06325e-03
 Reference value :  1.06525e-03
 Reference value :  1.06725e-03
 Reference value :  1.06925e-03
 Reference value :  1.07125e-03
 Reference value :  1.07325e-03
 Reference value :  1.07525e-03
 Reference value :  1.07725e-03
 Reference value :  1.07925e-03
 Reference value :  1.08125e-03
 Reference value :  1.08325e-03
 Reference value :  1.08525e-03
 Reference value :  1.08725e-03
 Reference value :  1.08875e-03
 Reference value :  1.09075e-03
 Reference value :  1.09275e-03
 Reference value :  1.09475e-03
 Reference value :  1.09675e-03
 Reference value :  1.09875e-03
 Reference value :  1.10075e-03
 Reference value :  1.10275e-03
 Reference value :  1.10475e-03
 Reference value :  1.10675e-03
 Reference value :  1.10875e-03
 Reference value :  1.11075e-03
 Reference value :  1.11275e-03
 Reference value :  1.11475e-03
 Reference value :  1.11675e-03
 Reference value :  1.11875e-03
 Reference value :  1.12075e-03
 Reference value :  1.12275e-03
 Reference value :  1.12475e-03
 Reference value :  1.12675e-03
 Reference value :  1.12875e-03
 Reference value :  1.13075e-03
 Reference value :  1.13275e-03
 Reference value :  1.13475e-03
 Reference value :  1.13675e-03
 Reference value :  1.13875e-03
 Reference value :  1.14075e-03
 Reference value :  1.14275e-03
 Reference value :  1.14475e-03
 Reference value :  1.14675e-03
 Reference value :  1.14875e-03
 Reference value :  1.15075e-03
 Reference value :  1.15275e-03
 Reference value :  1.15475e-03
 Reference value :  1.15675e-03
 Reference value :  1.15875e-03
 Reference value :  1.16075e-03
 Reference value :  1.16275e-03
 Reference value :  1.16475e-03
 Reference value :  1.16675e-03
 Reference value :  1.16875e-03
 Reference value :  1.17075e-03
 Reference value :  1.17275e-03
 Reference value :  1.17475e-03
 Reference value :  1.17675e-03
 Reference value :  1.17875e-03
 Reference value :  1.18075e-03
 Reference value :  1.18275e-03
 Reference value :  1.18475e-03
 Reference value :  1.18675e-03
 Reference value :  1.18925e-03
 Reference value :  1.19175e-03
 Reference value :  1.19425e-03
 Reference value :  1.19675e-03
 Reference value :  1.19875e-03
 Reference value :  1.20075e-03
 Reference value :  1.20275e-03
 Reference value :  1.20525e-03
 Reference value :  1.20775e-03
 Reference value :  1.21075e-03
 Reference value :  1.21275e-03
 Reference value :  1.21475e-03
 Reference value :  1.21725e-03
 Reference value :  1.21925e-03
 Reference value :  1.22225e-03
 Reference value :  1.22425e-03
 Reference value :  1.22625e-03
 Reference value :  1.22925e-03
 Reference value :  1.23175e-03
 Reference value :  1.23425e-03
 Reference value :  1.23675e-03
 Reference value :  1.23925e-03
 Reference value :  1.24175e-03
 Reference value :  1.24425e-03
 Reference value :  1.24675e-03
 Reference value :  1.24925e-03
 Reference value :  1.25125e-03
 Reference value :  1.25375e-03
 Reference value :  1.25625e-03
 Reference value :  1.25875e-03
 Reference value :  1.26125e-03
 Reference value :  1.26375e-03
 Reference value :  1.26625e-03
 Reference value :  1.26875e-03
 Reference value :  1.27125e-03
 Reference value :  1.27375e-03
 Reference value :  1.27625e-03
 Reference value :  1.27875e-03
 Reference value :  1.28175e-03
 Reference value :  1.28475e-03
 Reference value :  1.28725e-03
 Reference value :  1.28925e-03
 Reference value :  1.29125e-03
 Reference value :  1.29325e-03
 Reference value :  1.29575e-03
 Reference value :  1.29775e-03
 Reference value :  1.29975e-03
 Reference value :  1.30225e-03
 Reference value :  1.30425e-03
 Reference value :  1.30725e-03
 Reference value :  1.31025e-03
 Reference value :  1.31275e-03
 Reference value :  1.31525e-03
 Reference value :  1.31775e-03
 Reference value :  1.32025e-03
 Reference value :  1.32325e-03
 Reference value :  1.32575e-03
 Reference value :  1.32825e-03
 Reference value :  1.33075e-03
 Reference value :  1.33325e-03
 Reference value :  1.33625e-03
 Reference value :  1.33875e-03
 Reference value :  1.34125e-03
 Reference value :  1.34375e-03
 Reference value :  1.34625e-03
 Reference value :  1.34825e-03
 Reference value :  1.35125e-03
 Reference value :  1.35375e-03
 Reference value :  1.35575e-03
 Reference value :  1.35775e-03
 Reference value :  1.36025e-03
 Reference value :  1.36275e-03
 Reference value :  1.36475e-03
 Reference value :  1.36725e-03
 Reference value :  1.36975e-03
 Reference value :  1.37225e-03
 Reference value :  1.37475e-03
 Reference value :  1.37725e-03
 Reference value :  1.38025e-03
 Reference value :  1.38325e-03
 Reference value :  1.38575e-03
 Reference value :  1.38875e-03
 Reference value :  1.39125e-03
 Reference value :  1.39375e-03
 Reference value :  1.39675e-03
 Reference value :  1.39975e-03
 Reference value :  1.40225e-03
 Reference value :  1.40425e-03
 Reference value :  1.40675e-03
 Reference value :  1.40875e-03
 Reference value :  1.41125e-03
 Reference value :  1.41375e-03
 Reference value :  1.41625e-03
 Reference value :  1.41875e-03
 Reference value :  1.42075e-03
 Reference value :  1.42325e-03
 Reference value :  1.42575e-03
 Reference value :  1.42825e-03
 Reference value :  1.43075e-03
 Reference value :  1.43325e-03
 Reference value :  1.43575e-03
 Reference value :  1.43825e-03
 Reference value :  1.44125e-03
 Reference value :  1.44325e-03
 Reference value :  1.44625e-03
 Reference value :  1.44875e-03
 Reference value :  1.45075e-03
 Reference value :  1.45275e-03
 Reference value :  1.45475e-03
 Reference value :  1.45625e-03
 Reference value :  1.45825e-03
 Reference value :  1.45975e-03
 Reference value :  1.46225e-03
 Reference value :  1.46525e-03
 Reference value :  1.46825e-03
 Reference value :  1.47075e-03
 Reference value :  1.47325e-03
 Reference value :  1.47575e-03
 Reference value :  1.47875e-03
 Reference value :  1.48075e-03
 Reference value :  1.48275e-03
 Reference value :  1.48475e-03
 Reference value :  1.48725e-03
 Reference value :  1.48975e-03
 Reference value :  1.49175e-03
 Reference value :  1.49375e-03
 Reference value :  1.49525e-03
 Reference value :  1.49675e-03
 Reference value :  1.49825e-03
 Reference value :  1.50025e-03
 Reference value :  1.50275e-03
 Reference value :  1.50525e-03
 Reference value :  1.50775e-03
 Reference value :  1.51025e-03
 Reference value :  1.51225e-03
 Reference value :  1.51375e-03
 Reference value :  1.51675e-03
 Reference value :  1.51925e-03
 Reference value :  1.52125e-03
 Reference value :  1.52325e-03
 Reference value :  1.52575e-03
 Reference value :  1.52775e-03
 Reference value :  1.53025e-03
 Reference value :  1.53275e-03
 Reference value :  1.53525e-03
 Reference value :  1.53775e-03
 Reference value :  1.54025e-03
 Reference value :  1.54275e-03
 Reference value :  1.54525e-03
 Reference value :  1.54825e-03
 Reference value :  1.55075e-03
 Reference value :  1.55325e-03
 Reference value :  1.55625e-03
 Reference value :  1.55875e-03
 Reference value :  1.56075e-03
 Reference value :  1.56325e-03
 Reference value :  1.56675e-03
 Reference value :  1.56975e-03
 Reference value :  1.57225e-03
 Reference value :  1.57475e-03
 Reference value :  1.57775e-03
 Reference value :  1.57975e-03
 Reference value :  1.58225e-03
 Reference value :  1.58425e-03
 Reference value :  1.58625e-03
 Reference value :  1.58825e-03
 Reference value :  1.59075e-03
 Reference value :  1.59275e-03
 Reference value :  1.59525e-03
 Reference value :  1.59775e-03
 Reference value :  1.60025e-03
 Reference value :  1.60275e-03
 Reference value :  1.60575e-03
 Reference value :  1.60825e-03
 Reference value :  1.61125e-03
 Reference value :  1.61375e-03
 Reference value :  1.61575e-03
 Reference value :  1.61825e-03
 Reference value :  1.62025e-03
 Reference value :  1.62225e-03
 Reference value :  1.62425e-03
 Reference value :  1.62675e-03
 Reference value :  1.62975e-03
 Reference value :  1.63225e-03
 Reference value :  1.63425e-03
 Reference value :  1.63675e-03
 Reference value :  1.63875e-03
 Reference value :  1.64075e-03
 Reference value :  1.64275e-03
 Reference value :  1.64475e-03
 Reference value :  1.64625e-03
 Reference value :  1.64875e-03
 Reference value :  1.65125e-03
 Reference value :  1.65375e-03
 Reference value :  1.65625e-03
 Reference value :  1.65825e-03
 Reference value :  1.65975e-03
 Reference value :  1.66175e-03
 Reference value :  1.66375e-03
 Reference value :  1.66575e-03
 Reference value :  1.66775e-03
 Reference value :  1.66975e-03
 Reference value :  1.67125e-03
 Reference value :  1.67275e-03
 Reference value :  1.67475e-03
 Reference value :  1.67675e-03
 Reference value :  1.67875e-03
 Reference value :  1.68075e-03
 Reference value :  1.68275e-03
 Reference value :  1.68525e-03
 Reference value :  1.68775e-03
 Reference value :  1.69025e-03
 Reference value :  1.69275e-03
 Reference value :  1.69575e-03
 Reference value :  1.69725e-03
 Reference value :  1.69975e-03
 Reference value :  1.70275e-03
 Reference value :  1.70625e-03
 Reference value :  1.70875e-03
 Reference value :  1.71125e-03
 Reference value :  1.71375e-03
 Reference value :  1.71575e-03
 Reference value :  1.71775e-03
 Reference value :  1.72025e-03
 Reference value :  1.72225e-03
 Reference value :  1.72475e-03
 Reference value :  1.72725e-03
 Reference value :  1.73075e-03
 Reference value :  1.73325e-03
 Reference value :  1.73475e-03
 Reference value :  1.73775e-03
 Reference value :  1.74025e-03
 Reference value :  1.74275e-03
 Reference value :  1.74475e-03
 Reference value :  1.74725e-03
 Reference value :  1.74925e-03
 Reference value :  1.75125e-03
 Reference value :  1.75325e-03
 Reference value :  1.75475e-03
 Reference value :  1.75675e-03
 Reference value :  1.75875e-03
 Reference value :  1.76025e-03
 Reference value :  1.76175e-03
 Reference value :  1.76325e-03
 Reference value :  1.76575e-03
 Reference value :  1.76825e-03
 Reference value :  1.77025e-03
 Reference value :  1.77175e-03
 Reference value :  1.77325e-03
 Reference value :  1.77525e-03
 Reference value :  1.77725e-03
 Reference value :  1.77875e-03
 Reference value :  1.78025e-03
 Reference value :  1.78225e-03
 Reference value :  1.78425e-03
 Reference value :  1.78625e-03
 Reference value :  1.78825e-03
 Reference value :  1.79125e-03
 Reference value :  1.79375e-03
 Reference value :  1.79625e-03
 Reference value :  1.79875e-03
 Reference value :  1.80125e-03
 Reference value :  1.80325e-03
 Reference value :  1.80675e-03
 Reference value :  1.80875e-03
 Reference value :  1.81125e-03
 Reference value :  1.81375e-03
 Reference value :  1.81675e-03
 Reference value :  1.81925e-03
 Reference value :  1.82175e-03
 Reference value :  1.82475e-03
 Reference value :  1.82725e-03
 Reference value :  1.82975e-03
 Reference value :  1.83225e-03
 Reference value :  1.83475e-03
 Reference value :  1.83625e-03
 Reference value :  1.83875e-03
 Reference value :  1.84125e-03
 Reference value :  1.84325e-03
 Reference value :  1.84525e-03
 Reference value :  1.84725e-03
 Reference value :  1.84925e-03
 Reference value :  1.85075e-03
 Reference value :  1.85275e-03
 Reference value :  1.85475e-03
 Reference value :  1.85675e-03
 Reference value :  1.85875e-03
 Reference value :  1.86175e-03
 Reference value :  1.86375e-03
 Reference value :  1.86575e-03
 Reference value :  1.86775e-03
 Reference value :  1.87025e-03
 Reference value :  1.87225e-03
 Reference value :  1.87425e-03
 Reference value :  1.87625e-03
 Reference value :  1.87875e-03
 Reference value :  1.88125e-03
 Reference value :  1.88425e-03
 Reference value :  1.88625e-03
 Reference value :  1.88825e-03
 Reference value :  1.89025e-03
 Reference value :  1.89275e-03
 Reference value :  1.89475e-03
 Reference value :  1.89675e-03
 Reference value :  1.89875e-03
 Reference value :  1.90075e-03
 Reference value :  1.90325e-03
 Reference value :  1.90575e-03
 Reference value :  1.90825e-03
 Reference value :  1.91075e-03
 Reference value :  1.91275e-03
 Reference value :  1.91475e-03
 Reference value :  1.91625e-03
 Reference value :  1.91825e-03
 Reference value :  1.92025e-03
 Reference value :  1.92225e-03
 Reference value :  1.92525e-03
 Reference value :  1.92825e-03
 Reference value :  1.93075e-03
 Reference value :  1.93325e-03
 Reference value :  1.93525e-03
 Reference value :  1.93725e-03
 Reference value :  1.94025e-03
 Reference value :  1.94325e-03
 Reference value :  1.94575e-03
 Reference value :  1.94825e-03
 Reference value :  1.95075e-03
 Reference value :  1.95325e-03
 Reference value :  1.95525e-03
 Reference value :  1.95725e-03
 Reference value :  1.96025e-03
 Reference value :  1.96225e-03
 Reference value :  1.96425e-03
 Reference value :  1.96625e-03
 Reference value :  1.96825e-03
 Reference value :  1.97075e-03
 Reference value :  1.97325e-03
 Reference value :  1.97575e-03
 Reference value :  1.97875e-03
 Reference value :  1.98125e-03
 Reference value :  1.98475e-03
 Reference value :  1.98675e-03
 Reference value :  1.98825e-03
 Reference value :  1.99075e-03
 Reference value :  1.99275e-03
 Reference value :  1.99425e-03
 Reference value :  1.99625e-03
 Reference value :  1.99825e-03
 Reference value :  2.00025e-03
 Reference value :  2.00225e-03
 Reference value :  2.00425e-03
 Reference value :  2.00675e-03
 Reference value :  2.00925e-03
 Reference value :  2.01175e-03
 Reference value :  2.01475e-03
 Reference value :  2.01725e-03
 Reference value :  2.01975e-03
 Reference value :  2.02175e-03
 Reference value :  2.02375e-03
 Reference value :  2.02525e-03
 Reference value :  2.02725e-03
 Reference value :  2.03025e-03
 Reference value :  2.03275e-03
 Reference value :  2.03475e-03
 Reference value :  2.03625e-03
 Reference value :  2.03825e-03
 Reference value :  2.04025e-03
 Reference value :  2.04225e-03
 Reference value :  2.04425e-03
 Reference value :  2.04675e-03
 Reference value :  2.04925e-03
 Reference value :  2.05175e-03
 Reference value :  2.05475e-03
 Reference value :  2.05775e-03
 Reference value :  2.06025e-03
 Reference value :  2.06275e-03
 Reference value :  2.06575e-03
 Reference value :  2.06775e-03
 Reference value :  2.07025e-03
 Reference value :  2.07225e-03
 Reference value :  2.07425e-03
 Reference value :  2.07625e-03
 Reference value :  2.07875e-03
 Reference value :  2.08125e-03
 Reference value :  2.08375e-03
 Reference value :  2.08625e-03
 Reference value :  2.08825e-03
 Reference value :  2.09025e-03
 Reference value :  2.09325e-03
 Reference value :  2.09525e-03
 Reference value :  2.09775e-03
 Reference value :  2.10025e-03
 Reference value :  2.10325e-03
 Reference value :  2.10575e-03
 Reference value :  2.10725e-03
 Reference value :  2.10925e-03
 Reference value :  2.11125e-03
 Reference value :  2.11375e-03
 Reference value :  2.11525e-03
 Reference value :  2.11775e-03
 Reference value :  2.12025e-03
 Reference value :  2.12225e-03
 Reference value :  2.12425e-03
 Reference value :  2.12625e-03
 Reference value :  2.12825e-03
 Reference value :  2.13025e-03
 Reference value :  2.13225e-03
 Reference value :  2.13375e-03
 Reference value :  2.13575e-03
 Reference value :  2.13825e-03
 Reference value :  2.13975e-03
 Reference value :  2.14175e-03
 Reference value :  2.14425e-03
 Reference value :  2.14675e-03
 Reference value :  2.14875e-03
 Reference value :  2.15075e-03
 Reference value :  2.15325e-03
 Reference value :  2.15575e-03
 Reference value :  2.15775e-03
 Reference value :  2.16025e-03
 Reference value :  2.16325e-03
 Reference value :  2.16575e-03
 Reference value :  2.16775e-03
 Reference value :  2.17025e-03
 Reference value :  2.17275e-03
 Reference value :  2.17525e-03
 Reference value :  2.17775e-03
 Reference value :  2.18025e-03
 Reference value :  2.18225e-03
 Reference value :  2.18425e-03
 Reference value :  2.18675e-03
 Reference value :  2.18925e-03
 Reference value :  2.19125e-03
 Reference value :  2.19325e-03
 Reference value :  2.19525e-03
 Reference value :  2.19725e-03
 Reference value :  2.19925e-03
 Reference value :  2.20125e-03
 Reference value :  2.20325e-03
 Reference value :  2.20525e-03
 Reference value :  2.20675e-03
 Reference value :  2.20875e-03
 Reference value :  2.21075e-03
 Reference value :  2.21325e-03
 Reference value :  2.21525e-03
 Reference value :  2.21725e-03
 Reference value :  2.21875e-03
 Reference value :  2.22025e-03
 Reference value :  2.22175e-03
 Reference value :  2.22375e-03
 Reference value :  2.22675e-03
 Reference value :  2.22975e-03
 Reference value :  2.23225e-03
 Reference value :  2.23475e-03
 Reference value :  2.23675e-03
 Reference value :  2.23875e-03
 Reference value :  2.24075e-03
 Reference value :  2.24275e-03
 Reference value :  2.24475e-03
 Reference value :  2.24725e-03
 Reference value :  2.24975e-03
 Reference value :  2.25225e-03
 Reference value :  2.25475e-03
 Reference value :  2.25725e-03
 Reference value :  2.25975e-03
 Reference value :  2.26225e-03
 Reference value :  2.26475e-03
 Reference value :  2.26725e-03
 Reference value :  2.26875e-03
 Reference value :  2.27125e-03
 Reference value :  2.27325e-03
 Reference value :  2.27475e-03
 Reference value :  2.27625e-03
 Reference value :  2.27775e-03
 Reference value :  2.27975e-03
 Reference value :  2.28225e-03
 Reference value :  2.28475e-03
 Reference value :  2.28725e-03
 Reference value :  2.28925e-03
 Reference value :  2.29175e-03
 Reference value :  2.29425e-03
 Reference value :  2.29625e-03
 Reference value :  2.29775e-03
 Reference value :  2.29975e-03
 Reference value :  2.30225e-03
 Reference value :  2.30475e-03
 Reference value :  2.30775e-03
 Reference value :  2.31075e-03
 Reference value :  2.31275e-03
 Reference value :  2.31475e-03
 Reference value :  2.31675e-03
 Reference value :  2.31875e-03
 Reference value :  2.32075e-03
 Reference value :  2.32325e-03
 Reference value :  2.32525e-03
 Reference value :  2.32725e-03
 Reference value :  2.32975e-03
 Reference value :  2.33125e-03
 Reference value :  2.33325e-03
 Reference value :  2.33575e-03
 Reference value :  2.33775e-03
 Reference value :  2.33925e-03
 Reference value :  2.34125e-03
 Reference value :  2.34325e-03
 Reference value :  2.34475e-03
 Reference value :  2.34675e-03
 Reference value :  2.34925e-03
 Reference value :  2.35225e-03
 Reference value :  2.35475e-03
 Reference value :  2.35775e-03
 Reference value :  2.36075e-03
 Reference value :  2.36325e-03
 Reference value :  2.36525e-03
 Reference value :  2.36775e-03
 Reference value :  2.36975e-03
 Reference value :  2.37175e-03
 Reference value :  2.37375e-03
 Reference value :  2.37575e-03
 Reference value :  2.37775e-03
 Reference value :  2.38025e-03
 Reference value :  2.38225e-03
 Reference value :  2.38475e-03
 Reference value :  2.38675e-03
 Reference value :  2.38875e-03
 Reference value :  2.39125e-03
 Reference value :  2.39425e-03
 Reference value :  2.39625e-03
 Reference value :  2.39875e-03
 Reference value :  2.40075e-03
 Reference value :  2.40325e-03
 Reference value :  2.40625e-03
 Reference value :  2.40825e-03
 Reference value :  2.41025e-03
 Reference value :  2.41225e-03
 Reference value :  2.41375e-03
 Reference value :  2.41575e-03
 Reference value :  2.41725e-03
 Reference value :  2.41925e-03
 Reference value :  2.42125e-03
 Reference value :  2.42325e-03
 Reference value :  2.42475e-03
 Reference value :  2.42725e-03
 Reference value :  2.42925e-03
 Reference value :  2.43125e-03
 Reference value :  2.43275e-03
 Reference value :  2.43425e-03
 Reference value :  2.43625e-03
 Reference value :  2.43775e-03
 Reference value :  2.44025e-03
 Reference value :  2.44225e-03
 Reference value :  2.44425e-03
 Reference value :  2.44625e-03
 Reference value :  2.44825e-03
 Reference value :  2.45025e-03
 Reference value :  2.45275e-03
 Reference value :  2.45525e-03
 Reference value :  2.45775e-03
 Reference value :  2.46075e-03
 Reference value :  2.46325e-03
 Reference value :  2.46575e-03
 Reference value :  2.46825e-03
 Reference value :  2.47125e-03
 Reference value :  2.47375e-03
 Reference value :  2.47675e-03
 Reference value :  2.47925e-03
 Reference value :  2.48175e-03
 Reference value :  2.48375e-03
 Reference value :  2.48575e-03
 Reference value :  2.48825e-03
 Reference value :  2.49075e-03
 Reference value :  2.49275e-03
 Reference value :  2.49475e-03
 Reference value :  2.49775e-03
 Reference value :  2.49975e-03
 Reference value :  2.50175e-03
 Reference value :  2.50375e-03
 Reference value :  2.50575e-03
 Reference value :  2.50775e-03
 Reference value :  2.50975e-03
 Reference value :  2.51175e-03
 Reference value :  2.51425e-03
 Reference value :  2.51625e-03
 Reference value :  2.51825e-03
 Reference value :  2.51975e-03
 Reference value :  2.52225e-03
 Reference value :  2.52475e-03
 Reference value :  2.52675e-03
 Reference value :  2.52875e-03
 Reference value :  2.53125e-03
 Reference value :  2.53325e-03
 Reference value :  2.53525e-03
 Reference value :  2.53725e-03
 Reference value :  2.53925e-03
 Reference value :  2.54125e-03
 Reference value :  2.54375e-03
 Reference value :  2.54575e-03
 Reference value :  2.54775e-03
 Reference value :  2.54975e-03
 Reference value :  2.55225e-03
 Reference value :  2.55475e-03
 Reference value :  2.55725e-03
 Reference value :  2.56025e-03
 Reference value :  2.56275e-03
 Reference value :  2.56525e-03
 Reference value :  2.56775e-03
 Reference value :  2.57075e-03
 Reference value :  2.57325e-03
 Reference value :  2.57525e-03
 Reference value :  2.57725e-03
 Reference value :  2.57925e-03
 Reference value :  2.58125e-03
 Reference value :  2.58425e-03
 Reference value :  2.58675e-03
 Reference value :  2.58925e-03
 Reference value :  2.59175e-03
 Reference value :  2.59425e-03
 Reference value :  2.59625e-03
 Reference value :  2.59875e-03
 Reference value :  2.60075e-03
 Reference value :  2.60325e-03
 Reference value :  2.60525e-03
 Reference value :  2.60725e-03
 Reference value :  2.60925e-03
 Reference value :  2.61125e-03
 Reference value :  2.61325e-03
 Reference value :  2.61575e-03
 Reference value :  2.61825e-03
 Reference value :  2.61975e-03
 Reference value :  2.62125e-03
 Reference value :  2.62275e-03
 Reference value :  2.62475e-03
 Reference value :  2.62625e-03
 Reference value :  2.62825e-03
 Reference value :  2.63025e-03
 Reference value :  2.63275e-03
 Reference value :  2.63525e-03
 Reference value :  2.63775e-03
 Reference value :  2.64025e-03
 Reference value :  2.64225e-03
 Reference value :  2.64375e-03
 Reference value :  2.64575e-03
 Reference value :  2.64775e-03
 Reference value :  2.64975e-03
 Reference value :  2.65175e-03
 Reference value :  2.65375e-03
 Reference value :  2.65575e-03
 Reference value :  2.65775e-03
 Reference value :  2.65925e-03
 Reference value :  2.66125e-03
 Reference value :  2.66325e-03
 Reference value :  2.66575e-03
 Reference value :  2.66825e-03
 Reference value :  2.67075e-03
 Reference value :  2.67375e-03
 Reference value :  2.67625e-03
 Reference value :  2.67875e-03
 Reference value :  2.68125e-03
 Reference value :  2.68325e-03
 Reference value :  2.68525e-03
 Reference value :  2.68675e-03
 Reference value :  2.68875e-03
 Reference value :  2.69075e-03
 Reference value :  2.69275e-03
 Reference value :  2.69525e-03
 Reference value :  2.69725e-03
 Reference value :  2.69975e-03
 Reference value :  2.70125e-03
 Reference value :  2.70325e-03
 Reference value :  2.70575e-03
 Reference value :  2.70875e-03
 Reference value :  2.71075e-03
 Reference value :  2.71325e-03
 Reference value :  2.71575e-03
 Reference value :  2.71775e-03
 Reference value :  2.71975e-03
 Reference value :  2.72175e-03
 Reference value :  2.72375e-03
 Reference value :  2.72525e-03
 Reference value :  2.72675e-03
 Reference value :  2.72875e-03
 Reference value :  2.73075e-03
 Reference value :  2.73325e-03
 Reference value :  2.73525e-03
 Reference value :  2.73725e-03
 Reference value :  2.73875e-03
 Reference value :  2.74075e-03
 Reference value :  2.74275e-03
 Reference value :  2.74525e-03
 Reference value :  2.74775e-03
 Reference value :  2.75075e-03
 Reference value :  2.75325e-03
 Reference value :  2.75575e-03
 Reference value :  2.75875e-03
 Reference value :  2.76125e-03
 Reference value :  2.76375e-03
 Reference value :  2.76575e-03
 Reference value :  2.76825e-03
 Reference value :  2.77075e-03
 Reference value :  2.77275e-03
 Reference value :  2.77475e-03
 Reference value :  2.77675e-03
 Reference value :  2.77875e-03
 Reference value :  2.78075e-03
 Reference value :  2.78325e-03
 Reference value :  2.78525e-03
 Reference value :  2.78725e-03
 Reference value :  2.78975e-03
 Reference value :  2.79225e-03
 Reference value :  2.79425e-03
 Reference value :  2.79675e-03
 Reference value :  2.79925e-03
 Reference value :  2.80125e-03
 Reference value :  2.80325e-03
 Reference value :  2.80475e-03
 Reference value :  2.80675e-03
 Reference value :  2.80875e-03
 Reference value :  2.81075e-03
 Reference value :  2.81275e-03
 Reference value :  2.81475e-03
 Reference value :  2.81625e-03
 Reference value :  2.81825e-03
 Reference value :  2.82025e-03
 Reference value :  2.82225e-03
 Reference value :  2.82425e-03
 Reference value :  2.82625e-03
 Reference value :  2.82875e-03
 Reference value :  2.83125e-03
 Reference value :  2.83325e-03
 Reference value :  2.83525e-03
 Reference value :  2.83675e-03
 Reference value :  2.83875e-03
 Reference value :  2.84075e-03
 Reference value :  2.84275e-03
 Reference value :  2.84575e-03
 Reference value :  2.84825e-03
 Reference value :  2.85025e-03
 Reference value :  2.85275e-03
 Reference value :  2.85475e-03
 Reference value :  2.85675e-03
 Reference value :  2.85825e-03
 Reference value :  2.86025e-03
 Reference value :  2.86175e-03
 Reference value :  2.86325e-03
 Reference value :  2.86525e-03
 Reference value :  2.86675e-03
 Reference value :  2.86925e-03
 Reference value :  2.87125e-03
 Reference value :  2.87325e-03
 Reference value :  2.87525e-03
 Reference value :  2.87775e-03
 Reference value :  2.87975e-03
 Reference value :  2.88175e-03
 Reference value :  2.88425e-03
 Reference value :  2.88625e-03
 Reference value :  2.88825e-03
 Reference value :  2.89025e-03
 Reference value :  2.89225e-03
 Reference value :  2.89425e-03
 Reference value :  2.89625e-03
 Reference value :  2.89775e-03
 Reference value :  2.90025e-03
 Reference value :  2.90175e-03
 Reference value :  2.90325e-03
 Reference value :  2.90525e-03
 Reference value :  2.90725e-03
 Reference value :  2.90925e-03
 Reference value :  2.91125e-03
 Reference value :  2.91425e-03
 Reference value :  2.91675e-03
 Reference value :  2.91825e-03
 Reference value :  2.92025e-03
 Reference value :  2.92225e-03
 Reference value :  2.92475e-03
 Reference value :  2.92725e-03
 Reference value :  2.92975e-03
 Reference value :  2.93275e-03
 Reference value :  2.93525e-03
 Reference value :  2.93825e-03
 Reference value :  2.94075e-03
 Reference value :  2.94275e-03
 Reference value :  2.94525e-03
 Reference value :  2.94725e-03
 Reference value :  2.94925e-03
 Reference value :  2.95125e-03
 Reference value :  2.95325e-03
 Reference value :  2.95525e-03
 Reference value :  2.95725e-03
 Reference value :  2.95975e-03
 Reference value :  2.96175e-03
 Reference value :  2.96375e-03
 Reference value :  2.96575e-03
 Reference value :  2.96775e-03
 Reference value :  2.96975e-03
 Reference value :  2.97175e-03
 Reference value :  2.97375e-03
 Reference value :  2.97625e-03
 Reference value :  2.97925e-03
 Reference value :  2.98125e-03
 Reference value :  2.98325e-03
 Reference value :  2.98525e-03
 Reference value :  2.98775e-03
 Reference value :  2.98925e-03
 Reference value :  2.99075e-03
 Reference value :  2.99225e-03
 Reference value :  2.99425e-03
 Reference value :  2.99625e-03
 Reference value :  2.99825e-03
No. of Data Rows : 6053
ipre                =  -1.07493e-05 from=  9.00000e-04 to=  1.00005e-03
ish_avg             =  -1.80354e-01 from=  2.00000e-03 to=  3.00000e-03
ish_max             =  -1.80323e-01 at=  1.10025e-03
ish_min             =  -1.80355e-01 at=  2.99675e-03
vsh_max             =  1.80309e-04 at=  2.99675e-03
meas_vout_50ma_v = 1.798072e+00
meas_cl_margin_50ma_v = 2.562651e-02
meas_ilim_short_ma = 1.803139e+02
meas_ilim_knee_ma = 1.487388e+02
meas_ilim_droop_pct = -2.12286e+01
meas_ishort_sustained_ma = 1.803545e+02
meas_ishort_ripple_pct = 1.763194e-02
meas_vout_short_mv = 1.803089e-01
meas_isup_pre_short_ma = 1.074930e-02
ngspice-46 done

# ==== ngspice stderr ====
Note: ven: dc value used for op instead of transient time=0 value.
Note: Starting dynamic gmin stepping
Note: Dynamic gmin stepping completed
Note: ven: dc value used for op instead of transient time=0 value.
Note: Starting dynamic gmin stepping
Note: Dynamic gmin stepping completed
Note: Starting dynamic gmin stepping
Note: Dynamic gmin stepping completed
Note: Starting dynamic gmin stepping
Note: Dynamic gmin stepping completed
Note: ven: dc value used for op instead of transient time=0 value.
Note: Starting dynamic gmin stepping
Note: Dynamic gmin stepping completed
