# corner: tt_27c_3.30v
# process=tt temp=27C supply=3.30V
# ngspice exit: 0
# wall clock: 190.0s (--timeout was 300s)
# result: PASS

# ==== deck (exact input given to ngspice) ====
| * current-limit corner deck -- generated by sim/bin/corner-run.py, do not edit
| * corner: tt_27c_3.30v
| .param vsup=3.3
| .option wnflag=1
| .temp 27
| .lib "/home/ubuntu/.volare/sky130A/libs.tech/combined/sky130.lib.spice" tt
| ** sch_path: sim/current-limit/testbench/tb_current_limit.sch
| **.subckt tb_current_limit
| VVIN VIN 0 'vsup'
| .save i(vvin)
| VEN EN 0 dc 'vsup' pwl(0 0 100u 0 101u 'vsup' 10 'vsup')
| .save i(ven)
| VVREF VREF 0 1.2
| .save i(vvref)
| xldo VOUT VREF EN VIN ldo_3v3in_1v8out
| COUT VOUT VESR 1u m=1
| RESR VESR 0 10m m=1
| RLOAD VOUT 0 36 m=1
| RFORCE VOUT VF 1e12 m=1
| VFORCE VF 0 dc 1.8 pwl(0 1.8 1m 1.8 1.001m 0 10 0)
| .save i(vforce)
| **.ends
| 
| * expanding   symbol:  design/ldo_3v3in_1v8out.sym # of pins=4
| ** sym_path: design/ldo_3v3in_1v8out.sym
| ** sch_path: design/ldo_3v3in_1v8out.sch
| .subckt ldo_3v3in_1v8out VOUT VREF EN VIN
| *.ipin VIN
| *.ipin EN
| *.ipin VREF
| *.opin VOUT
| XR_BIAS VIN NB 0 sky130_fd_pr__res_high_po W=0.42 L=1500 mult=1 m=1
| XM_BIASN1 NB NB BIAS_ENN 0 sky130_fd_pr__nfet_g5v0d10v5 L=1 W=4 nf=1 ad=1.16 as=1.16 pd=8.58 ps=8.58 nrd=0.0725 nrs=0.0725 sa=0
| + sb=0 sd=0 mult=1 m=1
| XM_ENN BIAS_ENN EN 0 0 sky130_fd_pr__nfet_g5v0d10v5 L=0.5 W=10 nf=1 ad=2.9 as=2.9 pd=20.58 ps=20.58 nrd=0.029 nrs=0.029 sa=0 sb=0
| + sd=0 mult=1 m=1
| XM_BIASN2 BIASP NB BIAS_ENN 0 sky130_fd_pr__nfet_g5v0d10v5 L=1 W=4 nf=1 ad=1.16 as=1.16 pd=8.58 ps=8.58 nrd=0.0725 nrs=0.0725 sa=0
| + sb=0 sd=0 mult=1 m=1
| XM_BIASP1 BIASP BIASP VIN VIN sky130_fd_pr__pfet_g5v0d10v5 L=1 W=10 nf=2 ad=1.45 as=2.9 pd=10.58 ps=21.16 nrd=0.029 nrs=0.029 sa=0
| + sb=0 sd=0 mult=1 m=1
| XM_ENP2 BIASP EN VIN VIN sky130_fd_pr__pfet_g5v0d10v5 L=0.5 W=10 nf=1 ad=2.9 as=2.9 pd=20.58 ps=20.58 nrd=0.029 nrs=0.029 sa=0
| + sb=0 sd=0 mult=1 m=1
| XM_TAIL EA_TAIL BIASP VIN VIN sky130_fd_pr__pfet_g5v0d10v5 L=2 W=40 nf=8 ad=5.8 as=7.25 pd=42.32 ps=52.9 nrd=0.00725 nrs=0.00725
| + sa=0 sb=0 sd=0 mult=1 m=1
| XM_IN1 EA_D1 FB EA_TAIL VIN sky130_fd_pr__pfet_g5v0d10v5 L=2 W=10 nf=2 ad=1.45 as=2.9 pd=10.58 ps=21.16 nrd=0.029 nrs=0.029 sa=0
| + sb=0 sd=0 mult=1 m=1
| XM_IN2 EA_D2 VREF EA_TAIL VIN sky130_fd_pr__pfet_g5v0d10v5 L=2 W=10 nf=2 ad=1.45 as=2.9 pd=10.58 ps=21.16 nrd=0.029 nrs=0.029 sa=0
| + sb=0 sd=0 mult=1 m=1
| XM_MIR1 EA_D1 EA_D1 AMP_ENN 0 sky130_fd_pr__nfet_g5v0d10v5 L=4 W=10 nf=2 ad=1.45 as=2.9 pd=10.58 ps=21.16 nrd=0.029 nrs=0.029 sa=0
| + sb=0 sd=0 mult=1 m=1
| XM_MIR2 EA_OUT EA_D1 AMP_ENN 0 sky130_fd_pr__nfet_g5v0d10v5 L=4 W=10 nf=2 ad=1.45 as=2.9 pd=10.58 ps=21.16 nrd=0.029 nrs=0.029
| + sa=0 sb=0 sd=0 mult=1 m=1
| XM_ENN2 AMP_ENN EN 0 0 sky130_fd_pr__nfet_g5v0d10v5 L=0.5 W=10 nf=1 ad=2.9 as=2.9 pd=20.58 ps=20.58 nrd=0.029 nrs=0.029 sa=0 sb=0
| + sd=0 mult=1 m=1
| XM_ENP EA_OUT EN VIN VIN sky130_fd_pr__pfet_g5v0d10v5 L=0.5 W=10 nf=1 ad=2.9 as=2.9 pd=20.58 ps=20.58 nrd=0.029 nrs=0.029 sa=0
| + sb=0 sd=0 mult=1 m=1
| XM_MIR3 EA_D2 EA_D2 AMP_ENN 0 sky130_fd_pr__nfet_g5v0d10v5 L=4 W=10 nf=2 ad=1.45 as=2.9 pd=10.58 ps=21.16 nrd=0.029 nrs=0.029 sa=0
| + sb=0 sd=0 mult=1 m=1
| XM_MIR4 PB EA_D2 AMP_ENN 0 sky130_fd_pr__nfet_g5v0d10v5 L=4 W=10 nf=2 ad=1.45 as=2.9 pd=10.58 ps=21.16 nrd=0.029 nrs=0.029 sa=0
| + sb=0 sd=0 mult=1 m=1
| XM_MIRP1 PB PB VIN VIN sky130_fd_pr__pfet_g5v0d10v5 L=4 W=20 nf=4 ad=2.9 as=4.35 pd=21.16 ps=31.74 nrd=0.0145 nrs=0.0145 sa=0 sb=0
| + sd=0 mult=1 m=1
| XM_MIRP2 EA_OUT PB VIN VIN sky130_fd_pr__pfet_g5v0d10v5 L=4 W=20 nf=4 ad=2.9 as=4.35 pd=21.16 ps=31.74 nrd=0.0145 nrs=0.0145 sa=0
| + sb=0 sd=0 mult=1 m=1
| XM_ENP5 PB EN VIN VIN sky130_fd_pr__pfet_g5v0d10v5 L=0.5 W=2 nf=1 ad=0.58 as=0.58 pd=4.58 ps=4.58 nrd=0.145 nrs=0.145 sa=0 sb=0
| + sd=0 mult=1 m=1
| XM_PASS VOUT EA_OUT VIN VIN sky130_fd_pr__pfet_g5v0d10v5 L=0.5 W=100 nf=25 ad=15.08 as=15.08 pd=111.54 ps=111.54 nrd=0.0029
| + nrs=0.0029 sa=0 sb=0 sd=0 mult=25 m=25
| C_COMP VOUT EA_CZ 150p m=1
| XR_CZ EA_CZ EA_OUT 0 sky130_fd_pr__res_xhigh_po W=0.42 L=52 mult=1 m=1
| XR_FB_A VOUT FB 0 sky130_fd_pr__res_xhigh_po W=0.42 L=180 mult=1 m=1
| XR_FB_B FB N_FBB 0 sky130_fd_pr__res_xhigh_po W=0.42 L=180 mult=1 m=1
| XR_FB_C N_FBB 0 0 sky130_fd_pr__res_xhigh_po W=0.42 L=180 mult=1 m=1
| XM_SENSE CL_SNS EA_OUT VIN VIN sky130_fd_pr__pfet_g5v0d10v5 L=0.5 W=0.42 nf=1 ad=0.1218 as=0.1218 pd=1.42 ps=1.42
| + nrd=0.69047619047619 nrs=0.69047619047619 sa=0 sb=0 sd=0 mult=1 m=1
| XM_CLN1 CL_SNS CL_SNS AMP_ENN 0 sky130_fd_pr__nfet_g5v0d10v5 L=1 W=20 nf=1 ad=5.8 as=5.8 pd=40.58 ps=40.58 nrd=0.0145 nrs=0.0145
| + sa=0 sb=0 sd=0 mult=1 m=1
| XM_CLN2 CL_CMP CL_SNS AMP_ENN 0 sky130_fd_pr__nfet_g5v0d10v5 L=1 W=1.6 nf=1 ad=0.464 as=0.464 pd=3.78 ps=3.78 nrd=0.18125
| + nrs=0.18125 sa=0 sb=0 sd=0 mult=1 m=1
| XM_CLP CL_CMP BIASP VIN VIN sky130_fd_pr__pfet_g5v0d10v5 L=1 W=10 nf=2 ad=1.45 as=2.9 pd=10.58 ps=21.16 nrd=0.029 nrs=0.029 sa=0
| + sb=0 sd=0 mult=1 m=1
| XM_CLIM EA_OUT CL_CMP VIN VIN sky130_fd_pr__pfet_g5v0d10v5 L=0.5 W=20 nf=4 ad=2.9 as=4.35 pd=21.16 ps=31.74 nrd=0.0145 nrs=0.0145
| + sa=0 sb=0 sd=0 mult=1 m=1
| XM_ENP3 CL_CMP EN VIN VIN sky130_fd_pr__pfet_g5v0d10v5 L=0.5 W=2 nf=1 ad=0.58 as=0.58 pd=4.58 ps=4.58 nrd=0.145 nrs=0.145 sa=0
| + sb=0 sd=0 mult=1 m=1
| C_CL VIN CL_CMP 1p m=1
| XM_INVP ENB EN VIN VIN sky130_fd_pr__pfet_g5v0d10v5 L=0.5 W=2 nf=1 ad=0.58 as=0.58 pd=4.58 ps=4.58 nrd=0.145 nrs=0.145 sa=0 sb=0
| + sd=0 mult=1 m=1
| XM_INVN ENB EN 0 0 sky130_fd_pr__nfet_g5v0d10v5 L=0.5 W=1 nf=1 ad=0.29 as=0.29 pd=2.58 ps=2.58 nrd=0.29 nrs=0.29 sa=0 sb=0 sd=0
| + mult=1 m=1
| XM_SSDIS SS ENB 0 0 sky130_fd_pr__nfet_g5v0d10v5 L=0.5 W=2 nf=1 ad=0.58 as=0.58 pd=4.58 ps=4.58 nrd=0.145 nrs=0.145 sa=0 sb=0 sd=0
| + mult=1 m=1
| XM_SSCHG SS BIASP VIN VIN sky130_fd_pr__pfet_g5v0d10v5 L=8 W=1 nf=1 ad=0.29 as=0.29 pd=2.58 ps=2.58 nrd=0.29 nrs=0.29 sa=0 sb=0
| + sd=0 mult=1 m=1
| C_SS SS 0 10p m=1
| XM_IN2S EA_D2 SS EA_TAIL VIN sky130_fd_pr__pfet_g5v0d10v5 L=2 W=10 nf=2 ad=1.45 as=2.9 pd=10.58 ps=21.16 nrd=0.029 nrs=0.029 sa=0
| + sb=0 sd=0 mult=1 m=1
| XM_TSPS TS_SNS BIASP VIN VIN sky130_fd_pr__pfet_g5v0d10v5 L=1 W=2.5 nf=1 ad=0.725 as=0.725 pd=5.58 ps=5.58 nrd=0.116 nrs=0.116
| + sa=0 sb=0 sd=0 mult=1 m=1
| XM_TSD1 TS_SNS TS_SNS TS_MID 0 sky130_fd_pr__nfet_g5v0d10v5 L=1 W=80 nf=16 ad=11.6 as=13.05 pd=84.64 ps=95.22 nrd=0.003625
| + nrs=0.003625 sa=0 sb=0 sd=0 mult=1 m=1
| XM_TSD2 TS_MID TS_MID AMP_ENN 0 sky130_fd_pr__nfet_g5v0d10v5 L=1 W=80 nf=16 ad=11.6 as=13.05 pd=84.64 ps=95.22 nrd=0.003625
| + nrs=0.003625 sa=0 sb=0 sd=0 mult=1 m=1
| XM_TSPR TS_REF BIASP VIN VIN sky130_fd_pr__pfet_g5v0d10v5 L=1 W=2.5 nf=1 ad=0.725 as=0.725 pd=5.58 ps=5.58 nrd=0.116 nrs=0.116
| + sa=0 sb=0 sd=0 mult=1 m=1
| XM_TSR1 TS_REF TS_REF AMP_ENN 0 sky130_fd_pr__nfet_g5v0d10v5 L=10 W=2 nf=1 ad=0.58 as=0.58 pd=4.58 ps=4.58 nrd=0.145 nrs=0.145
| + sa=0 sb=0 sd=0 mult=1 m=1
| XM_TCTAIL TC_TAIL NB AMP_ENN 0 sky130_fd_pr__nfet_g5v0d10v5 L=1 W=1 nf=1 ad=0.29 as=0.29 pd=2.58 ps=2.58 nrd=0.29 nrs=0.29 sa=0
| + sb=0 sd=0 mult=1 m=1
| XM_TCN1 TC_D1 TS_SNS TC_TAIL 0 sky130_fd_pr__nfet_g5v0d10v5 L=2 W=10 nf=2 ad=1.45 as=2.9 pd=10.58 ps=21.16 nrd=0.029 nrs=0.029
| + sa=0 sb=0 sd=0 mult=1 m=1
| XM_TCN2 TS_CMP TS_REF TC_TAIL 0 sky130_fd_pr__nfet_g5v0d10v5 L=2 W=10 nf=2 ad=1.45 as=2.9 pd=10.58 ps=21.16 nrd=0.029 nrs=0.029
| + sa=0 sb=0 sd=0 mult=1 m=1
| XM_TCP1 TC_D1 TC_D1 VIN VIN sky130_fd_pr__pfet_g5v0d10v5 L=2 W=10 nf=2 ad=1.45 as=2.9 pd=10.58 ps=21.16 nrd=0.029 nrs=0.029 sa=0
| + sb=0 sd=0 mult=1 m=1
| XM_TCP2 TS_CMP TC_D1 VIN VIN sky130_fd_pr__pfet_g5v0d10v5 L=2 W=10 nf=2 ad=1.45 as=2.9 pd=10.58 ps=21.16 nrd=0.029 nrs=0.029 sa=0
| + sb=0 sd=0 mult=1 m=1
| XM_TSHUT EA_OUT TS_CMP VIN VIN sky130_fd_pr__pfet_g5v0d10v5 L=0.5 W=20 nf=4 ad=2.9 as=4.35 pd=21.16 ps=31.74 nrd=0.0145 nrs=0.0145
| + sa=0 sb=0 sd=0 mult=1 m=1
| XM_TSHYSB TS_HYS BIASP VIN VIN sky130_fd_pr__pfet_g5v0d10v5 L=2 W=1.5 nf=1 ad=0.435 as=0.435 pd=3.58 ps=3.58 nrd=0.193333333333333
| + nrs=0.193333333333333 sa=0 sb=0 sd=0 mult=1 m=1
| XM_TSHYS TS_REF TS_CMP TS_HYS VIN sky130_fd_pr__pfet_g5v0d10v5 L=0.5 W=2 nf=1 ad=0.58 as=0.58 pd=4.58 ps=4.58 nrd=0.145 nrs=0.145
| + sa=0 sb=0 sd=0 mult=1 m=1
| XM_ENP4 TS_CMP EN VIN VIN sky130_fd_pr__pfet_g5v0d10v5 L=0.5 W=2 nf=1 ad=0.58 as=0.58 pd=4.58 ps=4.58 nrd=0.145 nrs=0.145 sa=0
| + sb=0 sd=0 mult=1 m=1
| C_TS VIN TS_CMP 1p m=1
| .ends
| 
| .control
| save all
| * --- leg 1: 50 mA operating point (RFORCE open) -- the clamp must be OFF ---
| op
| * --- leg 2: DC limit characteristic, VOUT forced from 0 V up to 1.75 V ---
| alter rload = 1e12
| alter rforce = 1m
| dc vforce 0 1.75 0.125
| meas dc ilim_short find i(vforce) at=0
| meas dc ilim_knee find i(vforce) at=1.75
| * --- leg 3: cold EN ramp (t=100-101us), Vout=0 short applied at t=1.0ms (after soft-start settles) and HELD to t=3.0ms ---
| alter rload = 36
| tran 500n 3.0m
| meas tran ipre avg i(vvin) from=0.9m to=1.0m
| meas tran ish_avg avg i(vvin) from=2.0m to=3.0m
| meas tran ish_max max i(vvin) from=1.1m to=3.0m
| meas tran ish_min min i(vvin) from=1.1m to=3.0m
| meas tran vsh_max max v(vout) from=1.1m to=3.0m
| let meas_vout_50ma_v = op1.v(vout)
| let meas_cl_margin_50ma_v = op1.v(vin) - op1.v(xldo.cl_cmp)
| let meas_ilim_short_ma = 1000*dc1.ilim_short
| let meas_ilim_knee_ma = 1000*dc1.ilim_knee
| let meas_ilim_droop_pct = 100*(dc1.ilim_knee - dc1.ilim_short)/dc1.ilim_knee
| let meas_ishort_sustained_ma = -1000*tran1.ish_avg
| let meas_ishort_ripple_pct = 100*(tran1.ish_max - tran1.ish_min)/(-tran1.ish_avg)
| let meas_vout_short_mv = 1000*tran1.vsh_max
| let meas_isup_pre_short_ma = -1000*tran1.ipre
| print meas_vout_50ma_v
| print meas_cl_margin_50ma_v
| print meas_ilim_short_ma
| print meas_ilim_knee_ma
| print meas_ilim_droop_pct
| print meas_ishort_sustained_ma
| print meas_ishort_ripple_pct
| print meas_vout_short_mv
| print meas_isup_pre_short_ma
| quit
| .endc
| .end

# ==== ngspice stdout ====

Note: Compatibility modes selected: hs a


Circuit: * current-limit corner deck -- generated by sim/bin/corner-run.py, do not edit

option SCALE: Scale is set to 1e-06 for instance and model parameters
option SCALE: Scale is set to 1e-06 for instance and model parameters
option SCALE: Scale is set to 1e-06 for instance and model parameters
option SCALE: Scale is set to 1e-06 for instance and model parameters
Doing analysis at TEMP = 27.000000 and TNOM = 27.000000

Using KLU as Direct Linear Solver
 Reference value :  0.00000e+00
No. of Data Rows : 1
Doing analysis at TEMP = 27.000000 and TNOM = 27.000000

Using KLU as Direct Linear Solver
 Reference value :  0.00000e+00
 Reference value :  1.25000e-01
 Reference value :  2.50000e-01
 Reference value :  3.75000e-01
 Reference value :  5.00000e-01
 Reference value :  6.25000e-01
 Reference value :  7.50000e-01
 Reference value :  8.75000e-01
 Reference value :  1.00000e+00
 Reference value :  1.12500e+00
 Reference value :  1.25000e+00
 Reference value :  1.37500e+00
 Reference value :  1.50000e+00
 Reference value :  1.62500e+00
 Reference value :  1.75000e+00
No. of Data Rows : 15
ilim_short          =  1.62045e-01
ilim_knee           =  1.34980e-01
Doing analysis at TEMP = 27.000000 and TNOM = 27.000000

Using KLU as Direct Linear Solver
 Reference value :  0.00000e+00
 Reference value :  8.00000e-08
 Reference value :  1.64000e-06
 Reference value :  4.14000e-06
 Reference value :  6.14000e-06
 Reference value :  8.64000e-06
 Reference value :  1.11400e-05
 Reference value :  1.31400e-05
 Reference value :  1.51400e-05
 Reference value :  1.71400e-05
 Reference value :  1.91400e-05
 Reference value :  2.16400e-05
 Reference value :  2.41400e-05
 Reference value :  2.61400e-05
 Reference value :  2.86400e-05
 Reference value :  3.16400e-05
 Reference value :  3.41400e-05
 Reference value :  3.61400e-05
 Reference value :  3.81400e-05
 Reference value :  4.01400e-05
 Reference value :  4.21400e-05
 Reference value :  4.51400e-05
 Reference value :  4.71400e-05
 Reference value :  4.91400e-05
 Reference value :  5.21400e-05
 Reference value :  5.41400e-05
 Reference value :  5.61400e-05
 Reference value :  5.81400e-05
 Reference value :  6.06400e-05
 Reference value :  6.31400e-05
 Reference value :  6.61400e-05
 Reference value :  6.91400e-05
 Reference value :  7.16400e-05
 Reference value :  7.41400e-05
 Reference value :  7.61400e-05
 Reference value :  7.86400e-05
 Reference value :  8.11400e-05
 Reference value :  8.46400e-05
 Reference value :  8.76400e-05
 Reference value :  9.01400e-05
 Reference value :  9.16400e-05
 Reference value :  9.31400e-05
 Reference value :  9.51400e-05
 Reference value :  9.71400e-05
 Reference value :  9.91400e-05
 Reference value :  1.00039e-04
 Reference value :  1.00198e-04
 Reference value :  1.00276e-04
 Reference value :  1.00329e-04
 Reference value :  1.00378e-04
 Reference value :  1.00425e-04
 Reference value :  1.00474e-04
 Reference value :  1.00510e-04
 Reference value :  1.00602e-04
 Reference value :  1.00713e-04
 Reference value :  1.00837e-04
 Reference value :  1.00867e-04
 Reference value :  1.00919e-04
 Reference value :  1.00971e-04
 Reference value :  1.01003e-04
 Reference value :  1.01037e-04
 Reference value :  1.01256e-04
 Reference value :  1.02925e-04
 Reference value :  1.05925e-04
 Reference value :  1.07925e-04
 Reference value :  1.09925e-04
 Reference value :  1.12425e-04
 Reference value :  1.14425e-04
 Reference value :  1.15925e-04
 Reference value :  1.18425e-04
 Reference value :  1.21425e-04
 Reference value :  1.24425e-04
 Reference value :  1.26425e-04
 Reference value :  1.28925e-04
 Reference value :  1.32425e-04
 Reference value :  1.34925e-04
 Reference value :  1.36425e-04
 Reference value :  1.37925e-04
 Reference value :  1.39425e-04
 Reference value :  1.41925e-04
 Reference value :  1.43925e-04
 Reference value :  1.45925e-04
 Reference value :  1.49925e-04
 Reference value :  1.51925e-04
 Reference value :  1.53925e-04
 Reference value :  1.55925e-04
 Reference value :  1.57925e-04
 Reference value :  1.59425e-04
 Reference value :  1.61425e-04
 Reference value :  1.63425e-04
 Reference value :  1.65425e-04
 Reference value :  1.67925e-04
 Reference value :  1.69925e-04
 Reference value :  1.71925e-04
 Reference value :  1.73925e-04
 Reference value :  1.75925e-04
 Reference value :  1.77925e-04
 Reference value :  1.79925e-04
 Reference value :  1.81925e-04
 Reference value :  1.83925e-04
 Reference value :  1.85925e-04
 Reference value :  1.87925e-04
 Reference value :  1.89925e-04
 Reference value :  1.92425e-04
 Reference value :  1.94425e-04
 Reference value :  1.96925e-04
 Reference value :  1.99925e-04
 Reference value :  2.02925e-04
 Reference value :  2.05425e-04
 Reference value :  2.06925e-04
 Reference value :  2.08925e-04
 Reference value :  2.11925e-04
 Reference value :  2.14425e-04
 Reference value :  2.16425e-04
 Reference value :  2.18425e-04
 Reference value :  2.21425e-04
 Reference value :  2.23425e-04
 Reference value :  2.25925e-04
 Reference value :  2.28425e-04
 Reference value :  2.30425e-04
 Reference value :  2.32925e-04
 Reference value :  2.35425e-04
 Reference value :  2.37425e-04
 Reference value :  2.39425e-04
 Reference value :  2.41425e-04
 Reference value :  2.43925e-04
 Reference value :  2.46425e-04
 Reference value :  2.48425e-04
 Reference value :  2.50925e-04
 Reference value :  2.52925e-04
 Reference value :  2.54925e-04
 Reference value :  2.57425e-04
 Reference value :  2.59925e-04
 Reference value :  2.62425e-04
 Reference value :  2.64925e-04
 Reference value :  2.66925e-04
 Reference value :  2.69925e-04
 Reference value :  2.72925e-04
 Reference value :  2.75925e-04
 Reference value :  2.78425e-04
 Reference value :  2.79925e-04
 Reference value :  2.81425e-04
 Reference value :  2.83425e-04
 Reference value :  2.84925e-04
 Reference value :  2.86425e-04
 Reference value :  2.88425e-04
 Reference value :  2.90425e-04
 Reference value :  2.92425e-04
 Reference value :  2.94925e-04
 Reference value :  2.96925e-04
 Reference value :  2.99425e-04
 Reference value :  3.01425e-04
 Reference value :  3.05425e-04
 Reference value :  3.07425e-04
 Reference value :  3.09425e-04
 Reference value :  3.11425e-04
 Reference value :  3.13425e-04
 Reference value :  3.15425e-04
 Reference value :  3.17925e-04
 Reference value :  3.20425e-04
 Reference value :  3.22425e-04
 Reference value :  3.24925e-04
 Reference value :  3.26925e-04
 Reference value :  3.29425e-04
 Reference value :  3.31925e-04
 Reference value :  3.34425e-04
 Reference value :  3.36925e-04
 Reference value :  3.40425e-04
 Reference value :  3.42425e-04
 Reference value :  3.44925e-04
 Reference value :  3.47925e-04
 Reference value :  3.50425e-04
 Reference value :  3.52925e-04
 Reference value :  3.55425e-04
 Reference value :  3.57925e-04
 Reference value :  3.60425e-04
 Reference value :  3.62425e-04
 Reference value :  3.64925e-04
 Reference value :  3.66925e-04
 Reference value :  3.68425e-04
 Reference value :  3.70425e-04
 Reference value :  3.72425e-04
 Reference value :  3.74425e-04
 Reference value :  3.76425e-04
 Reference value :  3.78425e-04
 Reference value :  3.80425e-04
 Reference value :  3.82425e-04
 Reference value :  3.84425e-04
 Reference value :  3.86425e-04
 Reference value :  3.87925e-04
 Reference value :  3.89925e-04
 Reference value :  3.92425e-04
 Reference value :  3.94925e-04
 Reference value :  3.97925e-04
 Reference value :  4.00925e-04
 Reference value :  4.03925e-04
 Reference value :  4.06925e-04
 Reference value :  4.09925e-04
 Reference value :  4.12925e-04
 Reference value :  4.14925e-04
 Reference value :  4.17425e-04
 Reference value :  4.19925e-04
 Reference value :  4.21925e-04
 Reference value :  4.23925e-04
 Reference value :  4.25925e-04
 Reference value :  4.28425e-04
 Reference value :  4.30925e-04
 Reference value :  4.33425e-04
 Reference value :  4.35425e-04
 Reference value :  4.37425e-04
 Reference value :  4.38925e-04
 Reference value :  4.40425e-04
 Reference value :  4.42425e-04
 Reference value :  4.44425e-04
 Reference value :  4.47425e-04
 Reference value :  4.50425e-04
 Reference value :  4.52425e-04
 Reference value :  4.54925e-04
 Reference value :  4.57925e-04
 Reference value :  4.60925e-04
 Reference value :  4.63925e-04
 Reference value :  4.66925e-04
 Reference value :  4.69925e-04
 Reference value :  4.72925e-04
 Reference value :  4.75925e-04
 Reference value :  4.78925e-04
 Reference value :  4.81925e-04
 Reference value :  4.84425e-04
 Reference value :  4.86925e-04
 Reference value :  4.89425e-04
 Reference value :  4.91425e-04
 Reference value :  4.93925e-04
 Reference value :  4.95925e-04
 Reference value :  4.97925e-04
 Reference value :  4.99925e-04
 Reference value :  5.01925e-04
 Reference value :  5.04425e-04
 Reference value :  5.07425e-04
 Reference value :  5.09425e-04
 Reference value :  5.11425e-04
 Reference value :  5.13425e-04
 Reference value :  5.15925e-04
 Reference value :  5.17925e-04
 Reference value :  5.20425e-04
 Reference value :  5.22925e-04
 Reference value :  5.24925e-04
 Reference value :  5.27425e-04
 Reference value :  5.29425e-04
 Reference value :  5.30925e-04
 Reference value :  5.32925e-04
 Reference value :  5.35925e-04
 Reference value :  5.37925e-04
 Reference value :  5.40925e-04
 Reference value :  5.43425e-04
 Reference value :  5.45925e-04
 Reference value :  5.48425e-04
 Reference value :  5.50925e-04
 Reference value :  5.54425e-04
 Reference value :  5.57925e-04
 Reference value :  5.61425e-04
 Reference value :  5.64925e-04
 Reference value :  5.66925e-04
 Reference value :  5.69425e-04
 Reference value :  5.70925e-04
 Reference value :  5.73925e-04
 Reference value :  5.75925e-04
 Reference value :  5.78425e-04
 Reference value :  5.80925e-04
 Reference value :  5.83425e-04
 Reference value :  5.85425e-04
 Reference value :  5.87425e-04
 Reference value :  5.89925e-04
 Reference value :  5.91925e-04
 Reference value :  5.93925e-04
 Reference value :  5.95925e-04
 Reference value :  5.97925e-04
 Reference value :  5.99925e-04
 Reference value :  6.02425e-04
 Reference value :  6.04425e-04
 Reference value :  6.06425e-04
 Reference value :  6.08925e-04
 Reference value :  6.10925e-04
 Reference value :  6.13425e-04
 Reference value :  6.15925e-04
 Reference value :  6.18425e-04
 Reference value :  6.20425e-04
 Reference value :  6.22925e-04
 Reference value :  6.25925e-04
 Reference value :  6.28925e-04
 Reference value :  6.31425e-04
 Reference value :  6.33425e-04
 Reference value :  6.36425e-04
 Reference value :  6.38925e-04
 Reference value :  6.41425e-04
 Reference value :  6.43925e-04
 Reference value :  6.46425e-04
 Reference value :  6.48925e-04
 Reference value :  6.50925e-04
 Reference value :  6.52925e-04
 Reference value :  6.54925e-04
 Reference value :  6.57425e-04
 Reference value :  6.59925e-04
 Reference value :  6.61925e-04
 Reference value :  6.64425e-04
 Reference value :  6.66425e-04
 Reference value :  6.68425e-04
 Reference value :  6.70425e-04
 Reference value :  6.72925e-04
 Reference value :  6.74425e-04
 Reference value :  6.76925e-04
 Reference value :  6.79425e-04
 Reference value :  6.81925e-04
 Reference value :  6.84925e-04
 Reference value :  6.86925e-04
 Reference value :  6.89925e-04
 Reference value :  6.92925e-04
 Reference value :  6.95925e-04
 Reference value :  6.98925e-04
 Reference value :  7.01425e-04
 Reference value :  7.04425e-04
 Reference value :  7.07425e-04
 Reference value :  7.10425e-04
 Reference value :  7.12925e-04
 Reference value :  7.15925e-04
 Reference value :  7.18925e-04
 Reference value :  7.21425e-04
 Reference value :  7.23925e-04
 Reference value :  7.25425e-04
 Reference value :  7.27425e-04
 Reference value :  7.29925e-04
 Reference value :  7.33425e-04
 Reference value :  7.34925e-04
 Reference value :  7.36425e-04
 Reference value :  7.37925e-04
 Reference value :  7.39925e-04
 Reference value :  7.42425e-04
 Reference value :  7.44925e-04
 Reference value :  7.48425e-04
 Reference value :  7.50925e-04
 Reference value :  7.52925e-04
 Reference value :  7.55425e-04
 Reference value :  7.57425e-04
 Reference value :  7.59425e-04
 Reference value :  7.61925e-04
 Reference value :  7.64925e-04
 Reference value :  7.67425e-04
 Reference value :  7.69925e-04
 Reference value :  7.72425e-04
 Reference value :  7.74925e-04
 Reference value :  7.77425e-04
 Reference value :  7.79925e-04
 Reference value :  7.82425e-04
 Reference value :  7.84925e-04
 Reference value :  7.86925e-04
 Reference value :  7.88925e-04
 Reference value :  7.91425e-04
 Reference value :  7.93425e-04
 Reference value :  7.96925e-04
 Reference value :  7.98925e-04
 Reference value :  8.00925e-04
 Reference value :  8.02925e-04
 Reference value :  8.04425e-04
 Reference value :  8.06425e-04
 Reference value :  8.08425e-04
 Reference value :  8.10425e-04
 Reference value :  8.12425e-04
 Reference value :  8.14425e-04
 Reference value :  8.16925e-04
 Reference value :  8.18925e-04
 Reference value :  8.21425e-04
 Reference value :  8.23425e-04
 Reference value :  8.25925e-04
 Reference value :  8.27925e-04
 Reference value :  8.29925e-04
 Reference value :  8.32925e-04
 Reference value :  8.35425e-04
 Reference value :  8.37425e-04
 Reference value :  8.39925e-04
 Reference value :  8.42425e-04
 Reference value :  8.44925e-04
 Reference value :  8.46925e-04
 Reference value :  8.49425e-04
 Reference value :  8.51925e-04
 Reference value :  8.53925e-04
 Reference value :  8.55925e-04
 Reference value :  8.58425e-04
 Reference value :  8.59925e-04
 Reference value :  8.62425e-04
 Reference value :  8.63925e-04
 Reference value :  8.66425e-04
 Reference value :  8.68925e-04
 Reference value :  8.70925e-04
 Reference value :  8.73925e-04
 Reference value :  8.76925e-04
 Reference value :  8.79425e-04
 Reference value :  8.81425e-04
 Reference value :  8.83925e-04
 Reference value :  8.85925e-04
 Reference value :  8.87925e-04
 Reference value :  8.89925e-04
 Reference value :  8.91925e-04
 Reference value :  8.93425e-04
 Reference value :  8.95425e-04
 Reference value :  8.97425e-04
 Reference value :  8.99925e-04
 Reference value :  9.01925e-04
 Reference value :  9.03425e-04
 Reference value :  9.05425e-04
 Reference value :  9.07425e-04
 Reference value :  9.09925e-04
 Reference value :  9.12425e-04
 Reference value :  9.14925e-04
 Reference value :  9.16925e-04
 Reference value :  9.19425e-04
 Reference value :  9.21425e-04
 Reference value :  9.23925e-04
 Reference value :  9.25925e-04
 Reference value :  9.27925e-04
 Reference value :  9.30425e-04
 Reference value :  9.31925e-04
 Reference value :  9.34425e-04
 Reference value :  9.35925e-04
 Reference value :  9.37425e-04
 Reference value :  9.38925e-04
 Reference value :  9.40925e-04
 Reference value :  9.43425e-04
 Reference value :  9.46425e-04
 Reference value :  9.48425e-04
 Reference value :  9.50425e-04
 Reference value :  9.52925e-04
 Reference value :  9.55425e-04
 Reference value :  9.57925e-04
 Reference value :  9.60425e-04
 Reference value :  9.62425e-04
 Reference value :  9.65425e-04
 Reference value :  9.67925e-04
 Reference value :  9.70925e-04
 Reference value :  9.73425e-04
 Reference value :  9.76425e-04
 Reference value :  9.78925e-04
 Reference value :  9.81425e-04
 Reference value :  9.83925e-04
 Reference value :  9.86425e-04
 Reference value :  9.88425e-04
 Reference value :  9.90425e-04
 Reference value :  9.92425e-04
 Reference value :  9.94425e-04
 Reference value :  9.96425e-04
 Reference value :  9.98425e-04
 Reference value :  1.00005e-03
 Reference value :  1.00030e-03
 Reference value :  1.00048e-03
 Reference value :  1.00063e-03
 Reference value :  1.00100e-03
 Reference value :  1.00103e-03
 Reference value :  1.00105e-03
 Reference value :  1.00113e-03
 Reference value :  1.00176e-03
 Reference value :  1.00260e-03
 Reference value :  1.00291e-03
 Reference value :  1.00345e-03
 Reference value :  1.00410e-03
 Reference value :  1.00438e-03
 Reference value :  1.00502e-03
 Reference value :  1.00618e-03
 Reference value :  1.00712e-03
 Reference value :  1.00812e-03
 Reference value :  1.00962e-03
 Reference value :  1.01062e-03
 Reference value :  1.01212e-03
 Reference value :  1.01362e-03
 Reference value :  1.01462e-03
 Reference value :  1.01612e-03
 Reference value :  1.01762e-03
 Reference value :  1.01962e-03
 Reference value :  1.02212e-03
 Reference value :  1.02462e-03
 Reference value :  1.02712e-03
 Reference value :  1.02912e-03
 Reference value :  1.03112e-03
 Reference value :  1.03362e-03
 Reference value :  1.03612e-03
 Reference value :  1.03862e-03
 Reference value :  1.04062e-03
 Reference value :  1.04262e-03
 Reference value :  1.04462e-03
 Reference value :  1.04662e-03
 Reference value :  1.04862e-03
 Reference value :  1.05062e-03
 Reference value :  1.05362e-03
 Reference value :  1.05512e-03
 Reference value :  1.05762e-03
 Reference value :  1.05962e-03
 Reference value :  1.06162e-03
 Reference value :  1.06412e-03
 Reference value :  1.06612e-03
 Reference value :  1.06812e-03
 Reference value :  1.07012e-03
 Reference value :  1.07212e-03
 Reference value :  1.07462e-03
 Reference value :  1.07712e-03
 Reference value :  1.07962e-03
 Reference value :  1.08162e-03
 Reference value :  1.08362e-03
 Reference value :  1.08562e-03
 Reference value :  1.08762e-03
 Reference value :  1.09012e-03
 Reference value :  1.09212e-03
 Reference value :  1.09412e-03
 Reference value :  1.09612e-03
 Reference value :  1.09812e-03
 Reference value :  1.09962e-03
 Reference value :  1.10162e-03
 Reference value :  1.10362e-03
 Reference value :  1.10562e-03
 Reference value :  1.10812e-03
 Reference value :  1.11112e-03
 Reference value :  1.11312e-03
 Reference value :  1.11612e-03
 Reference value :  1.11862e-03
 Reference value :  1.12062e-03
 Reference value :  1.12312e-03
 Reference value :  1.12512e-03
 Reference value :  1.12712e-03
 Reference value :  1.12912e-03
 Reference value :  1.13112e-03
 Reference value :  1.13312e-03
 Reference value :  1.13512e-03
 Reference value :  1.13712e-03
 Reference value :  1.13912e-03
 Reference value :  1.14212e-03
 Reference value :  1.14462e-03
 Reference value :  1.14712e-03
 Reference value :  1.14912e-03
 Reference value :  1.15162e-03
 Reference value :  1.15412e-03
 Reference value :  1.15662e-03
 Reference value :  1.15862e-03
 Reference value :  1.16012e-03
 Reference value :  1.16162e-03
 Reference value :  1.16412e-03
 Reference value :  1.16662e-03
 Reference value :  1.16862e-03
 Reference value :  1.17062e-03
 Reference value :  1.17262e-03
 Reference value :  1.17462e-03
 Reference value :  1.17712e-03
 Reference value :  1.17912e-03
 Reference value :  1.18162e-03
 Reference value :  1.18412e-03
 Reference value :  1.18612e-03
 Reference value :  1.18862e-03
 Reference value :  1.19062e-03
 Reference value :  1.19262e-03
 Reference value :  1.19462e-03
 Reference value :  1.19662e-03
 Reference value :  1.19862e-03
 Reference value :  1.20062e-03
 Reference value :  1.20262e-03
 Reference value :  1.20462e-03
 Reference value :  1.20662e-03
 Reference value :  1.20862e-03
 Reference value :  1.21062e-03
 Reference value :  1.21362e-03
 Reference value :  1.21562e-03
 Reference value :  1.21762e-03
 Reference value :  1.22012e-03
 Reference value :  1.22162e-03
 Reference value :  1.22362e-03
 Reference value :  1.22562e-03
 Reference value :  1.22762e-03
 Reference value :  1.22962e-03
 Reference value :  1.23162e-03
 Reference value :  1.23362e-03
 Reference value :  1.23562e-03
 Reference value :  1.23762e-03
 Reference value :  1.23962e-03
 Reference value :  1.24162e-03
 Reference value :  1.24362e-03
 Reference value :  1.24512e-03
 Reference value :  1.24712e-03
 Reference value :  1.25012e-03
 Reference value :  1.25162e-03
 Reference value :  1.25362e-03
 Reference value :  1.25562e-03
 Reference value :  1.25862e-03
 Reference value :  1.26212e-03
 Reference value :  1.26462e-03
 Reference value :  1.26662e-03
 Reference value :  1.26812e-03
 Reference value :  1.26962e-03
 Reference value :  1.27112e-03
 Reference value :  1.27362e-03
 Reference value :  1.27612e-03
 Reference value :  1.27862e-03
 Reference value :  1.28162e-03
 Reference value :  1.28362e-03
 Reference value :  1.28512e-03
 Reference value :  1.28712e-03
 Reference value :  1.28912e-03
 Reference value :  1.29112e-03
 Reference value :  1.29312e-03
 Reference value :  1.29562e-03
 Reference value :  1.29762e-03
 Reference value :  1.30012e-03
 Reference value :  1.30262e-03
 Reference value :  1.30512e-03
 Reference value :  1.30762e-03
 Reference value :  1.30962e-03
 Reference value :  1.31162e-03
 Reference value :  1.31362e-03
 Reference value :  1.31612e-03
 Reference value :  1.31762e-03
 Reference value :  1.31962e-03
 Reference value :  1.32162e-03
 Reference value :  1.32362e-03
 Reference value :  1.32512e-03
 Reference value :  1.32662e-03
 Reference value :  1.32862e-03
 Reference value :  1.33062e-03
 Reference value :  1.33262e-03
 Reference value :  1.33462e-03
 Reference value :  1.33662e-03
 Reference value :  1.33912e-03
 Reference value :  1.34162e-03
 Reference value :  1.34412e-03
 Reference value :  1.34612e-03
 Reference value :  1.34862e-03
 Reference value :  1.35112e-03
 Reference value :  1.35262e-03
 Reference value :  1.35412e-03
 Reference value :  1.35612e-03
 Reference value :  1.35812e-03
 Reference value :  1.36012e-03
 Reference value :  1.36212e-03
 Reference value :  1.36412e-03
 Reference value :  1.36662e-03
 Reference value :  1.36912e-03
 Reference value :  1.37112e-03
 Reference value :  1.37312e-03
 Reference value :  1.37512e-03
 Reference value :  1.37712e-03
 Reference value :  1.37962e-03
 Reference value :  1.38212e-03
 Reference value :  1.38462e-03
 Reference value :  1.38712e-03
 Reference value :  1.38962e-03
 Reference value :  1.39212e-03
 Reference value :  1.39412e-03
 Reference value :  1.39662e-03
 Reference value :  1.39912e-03
 Reference value :  1.40212e-03
 Reference value :  1.40512e-03
 Reference value :  1.40762e-03
 Reference value :  1.41062e-03
 Reference value :  1.41312e-03
 Reference value :  1.41512e-03
 Reference value :  1.41712e-03
 Reference value :  1.41962e-03
 Reference value :  1.42162e-03
 Reference value :  1.42362e-03
 Reference value :  1.42662e-03
 Reference value :  1.42912e-03
 Reference value :  1.43212e-03
 Reference value :  1.43462e-03
 Reference value :  1.43712e-03
 Reference value :  1.43962e-03
 Reference value :  1.44262e-03
 Reference value :  1.44462e-03
 Reference value :  1.44712e-03
 Reference value :  1.44962e-03
 Reference value :  1.45162e-03
 Reference value :  1.45412e-03
 Reference value :  1.45612e-03
 Reference value :  1.45912e-03
 Reference value :  1.46212e-03
 Reference value :  1.46412e-03
 Reference value :  1.46612e-03
 Reference value :  1.46862e-03
 Reference value :  1.47112e-03
 Reference value :  1.47362e-03
 Reference value :  1.47612e-03
 Reference value :  1.47862e-03
 Reference value :  1.48112e-03
 Reference value :  1.48312e-03
 Reference value :  1.48562e-03
 Reference value :  1.48762e-03
 Reference value :  1.49012e-03
 Reference value :  1.49312e-03
 Reference value :  1.49512e-03
 Reference value :  1.49712e-03
 Reference value :  1.49912e-03
 Reference value :  1.50212e-03
 Reference value :  1.50462e-03
 Reference value :  1.50712e-03
 Reference value :  1.50912e-03
 Reference value :  1.51112e-03
 Reference value :  1.51312e-03
 Reference value :  1.51512e-03
 Reference value :  1.51712e-03
 Reference value :  1.51912e-03
 Reference value :  1.52262e-03
 Reference value :  1.52662e-03
 Reference value :  1.52912e-03
 Reference value :  1.53212e-03
 Reference value :  1.53512e-03
 Reference value :  1.53762e-03
 Reference value :  1.54012e-03
 Reference value :  1.54312e-03
 Reference value :  1.54562e-03
 Reference value :  1.54812e-03
 Reference value :  1.55112e-03
 Reference value :  1.55362e-03
 Reference value :  1.55612e-03
 Reference value :  1.55812e-03
 Reference value :  1.56062e-03
 Reference value :  1.56262e-03
 Reference value :  1.56512e-03
 Reference value :  1.56712e-03
 Reference value :  1.56912e-03
 Reference value :  1.57162e-03
 Reference value :  1.57412e-03
 Reference value :  1.57612e-03
 Reference value :  1.57762e-03
 Reference value :  1.57912e-03
 Reference value :  1.58112e-03
 Reference value :  1.58312e-03
 Reference value :  1.58512e-03
 Reference value :  1.58762e-03
 Reference value :  1.58962e-03
 Reference value :  1.59162e-03
 Reference value :  1.59412e-03
 Reference value :  1.59662e-03
 Reference value :  1.59862e-03
 Reference value :  1.60062e-03
 Reference value :  1.60212e-03
 Reference value :  1.60362e-03
 Reference value :  1.60562e-03
 Reference value :  1.60762e-03
 Reference value :  1.61012e-03
 Reference value :  1.61262e-03
 Reference value :  1.61512e-03
 Reference value :  1.61762e-03
 Reference value :  1.61962e-03
 Reference value :  1.62212e-03
 Reference value :  1.62412e-03
 Reference value :  1.62612e-03
 Reference value :  1.62812e-03
 Reference value :  1.63062e-03
 Reference value :  1.63312e-03
 Reference value :  1.63512e-03
 Reference value :  1.63712e-03
 Reference value :  1.64012e-03
 Reference value :  1.64262e-03
 Reference value :  1.64462e-03
 Reference value :  1.64612e-03
 Reference value :  1.64812e-03
 Reference value :  1.65012e-03
 Reference value :  1.65162e-03
 Reference value :  1.65312e-03
 Reference value :  1.65612e-03
 Reference value :  1.66062e-03
 Reference value :  1.66212e-03
 Reference value :  1.66412e-03
 Reference value :  1.66562e-03
 Reference value :  1.66762e-03
 Reference value :  1.66912e-03
 Reference value :  1.67112e-03
 Reference value :  1.67312e-03
 Reference value :  1.67562e-03
 Reference value :  1.67812e-03
 Reference value :  1.68062e-03
 Reference value :  1.68312e-03
 Reference value :  1.68562e-03
 Reference value :  1.68762e-03
 Reference value :  1.68962e-03
 Reference value :  1.69162e-03
 Reference value :  1.69412e-03
 Reference value :  1.69612e-03
 Reference value :  1.69812e-03
 Reference value :  1.70012e-03
 Reference value :  1.70262e-03
 Reference value :  1.70462e-03
 Reference value :  1.70662e-03
 Reference value :  1.70812e-03
 Reference value :  1.71012e-03
 Reference value :  1.71212e-03
 Reference value :  1.71412e-03
 Reference value :  1.71612e-03
 Reference value :  1.71862e-03
 Reference value :  1.72062e-03
 Reference value :  1.72262e-03
 Reference value :  1.72512e-03
 Reference value :  1.72762e-03
 Reference value :  1.72962e-03
 Reference value :  1.73162e-03
 Reference value :  1.73362e-03
 Reference value :  1.73562e-03
 Reference value :  1.73762e-03
 Reference value :  1.73962e-03
 Reference value :  1.74162e-03
 Reference value :  1.74412e-03
 Reference value :  1.74662e-03
 Reference value :  1.74812e-03
 Reference value :  1.75012e-03
 Reference value :  1.75262e-03
 Reference value :  1.75462e-03
 Reference value :  1.75712e-03
 Reference value :  1.75912e-03
 Reference value :  1.76112e-03
 Reference value :  1.76412e-03
 Reference value :  1.76712e-03
 Reference value :  1.76862e-03
 Reference value :  1.77062e-03
 Reference value :  1.77262e-03
 Reference value :  1.77512e-03
 Reference value :  1.77712e-03
 Reference value :  1.77912e-03
 Reference value :  1.78112e-03
 Reference value :  1.78312e-03
 Reference value :  1.78462e-03
 Reference value :  1.78662e-03
 Reference value :  1.78862e-03
 Reference value :  1.79062e-03
 Reference value :  1.79262e-03
 Reference value :  1.79462e-03
 Reference value :  1.79662e-03
 Reference value :  1.79862e-03
 Reference value :  1.80062e-03
 Reference value :  1.80262e-03
 Reference value :  1.80462e-03
 Reference value :  1.80662e-03
 Reference value :  1.80912e-03
 Reference value :  1.81112e-03
 Reference value :  1.81412e-03
 Reference value :  1.81712e-03
 Reference value :  1.81962e-03
 Reference value :  1.82162e-03
 Reference value :  1.82412e-03
 Reference value :  1.82662e-03
 Reference value :  1.82862e-03
 Reference value :  1.83062e-03
 Reference value :  1.83262e-03
 Reference value :  1.83462e-03
 Reference value :  1.83662e-03
 Reference value :  1.83862e-03
 Reference value :  1.84062e-03
 Reference value :  1.84312e-03
 Reference value :  1.84512e-03
 Reference value :  1.84712e-03
 Reference value :  1.84962e-03
 Reference value :  1.85162e-03
 Reference value :  1.85362e-03
 Reference value :  1.85562e-03
 Reference value :  1.85762e-03
 Reference value :  1.85912e-03
 Reference value :  1.86112e-03
 Reference value :  1.86262e-03
 Reference value :  1.86462e-03
 Reference value :  1.86662e-03
 Reference value :  1.86862e-03
 Reference value :  1.87062e-03
 Reference value :  1.87262e-03
 Reference value :  1.87512e-03
 Reference value :  1.87662e-03
 Reference value :  1.87912e-03
 Reference value :  1.88112e-03
 Reference value :  1.88312e-03
 Reference value :  1.88562e-03
 Reference value :  1.88812e-03
 Reference value :  1.89012e-03
 Reference value :  1.89212e-03
 Reference value :  1.89412e-03
 Reference value :  1.89662e-03
 Reference value :  1.89862e-03
 Reference value :  1.90112e-03
 Reference value :  1.90362e-03
 Reference value :  1.90562e-03
 Reference value :  1.90762e-03
 Reference value :  1.90962e-03
 Reference value :  1.91162e-03
 Reference value :  1.91362e-03
 Reference value :  1.91612e-03
 Reference value :  1.91812e-03
 Reference value :  1.92012e-03
 Reference value :  1.92262e-03
 Reference value :  1.92462e-03
 Reference value :  1.92712e-03
 Reference value :  1.93012e-03
 Reference value :  1.93312e-03
 Reference value :  1.93512e-03
 Reference value :  1.93812e-03
 Reference value :  1.94062e-03
 Reference value :  1.94362e-03
 Reference value :  1.94662e-03
 Reference value :  1.94912e-03
 Reference value :  1.95062e-03
 Reference value :  1.95262e-03
 Reference value :  1.95462e-03
 Reference value :  1.95712e-03
 Reference value :  1.95962e-03
 Reference value :  1.96162e-03
 Reference value :  1.96362e-03
 Reference value :  1.96562e-03
 Reference value :  1.96762e-03
 Reference value :  1.97012e-03
 Reference value :  1.97262e-03
 Reference value :  1.97512e-03
 Reference value :  1.97762e-03
 Reference value :  1.97962e-03
 Reference value :  1.98162e-03
 Reference value :  1.98412e-03
 Reference value :  1.98612e-03
 Reference value :  1.98812e-03
 Reference value :  1.99012e-03
 Reference value :  1.99212e-03
 Reference value :  1.99412e-03
 Reference value :  1.99562e-03
 Reference value :  1.99762e-03
 Reference value :  2.00012e-03
 Reference value :  2.00212e-03
 Reference value :  2.00462e-03
 Reference value :  2.00662e-03
 Reference value :  2.00862e-03
 Reference value :  2.01112e-03
 Reference value :  2.01362e-03
 Reference value :  2.01562e-03
 Reference value :  2.01762e-03
 Reference value :  2.01962e-03
 Reference value :  2.02162e-03
 Reference value :  2.02362e-03
 Reference value :  2.02562e-03
 Reference value :  2.02762e-03
 Reference value :  2.02962e-03
 Reference value :  2.03212e-03
 Reference value :  2.03412e-03
 Reference value :  2.03612e-03
 Reference value :  2.03862e-03
 Reference value :  2.04062e-03
 Reference value :  2.04262e-03
 Reference value :  2.04512e-03
 Reference value :  2.04712e-03
 Reference value :  2.04912e-03
 Reference value :  2.05112e-03
 Reference value :  2.05262e-03
 Reference value :  2.05412e-03
 Reference value :  2.05612e-03
 Reference value :  2.05812e-03
 Reference value :  2.06062e-03
 Reference value :  2.06262e-03
 Reference value :  2.06462e-03
 Reference value :  2.06712e-03
 Reference value :  2.06962e-03
 Reference value :  2.07162e-03
 Reference value :  2.07312e-03
 Reference value :  2.07512e-03
 Reference value :  2.07812e-03
 Reference value :  2.08012e-03
 Reference value :  2.08212e-03
 Reference value :  2.08412e-03
 Reference value :  2.08612e-03
 Reference value :  2.08862e-03
 Reference value :  2.09112e-03
 Reference value :  2.09412e-03
 Reference value :  2.09662e-03
 Reference value :  2.09862e-03
 Reference value :  2.10012e-03
 Reference value :  2.10212e-03
 Reference value :  2.10462e-03
 Reference value :  2.10712e-03
 Reference value :  2.10962e-03
 Reference value :  2.11212e-03
 Reference value :  2.11512e-03
 Reference value :  2.11712e-03
 Reference value :  2.11862e-03
 Reference value :  2.12012e-03
 Reference value :  2.12212e-03
 Reference value :  2.12462e-03
 Reference value :  2.12712e-03
 Reference value :  2.12962e-03
 Reference value :  2.13162e-03
 Reference value :  2.13412e-03
 Reference value :  2.13662e-03
 Reference value :  2.13962e-03
 Reference value :  2.14262e-03
 Reference value :  2.14612e-03
 Reference value :  2.14812e-03
 Reference value :  2.15062e-03
 Reference value :  2.15262e-03
 Reference value :  2.15462e-03
 Reference value :  2.15612e-03
 Reference value :  2.15812e-03
 Reference value :  2.16062e-03
 Reference value :  2.16312e-03
 Reference value :  2.16512e-03
 Reference value :  2.16712e-03
 Reference value :  2.16912e-03
 Reference value :  2.17112e-03
 Reference value :  2.17312e-03
 Reference value :  2.17512e-03
 Reference value :  2.17662e-03
 Reference value :  2.17912e-03
 Reference value :  2.18062e-03
 Reference value :  2.18212e-03
 Reference value :  2.18412e-03
 Reference value :  2.18612e-03
 Reference value :  2.18912e-03
 Reference value :  2.19112e-03
 Reference value :  2.19312e-03
 Reference value :  2.19562e-03
 Reference value :  2.19762e-03
 Reference value :  2.19962e-03
 Reference value :  2.20162e-03
 Reference value :  2.20412e-03
 Reference value :  2.20612e-03
 Reference value :  2.20912e-03
 Reference value :  2.21212e-03
 Reference value :  2.21462e-03
 Reference value :  2.21712e-03
 Reference value :  2.21962e-03
 Reference value :  2.22112e-03
 Reference value :  2.22312e-03
 Reference value :  2.22512e-03
 Reference value :  2.22712e-03
 Reference value :  2.22912e-03
 Reference value :  2.23112e-03
 Reference value :  2.23362e-03
 Reference value :  2.23562e-03
 Reference value :  2.23762e-03
 Reference value :  2.24012e-03
 Reference value :  2.24212e-03
 Reference value :  2.24412e-03
 Reference value :  2.24612e-03
 Reference value :  2.24912e-03
 Reference value :  2.25112e-03
 Reference value :  2.25312e-03
 Reference value :  2.25512e-03
 Reference value :  2.25712e-03
 Reference value :  2.25912e-03
 Reference value :  2.26212e-03
 Reference value :  2.26512e-03
 Reference value :  2.26762e-03
 Reference value :  2.26962e-03
 Reference value :  2.27162e-03
 Reference value :  2.27412e-03
 Reference value :  2.27612e-03
 Reference value :  2.27862e-03
 Reference value :  2.28062e-03
 Reference value :  2.28262e-03
 Reference value :  2.28462e-03
 Reference value :  2.28712e-03
 Reference value :  2.28912e-03
 Reference value :  2.29212e-03
 Reference value :  2.29512e-03
 Reference value :  2.29812e-03
 Reference value :  2.30112e-03
 Reference value :  2.30412e-03
 Reference value :  2.30662e-03
 Reference value :  2.30962e-03
 Reference value :  2.31262e-03
 Reference value :  2.31612e-03
 Reference value :  2.31912e-03
 Reference value :  2.32112e-03
 Reference value :  2.32312e-03
 Reference value :  2.32562e-03
 Reference value :  2.32812e-03
 Reference value :  2.33062e-03
 Reference value :  2.33262e-03
 Reference value :  2.33512e-03
 Reference value :  2.33762e-03
 Reference value :  2.33912e-03
 Reference value :  2.34112e-03
 Reference value :  2.34362e-03
 Reference value :  2.34612e-03
 Reference value :  2.34962e-03
 Reference value :  2.35262e-03
 Reference value :  2.35512e-03
 Reference value :  2.35712e-03
 Reference value :  2.35862e-03
 Reference value :  2.36012e-03
 Reference value :  2.36162e-03
 Reference value :  2.36312e-03
 Reference value :  2.36462e-03
 Reference value :  2.36612e-03
 Reference value :  2.36812e-03
 Reference value :  2.37012e-03
 Reference value :  2.37212e-03
 Reference value :  2.37462e-03
 Reference value :  2.37712e-03
 Reference value :  2.37862e-03
 Reference value :  2.38062e-03
 Reference value :  2.38262e-03
 Reference value :  2.38412e-03
 Reference value :  2.38612e-03
 Reference value :  2.38812e-03
 Reference value :  2.38962e-03
 Reference value :  2.39212e-03
 Reference value :  2.39412e-03
 Reference value :  2.39612e-03
 Reference value :  2.39862e-03
 Reference value :  2.40062e-03
 Reference value :  2.40262e-03
 Reference value :  2.40512e-03
 Reference value :  2.40712e-03
 Reference value :  2.40912e-03
 Reference value :  2.41112e-03
 Reference value :  2.41312e-03
 Reference value :  2.41512e-03
 Reference value :  2.41712e-03
 Reference value :  2.41912e-03
 Reference value :  2.42162e-03
 Reference value :  2.42412e-03
 Reference value :  2.42662e-03
 Reference value :  2.42912e-03
 Reference value :  2.43212e-03
 Reference value :  2.43462e-03
 Reference value :  2.43762e-03
 Reference value :  2.43912e-03
 Reference value :  2.44112e-03
 Reference value :  2.44262e-03
 Reference value :  2.44412e-03
 Reference value :  2.44612e-03
 Reference value :  2.44812e-03
 Reference value :  2.45012e-03
 Reference value :  2.45212e-03
 Reference value :  2.45362e-03
 Reference value :  2.45612e-03
 Reference value :  2.45912e-03
 Reference value :  2.46212e-03
 Reference value :  2.46462e-03
 Reference value :  2.46662e-03
 Reference value :  2.46862e-03
 Reference value :  2.47062e-03
 Reference value :  2.47262e-03
 Reference value :  2.47462e-03
 Reference value :  2.47662e-03
 Reference value :  2.47862e-03
 Reference value :  2.48062e-03
 Reference value :  2.48262e-03
 Reference value :  2.48462e-03
 Reference value :  2.48662e-03
 Reference value :  2.48862e-03
 Reference value :  2.49112e-03
 Reference value :  2.49312e-03
 Reference value :  2.49512e-03
 Reference value :  2.49712e-03
 Reference value :  2.49912e-03
 Reference value :  2.50112e-03
 Reference value :  2.50312e-03
 Reference value :  2.50512e-03
 Reference value :  2.50712e-03
 Reference value :  2.50962e-03
 Reference value :  2.51262e-03
 Reference value :  2.51512e-03
 Reference value :  2.51762e-03
 Reference value :  2.52062e-03
 Reference value :  2.52312e-03
 Reference value :  2.52612e-03
 Reference value :  2.52862e-03
 Reference value :  2.53062e-03
 Reference value :  2.53262e-03
 Reference value :  2.53462e-03
 Reference value :  2.53712e-03
 Reference value :  2.53962e-03
 Reference value :  2.54212e-03
 Reference value :  2.54412e-03
 Reference value :  2.54662e-03
 Reference value :  2.54912e-03
 Reference value :  2.55162e-03
 Reference value :  2.55312e-03
 Reference value :  2.55562e-03
 Reference value :  2.55762e-03
 Reference value :  2.56012e-03
 Reference value :  2.56262e-03
 Reference value :  2.56412e-03
 Reference value :  2.56562e-03
 Reference value :  2.56812e-03
 Reference value :  2.57062e-03
 Reference value :  2.57262e-03
 Reference value :  2.57462e-03
 Reference value :  2.57662e-03
 Reference value :  2.57862e-03
 Reference value :  2.58062e-03
 Reference value :  2.58262e-03
 Reference value :  2.58462e-03
 Reference value :  2.58662e-03
 Reference value :  2.58812e-03
 Reference value :  2.59062e-03
 Reference value :  2.59262e-03
 Reference value :  2.59512e-03
 Reference value :  2.59712e-03
 Reference value :  2.59862e-03
 Reference value :  2.60112e-03
 Reference value :  2.60312e-03
 Reference value :  2.60512e-03
 Reference value :  2.60712e-03
 Reference value :  2.60962e-03
 Reference value :  2.61162e-03
 Reference value :  2.61412e-03
 Reference value :  2.61612e-03
 Reference value :  2.61812e-03
 Reference value :  2.62012e-03
 Reference value :  2.62262e-03
 Reference value :  2.62462e-03
 Reference value :  2.62712e-03
 Reference value :  2.62912e-03
 Reference value :  2.63162e-03
 Reference value :  2.63412e-03
 Reference value :  2.63612e-03
 Reference value :  2.63812e-03
 Reference value :  2.64012e-03
 Reference value :  2.64262e-03
 Reference value :  2.64462e-03
 Reference value :  2.64662e-03
 Reference value :  2.64862e-03
 Reference value :  2.65062e-03
 Reference value :  2.65262e-03
 Reference value :  2.65462e-03
 Reference value :  2.65662e-03
 Reference value :  2.65862e-03
 Reference value :  2.66062e-03
 Reference value :  2.66262e-03
 Reference value :  2.66462e-03
 Reference value :  2.66662e-03
 Reference value :  2.66862e-03
 Reference value :  2.67062e-03
 Reference value :  2.67412e-03
 Reference value :  2.67612e-03
 Reference value :  2.67862e-03
 Reference value :  2.68062e-03
 Reference value :  2.68312e-03
 Reference value :  2.68562e-03
 Reference value :  2.68762e-03
 Reference value :  2.68912e-03
 Reference value :  2.69112e-03
 Reference value :  2.69312e-03
 Reference value :  2.69562e-03
 Reference value :  2.69812e-03
 Reference value :  2.70012e-03
 Reference value :  2.70212e-03
 Reference value :  2.70362e-03
 Reference value :  2.70512e-03
 Reference value :  2.70662e-03
 Reference value :  2.70862e-03
 Reference value :  2.71062e-03
 Reference value :  2.71262e-03
 Reference value :  2.71512e-03
 Reference value :  2.71712e-03
 Reference value :  2.71962e-03
 Reference value :  2.72162e-03
 Reference value :  2.72412e-03
 Reference value :  2.72612e-03
 Reference value :  2.72862e-03
 Reference value :  2.73112e-03
 Reference value :  2.73312e-03
 Reference value :  2.73562e-03
 Reference value :  2.73812e-03
 Reference value :  2.74112e-03
 Reference value :  2.74412e-03
 Reference value :  2.74662e-03
 Reference value :  2.74912e-03
 Reference value :  2.75162e-03
 Reference value :  2.75362e-03
 Reference value :  2.75562e-03
 Reference value :  2.75762e-03
 Reference value :  2.76012e-03
 Reference value :  2.76212e-03
 Reference value :  2.76412e-03
 Reference value :  2.76612e-03
 Reference value :  2.76812e-03
 Reference value :  2.77062e-03
 Reference value :  2.77262e-03
 Reference value :  2.77512e-03
 Reference value :  2.77712e-03
 Reference value :  2.77912e-03
 Reference value :  2.78112e-03
 Reference value :  2.78312e-03
 Reference value :  2.78512e-03
 Reference value :  2.78762e-03
 Reference value :  2.78912e-03
 Reference value :  2.79062e-03
 Reference value :  2.79262e-03
 Reference value :  2.79462e-03
 Reference value :  2.79662e-03
 Reference value :  2.79862e-03
 Reference value :  2.80062e-03
 Reference value :  2.80312e-03
 Reference value :  2.80512e-03
 Reference value :  2.80762e-03
 Reference value :  2.80962e-03
 Reference value :  2.81212e-03
 Reference value :  2.81462e-03
 Reference value :  2.81712e-03
 Reference value :  2.81862e-03
 Reference value :  2.82162e-03
 Reference value :  2.82412e-03
 Reference value :  2.82662e-03
 Reference value :  2.82862e-03
 Reference value :  2.83062e-03
 Reference value :  2.83262e-03
 Reference value :  2.83412e-03
 Reference value :  2.83612e-03
 Reference value :  2.83862e-03
 Reference value :  2.84062e-03
 Reference value :  2.84262e-03
 Reference value :  2.84512e-03
 Reference value :  2.84762e-03
 Reference value :  2.85012e-03
 Reference value :  2.85312e-03
 Reference value :  2.85512e-03
 Reference value :  2.85712e-03
 Reference value :  2.85912e-03
 Reference value :  2.86112e-03
 Reference value :  2.86262e-03
 Reference value :  2.86462e-03
 Reference value :  2.86662e-03
 Reference value :  2.86862e-03
 Reference value :  2.87062e-03
 Reference value :  2.87312e-03
 Reference value :  2.87562e-03
 Reference value :  2.87812e-03
 Reference value :  2.88062e-03
 Reference value :  2.88412e-03
 Reference value :  2.88612e-03
 Reference value :  2.88812e-03
 Reference value :  2.89012e-03
 Reference value :  2.89212e-03
 Reference value :  2.89412e-03
 Reference value :  2.89612e-03
 Reference value :  2.89812e-03
 Reference value :  2.90062e-03
 Reference value :  2.90262e-03
 Reference value :  2.90462e-03
 Reference value :  2.90662e-03
 Reference value :  2.90862e-03
 Reference value :  2.91112e-03
 Reference value :  2.91312e-03
 Reference value :  2.91512e-03
 Reference value :  2.91762e-03
 Reference value :  2.92012e-03
 Reference value :  2.92212e-03
 Reference value :  2.92462e-03
 Reference value :  2.92662e-03
 Reference value :  2.92862e-03
 Reference value :  2.93062e-03
 Reference value :  2.93262e-03
 Reference value :  2.93462e-03
 Reference value :  2.93662e-03
 Reference value :  2.93912e-03
 Reference value :  2.94162e-03
 Reference value :  2.94412e-03
 Reference value :  2.94612e-03
 Reference value :  2.94912e-03
 Reference value :  2.95162e-03
 Reference value :  2.95362e-03
 Reference value :  2.95612e-03
 Reference value :  2.95812e-03
 Reference value :  2.96062e-03
 Reference value :  2.96262e-03
 Reference value :  2.96462e-03
 Reference value :  2.96662e-03
 Reference value :  2.96862e-03
 Reference value :  2.97062e-03
 Reference value :  2.97312e-03
 Reference value :  2.97512e-03
 Reference value :  2.97712e-03
 Reference value :  2.97962e-03
 Reference value :  2.98162e-03
 Reference value :  2.98312e-03
 Reference value :  2.98512e-03
 Reference value :  2.98712e-03
 Reference value :  2.98912e-03
 Reference value :  2.99112e-03
 Reference value :  2.99312e-03
 Reference value :  2.99512e-03
 Reference value :  2.99712e-03
 Reference value :  2.99956e-03
No. of Data Rows : 6060
ipre                =  -1.26498e-05 from=  9.00000e-04 to=  1.00005e-03
ish_avg             =  -1.62088e-01 from=  2.00000e-03 to=  3.00000e-03
ish_max             =  -1.62079e-01 at=  1.10012e-03
ish_min             =  -1.62088e-01 at=  2.99956e-03
vsh_max             =  1.62041e-04 at=  2.99956e-03
meas_vout_50ma_v = 1.797993e+00
meas_cl_margin_50ma_v = 3.620977e-02
meas_ilim_short_ma = 1.620452e+02
meas_ilim_knee_ma = 1.349797e+02
meas_ilim_droop_pct = -2.00515e+01
meas_ishort_sustained_ma = 1.620875e+02
meas_ishort_ripple_pct = 5.305776e-03
meas_vout_short_mv = 1.620407e-01
meas_isup_pre_short_ma = 1.264983e-02
ngspice-46 done

# ==== ngspice stderr ====
Note: ven: dc value used for op instead of transient time=0 value.
Note: Starting dynamic gmin stepping
Note: Dynamic gmin stepping completed
Note: ven: dc value used for op instead of transient time=0 value.
Note: Starting dynamic gmin stepping
Note: Dynamic gmin stepping completed
Note: Starting dynamic gmin stepping
Note: Dynamic gmin stepping completed
Note: ven: dc value used for op instead of transient time=0 value.
