# corner: ff_125c_3.63v
# process=ff temp=125C supply=3.63V
# ngspice exit: 0
# wall clock: 69.6s (--timeout was 300s)
# result: PASS

# ==== deck (exact input given to ngspice) ====
| * startup corner deck -- generated by sim/bin/corner-run.py, do not edit
| * corner: ff_125c_3.63v
| .param vsup=3.63
| .option wnflag=1
| .temp 125
| .lib "/home/ubuntu/.volare/sky130A/libs.tech/combined/sky130.lib.spice" ff
| ** sch_path: sim/startup/testbench/tb_startup.sch
| **.subckt tb_startup
| VVIN VIN 0 'vsup'
| .save i(vvin)
| VEN EN 0 PULSE(0 'vsup' 100u 1u 1u 100 200)
| .save i(ven)
| VVREF VREF 0 1.2
| .save i(vvref)
| xldo VOUT VREF EN VIN ldo_3v3in_1v8out
| COUT VOUT VESR 0.33u m=1
| RESR VESR 0 10m m=1
| RLOAD VOUT 0 1e12 m=1
| **.ends
| 
| * expanding   symbol:  design/ldo_3v3in_1v8out.sym # of pins=4
| ** sym_path: design/ldo_3v3in_1v8out.sym
| ** sch_path: design/ldo_3v3in_1v8out.sch
| .subckt ldo_3v3in_1v8out VOUT VREF EN VIN
| *.ipin VIN
| *.ipin EN
| *.ipin VREF
| *.opin VOUT
| XR_BIAS VIN NB 0 sky130_fd_pr__res_high_po W=0.42 L=1500 mult=1 m=1
| XM_BIASN1 NB NB BIAS_ENN 0 sky130_fd_pr__nfet_g5v0d10v5 L=1 W=4 nf=1 ad=1.16 as=1.16 pd=8.58 ps=8.58 nrd=0.0725 nrs=0.0725 sa=0
| + sb=0 sd=0 mult=1 m=1
| XM_ENN BIAS_ENN EN 0 0 sky130_fd_pr__nfet_g5v0d10v5 L=0.5 W=10 nf=1 ad=2.9 as=2.9 pd=20.58 ps=20.58 nrd=0.029 nrs=0.029 sa=0 sb=0
| + sd=0 mult=1 m=1
| XM_BIASN2 BIASP NB BIAS_ENN 0 sky130_fd_pr__nfet_g5v0d10v5 L=1 W=4 nf=1 ad=1.16 as=1.16 pd=8.58 ps=8.58 nrd=0.0725 nrs=0.0725 sa=0
| + sb=0 sd=0 mult=1 m=1
| XM_BIASP1 BIASP BIASP VIN VIN sky130_fd_pr__pfet_g5v0d10v5 L=1 W=10 nf=2 ad=1.45 as=2.9 pd=10.58 ps=21.16 nrd=0.029 nrs=0.029 sa=0
| + sb=0 sd=0 mult=1 m=1
| XM_ENP2 BIASP EN VIN VIN sky130_fd_pr__pfet_g5v0d10v5 L=0.5 W=10 nf=1 ad=2.9 as=2.9 pd=20.58 ps=20.58 nrd=0.029 nrs=0.029 sa=0
| + sb=0 sd=0 mult=1 m=1
| XM_TAIL EA_TAIL BIASP VIN VIN sky130_fd_pr__pfet_g5v0d10v5 L=2 W=40 nf=8 ad=5.8 as=7.25 pd=42.32 ps=52.9 nrd=0.00725 nrs=0.00725
| + sa=0 sb=0 sd=0 mult=1 m=1
| XM_IN1 EA_D1 FB EA_TAIL VIN sky130_fd_pr__pfet_g5v0d10v5 L=2 W=10 nf=2 ad=1.45 as=2.9 pd=10.58 ps=21.16 nrd=0.029 nrs=0.029 sa=0
| + sb=0 sd=0 mult=1 m=1
| XM_IN2 EA_D2 VREF EA_TAIL VIN sky130_fd_pr__pfet_g5v0d10v5 L=2 W=10 nf=2 ad=1.45 as=2.9 pd=10.58 ps=21.16 nrd=0.029 nrs=0.029 sa=0
| + sb=0 sd=0 mult=1 m=1
| XM_MIR1 EA_D1 EA_D1 AMP_ENN 0 sky130_fd_pr__nfet_g5v0d10v5 L=4 W=10 nf=2 ad=1.45 as=2.9 pd=10.58 ps=21.16 nrd=0.029 nrs=0.029 sa=0
| + sb=0 sd=0 mult=1 m=1
| XM_MIR2 EA_OUT EA_D1 AMP_ENN 0 sky130_fd_pr__nfet_g5v0d10v5 L=4 W=10 nf=2 ad=1.45 as=2.9 pd=10.58 ps=21.16 nrd=0.029 nrs=0.029
| + sa=0 sb=0 sd=0 mult=1 m=1
| XM_ENN2 AMP_ENN EN 0 0 sky130_fd_pr__nfet_g5v0d10v5 L=0.5 W=10 nf=1 ad=2.9 as=2.9 pd=20.58 ps=20.58 nrd=0.029 nrs=0.029 sa=0 sb=0
| + sd=0 mult=1 m=1
| XM_ENP EA_OUT EN VIN VIN sky130_fd_pr__pfet_g5v0d10v5 L=0.5 W=10 nf=1 ad=2.9 as=2.9 pd=20.58 ps=20.58 nrd=0.029 nrs=0.029 sa=0
| + sb=0 sd=0 mult=1 m=1
| XM_MIR3 EA_D2 EA_D2 AMP_ENN 0 sky130_fd_pr__nfet_g5v0d10v5 L=4 W=10 nf=2 ad=1.45 as=2.9 pd=10.58 ps=21.16 nrd=0.029 nrs=0.029 sa=0
| + sb=0 sd=0 mult=1 m=1
| XM_MIR4 PB EA_D2 AMP_ENN 0 sky130_fd_pr__nfet_g5v0d10v5 L=4 W=10 nf=2 ad=1.45 as=2.9 pd=10.58 ps=21.16 nrd=0.029 nrs=0.029 sa=0
| + sb=0 sd=0 mult=1 m=1
| XM_MIRP1 PB PB VIN VIN sky130_fd_pr__pfet_g5v0d10v5 L=4 W=20 nf=4 ad=2.9 as=4.35 pd=21.16 ps=31.74 nrd=0.0145 nrs=0.0145 sa=0 sb=0
| + sd=0 mult=1 m=1
| XM_MIRP2 EA_OUT PB VIN VIN sky130_fd_pr__pfet_g5v0d10v5 L=4 W=20 nf=4 ad=2.9 as=4.35 pd=21.16 ps=31.74 nrd=0.0145 nrs=0.0145 sa=0
| + sb=0 sd=0 mult=1 m=1
| XM_ENP5 PB EN VIN VIN sky130_fd_pr__pfet_g5v0d10v5 L=0.5 W=2 nf=1 ad=0.58 as=0.58 pd=4.58 ps=4.58 nrd=0.145 nrs=0.145 sa=0 sb=0
| + sd=0 mult=1 m=1
| XM_PASS VOUT EA_OUT VIN VIN sky130_fd_pr__pfet_g5v0d10v5 L=0.5 W=100 nf=25 ad=15.08 as=15.08 pd=111.54 ps=111.54 nrd=0.0029
| + nrs=0.0029 sa=0 sb=0 sd=0 mult=25 m=25
| C_COMP VOUT EA_CZ 150p m=1
| XR_CZ EA_CZ EA_OUT 0 sky130_fd_pr__res_xhigh_po W=0.42 L=52 mult=1 m=1
| XR_FB_A VOUT FB 0 sky130_fd_pr__res_xhigh_po W=0.42 L=180 mult=1 m=1
| XR_FB_B FB N_FBB 0 sky130_fd_pr__res_xhigh_po W=0.42 L=180 mult=1 m=1
| XR_FB_C N_FBB 0 0 sky130_fd_pr__res_xhigh_po W=0.42 L=180 mult=1 m=1
| XM_SENSE CL_SNS EA_OUT VIN VIN sky130_fd_pr__pfet_g5v0d10v5 L=0.5 W=0.42 nf=1 ad=0.1218 as=0.1218 pd=1.42 ps=1.42
| + nrd=0.69047619047619 nrs=0.69047619047619 sa=0 sb=0 sd=0 mult=1 m=1
| XM_CLN1 CL_SNS CL_SNS AMP_ENN 0 sky130_fd_pr__nfet_g5v0d10v5 L=1 W=20 nf=1 ad=5.8 as=5.8 pd=40.58 ps=40.58 nrd=0.0145 nrs=0.0145
| + sa=0 sb=0 sd=0 mult=1 m=1
| XM_CLN2 CL_CMP CL_SNS AMP_ENN 0 sky130_fd_pr__nfet_g5v0d10v5 L=1 W=1.6 nf=1 ad=0.464 as=0.464 pd=3.78 ps=3.78 nrd=0.18125
| + nrs=0.18125 sa=0 sb=0 sd=0 mult=1 m=1
| XM_CLP CL_CMP BIASP VIN VIN sky130_fd_pr__pfet_g5v0d10v5 L=1 W=10 nf=2 ad=1.45 as=2.9 pd=10.58 ps=21.16 nrd=0.029 nrs=0.029 sa=0
| + sb=0 sd=0 mult=1 m=1
| XM_CLIM EA_OUT CL_CMP VIN VIN sky130_fd_pr__pfet_g5v0d10v5 L=0.5 W=20 nf=4 ad=2.9 as=4.35 pd=21.16 ps=31.74 nrd=0.0145 nrs=0.0145
| + sa=0 sb=0 sd=0 mult=1 m=1
| XM_ENP3 CL_CMP EN VIN VIN sky130_fd_pr__pfet_g5v0d10v5 L=0.5 W=2 nf=1 ad=0.58 as=0.58 pd=4.58 ps=4.58 nrd=0.145 nrs=0.145 sa=0
| + sb=0 sd=0 mult=1 m=1
| C_CL VIN CL_CMP 1p m=1
| XM_INVP ENB EN VIN VIN sky130_fd_pr__pfet_g5v0d10v5 L=0.5 W=2 nf=1 ad=0.58 as=0.58 pd=4.58 ps=4.58 nrd=0.145 nrs=0.145 sa=0 sb=0
| + sd=0 mult=1 m=1
| XM_INVN ENB EN 0 0 sky130_fd_pr__nfet_g5v0d10v5 L=0.5 W=1 nf=1 ad=0.29 as=0.29 pd=2.58 ps=2.58 nrd=0.29 nrs=0.29 sa=0 sb=0 sd=0
| + mult=1 m=1
| XM_SSDIS SS ENB 0 0 sky130_fd_pr__nfet_g5v0d10v5 L=0.5 W=2 nf=1 ad=0.58 as=0.58 pd=4.58 ps=4.58 nrd=0.145 nrs=0.145 sa=0 sb=0 sd=0
| + mult=1 m=1
| XM_SSCHG SS BIASP VIN VIN sky130_fd_pr__pfet_g5v0d10v5 L=8 W=1 nf=1 ad=0.29 as=0.29 pd=2.58 ps=2.58 nrd=0.29 nrs=0.29 sa=0 sb=0
| + sd=0 mult=1 m=1
| C_SS SS 0 10p m=1
| XM_IN2S EA_D2 SS EA_TAIL VIN sky130_fd_pr__pfet_g5v0d10v5 L=2 W=10 nf=2 ad=1.45 as=2.9 pd=10.58 ps=21.16 nrd=0.029 nrs=0.029 sa=0
| + sb=0 sd=0 mult=1 m=1
| XM_TSPS TS_SNS BIASP VIN VIN sky130_fd_pr__pfet_g5v0d10v5 L=1 W=2.5 nf=1 ad=0.725 as=0.725 pd=5.58 ps=5.58 nrd=0.116 nrs=0.116
| + sa=0 sb=0 sd=0 mult=1 m=1
| XM_TSD1 TS_SNS TS_SNS TS_MID 0 sky130_fd_pr__nfet_g5v0d10v5 L=1 W=80 nf=16 ad=11.6 as=13.05 pd=84.64 ps=95.22 nrd=0.003625
| + nrs=0.003625 sa=0 sb=0 sd=0 mult=1 m=1
| XM_TSD2 TS_MID TS_MID AMP_ENN 0 sky130_fd_pr__nfet_g5v0d10v5 L=1 W=80 nf=16 ad=11.6 as=13.05 pd=84.64 ps=95.22 nrd=0.003625
| + nrs=0.003625 sa=0 sb=0 sd=0 mult=1 m=1
| XM_TSPR TS_REF BIASP VIN VIN sky130_fd_pr__pfet_g5v0d10v5 L=1 W=2.5 nf=1 ad=0.725 as=0.725 pd=5.58 ps=5.58 nrd=0.116 nrs=0.116
| + sa=0 sb=0 sd=0 mult=1 m=1
| XM_TSR1 TS_REF TS_REF AMP_ENN 0 sky130_fd_pr__nfet_g5v0d10v5 L=10 W=2 nf=1 ad=0.58 as=0.58 pd=4.58 ps=4.58 nrd=0.145 nrs=0.145
| + sa=0 sb=0 sd=0 mult=1 m=1
| XM_TCTAIL TC_TAIL NB AMP_ENN 0 sky130_fd_pr__nfet_g5v0d10v5 L=1 W=1 nf=1 ad=0.29 as=0.29 pd=2.58 ps=2.58 nrd=0.29 nrs=0.29 sa=0
| + sb=0 sd=0 mult=1 m=1
| XM_TCN1 TC_D1 TS_SNS TC_TAIL 0 sky130_fd_pr__nfet_g5v0d10v5 L=2 W=10 nf=2 ad=1.45 as=2.9 pd=10.58 ps=21.16 nrd=0.029 nrs=0.029
| + sa=0 sb=0 sd=0 mult=1 m=1
| XM_TCN2 TS_CMP TS_REF TC_TAIL 0 sky130_fd_pr__nfet_g5v0d10v5 L=2 W=10 nf=2 ad=1.45 as=2.9 pd=10.58 ps=21.16 nrd=0.029 nrs=0.029
| + sa=0 sb=0 sd=0 mult=1 m=1
| XM_TCP1 TC_D1 TC_D1 VIN VIN sky130_fd_pr__pfet_g5v0d10v5 L=2 W=10 nf=2 ad=1.45 as=2.9 pd=10.58 ps=21.16 nrd=0.029 nrs=0.029 sa=0
| + sb=0 sd=0 mult=1 m=1
| XM_TCP2 TS_CMP TC_D1 VIN VIN sky130_fd_pr__pfet_g5v0d10v5 L=2 W=10 nf=2 ad=1.45 as=2.9 pd=10.58 ps=21.16 nrd=0.029 nrs=0.029 sa=0
| + sb=0 sd=0 mult=1 m=1
| XM_TSHUT EA_OUT TS_CMP VIN VIN sky130_fd_pr__pfet_g5v0d10v5 L=0.5 W=20 nf=4 ad=2.9 as=4.35 pd=21.16 ps=31.74 nrd=0.0145 nrs=0.0145
| + sa=0 sb=0 sd=0 mult=1 m=1
| XM_TSHYSB TS_HYS BIASP VIN VIN sky130_fd_pr__pfet_g5v0d10v5 L=2 W=1.5 nf=1 ad=0.435 as=0.435 pd=3.58 ps=3.58 nrd=0.193333333333333
| + nrs=0.193333333333333 sa=0 sb=0 sd=0 mult=1 m=1
| XM_TSHYS TS_REF TS_CMP TS_HYS VIN sky130_fd_pr__pfet_g5v0d10v5 L=0.5 W=2 nf=1 ad=0.58 as=0.58 pd=4.58 ps=4.58 nrd=0.145 nrs=0.145
| + sa=0 sb=0 sd=0 mult=1 m=1
| XM_ENP4 TS_CMP EN VIN VIN sky130_fd_pr__pfet_g5v0d10v5 L=0.5 W=2 nf=1 ad=0.58 as=0.58 pd=4.58 ps=4.58 nrd=0.145 nrs=0.145 sa=0
| + sb=0 sd=0 mult=1 m=1
| C_TS VIN TS_CMP 1p m=1
| .ends
| 
| .control
| save all
| * --- leg 1: C_out 0.33uF, 0 mA (feedback divider is the only preload) ---
| tran 10u 4m
| meas tran vpk max v(vout) from=100u to=4m
| meas tran vfloor min v(vout) from=3.1m to=4m
| meas tran tset when v(vout)=1.764 rise=1
| * --- leg 2: C_out 0.33uF, 50 mA ---
| alter rload = 36
| tran 10u 4m
| meas tran vpk max v(vout) from=100u to=4m
| meas tran vfloor min v(vout) from=3.1m to=4m
| meas tran tset when v(vout)=1.764 rise=1
| * --- leg 3: C_out 4.7uF, 0 mA ---
| alter cout = 4.7u
| alter rload = 1e12
| tran 10u 4m
| meas tran vpk max v(vout) from=100u to=4m
| meas tran vfloor min v(vout) from=3.1m to=4m
| meas tran tset when v(vout)=1.764 rise=1
| * --- leg 4: C_out 4.7uF, 50 mA ---
| alter rload = 36
| tran 10u 4m
| meas tran vpk max v(vout) from=100u to=4m
| meas tran vfloor min v(vout) from=3.1m to=4m
| meas tran tset when v(vout)=1.764 rise=1
| let meas_vpk_c033_0ma_v = tran1.vpk
| let meas_vfloor_c033_0ma_v = tran1.vfloor
| let meas_tramp_c033_0ma_ms = 1000*(tran1.tset - 100u)
| let meas_vpk_c033_50ma_v = tran2.vpk
| let meas_vfloor_c033_50ma_v = tran2.vfloor
| let meas_tramp_c033_50ma_ms = 1000*(tran2.tset - 100u)
| let meas_vpk_c47_0ma_v = tran3.vpk
| let meas_vfloor_c47_0ma_v = tran3.vfloor
| let meas_tramp_c47_0ma_ms = 1000*(tran3.tset - 100u)
| let meas_vpk_c47_50ma_v = tran4.vpk
| let meas_vfloor_c47_50ma_v = tran4.vfloor
| let meas_tramp_c47_50ma_ms = 1000*(tran4.tset - 100u)
| print meas_vpk_c033_0ma_v
| print meas_vfloor_c033_0ma_v
| print meas_tramp_c033_0ma_ms
| print meas_vpk_c033_50ma_v
| print meas_vfloor_c033_50ma_v
| print meas_tramp_c033_50ma_ms
| print meas_vpk_c47_0ma_v
| print meas_vfloor_c47_0ma_v
| print meas_tramp_c47_0ma_ms
| print meas_vpk_c47_50ma_v
| print meas_vfloor_c47_50ma_v
| print meas_tramp_c47_50ma_ms
| quit
| .endc
| .end

# ==== ngspice stdout ====

Note: Compatibility modes selected: hs a


Circuit: * startup corner deck -- generated by sim/bin/corner-run.py, do not edit

option SCALE: Scale is set to 1e-06 for instance and model parameters
option SCALE: Scale is set to 1e-06 for instance and model parameters
option SCALE: Scale is set to 1e-06 for instance and model parameters
option SCALE: Scale is set to 1e-06 for instance and model parameters
Doing analysis at TEMP = 125.000000 and TNOM = 27.000000

Using KLU as Direct Linear Solver
 Reference value :  0.00000e+00
 Reference value :  8.00000e-07
 Reference value :  2.28000e-05
 Reference value :  7.28000e-05
 Reference value :  1.00100e-04
 Reference value :  1.00300e-04
 Reference value :  1.00411e-04
 Reference value :  1.00588e-04
 Reference value :  1.00754e-04
 Reference value :  1.00926e-04
 Reference value :  1.00986e-04
 Reference value :  1.01003e-04
 Reference value :  1.01034e-04
 Reference value :  1.01183e-04
 Reference value :  1.01380e-04
 Reference value :  1.02190e-04
 Reference value :  1.11992e-04
 Reference value :  1.41992e-04
 Reference value :  1.51992e-04
 Reference value :  1.71992e-04
 Reference value :  2.01992e-04
 Reference value :  2.31992e-04
 Reference value :  2.71992e-04
 Reference value :  3.11992e-04
 Reference value :  3.41992e-04
 Reference value :  3.81992e-04
 Reference value :  4.11992e-04
 Reference value :  4.51992e-04
 Reference value :  4.81992e-04
 Reference value :  5.21992e-04
 Reference value :  5.61992e-04
 Reference value :  5.91992e-04
 Reference value :  6.21992e-04
 Reference value :  6.41992e-04
 Reference value :  6.61992e-04
 Reference value :  7.01992e-04
 Reference value :  7.41992e-04
 Reference value :  7.71992e-04
 Reference value :  8.01992e-04
 Reference value :  8.41992e-04
 Reference value :  8.91992e-04
 Reference value :  9.31992e-04
 Reference value :  9.71992e-04
 Reference value :  1.02199e-03
 Reference value :  1.07199e-03
 Reference value :  1.12199e-03
 Reference value :  1.17199e-03
 Reference value :  1.22199e-03
 Reference value :  1.26199e-03
 Reference value :  1.30199e-03
 Reference value :  1.34199e-03
 Reference value :  1.38199e-03
 Reference value :  1.42199e-03
 Reference value :  1.47199e-03
 Reference value :  1.52199e-03
 Reference value :  1.57199e-03
 Reference value :  1.61199e-03
 Reference value :  1.64199e-03
 Reference value :  1.68199e-03
 Reference value :  1.72199e-03
 Reference value :  1.76199e-03
 Reference value :  1.80199e-03
 Reference value :  1.83199e-03
 Reference value :  1.87199e-03
 Reference value :  1.92199e-03
 Reference value :  1.96199e-03
 Reference value :  2.01199e-03
 Reference value :  2.05199e-03
 Reference value :  2.10199e-03
 Reference value :  2.14199e-03
 Reference value :  2.19199e-03
 Reference value :  2.24199e-03
 Reference value :  2.29199e-03
 Reference value :  2.33199e-03
 Reference value :  2.38199e-03
 Reference value :  2.43199e-03
 Reference value :  2.48199e-03
 Reference value :  2.52199e-03
 Reference value :  2.56199e-03
 Reference value :  2.59199e-03
 Reference value :  2.62199e-03
 Reference value :  2.66199e-03
 Reference value :  2.69199e-03
 Reference value :  2.73199e-03
 Reference value :  2.77199e-03
 Reference value :  2.80199e-03
 Reference value :  2.84199e-03
 Reference value :  2.88199e-03
 Reference value :  2.92199e-03
 Reference value :  2.97199e-03
 Reference value :  3.02199e-03
 Reference value :  3.07199e-03
 Reference value :  3.10199e-03
 Reference value :  3.14199e-03
 Reference value :  3.18199e-03
 Reference value :  3.21199e-03
 Reference value :  3.25199e-03
 Reference value :  3.31199e-03
 Reference value :  3.35199e-03
 Reference value :  3.40199e-03
 Reference value :  3.45199e-03
 Reference value :  3.50199e-03
 Reference value :  3.56199e-03
 Reference value :  3.62199e-03
 Reference value :  3.68199e-03
 Reference value :  3.72199e-03
 Reference value :  3.77199e-03
 Reference value :  3.81199e-03
 Reference value :  3.85199e-03
 Reference value :  3.89199e-03
 Reference value :  3.94199e-03
 Reference value :  3.98199e-03
No. of Data Rows : 434
vpk                 =  1.81943e+00 at=  8.71992e-04
vfloor              =  1.81561e+00 at=  4.00000e-03
tset                =  5.28634e-04
Doing analysis at TEMP = 125.000000 and TNOM = 27.000000

Using KLU as Direct Linear Solver
 Reference value :  0.00000e+00
 Reference value :  1.60000e-06
 Reference value :  2.28000e-05
 Reference value :  7.28000e-05
 Reference value :  1.00100e-04
 Reference value :  1.00411e-04
 Reference value :  1.00588e-04
 Reference value :  1.00754e-04
 Reference value :  1.00926e-04
 Reference value :  1.00987e-04
 Reference value :  1.01003e-04
 Reference value :  1.01063e-04
 Reference value :  1.01264e-04
 Reference value :  1.01707e-04
 Reference value :  1.09486e-04
 Reference value :  1.21338e-04
 Reference value :  1.37663e-04
 Reference value :  1.87663e-04
 Reference value :  2.37663e-04
 Reference value :  2.87663e-04
 Reference value :  3.37663e-04
 Reference value :  3.97663e-04
 Reference value :  4.37663e-04
 Reference value :  4.87663e-04
 Reference value :  5.47663e-04
 Reference value :  6.07663e-04
 Reference value :  6.57663e-04
 Reference value :  6.97663e-04
 Reference value :  7.37663e-04
 Reference value :  7.87663e-04
 Reference value :  8.27663e-04
 Reference value :  8.77663e-04
 Reference value :  9.27663e-04
 Reference value :  9.87663e-04
 Reference value :  1.04766e-03
 Reference value :  1.10766e-03
 Reference value :  1.15766e-03
 Reference value :  1.19766e-03
 Reference value :  1.23766e-03
 Reference value :  1.27766e-03
 Reference value :  1.30766e-03
 Reference value :  1.33766e-03
 Reference value :  1.36766e-03
 Reference value :  1.39766e-03
 Reference value :  1.42766e-03
 Reference value :  1.46766e-03
 Reference value :  1.50766e-03
 Reference value :  1.53766e-03
 Reference value :  1.56766e-03
 Reference value :  1.60766e-03
 Reference value :  1.64766e-03
 Reference value :  1.68766e-03
 Reference value :  1.73766e-03
 Reference value :  1.78766e-03
 Reference value :  1.83766e-03
 Reference value :  1.88766e-03
 Reference value :  1.93766e-03
 Reference value :  1.96766e-03
 Reference value :  1.99766e-03
 Reference value :  2.03766e-03
 Reference value :  2.07766e-03
 Reference value :  2.10766e-03
 Reference value :  2.14766e-03
 Reference value :  2.19766e-03
 Reference value :  2.25766e-03
 Reference value :  2.30766e-03
 Reference value :  2.36766e-03
 Reference value :  2.41766e-03
 Reference value :  2.46766e-03
 Reference value :  2.51766e-03
 Reference value :  2.57766e-03
 Reference value :  2.63766e-03
 Reference value :  2.67766e-03
 Reference value :  2.71766e-03
 Reference value :  2.76766e-03
 Reference value :  2.80766e-03
 Reference value :  2.84766e-03
 Reference value :  2.88766e-03
 Reference value :  2.91766e-03
 Reference value :  2.94766e-03
 Reference value :  2.98766e-03
 Reference value :  3.02766e-03
 Reference value :  3.07766e-03
 Reference value :  3.13766e-03
 Reference value :  3.18766e-03
 Reference value :  3.23766e-03
 Reference value :  3.28766e-03
 Reference value :  3.33766e-03
 Reference value :  3.37766e-03
 Reference value :  3.42766e-03
 Reference value :  3.47766e-03
 Reference value :  3.53766e-03
 Reference value :  3.58766e-03
 Reference value :  3.64766e-03
 Reference value :  3.68766e-03
 Reference value :  3.73766e-03
 Reference value :  3.78766e-03
 Reference value :  3.83766e-03
 Reference value :  3.88766e-03
 Reference value :  3.93766e-03
 Reference value :  3.98766e-03
No. of Data Rows : 438
vpk                 =  1.79768e+00 at=  1.34766e-03
vfloor              =  1.79767e+00 at=  3.99383e-03
tset                =  5.52798e-04
Doing analysis at TEMP = 125.000000 and TNOM = 27.000000

Using KLU as Direct Linear Solver
 Reference value :  0.00000e+00
 Reference value :  8.00000e-07
 Reference value :  1.28000e-05
 Reference value :  7.28000e-05
 Reference value :  1.00100e-04
 Reference value :  1.00411e-04
 Reference value :  1.00588e-04
 Reference value :  1.00754e-04
 Reference value :  1.00852e-04
 Reference value :  1.00926e-04
 Reference value :  1.00986e-04
 Reference value :  1.01003e-04
 Reference value :  1.01034e-04
 Reference value :  1.01183e-04
 Reference value :  1.01380e-04
 Reference value :  1.02190e-04
 Reference value :  1.11992e-04
 Reference value :  1.41992e-04
 Reference value :  1.61992e-04
 Reference value :  1.91992e-04
 Reference value :  2.21992e-04
 Reference value :  2.51992e-04
 Reference value :  2.91992e-04
 Reference value :  3.21992e-04
 Reference value :  3.51992e-04
 Reference value :  3.91992e-04
 Reference value :  4.31992e-04
 Reference value :  4.61992e-04
 Reference value :  5.01992e-04
 Reference value :  5.41992e-04
 Reference value :  5.81992e-04
 Reference value :  6.21992e-04
 Reference value :  6.61992e-04
 Reference value :  6.91992e-04
 Reference value :  7.31992e-04
 Reference value :  7.91992e-04
 Reference value :  8.41992e-04
 Reference value :  8.81992e-04
 Reference value :  9.11992e-04
 Reference value :  9.61992e-04
 Reference value :  1.00199e-03
 Reference value :  1.04199e-03
 Reference value :  1.08199e-03
 Reference value :  1.13199e-03
 Reference value :  1.18199e-03
 Reference value :  1.22199e-03
 Reference value :  1.27199e-03
 Reference value :  1.31199e-03
 Reference value :  1.35199e-03
 Reference value :  1.39199e-03
 Reference value :  1.43199e-03
 Reference value :  1.47199e-03
 Reference value :  1.50199e-03
 Reference value :  1.54199e-03
 Reference value :  1.58199e-03
 Reference value :  1.62199e-03
 Reference value :  1.66199e-03
 Reference value :  1.70199e-03
 Reference value :  1.74199e-03
 Reference value :  1.79199e-03
 Reference value :  1.83199e-03
 Reference value :  1.87199e-03
 Reference value :  1.92199e-03
 Reference value :  1.97199e-03
 Reference value :  2.01199e-03
 Reference value :  2.06199e-03
 Reference value :  2.11199e-03
 Reference value :  2.16199e-03
 Reference value :  2.21199e-03
 Reference value :  2.26199e-03
 Reference value :  2.31199e-03
 Reference value :  2.34199e-03
 Reference value :  2.38199e-03
 Reference value :  2.43199e-03
 Reference value :  2.48199e-03
 Reference value :  2.52199e-03
 Reference value :  2.57199e-03
 Reference value :  2.62199e-03
 Reference value :  2.67199e-03
 Reference value :  2.72199e-03
 Reference value :  2.77199e-03
 Reference value :  2.82199e-03
 Reference value :  2.87199e-03
 Reference value :  2.92199e-03
 Reference value :  2.97199e-03
 Reference value :  3.02199e-03
 Reference value :  3.07199e-03
 Reference value :  3.12199e-03
 Reference value :  3.17199e-03
 Reference value :  3.22199e-03
 Reference value :  3.26199e-03
 Reference value :  3.30199e-03
 Reference value :  3.34199e-03
 Reference value :  3.39199e-03
 Reference value :  3.44199e-03
 Reference value :  3.49199e-03
 Reference value :  3.54199e-03
 Reference value :  3.59199e-03
 Reference value :  3.63199e-03
 Reference value :  3.67199e-03
 Reference value :  3.70199e-03
 Reference value :  3.73199e-03
 Reference value :  3.77199e-03
 Reference value :  3.81199e-03
 Reference value :  3.85199e-03
 Reference value :  3.88199e-03
 Reference value :  3.92199e-03
 Reference value :  3.96199e-03
 Reference value :  4.00000e-03
No. of Data Rows : 434
vpk                 =  1.82614e+00 at=  8.91992e-04
vfloor              =  1.82584e+00 at=  4.00000e-03
tset                =  5.20502e-04
Doing analysis at TEMP = 125.000000 and TNOM = 27.000000

Using KLU as Direct Linear Solver
 Reference value :  0.00000e+00
 Reference value :  1.60000e-06
 Reference value :  2.28000e-05
 Reference value :  6.28000e-05
 Reference value :  9.14000e-05
 Reference value :  1.00100e-04
 Reference value :  1.00411e-04
 Reference value :  1.00515e-04
 Reference value :  1.00588e-04
 Reference value :  1.00754e-04
 Reference value :  1.00926e-04
 Reference value :  1.00987e-04
 Reference value :  1.01003e-04
 Reference value :  1.01034e-04
 Reference value :  1.01170e-04
 Reference value :  1.01493e-04
 Reference value :  1.03693e-04
 Reference value :  1.14692e-04
 Reference value :  1.35691e-04
 Reference value :  1.61692e-04
 Reference value :  1.91692e-04
 Reference value :  2.21692e-04
 Reference value :  2.61692e-04
 Reference value :  2.91692e-04
 Reference value :  3.31692e-04
 Reference value :  3.71692e-04
 Reference value :  4.01692e-04
 Reference value :  4.41692e-04
 Reference value :  4.91692e-04
 Reference value :  5.31692e-04
 Reference value :  5.61692e-04
 Reference value :  6.01692e-04
 Reference value :  6.41692e-04
 Reference value :  6.81692e-04
 Reference value :  7.31692e-04
 Reference value :  7.91692e-04
 Reference value :  8.51692e-04
 Reference value :  9.01692e-04
 Reference value :  9.61692e-04
 Reference value :  9.91692e-04
 Reference value :  1.02169e-03
 Reference value :  1.05169e-03
 Reference value :  1.09169e-03
 Reference value :  1.13169e-03
 Reference value :  1.17169e-03
 Reference value :  1.21169e-03
 Reference value :  1.24169e-03
 Reference value :  1.29169e-03
 Reference value :  1.33169e-03
 Reference value :  1.37169e-03
 Reference value :  1.41169e-03
 Reference value :  1.47169e-03
 Reference value :  1.51169e-03
 Reference value :  1.57169e-03
 Reference value :  1.62169e-03
 Reference value :  1.67169e-03
 Reference value :  1.71169e-03
 Reference value :  1.76169e-03
 Reference value :  1.80169e-03
 Reference value :  1.83169e-03
 Reference value :  1.86169e-03
 Reference value :  1.89169e-03
 Reference value :  1.93169e-03
 Reference value :  1.97169e-03
 Reference value :  2.01169e-03
 Reference value :  2.04169e-03
 Reference value :  2.08169e-03
 Reference value :  2.12169e-03
 Reference value :  2.15169e-03
 Reference value :  2.18169e-03
 Reference value :  2.22169e-03
 Reference value :  2.25169e-03
 Reference value :  2.29169e-03
 Reference value :  2.33169e-03
 Reference value :  2.37169e-03
 Reference value :  2.43169e-03
 Reference value :  2.48169e-03
 Reference value :  2.53169e-03
 Reference value :  2.57169e-03
 Reference value :  2.61169e-03
 Reference value :  2.64169e-03
 Reference value :  2.69169e-03
 Reference value :  2.74169e-03
 Reference value :  2.79169e-03
 Reference value :  2.84169e-03
 Reference value :  2.89169e-03
 Reference value :  2.93169e-03
 Reference value :  2.98169e-03
 Reference value :  3.03169e-03
 Reference value :  3.09169e-03
 Reference value :  3.12169e-03
 Reference value :  3.16169e-03
 Reference value :  3.22169e-03
 Reference value :  3.26169e-03
 Reference value :  3.32169e-03
 Reference value :  3.37169e-03
 Reference value :  3.41169e-03
 Reference value :  3.45169e-03
 Reference value :  3.48169e-03
 Reference value :  3.52169e-03
 Reference value :  3.56169e-03
 Reference value :  3.60169e-03
 Reference value :  3.65169e-03
 Reference value :  3.70169e-03
 Reference value :  3.73169e-03
 Reference value :  3.76169e-03
 Reference value :  3.80169e-03
 Reference value :  3.84169e-03
 Reference value :  3.88169e-03
 Reference value :  3.92169e-03
 Reference value :  3.96169e-03
 Reference value :  4.00000e-03
No. of Data Rows : 437
vpk                 =  1.79768e+00 at=  1.12169e-03
vfloor              =  1.79767e+00 at=  4.00000e-03
tset                =  5.37666e-04
meas_vpk_c033_0ma_v = 1.819428e+00
meas_vfloor_c033_0ma_v = 1.815612e+00
meas_tramp_c033_0ma_ms = 4.286338e-01
meas_vpk_c033_50ma_v = 1.797681e+00
meas_vfloor_c033_50ma_v = 1.797670e+00
meas_tramp_c033_50ma_ms = 4.527982e-01
meas_vpk_c47_0ma_v = 1.826136e+00
meas_vfloor_c47_0ma_v = 1.825836e+00
meas_tramp_c47_0ma_ms = 4.205015e-01
meas_vpk_c47_50ma_v = 1.797681e+00
meas_vfloor_c47_50ma_v = 1.797674e+00
meas_tramp_c47_50ma_ms = 4.376656e-01
ngspice-46 done

# ==== ngspice stderr ====

