# corner: ss_-40c_2.97v
# process=ss temp=-40C supply=2.97V
# ngspice exit: 0
# wall clock: 190.1s (--timeout was 300s)
# result: PASS

# ==== deck (exact input given to ngspice) ====
| * startup corner deck -- generated by sim/bin/corner-run.py, do not edit
| * corner: ss_-40c_2.97v
| .param vsup=2.97
| .option wnflag=1
| .temp -40
| .lib "/home/ubuntu/.volare/sky130A/libs.tech/combined/sky130.lib.spice" ss
| ** sch_path: sim/startup/testbench/tb_startup.sch
| **.subckt tb_startup
| VVIN VIN 0 'vsup'
| .save i(vvin)
| VEN EN 0 PULSE(0 'vsup' 100u 1u 1u 100 200)
| .save i(ven)
| VVREF VREF 0 1.2
| .save i(vvref)
| xldo VOUT VREF EN VIN ldo_3v3in_1v8out
| COUT VOUT VESR 0.33u m=1
| RESR VESR 0 10m m=1
| RLOAD VOUT 0 1e12 m=1
| **.ends
| 
| * expanding   symbol:  design/ldo_3v3in_1v8out.sym # of pins=4
| ** sym_path: design/ldo_3v3in_1v8out.sym
| ** sch_path: design/ldo_3v3in_1v8out.sch
| .subckt ldo_3v3in_1v8out VOUT VREF EN VIN
| *.ipin VIN
| *.ipin EN
| *.ipin VREF
| *.opin VOUT
| XR_BIAS VIN NB 0 sky130_fd_pr__res_high_po W=0.42 L=1500 mult=1 m=1
| XM_BIASN1 NB NB BIAS_ENN 0 sky130_fd_pr__nfet_g5v0d10v5 L=1 W=4 nf=1 ad=1.16 as=1.16 pd=8.58 ps=8.58 nrd=0.0725 nrs=0.0725 sa=0
| + sb=0 sd=0 mult=1 m=1
| XM_ENN BIAS_ENN EN 0 0 sky130_fd_pr__nfet_g5v0d10v5 L=0.5 W=10 nf=1 ad=2.9 as=2.9 pd=20.58 ps=20.58 nrd=0.029 nrs=0.029 sa=0 sb=0
| + sd=0 mult=1 m=1
| XM_BIASN2 BIASP NB BIAS_ENN 0 sky130_fd_pr__nfet_g5v0d10v5 L=1 W=4 nf=1 ad=1.16 as=1.16 pd=8.58 ps=8.58 nrd=0.0725 nrs=0.0725 sa=0
| + sb=0 sd=0 mult=1 m=1
| XM_BIASP1 BIASP BIASP VIN VIN sky130_fd_pr__pfet_g5v0d10v5 L=1 W=10 nf=2 ad=1.45 as=2.9 pd=10.58 ps=21.16 nrd=0.029 nrs=0.029 sa=0
| + sb=0 sd=0 mult=1 m=1
| XM_ENP2 BIASP EN VIN VIN sky130_fd_pr__pfet_g5v0d10v5 L=0.5 W=10 nf=1 ad=2.9 as=2.9 pd=20.58 ps=20.58 nrd=0.029 nrs=0.029 sa=0
| + sb=0 sd=0 mult=1 m=1
| XM_TAIL EA_TAIL BIASP VIN VIN sky130_fd_pr__pfet_g5v0d10v5 L=2 W=40 nf=8 ad=5.8 as=7.25 pd=42.32 ps=52.9 nrd=0.00725 nrs=0.00725
| + sa=0 sb=0 sd=0 mult=1 m=1
| XM_IN1 EA_D1 FB EA_TAIL VIN sky130_fd_pr__pfet_g5v0d10v5 L=2 W=10 nf=2 ad=1.45 as=2.9 pd=10.58 ps=21.16 nrd=0.029 nrs=0.029 sa=0
| + sb=0 sd=0 mult=1 m=1
| XM_IN2 EA_D2 VREF EA_TAIL VIN sky130_fd_pr__pfet_g5v0d10v5 L=2 W=10 nf=2 ad=1.45 as=2.9 pd=10.58 ps=21.16 nrd=0.029 nrs=0.029 sa=0
| + sb=0 sd=0 mult=1 m=1
| XM_MIR1 EA_D1 EA_D1 AMP_ENN 0 sky130_fd_pr__nfet_g5v0d10v5 L=4 W=10 nf=2 ad=1.45 as=2.9 pd=10.58 ps=21.16 nrd=0.029 nrs=0.029 sa=0
| + sb=0 sd=0 mult=1 m=1
| XM_MIR2 EA_OUT EA_D1 AMP_ENN 0 sky130_fd_pr__nfet_g5v0d10v5 L=4 W=10 nf=2 ad=1.45 as=2.9 pd=10.58 ps=21.16 nrd=0.029 nrs=0.029
| + sa=0 sb=0 sd=0 mult=1 m=1
| XM_ENN2 AMP_ENN EN 0 0 sky130_fd_pr__nfet_g5v0d10v5 L=0.5 W=10 nf=1 ad=2.9 as=2.9 pd=20.58 ps=20.58 nrd=0.029 nrs=0.029 sa=0 sb=0
| + sd=0 mult=1 m=1
| XM_ENP EA_OUT EN VIN VIN sky130_fd_pr__pfet_g5v0d10v5 L=0.5 W=10 nf=1 ad=2.9 as=2.9 pd=20.58 ps=20.58 nrd=0.029 nrs=0.029 sa=0
| + sb=0 sd=0 mult=1 m=1
| XM_MIR3 EA_D2 EA_D2 AMP_ENN 0 sky130_fd_pr__nfet_g5v0d10v5 L=4 W=10 nf=2 ad=1.45 as=2.9 pd=10.58 ps=21.16 nrd=0.029 nrs=0.029 sa=0
| + sb=0 sd=0 mult=1 m=1
| XM_MIR4 PB EA_D2 AMP_ENN 0 sky130_fd_pr__nfet_g5v0d10v5 L=4 W=10 nf=2 ad=1.45 as=2.9 pd=10.58 ps=21.16 nrd=0.029 nrs=0.029 sa=0
| + sb=0 sd=0 mult=1 m=1
| XM_MIRP1 PB PB VIN VIN sky130_fd_pr__pfet_g5v0d10v5 L=4 W=20 nf=4 ad=2.9 as=4.35 pd=21.16 ps=31.74 nrd=0.0145 nrs=0.0145 sa=0 sb=0
| + sd=0 mult=1 m=1
| XM_MIRP2 EA_OUT PB VIN VIN sky130_fd_pr__pfet_g5v0d10v5 L=4 W=20 nf=4 ad=2.9 as=4.35 pd=21.16 ps=31.74 nrd=0.0145 nrs=0.0145 sa=0
| + sb=0 sd=0 mult=1 m=1
| XM_ENP5 PB EN VIN VIN sky130_fd_pr__pfet_g5v0d10v5 L=0.5 W=2 nf=1 ad=0.58 as=0.58 pd=4.58 ps=4.58 nrd=0.145 nrs=0.145 sa=0 sb=0
| + sd=0 mult=1 m=1
| XM_PASS VOUT EA_OUT VIN VIN sky130_fd_pr__pfet_g5v0d10v5 L=0.5 W=100 nf=25 ad=15.08 as=15.08 pd=111.54 ps=111.54 nrd=0.0029
| + nrs=0.0029 sa=0 sb=0 sd=0 mult=25 m=25
| C_COMP VOUT EA_CZ 150p m=1
| XR_CZ EA_CZ EA_OUT 0 sky130_fd_pr__res_xhigh_po W=0.42 L=52 mult=1 m=1
| XR_FB_A VOUT FB 0 sky130_fd_pr__res_xhigh_po W=0.42 L=180 mult=1 m=1
| XR_FB_B FB N_FBB 0 sky130_fd_pr__res_xhigh_po W=0.42 L=180 mult=1 m=1
| XR_FB_C N_FBB 0 0 sky130_fd_pr__res_xhigh_po W=0.42 L=180 mult=1 m=1
| XM_SENSE CL_SNS EA_OUT VIN VIN sky130_fd_pr__pfet_g5v0d10v5 L=0.5 W=0.42 nf=1 ad=0.1218 as=0.1218 pd=1.42 ps=1.42
| + nrd=0.69047619047619 nrs=0.69047619047619 sa=0 sb=0 sd=0 mult=1 m=1
| XM_CLN1 CL_SNS CL_SNS AMP_ENN 0 sky130_fd_pr__nfet_g5v0d10v5 L=1 W=20 nf=1 ad=5.8 as=5.8 pd=40.58 ps=40.58 nrd=0.0145 nrs=0.0145
| + sa=0 sb=0 sd=0 mult=1 m=1
| XM_CLN2 CL_CMP CL_SNS AMP_ENN 0 sky130_fd_pr__nfet_g5v0d10v5 L=1 W=1.6 nf=1 ad=0.464 as=0.464 pd=3.78 ps=3.78 nrd=0.18125
| + nrs=0.18125 sa=0 sb=0 sd=0 mult=1 m=1
| XM_CLP CL_CMP BIASP VIN VIN sky130_fd_pr__pfet_g5v0d10v5 L=1 W=10 nf=2 ad=1.45 as=2.9 pd=10.58 ps=21.16 nrd=0.029 nrs=0.029 sa=0
| + sb=0 sd=0 mult=1 m=1
| XM_CLIM EA_OUT CL_CMP VIN VIN sky130_fd_pr__pfet_g5v0d10v5 L=0.5 W=20 nf=4 ad=2.9 as=4.35 pd=21.16 ps=31.74 nrd=0.0145 nrs=0.0145
| + sa=0 sb=0 sd=0 mult=1 m=1
| XM_ENP3 CL_CMP EN VIN VIN sky130_fd_pr__pfet_g5v0d10v5 L=0.5 W=2 nf=1 ad=0.58 as=0.58 pd=4.58 ps=4.58 nrd=0.145 nrs=0.145 sa=0
| + sb=0 sd=0 mult=1 m=1
| C_CL VIN CL_CMP 1p m=1
| XM_INVP ENB EN VIN VIN sky130_fd_pr__pfet_g5v0d10v5 L=0.5 W=2 nf=1 ad=0.58 as=0.58 pd=4.58 ps=4.58 nrd=0.145 nrs=0.145 sa=0 sb=0
| + sd=0 mult=1 m=1
| XM_INVN ENB EN 0 0 sky130_fd_pr__nfet_g5v0d10v5 L=0.5 W=1 nf=1 ad=0.29 as=0.29 pd=2.58 ps=2.58 nrd=0.29 nrs=0.29 sa=0 sb=0 sd=0
| + mult=1 m=1
| XM_SSDIS SS ENB 0 0 sky130_fd_pr__nfet_g5v0d10v5 L=0.5 W=2 nf=1 ad=0.58 as=0.58 pd=4.58 ps=4.58 nrd=0.145 nrs=0.145 sa=0 sb=0 sd=0
| + mult=1 m=1
| XM_SSCHG SS BIASP VIN VIN sky130_fd_pr__pfet_g5v0d10v5 L=8 W=1 nf=1 ad=0.29 as=0.29 pd=2.58 ps=2.58 nrd=0.29 nrs=0.29 sa=0 sb=0
| + sd=0 mult=1 m=1
| C_SS SS 0 10p m=1
| XM_IN2S EA_D2 SS EA_TAIL VIN sky130_fd_pr__pfet_g5v0d10v5 L=2 W=10 nf=2 ad=1.45 as=2.9 pd=10.58 ps=21.16 nrd=0.029 nrs=0.029 sa=0
| + sb=0 sd=0 mult=1 m=1
| XM_TSPS TS_SNS BIASP VIN VIN sky130_fd_pr__pfet_g5v0d10v5 L=1 W=2.5 nf=1 ad=0.725 as=0.725 pd=5.58 ps=5.58 nrd=0.116 nrs=0.116
| + sa=0 sb=0 sd=0 mult=1 m=1
| XM_TSD1 TS_SNS TS_SNS TS_MID 0 sky130_fd_pr__nfet_g5v0d10v5 L=1 W=80 nf=16 ad=11.6 as=13.05 pd=84.64 ps=95.22 nrd=0.003625
| + nrs=0.003625 sa=0 sb=0 sd=0 mult=1 m=1
| XM_TSD2 TS_MID TS_MID AMP_ENN 0 sky130_fd_pr__nfet_g5v0d10v5 L=1 W=80 nf=16 ad=11.6 as=13.05 pd=84.64 ps=95.22 nrd=0.003625
| + nrs=0.003625 sa=0 sb=0 sd=0 mult=1 m=1
| XM_TSPR TS_REF BIASP VIN VIN sky130_fd_pr__pfet_g5v0d10v5 L=1 W=2.5 nf=1 ad=0.725 as=0.725 pd=5.58 ps=5.58 nrd=0.116 nrs=0.116
| + sa=0 sb=0 sd=0 mult=1 m=1
| XM_TSR1 TS_REF TS_REF AMP_ENN 0 sky130_fd_pr__nfet_g5v0d10v5 L=10 W=2 nf=1 ad=0.58 as=0.58 pd=4.58 ps=4.58 nrd=0.145 nrs=0.145
| + sa=0 sb=0 sd=0 mult=1 m=1
| XM_TCTAIL TC_TAIL NB AMP_ENN 0 sky130_fd_pr__nfet_g5v0d10v5 L=1 W=1 nf=1 ad=0.29 as=0.29 pd=2.58 ps=2.58 nrd=0.29 nrs=0.29 sa=0
| + sb=0 sd=0 mult=1 m=1
| XM_TCN1 TC_D1 TS_SNS TC_TAIL 0 sky130_fd_pr__nfet_g5v0d10v5 L=2 W=10 nf=2 ad=1.45 as=2.9 pd=10.58 ps=21.16 nrd=0.029 nrs=0.029
| + sa=0 sb=0 sd=0 mult=1 m=1
| XM_TCN2 TS_CMP TS_REF TC_TAIL 0 sky130_fd_pr__nfet_g5v0d10v5 L=2 W=10 nf=2 ad=1.45 as=2.9 pd=10.58 ps=21.16 nrd=0.029 nrs=0.029
| + sa=0 sb=0 sd=0 mult=1 m=1
| XM_TCP1 TC_D1 TC_D1 VIN VIN sky130_fd_pr__pfet_g5v0d10v5 L=2 W=10 nf=2 ad=1.45 as=2.9 pd=10.58 ps=21.16 nrd=0.029 nrs=0.029 sa=0
| + sb=0 sd=0 mult=1 m=1
| XM_TCP2 TS_CMP TC_D1 VIN VIN sky130_fd_pr__pfet_g5v0d10v5 L=2 W=10 nf=2 ad=1.45 as=2.9 pd=10.58 ps=21.16 nrd=0.029 nrs=0.029 sa=0
| + sb=0 sd=0 mult=1 m=1
| XM_TSHUT EA_OUT TS_CMP VIN VIN sky130_fd_pr__pfet_g5v0d10v5 L=0.5 W=20 nf=4 ad=2.9 as=4.35 pd=21.16 ps=31.74 nrd=0.0145 nrs=0.0145
| + sa=0 sb=0 sd=0 mult=1 m=1
| XM_TSHYSB TS_HYS BIASP VIN VIN sky130_fd_pr__pfet_g5v0d10v5 L=2 W=1.5 nf=1 ad=0.435 as=0.435 pd=3.58 ps=3.58 nrd=0.193333333333333
| + nrs=0.193333333333333 sa=0 sb=0 sd=0 mult=1 m=1
| XM_TSHYS TS_REF TS_CMP TS_HYS VIN sky130_fd_pr__pfet_g5v0d10v5 L=0.5 W=2 nf=1 ad=0.58 as=0.58 pd=4.58 ps=4.58 nrd=0.145 nrs=0.145
| + sa=0 sb=0 sd=0 mult=1 m=1
| XM_ENP4 TS_CMP EN VIN VIN sky130_fd_pr__pfet_g5v0d10v5 L=0.5 W=2 nf=1 ad=0.58 as=0.58 pd=4.58 ps=4.58 nrd=0.145 nrs=0.145 sa=0
| + sb=0 sd=0 mult=1 m=1
| C_TS VIN TS_CMP 1p m=1
| .ends
| 
| .control
| save all
| * --- leg 1: C_out 0.33uF, 0 mA (feedback divider is the only preload) ---
| tran 10u 4m
| meas tran vpk max v(vout) from=100u to=4m
| meas tran vfloor min v(vout) from=3.1m to=4m
| meas tran tset when v(vout)=1.764 rise=1
| * --- leg 2: C_out 0.33uF, 50 mA ---
| alter rload = 36
| tran 10u 4m
| meas tran vpk max v(vout) from=100u to=4m
| meas tran vfloor min v(vout) from=3.1m to=4m
| meas tran tset when v(vout)=1.764 rise=1
| * --- leg 3: C_out 4.7uF, 0 mA ---
| alter cout = 4.7u
| alter rload = 1e12
| tran 10u 4m
| meas tran vpk max v(vout) from=100u to=4m
| meas tran vfloor min v(vout) from=3.1m to=4m
| meas tran tset when v(vout)=1.764 rise=1
| * --- leg 4: C_out 4.7uF, 50 mA ---
| alter rload = 36
| tran 10u 4m
| meas tran vpk max v(vout) from=100u to=4m
| meas tran vfloor min v(vout) from=3.1m to=4m
| meas tran tset when v(vout)=1.764 rise=1
| let meas_vpk_c033_0ma_v = tran1.vpk
| let meas_vfloor_c033_0ma_v = tran1.vfloor
| let meas_tramp_c033_0ma_ms = 1000*(tran1.tset - 100u)
| let meas_vpk_c033_50ma_v = tran2.vpk
| let meas_vfloor_c033_50ma_v = tran2.vfloor
| let meas_tramp_c033_50ma_ms = 1000*(tran2.tset - 100u)
| let meas_vpk_c47_0ma_v = tran3.vpk
| let meas_vfloor_c47_0ma_v = tran3.vfloor
| let meas_tramp_c47_0ma_ms = 1000*(tran3.tset - 100u)
| let meas_vpk_c47_50ma_v = tran4.vpk
| let meas_vfloor_c47_50ma_v = tran4.vfloor
| let meas_tramp_c47_50ma_ms = 1000*(tran4.tset - 100u)
| print meas_vpk_c033_0ma_v
| print meas_vfloor_c033_0ma_v
| print meas_tramp_c033_0ma_ms
| print meas_vpk_c033_50ma_v
| print meas_vfloor_c033_50ma_v
| print meas_tramp_c033_50ma_ms
| print meas_vpk_c47_0ma_v
| print meas_vfloor_c47_0ma_v
| print meas_tramp_c47_0ma_ms
| print meas_vpk_c47_50ma_v
| print meas_vfloor_c47_50ma_v
| print meas_tramp_c47_50ma_ms
| quit
| .endc
| .end

# ==== ngspice stdout ====

Note: Compatibility modes selected: hs a


Circuit: * startup corner deck -- generated by sim/bin/corner-run.py, do not edit

option SCALE: Scale is set to 1e-06 for instance and model parameters
option SCALE: Scale is set to 1e-06 for instance and model parameters
option SCALE: Scale is set to 1e-06 for instance and model parameters
option SCALE: Scale is set to 1e-06 for instance and model parameters
Doing analysis at TEMP = -40.000000 and TNOM = 27.000000

Using KLU as Direct Linear Solver
 Reference value :  0.00000e+00
 Reference value :  4.00000e-07
 Reference value :  3.20000e-06
 Reference value :  3.28000e-05
 Reference value :  7.28000e-05
 Reference value :  1.00000e-04
 Reference value :  1.00300e-04
 Reference value :  1.00412e-04
 Reference value :  1.00491e-04
 Reference value :  1.00543e-04
 Reference value :  1.00662e-04
 Reference value :  1.00722e-04
 Reference value :  1.00772e-04
 Reference value :  1.00855e-04
 Reference value :  1.00929e-04
 Reference value :  1.01000e-04
 Reference value :  1.01013e-04
 Reference value :  1.01066e-04
 Reference value :  1.01473e-04
 Reference value :  1.02589e-04
 Reference value :  1.10358e-04
 Reference value :  1.29706e-04
 Reference value :  1.36477e-04
 Reference value :  1.53894e-04
 Reference value :  1.73894e-04
 Reference value :  2.03894e-04
 Reference value :  2.33894e-04
 Reference value :  2.73894e-04
 Reference value :  3.03894e-04
 Reference value :  3.33894e-04
 Reference value :  3.53894e-04
 Reference value :  3.73894e-04
 Reference value :  4.13894e-04
 Reference value :  4.53894e-04
 Reference value :  4.83894e-04
 Reference value :  5.03894e-04
 Reference value :  5.33894e-04
 Reference value :  5.63894e-04
 Reference value :  5.93894e-04
 Reference value :  6.23894e-04
 Reference value :  6.53894e-04
 Reference value :  6.83894e-04
 Reference value :  7.23894e-04
 Reference value :  7.63894e-04
 Reference value :  8.03894e-04
 Reference value :  8.43894e-04
 Reference value :  8.83894e-04
 Reference value :  9.23894e-04
 Reference value :  9.63894e-04
 Reference value :  9.93894e-04
 Reference value :  1.02389e-03
 Reference value :  1.05389e-03
 Reference value :  1.09389e-03
 Reference value :  1.13389e-03
 Reference value :  1.17389e-03
 Reference value :  1.20389e-03
 Reference value :  1.23389e-03
 Reference value :  1.26389e-03
 Reference value :  1.29389e-03
 Reference value :  1.33389e-03
 Reference value :  1.37389e-03
 Reference value :  1.41389e-03
 Reference value :  1.44389e-03
 Reference value :  1.48389e-03
 Reference value :  1.52389e-03
 Reference value :  1.55389e-03
 Reference value :  1.58389e-03
 Reference value :  1.61389e-03
 Reference value :  1.64389e-03
 Reference value :  1.67389e-03
 Reference value :  1.70389e-03
 Reference value :  1.74389e-03
 Reference value :  1.77389e-03
 Reference value :  1.80389e-03
 Reference value :  1.84389e-03
 Reference value :  1.88389e-03
 Reference value :  1.92389e-03
 Reference value :  1.96389e-03
 Reference value :  2.00389e-03
 Reference value :  2.03389e-03
 Reference value :  2.07389e-03
 Reference value :  2.11389e-03
 Reference value :  2.14389e-03
 Reference value :  2.17389e-03
 Reference value :  2.22389e-03
 Reference value :  2.25389e-03
 Reference value :  2.28389e-03
 Reference value :  2.32389e-03
 Reference value :  2.36389e-03
 Reference value :  2.40389e-03
 Reference value :  2.43389e-03
 Reference value :  2.47389e-03
 Reference value :  2.51389e-03
 Reference value :  2.54389e-03
 Reference value :  2.58389e-03
 Reference value :  2.61389e-03
 Reference value :  2.64389e-03
 Reference value :  2.67389e-03
 Reference value :  2.71389e-03
 Reference value :  2.75389e-03
 Reference value :  2.78389e-03
 Reference value :  2.82389e-03
 Reference value :  2.85389e-03
 Reference value :  2.90389e-03
 Reference value :  2.94389e-03
 Reference value :  2.97389e-03
 Reference value :  3.00389e-03
 Reference value :  3.04389e-03
 Reference value :  3.07389e-03
 Reference value :  3.10389e-03
 Reference value :  3.14389e-03
 Reference value :  3.17389e-03
 Reference value :  3.20389e-03
 Reference value :  3.25389e-03
 Reference value :  3.30389e-03
 Reference value :  3.34389e-03
 Reference value :  3.38389e-03
 Reference value :  3.43389e-03
 Reference value :  3.47389e-03
 Reference value :  3.51389e-03
 Reference value :  3.54389e-03
 Reference value :  3.58389e-03
 Reference value :  3.62389e-03
 Reference value :  3.65389e-03
 Reference value :  3.69389e-03
 Reference value :  3.74389e-03
 Reference value :  3.78389e-03
 Reference value :  3.82389e-03
 Reference value :  3.85389e-03
 Reference value :  3.88389e-03
 Reference value :  3.92389e-03
 Reference value :  3.96389e-03
No. of Data Rows : 437
vpk                 =  1.80888e+00 at=  7.03894e-04
vfloor              =  1.80345e+00 at=  4.00000e-03
tset                =  3.73519e-04
Doing analysis at TEMP = -40.000000 and TNOM = 27.000000

Using KLU as Direct Linear Solver
 Reference value :  0.00000e+00
 Reference value :  8.00000e-07
 Reference value :  1.28000e-05
 Reference value :  6.28000e-05
 Reference value :  1.00000e-04
 Reference value :  1.00300e-04
 Reference value :  1.00412e-04
 Reference value :  1.00491e-04
 Reference value :  1.00543e-04
 Reference value :  1.00599e-04
 Reference value :  1.00722e-04
 Reference value :  1.00772e-04
 Reference value :  1.00854e-04
 Reference value :  1.00929e-04
 Reference value :  1.01000e-04
 Reference value :  1.01013e-04
 Reference value :  1.01066e-04
 Reference value :  1.01472e-04
 Reference value :  1.03693e-04
 Reference value :  1.15497e-04
 Reference value :  1.29095e-04
 Reference value :  1.42596e-04
 Reference value :  1.82596e-04
 Reference value :  2.12596e-04
 Reference value :  2.52596e-04
 Reference value :  2.92596e-04
 Reference value :  3.32596e-04
 Reference value :  3.52596e-04
 Reference value :  3.82596e-04
 Reference value :  4.22596e-04
 Reference value :  4.72596e-04
 Reference value :  5.12596e-04
 Reference value :  5.52596e-04
 Reference value :  6.02596e-04
 Reference value :  6.52596e-04
 Reference value :  6.82596e-04
 Reference value :  7.22596e-04
 Reference value :  7.52596e-04
 Reference value :  7.92596e-04
 Reference value :  8.32596e-04
 Reference value :  8.62596e-04
 Reference value :  9.02596e-04
 Reference value :  9.32596e-04
 Reference value :  9.62596e-04
 Reference value :  1.00260e-03
 Reference value :  1.04260e-03
 Reference value :  1.09260e-03
 Reference value :  1.12260e-03
 Reference value :  1.15260e-03
 Reference value :  1.19260e-03
 Reference value :  1.23260e-03
 Reference value :  1.26260e-03
 Reference value :  1.29260e-03
 Reference value :  1.33260e-03
 Reference value :  1.36260e-03
 Reference value :  1.39260e-03
 Reference value :  1.42260e-03
 Reference value :  1.45260e-03
 Reference value :  1.48260e-03
 Reference value :  1.51260e-03
 Reference value :  1.54260e-03
 Reference value :  1.57260e-03
 Reference value :  1.61260e-03
 Reference value :  1.65260e-03
 Reference value :  1.69260e-03
 Reference value :  1.72260e-03
 Reference value :  1.75260e-03
 Reference value :  1.79260e-03
 Reference value :  1.82260e-03
 Reference value :  1.86260e-03
 Reference value :  1.90260e-03
 Reference value :  1.94260e-03
 Reference value :  1.97260e-03
 Reference value :  2.00260e-03
 Reference value :  2.04260e-03
 Reference value :  2.08260e-03
 Reference value :  2.11260e-03
 Reference value :  2.14260e-03
 Reference value :  2.18260e-03
 Reference value :  2.21260e-03
 Reference value :  2.25260e-03
 Reference value :  2.28260e-03
 Reference value :  2.32260e-03
 Reference value :  2.36260e-03
 Reference value :  2.39260e-03
 Reference value :  2.44260e-03
 Reference value :  2.48260e-03
 Reference value :  2.52260e-03
 Reference value :  2.56260e-03
 Reference value :  2.60260e-03
 Reference value :  2.64260e-03
 Reference value :  2.68260e-03
 Reference value :  2.72260e-03
 Reference value :  2.75260e-03
 Reference value :  2.78260e-03
 Reference value :  2.82260e-03
 Reference value :  2.86260e-03
 Reference value :  2.90260e-03
 Reference value :  2.94260e-03
 Reference value :  2.98260e-03
 Reference value :  3.02260e-03
 Reference value :  3.05260e-03
 Reference value :  3.09260e-03
 Reference value :  3.12260e-03
 Reference value :  3.17260e-03
 Reference value :  3.21260e-03
 Reference value :  3.25260e-03
 Reference value :  3.29260e-03
 Reference value :  3.32260e-03
 Reference value :  3.35260e-03
 Reference value :  3.39260e-03
 Reference value :  3.43260e-03
 Reference value :  3.46260e-03
 Reference value :  3.49260e-03
 Reference value :  3.53260e-03
 Reference value :  3.56260e-03
 Reference value :  3.59260e-03
 Reference value :  3.62260e-03
 Reference value :  3.65260e-03
 Reference value :  3.68260e-03
 Reference value :  3.71260e-03
 Reference value :  3.74260e-03
 Reference value :  3.77260e-03
 Reference value :  3.80260e-03
 Reference value :  3.83260e-03
 Reference value :  3.86260e-03
 Reference value :  3.89260e-03
 Reference value :  3.93260e-03
 Reference value :  3.96260e-03
 Reference value :  3.99130e-03
No. of Data Rows : 437
vpk                 =  1.79807e+00 at=  1.15260e-03
vfloor              =  1.79807e+00 at=  3.99130e-03
tset                =  4.06538e-04
Doing analysis at TEMP = -40.000000 and TNOM = 27.000000

Using KLU as Direct Linear Solver
 Reference value :  0.00000e+00
 Reference value :  4.00000e-07
 Reference value :  6.40000e-06
 Reference value :  4.28000e-05
 Reference value :  7.28000e-05
 Reference value :  1.00000e-04
 Reference value :  1.00300e-04
 Reference value :  1.00412e-04
 Reference value :  1.00491e-04
 Reference value :  1.00543e-04
 Reference value :  1.00662e-04
 Reference value :  1.00722e-04
 Reference value :  1.00772e-04
 Reference value :  1.00820e-04
 Reference value :  1.00855e-04
 Reference value :  1.00929e-04
 Reference value :  1.01000e-04
 Reference value :  1.01013e-04
 Reference value :  1.01066e-04
 Reference value :  1.01278e-04
 Reference value :  1.02034e-04
 Reference value :  1.05919e-04
 Reference value :  1.22579e-04
 Reference value :  1.29709e-04
 Reference value :  1.36485e-04
 Reference value :  1.52361e-04
 Reference value :  1.72361e-04
 Reference value :  2.02361e-04
 Reference value :  2.32361e-04
 Reference value :  2.72361e-04
 Reference value :  3.02361e-04
 Reference value :  3.32361e-04
 Reference value :  3.52361e-04
 Reference value :  3.82361e-04
 Reference value :  4.12361e-04
 Reference value :  4.42361e-04
 Reference value :  4.72361e-04
 Reference value :  5.02361e-04
 Reference value :  5.22361e-04
 Reference value :  5.42361e-04
 Reference value :  5.62361e-04
 Reference value :  5.82361e-04
 Reference value :  6.02361e-04
 Reference value :  6.32361e-04
 Reference value :  6.62361e-04
 Reference value :  6.92361e-04
 Reference value :  7.22361e-04
 Reference value :  7.62361e-04
 Reference value :  8.02361e-04
 Reference value :  8.42361e-04
 Reference value :  8.72361e-04
 Reference value :  9.02361e-04
 Reference value :  9.32361e-04
 Reference value :  9.72361e-04
 Reference value :  1.00236e-03
 Reference value :  1.04236e-03
 Reference value :  1.08236e-03
 Reference value :  1.12236e-03
 Reference value :  1.15236e-03
 Reference value :  1.18236e-03
 Reference value :  1.21236e-03
 Reference value :  1.25236e-03
 Reference value :  1.29236e-03
 Reference value :  1.33236e-03
 Reference value :  1.36236e-03
 Reference value :  1.39236e-03
 Reference value :  1.42236e-03
 Reference value :  1.45236e-03
 Reference value :  1.48236e-03
 Reference value :  1.51236e-03
 Reference value :  1.55236e-03
 Reference value :  1.58236e-03
 Reference value :  1.61236e-03
 Reference value :  1.64236e-03
 Reference value :  1.68236e-03
 Reference value :  1.72236e-03
 Reference value :  1.75236e-03
 Reference value :  1.78236e-03
 Reference value :  1.82236e-03
 Reference value :  1.86236e-03
 Reference value :  1.89236e-03
 Reference value :  1.92236e-03
 Reference value :  1.95236e-03
 Reference value :  1.99236e-03
 Reference value :  2.03236e-03
 Reference value :  2.06236e-03
 Reference value :  2.10236e-03
 Reference value :  2.14236e-03
 Reference value :  2.17236e-03
 Reference value :  2.21236e-03
 Reference value :  2.24236e-03
 Reference value :  2.28236e-03
 Reference value :  2.32236e-03
 Reference value :  2.36236e-03
 Reference value :  2.40236e-03
 Reference value :  2.44236e-03
 Reference value :  2.48236e-03
 Reference value :  2.51236e-03
 Reference value :  2.54236e-03
 Reference value :  2.57236e-03
 Reference value :  2.60236e-03
 Reference value :  2.64236e-03
 Reference value :  2.68236e-03
 Reference value :  2.72236e-03
 Reference value :  2.76236e-03
 Reference value :  2.79236e-03
 Reference value :  2.82236e-03
 Reference value :  2.86236e-03
 Reference value :  2.89236e-03
 Reference value :  2.92236e-03
 Reference value :  2.96236e-03
 Reference value :  3.00236e-03
 Reference value :  3.04236e-03
 Reference value :  3.07236e-03
 Reference value :  3.10236e-03
 Reference value :  3.13236e-03
 Reference value :  3.17236e-03
 Reference value :  3.20236e-03
 Reference value :  3.23236e-03
 Reference value :  3.26236e-03
 Reference value :  3.29236e-03
 Reference value :  3.33236e-03
 Reference value :  3.36236e-03
 Reference value :  3.39236e-03
 Reference value :  3.43236e-03
 Reference value :  3.47236e-03
 Reference value :  3.51236e-03
 Reference value :  3.55236e-03
 Reference value :  3.58236e-03
 Reference value :  3.61236e-03
 Reference value :  3.64236e-03
 Reference value :  3.67236e-03
 Reference value :  3.70236e-03
 Reference value :  3.74236e-03
 Reference value :  3.77236e-03
 Reference value :  3.80236e-03
 Reference value :  3.83236e-03
 Reference value :  3.86236e-03
 Reference value :  3.90236e-03
 Reference value :  3.94236e-03
 Reference value :  3.98236e-03
No. of Data Rows : 437
vpk                 =  1.81959e+00 at=  6.02361e-04
vfloor              =  1.81920e+00 at=  4.00000e-03
tset                =  3.60909e-04
Doing analysis at TEMP = -40.000000 and TNOM = 27.000000

Using KLU as Direct Linear Solver
 Reference value :  0.00000e+00
 Reference value :  4.00000e-07
 Reference value :  6.40000e-06
 Reference value :  4.28000e-05
 Reference value :  8.28000e-05
 Reference value :  1.00100e-04
 Reference value :  1.00300e-04
 Reference value :  1.00412e-04
 Reference value :  1.00491e-04
 Reference value :  1.00543e-04
 Reference value :  1.00662e-04
 Reference value :  1.00722e-04
 Reference value :  1.00772e-04
 Reference value :  1.00854e-04
 Reference value :  1.00929e-04
 Reference value :  1.01000e-04
 Reference value :  1.01031e-04
 Reference value :  1.01136e-04
 Reference value :  1.02033e-04
 Reference value :  1.05907e-04
 Reference value :  1.22565e-04
 Reference value :  1.29857e-04
 Reference value :  1.44060e-04
 Reference value :  1.62907e-04
 Reference value :  1.82907e-04
 Reference value :  2.12907e-04
 Reference value :  2.52907e-04
 Reference value :  2.92907e-04
 Reference value :  3.22907e-04
 Reference value :  3.52907e-04
 Reference value :  3.72907e-04
 Reference value :  4.12907e-04
 Reference value :  4.52907e-04
 Reference value :  4.92907e-04
 Reference value :  5.22907e-04
 Reference value :  5.52907e-04
 Reference value :  5.82907e-04
 Reference value :  6.22907e-04
 Reference value :  6.62907e-04
 Reference value :  6.92907e-04
 Reference value :  7.22907e-04
 Reference value :  7.52907e-04
 Reference value :  7.82907e-04
 Reference value :  8.22907e-04
 Reference value :  8.62907e-04
 Reference value :  8.92907e-04
 Reference value :  9.22907e-04
 Reference value :  9.62907e-04
 Reference value :  1.00291e-03
 Reference value :  1.04291e-03
 Reference value :  1.08291e-03
 Reference value :  1.12291e-03
 Reference value :  1.16291e-03
 Reference value :  1.20291e-03
 Reference value :  1.24291e-03
 Reference value :  1.27291e-03
 Reference value :  1.31291e-03
 Reference value :  1.34291e-03
 Reference value :  1.37291e-03
 Reference value :  1.41291e-03
 Reference value :  1.44291e-03
 Reference value :  1.48291e-03
 Reference value :  1.52291e-03
 Reference value :  1.55291e-03
 Reference value :  1.59291e-03
 Reference value :  1.63291e-03
 Reference value :  1.66291e-03
 Reference value :  1.69291e-03
 Reference value :  1.72291e-03
 Reference value :  1.75291e-03
 Reference value :  1.78291e-03
 Reference value :  1.81291e-03
 Reference value :  1.84291e-03
 Reference value :  1.88291e-03
 Reference value :  1.92291e-03
 Reference value :  1.95291e-03
 Reference value :  1.99291e-03
 Reference value :  2.02291e-03
 Reference value :  2.05291e-03
 Reference value :  2.08291e-03
 Reference value :  2.11291e-03
 Reference value :  2.14291e-03
 Reference value :  2.17291e-03
 Reference value :  2.20291e-03
 Reference value :  2.24291e-03
 Reference value :  2.27291e-03
 Reference value :  2.30291e-03
 Reference value :  2.34291e-03
 Reference value :  2.37291e-03
 Reference value :  2.40291e-03
 Reference value :  2.43291e-03
 Reference value :  2.46291e-03
 Reference value :  2.50291e-03
 Reference value :  2.53291e-03
 Reference value :  2.56291e-03
 Reference value :  2.60291e-03
 Reference value :  2.63291e-03
 Reference value :  2.67291e-03
 Reference value :  2.70291e-03
 Reference value :  2.73291e-03
 Reference value :  2.77291e-03
 Reference value :  2.80291e-03
 Reference value :  2.84291e-03
 Reference value :  2.87291e-03
 Reference value :  2.91291e-03
 Reference value :  2.95291e-03
 Reference value :  2.99291e-03
 Reference value :  3.02291e-03
 Reference value :  3.06291e-03
 Reference value :  3.10291e-03
 Reference value :  3.13291e-03
 Reference value :  3.16291e-03
 Reference value :  3.19291e-03
 Reference value :  3.23291e-03
 Reference value :  3.26291e-03
 Reference value :  3.29291e-03
 Reference value :  3.33291e-03
 Reference value :  3.36291e-03
 Reference value :  3.40291e-03
 Reference value :  3.43291e-03
 Reference value :  3.47291e-03
 Reference value :  3.51291e-03
 Reference value :  3.55291e-03
 Reference value :  3.59291e-03
 Reference value :  3.62291e-03
 Reference value :  3.66291e-03
 Reference value :  3.70291e-03
 Reference value :  3.73291e-03
 Reference value :  3.77291e-03
 Reference value :  3.81291e-03
 Reference value :  3.85291e-03
 Reference value :  3.89291e-03
 Reference value :  3.92291e-03
 Reference value :  3.96291e-03
 Reference value :  4.00000e-03
No. of Data Rows : 437
vpk                 =  1.79807e+00 at=  1.06291e-03
vfloor              =  1.79807e+00 at=  4.00000e-03
tset                =  3.78417e-04
meas_vpk_c033_0ma_v = 1.808881e+00
meas_vfloor_c033_0ma_v = 1.803450e+00
meas_tramp_c033_0ma_ms = 2.735192e-01
meas_vpk_c033_50ma_v = 1.798075e+00
meas_vfloor_c033_50ma_v = 1.798073e+00
meas_tramp_c033_50ma_ms = 3.065381e-01
meas_vpk_c47_0ma_v = 1.819590e+00
meas_vfloor_c47_0ma_v = 1.819196e+00
meas_tramp_c47_0ma_ms = 2.609094e-01
meas_vpk_c47_50ma_v = 1.798075e+00
meas_vfloor_c47_50ma_v = 1.798073e+00
meas_tramp_c47_50ma_ms = 2.784175e-01
ngspice-46 done

# ==== ngspice stderr ====
Note: Starting dynamic gmin stepping
Note: Dynamic gmin stepping completed
Note: Starting dynamic gmin stepping
Note: Dynamic gmin stepping completed
