
Note: Compatibility modes selected: hs a


Circuit: * issue #253 folded-resistor single-operating-point comparison

option SCALE: Scale is set to 1e-06 for instance and model parameters
option SCALE: Scale is set to 1e-06 for instance and model parameters
option SCALE: Scale is set to 1e-06 for instance and model parameters
option SCALE: Scale is set to 1e-06 for instance and model parameters
Doing analysis at TEMP = 27.000000 and TNOM = 27.000000

Using KLU as Direct Linear Solver
 Reference value :  0.00000e+00
No. of Data Rows : 1
r_r_bias_n1 = 1.215106716311e+06
r_r_bias_n2 = 1.215927934214e+06
r_r_bias_n2_j = 1.215965724714e+06
r_r_bias_n4 = 1.217570370018e+06
r_r_bias_n4_j = 1.217683741523e+06
r_r_bias_n8 = 1.220855241630e+06
r_r_bias_n8_j = 1.221119775132e+06
r_r_bias_n16 = 1.227424984848e+06
r_r_bias_n16_j = 1.227991842358e+06
r_r_bias_n32 = 1.240564471291e+06
r_r_bias_n32_j = 1.241735976769e+06
r_r_fb_a_n1 = 1.040766371839e+06
r_r_fb_a_n2 = 1.040556214945e+06
r_r_fb_a_n2_j = 1.040594002525e+06
r_r_fb_a_n3 = 1.040400769315e+06
r_r_fb_a_n3_j = 1.040476346446e+06
r_r_fb_a_n4 = 1.040259002620e+06
r_r_fb_a_n4_j = 1.040372369804e+06
r_r_fb_a_n6 = 1.039989142298e+06
r_r_fb_a_n6_j = 1.040178090070e+06
Note: Simulation executed from .control section 
