# corner: ss_-40c_2.97v
# process=ss temp=-40C supply=2.97V
# ngspice exit: 0
# wall clock: 144.4s (--timeout was 300s)
# result: PASS

# ==== deck (exact input given to ngspice) ====
| * enable-shutdown corner deck -- generated by sim/bin/corner-run.py, do not edit
| * corner: ss_-40c_2.97v
| .param vsup=2.97
| .option wnflag=1
| .temp -40
| .lib "/home/ubuntu/.volare/sky130A/libs.tech/combined/sky130.lib.spice" ss
| ** sch_path: sim/enable-shutdown/testbench/tb_enable_shutdown.sch
| **.subckt tb_enable_shutdown
| VVIN VIN 0 'vsup'
| .save i(vvin)
| VEN EN 0 dc 0 pwl(0 0 100u 0 101u 'vsup' 2m 'vsup' 2.001m 0 10 0)
| .save i(ven)
| VVREF VREF 0 1.2
| .save i(vvref)
| xldo VOUT VREF EN VIN ldo_3v3in_1v8out
| COUT VOUT VESR 1u m=1
| RESR VESR 0 10m m=1
| RLOAD VOUT 0 1e12 m=1
| RFORCE VOUT VF 1e12 m=1
| VFORCE VF 0 0
| .save i(vforce)
| **.ends
| 
| * expanding   symbol:  design/ldo_3v3in_1v8out.sym # of pins=4
| ** sym_path: design/ldo_3v3in_1v8out.sym
| ** sch_path: design/ldo_3v3in_1v8out.sch
| .subckt ldo_3v3in_1v8out VOUT VREF EN VIN
| *.ipin VIN
| *.ipin EN
| *.ipin VREF
| *.opin VOUT
| XR_BIAS VIN NB 0 sky130_fd_pr__res_high_po W=0.42 L=1500 mult=1 m=1
| XM_BIASN1 NB NB BIAS_ENN 0 sky130_fd_pr__nfet_g5v0d10v5 L=1 W=4 nf=1 ad=1.16 as=1.16 pd=8.58 ps=8.58 nrd=0.0725 nrs=0.0725 sa=0
| + sb=0 sd=0 mult=1 m=1
| XM_ENN BIAS_ENN EN 0 0 sky130_fd_pr__nfet_g5v0d10v5 L=0.5 W=10 nf=1 ad=2.9 as=2.9 pd=20.58 ps=20.58 nrd=0.029 nrs=0.029 sa=0 sb=0
| + sd=0 mult=1 m=1
| XM_BIASN2 BIASP NB BIAS_ENN 0 sky130_fd_pr__nfet_g5v0d10v5 L=1 W=4 nf=1 ad=1.16 as=1.16 pd=8.58 ps=8.58 nrd=0.0725 nrs=0.0725 sa=0
| + sb=0 sd=0 mult=1 m=1
| XM_BIASP1 BIASP BIASP VIN VIN sky130_fd_pr__pfet_g5v0d10v5 L=1 W=10 nf=2 ad=1.45 as=2.9 pd=10.58 ps=21.16 nrd=0.029 nrs=0.029 sa=0
| + sb=0 sd=0 mult=1 m=1
| XM_ENP2 BIASP EN VIN VIN sky130_fd_pr__pfet_g5v0d10v5 L=0.5 W=10 nf=1 ad=2.9 as=2.9 pd=20.58 ps=20.58 nrd=0.029 nrs=0.029 sa=0
| + sb=0 sd=0 mult=1 m=1
| XM_TAIL EA_TAIL BIASP VIN VIN sky130_fd_pr__pfet_g5v0d10v5 L=2 W=40 nf=8 ad=5.8 as=7.25 pd=42.32 ps=52.9 nrd=0.00725 nrs=0.00725
| + sa=0 sb=0 sd=0 mult=1 m=1
| XM_IN1 EA_D1 FB EA_TAIL VIN sky130_fd_pr__pfet_g5v0d10v5 L=2 W=10 nf=2 ad=1.45 as=2.9 pd=10.58 ps=21.16 nrd=0.029 nrs=0.029 sa=0
| + sb=0 sd=0 mult=1 m=1
| XM_IN2 EA_D2 VREF EA_TAIL VIN sky130_fd_pr__pfet_g5v0d10v5 L=2 W=10 nf=2 ad=1.45 as=2.9 pd=10.58 ps=21.16 nrd=0.029 nrs=0.029 sa=0
| + sb=0 sd=0 mult=1 m=1
| XM_MIR1 EA_D1 EA_D1 AMP_ENN 0 sky130_fd_pr__nfet_g5v0d10v5 L=4 W=10 nf=2 ad=1.45 as=2.9 pd=10.58 ps=21.16 nrd=0.029 nrs=0.029 sa=0
| + sb=0 sd=0 mult=1 m=1
| XM_MIR2 EA_OUT EA_D1 AMP_ENN 0 sky130_fd_pr__nfet_g5v0d10v5 L=4 W=10 nf=2 ad=1.45 as=2.9 pd=10.58 ps=21.16 nrd=0.029 nrs=0.029
| + sa=0 sb=0 sd=0 mult=1 m=1
| XM_ENN2 AMP_ENN EN 0 0 sky130_fd_pr__nfet_g5v0d10v5 L=0.5 W=10 nf=1 ad=2.9 as=2.9 pd=20.58 ps=20.58 nrd=0.029 nrs=0.029 sa=0 sb=0
| + sd=0 mult=1 m=1
| XM_ENP EA_OUT EN VIN VIN sky130_fd_pr__pfet_g5v0d10v5 L=0.5 W=10 nf=1 ad=2.9 as=2.9 pd=20.58 ps=20.58 nrd=0.029 nrs=0.029 sa=0
| + sb=0 sd=0 mult=1 m=1
| XM_MIR3 EA_D2 EA_D2 AMP_ENN 0 sky130_fd_pr__nfet_g5v0d10v5 L=4 W=10 nf=2 ad=1.45 as=2.9 pd=10.58 ps=21.16 nrd=0.029 nrs=0.029 sa=0
| + sb=0 sd=0 mult=1 m=1
| XM_MIR4 PB EA_D2 AMP_ENN 0 sky130_fd_pr__nfet_g5v0d10v5 L=4 W=10 nf=2 ad=1.45 as=2.9 pd=10.58 ps=21.16 nrd=0.029 nrs=0.029 sa=0
| + sb=0 sd=0 mult=1 m=1
| XM_MIRP1 PB PB VIN VIN sky130_fd_pr__pfet_g5v0d10v5 L=4 W=20 nf=4 ad=2.9 as=4.35 pd=21.16 ps=31.74 nrd=0.0145 nrs=0.0145 sa=0 sb=0
| + sd=0 mult=1 m=1
| XM_MIRP2 EA_OUT PB VIN VIN sky130_fd_pr__pfet_g5v0d10v5 L=4 W=20 nf=4 ad=2.9 as=4.35 pd=21.16 ps=31.74 nrd=0.0145 nrs=0.0145 sa=0
| + sb=0 sd=0 mult=1 m=1
| XM_ENP5 PB EN VIN VIN sky130_fd_pr__pfet_g5v0d10v5 L=0.5 W=2 nf=1 ad=0.58 as=0.58 pd=4.58 ps=4.58 nrd=0.145 nrs=0.145 sa=0 sb=0
| + sd=0 mult=1 m=1
| XM_PASS VOUT EA_OUT VIN VIN sky130_fd_pr__pfet_g5v0d10v5 L=0.5 W=100 nf=25 ad=15.08 as=15.08 pd=111.54 ps=111.54 nrd=0.0029
| + nrs=0.0029 sa=0 sb=0 sd=0 mult=25 m=25
| C_COMP VOUT EA_CZ 150p m=1
| XR_CZ EA_CZ EA_OUT 0 sky130_fd_pr__res_xhigh_po W=0.42 L=52 mult=1 m=1
| XR_FB_A VOUT FB 0 sky130_fd_pr__res_xhigh_po W=0.42 L=180 mult=1 m=1
| XR_FB_B FB N_FBB 0 sky130_fd_pr__res_xhigh_po W=0.42 L=180 mult=1 m=1
| XR_FB_C N_FBB 0 0 sky130_fd_pr__res_xhigh_po W=0.42 L=180 mult=1 m=1
| XM_SENSE CL_SNS EA_OUT VIN VIN sky130_fd_pr__pfet_g5v0d10v5 L=0.5 W=0.42 nf=1 ad=0.1218 as=0.1218 pd=1.42 ps=1.42
| + nrd=0.69047619047619 nrs=0.69047619047619 sa=0 sb=0 sd=0 mult=1 m=1
| XM_CLN1 CL_SNS CL_SNS AMP_ENN 0 sky130_fd_pr__nfet_g5v0d10v5 L=1 W=20 nf=1 ad=5.8 as=5.8 pd=40.58 ps=40.58 nrd=0.0145 nrs=0.0145
| + sa=0 sb=0 sd=0 mult=1 m=1
| XM_CLN2 CL_CMP CL_SNS AMP_ENN 0 sky130_fd_pr__nfet_g5v0d10v5 L=1 W=1.6 nf=1 ad=0.464 as=0.464 pd=3.78 ps=3.78 nrd=0.18125
| + nrs=0.18125 sa=0 sb=0 sd=0 mult=1 m=1
| XM_CLP CL_CMP BIASP VIN VIN sky130_fd_pr__pfet_g5v0d10v5 L=1 W=10 nf=2 ad=1.45 as=2.9 pd=10.58 ps=21.16 nrd=0.029 nrs=0.029 sa=0
| + sb=0 sd=0 mult=1 m=1
| XM_CLIM EA_OUT CL_CMP VIN VIN sky130_fd_pr__pfet_g5v0d10v5 L=0.5 W=20 nf=4 ad=2.9 as=4.35 pd=21.16 ps=31.74 nrd=0.0145 nrs=0.0145
| + sa=0 sb=0 sd=0 mult=1 m=1
| XM_ENP3 CL_CMP EN VIN VIN sky130_fd_pr__pfet_g5v0d10v5 L=0.5 W=2 nf=1 ad=0.58 as=0.58 pd=4.58 ps=4.58 nrd=0.145 nrs=0.145 sa=0
| + sb=0 sd=0 mult=1 m=1
| C_CL VIN CL_CMP 1p m=1
| XM_INVP ENB EN VIN VIN sky130_fd_pr__pfet_g5v0d10v5 L=0.5 W=2 nf=1 ad=0.58 as=0.58 pd=4.58 ps=4.58 nrd=0.145 nrs=0.145 sa=0 sb=0
| + sd=0 mult=1 m=1
| XM_INVN ENB EN 0 0 sky130_fd_pr__nfet_g5v0d10v5 L=0.5 W=1 nf=1 ad=0.29 as=0.29 pd=2.58 ps=2.58 nrd=0.29 nrs=0.29 sa=0 sb=0 sd=0
| + mult=1 m=1
| XM_SSDIS SS ENB 0 0 sky130_fd_pr__nfet_g5v0d10v5 L=0.5 W=2 nf=1 ad=0.58 as=0.58 pd=4.58 ps=4.58 nrd=0.145 nrs=0.145 sa=0 sb=0 sd=0
| + mult=1 m=1
| XM_SSCHG SS BIASP VIN VIN sky130_fd_pr__pfet_g5v0d10v5 L=8 W=1 nf=1 ad=0.29 as=0.29 pd=2.58 ps=2.58 nrd=0.29 nrs=0.29 sa=0 sb=0
| + sd=0 mult=1 m=1
| C_SS SS 0 10p m=1
| XM_IN2S EA_D2 SS EA_TAIL VIN sky130_fd_pr__pfet_g5v0d10v5 L=2 W=10 nf=2 ad=1.45 as=2.9 pd=10.58 ps=21.16 nrd=0.029 nrs=0.029 sa=0
| + sb=0 sd=0 mult=1 m=1
| XM_TSPS TS_SNS BIASP VIN VIN sky130_fd_pr__pfet_g5v0d10v5 L=1 W=2.5 nf=1 ad=0.725 as=0.725 pd=5.58 ps=5.58 nrd=0.116 nrs=0.116
| + sa=0 sb=0 sd=0 mult=1 m=1
| XM_TSD1 TS_SNS TS_SNS TS_MID 0 sky130_fd_pr__nfet_g5v0d10v5 L=1 W=80 nf=16 ad=11.6 as=13.05 pd=84.64 ps=95.22 nrd=0.003625
| + nrs=0.003625 sa=0 sb=0 sd=0 mult=1 m=1
| XM_TSD2 TS_MID TS_MID AMP_ENN 0 sky130_fd_pr__nfet_g5v0d10v5 L=1 W=80 nf=16 ad=11.6 as=13.05 pd=84.64 ps=95.22 nrd=0.003625
| + nrs=0.003625 sa=0 sb=0 sd=0 mult=1 m=1
| XM_TSPR TS_REF BIASP VIN VIN sky130_fd_pr__pfet_g5v0d10v5 L=1 W=2.5 nf=1 ad=0.725 as=0.725 pd=5.58 ps=5.58 nrd=0.116 nrs=0.116
| + sa=0 sb=0 sd=0 mult=1 m=1
| XM_TSR1 TS_REF TS_REF AMP_ENN 0 sky130_fd_pr__nfet_g5v0d10v5 L=10 W=2 nf=1 ad=0.58 as=0.58 pd=4.58 ps=4.58 nrd=0.145 nrs=0.145
| + sa=0 sb=0 sd=0 mult=1 m=1
| XM_TCTAIL TC_TAIL NB AMP_ENN 0 sky130_fd_pr__nfet_g5v0d10v5 L=1 W=1 nf=1 ad=0.29 as=0.29 pd=2.58 ps=2.58 nrd=0.29 nrs=0.29 sa=0
| + sb=0 sd=0 mult=1 m=1
| XM_TCN1 TC_D1 TS_SNS TC_TAIL 0 sky130_fd_pr__nfet_g5v0d10v5 L=2 W=10 nf=2 ad=1.45 as=2.9 pd=10.58 ps=21.16 nrd=0.029 nrs=0.029
| + sa=0 sb=0 sd=0 mult=1 m=1
| XM_TCN2 TS_CMP TS_REF TC_TAIL 0 sky130_fd_pr__nfet_g5v0d10v5 L=2 W=10 nf=2 ad=1.45 as=2.9 pd=10.58 ps=21.16 nrd=0.029 nrs=0.029
| + sa=0 sb=0 sd=0 mult=1 m=1
| XM_TCP1 TC_D1 TC_D1 VIN VIN sky130_fd_pr__pfet_g5v0d10v5 L=2 W=10 nf=2 ad=1.45 as=2.9 pd=10.58 ps=21.16 nrd=0.029 nrs=0.029 sa=0
| + sb=0 sd=0 mult=1 m=1
| XM_TCP2 TS_CMP TC_D1 VIN VIN sky130_fd_pr__pfet_g5v0d10v5 L=2 W=10 nf=2 ad=1.45 as=2.9 pd=10.58 ps=21.16 nrd=0.029 nrs=0.029 sa=0
| + sb=0 sd=0 mult=1 m=1
| XM_TSHUT EA_OUT TS_CMP VIN VIN sky130_fd_pr__pfet_g5v0d10v5 L=0.5 W=20 nf=4 ad=2.9 as=4.35 pd=21.16 ps=31.74 nrd=0.0145 nrs=0.0145
| + sa=0 sb=0 sd=0 mult=1 m=1
| XM_TSHYSB TS_HYS BIASP VIN VIN sky130_fd_pr__pfet_g5v0d10v5 L=2 W=1.5 nf=1 ad=0.435 as=0.435 pd=3.58 ps=3.58 nrd=0.193333333333333
| + nrs=0.193333333333333 sa=0 sb=0 sd=0 mult=1 m=1
| XM_TSHYS TS_REF TS_CMP TS_HYS VIN sky130_fd_pr__pfet_g5v0d10v5 L=0.5 W=2 nf=1 ad=0.58 as=0.58 pd=4.58 ps=4.58 nrd=0.145 nrs=0.145
| + sa=0 sb=0 sd=0 mult=1 m=1
| XM_ENP4 TS_CMP EN VIN VIN sky130_fd_pr__pfet_g5v0d10v5 L=0.5 W=2 nf=1 ad=0.58 as=0.58 pd=4.58 ps=4.58 nrd=0.145 nrs=0.145 sa=0
| + sb=0 sd=0 mult=1 m=1
| C_TS VIN TS_CMP 1p m=1
| .ends
| 
| .control
| save all
| * --- leg 1: full cycle -- EN rises at t=100us, block regulates, EN falls at t=2ms ---
| tran 5u 4.5m
| meas tran vpre find v(vout) at=1.9m
| meas tran iq_avg avg i(vvin) from=3.5m to=4.5m
| meas tran iq_worst min i(vvin) from=3.5m to=4.5m
| meas tran vhold find v(vout) at=4m
| * --- leg 2: static disabled state, output free-floating ---
| op
| * --- leg 3: static disabled state, VOUT forced to 0 V (Vin->Vout leakage) ---
| alter rforce = 1m
| op
| * --- leg 4: static disabled state, VOUT held at the 1.8 V nominal output ---
| alter vforce = 1.8
| op
| let meas_iq_shutdown_static_ua = -1e6*op1.i(vvin)
| let meas_iq_shutdown_after_edge_ua = -1e6*tran1.iq_worst
| let meas_iq_shutdown_after_edge_mean_ua = -1e6*tran1.iq_avg
| let meas_leak_vin_vout_ua = 1e6*op2.i(vforce)
| let meas_vout_pre_disable_v = tran1.vpre
| let meas_vout_hold_2ms_v = tran1.vhold
| let meas_vout_disabled_static_v = op1.v(vout)
| let meas_ivout_held_1v8_ua = -1e6*op3.i(vforce)
| print meas_iq_shutdown_static_ua
| print meas_iq_shutdown_after_edge_ua
| print meas_iq_shutdown_after_edge_mean_ua
| print meas_leak_vin_vout_ua
| print meas_vout_pre_disable_v
| print meas_vout_hold_2ms_v
| print meas_vout_disabled_static_v
| print meas_ivout_held_1v8_ua
| quit
| .endc
| .end

# ==== ngspice stdout ====

Note: Compatibility modes selected: hs a


Circuit: * enable-shutdown corner deck -- generated by sim/bin/corner-run.py, do not edit

option SCALE: Scale is set to 1e-06 for instance and model parameters
option SCALE: Scale is set to 1e-06 for instance and model parameters
option SCALE: Scale is set to 1e-06 for instance and model parameters
option SCALE: Scale is set to 1e-06 for instance and model parameters
Doing analysis at TEMP = -40.000000 and TNOM = 27.000000

Using KLU as Direct Linear Solver
 Reference value :  0.00000e+00
 Reference value :  2.00000e-07
 Reference value :  1.60000e-06
 Reference value :  1.64000e-05
 Reference value :  3.14000e-05
 Reference value :  5.14000e-05
 Reference value :  7.14000e-05
 Reference value :  8.64000e-05
 Reference value :  1.00000e-04
 Reference value :  1.00300e-04
 Reference value :  1.00412e-04
 Reference value :  1.00491e-04
 Reference value :  1.00543e-04
 Reference value :  1.00599e-04
 Reference value :  1.00722e-04
 Reference value :  1.00772e-04
 Reference value :  1.00820e-04
 Reference value :  1.00855e-04
 Reference value :  1.00929e-04
 Reference value :  1.00963e-04
 Reference value :  1.01004e-04
 Reference value :  1.01031e-04
 Reference value :  1.01137e-04
 Reference value :  1.01709e-04
 Reference value :  1.05919e-04
 Reference value :  1.20360e-04
 Reference value :  1.25360e-04
 Reference value :  1.35360e-04
 Reference value :  1.45360e-04
 Reference value :  1.65360e-04
 Reference value :  1.80360e-04
 Reference value :  1.95360e-04
 Reference value :  2.10360e-04
 Reference value :  2.25360e-04
 Reference value :  2.45360e-04
 Reference value :  2.60360e-04
 Reference value :  2.80360e-04
 Reference value :  3.00360e-04
 Reference value :  3.20360e-04
 Reference value :  3.35360e-04
 Reference value :  3.50360e-04
 Reference value :  3.65360e-04
 Reference value :  3.80360e-04
 Reference value :  3.95360e-04
 Reference value :  4.15360e-04
 Reference value :  4.35360e-04
 Reference value :  4.50360e-04
 Reference value :  4.65360e-04
 Reference value :  4.80360e-04
 Reference value :  4.95360e-04
 Reference value :  5.15360e-04
 Reference value :  5.30360e-04
 Reference value :  5.45360e-04
 Reference value :  5.60360e-04
 Reference value :  5.80360e-04
 Reference value :  5.95360e-04
 Reference value :  6.15360e-04
 Reference value :  6.30360e-04
 Reference value :  6.45360e-04
 Reference value :  6.60360e-04
 Reference value :  6.75360e-04
 Reference value :  6.90360e-04
 Reference value :  7.10360e-04
 Reference value :  7.25360e-04
 Reference value :  7.40360e-04
 Reference value :  7.55360e-04
 Reference value :  7.70360e-04
 Reference value :  7.85360e-04
 Reference value :  8.00360e-04
 Reference value :  8.15360e-04
 Reference value :  8.30360e-04
 Reference value :  8.50360e-04
 Reference value :  8.65360e-04
 Reference value :  8.85360e-04
 Reference value :  9.00360e-04
 Reference value :  9.15360e-04
 Reference value :  9.35360e-04
 Reference value :  9.50360e-04
 Reference value :  9.65360e-04
 Reference value :  9.85360e-04
 Reference value :  1.00036e-03
 Reference value :  1.02036e-03
 Reference value :  1.04036e-03
 Reference value :  1.05536e-03
 Reference value :  1.07036e-03
 Reference value :  1.08536e-03
 Reference value :  1.10036e-03
 Reference value :  1.11536e-03
 Reference value :  1.13536e-03
 Reference value :  1.15036e-03
 Reference value :  1.16536e-03
 Reference value :  1.18036e-03
 Reference value :  1.19536e-03
 Reference value :  1.21536e-03
 Reference value :  1.23036e-03
 Reference value :  1.24536e-03
 Reference value :  1.26036e-03
 Reference value :  1.27536e-03
 Reference value :  1.29536e-03
 Reference value :  1.31036e-03
 Reference value :  1.33036e-03
 Reference value :  1.35036e-03
 Reference value :  1.36536e-03
 Reference value :  1.38036e-03
 Reference value :  1.40036e-03
 Reference value :  1.41536e-03
 Reference value :  1.43536e-03
 Reference value :  1.45036e-03
 Reference value :  1.46536e-03
 Reference value :  1.48536e-03
 Reference value :  1.50536e-03
 Reference value :  1.52036e-03
 Reference value :  1.53536e-03
 Reference value :  1.55036e-03
 Reference value :  1.57036e-03
 Reference value :  1.58536e-03
 Reference value :  1.60536e-03
 Reference value :  1.62036e-03
 Reference value :  1.63536e-03
 Reference value :  1.65036e-03
 Reference value :  1.67036e-03
 Reference value :  1.69036e-03
 Reference value :  1.70536e-03
 Reference value :  1.72536e-03
 Reference value :  1.74536e-03
 Reference value :  1.76036e-03
 Reference value :  1.78036e-03
 Reference value :  1.79536e-03
 Reference value :  1.81536e-03
 Reference value :  1.83536e-03
 Reference value :  1.85036e-03
 Reference value :  1.86536e-03
 Reference value :  1.88536e-03
 Reference value :  1.90036e-03
 Reference value :  1.91536e-03
 Reference value :  1.93036e-03
 Reference value :  1.95036e-03
 Reference value :  1.97036e-03
 Reference value :  1.98536e-03
 Reference value :  2.00010e-03
 Reference value :  2.00050e-03
 Reference value :  2.00064e-03
 Reference value :  2.00076e-03
 Reference value :  2.00085e-03
 Reference value :  2.00090e-03
 Reference value :  2.00093e-03
 Reference value :  2.00094e-03
 Reference value :  2.00095e-03
 Reference value :  2.00097e-03
 Reference value :  2.00100e-03
 Reference value :  2.00101e-03
 Reference value :  2.00113e-03
 Reference value :  2.00202e-03
 Reference value :  2.00920e-03
 Reference value :  2.02420e-03
 Reference value :  2.03920e-03
 Reference value :  2.05920e-03
 Reference value :  2.07920e-03
 Reference value :  2.09420e-03
 Reference value :  2.10920e-03
 Reference value :  2.12420e-03
 Reference value :  2.13920e-03
 Reference value :  2.15420e-03
 Reference value :  2.17420e-03
 Reference value :  2.18920e-03
 Reference value :  2.20420e-03
 Reference value :  2.21920e-03
 Reference value :  2.23420e-03
 Reference value :  2.24920e-03
 Reference value :  2.26420e-03
 Reference value :  2.28420e-03
 Reference value :  2.29920e-03
 Reference value :  2.31420e-03
 Reference value :  2.33420e-03
 Reference value :  2.35420e-03
 Reference value :  2.36920e-03
 Reference value :  2.38920e-03
 Reference value :  2.40920e-03
 Reference value :  2.42420e-03
 Reference value :  2.44420e-03
 Reference value :  2.46420e-03
 Reference value :  2.48420e-03
 Reference value :  2.49920e-03
 Reference value :  2.51420e-03
 Reference value :  2.52920e-03
 Reference value :  2.54920e-03
 Reference value :  2.56920e-03
 Reference value :  2.58420e-03
 Reference value :  2.59920e-03
 Reference value :  2.61920e-03
 Reference value :  2.63420e-03
 Reference value :  2.65420e-03
 Reference value :  2.67420e-03
 Reference value :  2.68920e-03
 Reference value :  2.70920e-03
 Reference value :  2.72920e-03
 Reference value :  2.74920e-03
 Reference value :  2.76420e-03
 Reference value :  2.77920e-03
 Reference value :  2.79420e-03
 Reference value :  2.80920e-03
 Reference value :  2.82920e-03
 Reference value :  2.84420e-03
 Reference value :  2.86420e-03
 Reference value :  2.87920e-03
 Reference value :  2.89420e-03
 Reference value :  2.91420e-03
 Reference value :  2.93420e-03
 Reference value :  2.95420e-03
 Reference value :  2.97420e-03
 Reference value :  2.98920e-03
 Reference value :  3.00420e-03
 Reference value :  3.01920e-03
 Reference value :  3.03420e-03
 Reference value :  3.05420e-03
 Reference value :  3.07420e-03
 Reference value :  3.09420e-03
 Reference value :  3.10920e-03
 Reference value :  3.12420e-03
 Reference value :  3.13920e-03
 Reference value :  3.15420e-03
 Reference value :  3.17420e-03
 Reference value :  3.19420e-03
 Reference value :  3.21420e-03
 Reference value :  3.23420e-03
 Reference value :  3.25920e-03
 Reference value :  3.27920e-03
 Reference value :  3.29420e-03
 Reference value :  3.31420e-03
 Reference value :  3.33420e-03
 Reference value :  3.35420e-03
 Reference value :  3.37420e-03
 Reference value :  3.39420e-03
 Reference value :  3.41920e-03
 Reference value :  3.43420e-03
 Reference value :  3.44920e-03
 Reference value :  3.46920e-03
 Reference value :  3.48420e-03
 Reference value :  3.49920e-03
 Reference value :  3.51420e-03
 Reference value :  3.52920e-03
 Reference value :  3.54920e-03
 Reference value :  3.56420e-03
 Reference value :  3.57920e-03
 Reference value :  3.59420e-03
 Reference value :  3.60920e-03
 Reference value :  3.62920e-03
 Reference value :  3.64420e-03
 Reference value :  3.65920e-03
 Reference value :  3.67420e-03
 Reference value :  3.69420e-03
 Reference value :  3.71420e-03
 Reference value :  3.72920e-03
 Reference value :  3.74420e-03
 Reference value :  3.75920e-03
 Reference value :  3.77920e-03
 Reference value :  3.79920e-03
 Reference value :  3.81920e-03
 Reference value :  3.83420e-03
 Reference value :  3.85420e-03
 Reference value :  3.87420e-03
 Reference value :  3.89420e-03
 Reference value :  3.90920e-03
 Reference value :  3.92420e-03
 Reference value :  3.94420e-03
 Reference value :  3.95920e-03
 Reference value :  3.97420e-03
 Reference value :  3.98920e-03
 Reference value :  4.00420e-03
 Reference value :  4.02420e-03
 Reference value :  4.04420e-03
 Reference value :  4.05920e-03
 Reference value :  4.07420e-03
 Reference value :  4.09420e-03
 Reference value :  4.11420e-03
 Reference value :  4.13420e-03
 Reference value :  4.14920e-03
 Reference value :  4.16420e-03
 Reference value :  4.18420e-03
 Reference value :  4.19920e-03
 Reference value :  4.21420e-03
 Reference value :  4.23420e-03
 Reference value :  4.24920e-03
 Reference value :  4.26920e-03
 Reference value :  4.28420e-03
 Reference value :  4.30420e-03
 Reference value :  4.32420e-03
 Reference value :  4.33920e-03
 Reference value :  4.35920e-03
 Reference value :  4.38920e-03
 Reference value :  4.40420e-03
 Reference value :  4.41920e-03
 Reference value :  4.43420e-03
 Reference value :  4.44920e-03
 Reference value :  4.46920e-03
 Reference value :  4.48420e-03
 Reference value :  4.50000e-03
No. of Data Rows : 962
vpre                =  1.80937e+00
iq_avg              =  -1.66776e-10 from=  3.50000e-03 to=  4.50000e-03
iq_worst            =  -6.28301e-10 at=  3.50420e-03
vhold               =  1.80818e+00
Doing analysis at TEMP = -40.000000 and TNOM = 27.000000

Using KLU as Direct Linear Solver
 Reference value :  0.00000e+00
No. of Data Rows : 1
Doing analysis at TEMP = -40.000000 and TNOM = 27.000000

Using KLU as Direct Linear Solver
 Reference value :  0.00000e+00
No. of Data Rows : 1
Doing analysis at TEMP = -40.000000 and TNOM = 27.000000

Using KLU as Direct Linear Solver
 Reference value :  0.00000e+00
No. of Data Rows : 1
meas_iq_shutdown_static_ua = 1.302067e-04
meas_iq_shutdown_after_edge_ua = 6.283006e-04
meas_iq_shutdown_after_edge_mean_ua = 1.667759e-04
meas_leak_vin_vout_ua = 7.425016e-05
meas_vout_pre_disable_v = 1.809372e+00
meas_vout_hold_2ms_v = 1.808181e+00
meas_vout_disabled_static_v = 2.318106e-04
meas_ivout_held_1v8_ua = 5.766567e-01
ngspice-46 done

# ==== ngspice stderr ====
Note: Starting dynamic gmin stepping
Note: Dynamic gmin stepping completed
Note: Starting dynamic gmin stepping
Note: Dynamic gmin stepping completed
