# corner: ff_125c_3.60v
# process=ff temp=125C supply=3.60V
# ngspice exit: 0
# wall clock: 217.7s (--timeout was 2400s)
# result: PASS

# ==== deck (exact input given to ngspice) ====
| * ic-screen-125c-h corner deck -- generated by sim/bin/corner-run.py, do not edit
| * corner: ff_125c_3.60v
| .param vsup=3.6
| .option wnflag=1
| .temp 125
| .lib "/Users/rwalters/.volare/sky130A/libs.tech/combined/sky130.lib.spice" ff
| ** sch_path: sim/ic-screen-125c-h/testbench/tb_ic_screen_125c_hist81.sch
| **.subckt tb_ic_screen_125c_hist81
| VVIN VIN 0 'vsup'
| .save i(vvin)
| VEN EN 0 'vsup'
| .save i(ven)
| VVREF VREF 0 1.2
| .save i(vvref)
| xldo VOUT VREF EN VIN ldo_3v3in_1v8out_at81
| COUT VOUT VESR 1u m=1
| RESR VESR 0 10m m=1
| ILOAD VOUT 0 50m
| **** begin user architecture code
| 
| .ic v(VOUT)=1.8
| 
| **** end user architecture code
| **.ends
| 
| * expanding   symbol:  sim/ic-screen-125c-h/dut/ldo_3v3in_1v8out_at81.sym # of pins=4
| ** sym_path: sim/ic-screen-125c-h/dut/ldo_3v3in_1v8out_at81.sym
| ** sch_path: sim/ic-screen-125c-h/dut/ldo_3v3in_1v8out_at81.sch
| .subckt ldo_3v3in_1v8out_at81 VOUT VREF EN VIN
| *.ipin VIN
| *.ipin EN
| *.ipin VREF
| *.opin VOUT
| XR_BIAS VIN NB 0 sky130_fd_pr__res_high_po W=0.42 L=1500 mult=1 m=1
| XM_BIASN1 NB NB BIAS_ENN 0 sky130_fd_pr__nfet_g5v0d10v5 L=1 W=4 nf=1 ad=1.16 as=1.16 pd=8.58 ps=8.58 nrd=0.0725 nrs=0.0725 sa=0
| + sb=0 sd=0 mult=1 m=1
| XM_ENN BIAS_ENN EN 0 0 sky130_fd_pr__nfet_g5v0d10v5 L=0.5 W=10 nf=1 ad=2.9 as=2.9 pd=20.58 ps=20.58 nrd=0.029 nrs=0.029 sa=0 sb=0
| + sd=0 mult=1 m=1
| XM_BIASN2 BIASP NB BIAS_ENN 0 sky130_fd_pr__nfet_g5v0d10v5 L=1 W=4 nf=1 ad=1.16 as=1.16 pd=8.58 ps=8.58 nrd=0.0725 nrs=0.0725 sa=0
| + sb=0 sd=0 mult=1 m=1
| XM_BIASP1 BIASP BIASP VIN VIN sky130_fd_pr__pfet_g5v0d10v5 L=1 W=10 nf=2 ad=1.45 as=2.9 pd=10.58 ps=21.16 nrd=0.029 nrs=0.029 sa=0
| + sb=0 sd=0 mult=1 m=1
| XM_ENP2 BIASP EN VIN VIN sky130_fd_pr__pfet_g5v0d10v5 L=0.5 W=10 nf=1 ad=2.9 as=2.9 pd=20.58 ps=20.58 nrd=0.029 nrs=0.029 sa=0
| + sb=0 sd=0 mult=1 m=1
| XM_TAIL EA_TAIL BIASP VIN VIN sky130_fd_pr__pfet_g5v0d10v5 L=2 W=40 nf=8 ad=5.8 as=7.25 pd=42.32 ps=52.9 nrd=0.00725 nrs=0.00725
| + sa=0 sb=0 sd=0 mult=1 m=1
| XM_IN1 EA_D1 FB EA_TAIL VIN sky130_fd_pr__pfet_g5v0d10v5 L=2 W=10 nf=2 ad=1.45 as=2.9 pd=10.58 ps=21.16 nrd=0.029 nrs=0.029 sa=0
| + sb=0 sd=0 mult=1 m=1
| XM_IN2 EA_D2 VREF EA_TAIL VIN sky130_fd_pr__pfet_g5v0d10v5 L=2 W=10 nf=2 ad=1.45 as=2.9 pd=10.58 ps=21.16 nrd=0.029 nrs=0.029 sa=0
| + sb=0 sd=0 mult=1 m=1
| XM_MIR1 EA_D1 EA_D1 AMP_ENN 0 sky130_fd_pr__nfet_g5v0d10v5 L=4 W=10 nf=2 ad=1.45 as=2.9 pd=10.58 ps=21.16 nrd=0.029 nrs=0.029 sa=0
| + sb=0 sd=0 mult=1 m=1
| XM_MIR2 EA_OUT EA_D1 AMP_ENN 0 sky130_fd_pr__nfet_g5v0d10v5 L=4 W=10 nf=2 ad=1.45 as=2.9 pd=10.58 ps=21.16 nrd=0.029 nrs=0.029
| + sa=0 sb=0 sd=0 mult=1 m=1
| XM_ENN2 AMP_ENN EN 0 0 sky130_fd_pr__nfet_g5v0d10v5 L=0.5 W=10 nf=1 ad=2.9 as=2.9 pd=20.58 ps=20.58 nrd=0.029 nrs=0.029 sa=0 sb=0
| + sd=0 mult=1 m=1
| XM_ENP EA_OUT EN VIN VIN sky130_fd_pr__pfet_g5v0d10v5 L=0.5 W=10 nf=1 ad=2.9 as=2.9 pd=20.58 ps=20.58 nrd=0.029 nrs=0.029 sa=0
| + sb=0 sd=0 mult=1 m=1
| XM_MIR3 EA_D2 EA_D2 AMP_ENN 0 sky130_fd_pr__nfet_g5v0d10v5 L=4 W=10 nf=2 ad=1.45 as=2.9 pd=10.58 ps=21.16 nrd=0.029 nrs=0.029 sa=0
| + sb=0 sd=0 mult=1 m=1
| XM_MIR4 PB EA_D2 AMP_ENN 0 sky130_fd_pr__nfet_g5v0d10v5 L=4 W=10 nf=2 ad=1.45 as=2.9 pd=10.58 ps=21.16 nrd=0.029 nrs=0.029 sa=0
| + sb=0 sd=0 mult=1 m=1
| XM_MIRP1 PB PB VIN VIN sky130_fd_pr__pfet_g5v0d10v5 L=4 W=20 nf=4 ad=2.9 as=4.35 pd=21.16 ps=31.74 nrd=0.0145 nrs=0.0145 sa=0 sb=0
| + sd=0 mult=1 m=1
| XM_MIRP2 EA_OUT PB VIN VIN sky130_fd_pr__pfet_g5v0d10v5 L=4 W=20 nf=4 ad=2.9 as=4.35 pd=21.16 ps=31.74 nrd=0.0145 nrs=0.0145 sa=0
| + sb=0 sd=0 mult=1 m=1
| XM_ENP5 PB EN VIN VIN sky130_fd_pr__pfet_g5v0d10v5 L=0.5 W=2 nf=1 ad=0.58 as=0.58 pd=4.58 ps=4.58 nrd=0.145 nrs=0.145 sa=0 sb=0
| + sd=0 mult=1 m=1
| XM_PASS VOUT EA_OUT VIN VIN sky130_fd_pr__pfet_g5v0d10v5 L=0.5 W=100 nf=25 ad=15.08 as=15.08 pd=111.54 ps=111.54 nrd=0.0029
| + nrs=0.0029 sa=0 sb=0 sd=0 mult=25 m=25
| C_COMP VOUT EA_CZ 150p m=1
| XR_CZ EA_CZ EA_OUT 0 sky130_fd_pr__res_xhigh_po W=0.42 L=52 mult=1 m=1
| XR_FB_A VOUT FB 0 sky130_fd_pr__res_xhigh_po W=0.42 L=180 mult=1 m=1
| XR_FB_B FB N_FBB 0 sky130_fd_pr__res_xhigh_po W=0.42 L=180 mult=1 m=1
| XR_FB_C N_FBB 0 0 sky130_fd_pr__res_xhigh_po W=0.42 L=180 mult=1 m=1
| XM_SENSE CL_SNS EA_OUT VIN VIN sky130_fd_pr__pfet_g5v0d10v5 L=0.5 W=0.42 nf=1 ad=0.1218 as=0.1218 pd=1.42 ps=1.42
| + nrd=0.69047619047619 nrs=0.69047619047619 sa=0 sb=0 sd=0 mult=1 m=1
| XM_CLN1 CL_SNS CL_SNS AMP_ENN 0 sky130_fd_pr__nfet_g5v0d10v5 L=1 W=20 nf=1 ad=5.8 as=5.8 pd=40.58 ps=40.58 nrd=0.0145 nrs=0.0145
| + sa=0 sb=0 sd=0 mult=1 m=1
| XM_CLN2 CL_CMP CL_SNS AMP_ENN 0 sky130_fd_pr__nfet_g5v0d10v5 L=1 W=1.6 nf=1 ad=0.464 as=0.464 pd=3.78 ps=3.78 nrd=0.18125
| + nrs=0.18125 sa=0 sb=0 sd=0 mult=1 m=1
| XM_CLP CL_CMP BIASP VIN VIN sky130_fd_pr__pfet_g5v0d10v5 L=1 W=10 nf=2 ad=1.45 as=2.9 pd=10.58 ps=21.16 nrd=0.029 nrs=0.029 sa=0
| + sb=0 sd=0 mult=1 m=1
| XM_CLIM EA_OUT CL_CMP VIN VIN sky130_fd_pr__pfet_g5v0d10v5 L=0.5 W=20 nf=4 ad=2.9 as=4.35 pd=21.16 ps=31.74 nrd=0.0145 nrs=0.0145
| + sa=0 sb=0 sd=0 mult=1 m=1
| XM_ENP3 CL_CMP EN VIN VIN sky130_fd_pr__pfet_g5v0d10v5 L=0.5 W=2 nf=1 ad=0.58 as=0.58 pd=4.58 ps=4.58 nrd=0.145 nrs=0.145 sa=0
| + sb=0 sd=0 mult=1 m=1
| C_CL VIN CL_CMP 1p m=1
| XM_INVP ENB EN VIN VIN sky130_fd_pr__pfet_g5v0d10v5 L=0.5 W=2 nf=1 ad=0.58 as=0.58 pd=4.58 ps=4.58 nrd=0.145 nrs=0.145 sa=0 sb=0
| + sd=0 mult=1 m=1
| XM_INVN ENB EN 0 0 sky130_fd_pr__nfet_g5v0d10v5 L=0.5 W=1 nf=1 ad=0.29 as=0.29 pd=2.58 ps=2.58 nrd=0.29 nrs=0.29 sa=0 sb=0 sd=0
| + mult=1 m=1
| XM_SSDIS SS ENB 0 0 sky130_fd_pr__nfet_g5v0d10v5 L=0.5 W=2 nf=1 ad=0.58 as=0.58 pd=4.58 ps=4.58 nrd=0.145 nrs=0.145 sa=0 sb=0 sd=0
| + mult=1 m=1
| XM_SSCHG SS BIASP VIN VIN sky130_fd_pr__pfet_g5v0d10v5 L=8 W=1 nf=1 ad=0.29 as=0.29 pd=2.58 ps=2.58 nrd=0.29 nrs=0.29 sa=0 sb=0
| + sd=0 mult=1 m=1
| C_SS SS 0 10p m=1
| XM_IN2S EA_D2 SS EA_TAIL VIN sky130_fd_pr__pfet_g5v0d10v5 L=2 W=10 nf=2 ad=1.45 as=2.9 pd=10.58 ps=21.16 nrd=0.029 nrs=0.029 sa=0
| + sb=0 sd=0 mult=1 m=1
| XM_TSPS TS_SNS BIASP VIN VIN sky130_fd_pr__pfet_g5v0d10v5 L=1 W=2.5 nf=1 ad=0.725 as=0.725 pd=5.58 ps=5.58 nrd=0.116 nrs=0.116
| + sa=0 sb=0 sd=0 mult=1 m=1
| XM_TSD1 TS_SNS TS_SNS TS_MID 0 sky130_fd_pr__nfet_g5v0d10v5 L=1 W=80 nf=16 ad=11.6 as=13.05 pd=84.64 ps=95.22 nrd=0.003625
| + nrs=0.003625 sa=0 sb=0 sd=0 mult=1 m=1
| XM_TSD2 TS_MID TS_MID AMP_ENN 0 sky130_fd_pr__nfet_g5v0d10v5 L=1 W=80 nf=16 ad=11.6 as=13.05 pd=84.64 ps=95.22 nrd=0.003625
| + nrs=0.003625 sa=0 sb=0 sd=0 mult=1 m=1
| XM_TSPR TS_REF BIASP VIN VIN sky130_fd_pr__pfet_g5v0d10v5 L=1 W=2.5 nf=1 ad=0.725 as=0.725 pd=5.58 ps=5.58 nrd=0.116 nrs=0.116
| + sa=0 sb=0 sd=0 mult=1 m=1
| XM_TSR1 TS_REF TS_REF AMP_ENN 0 sky130_fd_pr__nfet_g5v0d10v5 L=10 W=2 nf=1 ad=0.58 as=0.58 pd=4.58 ps=4.58 nrd=0.145 nrs=0.145
| + sa=0 sb=0 sd=0 mult=1 m=1
| XM_TCTAIL TC_TAIL NB AMP_ENN 0 sky130_fd_pr__nfet_g5v0d10v5 L=1 W=1 nf=1 ad=0.29 as=0.29 pd=2.58 ps=2.58 nrd=0.29 nrs=0.29 sa=0
| + sb=0 sd=0 mult=1 m=1
| XM_TCN1 TC_D1 TS_SNS TC_TAIL 0 sky130_fd_pr__nfet_g5v0d10v5 L=2 W=10 nf=2 ad=1.45 as=2.9 pd=10.58 ps=21.16 nrd=0.029 nrs=0.029
| + sa=0 sb=0 sd=0 mult=1 m=1
| XM_TCN2 TS_CMP TS_REF TC_TAIL 0 sky130_fd_pr__nfet_g5v0d10v5 L=2 W=10 nf=2 ad=1.45 as=2.9 pd=10.58 ps=21.16 nrd=0.029 nrs=0.029
| + sa=0 sb=0 sd=0 mult=1 m=1
| XM_TCP1 TC_D1 TC_D1 VIN VIN sky130_fd_pr__pfet_g5v0d10v5 L=2 W=10 nf=2 ad=1.45 as=2.9 pd=10.58 ps=21.16 nrd=0.029 nrs=0.029 sa=0
| + sb=0 sd=0 mult=1 m=1
| XM_TCP2 TS_CMP TC_D1 VIN VIN sky130_fd_pr__pfet_g5v0d10v5 L=2 W=10 nf=2 ad=1.45 as=2.9 pd=10.58 ps=21.16 nrd=0.029 nrs=0.029 sa=0
| + sb=0 sd=0 mult=1 m=1
| XM_TSHUT EA_OUT TS_CMP VIN VIN sky130_fd_pr__pfet_g5v0d10v5 L=0.5 W=20 nf=4 ad=2.9 as=4.35 pd=21.16 ps=31.74 nrd=0.0145 nrs=0.0145
| + sa=0 sb=0 sd=0 mult=1 m=1
| XM_TSHYSB TS_HYS BIASP VIN VIN sky130_fd_pr__pfet_g5v0d10v5 L=2 W=1.5 nf=1 ad=0.435 as=0.435 pd=3.58 ps=3.58 nrd=0.193333333333333
| + nrs=0.193333333333333 sa=0 sb=0 sd=0 mult=1 m=1
| XM_TSHYS TS_REF TS_CMP TS_HYS VIN sky130_fd_pr__pfet_g5v0d10v5 L=0.5 W=2 nf=1 ad=0.58 as=0.58 pd=4.58 ps=4.58 nrd=0.145 nrs=0.145
| + sa=0 sb=0 sd=0 mult=1 m=1
| XM_ENP4 TS_CMP EN VIN VIN sky130_fd_pr__pfet_g5v0d10v5 L=0.5 W=2 nf=1 ad=0.58 as=0.58 pd=4.58 ps=4.58 nrd=0.145 nrs=0.145 sa=0
| + sb=0 sd=0 mult=1 m=1
| C_TS VIN TS_CMP 1p m=1
| .ends
| 
| .control
| save all
| tran 10u 3m uic
| meas tran vout_ss avg v(vout) from=2.5m to=3m
| meas tran vout_tail_min min v(vout) from=2.5m to=3m
| meas tran vout_tail_max max v(vout) from=2.5m to=3m
| meas tran vin_ss avg v(vin) from=2.5m to=3m
| meas tran fb_ss avg v(xldo.fb) from=2.5m to=3m
| meas tran n_fbb_ss avg v(xldo.n_fbb) from=2.5m to=3m
| meas tran ea_out_ss avg v(xldo.ea_out) from=2.5m to=3m
| meas tran ea_cz_ss avg v(xldo.ea_cz) from=2.5m to=3m
| meas tran ss_ss avg v(xldo.ss) from=2.5m to=3m
| meas tran biasp_ss avg v(xldo.biasp) from=2.5m to=3m
| meas tran nb_ss avg v(xldo.nb) from=2.5m to=3m
| meas tran ea_tail_ss avg v(xldo.ea_tail) from=2.5m to=3m
| meas tran ea_d1_ss avg v(xldo.ea_d1) from=2.5m to=3m
| meas tran ea_d2_ss avg v(xldo.ea_d2) from=2.5m to=3m
| meas tran ts_cmp_ss avg v(xldo.ts_cmp) from=2.5m to=3m
| meas tran cl_cmp_ss avg v(xldo.cl_cmp) from=2.5m to=3m
| meas tran amp_enn_ss avg v(xldo.amp_enn) from=2.5m to=3m
| meas tran vout_800u find v(vout) at=800u
| meas tran ts_sns_ss avg v(xldo.ts_sns) from=2.5m to=3m
| meas tran ts_ref_ss avg v(xldo.ts_ref) from=2.5m to=3m
| meas tran ea_out_800u find v(xldo.ea_out) at=800u
| meas tran ts_sns_800u find v(xldo.ts_sns) at=800u
| meas tran ts_ref_800u find v(xldo.ts_ref) at=800u
| meas tran fb_800u find v(xldo.fb) at=800u
| meas tran n_fbb_800u find v(xldo.n_fbb) at=800u
| let meas_vout_ss = vout_ss
| let meas_vout_tail_span = vout_tail_max - vout_tail_min
| let meas_vin_ss = vin_ss
| let meas_vout_800u = vout_800u
| let meas_fb_ss = fb_ss
| let meas_n_fbb_ss = n_fbb_ss
| let meas_ea_out_ss = ea_out_ss
| let meas_ea_cz_ss = ea_cz_ss
| let meas_ss_ss = ss_ss
| let meas_biasp_ss = biasp_ss
| let meas_nb_ss = nb_ss
| let meas_ea_tail_ss = ea_tail_ss
| let meas_ea_d1_ss = ea_d1_ss
| let meas_ea_d2_ss = ea_d2_ss
| let meas_ts_cmp_ss = ts_cmp_ss
| let meas_cl_cmp_ss = cl_cmp_ss
| let meas_amp_enn_ss = amp_enn_ss
| let meas_real_nfbb_ge_0 = n_fbb_ss
| let meas_real_fb_ge_nfbb = fb_ss - n_fbb_ss
| let meas_real_vout_ge_fb = vout_ss - fb_ss
| let meas_real_vin_ge_vout = vin_ss - vout_ss
| let meas_ts_sns_ss = ts_sns_ss
| let meas_ts_ref_ss = ts_ref_ss
| let meas_ea_out_800u = ea_out_800u
| let meas_ts_sns_800u = ts_sns_800u
| let meas_ts_ref_800u = ts_ref_800u
| let meas_fb_800u = fb_800u
| let meas_n_fbb_800u = n_fbb_800u
| print meas_vout_ss
| print meas_vout_tail_span
| print meas_vin_ss
| print meas_vout_800u
| print meas_fb_ss
| print meas_n_fbb_ss
| print meas_ea_out_ss
| print meas_ea_cz_ss
| print meas_ss_ss
| print meas_biasp_ss
| print meas_nb_ss
| print meas_ea_tail_ss
| print meas_ea_d1_ss
| print meas_ea_d2_ss
| print meas_ts_cmp_ss
| print meas_cl_cmp_ss
| print meas_amp_enn_ss
| print meas_real_nfbb_ge_0
| print meas_real_fb_ge_nfbb
| print meas_real_vout_ge_fb
| print meas_real_vin_ge_vout
| print meas_ts_sns_ss
| print meas_ts_ref_ss
| print meas_ea_out_800u
| print meas_ts_sns_800u
| print meas_ts_ref_800u
| print meas_fb_800u
| print meas_n_fbb_800u
| quit
| .endc
| .end

# ==== ngspice stdout ====

Note: Compatibility modes selected: hs a


Circuit: * ic-screen-125c-h corner deck -- generated by sim/bin/corner-run.py, do not edit

option SCALE: Scale is set to 1e-06 for instance and model parameters
option SCALE: Scale is set to 1e-06 for instance and model parameters
option SCALE: Scale is set to 1e-06 for instance and model parameters
option SCALE: Scale is set to 1e-06 for instance and model parameters
Doing analysis at TEMP = 125.000000 and TNOM = 27.000000

Using KLU as Direct Linear Solver
Operating point simulation skipped by 'uic',
  now using transient initial conditions.
 Reference value :  1.00000e-07
No. of Data Rows : 335
vout_ss             =  1.79765e+00 from=  2.50000e-03 to=  3.00000e-03
vout_tail_min       =  1.79765e+00 at=  2.50912e-03
vout_tail_max       =  1.79765e+00 at=  2.99456e-03
vin_ss              =  3.60000e+00 from=  2.50000e-03 to=  3.00000e-03
fb_ss               =  1.19862e+00 from=  2.50000e-03 to=  3.00000e-03
n_fbb_ss            =  5.99405e-01 from=  2.50000e-03 to=  3.00000e-03
ea_out_ss           =  2.17195e+00 from=  2.50000e-03 to=  3.00000e-03
ea_cz_ss            =  2.17195e+00 from=  2.50000e-03 to=  3.00000e-03
ss_ss               =  3.59627e+00 from=  2.50000e-03 to=  3.00000e-03
biasp_ss            =  2.74149e+00 from=  2.50000e-03 to=  3.00000e-03
nb_ss               =  7.22582e-01 from=  2.50000e-03 to=  3.00000e-03
ea_tail_ss          =  2.43423e+00 from=  2.50000e-03 to=  3.00000e-03
ea_d1_ss            =  7.66908e-01 from=  2.50000e-03 to=  3.00000e-03
ea_d2_ss            =  7.65537e-01 from=  2.50000e-03 to=  3.00000e-03
ts_cmp_ss           =  3.52094e+00 from=  2.50000e-03 to=  3.00000e-03
cl_cmp_ss           =  3.54846e+00 from=  2.50000e-03 to=  3.00000e-03
amp_enn_ss          =  6.15204e-03 from=  2.50000e-03 to=  3.00000e-03
vout_800u           =  1.79760e+00
ts_sns_ss           =  1.03653e+00 from=  2.50000e-03 to=  3.00000e-03
ts_ref_ss           =  1.02357e+00 from=  2.50000e-03 to=  3.00000e-03
ea_out_800u         =  2.17196e+00
ts_sns_800u         =  1.03653e+00
ts_ref_800u         =  1.02357e+00
fb_800u             =  1.19858e+00
n_fbb_800u          =  5.99386e-01
meas_vout_ss = 1.797646e+00
meas_vout_tail_span = 0.000000e+00
meas_vin_ss = 3.600000e+00
meas_vout_800u = 1.797605e+00
meas_fb_ss = 1.198621e+00
meas_n_fbb_ss = 5.994052e-01
meas_ea_out_ss = 2.171953e+00
meas_ea_cz_ss = 2.171953e+00
meas_ss_ss = 3.596271e+00
meas_biasp_ss = 2.741485e+00
meas_nb_ss = 7.225822e-01
meas_ea_tail_ss = 2.434234e+00
meas_ea_d1_ss = 7.669075e-01
meas_ea_d2_ss = 7.655371e-01
meas_ts_cmp_ss = 3.520943e+00
meas_cl_cmp_ss = 3.548459e+00
meas_amp_enn_ss = 6.152041e-03
meas_real_nfbb_ge_0 = 5.994052e-01
meas_real_fb_ge_nfbb = 5.992158e-01
meas_real_vout_ge_fb = 5.990250e-01
meas_real_vin_ge_vout = 1.802354e+00
meas_ts_sns_ss = 1.036531e+00
meas_ts_ref_ss = 1.023572e+00
meas_ea_out_800u = 2.171960e+00
meas_ts_sns_800u = 1.036533e+00
meas_ts_ref_800u = 1.023574e+00
meas_fb_800u = 1.198580e+00
meas_n_fbb_800u = 5.993858e-01
ngspice-46 done

# ==== ngspice stderr ====

