# corner: sf_-40c_2.97v
# process=sf temp=-40C supply=2.97V
# ngspice exit: 0
# wall clock: 24.5s (--timeout was 300s)
# result: FAIL

# ==== deck (exact input given to ngspice) ====
| * dropout-vs-load corner deck -- generated by sim/bin/corner-run.py, do not edit
| * corner: sf_-40c_2.97v
| .param vsup=2.97
| .option wnflag=1
| .temp -40
| .lib "/home/ubuntu/.volare/sky130A/libs.tech/combined/sky130.lib.spice" sf
| ** sch_path: sim/dropout-vs-load/testbench/tb_dropout_vs_load.sch
| **.subckt tb_dropout_vs_load
| VVIN VIN 0 3.3
| .save i(vvin)
| VEN EN 0 'vsup'
| .save i(ven)
| VVREF VREF 0 1.2
| .save i(vvref)
| xldo VOUT VREF EN VIN ldo_3v3in_1v8out
| COUT VOUT VESR 1u m=1
| RESR VESR 0 10m m=1
| ILOAD VOUT 0 50m
| **.ends
| 
| * expanding   symbol:  design/ldo_3v3in_1v8out.sym # of pins=4
| ** sym_path: design/ldo_3v3in_1v8out.sym
| ** sch_path: design/ldo_3v3in_1v8out.sch
| .subckt ldo_3v3in_1v8out VOUT VREF EN VIN
| *.ipin VIN
| *.ipin EN
| *.ipin VREF
| *.opin VOUT
| XR_BIAS VIN NB 0 sky130_fd_pr__res_high_po W=0.42 L=1500 mult=1 m=1
| XM_BIASN1 NB NB BIAS_ENN 0 sky130_fd_pr__nfet_g5v0d10v5 L=1 W=4 nf=1 ad=1.16 as=1.16 pd=8.58 ps=8.58 nrd=0.0725 nrs=0.0725 sa=0
| + sb=0 sd=0 mult=1 m=1
| XM_ENN BIAS_ENN EN 0 0 sky130_fd_pr__nfet_g5v0d10v5 L=0.5 W=10 nf=1 ad=2.9 as=2.9 pd=20.58 ps=20.58 nrd=0.029 nrs=0.029 sa=0 sb=0
| + sd=0 mult=1 m=1
| XM_BIASN2 BIASP NB BIAS_ENN 0 sky130_fd_pr__nfet_g5v0d10v5 L=1 W=4 nf=1 ad=1.16 as=1.16 pd=8.58 ps=8.58 nrd=0.0725 nrs=0.0725 sa=0
| + sb=0 sd=0 mult=1 m=1
| XM_BIASP1 BIASP BIASP VIN VIN sky130_fd_pr__pfet_g5v0d10v5 L=1 W=10 nf=2 ad=1.45 as=2.9 pd=10.58 ps=21.16 nrd=0.029 nrs=0.029 sa=0
| + sb=0 sd=0 mult=1 m=1
| XM_ENP2 BIASP EN VIN VIN sky130_fd_pr__pfet_g5v0d10v5 L=0.5 W=10 nf=1 ad=2.9 as=2.9 pd=20.58 ps=20.58 nrd=0.029 nrs=0.029 sa=0
| + sb=0 sd=0 mult=1 m=1
| XM_TAIL EA_TAIL BIASP VIN VIN sky130_fd_pr__pfet_g5v0d10v5 L=2 W=40 nf=8 ad=5.8 as=7.25 pd=42.32 ps=52.9 nrd=0.00725 nrs=0.00725
| + sa=0 sb=0 sd=0 mult=1 m=1
| XM_IN1 EA_D1 FB EA_TAIL VIN sky130_fd_pr__pfet_g5v0d10v5 L=2 W=10 nf=2 ad=1.45 as=2.9 pd=10.58 ps=21.16 nrd=0.029 nrs=0.029 sa=0
| + sb=0 sd=0 mult=1 m=1
| XM_IN2 EA_D2 VREF EA_TAIL VIN sky130_fd_pr__pfet_g5v0d10v5 L=2 W=10 nf=2 ad=1.45 as=2.9 pd=10.58 ps=21.16 nrd=0.029 nrs=0.029 sa=0
| + sb=0 sd=0 mult=1 m=1
| XM_MIR1 EA_D1 EA_D1 AMP_ENN 0 sky130_fd_pr__nfet_g5v0d10v5 L=4 W=10 nf=2 ad=1.45 as=2.9 pd=10.58 ps=21.16 nrd=0.029 nrs=0.029 sa=0
| + sb=0 sd=0 mult=1 m=1
| XM_MIR2 EA_OUT EA_D1 AMP_ENN 0 sky130_fd_pr__nfet_g5v0d10v5 L=4 W=10 nf=2 ad=1.45 as=2.9 pd=10.58 ps=21.16 nrd=0.029 nrs=0.029
| + sa=0 sb=0 sd=0 mult=1 m=1
| XM_ENN2 AMP_ENN EN 0 0 sky130_fd_pr__nfet_g5v0d10v5 L=0.5 W=10 nf=1 ad=2.9 as=2.9 pd=20.58 ps=20.58 nrd=0.029 nrs=0.029 sa=0 sb=0
| + sd=0 mult=1 m=1
| XM_ENP EA_OUT EN VIN VIN sky130_fd_pr__pfet_g5v0d10v5 L=0.5 W=10 nf=1 ad=2.9 as=2.9 pd=20.58 ps=20.58 nrd=0.029 nrs=0.029 sa=0
| + sb=0 sd=0 mult=1 m=1
| XM_MIR3 EA_D2 EA_D2 AMP_ENN 0 sky130_fd_pr__nfet_g5v0d10v5 L=4 W=10 nf=2 ad=1.45 as=2.9 pd=10.58 ps=21.16 nrd=0.029 nrs=0.029 sa=0
| + sb=0 sd=0 mult=1 m=1
| XM_MIR4 PB EA_D2 AMP_ENN 0 sky130_fd_pr__nfet_g5v0d10v5 L=4 W=10 nf=2 ad=1.45 as=2.9 pd=10.58 ps=21.16 nrd=0.029 nrs=0.029 sa=0
| + sb=0 sd=0 mult=1 m=1
| XM_MIRP1 PB PB VIN VIN sky130_fd_pr__pfet_g5v0d10v5 L=4 W=20 nf=4 ad=2.9 as=4.35 pd=21.16 ps=31.74 nrd=0.0145 nrs=0.0145 sa=0 sb=0
| + sd=0 mult=1 m=1
| XM_MIRP2 EA_OUT PB VIN VIN sky130_fd_pr__pfet_g5v0d10v5 L=4 W=20 nf=4 ad=2.9 as=4.35 pd=21.16 ps=31.74 nrd=0.0145 nrs=0.0145 sa=0
| + sb=0 sd=0 mult=1 m=1
| XM_ENP5 PB EN VIN VIN sky130_fd_pr__pfet_g5v0d10v5 L=0.5 W=2 nf=1 ad=0.58 as=0.58 pd=4.58 ps=4.58 nrd=0.145 nrs=0.145 sa=0 sb=0
| + sd=0 mult=1 m=1
| XM_PASS VOUT EA_OUT VIN VIN sky130_fd_pr__pfet_g5v0d10v5 L=0.5 W=100 nf=25 ad=15.08 as=15.08 pd=111.54 ps=111.54 nrd=0.0029
| + nrs=0.0029 sa=0 sb=0 sd=0 mult=50 m=50
| C_COMP VOUT EA_CZ 150p m=1
| XR_CZ EA_CZ EA_OUT 0 sky130_fd_pr__res_xhigh_po W=0.42 L=52 mult=1 m=1
| XR_FB_A VOUT FB 0 sky130_fd_pr__res_xhigh_po W=0.42 L=180 mult=1 m=1
| XR_FB_B FB N_FBB 0 sky130_fd_pr__res_xhigh_po W=0.42 L=180 mult=1 m=1
| XR_FB_C N_FBB 0 0 sky130_fd_pr__res_xhigh_po W=0.42 L=180 mult=1 m=1
| XM_SENSE CL_SNS EA_OUT VIN VIN sky130_fd_pr__pfet_g5v0d10v5 L=0.5 W=0.42 nf=1 ad=0.1218 as=0.1218 pd=1.42 ps=1.42
| + nrd=0.69047619047619 nrs=0.69047619047619 sa=0 sb=0 sd=0 mult=2 m=2
| XM_CLN1 CL_SNS CL_SNS AMP_ENN 0 sky130_fd_pr__nfet_g5v0d10v5 L=1 W=20 nf=1 ad=5.8 as=5.8 pd=40.58 ps=40.58 nrd=0.0145 nrs=0.0145
| + sa=0 sb=0 sd=0 mult=1 m=1
| XM_CLN2 CL_CMP CL_SNS AMP_ENN 0 sky130_fd_pr__nfet_g5v0d10v5 L=1 W=1.6 nf=1 ad=0.464 as=0.464 pd=3.78 ps=3.78 nrd=0.18125
| + nrs=0.18125 sa=0 sb=0 sd=0 mult=1 m=1
| XM_CLP CL_CMP BIASP VIN VIN sky130_fd_pr__pfet_g5v0d10v5 L=1 W=10 nf=2 ad=1.45 as=2.9 pd=10.58 ps=21.16 nrd=0.029 nrs=0.029 sa=0
| + sb=0 sd=0 mult=1 m=1
| XM_CLIM EA_OUT CL_CMP VIN VIN sky130_fd_pr__pfet_g5v0d10v5 L=0.5 W=20 nf=4 ad=2.9 as=4.35 pd=21.16 ps=31.74 nrd=0.0145 nrs=0.0145
| + sa=0 sb=0 sd=0 mult=1 m=1
| XM_ENP3 CL_CMP EN VIN VIN sky130_fd_pr__pfet_g5v0d10v5 L=0.5 W=2 nf=1 ad=0.58 as=0.58 pd=4.58 ps=4.58 nrd=0.145 nrs=0.145 sa=0
| + sb=0 sd=0 mult=1 m=1
| C_CL VIN CL_CMP 1p m=1
| XM_INVP ENB EN VIN VIN sky130_fd_pr__pfet_g5v0d10v5 L=0.5 W=2 nf=1 ad=0.58 as=0.58 pd=4.58 ps=4.58 nrd=0.145 nrs=0.145 sa=0 sb=0
| + sd=0 mult=1 m=1
| XM_INVN ENB EN 0 0 sky130_fd_pr__nfet_g5v0d10v5 L=0.5 W=1 nf=1 ad=0.29 as=0.29 pd=2.58 ps=2.58 nrd=0.29 nrs=0.29 sa=0 sb=0 sd=0
| + mult=1 m=1
| XM_SSDIS SS ENB 0 0 sky130_fd_pr__nfet_g5v0d10v5 L=0.5 W=2 nf=1 ad=0.58 as=0.58 pd=4.58 ps=4.58 nrd=0.145 nrs=0.145 sa=0 sb=0 sd=0
| + mult=1 m=1
| XM_SSCHG SS BIASP VIN VIN sky130_fd_pr__pfet_g5v0d10v5 L=8 W=1 nf=1 ad=0.29 as=0.29 pd=2.58 ps=2.58 nrd=0.29 nrs=0.29 sa=0 sb=0
| + sd=0 mult=1 m=1
| C_SS SS 0 10p m=1
| XM_IN2S EA_D2 SS EA_TAIL VIN sky130_fd_pr__pfet_g5v0d10v5 L=2 W=10 nf=2 ad=1.45 as=2.9 pd=10.58 ps=21.16 nrd=0.029 nrs=0.029 sa=0
| + sb=0 sd=0 mult=1 m=1
| XM_TSPS TS_SNS BIASP VIN VIN sky130_fd_pr__pfet_g5v0d10v5 L=1 W=1.25 nf=1 ad=0.3625 as=0.3625 pd=3.08 ps=3.08 nrd=0.232 nrs=0.232
| + sa=0 sb=0 sd=0 mult=1 m=1
| XM_TSD1 TS_SNS TS_SNS TS_MID 0 sky130_fd_pr__nfet_g5v0d10v5 L=4 W=80 nf=16 ad=11.6 as=13.05 pd=84.64 ps=95.22 nrd=0.003625
| + nrs=0.003625 sa=0 sb=0 sd=0 mult=1 m=1
| XM_TSD2 TS_MID TS_MID AMP_ENN 0 sky130_fd_pr__nfet_g5v0d10v5 L=4 W=80 nf=16 ad=11.6 as=13.05 pd=84.64 ps=95.22 nrd=0.003625
| + nrs=0.003625 sa=0 sb=0 sd=0 mult=1 m=1
| XM_TSPR TS_REF BIASP VIN VIN sky130_fd_pr__pfet_g5v0d10v5 L=1 W=7 nf=1 ad=2.03 as=2.03 pd=14.58 ps=14.58 nrd=0.0414285714285714
| + nrs=0.0414285714285714 sa=0 sb=0 sd=0 mult=1 m=1
| XM_TSR1 TS_REF TS_REF AMP_ENN 0 sky130_fd_pr__nfet_g5v0d10v5 L=2 W=0.42 nf=1 ad=0.1218 as=0.1218 pd=1.42 ps=1.42
| + nrd=0.69047619047619 nrs=0.69047619047619 sa=0 sb=0 sd=0 mult=1 m=1
| XM_TCTAIL TC_TAIL NB AMP_ENN 0 sky130_fd_pr__nfet_g5v0d10v5 L=1 W=1 nf=1 ad=0.29 as=0.29 pd=2.58 ps=2.58 nrd=0.29 nrs=0.29 sa=0
| + sb=0 sd=0 mult=1 m=1
| XM_TCN1 TC_D1 TS_SNS TC_TAIL 0 sky130_fd_pr__nfet_g5v0d10v5 L=2 W=10 nf=2 ad=1.45 as=2.9 pd=10.58 ps=21.16 nrd=0.029 nrs=0.029
| + sa=0 sb=0 sd=0 mult=1 m=1
| XM_TCN2 TS_CMP TS_REF TC_TAIL 0 sky130_fd_pr__nfet_g5v0d10v5 L=2 W=10 nf=2 ad=1.45 as=2.9 pd=10.58 ps=21.16 nrd=0.029 nrs=0.029
| + sa=0 sb=0 sd=0 mult=1 m=1
| XM_TCP1 TC_D1 TC_D1 VIN VIN sky130_fd_pr__pfet_g5v0d10v5 L=2 W=10 nf=2 ad=1.45 as=2.9 pd=10.58 ps=21.16 nrd=0.029 nrs=0.029 sa=0
| + sb=0 sd=0 mult=1 m=1
| XM_TCP2 TS_CMP TC_D1 VIN VIN sky130_fd_pr__pfet_g5v0d10v5 L=2 W=10 nf=2 ad=1.45 as=2.9 pd=10.58 ps=21.16 nrd=0.029 nrs=0.029 sa=0
| + sb=0 sd=0 mult=1 m=1
| XM_TSHUT EA_OUT TS_CMP VIN VIN sky130_fd_pr__pfet_g5v0d10v5 L=0.5 W=20 nf=4 ad=2.9 as=4.35 pd=21.16 ps=31.74 nrd=0.0145 nrs=0.0145
| + sa=0 sb=0 sd=0 mult=1 m=1
| XM_TSHYSB TS_HYS BIASP VIN VIN sky130_fd_pr__pfet_g5v0d10v5 L=2 W=4.5 nf=1 ad=1.305 as=1.305 pd=9.58 ps=9.58
| + nrd=0.0644444444444444 nrs=0.0644444444444444 sa=0 sb=0 sd=0 mult=1 m=1
| XM_TSHYS TS_REF TS_CMP TS_HYS VIN sky130_fd_pr__pfet_g5v0d10v5 L=0.5 W=2 nf=1 ad=0.58 as=0.58 pd=4.58 ps=4.58 nrd=0.145 nrs=0.145
| + sa=0 sb=0 sd=0 mult=1 m=1
| XM_ENP4 TS_CMP EN VIN VIN sky130_fd_pr__pfet_g5v0d10v5 L=0.5 W=2 nf=1 ad=0.58 as=0.58 pd=4.58 ps=4.58 nrd=0.145 nrs=0.145 sa=0
| + sb=0 sd=0 mult=1 m=1
| C_TS VIN TS_CMP 1p m=1
| .ends
| 
| .control
| save all
| dc VVIN 3.63 1.5 -0.02
| meas dc dropout_vin_x find v(vin) when v(vout)=1.764 fall=1
| let meas_dropout_v = dropout_vin_x - 1.764
| let meas_vout_at_max_vin_v = v(vout)[0]
| print meas_dropout_v
| print meas_vout_at_max_vin_v
| quit
| .endc
| .end

# ==== ngspice stdout ====

Note: Compatibility modes selected: hs a


Circuit: * dropout-vs-load corner deck -- generated by sim/bin/corner-run.py, do not edit

option SCALE: Scale is set to 1e-06 for instance and model parameters
option SCALE: Scale is set to 1e-06 for instance and model parameters
option SCALE: Scale is set to 1e-06 for instance and model parameters
option SCALE: Scale is set to 1e-06 for instance and model parameters
Doing analysis at TEMP = -40.000000 and TNOM = 27.000000

Using KLU as Direct Linear Solver
 Reference value :  3.63000e+00
 Reference value :  3.61000e+00
 Reference value :  3.59000e+00
 Reference value :  3.57000e+00
 Reference value :  3.53000e+00
 Reference value :  3.51000e+00
 Reference value :  3.49000e+00
 Reference value :  3.47000e+00
 Reference value :  3.43000e+00
 Reference value :  3.41000e+00
 Reference value :  3.39000e+00
 Reference value :  3.35000e+00
 Reference value :  3.31000e+00
 Reference value :  3.29000e+00
 Reference value :  3.27000e+00
 Reference value :  3.25000e+00
 Reference value :  3.23000e+00
 Reference value :  3.21000e+00
 Reference value :  3.19000e+00
 Reference value :  3.17000e+00
 Reference value :  3.13000e+00
 Reference value :  3.09000e+00
 Reference value :  3.07000e+00
 Reference value :  3.03000e+00
 Reference value :  3.01000e+00
 Reference value :  2.99000e+00
 Reference value :  2.97000e+00
 Reference value :  2.95000e+00
 Reference value :  2.93000e+00
 Reference value :  2.91000e+00
 Reference value :  2.89000e+00
 Reference value :  2.87000e+00
 Reference value :  2.85000e+00
 Reference value :  2.83000e+00
 Reference value :  2.81000e+00
 Reference value :  2.77000e+00
 Reference value :  2.75000e+00
 Reference value :  2.73000e+00
 Reference value :  2.71000e+00
 Reference value :  2.69000e+00
 Reference value :  2.67000e+00
 Reference value :  2.65000e+00
 Reference value :  2.61000e+00
 Reference value :  2.59000e+00
 Reference value :  2.57000e+00
 Reference value :  2.53000e+00
 Reference value :  2.51000e+00
 Reference value :  2.49000e+00
 Reference value :  2.45000e+00
 Reference value :  2.43000e+00
 Reference value :  2.39000e+00
 Reference value :  2.37000e+00
 Reference value :  2.35000e+00
 Reference value :  2.33000e+00
 Reference value :  2.31000e+00
 Reference value :  2.29000e+00
 Reference value :  2.27000e+00
 Reference value :  2.23000e+00
 Reference value :  2.21000e+00
 Reference value :  2.19000e+00
 Reference value :  2.15000e+00
 Reference value :  2.11000e+00
 Reference value :  2.09000e+00
 Reference value :  2.07000e+00
 Reference value :  2.05000e+00
 Reference value :  2.03000e+00
 Reference value :  2.01000e+00
 Reference value :  1.99000e+00
 Reference value :  1.95000e+00
 Reference value :  1.91000e+00
 Reference value :  1.89000e+00
 Reference value :  1.87000e+00
 Reference value :  1.85000e+00
 Reference value :  1.83000e+00
 Reference value :  1.81000e+00
 Reference value :  1.77000e+00
 Reference value :  1.73000e+00
 Reference value :  1.69000e+00
 Reference value :  1.65000e+00
 Reference value :  1.63000e+00
 Reference value :  1.61000e+00
 Reference value :  1.57000e+00
 Reference value :  1.53000e+00
No. of Data Rows : 107
dropout_vin_x       =  2.19756e+00
meas_dropout_v = 4.335560e-01
meas_vout_at_max_vin_v = 1.799030e+00
ngspice-46 done

# ==== ngspice stderr ====
Warning: singular matrix:  check node xldo.ea_cz

Note: Starting dynamic gmin stepping
Warning: singular matrix:  check node xldo.n_fbb

Warning: Dynamic gmin stepping failed
Note: Starting true gmin stepping
Note: True gmin stepping completed

Error: 1.63781e+163, 2 out of range for ^
    in line b.xldo.xr_cz.brbody

Note: Starting dynamic gmin stepping

Error: 2.7453e+208, 2 out of range for ^
    in line b.xldo.xr_cz.brbody

Warning: Dynamic gmin stepping failed
Note: Starting true gmin stepping
Note: True gmin stepping completed

Error: 9.85805e+215, 2 out of range for ^
    in line b.xldo.xr_cz.brbody

Note: Starting dynamic gmin stepping

Error: 4.37618e+208, 2 out of range for ^
    in line b.xldo.xr_cz.brbody

Warning: Dynamic gmin stepping failed
Note: Starting true gmin stepping
Warning: singular matrix:  check node xldo.amp_enn

Note: True gmin stepping completed
Warning: singular matrix:  check node xldo.ea_cz

Note: Starting dynamic gmin stepping

Error: 2.60777e+208, 2 out of range for ^
    in line b.xldo.xr_cz.brbody

Warning: Dynamic gmin stepping failed
Note: Starting true gmin stepping
Note: True gmin stepping completed
Warning: singular matrix:  check node xldo.ea_cz

Note: Starting dynamic gmin stepping
Note: Dynamic gmin stepping completed

Error: 1.39903e+291, 2 out of range for ^
    in line b.xldo.xr_cz.brbody

Note: Starting dynamic gmin stepping
Warning: singular matrix:  check node xldo.ea_cz

Warning: Dynamic gmin stepping failed
Note: Starting true gmin stepping
Note: True gmin stepping completed
Note: Starting dynamic gmin stepping

Error: 5.63915e+205, 2 out of range for ^
    in line b.xldo.xr_fb_b.brbody

Warning: Dynamic gmin stepping failed
Note: Starting true gmin stepping
Note: True gmin stepping completed
Note: Starting dynamic gmin stepping
Warning: Dynamic gmin stepping failed
Note: Starting true gmin stepping
Note: True gmin stepping completed
Note: Starting dynamic gmin stepping

Error: 1.05837e+211, 2 out of range for ^
    in line b.xldo.xr_fb_b.brbody

Warning: Dynamic gmin stepping failed
Note: Starting true gmin stepping
Note: True gmin stepping completed
Note: Starting dynamic gmin stepping
Note: Dynamic gmin stepping completed

Error: 1.13365e+164, 2 out of range for ^
    in line b.xldo.xr_fb_b.brbody

Note: Starting dynamic gmin stepping
Note: Dynamic gmin stepping completed
Note: Starting dynamic gmin stepping
Warning: Dynamic gmin stepping failed
Note: Starting true gmin stepping
Note: True gmin stepping completed
Note: Starting dynamic gmin stepping
Warning: Dynamic gmin stepping failed
Note: Starting true gmin stepping
Note: True gmin stepping completed

Error: 1.40911e+155, 2 out of range for ^
    in line b.xldo.xr_cz.brbody

Note: Starting dynamic gmin stepping

Error: -3.97649e+154, 2 out of range for ^
    in line b.xldo.xr_cz.brbody

Warning: Dynamic gmin stepping failed
Note: Starting true gmin stepping
Note: True gmin stepping completed
Note: Starting dynamic gmin stepping
Warning: Dynamic gmin stepping failed
Note: Starting true gmin stepping
Note: True gmin stepping completed

Error: 3.38959e+275, 2 out of range for ^
    in line b.xldo.xr_cz.brbody

Note: Starting dynamic gmin stepping
Warning: Dynamic gmin stepping failed
Note: Starting true gmin stepping
Note: True gmin stepping completed

Error: 1.07206e+278, 2 out of range for ^
    in line b.xldo.xr_cz.brbody

Note: Starting dynamic gmin stepping
Note: Dynamic gmin stepping completed

Error: 8.26805e+155, 2 out of range for ^
    in line b.xldo.xr_cz.brbody

Note: Starting dynamic gmin stepping
Warning: Dynamic gmin stepping failed
Note: Starting true gmin stepping

Error: 5.00296e+156, 2 out of range for ^
    in line b.xldo.xr_fb_b.brbody

Note: True gmin stepping completed

Error: 3.29088e+157, 2 out of range for ^
    in line b.xldo.xr_fb_c.brbody

Note: Starting dynamic gmin stepping
Warning: Dynamic gmin stepping failed
Note: Starting true gmin stepping
Note: True gmin stepping completed
Note: Starting dynamic gmin stepping
Warning: Dynamic gmin stepping failed
Note: Starting true gmin stepping
Note: True gmin stepping completed
Note: Starting dynamic gmin stepping
Warning: Dynamic gmin stepping failed
Note: Starting true gmin stepping
Note: True gmin stepping completed
Note: Starting dynamic gmin stepping
Warning: Dynamic gmin stepping failed
Note: Starting true gmin stepping
Note: True gmin stepping completed
Note: Starting dynamic gmin stepping

Error: -3.84307e+157, 2 out of range for ^
    in line b.xldo.xr_fb_b.brbody

Warning: Dynamic gmin stepping failed
Note: Starting true gmin stepping
Note: True gmin stepping completed

Error: 3.65571e+154, 2 out of range for ^
    in line b.xldo.xr_cz.brbody

Note: Starting dynamic gmin stepping

Error: 7.98405e+160, 2 out of range for ^
    in line b.xldo.xr_fb_b.brbody

Warning: Dynamic gmin stepping failed
Note: Starting true gmin stepping

Error: 1.14793e+156, 2 out of range for ^
    in line b.xldo.xr_cz.brbody


Error: 1.65641e+155, 2 out of range for ^
    in line b.xldo.xr_fb_b.brbody

Note: True gmin stepping completed
Note: Starting dynamic gmin stepping
Warning: Dynamic gmin stepping failed
Note: Starting true gmin stepping
Note: True gmin stepping completed

Error: 1.3876e+195, 2 out of range for ^
    in line b.xldo.xr_cz.brbody

Note: Starting dynamic gmin stepping
Note: Dynamic gmin stepping completed

Error: 1.37571e+162, 2 out of range for ^
    in line b.xldo.xr_cz.brbody

Note: Starting dynamic gmin stepping

Error: 1.89698e+160, 2 out of range for ^
    in line b.xldo.xr_fb_b.brbody

Warning: Dynamic gmin stepping failed
Note: Starting true gmin stepping
Note: True gmin stepping completed
Note: Starting dynamic gmin stepping
Warning: Dynamic gmin stepping failed
Note: Starting true gmin stepping
Note: True gmin stepping completed
Note: Starting dynamic gmin stepping
Warning: Dynamic gmin stepping failed
Note: Starting true gmin stepping
Note: True gmin stepping completed

Error: 7.28647e+156, 2 out of range for ^
    in line b.xldo.xr_fb_b.brbody

Note: Starting dynamic gmin stepping
Note: Dynamic gmin stepping completed
Note: Starting dynamic gmin stepping

Error: 5.8939e+155, 2 out of range for ^
    in line b.xldo.xr_fb_b.brbody

Warning: Dynamic gmin stepping failed
Note: Starting true gmin stepping
Note: True gmin stepping completed
Note: Starting dynamic gmin stepping
Note: Dynamic gmin stepping completed
Note: Starting dynamic gmin stepping

Error: 4.03116e+208, 2 out of range for ^
    in line b.xldo.xr_cz.brbody

Warning: Dynamic gmin stepping failed
Note: Starting true gmin stepping
Note: True gmin stepping completed
Note: Starting dynamic gmin stepping
Warning: Dynamic gmin stepping failed
Note: Starting true gmin stepping
Note: True gmin stepping completed

Error: 1.66418e+186, 2 out of range for ^
    in line b.xldo.xr_fb_b.brbody

Note: Starting dynamic gmin stepping

Error: 5.02457e+254, 2 out of range for ^
    in line b.xldo.xr_fb_b.brbody

Warning: Dynamic gmin stepping failed
Note: Starting true gmin stepping
Note: True gmin stepping completed
Note: Starting dynamic gmin stepping

Error: -2.77788e+156, 2 out of range for ^
    in line b.xldo.xr_fb_b.brbody

Warning: Dynamic gmin stepping failed
Note: Starting true gmin stepping
Note: True gmin stepping completed
Note: Starting dynamic gmin stepping

Error: 1.92399e+208, 2 out of range for ^
    in line b.xldo.xr_cz.brbody

Warning: Dynamic gmin stepping failed
Note: Starting true gmin stepping
Note: True gmin stepping completed
Note: Starting dynamic gmin stepping
Note: Dynamic gmin stepping completed
Note: Starting dynamic gmin stepping

Error: 3.49279e+170, 2 out of range for ^
    in line b.xldo.xr_cz.brbody

Warning: Dynamic gmin stepping failed
Note: Starting true gmin stepping
Note: True gmin stepping completed
Note: Starting dynamic gmin stepping

Error: 1.71338e+209, 2 out of range for ^
    in line b.xldo.xr_cz.brbody

Warning: Dynamic gmin stepping failed
Note: Starting true gmin stepping
Note: True gmin stepping completed

Error: 2.50023e+157, 2 out of range for ^
    in line b.xldo.xr_cz.brbody

Note: Starting dynamic gmin stepping

Error: 1.51256e+155, 2 out of range for ^
    in line b.xldo.xr_cz.brbody

Warning: Dynamic gmin stepping failed
Note: Starting true gmin stepping
Note: True gmin stepping completed
Note: Starting dynamic gmin stepping
Warning: Dynamic gmin stepping failed
Note: Starting true gmin stepping
Note: True gmin stepping completed

Error: 1.49614e+276, 2 out of range for ^
    in line b.xldo.xr_cz.brbody

Note: Starting dynamic gmin stepping
Note: Dynamic gmin stepping completed
Note: Starting dynamic gmin stepping
Warning: Dynamic gmin stepping failed
Note: Starting true gmin stepping
Note: True gmin stepping completed
Note: Starting dynamic gmin stepping

Error: 9.14872e+216, 2 out of range for ^
    in line b.xldo.xr_fb_b.brbody

Warning: Dynamic gmin stepping failed
Note: Starting true gmin stepping
Note: True gmin stepping completed
Note: Starting dynamic gmin stepping
Warning: Dynamic gmin stepping failed
Note: Starting true gmin stepping
Note: True gmin stepping completed
Note: Starting dynamic gmin stepping
Note: Dynamic gmin stepping completed

Error: 2.7038e+161, 2 out of range for ^
    in line b.xldo.xr_fb_c.brbody

Note: Starting dynamic gmin stepping
Warning: Dynamic gmin stepping failed
Note: Starting true gmin stepping
Note: True gmin stepping completed
Note: Starting dynamic gmin stepping

Error: 1.25413e+255, 2 out of range for ^
    in line b.xldo.xr_fb_b.brbody

Warning: Dynamic gmin stepping failed
Note: Starting true gmin stepping
Note: True gmin stepping completed

Error: 4.83736e+161, 2 out of range for ^
    in line b.xldo.xr_fb_c.brbody

Note: Starting dynamic gmin stepping

Error: 1.21756e+270, 2 out of range for ^
    in line b.xldo.xr_cz.brbody

Warning: Dynamic gmin stepping failed
Note: Starting true gmin stepping

Error: 1.14999e+239, 2 out of range for ^
    in line b.xldo.xr_cz.brbody

Note: True gmin stepping completed

Error: 1.73972e+154, 2 out of range for ^
    in line b.xldo.xr_cz.brbody

Note: Starting dynamic gmin stepping
Note: Dynamic gmin stepping completed

Error: 8.05308e+159, 2 out of range for ^
    in line b.xldo.xr_fb_a.brbody

Note: Starting dynamic gmin stepping

Error: 4.49373e+155, 2 out of range for ^
    in line b.xldo.xr_cz.brbody

Warning: Dynamic gmin stepping failed
Note: Starting true gmin stepping
Note: True gmin stepping completed

Error: 7.98484e+249, 2 out of range for ^
    in line b.xldo.xr_fb_b.brbody

Note: Starting dynamic gmin stepping
Warning: Dynamic gmin stepping failed
Note: Starting true gmin stepping

Error: -2.17291e+155, 2 out of range for ^
    in line b.xldo.xr_cz.brbody

Note: True gmin stepping completed
Note: Starting dynamic gmin stepping
Warning: Dynamic gmin stepping failed
Note: Starting true gmin stepping
Note: True gmin stepping completed
Note: Starting dynamic gmin stepping
Warning: Dynamic gmin stepping failed
Note: Starting true gmin stepping
Note: True gmin stepping completed

Error: 2.50832e+194, 2 out of range for ^
    in line b.xldo.xr_fb_b.brbody

Note: Starting dynamic gmin stepping

Error: -6.9474e+155, 2 out of range for ^
    in line b.xldo.xr_cz.brbody

Warning: Dynamic gmin stepping failed
Note: Starting true gmin stepping
Note: True gmin stepping completed

Error: 1.44324e+158, 2 out of range for ^
    in line b.xldo.xr_fb_b.brbody

Note: Starting dynamic gmin stepping
Warning: Dynamic gmin stepping failed
Note: Starting true gmin stepping
Note: True gmin stepping completed
Note: Starting dynamic gmin stepping
Note: Dynamic gmin stepping completed
Note: Starting dynamic gmin stepping
Warning: Dynamic gmin stepping failed
Note: Starting true gmin stepping
Note: True gmin stepping completed
Note: Starting dynamic gmin stepping

Error: 6.74122e+174, 2 out of range for ^
    in line b.xldo.xr_cz.brbody

Warning: Dynamic gmin stepping failed
Note: Starting true gmin stepping
Note: True gmin stepping completed

Error: 2.33698e+200, 2 out of range for ^
    in line b.xldo.xr_fb_b.brbody

Note: Starting dynamic gmin stepping

Error: 7.17355e+177, 2 out of range for ^
    in line b.xldo.xr_cz.brbody

Warning: Dynamic gmin stepping failed
Note: Starting true gmin stepping
Note: True gmin stepping completed

Error: 5.06927e+242, 2 out of range for ^
    in line b.xldo.xr_cz.brbody

Note: Starting dynamic gmin stepping
Note: Dynamic gmin stepping completed
Note: Starting dynamic gmin stepping

Error: 1.41336e+218, 2 out of range for ^
    in line b.xldo.xr_cz.brbody

Warning: Dynamic gmin stepping failed
Note: Starting true gmin stepping
Note: True gmin stepping completed
Note: Starting dynamic gmin stepping
Note: Dynamic gmin stepping completed
Note: Starting dynamic gmin stepping

Error: 1.37955e+174, 2 out of range for ^
    in line b.xldo.xr_cz.brbody

Warning: Dynamic gmin stepping failed
Note: Starting true gmin stepping
Note: True gmin stepping completed
Note: Starting dynamic gmin stepping

Error: 7.96869e+160, 2 out of range for ^
    in line b.xldo.xr_fb_b.brbody

Warning: Dynamic gmin stepping failed
Note: Starting true gmin stepping
Note: True gmin stepping completed

Error: 9.50207e+160, 2 out of range for ^
    in line b.xldo.xr_cz.brbody

Note: Starting dynamic gmin stepping
Note: Dynamic gmin stepping completed

Error: 3.13265e+173, 2 out of range for ^
    in line b.xldo.xr_cz.brbody

Note: Starting dynamic gmin stepping

Error: 8.77754e+216, 2 out of range for ^
    in line b.xldo.xr_cz.brbody

Warning: Dynamic gmin stepping failed
Note: Starting true gmin stepping

Error: -8.9218e+157, 2 out of range for ^
    in line b.xldo.xr_cz.brbody


Error: 7.28772e+177, 2 out of range for ^
    in line b.xldo.xr_fb_b.brbody

Note: True gmin stepping completed

Error: -1.60988e+156, 2 out of range for ^
    in line b.xldo.xr_cz.brbody

Note: Starting dynamic gmin stepping

Error: 5.63857e+185, 2 out of range for ^
    in line b.xldo.xr_cz.brbody

Warning: Dynamic gmin stepping failed
Note: Starting true gmin stepping
Note: True gmin stepping completed

Error: 7.94868e+234, 2 out of range for ^
    in line b.xldo.xr_cz.brbody

Note: Starting dynamic gmin stepping
Note: Dynamic gmin stepping completed
Note: Starting dynamic gmin stepping

Error: -1.0779e+158, 2 out of range for ^
    in line b.xldo.xr_cz.brbody

Warning: Dynamic gmin stepping failed
Note: Starting true gmin stepping
Note: True gmin stepping completed

Error: 1.8707e+172, 2 out of range for ^
    in line b.xldo.xr_cz.brbody

Note: Starting dynamic gmin stepping
Warning: Dynamic gmin stepping failed
Note: Starting true gmin stepping
Note: True gmin stepping completed

Error: 2.30457e+255, 2 out of range for ^
    in line b.xldo.xr_fb_b.brbody

Note: Starting dynamic gmin stepping
Warning: Dynamic gmin stepping failed
Note: Starting true gmin stepping
Note: True gmin stepping completed
Note: Starting dynamic gmin stepping
Warning: Dynamic gmin stepping failed
Note: Starting true gmin stepping
Note: True gmin stepping completed

Error: 3.25786e+162, 2 out of range for ^
    in line b.xldo.xr_cz.brbody

Note: Starting dynamic gmin stepping
Warning: Dynamic gmin stepping failed
Note: Starting true gmin stepping
Note: True gmin stepping completed

Error: 2.71235e+164, 2 out of range for ^
    in line b.xldo.xr_cz.brbody

Note: Starting dynamic gmin stepping

Error: 3.61425e+162, 2 out of range for ^
    in line b.xldo.xr_cz.brbody

Warning: Dynamic gmin stepping failed
Note: Starting true gmin stepping
Note: True gmin stepping completed
Note: Starting dynamic gmin stepping

Error: 7.40675e+212, 2 out of range for ^
    in line b.xldo.xr_cz.brbody

Warning: Dynamic gmin stepping failed
Note: Starting true gmin stepping
Note: True gmin stepping completed
Note: Starting dynamic gmin stepping

Error: 4.66999e+216, 2 out of range for ^
    in line b.xldo.xr_cz.brbody

Warning: Dynamic gmin stepping failed
Note: Starting true gmin stepping
Note: True gmin stepping completed
Note: Starting dynamic gmin stepping
Warning: Dynamic gmin stepping failed
Note: Starting true gmin stepping
Note: True gmin stepping completed
Note: Starting dynamic gmin stepping
Warning: Dynamic gmin stepping failed
Note: Starting true gmin stepping
Note: True gmin stepping completed
Note: Starting dynamic gmin stepping

Error: 1.29355e+176, 2 out of range for ^
    in line b.xldo.xr_cz.brbody

Warning: Dynamic gmin stepping failed
Note: Starting true gmin stepping
Note: True gmin stepping completed
Note: Starting dynamic gmin stepping
Warning: Dynamic gmin stepping failed
Note: Starting true gmin stepping
Note: True gmin stepping completed

Error: 2.702e+218, 2 out of range for ^
    in line b.xldo.xr_fb_b.brbody

Note: Starting dynamic gmin stepping

Error: 1.75885e+209, 2 out of range for ^
    in line b.xldo.xr_fb_b.brbody

Warning: Dynamic gmin stepping failed
Note: Starting true gmin stepping
Note: True gmin stepping completed
Note: Starting dynamic gmin stepping

Error: 6.54983e+157, 2 out of range for ^
    in line b.xldo.xr_cz.brbody

Warning: Dynamic gmin stepping failed
Note: Starting true gmin stepping
Note: True gmin stepping completed

Error: 2.16054e+198, 2 out of range for ^
    in line b.xldo.xr_fb_b.brbody

Note: Starting dynamic gmin stepping
Warning: Dynamic gmin stepping failed
Note: Starting true gmin stepping
Note: True gmin stepping completed
Note: Starting dynamic gmin stepping

Error: 3.55468e+174, 2 out of range for ^
    in line b.xldo.xr_cz.brbody

Warning: Dynamic gmin stepping failed
Note: Starting true gmin stepping
Note: True gmin stepping completed
Note: Starting dynamic gmin stepping
Warning: Dynamic gmin stepping failed
Note: Starting true gmin stepping
Note: True gmin stepping completed

Error: 4.94448e+176, 2 out of range for ^
    in line b.xldo.xr_cz.brbody

Note: Starting dynamic gmin stepping
Warning: Dynamic gmin stepping failed
Note: Starting true gmin stepping

Error: 2.25664e+218, 2 out of range for ^
    in line b.xldo.xr_fb_b.brbody

Note: True gmin stepping completed

Error: 1.86037e+154, 2 out of range for ^
    in line b.xldo.xr_fb_c.brbody

Note: Starting dynamic gmin stepping
Warning: Dynamic gmin stepping failed
Note: Starting true gmin stepping
Note: True gmin stepping completed

Error: 1.38462e+217, 2 out of range for ^
    in line b.xldo.xr_cz.brbody

Note: Starting dynamic gmin stepping
Warning: Dynamic gmin stepping failed
Note: Starting true gmin stepping
Note: True gmin stepping completed

Error: 1.09636e+253, 2 out of range for ^
    in line b.xldo.xr_cz.brbody

Note: Starting dynamic gmin stepping
Warning: Dynamic gmin stepping failed
Note: Starting true gmin stepping

Error: 5.1582e+214, 2 out of range for ^
    in line b.xldo.xr_fb_b.brbody

Note: True gmin stepping completed
Note: Starting dynamic gmin stepping

Error: 4.2647e+177, 2 out of range for ^
    in line b.xldo.xr_cz.brbody

Warning: Dynamic gmin stepping failed
Note: Starting true gmin stepping
Note: True gmin stepping completed

Error: 5.33005e+231, 2 out of range for ^
    in line b.xldo.xr_cz.brbody

Note: Starting dynamic gmin stepping

Error: 2.89153e+225, 2 out of range for ^
    in line b.xldo.xr_fb_b.brbody

Warning: Dynamic gmin stepping failed
Note: Starting true gmin stepping
Note: True gmin stepping completed

Error: -1.58624e+154, 2 out of range for ^
    in line b.xldo.xr_cz.brbody

Note: Starting dynamic gmin stepping
Warning: Dynamic gmin stepping failed
Note: Starting true gmin stepping

Error: 6.47826e+235, 2 out of range for ^
    in line b.xldo.xr_fb_b.brbody

Note: True gmin stepping completed

Error: -2.28035e+156, 2 out of range for ^
    in line b.xldo.xr_cz.brbody

Note: Starting dynamic gmin stepping
Note: Dynamic gmin stepping completed

Error: 2.91569e+199, 2 out of range for ^
    in line b.xldo.xr_fb_b.brbody

Note: Starting dynamic gmin stepping
Note: Dynamic gmin stepping completed

Error: 6.93288e+224, 2 out of range for ^
    in line b.xldo.xr_cz.brbody

Note: Starting dynamic gmin stepping
Note: Dynamic gmin stepping completed

Error: 3.69164e+217, 2 out of range for ^
    in line b.xldo.xr_cz.brbody

Note: Starting dynamic gmin stepping

Error: 8.0833e+220, 2 out of range for ^
    in line b.xldo.xr_cz.brbody

Warning: Dynamic gmin stepping failed
Note: Starting true gmin stepping
Note: True gmin stepping completed
Note: Starting dynamic gmin stepping
Warning: Dynamic gmin stepping failed
Note: Starting true gmin stepping
Note: True gmin stepping completed
Note: Starting dynamic gmin stepping
Warning: Dynamic gmin stepping failed
Note: Starting true gmin stepping
Note: True gmin stepping completed
Note: Starting dynamic gmin stepping

Error: -5.68171e+158, 2 out of range for ^
    in line b.xldo.xr_fb_b.brbody

Warning: Dynamic gmin stepping failed
Note: Starting true gmin stepping
Note: True gmin stepping completed

Error: 4.22213e+156, 2 out of range for ^
    in line b.xldo.xr_fb_b.brbody

Note: Starting dynamic gmin stepping

Error: -1.83393e+157, 2 out of range for ^
    in line b.xldo.xr_fb_b.brbody

Warning: Dynamic gmin stepping failed
Note: Starting true gmin stepping
Note: True gmin stepping completed
Note: Starting dynamic gmin stepping
Warning: Dynamic gmin stepping failed
Note: Starting true gmin stepping
Note: True gmin stepping completed
