# corner: ss_125c_2.97v
# process=ss temp=125C supply=2.97V
# ngspice exit: 0
# wall clock: 32.2s (--timeout was 300s)
# result: FAIL

# ==== deck (exact input given to ngspice) ====
| * dropout-vs-load corner deck -- generated by sim/bin/corner-run.py, do not edit
| * corner: ss_125c_2.97v
| .param vsup=2.97
| .option wnflag=1
| .temp 125
| .lib "/home/ubuntu/.volare/sky130A/libs.tech/combined/sky130.lib.spice" ss
| ** sch_path: sim/dropout-vs-load/testbench/tb_dropout_vs_load.sch
| **.subckt tb_dropout_vs_load
| VVIN VIN 0 3.3
| .save i(vvin)
| VEN EN 0 'vsup'
| .save i(ven)
| VVREF VREF 0 1.2
| .save i(vvref)
| xldo VOUT VREF EN VIN ldo_3v3in_1v8out
| COUT VOUT VESR 1u m=1
| RESR VESR 0 10m m=1
| ILOAD VOUT 0 50m
| **.ends
| 
| * expanding   symbol:  design/ldo_3v3in_1v8out.sym # of pins=4
| ** sym_path: design/ldo_3v3in_1v8out.sym
| ** sch_path: design/ldo_3v3in_1v8out.sch
| .subckt ldo_3v3in_1v8out VOUT VREF EN VIN
| *.ipin VIN
| *.ipin EN
| *.ipin VREF
| *.opin VOUT
| XR_BIAS VIN NB 0 sky130_fd_pr__res_high_po W=0.42 L=1500 mult=1 m=1
| XM_BIASN1 NB NB BIAS_ENN 0 sky130_fd_pr__nfet_g5v0d10v5 L=1 W=4 nf=1 ad=1.16 as=1.16 pd=8.58 ps=8.58 nrd=0.0725 nrs=0.0725 sa=0
| + sb=0 sd=0 mult=1 m=1
| XM_ENN BIAS_ENN EN 0 0 sky130_fd_pr__nfet_g5v0d10v5 L=0.5 W=10 nf=1 ad=2.9 as=2.9 pd=20.58 ps=20.58 nrd=0.029 nrs=0.029 sa=0 sb=0
| + sd=0 mult=1 m=1
| XM_BIASN2 BIASP NB BIAS_ENN 0 sky130_fd_pr__nfet_g5v0d10v5 L=1 W=4 nf=1 ad=1.16 as=1.16 pd=8.58 ps=8.58 nrd=0.0725 nrs=0.0725 sa=0
| + sb=0 sd=0 mult=1 m=1
| XM_BIASP1 BIASP BIASP VIN VIN sky130_fd_pr__pfet_g5v0d10v5 L=1 W=10 nf=2 ad=1.45 as=2.9 pd=10.58 ps=21.16 nrd=0.029 nrs=0.029 sa=0
| + sb=0 sd=0 mult=1 m=1
| XM_ENP2 BIASP EN VIN VIN sky130_fd_pr__pfet_g5v0d10v5 L=0.5 W=10 nf=1 ad=2.9 as=2.9 pd=20.58 ps=20.58 nrd=0.029 nrs=0.029 sa=0
| + sb=0 sd=0 mult=1 m=1
| XM_TAIL EA_TAIL BIASP VIN VIN sky130_fd_pr__pfet_g5v0d10v5 L=2 W=40 nf=8 ad=5.8 as=7.25 pd=42.32 ps=52.9 nrd=0.00725 nrs=0.00725
| + sa=0 sb=0 sd=0 mult=1 m=1
| XM_IN1 EA_D1 FB EA_TAIL VIN sky130_fd_pr__pfet_g5v0d10v5 L=2 W=10 nf=2 ad=1.45 as=2.9 pd=10.58 ps=21.16 nrd=0.029 nrs=0.029 sa=0
| + sb=0 sd=0 mult=1 m=1
| XM_IN2 EA_D2 VREF EA_TAIL VIN sky130_fd_pr__pfet_g5v0d10v5 L=2 W=10 nf=2 ad=1.45 as=2.9 pd=10.58 ps=21.16 nrd=0.029 nrs=0.029 sa=0
| + sb=0 sd=0 mult=1 m=1
| XM_MIR1 EA_D1 EA_D1 AMP_ENN 0 sky130_fd_pr__nfet_g5v0d10v5 L=4 W=10 nf=2 ad=1.45 as=2.9 pd=10.58 ps=21.16 nrd=0.029 nrs=0.029 sa=0
| + sb=0 sd=0 mult=1 m=1
| XM_MIR2 EA_OUT EA_D1 AMP_ENN 0 sky130_fd_pr__nfet_g5v0d10v5 L=4 W=10 nf=2 ad=1.45 as=2.9 pd=10.58 ps=21.16 nrd=0.029 nrs=0.029
| + sa=0 sb=0 sd=0 mult=1 m=1
| XM_ENN2 AMP_ENN EN 0 0 sky130_fd_pr__nfet_g5v0d10v5 L=0.5 W=10 nf=1 ad=2.9 as=2.9 pd=20.58 ps=20.58 nrd=0.029 nrs=0.029 sa=0 sb=0
| + sd=0 mult=1 m=1
| XM_ENP EA_OUT EN VIN VIN sky130_fd_pr__pfet_g5v0d10v5 L=0.5 W=10 nf=1 ad=2.9 as=2.9 pd=20.58 ps=20.58 nrd=0.029 nrs=0.029 sa=0
| + sb=0 sd=0 mult=1 m=1
| XM_MIR3 EA_D2 EA_D2 AMP_ENN 0 sky130_fd_pr__nfet_g5v0d10v5 L=4 W=10 nf=2 ad=1.45 as=2.9 pd=10.58 ps=21.16 nrd=0.029 nrs=0.029 sa=0
| + sb=0 sd=0 mult=1 m=1
| XM_MIR4 PB EA_D2 AMP_ENN 0 sky130_fd_pr__nfet_g5v0d10v5 L=4 W=10 nf=2 ad=1.45 as=2.9 pd=10.58 ps=21.16 nrd=0.029 nrs=0.029 sa=0
| + sb=0 sd=0 mult=1 m=1
| XM_MIRP1 PB PB VIN VIN sky130_fd_pr__pfet_g5v0d10v5 L=4 W=20 nf=4 ad=2.9 as=4.35 pd=21.16 ps=31.74 nrd=0.0145 nrs=0.0145 sa=0 sb=0
| + sd=0 mult=1 m=1
| XM_MIRP2 EA_OUT PB VIN VIN sky130_fd_pr__pfet_g5v0d10v5 L=4 W=20 nf=4 ad=2.9 as=4.35 pd=21.16 ps=31.74 nrd=0.0145 nrs=0.0145 sa=0
| + sb=0 sd=0 mult=1 m=1
| XM_ENP5 PB EN VIN VIN sky130_fd_pr__pfet_g5v0d10v5 L=0.5 W=2 nf=1 ad=0.58 as=0.58 pd=4.58 ps=4.58 nrd=0.145 nrs=0.145 sa=0 sb=0
| + sd=0 mult=1 m=1
| XM_PASS VOUT EA_OUT VIN VIN sky130_fd_pr__pfet_g5v0d10v5 L=0.5 W=100 nf=25 ad=15.08 as=15.08 pd=111.54 ps=111.54 nrd=0.0029
| + nrs=0.0029 sa=0 sb=0 sd=0 mult=50 m=50
| C_COMP VOUT EA_CZ 150p m=1
| XR_CZ EA_CZ EA_OUT 0 sky130_fd_pr__res_xhigh_po W=0.42 L=52 mult=1 m=1
| XR_FB_A VOUT FB 0 sky130_fd_pr__res_xhigh_po W=0.42 L=180 mult=1 m=1
| XR_FB_B FB N_FBB 0 sky130_fd_pr__res_xhigh_po W=0.42 L=180 mult=1 m=1
| XR_FB_C N_FBB 0 0 sky130_fd_pr__res_xhigh_po W=0.42 L=180 mult=1 m=1
| XM_SENSE CL_SNS EA_OUT VIN VIN sky130_fd_pr__pfet_g5v0d10v5 L=0.5 W=0.42 nf=1 ad=0.1218 as=0.1218 pd=1.42 ps=1.42
| + nrd=0.69047619047619 nrs=0.69047619047619 sa=0 sb=0 sd=0 mult=2 m=2
| XM_CLN1 CL_SNS CL_SNS AMP_ENN 0 sky130_fd_pr__nfet_g5v0d10v5 L=1 W=20 nf=1 ad=5.8 as=5.8 pd=40.58 ps=40.58 nrd=0.0145 nrs=0.0145
| + sa=0 sb=0 sd=0 mult=1 m=1
| XM_CLN2 CL_CMP CL_SNS AMP_ENN 0 sky130_fd_pr__nfet_g5v0d10v5 L=1 W=1.6 nf=1 ad=0.464 as=0.464 pd=3.78 ps=3.78 nrd=0.18125
| + nrs=0.18125 sa=0 sb=0 sd=0 mult=1 m=1
| XM_CLP CL_CMP BIASP VIN VIN sky130_fd_pr__pfet_g5v0d10v5 L=1 W=10 nf=2 ad=1.45 as=2.9 pd=10.58 ps=21.16 nrd=0.029 nrs=0.029 sa=0
| + sb=0 sd=0 mult=1 m=1
| XM_CLIM EA_OUT CL_CMP VIN VIN sky130_fd_pr__pfet_g5v0d10v5 L=0.5 W=20 nf=4 ad=2.9 as=4.35 pd=21.16 ps=31.74 nrd=0.0145 nrs=0.0145
| + sa=0 sb=0 sd=0 mult=1 m=1
| XM_ENP3 CL_CMP EN VIN VIN sky130_fd_pr__pfet_g5v0d10v5 L=0.5 W=2 nf=1 ad=0.58 as=0.58 pd=4.58 ps=4.58 nrd=0.145 nrs=0.145 sa=0
| + sb=0 sd=0 mult=1 m=1
| C_CL VIN CL_CMP 1p m=1
| XM_INVP ENB EN VIN VIN sky130_fd_pr__pfet_g5v0d10v5 L=0.5 W=2 nf=1 ad=0.58 as=0.58 pd=4.58 ps=4.58 nrd=0.145 nrs=0.145 sa=0 sb=0
| + sd=0 mult=1 m=1
| XM_INVN ENB EN 0 0 sky130_fd_pr__nfet_g5v0d10v5 L=0.5 W=1 nf=1 ad=0.29 as=0.29 pd=2.58 ps=2.58 nrd=0.29 nrs=0.29 sa=0 sb=0 sd=0
| + mult=1 m=1
| XM_SSDIS SS ENB 0 0 sky130_fd_pr__nfet_g5v0d10v5 L=0.5 W=2 nf=1 ad=0.58 as=0.58 pd=4.58 ps=4.58 nrd=0.145 nrs=0.145 sa=0 sb=0 sd=0
| + mult=1 m=1
| XM_SSCHG SS BIASP VIN VIN sky130_fd_pr__pfet_g5v0d10v5 L=8 W=1 nf=1 ad=0.29 as=0.29 pd=2.58 ps=2.58 nrd=0.29 nrs=0.29 sa=0 sb=0
| + sd=0 mult=1 m=1
| C_SS SS 0 10p m=1
| XM_IN2S EA_D2 SS EA_TAIL VIN sky130_fd_pr__pfet_g5v0d10v5 L=2 W=10 nf=2 ad=1.45 as=2.9 pd=10.58 ps=21.16 nrd=0.029 nrs=0.029 sa=0
| + sb=0 sd=0 mult=1 m=1
| XM_TSPS TS_SNS BIASP VIN VIN sky130_fd_pr__pfet_g5v0d10v5 L=1 W=1.25 nf=1 ad=0.3625 as=0.3625 pd=3.08 ps=3.08 nrd=0.232 nrs=0.232
| + sa=0 sb=0 sd=0 mult=1 m=1
| XM_TSD1 TS_SNS TS_SNS TS_MID 0 sky130_fd_pr__nfet_g5v0d10v5 L=4 W=80 nf=16 ad=11.6 as=13.05 pd=84.64 ps=95.22 nrd=0.003625
| + nrs=0.003625 sa=0 sb=0 sd=0 mult=1 m=1
| XM_TSD2 TS_MID TS_MID AMP_ENN 0 sky130_fd_pr__nfet_g5v0d10v5 L=4 W=80 nf=16 ad=11.6 as=13.05 pd=84.64 ps=95.22 nrd=0.003625
| + nrs=0.003625 sa=0 sb=0 sd=0 mult=1 m=1
| XM_TSPR TS_REF BIASP VIN VIN sky130_fd_pr__pfet_g5v0d10v5 L=1 W=7 nf=1 ad=2.03 as=2.03 pd=14.58 ps=14.58 nrd=0.0414285714285714
| + nrs=0.0414285714285714 sa=0 sb=0 sd=0 mult=1 m=1
| XM_TSR1 TS_REF TS_REF AMP_ENN 0 sky130_fd_pr__nfet_g5v0d10v5 L=2 W=0.42 nf=1 ad=0.1218 as=0.1218 pd=1.42 ps=1.42
| + nrd=0.69047619047619 nrs=0.69047619047619 sa=0 sb=0 sd=0 mult=1 m=1
| XM_TCTAIL TC_TAIL NB AMP_ENN 0 sky130_fd_pr__nfet_g5v0d10v5 L=1 W=1 nf=1 ad=0.29 as=0.29 pd=2.58 ps=2.58 nrd=0.29 nrs=0.29 sa=0
| + sb=0 sd=0 mult=1 m=1
| XM_TCN1 TC_D1 TS_SNS TC_TAIL 0 sky130_fd_pr__nfet_g5v0d10v5 L=2 W=10 nf=2 ad=1.45 as=2.9 pd=10.58 ps=21.16 nrd=0.029 nrs=0.029
| + sa=0 sb=0 sd=0 mult=1 m=1
| XM_TCN2 TS_CMP TS_REF TC_TAIL 0 sky130_fd_pr__nfet_g5v0d10v5 L=2 W=10 nf=2 ad=1.45 as=2.9 pd=10.58 ps=21.16 nrd=0.029 nrs=0.029
| + sa=0 sb=0 sd=0 mult=1 m=1
| XM_TCP1 TC_D1 TC_D1 VIN VIN sky130_fd_pr__pfet_g5v0d10v5 L=2 W=10 nf=2 ad=1.45 as=2.9 pd=10.58 ps=21.16 nrd=0.029 nrs=0.029 sa=0
| + sb=0 sd=0 mult=1 m=1
| XM_TCP2 TS_CMP TC_D1 VIN VIN sky130_fd_pr__pfet_g5v0d10v5 L=2 W=10 nf=2 ad=1.45 as=2.9 pd=10.58 ps=21.16 nrd=0.029 nrs=0.029 sa=0
| + sb=0 sd=0 mult=1 m=1
| XM_TSHUT EA_OUT TS_CMP VIN VIN sky130_fd_pr__pfet_g5v0d10v5 L=0.5 W=20 nf=4 ad=2.9 as=4.35 pd=21.16 ps=31.74 nrd=0.0145 nrs=0.0145
| + sa=0 sb=0 sd=0 mult=1 m=1
| XM_TSHYSB TS_HYS BIASP VIN VIN sky130_fd_pr__pfet_g5v0d10v5 L=2 W=4.5 nf=1 ad=1.305 as=1.305 pd=9.58 ps=9.58
| + nrd=0.0644444444444444 nrs=0.0644444444444444 sa=0 sb=0 sd=0 mult=1 m=1
| XM_TSHYS TS_REF TS_CMP TS_HYS VIN sky130_fd_pr__pfet_g5v0d10v5 L=0.5 W=2 nf=1 ad=0.58 as=0.58 pd=4.58 ps=4.58 nrd=0.145 nrs=0.145
| + sa=0 sb=0 sd=0 mult=1 m=1
| XM_ENP4 TS_CMP EN VIN VIN sky130_fd_pr__pfet_g5v0d10v5 L=0.5 W=2 nf=1 ad=0.58 as=0.58 pd=4.58 ps=4.58 nrd=0.145 nrs=0.145 sa=0
| + sb=0 sd=0 mult=1 m=1
| C_TS VIN TS_CMP 1p m=1
| .ends
| 
| .control
| save all
| dc VVIN 3.63 1.5 -0.02
| meas dc dropout_vin_x find v(vin) when v(vout)=1.764 fall=1
| let meas_dropout_v = dropout_vin_x - 1.764
| let meas_vout_at_max_vin_v = v(vout)[0]
| print meas_dropout_v
| print meas_vout_at_max_vin_v
| quit
| .endc
| .end

# ==== ngspice stdout ====

Note: Compatibility modes selected: hs a


Circuit: * dropout-vs-load corner deck -- generated by sim/bin/corner-run.py, do not edit

option SCALE: Scale is set to 1e-06 for instance and model parameters
option SCALE: Scale is set to 1e-06 for instance and model parameters
option SCALE: Scale is set to 1e-06 for instance and model parameters
option SCALE: Scale is set to 1e-06 for instance and model parameters
Doing analysis at TEMP = 125.000000 and TNOM = 27.000000

Using KLU as Direct Linear Solver
 Reference value :  3.63000e+00
 Reference value :  3.61000e+00
 Reference value :  3.59000e+00
 Reference value :  3.57000e+00
 Reference value :  3.55000e+00
 Reference value :  3.53000e+00
 Reference value :  3.51000e+00
 Reference value :  3.49000e+00
 Reference value :  3.47000e+00
 Reference value :  3.45000e+00
 Reference value :  3.41000e+00
 Reference value :  3.39000e+00
 Reference value :  3.37000e+00
 Reference value :  3.35000e+00
 Reference value :  3.33000e+00
 Reference value :  3.31000e+00
 Reference value :  3.29000e+00
 Reference value :  3.27000e+00
 Reference value :  3.25000e+00
 Reference value :  3.23000e+00
 Reference value :  3.19000e+00
 Reference value :  3.17000e+00
 Reference value :  3.15000e+00
 Reference value :  3.13000e+00
 Reference value :  3.09000e+00
 Reference value :  3.07000e+00
 Reference value :  3.05000e+00
 Reference value :  3.03000e+00
 Reference value :  3.01000e+00
 Reference value :  2.99000e+00
 Reference value :  2.97000e+00
 Reference value :  2.95000e+00
 Reference value :  2.93000e+00
 Reference value :  2.89000e+00
 Reference value :  2.87000e+00
 Reference value :  2.85000e+00
 Reference value :  2.83000e+00
 Reference value :  2.81000e+00
 Reference value :  2.77000e+00
 Reference value :  2.75000e+00
 Reference value :  2.73000e+00
 Reference value :  2.71000e+00
 Reference value :  2.67000e+00
 Reference value :  2.63000e+00
 Reference value :  2.61000e+00
 Reference value :  2.59000e+00
 Reference value :  2.55000e+00
 Reference value :  2.53000e+00
 Reference value :  2.51000e+00
 Reference value :  2.49000e+00
 Reference value :  2.47000e+00
 Reference value :  2.45000e+00
 Reference value :  2.43000e+00
 Reference value :  2.41000e+00
 Reference value :  2.39000e+00
 Reference value :  2.35000e+00
 Reference value :  2.33000e+00
 Reference value :  2.29000e+00
 Reference value :  2.27000e+00
 Reference value :  2.25000e+00
 Reference value :  2.23000e+00
 Reference value :  2.21000e+00
 Reference value :  2.17000e+00
 Reference value :  2.15000e+00
 Reference value :  2.11000e+00
 Reference value :  2.09000e+00
 Reference value :  2.05000e+00
 Reference value :  2.03000e+00
 Reference value :  2.01000e+00
 Reference value :  1.99000e+00
 Reference value :  1.97000e+00
 Reference value :  1.93000e+00
 Reference value :  1.91000e+00
 Reference value :  1.89000e+00
 Reference value :  1.85000e+00
 Reference value :  1.79000e+00
 Reference value :  1.77000e+00
 Reference value :  1.75000e+00
 Reference value :  1.71000e+00
 Reference value :  1.69000e+00
 Reference value :  1.67000e+00
 Reference value :  1.59000e+00
 Reference value :  1.55000e+00
 Reference value :  1.53000e+00
No. of Data Rows : 107
dropout_vin_x       =  3.34971e+00
meas_dropout_v = 1.585712e+00
meas_vout_at_max_vin_v = 1.786271e+00
ngspice-46 done

# ==== ngspice stderr ====

Error: -1.47308e+155, 2 out of range for ^
    in line b.xldo.xr_fb_a.brbody

Note: Starting dynamic gmin stepping
Warning: singular matrix:  check node xldo.amp_enn

Warning: Dynamic gmin stepping failed
Note: Starting true gmin stepping
Note: True gmin stepping completed
Warning: singular matrix:  check node xldo.ea_cz

Note: Starting dynamic gmin stepping
Note: Dynamic gmin stepping completed
Warning: singular matrix:  check node xldo.amp_enn

Note: Starting dynamic gmin stepping
Warning: singular matrix:  check node xldo.amp_enn

Warning: Dynamic gmin stepping failed
Note: Starting true gmin stepping
Note: True gmin stepping completed
Warning: singular matrix:  check node xldo.amp_enn

Note: Starting dynamic gmin stepping
Warning: singular matrix:  check node xldo.n_fbb

Warning: Dynamic gmin stepping failed
Note: Starting true gmin stepping
Note: True gmin stepping completed
Note: Starting dynamic gmin stepping
Warning: Dynamic gmin stepping failed
Note: Starting true gmin stepping
Note: True gmin stepping completed
Note: Starting dynamic gmin stepping
Note: Dynamic gmin stepping completed

Error: 3.1298e+228, 2 out of range for ^
    in line b.xldo.xr_fb_b.brbody

Note: Starting dynamic gmin stepping
Warning: Dynamic gmin stepping failed
Note: Starting true gmin stepping
Note: True gmin stepping completed
Note: Starting dynamic gmin stepping

Error: 1.52572e+217, 2 out of range for ^
    in line b.xldo.xr_cz.brbody

Warning: Dynamic gmin stepping failed
Note: Starting true gmin stepping
Warning: True gmin stepping failed
Note: Starting source stepping
Note: Source stepping completed
Note: Starting dynamic gmin stepping
Warning: Dynamic gmin stepping failed
Note: Starting true gmin stepping
Note: True gmin stepping completed

Error: 3.95638e+167, 2 out of range for ^
    in line b.xldo.xr_cz.brbody

Note: Starting dynamic gmin stepping
Warning: Dynamic gmin stepping failed
Note: Starting true gmin stepping

Error: 8.22051e+177, 2 out of range for ^
    in line b.xldo.xr_cz.brbody

Warning: True gmin stepping failed
Note: Starting source stepping
Note: Source stepping completed
Note: Starting dynamic gmin stepping

Error: 1.76044e+154, 2 out of range for ^
    in line b.xldo.xr_fb_b.brbody

Warning: Dynamic gmin stepping failed
Note: Starting true gmin stepping
Note: True gmin stepping completed

Error: 1.29455e+264, 2 out of range for ^
    in line b.xldo.xr_cz.brbody

Note: Starting dynamic gmin stepping

Error: -2.38842e+157, 2 out of range for ^
    in line b.xldo.xr_fb_b.brbody

Warning: Dynamic gmin stepping failed
Note: Starting true gmin stepping
Note: True gmin stepping completed
Note: Starting dynamic gmin stepping
Warning: Dynamic gmin stepping failed
Note: Starting true gmin stepping
Note: True gmin stepping completed
Note: Starting dynamic gmin stepping
Warning: Dynamic gmin stepping failed
Note: Starting true gmin stepping
Warning: True gmin stepping failed
Note: Starting source stepping
Note: Source stepping completed
Note: Starting dynamic gmin stepping
Warning: Dynamic gmin stepping failed
Note: Starting true gmin stepping
Warning: True gmin stepping failed
Note: Starting source stepping

Error: 1.38712e+167, 2 out of range for ^
    in line b.xldo.xr_fb_c.brbody


Error: 6.29066e+181, 2 out of range for ^
    in line b.xldo.xr_fb_b.brbody

Warning: source stepping failed
Note: Transient op started
Note: Transient op finished successfully
Note: Starting dynamic gmin stepping

Error: 3.83892e+219, 2 out of range for ^
    in line b.xldo.xr_cz.brbody

Warning: Dynamic gmin stepping failed
Note: Starting true gmin stepping
Note: True gmin stepping completed
Note: Starting dynamic gmin stepping
Note: Dynamic gmin stepping completed

Error: -3.74324e+156, 2 out of range for ^
    in line b.xldo.xr_fb_b.brbody

Note: Starting dynamic gmin stepping
Note: Dynamic gmin stepping completed
Note: Starting dynamic gmin stepping
Warning: Dynamic gmin stepping failed
Note: Starting true gmin stepping
Note: True gmin stepping completed
Note: Starting dynamic gmin stepping
Warning: Dynamic gmin stepping failed
Note: Starting true gmin stepping

Error: -3.29417e+156, 2 out of range for ^
    in line b.xldo.xr_cz.brbody

Warning: True gmin stepping failed
Note: Starting source stepping

Error: 1.89204e+305, 2 out of range for ^
    in line b.xldo.xr_cz.brbody

Note: Source stepping completed
Note: Starting dynamic gmin stepping
Warning: Dynamic gmin stepping failed
Note: Starting true gmin stepping
Note: True gmin stepping completed
Note: Starting dynamic gmin stepping
Warning: Dynamic gmin stepping failed
Note: Starting true gmin stepping
Note: True gmin stepping completed
Note: Starting dynamic gmin stepping
Warning: Dynamic gmin stepping failed
Note: Starting true gmin stepping
Note: True gmin stepping completed

Error: 1.94455e+167, 2 out of range for ^
    in line b.xldo.xr_fb_b.brbody

Note: Starting dynamic gmin stepping

Error: -6.42652e+157, 2 out of range for ^
    in line b.xldo.xr_fb_b.brbody

Warning: Dynamic gmin stepping failed
Note: Starting true gmin stepping
Warning: True gmin stepping failed
Note: Starting source stepping
Warning: source stepping failed
Note: Transient op started
Note: Transient op finished successfully
Note: Starting dynamic gmin stepping
Warning: Dynamic gmin stepping failed
Note: Starting true gmin stepping
Note: True gmin stepping completed
Note: Starting dynamic gmin stepping
Warning: Dynamic gmin stepping failed
Note: Starting true gmin stepping
Note: True gmin stepping completed
Note: Starting dynamic gmin stepping
Warning: Dynamic gmin stepping failed
Note: Starting true gmin stepping

Error: -1.88735e+154, 2 out of range for ^
    in line b.xldo.xr_cz.brbody

Note: True gmin stepping completed
Note: Starting dynamic gmin stepping
Note: Dynamic gmin stepping completed

Error: 6.99856e+288, 2 out of range for ^
    in line b.xldo.xr_cz.brbody

Note: Starting dynamic gmin stepping

Error: 1.36261e+183, 2 out of range for ^
    in line b.xldo.xr_cz.brbody

Warning: Dynamic gmin stepping failed
Note: Starting true gmin stepping
Note: True gmin stepping completed

Error: -5.22152e+158, 2 out of range for ^
    in line b.xldo.xr_fb_b.brbody

Note: Starting dynamic gmin stepping

Error: 1.09192e+156, 2 out of range for ^
    in line b.xldo.xr_fb_b.brbody

Warning: Dynamic gmin stepping failed
Note: Starting true gmin stepping
Note: True gmin stepping completed
Note: Starting dynamic gmin stepping

Error: 1.03803e+155, 2 out of range for ^
    in line b.xldo.xr_fb_b.brbody

Warning: Dynamic gmin stepping failed
Note: Starting true gmin stepping
Note: True gmin stepping completed
Note: Starting dynamic gmin stepping
Warning: Dynamic gmin stepping failed
Note: Starting true gmin stepping
Note: True gmin stepping completed

Error: 4.89331e+162, 2 out of range for ^
    in line b.xldo.xr_cz.brbody

Note: Starting dynamic gmin stepping
Warning: Dynamic gmin stepping failed
Note: Starting true gmin stepping
Note: True gmin stepping completed
Note: Starting dynamic gmin stepping

Error: 6.74034e+182, 2 out of range for ^
    in line b.xldo.xr_fb_b.brbody

Warning: Dynamic gmin stepping failed
Note: Starting true gmin stepping
Note: True gmin stepping completed

Error: 7.76312e+190, 2 out of range for ^
    in line b.xldo.xr_fb_b.brbody

Note: Starting dynamic gmin stepping
Warning: Dynamic gmin stepping failed
Note: Starting true gmin stepping
Note: True gmin stepping completed
Note: Starting dynamic gmin stepping
Warning: Dynamic gmin stepping failed
Note: Starting true gmin stepping
Note: True gmin stepping completed
Note: Starting dynamic gmin stepping
Warning: Dynamic gmin stepping failed
Note: Starting true gmin stepping
Note: True gmin stepping completed
Note: Starting dynamic gmin stepping
Warning: Dynamic gmin stepping failed
Note: Starting true gmin stepping
Note: True gmin stepping completed
Note: Starting dynamic gmin stepping

Error: 4.20091e+218, 2 out of range for ^
    in line b.xldo.xr_cz.brbody

Warning: Dynamic gmin stepping failed
Note: Starting true gmin stepping
Note: True gmin stepping completed

Error: 3.48357e+209, 2 out of range for ^
    in line b.xldo.xr_fb_b.brbody

Note: Starting dynamic gmin stepping
Warning: Dynamic gmin stepping failed
Note: Starting true gmin stepping
Note: True gmin stepping completed

Error: 1.24879e+204, 2 out of range for ^
    in line b.xldo.xr_fb_b.brbody

Note: Starting dynamic gmin stepping

Error: 3.31046e+181, 2 out of range for ^
    in line b.xldo.xr_fb_b.brbody

Warning: Dynamic gmin stepping failed
Note: Starting true gmin stepping
Note: True gmin stepping completed
Note: Starting dynamic gmin stepping
Warning: Dynamic gmin stepping failed
Note: Starting true gmin stepping
Note: True gmin stepping completed

Error: 6.99475e+228, 2 out of range for ^
    in line b.xldo.xr_cz.brbody

Note: Starting dynamic gmin stepping
Warning: Dynamic gmin stepping failed
Note: Starting true gmin stepping
Note: True gmin stepping completed

Error: 1.62955e+232, 2 out of range for ^
    in line b.xldo.xr_cz.brbody

Note: Starting dynamic gmin stepping

Error: -9.87342e+154, 2 out of range for ^
    in line b.xldo.xr_fb_b.brbody

Warning: Dynamic gmin stepping failed
Note: Starting true gmin stepping
Note: True gmin stepping completed

Error: -4.13277e+158, 2 out of range for ^
    in line b.xldo.xr_fb_b.brbody

Note: Starting dynamic gmin stepping
Note: Dynamic gmin stepping completed
Note: Starting dynamic gmin stepping
Warning: Dynamic gmin stepping failed
Note: Starting true gmin stepping
Note: True gmin stepping completed
Note: Starting dynamic gmin stepping
Warning: Dynamic gmin stepping failed
Note: Starting true gmin stepping
Note: True gmin stepping completed
Note: Starting dynamic gmin stepping
Warning: Dynamic gmin stepping failed
Note: Starting true gmin stepping
Note: True gmin stepping completed
Note: Starting dynamic gmin stepping

Error: 1.12074e+155, 2 out of range for ^
    in line b.xldo.xr_fb_b.brbody

Warning: Dynamic gmin stepping failed
Note: Starting true gmin stepping
Note: True gmin stepping completed
Note: Starting dynamic gmin stepping
Warning: Dynamic gmin stepping failed
Note: Starting true gmin stepping
Note: True gmin stepping completed
Note: Starting dynamic gmin stepping
Warning: Dynamic gmin stepping failed
Note: Starting true gmin stepping
Note: True gmin stepping completed
Note: Starting dynamic gmin stepping
Warning: Dynamic gmin stepping failed
Note: Starting true gmin stepping
Note: True gmin stepping completed
Note: Starting dynamic gmin stepping
Warning: Dynamic gmin stepping failed
Note: Starting true gmin stepping

Error: 1.78827e+221, 2 out of range for ^
    in line b.xldo.xr_cz.brbody

Note: True gmin stepping completed
Note: Starting dynamic gmin stepping
Warning: Dynamic gmin stepping failed
Note: Starting true gmin stepping
Note: True gmin stepping completed

Error: 1.42481e+216, 2 out of range for ^
    in line b.xldo.xr_fb_b.brbody

Note: Starting dynamic gmin stepping
Warning: Dynamic gmin stepping failed
Note: Starting true gmin stepping

Error: 2.16808e+169, 2 out of range for ^
    in line b.xldo.xr_fb_b.brbody

Note: True gmin stepping completed
Note: Starting dynamic gmin stepping
Note: Dynamic gmin stepping completed
Note: Starting dynamic gmin stepping

Error: 2.78291e+155, 2 out of range for ^
    in line b.xldo.xr_fb_b.brbody

Warning: Dynamic gmin stepping failed
Note: Starting true gmin stepping
Note: True gmin stepping completed
Note: Starting dynamic gmin stepping
Warning: Dynamic gmin stepping failed
Note: Starting true gmin stepping
Note: True gmin stepping completed

Error: 9.6818e+170, 2 out of range for ^
    in line b.xldo.xr_fb_b.brbody

Note: Starting dynamic gmin stepping

Error: 3.22245e+159, 2 out of range for ^
    in line b.xldo.xr_fb_a.brbody

Warning: Dynamic gmin stepping failed
Note: Starting true gmin stepping
Note: True gmin stepping completed
Note: Starting dynamic gmin stepping
Warning: Dynamic gmin stepping failed
Note: Starting true gmin stepping
Note: True gmin stepping completed

Error: -3.2905e+154, 2 out of range for ^
    in line b.xldo.xr_cz.brbody

Note: Starting dynamic gmin stepping
Warning: Dynamic gmin stepping failed
Note: Starting true gmin stepping
Note: True gmin stepping completed
Note: Starting dynamic gmin stepping

Error: 2.93532e+185, 2 out of range for ^
    in line b.xldo.xr_fb_b.brbody

Warning: Dynamic gmin stepping failed
Note: Starting true gmin stepping

Error: 7.0391e+154, 2 out of range for ^
    in line b.xldo.xr_fb_a.brbody

Note: True gmin stepping completed
Note: Starting dynamic gmin stepping
Warning: Dynamic gmin stepping failed
Note: Starting true gmin stepping
Note: True gmin stepping completed
Note: Starting dynamic gmin stepping
Warning: Dynamic gmin stepping failed
Note: Starting true gmin stepping
Note: True gmin stepping completed
Note: Starting dynamic gmin stepping
Warning: Dynamic gmin stepping failed
Note: Starting true gmin stepping
Note: True gmin stepping completed

Error: 1.94678e+172, 2 out of range for ^
    in line b.xldo.xr_fb_b.brbody

Note: Starting dynamic gmin stepping
Warning: Dynamic gmin stepping failed
Note: Starting true gmin stepping
Note: True gmin stepping completed
Note: Starting dynamic gmin stepping
Warning: Dynamic gmin stepping failed
Note: Starting true gmin stepping
Note: True gmin stepping completed
Note: Starting dynamic gmin stepping
Warning: Dynamic gmin stepping failed
Note: Starting true gmin stepping
Note: True gmin stepping completed
Note: Starting dynamic gmin stepping
Note: Dynamic gmin stepping completed
Note: Starting dynamic gmin stepping
Note: Dynamic gmin stepping completed

Error: -2.10269e+158, 2 out of range for ^
    in line b.xldo.xr_fb_a.brbody

Note: Starting dynamic gmin stepping
Warning: Dynamic gmin stepping failed
Note: Starting true gmin stepping
Note: True gmin stepping completed
Note: Starting dynamic gmin stepping
Warning: Dynamic gmin stepping failed
Note: Starting true gmin stepping
Note: True gmin stepping completed
Note: Starting dynamic gmin stepping

Error: 1.5527e+181, 2 out of range for ^
    in line b.xldo.xr_fb_b.brbody

Warning: Dynamic gmin stepping failed
Note: Starting true gmin stepping
Note: True gmin stepping completed
Note: Starting dynamic gmin stepping

Error: 3.54666e+161, 2 out of range for ^
    in line b.xldo.xr_fb_b.brbody

Warning: Dynamic gmin stepping failed
Note: Starting true gmin stepping
Note: True gmin stepping completed
Note: Starting dynamic gmin stepping
Warning: Dynamic gmin stepping failed
Note: Starting true gmin stepping
Note: True gmin stepping completed
Note: Starting dynamic gmin stepping
Note: Dynamic gmin stepping completed
Note: Starting dynamic gmin stepping

Error: 9.24812e+217, 2 out of range for ^
    in line b.xldo.xr_cz.brbody

Warning: Dynamic gmin stepping failed
Note: Starting true gmin stepping
Note: True gmin stepping completed
Note: Starting dynamic gmin stepping
Warning: Dynamic gmin stepping failed
Note: Starting true gmin stepping
Note: True gmin stepping completed
Note: Starting dynamic gmin stepping

Error: 1.41995e+162, 2 out of range for ^
    in line b.xldo.xr_fb_b.brbody

Warning: Dynamic gmin stepping failed
Note: Starting true gmin stepping
Note: True gmin stepping completed
Note: Starting dynamic gmin stepping
Warning: Dynamic gmin stepping failed
Note: Starting true gmin stepping
Note: True gmin stepping completed
Note: Starting dynamic gmin stepping
Warning: Dynamic gmin stepping failed
Note: Starting true gmin stepping
Note: True gmin stepping completed
Note: Starting dynamic gmin stepping
Note: Dynamic gmin stepping completed

Error: 2.65601e+262, 2 out of range for ^
    in line b.xldo.xr_cz.brbody

Note: Starting dynamic gmin stepping
Warning: Dynamic gmin stepping failed
Note: Starting true gmin stepping
Note: True gmin stepping completed

Error: 2.46666e+258, 2 out of range for ^
    in line b.xldo.xr_fb_b.brbody

Note: Starting dynamic gmin stepping
Warning: Dynamic gmin stepping failed
Note: Starting true gmin stepping
Note: True gmin stepping completed
Note: Starting dynamic gmin stepping
Warning: Dynamic gmin stepping failed
Note: Starting true gmin stepping
Note: True gmin stepping completed
Note: Starting dynamic gmin stepping

Error: 4.21853e+294, 2 out of range for ^
    in line b.xldo.xr_cz.brbody

Warning: Dynamic gmin stepping failed
Note: Starting true gmin stepping
Note: True gmin stepping completed
Note: Starting dynamic gmin stepping
Warning: Dynamic gmin stepping failed
Note: Starting true gmin stepping
Note: True gmin stepping completed
Note: Starting dynamic gmin stepping
Note: Dynamic gmin stepping completed
Note: Starting dynamic gmin stepping
Note: Dynamic gmin stepping completed
Note: Starting dynamic gmin stepping
Warning: Dynamic gmin stepping failed
Note: Starting true gmin stepping
Note: True gmin stepping completed
Note: Starting dynamic gmin stepping
Warning: Dynamic gmin stepping failed
Note: Starting true gmin stepping
Note: True gmin stepping completed
Note: Starting dynamic gmin stepping
Warning: Dynamic gmin stepping failed
Note: Starting true gmin stepping
Note: True gmin stepping completed
Note: Starting dynamic gmin stepping
Note: Dynamic gmin stepping completed
Note: Starting dynamic gmin stepping
Warning: Dynamic gmin stepping failed
Note: Starting true gmin stepping
Note: True gmin stepping completed
Note: Starting dynamic gmin stepping
Warning: Dynamic gmin stepping failed
Note: Starting true gmin stepping
Note: True gmin stepping completed
Note: Starting dynamic gmin stepping
Warning: Dynamic gmin stepping failed
Note: Starting true gmin stepping
Note: True gmin stepping completed
Note: Starting dynamic gmin stepping
Warning: Dynamic gmin stepping failed
Note: Starting true gmin stepping
Note: True gmin stepping completed
Note: Starting dynamic gmin stepping

Error: 1.11021e+170, 2 out of range for ^
    in line b.xldo.xr_cz.brbody

Warning: Dynamic gmin stepping failed
Note: Starting true gmin stepping
Note: True gmin stepping completed
Note: Starting dynamic gmin stepping

Error: 1.65829e+162, 2 out of range for ^
    in line b.xldo.xr_cz.brbody

Warning: Dynamic gmin stepping failed
Note: Starting true gmin stepping
Note: True gmin stepping completed
Note: Starting dynamic gmin stepping

Error: 3.96313e+292, 2 out of range for ^
    in line b.xldo.xr_cz.brbody

Warning: Dynamic gmin stepping failed
Note: Starting true gmin stepping
Note: True gmin stepping completed
