# corner: ff_27c_2.97v
# process=ff temp=27C supply=2.97V
# ngspice exit: 0
# wall clock: 18.2s (--timeout was 600s)
# result: PASS

# ==== deck (exact input given to ngspice) ====
| * current-limit corner deck -- generated by sim/bin/corner-run.py, do not edit
| * corner: ff_27c_2.97v
| .param vsup=2.97
| .option wnflag=1
| .temp 27
| .lib "/home/ubuntu/.volare/sky130A/libs.tech/combined/sky130.lib.spice" ff
| ** sch_path: sim/current-limit/testbench/tb_current_limit.sch
| **.subckt tb_current_limit
| VVIN VIN 0 'vsup'
| .save i(vvin)
| VEN EN 0 dc 'vsup' pwl(0 0 100u 0 101u 'vsup' 10 'vsup')
| .save i(ven)
| VVREF VREF 0 1.2
| .save i(vvref)
| xldo VOUT VREF EN VIN ldo_3v3in_1v8out
| COUT VOUT VESR 1u m=1
| RESR VESR 0 10m m=1
| RLOAD VOUT 0 36 m=1
| RFORCE VOUT VF 1e12 m=1
| VFORCE VF 0 dc 1.8 pwl(0 1.8 1m 1.8 1.001m 0 10 0)
| .save i(vforce)
| **.ends
| 
| * expanding   symbol:  design/ldo_3v3in_1v8out.sym # of pins=4
| ** sym_path: design/ldo_3v3in_1v8out.sym
| ** sch_path: design/ldo_3v3in_1v8out.sch
| .subckt ldo_3v3in_1v8out VOUT VREF EN VIN
| *.ipin VIN
| *.ipin EN
| *.ipin VREF
| *.opin VOUT
| XR_BIAS VIN NB 0 sky130_fd_pr__res_high_po W=0.42 L=1500 mult=1 m=1
| XM_BIASN1 NB NB BIAS_ENN 0 sky130_fd_pr__nfet_g5v0d10v5 L=1 W=4 nf=1 ad=1.16 as=1.16 pd=8.58 ps=8.58 nrd=0.0725 nrs=0.0725 sa=0
| + sb=0 sd=0 mult=1 m=1
| XM_ENN BIAS_ENN EN 0 0 sky130_fd_pr__nfet_g5v0d10v5 L=0.5 W=10 nf=1 ad=2.9 as=2.9 pd=20.58 ps=20.58 nrd=0.029 nrs=0.029 sa=0 sb=0
| + sd=0 mult=1 m=1
| XM_BIASN2 BIASP NB BIAS_ENN 0 sky130_fd_pr__nfet_g5v0d10v5 L=1 W=4 nf=1 ad=1.16 as=1.16 pd=8.58 ps=8.58 nrd=0.0725 nrs=0.0725 sa=0
| + sb=0 sd=0 mult=1 m=1
| XM_BIASP1 BIASP BIASP VIN VIN sky130_fd_pr__pfet_g5v0d10v5 L=1 W=10 nf=2 ad=1.45 as=2.9 pd=10.58 ps=21.16 nrd=0.029 nrs=0.029 sa=0
| + sb=0 sd=0 mult=1 m=1
| XM_ENP2 BIASP EN VIN VIN sky130_fd_pr__pfet_g5v0d10v5 L=0.5 W=10 nf=1 ad=2.9 as=2.9 pd=20.58 ps=20.58 nrd=0.029 nrs=0.029 sa=0
| + sb=0 sd=0 mult=1 m=1
| XM_TAIL EA_TAIL BIASP VIN VIN sky130_fd_pr__pfet_g5v0d10v5 L=2 W=40 nf=8 ad=5.8 as=7.25 pd=42.32 ps=52.9 nrd=0.00725 nrs=0.00725
| + sa=0 sb=0 sd=0 mult=1 m=1
| XM_IN1 EA_D1 FB EA_TAIL VIN sky130_fd_pr__pfet_g5v0d10v5 L=2 W=10 nf=2 ad=1.45 as=2.9 pd=10.58 ps=21.16 nrd=0.029 nrs=0.029 sa=0
| + sb=0 sd=0 mult=1 m=1
| XM_IN2 EA_D2 VREF EA_TAIL VIN sky130_fd_pr__pfet_g5v0d10v5 L=2 W=10 nf=2 ad=1.45 as=2.9 pd=10.58 ps=21.16 nrd=0.029 nrs=0.029 sa=0
| + sb=0 sd=0 mult=1 m=1
| XM_MIR1 EA_D1 EA_D1 AMP_ENN 0 sky130_fd_pr__nfet_g5v0d10v5 L=4 W=10 nf=2 ad=1.45 as=2.9 pd=10.58 ps=21.16 nrd=0.029 nrs=0.029 sa=0
| + sb=0 sd=0 mult=1 m=1
| XM_MIR2 EA_OUT EA_D1 AMP_ENN 0 sky130_fd_pr__nfet_g5v0d10v5 L=4 W=10 nf=2 ad=1.45 as=2.9 pd=10.58 ps=21.16 nrd=0.029 nrs=0.029
| + sa=0 sb=0 sd=0 mult=1 m=1
| XM_ENN2 AMP_ENN EN 0 0 sky130_fd_pr__nfet_g5v0d10v5 L=0.5 W=10 nf=1 ad=2.9 as=2.9 pd=20.58 ps=20.58 nrd=0.029 nrs=0.029 sa=0 sb=0
| + sd=0 mult=1 m=1
| XM_ENP EA_OUT EN VIN VIN sky130_fd_pr__pfet_g5v0d10v5 L=0.5 W=10 nf=1 ad=2.9 as=2.9 pd=20.58 ps=20.58 nrd=0.029 nrs=0.029 sa=0
| + sb=0 sd=0 mult=1 m=1
| XM_MIR3 EA_D2 EA_D2 AMP_ENN 0 sky130_fd_pr__nfet_g5v0d10v5 L=4 W=10 nf=2 ad=1.45 as=2.9 pd=10.58 ps=21.16 nrd=0.029 nrs=0.029 sa=0
| + sb=0 sd=0 mult=1 m=1
| XM_MIR4 PB EA_D2 AMP_ENN 0 sky130_fd_pr__nfet_g5v0d10v5 L=4 W=10 nf=2 ad=1.45 as=2.9 pd=10.58 ps=21.16 nrd=0.029 nrs=0.029 sa=0
| + sb=0 sd=0 mult=1 m=1
| XM_MIRP1 PB PB VIN VIN sky130_fd_pr__pfet_g5v0d10v5 L=4 W=20 nf=4 ad=2.9 as=4.35 pd=21.16 ps=31.74 nrd=0.0145 nrs=0.0145 sa=0 sb=0
| + sd=0 mult=1 m=1
| XM_MIRP2 EA_OUT PB VIN VIN sky130_fd_pr__pfet_g5v0d10v5 L=4 W=20 nf=4 ad=2.9 as=4.35 pd=21.16 ps=31.74 nrd=0.0145 nrs=0.0145 sa=0
| + sb=0 sd=0 mult=1 m=1
| XM_ENP5 PB EN VIN VIN sky130_fd_pr__pfet_g5v0d10v5 L=0.5 W=2 nf=1 ad=0.58 as=0.58 pd=4.58 ps=4.58 nrd=0.145 nrs=0.145 sa=0 sb=0
| + sd=0 mult=1 m=1
| XM_PASS VOUT EA_OUT VIN VIN sky130_fd_pr__pfet_g5v0d10v5 L=0.5 W=100 nf=25 ad=15.08 as=15.08 pd=111.54 ps=111.54 nrd=0.0029
| + nrs=0.0029 sa=0 sb=0 sd=0 mult=25 m=25
| C_COMP VOUT EA_CZ 150p m=1
| XR_CZ EA_CZ EA_OUT 0 sky130_fd_pr__res_xhigh_po W=0.42 L=52 mult=1 m=1
| XR_FB_A VOUT FB 0 sky130_fd_pr__res_xhigh_po W=0.42 L=180 mult=1 m=1
| XR_FB_B FB N_FBB 0 sky130_fd_pr__res_xhigh_po W=0.42 L=180 mult=1 m=1
| XR_FB_C N_FBB 0 0 sky130_fd_pr__res_xhigh_po W=0.42 L=180 mult=1 m=1
| XM_SENSE CL_SNS EA_OUT VIN VIN sky130_fd_pr__pfet_g5v0d10v5 L=0.5 W=0.42 nf=1 ad=0.1218 as=0.1218 pd=1.42 ps=1.42
| + nrd=0.69047619047619 nrs=0.69047619047619 sa=0 sb=0 sd=0 mult=1 m=1
| XM_CLN1 CL_SNS CL_SNS AMP_ENN 0 sky130_fd_pr__nfet_g5v0d10v5 L=1 W=20 nf=1 ad=5.8 as=5.8 pd=40.58 ps=40.58 nrd=0.0145 nrs=0.0145
| + sa=0 sb=0 sd=0 mult=1 m=1
| XM_CLN2 CL_CMP CL_SNS AMP_ENN 0 sky130_fd_pr__nfet_g5v0d10v5 L=1 W=1.6 nf=1 ad=0.464 as=0.464 pd=3.78 ps=3.78 nrd=0.18125
| + nrs=0.18125 sa=0 sb=0 sd=0 mult=1 m=1
| XM_CLP CL_CMP BIASP VIN VIN sky130_fd_pr__pfet_g5v0d10v5 L=1 W=10 nf=2 ad=1.45 as=2.9 pd=10.58 ps=21.16 nrd=0.029 nrs=0.029 sa=0
| + sb=0 sd=0 mult=1 m=1
| XM_CLIM EA_OUT CL_CMP VIN VIN sky130_fd_pr__pfet_g5v0d10v5 L=0.5 W=20 nf=4 ad=2.9 as=4.35 pd=21.16 ps=31.74 nrd=0.0145 nrs=0.0145
| + sa=0 sb=0 sd=0 mult=1 m=1
| XM_ENP3 CL_CMP EN VIN VIN sky130_fd_pr__pfet_g5v0d10v5 L=0.5 W=2 nf=1 ad=0.58 as=0.58 pd=4.58 ps=4.58 nrd=0.145 nrs=0.145 sa=0
| + sb=0 sd=0 mult=1 m=1
| C_CL VIN CL_CMP 1p m=1
| XM_INVP ENB EN VIN VIN sky130_fd_pr__pfet_g5v0d10v5 L=0.5 W=2 nf=1 ad=0.58 as=0.58 pd=4.58 ps=4.58 nrd=0.145 nrs=0.145 sa=0 sb=0
| + sd=0 mult=1 m=1
| XM_INVN ENB EN 0 0 sky130_fd_pr__nfet_g5v0d10v5 L=0.5 W=1 nf=1 ad=0.29 as=0.29 pd=2.58 ps=2.58 nrd=0.29 nrs=0.29 sa=0 sb=0 sd=0
| + mult=1 m=1
| XM_SSDIS SS ENB 0 0 sky130_fd_pr__nfet_g5v0d10v5 L=0.5 W=2 nf=1 ad=0.58 as=0.58 pd=4.58 ps=4.58 nrd=0.145 nrs=0.145 sa=0 sb=0 sd=0
| + mult=1 m=1
| XM_SSCHG SS BIASP VIN VIN sky130_fd_pr__pfet_g5v0d10v5 L=8 W=1 nf=1 ad=0.29 as=0.29 pd=2.58 ps=2.58 nrd=0.29 nrs=0.29 sa=0 sb=0
| + sd=0 mult=1 m=1
| C_SS SS 0 10p m=1
| XM_IN2S EA_D2 SS EA_TAIL VIN sky130_fd_pr__pfet_g5v0d10v5 L=2 W=10 nf=2 ad=1.45 as=2.9 pd=10.58 ps=21.16 nrd=0.029 nrs=0.029 sa=0
| + sb=0 sd=0 mult=1 m=1
| XM_TSPS TS_SNS BIASP VIN VIN sky130_fd_pr__pfet_g5v0d10v5 L=1 W=2.5 nf=1 ad=0.725 as=0.725 pd=5.58 ps=5.58 nrd=0.116 nrs=0.116
| + sa=0 sb=0 sd=0 mult=1 m=1
| XM_TSD1 TS_SNS TS_SNS TS_MID 0 sky130_fd_pr__nfet_g5v0d10v5 L=1 W=80 nf=16 ad=11.6 as=13.05 pd=84.64 ps=95.22 nrd=0.003625
| + nrs=0.003625 sa=0 sb=0 sd=0 mult=1 m=1
| XM_TSD2 TS_MID TS_MID AMP_ENN 0 sky130_fd_pr__nfet_g5v0d10v5 L=1 W=80 nf=16 ad=11.6 as=13.05 pd=84.64 ps=95.22 nrd=0.003625
| + nrs=0.003625 sa=0 sb=0 sd=0 mult=1 m=1
| XM_TSPR TS_REF BIASP VIN VIN sky130_fd_pr__pfet_g5v0d10v5 L=1 W=2.5 nf=1 ad=0.725 as=0.725 pd=5.58 ps=5.58 nrd=0.116 nrs=0.116
| + sa=0 sb=0 sd=0 mult=1 m=1
| XM_TSR1 TS_REF TS_REF AMP_ENN 0 sky130_fd_pr__nfet_g5v0d10v5 L=10 W=2 nf=1 ad=0.58 as=0.58 pd=4.58 ps=4.58 nrd=0.145 nrs=0.145
| + sa=0 sb=0 sd=0 mult=1 m=1
| XM_TCTAIL TC_TAIL NB AMP_ENN 0 sky130_fd_pr__nfet_g5v0d10v5 L=1 W=1 nf=1 ad=0.29 as=0.29 pd=2.58 ps=2.58 nrd=0.29 nrs=0.29 sa=0
| + sb=0 sd=0 mult=1 m=1
| XM_TCN1 TC_D1 TS_SNS TC_TAIL 0 sky130_fd_pr__nfet_g5v0d10v5 L=2 W=10 nf=2 ad=1.45 as=2.9 pd=10.58 ps=21.16 nrd=0.029 nrs=0.029
| + sa=0 sb=0 sd=0 mult=1 m=1
| XM_TCN2 TS_CMP TS_REF TC_TAIL 0 sky130_fd_pr__nfet_g5v0d10v5 L=2 W=10 nf=2 ad=1.45 as=2.9 pd=10.58 ps=21.16 nrd=0.029 nrs=0.029
| + sa=0 sb=0 sd=0 mult=1 m=1
| XM_TCP1 TC_D1 TC_D1 VIN VIN sky130_fd_pr__pfet_g5v0d10v5 L=2 W=10 nf=2 ad=1.45 as=2.9 pd=10.58 ps=21.16 nrd=0.029 nrs=0.029 sa=0
| + sb=0 sd=0 mult=1 m=1
| XM_TCP2 TS_CMP TC_D1 VIN VIN sky130_fd_pr__pfet_g5v0d10v5 L=2 W=10 nf=2 ad=1.45 as=2.9 pd=10.58 ps=21.16 nrd=0.029 nrs=0.029 sa=0
| + sb=0 sd=0 mult=1 m=1
| XM_TSHUT EA_OUT TS_CMP VIN VIN sky130_fd_pr__pfet_g5v0d10v5 L=0.5 W=20 nf=4 ad=2.9 as=4.35 pd=21.16 ps=31.74 nrd=0.0145 nrs=0.0145
| + sa=0 sb=0 sd=0 mult=1 m=1
| XM_TSHYSB TS_HYS BIASP VIN VIN sky130_fd_pr__pfet_g5v0d10v5 L=2 W=1.5 nf=1 ad=0.435 as=0.435 pd=3.58 ps=3.58 nrd=0.193333333333333
| + nrs=0.193333333333333 sa=0 sb=0 sd=0 mult=1 m=1
| XM_TSHYS TS_REF TS_CMP TS_HYS VIN sky130_fd_pr__pfet_g5v0d10v5 L=0.5 W=2 nf=1 ad=0.58 as=0.58 pd=4.58 ps=4.58 nrd=0.145 nrs=0.145
| + sa=0 sb=0 sd=0 mult=1 m=1
| XM_ENP4 TS_CMP EN VIN VIN sky130_fd_pr__pfet_g5v0d10v5 L=0.5 W=2 nf=1 ad=0.58 as=0.58 pd=4.58 ps=4.58 nrd=0.145 nrs=0.145 sa=0
| + sb=0 sd=0 mult=1 m=1
| C_TS VIN TS_CMP 1p m=1
| .ends
| 
| .control
| save all
| * --- leg 1: 50 mA operating point (RFORCE open) -- the clamp must be OFF ---
| op
| * --- leg 2: DC limit characteristic, VOUT forced from 0 V up to 1.75 V ---
| alter rload = 1e12
| alter rforce = 1m
| dc vforce 0 1.75 0.125
| meas dc ilim_short find i(vforce) at=0
| meas dc ilim_knee find i(vforce) at=1.75
| * --- leg 3: cold EN ramp (t=100-101us), Vout=0 short applied at t=1.0ms (after soft-start settles) and HELD to t=3.0ms ---
| alter rload = 36
| tran 500n 3.0m
| meas tran ipre avg i(vvin) from=0.9m to=1.0m
| meas tran ish_avg avg i(vvin) from=2.0m to=3.0m
| meas tran ish_max max i(vvin) from=1.1m to=3.0m
| meas tran ish_min min i(vvin) from=1.1m to=3.0m
| meas tran vsh_max max v(vout) from=1.1m to=3.0m
| let meas_vout_50ma_v = op1.v(vout)
| let meas_cl_margin_50ma_v = op1.v(vin) - op1.v(xldo.cl_cmp)
| let meas_ilim_short_ma = 1000*dc1.ilim_short
| let meas_ilim_knee_ma = 1000*dc1.ilim_knee
| let meas_ilim_droop_pct = 100*(dc1.ilim_knee - dc1.ilim_short)/dc1.ilim_knee
| let meas_ishort_sustained_ma = -1000*tran1.ish_avg
| let meas_ishort_ripple_pct = 100*(tran1.ish_max - tran1.ish_min)/(-tran1.ish_avg)
| let meas_vout_short_mv = 1000*tran1.vsh_max
| let meas_isup_pre_short_ma = -1000*tran1.ipre
| print meas_vout_50ma_v
| print meas_cl_margin_50ma_v
| print meas_ilim_short_ma
| print meas_ilim_knee_ma
| print meas_ilim_droop_pct
| print meas_ishort_sustained_ma
| print meas_ishort_ripple_pct
| print meas_vout_short_mv
| print meas_isup_pre_short_ma
| quit
| .endc
| .end

# ==== ngspice stdout ====

Note: Compatibility modes selected: hs a


Circuit: * current-limit corner deck -- generated by sim/bin/corner-run.py, do not edit

option SCALE: Scale is set to 1e-06 for instance and model parameters
option SCALE: Scale is set to 1e-06 for instance and model parameters
option SCALE: Scale is set to 1e-06 for instance and model parameters
option SCALE: Scale is set to 1e-06 for instance and model parameters
Doing analysis at TEMP = 27.000000 and TNOM = 27.000000

Using KLU as Direct Linear Solver
 Reference value :  0.00000e+00
No. of Data Rows : 1
Doing analysis at TEMP = 27.000000 and TNOM = 27.000000

Using KLU as Direct Linear Solver
 Reference value :  1.25000e-01
 Reference value :  2.50000e-01
 Reference value :  5.00000e-01
 Reference value :  6.25000e-01
 Reference value :  8.75000e-01
 Reference value :  1.12500e+00
 Reference value :  1.37500e+00
No. of Data Rows : 15
ilim_short          =  1.13130e-01
ilim_knee           =  8.99809e-02
Doing analysis at TEMP = 27.000000 and TNOM = 27.000000

Using KLU as Direct Linear Solver
 Reference value :  0.00000e+00
 Reference value :  2.81400e-05
 Reference value :  9.41400e-05
 Reference value :  1.00298e-04
 Reference value :  1.56494e-04
 Reference value :  1.71494e-04
 Reference value :  1.73494e-04
 Reference value :  1.75494e-04
 Reference value :  1.77994e-04
 Reference value :  1.79994e-04
 Reference value :  1.81494e-04
 Reference value :  1.83494e-04
 Reference value :  1.84994e-04
 Reference value :  1.86994e-04
 Reference value :  2.44494e-04
 Reference value :  3.65494e-04
 Reference value :  4.42494e-04
 Reference value :  5.02994e-04
 Reference value :  5.26494e-04
 Reference value :  5.28494e-04
 Reference value :  5.30494e-04
 Reference value :  5.31994e-04
 Reference value :  5.33994e-04
 Reference value :  5.35994e-04
 Reference value :  5.37994e-04
 Reference value :  5.39994e-04
 Reference value :  5.41994e-04
 Reference value :  5.47494e-04
 Reference value :  6.29494e-04
 Reference value :  6.90494e-04
 Reference value :  7.31994e-04
 Reference value :  7.92994e-04
 Reference value :  7.94994e-04
 Reference value :  8.37494e-04
 Reference value :  9.52994e-04
 Reference value :  1.01520e-03
 Reference value :  1.06720e-03
 Reference value :  1.10970e-03
 Reference value :  1.21970e-03
 Reference value :  1.23020e-03
 Reference value :  1.23220e-03
 Reference value :  1.25620e-03
 Reference value :  1.36720e-03
 Reference value :  1.48670e-03
 Reference value :  1.52870e-03
 Reference value :  1.56270e-03
 Reference value :  1.58770e-03
 Reference value :  1.59170e-03
 Reference value :  1.59370e-03
 Reference value :  1.59570e-03
 Reference value :  1.59720e-03
 Reference value :  1.59920e-03
 Reference value :  1.60070e-03
 Reference value :  1.60220e-03
 Reference value :  1.60420e-03
 Reference value :  1.62820e-03
 Reference value :  1.64020e-03
 Reference value :  1.64970e-03
 Reference value :  1.69570e-03
 Reference value :  1.80920e-03
 Reference value :  1.92720e-03
 Reference value :  2.00770e-03
 Reference value :  2.01020e-03
 Reference value :  2.01170e-03
 Reference value :  2.01320e-03
 Reference value :  2.01520e-03
 Reference value :  2.01720e-03
 Reference value :  2.01920e-03
 Reference value :  2.02120e-03
 Reference value :  2.02320e-03
 Reference value :  2.04120e-03
 Reference value :  2.09170e-03
 Reference value :  2.19520e-03
 Reference value :  2.30370e-03
 Reference value :  2.35170e-03
 Reference value :  2.35420e-03
 Reference value :  2.35620e-03
 Reference value :  2.35820e-03
 Reference value :  2.36020e-03
 Reference value :  2.36220e-03
 Reference value :  2.37020e-03
 Reference value :  2.37220e-03
 Reference value :  2.37420e-03
 Reference value :  2.38020e-03
 Reference value :  2.42020e-03
 Reference value :  2.43520e-03
 Reference value :  2.52670e-03
 Reference value :  2.56970e-03
 Reference value :  2.59370e-03
 Reference value :  2.71270e-03
 Reference value :  2.77620e-03
 Reference value :  2.77820e-03
 Reference value :  2.78020e-03
 Reference value :  2.78220e-03
 Reference value :  2.78420e-03
 Reference value :  2.78620e-03
 Reference value :  2.78820e-03
 Reference value :  2.79020e-03
 Reference value :  2.80170e-03
 Reference value :  2.82420e-03
 Reference value :  2.92370e-03
No. of Data Rows : 6062
ipre                =  -1.06655e-05 from=  9.00000e-04 to=  1.00005e-03
ish_avg             =  -1.13164e-01 from=  2.00000e-03 to=  3.00000e-03
ish_max             =  -1.13164e-01 at=  1.57870e-03
ish_min             =  -1.13197e-01 at=  1.10020e-03
vsh_max             =  1.13160e-04 at=  1.10020e-03
meas_vout_50ma_v = 1.797945e+00
meas_cl_margin_50ma_v = 5.936165e-02
meas_ilim_short_ma = 1.131303e+02
meas_ilim_knee_ma = 8.998090e+01
meas_ilim_droop_pct = -2.57270e+01
meas_ishort_sustained_ma = 1.131640e+02
meas_ishort_ripple_pct = 2.951469e-02
meas_vout_short_mv = 1.131602e-01
meas_isup_pre_short_ma = 1.066553e-02
ngspice-46 done

# ==== ngspice stderr ====
Note: ven: dc value used for op instead of transient time=0 value.
Note: Starting dynamic gmin stepping
Note: Dynamic gmin stepping completed
Note: ven: dc value used for op instead of transient time=0 value.
Note: Starting dynamic gmin stepping
Note: Dynamic gmin stepping completed
Note: Starting dynamic gmin stepping
Note: Dynamic gmin stepping completed
Note: Starting dynamic gmin stepping
Note: Dynamic gmin stepping completed
Note: Starting dynamic gmin stepping
Note: Dynamic gmin stepping completed
Note: Starting dynamic gmin stepping
Note: Dynamic gmin stepping completed
Note: Starting dynamic gmin stepping
Note: Dynamic gmin stepping completed
Note: Starting dynamic gmin stepping
Note: Dynamic gmin stepping completed
Note: Starting dynamic gmin stepping
Note: Dynamic gmin stepping completed
Note: Starting dynamic gmin stepping
Note: Dynamic gmin stepping completed
Note: Starting dynamic gmin stepping
Note: Dynamic gmin stepping completed
Note: Starting dynamic gmin stepping
Note: Dynamic gmin stepping completed
Note: ven: dc value used for op instead of transient time=0 value.
Note: Starting dynamic gmin stepping
Warning: Dynamic gmin stepping failed
Note: Starting true gmin stepping
Note: True gmin stepping completed
